###############################################################
#  Generated by:      Cadence Innovus 23.14-s088_1
#  OS:                Linux x86_64(Host ID <CADENCE_HOST>)
#  Generated on:      Thu Aug 20 12:54:15 2026
#  Design:            aer_pending_gray_epoch
#  Command:           report_timing -max_paths 50 > reports/p7ge_pnr/postroute_hold_timing.rpt
###############################################################
Path 1: MET Hold Check with Pin reset_release_q_reg[1]/CK 
Endpoint:   reset_release_q_reg[1]/D (v) checked with  leading edge of 'clk'
Beginpoint: reset_release_q_reg[0]/Q (v) triggered by  leading edge of 'clk'
Path Groups: {clk}
Analysis View: hold_view
Other End Arrival Time          0.086
+ Hold                          0.012
+ Phase Shift                   0.000
+ Uncertainty                   0.200
= Required Time                 0.297
  Arrival Time                  0.303
  Slack Time                    0.006
     Clock Rise Edge                 0.000
     + Clock Network Latency (Prop)  -0.005
     = Beginpoint Arrival Time       -0.005
     +----------------------------------------------------------------------------------+ 
     |          Instance          |     Arc     |   Cell   | Delay | Arrival | Required | 
     |                            |             |          |       |  Time   |   Time   | 
     |----------------------------+-------------+----------+-------+---------+----------| 
     | reset_release_q_reg[0]     | CK ^        |          |       |  -0.005 |   -0.011 | 
     | reset_release_q_reg[0]     | CK ^ -> Q v | DFFRHQX1 | 0.143 |   0.138 |    0.132 | 
     | FE_PHC1_reset_release_q_0  | A v -> Y v  | CLKBUFXL | 0.101 |   0.239 |    0.232 | 
     | FE_PHC26_reset_release_q_0 | A v -> Y v  | BUFX3    | 0.065 |   0.303 |    0.297 | 
     | reset_release_q_reg[1]     | D v         | DFFRHQXL | 0.000 |   0.303 |    0.297 | 
     +----------------------------------------------------------------------------------+ 
Path 2: MET Hold Check with Pin req_sync_q_reg[11]/CK 
Endpoint:   req_sync_q_reg[11]/D (v) checked with  leading edge of 'clk'
Beginpoint: req_meta_q_reg[11]/Q (v) triggered by  leading edge of 'clk'
Path Groups: {clk}
Analysis View: hold_view
Other End Arrival Time          0.091
+ Hold                         -0.028
+ Phase Shift                   0.000
+ Uncertainty                   0.200
= Required Time                 0.263
  Arrival Time                  0.270
  Slack Time                    0.006
     Clock Rise Edge                 0.000
     + Clock Network Latency (Prop)  -0.001
     = Beginpoint Arrival Time       -0.001
     +------------------------------------------------------------------------------+ 
     |        Instance        |     Arc     |   Cell   | Delay | Arrival | Required | 
     |                        |             |          |       |  Time   |   Time   | 
     |------------------------+-------------+----------+-------+---------+----------| 
     | req_meta_q_reg[11]     | CK ^        |          |       |  -0.001 |   -0.007 | 
     | req_meta_q_reg[11]     | CK ^ -> Q v | DFFRHQX1 | 0.145 |   0.144 |    0.138 | 
     | FE_PHC11_req_meta_q_11 | A v -> Y v  | BUFX3    | 0.068 |   0.212 |    0.206 | 
     | FE_PHC31_req_meta_q_11 | A v -> Y v  | BUFX3    | 0.057 |   0.270 |    0.263 | 
     | req_sync_q_reg[11]     | D v         | DFFRHQX1 | 0.000 |   0.270 |    0.263 | 
     +------------------------------------------------------------------------------+ 
Path 3: MET Hold Check with Pin req_sync_q_reg[0]/CK 
Endpoint:   req_sync_q_reg[0]/D (v) checked with  leading edge of 'clk'
Beginpoint: req_meta_q_reg[0]/Q (v) triggered by  leading edge of 'clk'
Path Groups: {clk}
Analysis View: hold_view
Other End Arrival Time          0.088
+ Hold                         -0.028
+ Phase Shift                   0.000
+ Uncertainty                   0.200
= Required Time                 0.260
  Arrival Time                  0.267
  Slack Time                    0.007
     Clock Rise Edge                 0.000
     + Clock Network Latency (Prop)  -0.003
     = Beginpoint Arrival Time       -0.003
     +-----------------------------------------------------------------------------+ 
     |       Instance        |     Arc     |   Cell   | Delay | Arrival | Required | 
     |                       |             |          |       |  Time   |   Time   | 
     |-----------------------+-------------+----------+-------+---------+----------| 
     | req_meta_q_reg[0]     | CK ^        |          |       |  -0.003 |   -0.009 | 
     | req_meta_q_reg[0]     | CK ^ -> Q v | DFFRHQX1 | 0.146 |   0.144 |    0.137 | 
     | FE_PHC16_req_meta_q_0 | A v -> Y v  | BUFX3    | 0.067 |   0.211 |    0.204 | 
     | FE_PHC33_req_meta_q_0 | A v -> Y v  | BUFX3    | 0.056 |   0.267 |    0.260 | 
     | req_sync_q_reg[0]     | D v         | DFFRHQX1 | 0.000 |   0.267 |    0.260 | 
     +-----------------------------------------------------------------------------+ 
Path 4: MET Hold Check with Pin req_sync_q_reg[1]/CK 
Endpoint:   req_sync_q_reg[1]/D (v) checked with  leading edge of 'clk'
Beginpoint: req_meta_q_reg[1]/Q (v) triggered by  leading edge of 'clk'
Path Groups: {clk}
Analysis View: hold_view
Other End Arrival Time          0.087
+ Hold                         -0.028
+ Phase Shift                   0.000
+ Uncertainty                   0.200
= Required Time                 0.259
  Arrival Time                  0.267
  Slack Time                    0.008
     Clock Rise Edge                 0.000
     + Clock Network Latency (Prop)  -0.002
     = Beginpoint Arrival Time       -0.002
     +-----------------------------------------------------------------------------+ 
     |       Instance        |     Arc     |   Cell   | Delay | Arrival | Required | 
     |                       |             |          |       |  Time   |   Time   | 
     |-----------------------+-------------+----------+-------+---------+----------| 
     | req_meta_q_reg[1]     | CK ^        |          |       |  -0.002 |   -0.010 | 
     | req_meta_q_reg[1]     | CK ^ -> Q v | DFFRHQX1 | 0.145 |   0.143 |    0.136 | 
     | FE_PHC17_req_meta_q_1 | A v -> Y v  | BUFX3    | 0.067 |   0.211 |    0.203 | 
     | FE_PHC34_req_meta_q_1 | A v -> Y v  | BUFX3    | 0.056 |   0.267 |    0.259 | 
     | req_sync_q_reg[1]     | D v         | DFFRHQX1 | 0.000 |   0.267 |    0.259 | 
     +-----------------------------------------------------------------------------+ 
Path 5: MET Hold Check with Pin pending_q_reg[5]/CK 
Endpoint:   pending_q_reg[5]/D (v) checked with  leading edge of 'clk'
Beginpoint: pending_q_reg[5]/Q (v) triggered by  leading edge of 'clk'
Path Groups: {clk}
Analysis View: hold_view
Other End Arrival Time          0.092
+ Hold                         -0.033
+ Phase Shift                   0.000
+ Uncertainty                   0.200
= Required Time                 0.259
  Arrival Time                  0.271
  Slack Time                    0.012
     Clock Rise Edge                 0.000
     + Clock Network Latency (Prop)  0.002
     = Beginpoint Arrival Time       0.002
     +------------------------------------------------------------------------+ 
     |     Instance     |     Arc     |   Cell   | Delay | Arrival | Required | 
     |                  |             |          |       |  Time   |   Time   | 
     |------------------+-------------+----------+-------+---------+----------| 
     | pending_q_reg[5] | CK ^        |          |       |   0.002 |   -0.010 | 
     | pending_q_reg[5] | CK ^ -> Q v | DFFRHQX1 | 0.152 |   0.154 |    0.142 | 
     | g5588__7098      | B0 v -> Y ^ | AOI21X1  | 0.089 |   0.243 |    0.231 | 
     | g5469__3680      | B0 ^ -> Y v | AOI21XL  | 0.028 |   0.271 |    0.259 | 
     | pending_q_reg[5] | D v         | DFFRHQX1 | 0.000 |   0.271 |    0.259 | 
     +------------------------------------------------------------------------+ 
Path 6: MET Hold Check with Pin pending_q_reg[12]/CK 
Endpoint:   pending_q_reg[12]/D (v) checked with  leading edge of 'clk'
Beginpoint: pending_q_reg[12]/Q (v) triggered by  leading edge of 'clk'
Path Groups: {clk}
Analysis View: hold_view
Other End Arrival Time          0.090
+ Hold                         -0.033
+ Phase Shift                   0.000
+ Uncertainty                   0.200
= Required Time                 0.257
  Arrival Time                  0.271
  Slack Time                    0.014
     Clock Rise Edge                 0.000
     + Clock Network Latency (Prop)  0.001
     = Beginpoint Arrival Time       0.001
     +-------------------------------------------------------------------------+ 
     |     Instance      |     Arc     |   Cell   | Delay | Arrival | Required | 
     |                   |             |          |       |  Time   |   Time   | 
     |-------------------+-------------+----------+-------+---------+----------| 
     | pending_q_reg[12] | CK ^        |          |       |   0.001 |   -0.013 | 
     | pending_q_reg[12] | CK ^ -> Q v | DFFRHQX1 | 0.153 |   0.153 |    0.139 | 
     | g5579__8428       | B0 v -> Y ^ | AOI21X1  | 0.092 |   0.245 |    0.231 | 
     | g5466__5526       | B0 ^ -> Y v | AOI21XL  | 0.026 |   0.271 |    0.257 | 
     | pending_q_reg[12] | D v         | DFFRHQX1 | 0.000 |   0.271 |    0.257 | 
     +-------------------------------------------------------------------------+ 
Path 7: MET Hold Check with Pin pending_q_reg[9]/CK 
Endpoint:   pending_q_reg[9]/D (v) checked with  leading edge of 'clk'
Beginpoint: pending_q_reg[9]/Q (v) triggered by  leading edge of 'clk'
Path Groups: {clk}
Analysis View: hold_view
Other End Arrival Time          0.090
+ Hold                         -0.033
+ Phase Shift                   0.000
+ Uncertainty                   0.200
= Required Time                 0.257
  Arrival Time                  0.272
  Slack Time                    0.015
     Clock Rise Edge                 0.000
     + Clock Network Latency (Prop)  0.001
     = Beginpoint Arrival Time       0.001
     +------------------------------------------------------------------------+ 
     |     Instance     |     Arc     |   Cell   | Delay | Arrival | Required | 
     |                  |             |          |       |  Time   |   Time   | 
     |------------------+-------------+----------+-------+---------+----------| 
     | pending_q_reg[9] | CK ^        |          |       |   0.001 |   -0.014 | 
     | pending_q_reg[9] | CK ^ -> Q v | DFFRHQX1 | 0.154 |   0.155 |    0.140 | 
     | g5582__3680      | B0 v -> Y ^ | AOI21X1  | 0.091 |   0.246 |    0.231 | 
     | g5463__6131      | B0 ^ -> Y v | AOI21XL  | 0.026 |   0.272 |    0.257 | 
     | pending_q_reg[9] | D v         | DFFRHQX1 | 0.000 |   0.272 |    0.257 | 
     +------------------------------------------------------------------------+ 
Path 8: MET Hold Check with Pin pending_q_reg[2]/CK 
Endpoint:   pending_q_reg[2]/D (v) checked with  leading edge of 'clk'
Beginpoint: pending_q_reg[2]/Q (v) triggered by  leading edge of 'clk'
Path Groups: {clk}
Analysis View: hold_view
Other End Arrival Time          0.091
+ Hold                         -0.034
+ Phase Shift                   0.000
+ Uncertainty                   0.200
= Required Time                 0.257
  Arrival Time                  0.273
  Slack Time                    0.016
     Clock Rise Edge                 0.000
     + Clock Network Latency (Prop)  0.002
     = Beginpoint Arrival Time       0.002
     +------------------------------------------------------------------------+ 
     |     Instance     |     Arc     |   Cell   | Delay | Arrival | Required | 
     |                  |             |          |       |  Time   |   Time   | 
     |------------------+-------------+----------+-------+---------+----------| 
     | pending_q_reg[2] | CK ^        |          |       |   0.002 |   -0.015 | 
     | pending_q_reg[2] | CK ^ -> Q v | DFFRHQX1 | 0.154 |   0.155 |    0.139 | 
     | g5590__1881      | B0 v -> Y ^ | AOI21X1  | 0.084 |   0.240 |    0.223 | 
     | g5470__2802      | B0 ^ -> Y v | AOI21XL  | 0.033 |   0.273 |    0.257 | 
     | pending_q_reg[2] | D v         | DFFRHQX1 | 0.000 |   0.273 |    0.257 | 
     +------------------------------------------------------------------------+ 
Path 9: MET Hold Check with Pin pending_q_reg[7]/CK 
Endpoint:   pending_q_reg[7]/D (v) checked with  leading edge of 'clk'
Beginpoint: pending_q_reg[7]/Q (v) triggered by  leading edge of 'clk'
Path Groups: {clk}
Analysis View: hold_view
Other End Arrival Time          0.088
+ Hold                         -0.034
+ Phase Shift                   0.000
+ Uncertainty                   0.200
= Required Time                 0.254
  Arrival Time                  0.274
  Slack Time                    0.020
     Clock Rise Edge                 0.000
     + Clock Network Latency (Prop)  -0.001
     = Beginpoint Arrival Time       -0.001
     +------------------------------------------------------------------------+ 
     |     Instance     |     Arc     |   Cell   | Delay | Arrival | Required | 
     |                  |             |          |       |  Time   |   Time   | 
     |------------------+-------------+----------+-------+---------+----------| 
     | pending_q_reg[7] | CK ^        |          |       |  -0.001 |   -0.022 | 
     | pending_q_reg[7] | CK ^ -> Q v | DFFRHQX1 | 0.152 |   0.151 |    0.131 | 
     | g5585__1705      | B0 v -> Y ^ | AOI21X1  | 0.092 |   0.243 |    0.223 | 
     | g5476__5107      | B0 ^ -> Y v | AOI21XL  | 0.031 |   0.274 |    0.254 | 
     | pending_q_reg[7] | D v         | DFFRHQX1 | 0.000 |   0.274 |    0.254 | 
     +------------------------------------------------------------------------+ 
Path 10: MET Hold Check with Pin pending_q_reg[10]/CK 
Endpoint:   pending_q_reg[10]/D (v) checked with  leading edge of 'clk'
Beginpoint: pending_q_reg[10]/Q (v) triggered by  leading edge of 'clk'
Path Groups: {clk}
Analysis View: hold_view
Other End Arrival Time          0.091
+ Hold                         -0.034
+ Phase Shift                   0.000
+ Uncertainty                   0.200
= Required Time                 0.257
  Arrival Time                  0.281
  Slack Time                    0.024
     Clock Rise Edge                 0.000
     + Clock Network Latency (Prop)  0.002
     = Beginpoint Arrival Time       0.002
     +-------------------------------------------------------------------------+ 
     |     Instance      |     Arc     |   Cell   | Delay | Arrival | Required | 
     |                   |             |          |       |  Time   |   Time   | 
     |-------------------+-------------+----------+-------+---------+----------| 
     | pending_q_reg[10] | CK ^        |          |       |   0.002 |   -0.022 | 
     | pending_q_reg[10] | CK ^ -> Q v | DFFRHQX1 | 0.151 |   0.153 |    0.129 | 
     | g5581__6783       | B0 v -> Y ^ | AOI21X1  | 0.100 |   0.252 |    0.229 | 
     | g5464__2398       | B0 ^ -> Y v | AOI21XL  | 0.028 |   0.281 |    0.257 | 
     | pending_q_reg[10] | D v         | DFFRHQX1 | 0.000 |   0.281 |    0.257 | 
     +-------------------------------------------------------------------------+ 
Path 11: MET Hold Check with Pin req_sync_q_reg[12]/CK 
Endpoint:   req_sync_q_reg[12]/D (^) checked with  leading edge of 'clk'
Beginpoint: req_meta_q_reg[12]/Q (^) triggered by  leading edge of 'clk'
Path Groups: {clk}
Analysis View: hold_view
Other End Arrival Time          0.091
+ Hold                         -0.042
+ Phase Shift                   0.000
+ Uncertainty                   0.200
= Required Time                 0.249
  Arrival Time                  0.274
  Slack Time                    0.025
     Clock Rise Edge                 0.000
     + Clock Network Latency (Prop)  0.001
     = Beginpoint Arrival Time       0.001
     +------------------------------------------------------------------------------+ 
     |        Instance        |     Arc     |   Cell   | Delay | Arrival | Required | 
     |                        |             |          |       |  Time   |   Time   | 
     |------------------------+-------------+----------+-------+---------+----------| 
     | req_meta_q_reg[12]     | CK ^        |          |       |   0.001 |   -0.024 | 
     | req_meta_q_reg[12]     | CK ^ -> Q ^ | DFFRHQX1 | 0.174 |   0.175 |    0.150 | 
     | FE_PHC8_req_meta_q_12  | A ^ -> Y ^  | BUFX3    | 0.054 |   0.229 |    0.204 | 
     | FE_PHC18_req_meta_q_12 | A ^ -> Y ^  | CLKBUFXL | 0.045 |   0.274 |    0.249 | 
     | req_sync_q_reg[12]     | D ^         | DFFRHQX1 | 0.000 |   0.274 |    0.249 | 
     +------------------------------------------------------------------------------+ 
Path 12: MET Hold Check with Pin pending_q_reg[14]/CK 
Endpoint:   pending_q_reg[14]/D (v) checked with  leading edge of 'clk'
Beginpoint: pending_q_reg[14]/Q (v) triggered by  leading edge of 'clk'
Path Groups: {clk}
Analysis View: hold_view
Other End Arrival Time          0.088
+ Hold                         -0.034
+ Phase Shift                   0.000
+ Uncertainty                   0.200
= Required Time                 0.254
  Arrival Time                  0.279
  Slack Time                    0.025
     Clock Rise Edge                 0.000
     + Clock Network Latency (Prop)  -0.001
     = Beginpoint Arrival Time       -0.001
     +-------------------------------------------------------------------------+ 
     |     Instance      |     Arc     |   Cell   | Delay | Arrival | Required | 
     |                   |             |          |       |  Time   |   Time   | 
     |-------------------+-------------+----------+-------+---------+----------| 
     | pending_q_reg[14] | CK ^        |          |       |  -0.001 |   -0.026 | 
     | pending_q_reg[14] | CK ^ -> Q v | DFFRHQX1 | 0.155 |   0.154 |    0.129 | 
     | g5577__6260       | B0 v -> Y ^ | AOI21X1  | 0.093 |   0.247 |    0.222 | 
     | g5465__4319       | B0 ^ -> Y v | AOI21XL  | 0.031 |   0.279 |    0.254 | 
     | pending_q_reg[14] | D v         | DFFRHQX1 | 0.000 |   0.279 |    0.254 | 
     +-------------------------------------------------------------------------+ 
Path 13: MET Hold Check with Pin pending_q_reg[13]/CK 
Endpoint:   pending_q_reg[13]/D (v) checked with  leading edge of 'clk'
Beginpoint: pending_q_reg[13]/Q (v) triggered by  leading edge of 'clk'
Path Groups: {clk}
Analysis View: hold_view
Other End Arrival Time          0.090
+ Hold                         -0.034
+ Phase Shift                   0.000
+ Uncertainty                   0.200
= Required Time                 0.256
  Arrival Time                  0.282
  Slack Time                    0.026
     Clock Rise Edge                 0.000
     + Clock Network Latency (Prop)  0.001
     = Beginpoint Arrival Time       0.001
     +-------------------------------------------------------------------------+ 
     |     Instance      |     Arc     |   Cell   | Delay | Arrival | Required | 
     |                   |             |          |       |  Time   |   Time   | 
     |-------------------+-------------+----------+-------+---------+----------| 
     | pending_q_reg[13] | CK ^        |          |       |   0.001 |   -0.025 | 
     | pending_q_reg[13] | CK ^ -> Q v | DFFRHQX1 | 0.155 |   0.156 |    0.130 | 
     | g5578__4319       | B0 v -> Y ^ | AOI21X1  | 0.096 |   0.252 |    0.226 | 
     | g5467__6783       | B0 ^ -> Y v | AOI21XL  | 0.030 |   0.282 |    0.256 | 
     | pending_q_reg[13] | D v         | DFFRHQX1 | 0.000 |   0.282 |    0.256 | 
     +-------------------------------------------------------------------------+ 
Path 14: MET Hold Check with Pin pending_q_reg[15]/CK 
Endpoint:   pending_q_reg[15]/D (v) checked with  leading edge of 'clk'
Beginpoint: pending_q_reg[15]/Q (v) triggered by  leading edge of 'clk'
Path Groups: {clk}
Analysis View: hold_view
Other End Arrival Time          0.089
+ Hold                         -0.035
+ Phase Shift                   0.000
+ Uncertainty                   0.200
= Required Time                 0.254
  Arrival Time                  0.282
  Slack Time                    0.028
     Clock Rise Edge                 0.000
     + Clock Network Latency (Prop)  -0.001
     = Beginpoint Arrival Time       -0.001
     +-------------------------------------------------------------------------+ 
     |     Instance      |     Arc     |   Cell   | Delay | Arrival | Required | 
     |                   |             |          |       |  Time   |   Time   | 
     |-------------------+-------------+----------+-------+---------+----------| 
     | pending_q_reg[15] | CK ^        |          |       |  -0.001 |   -0.029 | 
     | pending_q_reg[15] | CK ^ -> Q v | DFFRHQX1 | 0.156 |   0.155 |    0.128 | 
     | g5591__5107       | B0 v -> Y ^ | AOI21X1  | 0.095 |   0.251 |    0.223 | 
     | g5477__6260       | B0 ^ -> Y v | AOI21XL  | 0.031 |   0.282 |    0.254 | 
     | pending_q_reg[15] | D v         | DFFRHQX1 | 0.000 |   0.282 |    0.254 | 
     +-------------------------------------------------------------------------+ 
Path 15: MET Hold Check with Pin pending_q_reg[0]/CK 
Endpoint:   pending_q_reg[0]/D (v) checked with  leading edge of 'clk'
Beginpoint: pending_q_reg[0]/Q (v) triggered by  leading edge of 'clk'
Path Groups: {clk}
Analysis View: hold_view
Other End Arrival Time          0.092
+ Hold                         -0.035
+ Phase Shift                   0.000
+ Uncertainty                   0.200
= Required Time                 0.257
  Arrival Time                  0.285
  Slack Time                    0.028
     Clock Rise Edge                 0.000
     + Clock Network Latency (Prop)  0.002
     = Beginpoint Arrival Time       0.002
     +------------------------------------------------------------------------+ 
     |     Instance     |     Arc     |   Cell   | Delay | Arrival | Required | 
     |                  |             |          |       |  Time   |   Time   | 
     |------------------+-------------+----------+-------+---------+----------| 
     | pending_q_reg[0] | CK ^        |          |       |   0.002 |   -0.026 | 
     | pending_q_reg[0] | CK ^ -> Q v | DFFRHQX1 | 0.156 |   0.158 |    0.130 | 
     | g5584__2802      | B0 v -> Y ^ | AOI21X1  | 0.093 |   0.251 |    0.223 | 
     | g5471__1705      | B0 ^ -> Y v | AOI21XL  | 0.033 |   0.285 |    0.257 | 
     | pending_q_reg[0] | D v         | DFFRHQX1 | 0.000 |   0.285 |    0.257 | 
     +------------------------------------------------------------------------+ 
Path 16: MET Hold Check with Pin req_sync_q_reg[9]/CK 
Endpoint:   req_sync_q_reg[9]/D (v) checked with  leading edge of 'clk'
Beginpoint: req_meta_q_reg[9]/Q (v) triggered by  leading edge of 'clk'
Path Groups: {clk}
Analysis View: hold_view
Other End Arrival Time          0.091
+ Hold                         -0.033
+ Phase Shift                   0.000
+ Uncertainty                   0.200
= Required Time                 0.258
  Arrival Time                  0.287
  Slack Time                    0.030
     Clock Rise Edge                 0.000
     + Clock Network Latency (Prop)  -0.001
     = Beginpoint Arrival Time       -0.001
     +-----------------------------------------------------------------------------+ 
     |       Instance        |     Arc     |   Cell   | Delay | Arrival | Required | 
     |                       |             |          |       |  Time   |   Time   | 
     |-----------------------+-------------+----------+-------+---------+----------| 
     | req_meta_q_reg[9]     | CK ^        |          |       |  -0.001 |   -0.030 | 
     | req_meta_q_reg[9]     | CK ^ -> Q v | DFFRHQX1 | 0.140 |   0.139 |    0.109 | 
     | FE_PHC9_req_meta_q_9  | A v -> Y v  | BUFX3    | 0.064 |   0.202 |    0.173 | 
     | FE_PHC20_req_meta_q_9 | A v -> Y v  | CLKBUFXL | 0.085 |   0.287 |    0.258 | 
     | req_sync_q_reg[9]     | D v         | DFFRHQX1 | 0.000 |   0.287 |    0.258 | 
     +-----------------------------------------------------------------------------+ 
Path 17: MET Hold Check with Pin epoch_bin_q_reg[0]/CK 
Endpoint:   epoch_bin_q_reg[0]/D (v) checked with  leading edge of 'clk'
Beginpoint: epoch_bin_q_reg[0]/Q (v) triggered by  leading edge of 'clk'
Path Groups: {clk}
Analysis View: hold_view
Other End Arrival Time          0.089
+ Hold                         -0.033
+ Phase Shift                   0.000
+ Uncertainty                   0.200
= Required Time                 0.256
  Arrival Time                  0.286
  Slack Time                    0.030
     Clock Rise Edge                 0.000
     + Clock Network Latency (Prop)  -0.001
     = Beginpoint Arrival Time       -0.001
     +----------------------------------------------------------------------------+ 
     |      Instance      |     Arc      |   Cell    | Delay | Arrival | Required | 
     |                    |              |           |       |  Time   |   Time   | 
     |--------------------+--------------+-----------+-------+---------+----------| 
     | epoch_bin_q_reg[0] | CK ^         |           |       |  -0.001 |   -0.031 | 
     | epoch_bin_q_reg[0] | CK ^ -> Q v  | DFFRHQX1  | 0.165 |   0.164 |    0.134 | 
     | g5528__2398        | A1N v -> Y v | AOI2BB1XL | 0.122 |   0.286 |    0.256 | 
     | epoch_bin_q_reg[0] | D v          | DFFRHQX1  | 0.000 |   0.286 |    0.256 | 
     +----------------------------------------------------------------------------+ 
Path 18: MET Hold Check with Pin req_sync_q_reg[8]/CK 
Endpoint:   req_sync_q_reg[8]/D (^) checked with  leading edge of 'clk'
Beginpoint: req_meta_q_reg[8]/Q (^) triggered by  leading edge of 'clk'
Path Groups: {clk}
Analysis View: hold_view
Other End Arrival Time          0.090
+ Hold                         -0.042
+ Phase Shift                   0.000
+ Uncertainty                   0.200
= Required Time                 0.248
  Arrival Time                  0.279
  Slack Time                    0.031
     Clock Rise Edge                 0.000
     + Clock Network Latency (Prop)  -0.001
     = Beginpoint Arrival Time       -0.001
     +-----------------------------------------------------------------------------+ 
     |       Instance        |     Arc     |   Cell   | Delay | Arrival | Required | 
     |                       |             |          |       |  Time   |   Time   | 
     |-----------------------+-------------+----------+-------+---------+----------| 
     | req_meta_q_reg[8]     | CK ^        |          |       |  -0.001 |   -0.032 | 
     | req_meta_q_reg[8]     | CK ^ -> Q ^ | DFFRHQX1 | 0.178 |   0.177 |    0.146 | 
     | FE_PHC4_req_meta_q_8  | A ^ -> Y ^  | BUFX3    | 0.055 |   0.231 |    0.200 | 
     | FE_PHC24_req_meta_q_8 | A ^ -> Y ^  | CLKBUFXL | 0.048 |   0.279 |    0.248 | 
     | req_sync_q_reg[8]     | D ^         | DFFRHQX1 | 0.000 |   0.279 |    0.248 | 
     +-----------------------------------------------------------------------------+ 
Path 19: MET Hold Check with Pin req_sync_q_reg[5]/CK 
Endpoint:   req_sync_q_reg[5]/D (^) checked with  leading edge of 'clk'
Beginpoint: req_meta_q_reg[5]/Q (^) triggered by  leading edge of 'clk'
Path Groups: {clk}
Analysis View: hold_view
Other End Arrival Time          0.089
+ Hold                         -0.042
+ Phase Shift                   0.000
+ Uncertainty                   0.200
= Required Time                 0.247
  Arrival Time                  0.278
  Slack Time                    0.031
     Clock Rise Edge                 0.000
     + Clock Network Latency (Prop)  -0.001
     = Beginpoint Arrival Time       -0.001
     +-----------------------------------------------------------------------------+ 
     |       Instance        |     Arc     |   Cell   | Delay | Arrival | Required | 
     |                       |             |          |       |  Time   |   Time   | 
     |-----------------------+-------------+----------+-------+---------+----------| 
     | req_meta_q_reg[5]     | CK ^        |          |       |  -0.001 |   -0.032 | 
     | req_meta_q_reg[5]     | CK ^ -> Q ^ | DFFRHQX1 | 0.178 |   0.177 |    0.145 | 
     | FE_PHC6_req_meta_q_5  | A ^ -> Y ^  | BUFX3    | 0.055 |   0.231 |    0.200 | 
     | FE_PHC23_req_meta_q_5 | A ^ -> Y ^  | CLKBUFXL | 0.047 |   0.278 |    0.247 | 
     | req_sync_q_reg[5]     | D ^         | DFFRHQX1 | 0.000 |   0.278 |    0.247 | 
     +-----------------------------------------------------------------------------+ 
Path 20: MET Hold Check with Pin req_sync_q_reg[15]/CK 
Endpoint:   req_sync_q_reg[15]/D (v) checked with  leading edge of 'clk'
Beginpoint: req_meta_q_reg[15]/Q (v) triggered by  leading edge of 'clk'
Path Groups: {clk}
Analysis View: hold_view
Other End Arrival Time          0.091
+ Hold                         -0.033
+ Phase Shift                   0.000
+ Uncertainty                   0.200
= Required Time                 0.258
  Arrival Time                  0.289
  Slack Time                    0.031
     Clock Rise Edge                 0.000
     + Clock Network Latency (Prop)  -0.001
     = Beginpoint Arrival Time       -0.001
     +------------------------------------------------------------------------------+ 
     |        Instance        |     Arc     |   Cell   | Delay | Arrival | Required | 
     |                        |             |          |       |  Time   |   Time   | 
     |------------------------+-------------+----------+-------+---------+----------| 
     | req_meta_q_reg[15]     | CK ^        |          |       |  -0.001 |   -0.032 | 
     | req_meta_q_reg[15]     | CK ^ -> Q v | DFFRHQX1 | 0.142 |   0.141 |    0.110 | 
     | FE_PHC2_req_meta_q_15  | A v -> Y v  | BUFX3    | 0.064 |   0.204 |    0.173 | 
     | FE_PHC21_req_meta_q_15 | A v -> Y v  | CLKBUFXL | 0.085 |   0.289 |    0.258 | 
     | req_sync_q_reg[15]     | D v         | DFFRHQX1 | 0.000 |   0.289 |    0.258 | 
     +------------------------------------------------------------------------------+ 
Path 21: MET Hold Check with Pin req_sync_q_reg[13]/CK 
Endpoint:   req_sync_q_reg[13]/D (^) checked with  leading edge of 'clk'
Beginpoint: req_meta_q_reg[13]/Q (^) triggered by  leading edge of 'clk'
Path Groups: {clk}
Analysis View: hold_view
Other End Arrival Time          0.091
+ Hold                         -0.042
+ Phase Shift                   0.000
+ Uncertainty                   0.200
= Required Time                 0.249
  Arrival Time                  0.281
  Slack Time                    0.032
     Clock Rise Edge                 0.000
     + Clock Network Latency (Prop)  0.001
     = Beginpoint Arrival Time       0.001
     +------------------------------------------------------------------------------+ 
     |        Instance        |     Arc     |   Cell   | Delay | Arrival | Required | 
     |                        |             |          |       |  Time   |   Time   | 
     |------------------------+-------------+----------+-------+---------+----------| 
     | req_meta_q_reg[13]     | CK ^        |          |       |   0.001 |   -0.031 | 
     | req_meta_q_reg[13]     | CK ^ -> Q ^ | DFFRHQX1 | 0.174 |   0.175 |    0.143 | 
     | FE_PHC7_req_meta_q_13  | A ^ -> Y ^  | BUFX3    | 0.056 |   0.230 |    0.199 | 
     | FE_PHC19_req_meta_q_13 | A ^ -> Y ^  | CLKBUFXL | 0.051 |   0.281 |    0.249 | 
     | req_sync_q_reg[13]     | D ^         | DFFRHQX1 | 0.000 |   0.281 |    0.249 | 
     +------------------------------------------------------------------------------+ 
Path 22: MET Hold Check with Pin pending_q_reg[4]/CK 
Endpoint:   pending_q_reg[4]/D (v) checked with  leading edge of 'clk'
Beginpoint: pending_q_reg[4]/Q (v) triggered by  leading edge of 'clk'
Path Groups: {clk}
Analysis View: hold_view
Other End Arrival Time          0.092
+ Hold                         -0.035
+ Phase Shift                   0.000
+ Uncertainty                   0.200
= Required Time                 0.257
  Arrival Time                  0.290
  Slack Time                    0.033
     Clock Rise Edge                 0.000
     + Clock Network Latency (Prop)  0.002
     = Beginpoint Arrival Time       0.002
     +------------------------------------------------------------------------+ 
     |     Instance     |     Arc     |   Cell   | Delay | Arrival | Required | 
     |                  |             |          |       |  Time   |   Time   | 
     |------------------+-------------+----------+-------+---------+----------| 
     | pending_q_reg[4] | CK ^        |          |       |   0.002 |   -0.030 | 
     | pending_q_reg[4] | CK ^ -> Q v | DFFRHQX1 | 0.158 |   0.160 |    0.128 | 
     | g5587__8246      | B0 v -> Y ^ | AOI21X1  | 0.098 |   0.258 |    0.225 | 
     | g5474__1617      | B0 ^ -> Y v | AOI21XL  | 0.032 |   0.290 |    0.257 | 
     | pending_q_reg[4] | D v         | DFFRHQX1 | 0.000 |   0.290 |    0.257 | 
     +------------------------------------------------------------------------+ 
Path 23: MET Hold Check with Pin pending_q_reg[8]/CK 
Endpoint:   pending_q_reg[8]/D (v) checked with  leading edge of 'clk'
Beginpoint: pending_q_reg[8]/Q (v) triggered by  leading edge of 'clk'
Path Groups: {clk}
Analysis View: hold_view
Other End Arrival Time          0.091
+ Hold                         -0.034
+ Phase Shift                   0.000
+ Uncertainty                   0.200
= Required Time                 0.256
  Arrival Time                  0.289
  Slack Time                    0.033
     Clock Rise Edge                 0.000
     + Clock Network Latency (Prop)  0.001
     = Beginpoint Arrival Time       0.001
     +------------------------------------------------------------------------+ 
     |     Instance     |     Arc     |   Cell   | Delay | Arrival | Required | 
     |                  |             |          |       |  Time   |   Time   | 
     |------------------+-------------+----------+-------+---------+----------| 
     | pending_q_reg[8] | CK ^        |          |       |   0.001 |   -0.032 | 
     | pending_q_reg[8] | CK ^ -> Q v | DFFRHQX1 | 0.156 |   0.157 |    0.124 | 
     | g5583__1617      | B0 v -> Y ^ | AOI21X1  | 0.106 |   0.263 |    0.230 | 
     | g5462__1881      | B0 ^ -> Y v | AOI21XL  | 0.026 |   0.289 |    0.256 | 
     | pending_q_reg[8] | D v         | DFFRHQX1 | 0.000 |   0.289 |    0.256 | 
     +------------------------------------------------------------------------+ 
Path 24: MET Hold Check with Pin req_sync_q_reg[14]/CK 
Endpoint:   req_sync_q_reg[14]/D (v) checked with  leading edge of 'clk'
Beginpoint: req_meta_q_reg[14]/Q (v) triggered by  leading edge of 'clk'
Path Groups: {clk}
Analysis View: hold_view
Other End Arrival Time          0.091
+ Hold                         -0.033
+ Phase Shift                   0.000
+ Uncertainty                   0.200
= Required Time                 0.258
  Arrival Time                  0.291
  Slack Time                    0.033
     Clock Rise Edge                 0.000
     + Clock Network Latency (Prop)  -0.001
     = Beginpoint Arrival Time       -0.001
     +------------------------------------------------------------------------------+ 
     |        Instance        |     Arc     |   Cell   | Delay | Arrival | Required | 
     |                        |             |          |       |  Time   |   Time   | 
     |------------------------+-------------+----------+-------+---------+----------| 
     | req_meta_q_reg[14]     | CK ^        |          |       |  -0.001 |   -0.034 | 
     | req_meta_q_reg[14]     | CK ^ -> Q v | DFFRHQX1 | 0.143 |   0.142 |    0.109 | 
     | FE_PHC12_req_meta_q_14 | A v -> Y v  | BUFX3    | 0.064 |   0.206 |    0.173 | 
     | FE_PHC28_req_meta_q_14 | A v -> Y v  | CLKBUFXL | 0.085 |   0.291 |    0.258 | 
     | req_sync_q_reg[14]     | D v         | DFFRHQX1 | 0.000 |   0.291 |    0.258 | 
     +------------------------------------------------------------------------------+ 
Path 25: MET Hold Check with Pin req_sync_q_reg[10]/CK 
Endpoint:   req_sync_q_reg[10]/D (v) checked with  leading edge of 'clk'
Beginpoint: req_meta_q_reg[10]/Q (v) triggered by  leading edge of 'clk'
Path Groups: {clk}
Analysis View: hold_view
Other End Arrival Time          0.091
+ Hold                         -0.032
+ Phase Shift                   0.000
+ Uncertainty                   0.200
= Required Time                 0.259
  Arrival Time                  0.292
  Slack Time                    0.033
     Clock Rise Edge                 0.000
     + Clock Network Latency (Prop)  -0.001
     = Beginpoint Arrival Time       -0.001
     +------------------------------------------------------------------------------+ 
     |        Instance        |     Arc     |   Cell   | Delay | Arrival | Required | 
     |                        |             |          |       |  Time   |   Time   | 
     |------------------------+-------------+----------+-------+---------+----------| 
     | req_meta_q_reg[10]     | CK ^        |          |       |  -0.001 |   -0.034 | 
     | req_meta_q_reg[10]     | CK ^ -> Q v | DFFRHQX1 | 0.145 |   0.144 |    0.111 | 
     | FE_PHC14_req_meta_q_10 | A v -> Y v  | BUFX3    | 0.065 |   0.208 |    0.175 | 
     | FE_PHC32_req_meta_q_10 | A v -> Y v  | CLKBUFXL | 0.084 |   0.292 |    0.259 | 
     | req_sync_q_reg[10]     | D v         | DFFRHQX1 | 0.000 |   0.292 |    0.259 | 
     +------------------------------------------------------------------------------+ 
Path 26: MET Hold Check with Pin req_sync_q_reg[2]/CK 
Endpoint:   req_sync_q_reg[2]/D (v) checked with  leading edge of 'clk'
Beginpoint: req_meta_q_reg[2]/Q (v) triggered by  leading edge of 'clk'
Path Groups: {clk}
Analysis View: hold_view
Other End Arrival Time          0.088
+ Hold                         -0.033
+ Phase Shift                   0.000
+ Uncertainty                   0.200
= Required Time                 0.255
  Arrival Time                  0.289
  Slack Time                    0.034
     Clock Rise Edge                 0.000
     + Clock Network Latency (Prop)  -0.002
     = Beginpoint Arrival Time       -0.002
     +-----------------------------------------------------------------------------+ 
     |       Instance        |     Arc     |   Cell   | Delay | Arrival | Required | 
     |                       |             |          |       |  Time   |   Time   | 
     |-----------------------+-------------+----------+-------+---------+----------| 
     | req_meta_q_reg[2]     | CK ^        |          |       |  -0.002 |   -0.036 | 
     | req_meta_q_reg[2]     | CK ^ -> Q v | DFFRHQX1 | 0.142 |   0.139 |    0.105 | 
     | FE_PHC10_req_meta_q_2 | A v -> Y v  | BUFX3    | 0.064 |   0.203 |    0.169 | 
     | FE_PHC25_req_meta_q_2 | A v -> Y v  | CLKBUFXL | 0.086 |   0.289 |    0.255 | 
     | req_sync_q_reg[2]     | D v         | DFFRHQX1 | 0.000 |   0.289 |    0.255 | 
     +-----------------------------------------------------------------------------+ 
Path 27: MET Hold Check with Pin ack_q_reg[6]/CK 
Endpoint:   ack_q_reg[6]/D      (v) checked with  leading edge of 'clk'
Beginpoint: req_sync_q_reg[6]/Q (v) triggered by  leading edge of 'clk'
Path Groups: {clk}
Analysis View: hold_view
Other End Arrival Time          0.090
+ Hold                         -0.028
+ Phase Shift                   0.000
+ Uncertainty                   0.200
= Required Time                 0.262
  Arrival Time                  0.296
  Slack Time                    0.034
     Clock Rise Edge                 0.000
     + Clock Network Latency (Prop)  -0.000
     = Beginpoint Arrival Time       -0.000
     +-------------------------------------------------------------------------+ 
     |     Instance      |     Arc     |   Cell   | Delay | Arrival | Required | 
     |                   |             |          |       |  Time   |   Time   | 
     |-------------------+-------------+----------+-------+---------+----------| 
     | req_sync_q_reg[6] | CK ^        |          |       |  -0.000 |   -0.034 | 
     | req_sync_q_reg[6] | CK ^ -> Q v | DFFRHQX1 | 0.153 |   0.153 |    0.119 | 
     | g5629             | A v -> Y ^  | INVX1    | 0.043 |   0.196 |    0.161 | 
     | g5593__4733       | B0 ^ -> Y v | AOI21XL  | 0.038 |   0.234 |    0.199 | 
     | FE_PHC35_n_46     | A v -> Y v  | BUFX3    | 0.063 |   0.296 |    0.262 | 
     | ack_q_reg[6]      | D v         | DFFRHQX1 | 0.000 |   0.296 |    0.262 | 
     +-------------------------------------------------------------------------+ 
Path 28: MET Hold Check with Pin req_sync_q_reg[7]/CK 
Endpoint:   req_sync_q_reg[7]/D (^) checked with  leading edge of 'clk'
Beginpoint: req_meta_q_reg[7]/Q (^) triggered by  leading edge of 'clk'
Path Groups: {clk}
Analysis View: hold_view
Other End Arrival Time          0.090
+ Hold                         -0.042
+ Phase Shift                   0.000
+ Uncertainty                   0.200
= Required Time                 0.248
  Arrival Time                  0.282
  Slack Time                    0.034
     Clock Rise Edge                 0.000
     + Clock Network Latency (Prop)  -0.001
     = Beginpoint Arrival Time       -0.001
     +-----------------------------------------------------------------------------+ 
     |       Instance        |     Arc     |   Cell   | Delay | Arrival | Required | 
     |                       |             |          |       |  Time   |   Time   | 
     |-----------------------+-------------+----------+-------+---------+----------| 
     | req_meta_q_reg[7]     | CK ^        |          |       |  -0.001 |   -0.035 | 
     | req_meta_q_reg[7]     | CK ^ -> Q ^ | DFFRHQX1 | 0.177 |   0.176 |    0.142 | 
     | FE_PHC3_req_meta_q_7  | A ^ -> Y ^  | BUFX3    | 0.057 |   0.233 |    0.199 | 
     | FE_PHC22_req_meta_q_7 | A ^ -> Y ^  | CLKBUFXL | 0.049 |   0.282 |    0.248 | 
     | req_sync_q_reg[7]     | D ^         | DFFRHQX1 | 0.000 |   0.282 |    0.248 | 
     +-----------------------------------------------------------------------------+ 
Path 29: MET Hold Check with Pin req_sync_q_reg[3]/CK 
Endpoint:   req_sync_q_reg[3]/D (v) checked with  leading edge of 'clk'
Beginpoint: req_meta_q_reg[3]/Q (v) triggered by  leading edge of 'clk'
Path Groups: {clk}
Analysis View: hold_view
Other End Arrival Time          0.088
+ Hold                         -0.033
+ Phase Shift                   0.000
+ Uncertainty                   0.200
= Required Time                 0.255
  Arrival Time                  0.290
  Slack Time                    0.034
     Clock Rise Edge                 0.000
     + Clock Network Latency (Prop)  -0.002
     = Beginpoint Arrival Time       -0.002
     +-----------------------------------------------------------------------------+ 
     |       Instance        |     Arc     |   Cell   | Delay | Arrival | Required | 
     |                       |             |          |       |  Time   |   Time   | 
     |-----------------------+-------------+----------+-------+---------+----------| 
     | req_meta_q_reg[3]     | CK ^        |          |       |  -0.002 |   -0.037 | 
     | req_meta_q_reg[3]     | CK ^ -> Q v | DFFRHQX1 | 0.142 |   0.140 |    0.106 | 
     | FE_PHC13_req_meta_q_3 | A v -> Y v  | BUFX3    | 0.064 |   0.204 |    0.170 | 
     | FE_PHC27_req_meta_q_3 | A v -> Y v  | CLKBUFXL | 0.085 |   0.290 |    0.255 | 
     | req_sync_q_reg[3]     | D v         | DFFRHQX1 | 0.000 |   0.290 |    0.255 | 
     +-----------------------------------------------------------------------------+ 
Path 30: MET Hold Check with Pin pending_q_reg[3]/CK 
Endpoint:   pending_q_reg[3]/D (v) checked with  leading edge of 'clk'
Beginpoint: pending_q_reg[3]/Q (v) triggered by  leading edge of 'clk'
Path Groups: {clk}
Analysis View: hold_view
Other End Arrival Time          0.091
+ Hold                         -0.036
+ Phase Shift                   0.000
+ Uncertainty                   0.200
= Required Time                 0.255
  Arrival Time                  0.290
  Slack Time                    0.035
     Clock Rise Edge                 0.000
     + Clock Network Latency (Prop)  0.002
     = Beginpoint Arrival Time       0.002
     +------------------------------------------------------------------------+ 
     |     Instance     |     Arc     |   Cell   | Delay | Arrival | Required | 
     |                  |             |          |       |  Time   |   Time   | 
     |------------------+-------------+----------+-------+---------+----------| 
     | pending_q_reg[3] | CK ^        |          |       |   0.002 |   -0.034 | 
     | pending_q_reg[3] | CK ^ -> Q v | DFFRHQX1 | 0.153 |   0.155 |    0.119 | 
     | g5589__6131      | B0 v -> Y ^ | AOI21X1  | 0.098 |   0.252 |    0.217 | 
     | g5472__5122      | B0 ^ -> Y v | AOI21XL  | 0.038 |   0.290 |    0.255 | 
     | pending_q_reg[3] | D v         | DFFRHQX1 | 0.000 |   0.290 |    0.255 | 
     +------------------------------------------------------------------------+ 
Path 31: MET Hold Check with Pin pending_q_reg[11]/CK 
Endpoint:   pending_q_reg[11]/D (v) checked with  leading edge of 'clk'
Beginpoint: pending_q_reg[11]/Q (v) triggered by  leading edge of 'clk'
Path Groups: {clk}
Analysis View: hold_view
Other End Arrival Time          0.091
+ Hold                         -0.035
+ Phase Shift                   0.000
+ Uncertainty                   0.200
= Required Time                 0.256
  Arrival Time                  0.292
  Slack Time                    0.036
     Clock Rise Edge                 0.000
     + Clock Network Latency (Prop)  0.001
     = Beginpoint Arrival Time       0.001
     +-------------------------------------------------------------------------+ 
     |     Instance      |     Arc     |   Cell   | Delay | Arrival | Required | 
     |                   |             |          |       |  Time   |   Time   | 
     |-------------------+-------------+----------+-------+---------+----------| 
     | pending_q_reg[11] | CK ^        |          |       |   0.001 |   -0.035 | 
     | pending_q_reg[11] | CK ^ -> Q v | DFFRHQX1 | 0.156 |   0.157 |    0.121 | 
     | g5580__5526       | B0 v -> Y ^ | AOI21X1  | 0.106 |   0.263 |    0.227 | 
     | g5461__8246       | B0 ^ -> Y v | AOI21XL  | 0.029 |   0.292 |    0.256 | 
     | pending_q_reg[11] | D v         | DFFRHQX1 | 0.000 |   0.292 |    0.256 | 
     +-------------------------------------------------------------------------+ 
Path 32: MET Hold Check with Pin pending_q_reg[6]/CK 
Endpoint:   pending_q_reg[6]/D (v) checked with  leading edge of 'clk'
Beginpoint: pending_q_reg[6]/Q (v) triggered by  leading edge of 'clk'
Path Groups: {clk}
Analysis View: hold_view
Other End Arrival Time          0.088
+ Hold                         -0.037
+ Phase Shift                   0.000
+ Uncertainty                   0.200
= Required Time                 0.251
  Arrival Time                  0.291
  Slack Time                    0.040
     Clock Rise Edge                 0.000
     + Clock Network Latency (Prop)  -0.001
     = Beginpoint Arrival Time       -0.001
     +------------------------------------------------------------------------+ 
     |     Instance     |     Arc     |   Cell   | Delay | Arrival | Required | 
     |                  |             |          |       |  Time   |   Time   | 
     |------------------+-------------+----------+-------+---------+----------| 
     | pending_q_reg[6] | CK ^        |          |       |  -0.001 |   -0.041 | 
     | pending_q_reg[6] | CK ^ -> Q v | DFFRHQX1 | 0.154 |   0.153 |    0.113 | 
     | g5586__5122      | B0 v -> Y ^ | AOI21X1  | 0.098 |   0.251 |    0.211 | 
     | g5475__8428      | B0 ^ -> Y v | AOI21XL  | 0.040 |   0.291 |    0.251 | 
     | pending_q_reg[6] | D v         | DFFRHQX1 | 0.000 |   0.291 |    0.251 | 
     +------------------------------------------------------------------------+ 
Path 33: MET Hold Check with Pin req_sync_q_reg[4]/CK 
Endpoint:   req_sync_q_reg[4]/D (v) checked with  leading edge of 'clk'
Beginpoint: req_meta_q_reg[4]/Q (v) triggered by  leading edge of 'clk'
Path Groups: {clk}
Analysis View: hold_view
Other End Arrival Time          0.088
+ Hold                         -0.034
+ Phase Shift                   0.000
+ Uncertainty                   0.200
= Required Time                 0.254
  Arrival Time                  0.295
  Slack Time                    0.040
     Clock Rise Edge                 0.000
     + Clock Network Latency (Prop)  -0.002
     = Beginpoint Arrival Time       -0.002
     +-----------------------------------------------------------------------------+ 
     |       Instance        |     Arc     |   Cell   | Delay | Arrival | Required | 
     |                       |             |          |       |  Time   |   Time   | 
     |-----------------------+-------------+----------+-------+---------+----------| 
     | req_meta_q_reg[4]     | CK ^        |          |       |  -0.002 |   -0.043 | 
     | req_meta_q_reg[4]     | CK ^ -> Q v | DFFRHQX1 | 0.143 |   0.141 |    0.100 | 
     | FE_PHC15_req_meta_q_4 | A v -> Y v  | BUFX3    | 0.065 |   0.206 |    0.166 | 
     | FE_PHC29_req_meta_q_4 | A v -> Y v  | CLKBUFXL | 0.089 |   0.294 |    0.254 | 
     | req_sync_q_reg[4]     | D v         | DFFRHQX1 | 0.000 |   0.295 |    0.254 | 
     +-----------------------------------------------------------------------------+ 
Path 34: MET Hold Check with Pin req_sync_q_reg[6]/CK 
Endpoint:   req_sync_q_reg[6]/D (^) checked with  leading edge of 'clk'
Beginpoint: req_meta_q_reg[6]/Q (^) triggered by  leading edge of 'clk'
Path Groups: {clk}
Analysis View: hold_view
Other End Arrival Time          0.090
+ Hold                         -0.042
+ Phase Shift                   0.000
+ Uncertainty                   0.200
= Required Time                 0.248
  Arrival Time                  0.288
  Slack Time                    0.040
     Clock Rise Edge                 0.000
     + Clock Network Latency (Prop)  -0.001
     = Beginpoint Arrival Time       -0.001
     +-----------------------------------------------------------------------------+ 
     |       Instance        |     Arc     |   Cell   | Delay | Arrival | Required | 
     |                       |             |          |       |  Time   |   Time   | 
     |-----------------------+-------------+----------+-------+---------+----------| 
     | req_meta_q_reg[6]     | CK ^        |          |       |  -0.001 |   -0.041 | 
     | req_meta_q_reg[6]     | CK ^ -> Q ^ | DFFRHQX1 | 0.182 |   0.181 |    0.140 | 
     | FE_PHC5_req_meta_q_6  | A ^ -> Y ^  | BUFX3    | 0.055 |   0.236 |    0.196 | 
     | FE_PHC30_req_meta_q_6 | A ^ -> Y ^  | CLKBUFXL | 0.052 |   0.288 |    0.248 | 
     | req_sync_q_reg[6]     | D ^         | DFFRHQX1 | 0.000 |   0.288 |    0.248 | 
     +-----------------------------------------------------------------------------+ 
Path 35: MET Hold Check with Pin ack_q_reg[7]/CK 
Endpoint:   ack_q_reg[7]/D      (v) checked with  leading edge of 'clk'
Beginpoint: req_sync_q_reg[7]/Q (v) triggered by  leading edge of 'clk'
Path Groups: {clk}
Analysis View: hold_view
Other End Arrival Time          0.091
+ Hold                         -0.028
+ Phase Shift                   0.000
+ Uncertainty                   0.200
= Required Time                 0.263
  Arrival Time                  0.307
  Slack Time                    0.044
     Clock Rise Edge                 0.000
     + Clock Network Latency (Prop)  0.000
     = Beginpoint Arrival Time       0.000
     +-------------------------------------------------------------------------+ 
     |     Instance      |     Arc     |   Cell   | Delay | Arrival | Required | 
     |                   |             |          |       |  Time   |   Time   | 
     |-------------------+-------------+----------+-------+---------+----------| 
     | req_sync_q_reg[7] | CK ^        |          |       |   0.000 |   -0.044 | 
     | req_sync_q_reg[7] | CK ^ -> Q v | DFFRHQX1 | 0.157 |   0.157 |    0.113 | 
     | g5610             | A v -> Y ^  | INVX1    | 0.043 |   0.200 |    0.155 | 
     | g5595__9315       | B0 ^ -> Y v | AOI21XL  | 0.043 |   0.243 |    0.199 | 
     | FE_PHC36_n_42     | A v -> Y v  | BUFX3    | 0.064 |   0.307 |    0.263 | 
     | ack_q_reg[7]      | D v         | DFFRHQX1 | 0.000 |   0.307 |    0.263 | 
     +-------------------------------------------------------------------------+ 
Path 36: MET Hold Check with Pin epoch_bin_q_reg[2]/CK 
Endpoint:   epoch_bin_q_reg[2]/D (v) checked with  leading edge of 'clk'
Beginpoint: epoch_bin_q_reg[2]/Q (v) triggered by  leading edge of 'clk'
Path Groups: {clk}
Analysis View: hold_view
Other End Arrival Time          0.090
+ Hold                         -0.033
+ Phase Shift                   0.000
+ Uncertainty                   0.200
= Required Time                 0.257
  Arrival Time                  0.302
  Slack Time                    0.045
     Clock Rise Edge                 0.000
     + Clock Network Latency (Prop)  0.000
     = Beginpoint Arrival Time       0.000
     +--------------------------------------------------------------------------+ 
     |      Instance      |     Arc     |   Cell   | Delay | Arrival | Required | 
     |                    |             |          |       |  Time   |   Time   | 
     |--------------------+-------------+----------+-------+---------+----------| 
     | epoch_bin_q_reg[2] | CK ^        |          |       |   0.000 |   -0.045 | 
     | epoch_bin_q_reg[2] | CK ^ -> Q v | DFFRHQX1 | 0.169 |   0.169 |    0.123 | 
     | g5671              | A v -> Y ^  | INVX1    | 0.096 |   0.264 |    0.219 | 
     | g5496__2883        | A1 ^ -> Y v | AOI21XL  | 0.037 |   0.302 |    0.257 | 
     | epoch_bin_q_reg[2] | D v         | DFFRHQX1 | 0.000 |   0.302 |    0.257 | 
     +--------------------------------------------------------------------------+ 
Path 37: MET Hold Check with Pin out_addr_q_reg[0]/CK 
Endpoint:   out_addr_q_reg[0]/D (v) checked with  leading edge of 'clk'
Beginpoint: out_addr_q_reg[0]/Q (v) triggered by  leading edge of 'clk'
Path Groups: {clk}
Analysis View: hold_view
Other End Arrival Time          0.091
+ Hold                         -0.032
+ Phase Shift                   0.000
+ Uncertainty                   0.200
= Required Time                 0.259
  Arrival Time                  0.306
  Slack Time                    0.047
     Clock Rise Edge                 0.000
     + Clock Network Latency (Prop)  0.001
     = Beginpoint Arrival Time       0.001
     +-----------------------------------------------------------------------------+ 
     |      Instance       |     Arc      |   Cell    | Delay | Arrival | Required | 
     |                     |              |           |       |  Time   |   Time   | 
     |---------------------+--------------+-----------+-------+---------+----------| 
     | out_addr_q_reg[0]   | CK ^         |           |       |   0.001 |   -0.046 | 
     | out_addr_q_reg[0]   | CK ^ -> Q v  | DFFRHQX1  | 0.154 |   0.155 |    0.108 | 
     | FE_PHC44_out_addr_0 | A v -> Y v   | BUFX3     | 0.068 |   0.223 |    0.176 | 
     | g5478__5115         | A0N v -> Y v | OAI2BB2X1 | 0.083 |   0.306 |    0.259 | 
     | out_addr_q_reg[0]   | D v          | DFFRHQX1  | 0.000 |   0.306 |    0.259 | 
     +-----------------------------------------------------------------------------+ 
Path 38: MET Hold Check with Pin ack_q_reg[9]/CK 
Endpoint:   ack_q_reg[9]/D      (v) checked with  leading edge of 'clk'
Beginpoint: req_sync_q_reg[9]/Q (v) triggered by  leading edge of 'clk'
Path Groups: {clk}
Analysis View: hold_view
Other End Arrival Time          0.091
+ Hold                         -0.028
+ Phase Shift                   0.000
+ Uncertainty                   0.200
= Required Time                 0.263
  Arrival Time                  0.311
  Slack Time                    0.048
     Clock Rise Edge                 0.000
     + Clock Network Latency (Prop)  0.001
     = Beginpoint Arrival Time       0.001
     +-------------------------------------------------------------------------+ 
     |     Instance      |     Arc     |   Cell   | Delay | Arrival | Required | 
     |                   |             |          |       |  Time   |   Time   | 
     |-------------------+-------------+----------+-------+---------+----------| 
     | req_sync_q_reg[9] | CK ^        |          |       |   0.001 |   -0.047 | 
     | req_sync_q_reg[9] | CK ^ -> Q v | DFFRHQX1 | 0.170 |   0.171 |    0.123 | 
     | g5611             | A v -> Y ^  | INVX1    | 0.047 |   0.217 |    0.169 | 
     | g5599__1666       | B0 ^ -> Y v | AOI21XL  | 0.033 |   0.250 |    0.202 | 
     | FE_PHC42_n_34     | A v -> Y v  | BUFX3    | 0.061 |   0.311 |    0.263 | 
     | ack_q_reg[9]      | D v         | DFFRHQX1 | 0.000 |   0.311 |    0.263 | 
     +-------------------------------------------------------------------------+ 
Path 39: MET Hold Check with Pin ack_q_reg[4]/CK 
Endpoint:   ack_q_reg[4]/D      (v) checked with  leading edge of 'clk'
Beginpoint: req_sync_q_reg[4]/Q (v) triggered by  leading edge of 'clk'
Path Groups: {clk}
Analysis View: hold_view
Other End Arrival Time          0.092
+ Hold                         -0.028
+ Phase Shift                   0.000
+ Uncertainty                   0.200
= Required Time                 0.264
  Arrival Time                  0.313
  Slack Time                    0.049
     Clock Rise Edge                 0.000
     + Clock Network Latency (Prop)  -0.002
     = Beginpoint Arrival Time       -0.002
     +-------------------------------------------------------------------------+ 
     |     Instance      |     Arc     |   Cell   | Delay | Arrival | Required | 
     |                   |             |          |       |  Time   |   Time   | 
     |-------------------+-------------+----------+-------+---------+----------| 
     | req_sync_q_reg[4] | CK ^        |          |       |  -0.002 |   -0.050 | 
     | req_sync_q_reg[4] | CK ^ -> Q v | DFFRHQX1 | 0.176 |   0.175 |    0.126 | 
     | g5612             | A v -> Y ^  | INVX1    | 0.048 |   0.223 |    0.174 | 
     | g5597__2883       | B0 ^ -> Y v | AOI21XL  | 0.031 |   0.254 |    0.205 | 
     | FE_PHC49_n_38     | A v -> Y v  | BUFX3    | 0.059 |   0.313 |    0.264 | 
     | ack_q_reg[4]      | D v         | DFFRHQX1 | 0.000 |   0.313 |    0.264 | 
     +-------------------------------------------------------------------------+ 
Path 40: MET Hold Check with Pin out_addr_q_reg[1]/CK 
Endpoint:   out_addr_q_reg[1]/D (v) checked with  leading edge of 'clk'
Beginpoint: out_addr_q_reg[1]/Q (v) triggered by  leading edge of 'clk'
Path Groups: {clk}
Analysis View: hold_view
Other End Arrival Time          0.090
+ Hold                         -0.032
+ Phase Shift                   0.000
+ Uncertainty                   0.200
= Required Time                 0.258
  Arrival Time                  0.308
  Slack Time                    0.050
     Clock Rise Edge                 0.000
     + Clock Network Latency (Prop)  0.001
     = Beginpoint Arrival Time       0.001
     +-----------------------------------------------------------------------------+ 
     |      Instance       |     Arc      |   Cell    | Delay | Arrival | Required | 
     |                     |              |           |       |  Time   |   Time   | 
     |---------------------+--------------+-----------+-------+---------+----------| 
     | out_addr_q_reg[1]   | CK ^         |           |       |   0.001 |   -0.049 | 
     | out_addr_q_reg[1]   | CK ^ -> Q v  | DFFRHQX1  | 0.157 |   0.157 |    0.108 | 
     | FE_PHC46_out_addr_1 | A v -> Y v   | BUFX3     | 0.068 |   0.225 |    0.176 | 
     | g5490__7410         | A0N v -> Y v | OAI2BB2X1 | 0.083 |   0.308 |    0.258 | 
     | out_addr_q_reg[1]   | D v          | DFFRHQX1  | 0.000 |   0.308 |    0.258 | 
     +-----------------------------------------------------------------------------+ 
Path 41: MET Hold Check with Pin pending_q_reg[1]/CK 
Endpoint:   pending_q_reg[1]/D (v) checked with  leading edge of 'clk'
Beginpoint: pending_q_reg[1]/Q (v) triggered by  leading edge of 'clk'
Path Groups: {clk}
Analysis View: hold_view
Other End Arrival Time          0.091
+ Hold                         -0.037
+ Phase Shift                   0.000
+ Uncertainty                   0.200
= Required Time                 0.254
  Arrival Time                  0.304
  Slack Time                    0.050
     Clock Rise Edge                 0.000
     + Clock Network Latency (Prop)  0.002
     = Beginpoint Arrival Time       0.002
     +------------------------------------------------------------------------+ 
     |     Instance     |     Arc     |   Cell   | Delay | Arrival | Required | 
     |                  |             |          |       |  Time   |   Time   | 
     |------------------+-------------+----------+-------+---------+----------| 
     | pending_q_reg[1] | CK ^        |          |       |   0.002 |   -0.048 | 
     | pending_q_reg[1] | CK ^ -> Q v | DFFRHQX1 | 0.155 |   0.157 |    0.107 | 
     | g5576__5115      | B0 v -> Y ^ | AOI21X1  | 0.107 |   0.264 |    0.214 | 
     | g5473__7098      | B0 ^ -> Y v | AOI21XL  | 0.040 |   0.304 |    0.254 | 
     | pending_q_reg[1] | D v         | DFFRHQX1 | 0.000 |   0.304 |    0.254 | 
     +------------------------------------------------------------------------+ 
Path 42: MET Hold Check with Pin ack_q_reg[12]/CK 
Endpoint:   ack_q_reg[12]/D     (v) checked with  leading edge of 'clk'
Beginpoint: pending_q_reg[12]/Q (^) triggered by  leading edge of 'clk'
Path Groups: {clk}
Analysis View: hold_view
Other End Arrival Time          0.091
+ Hold                         -0.028
+ Phase Shift                   0.000
+ Uncertainty                   0.200
= Required Time                 0.263
  Arrival Time                  0.313
  Slack Time                    0.050
     Clock Rise Edge                 0.000
     + Clock Network Latency (Prop)  0.001
     = Beginpoint Arrival Time       0.001
     +-------------------------------------------------------------------------+ 
     |     Instance      |     Arc     |   Cell   | Delay | Arrival | Required | 
     |                   |             |          |       |  Time   |   Time   | 
     |-------------------+-------------+----------+-------+---------+----------| 
     | pending_q_reg[12] | CK ^        |          |       |   0.001 |   -0.049 | 
     | pending_q_reg[12] | CK ^ -> Q ^ | DFFRHQX1 | 0.199 |   0.200 |    0.150 | 
     | g5602__5477       | A1 ^ -> Y v | AOI21XL  | 0.051 |   0.251 |    0.201 | 
     | FE_PHC37_n_28     | A v -> Y v  | BUFX3    | 0.062 |   0.313 |    0.263 | 
     | ack_q_reg[12]     | D v         | DFFRHQX1 | 0.000 |   0.313 |    0.263 | 
     +-------------------------------------------------------------------------+ 
Path 43: MET Hold Check with Pin ack_q_reg[11]/CK 
Endpoint:   ack_q_reg[11]/D     (v) checked with  leading edge of 'clk'
Beginpoint: pending_q_reg[11]/Q (^) triggered by  leading edge of 'clk'
Path Groups: {clk}
Analysis View: hold_view
Other End Arrival Time          0.091
+ Hold                         -0.028
+ Phase Shift                   0.000
+ Uncertainty                   0.200
= Required Time                 0.263
  Arrival Time                  0.314
  Slack Time                    0.051
     Clock Rise Edge                 0.000
     + Clock Network Latency (Prop)  0.001
     = Beginpoint Arrival Time       0.001
     +-------------------------------------------------------------------------+ 
     |     Instance      |     Arc     |   Cell   | Delay | Arrival | Required | 
     |                   |             |          |       |  Time   |   Time   | 
     |-------------------+-------------+----------+-------+---------+----------| 
     | pending_q_reg[11] | CK ^        |          |       |   0.001 |   -0.049 | 
     | pending_q_reg[11] | CK ^ -> Q ^ | DFFRHQX1 | 0.205 |   0.206 |    0.156 | 
     | g5604__5107       | A1 ^ -> Y v | AOI21XL  | 0.047 |   0.253 |    0.203 | 
     | FE_PHC45_n_24     | A v -> Y v  | BUFX3    | 0.060 |   0.314 |    0.263 | 
     | ack_q_reg[11]     | D v         | DFFRHQX1 | 0.000 |   0.314 |    0.263 | 
     +-------------------------------------------------------------------------+ 
Path 44: MET Hold Check with Pin ack_q_reg[5]/CK 
Endpoint:   ack_q_reg[5]/D     (v) checked with  leading edge of 'clk'
Beginpoint: pending_q_reg[5]/Q (^) triggered by  leading edge of 'clk'
Path Groups: {clk}
Analysis View: hold_view
Other End Arrival Time          0.092
+ Hold                         -0.028
+ Phase Shift                   0.000
+ Uncertainty                   0.200
= Required Time                 0.264
  Arrival Time                  0.316
  Slack Time                    0.051
     Clock Rise Edge                 0.000
     + Clock Network Latency (Prop)  0.002
     = Beginpoint Arrival Time       0.002
     +------------------------------------------------------------------------+ 
     |     Instance     |     Arc     |   Cell   | Delay | Arrival | Required | 
     |                  |             |          |       |  Time   |   Time   | 
     |------------------+-------------+----------+-------+---------+----------| 
     | pending_q_reg[5] | CK ^        |          |       |   0.002 |   -0.049 | 
     | pending_q_reg[5] | CK ^ -> Q ^ | DFFRHQX1 | 0.199 |   0.201 |    0.150 | 
     | g5596__9945      | A1 ^ -> Y v | AOI21XL  | 0.053 |   0.254 |    0.203 | 
     | FE_PHC38_n_40    | A v -> Y v  | BUFX3    | 0.061 |   0.316 |    0.264 | 
     | ack_q_reg[5]     | D v         | DFFRHQX1 | 0.000 |   0.316 |    0.264 | 
     +------------------------------------------------------------------------+ 
Path 45: MET Hold Check with Pin ack_q_reg[2]/CK 
Endpoint:   ack_q_reg[2]/D      (v) checked with  leading edge of 'clk'
Beginpoint: req_sync_q_reg[2]/Q (v) triggered by  leading edge of 'clk'
Path Groups: {clk}
Analysis View: hold_view
Other End Arrival Time          0.091
+ Hold                         -0.028
+ Phase Shift                   0.000
+ Uncertainty                   0.200
= Required Time                 0.264
  Arrival Time                  0.315
  Slack Time                    0.052
     Clock Rise Edge                 0.000
     + Clock Network Latency (Prop)  -0.002
     = Beginpoint Arrival Time       -0.002
     +-------------------------------------------------------------------------+ 
     |     Instance      |     Arc     |   Cell   | Delay | Arrival | Required | 
     |                   |             |          |       |  Time   |   Time   | 
     |-------------------+-------------+----------+-------+---------+----------| 
     | req_sync_q_reg[2] | CK ^        |          |       |  -0.002 |   -0.053 | 
     | req_sync_q_reg[2] | CK ^ -> Q v | DFFRHQX1 | 0.166 |   0.164 |    0.113 | 
     | g5626             | A v -> Y ^  | INVX1    | 0.046 |   0.210 |    0.158 | 
     | g5603__2398       | B0 ^ -> Y v | AOI21XL  | 0.042 |   0.252 |    0.200 | 
     | FE_PHC50_n_26     | A v -> Y v  | BUFX3    | 0.064 |   0.315 |    0.264 | 
     | ack_q_reg[2]      | D v         | DFFRHQX1 | 0.000 |   0.315 |    0.264 | 
     +-------------------------------------------------------------------------+ 
Path 46: MET Hold Check with Pin ack_q_reg[3]/CK 
Endpoint:   ack_q_reg[3]/D      (v) checked with  leading edge of 'clk'
Beginpoint: req_sync_q_reg[3]/Q (v) triggered by  leading edge of 'clk'
Path Groups: {clk}
Analysis View: hold_view
Other End Arrival Time          0.091
+ Hold                         -0.028
+ Phase Shift                   0.000
+ Uncertainty                   0.200
= Required Time                 0.264
  Arrival Time                  0.315
  Slack Time                    0.052
     Clock Rise Edge                 0.000
     + Clock Network Latency (Prop)  -0.002
     = Beginpoint Arrival Time       -0.002
     +-------------------------------------------------------------------------+ 
     |     Instance      |     Arc     |   Cell   | Delay | Arrival | Required | 
     |                   |             |          |       |  Time   |   Time   | 
     |-------------------+-------------+----------+-------+---------+----------| 
     | req_sync_q_reg[3] | CK ^        |          |       |  -0.002 |   -0.053 | 
     | req_sync_q_reg[3] | CK ^ -> Q v | DFFRHQX1 | 0.168 |   0.166 |    0.115 | 
     | g5630             | A v -> Y ^  | INVX1    | 0.047 |   0.213 |    0.162 | 
     | g5605__6260       | B0 ^ -> Y v | AOI21XL  | 0.040 |   0.253 |    0.201 | 
     | FE_PHC41_n_22     | A v -> Y v  | BUFX3    | 0.062 |   0.315 |    0.264 | 
     | ack_q_reg[3]      | D v         | DFFRHQX1 | 0.000 |   0.315 |    0.264 | 
     +-------------------------------------------------------------------------+ 
Path 47: MET Hold Check with Pin ack_q_reg[1]/CK 
Endpoint:   ack_q_reg[1]/D     (v) checked with  leading edge of 'clk'
Beginpoint: pending_q_reg[1]/Q (^) triggered by  leading edge of 'clk'
Path Groups: {clk}
Analysis View: hold_view
Other End Arrival Time          0.092
+ Hold                         -0.028
+ Phase Shift                   0.000
+ Uncertainty                   0.200
= Required Time                 0.264
  Arrival Time                  0.317
  Slack Time                    0.053
     Clock Rise Edge                 0.000
     + Clock Network Latency (Prop)  0.002
     = Beginpoint Arrival Time       0.002
     +------------------------------------------------------------------------+ 
     |     Instance     |     Arc     |   Cell   | Delay | Arrival | Required | 
     |                  |             |          |       |  Time   |   Time   | 
     |------------------+-------------+----------+-------+---------+----------| 
     | pending_q_reg[1] | CK ^        |          |       |   0.002 |   -0.051 | 
     | pending_q_reg[1] | CK ^ -> Q ^ | DFFRHQX1 | 0.204 |   0.206 |    0.153 | 
     | g5601__6417      | A1 ^ -> Y v | AOI21XL  | 0.051 |   0.256 |    0.203 | 
     | FE_PHC40_n_30    | A v -> Y v  | BUFX3    | 0.061 |   0.317 |    0.264 | 
     | ack_q_reg[1]     | D v         | DFFRHQX1 | 0.000 |   0.317 |    0.264 | 
     +------------------------------------------------------------------------+ 
Path 48: MET Hold Check with Pin ack_q_reg[10]/CK 
Endpoint:   ack_q_reg[10]/D     (v) checked with  leading edge of 'clk'
Beginpoint: pending_q_reg[10]/Q (^) triggered by  leading edge of 'clk'
Path Groups: {clk}
Analysis View: hold_view
Other End Arrival Time          0.092
+ Hold                         -0.028
+ Phase Shift                   0.000
+ Uncertainty                   0.200
= Required Time                 0.264
  Arrival Time                  0.317
  Slack Time                    0.053
     Clock Rise Edge                 0.000
     + Clock Network Latency (Prop)  0.002
     = Beginpoint Arrival Time       0.002
     +-------------------------------------------------------------------------+ 
     |     Instance      |     Arc     |   Cell   | Delay | Arrival | Required | 
     |                   |             |          |       |  Time   |   Time   | 
     |-------------------+-------------+----------+-------+---------+----------| 
     | pending_q_reg[10] | CK ^        |          |       |   0.002 |   -0.052 | 
     | pending_q_reg[10] | CK ^ -> Q ^ | DFFRHQX1 | 0.197 |   0.198 |    0.145 | 
     | g5598__2346       | A1 ^ -> Y v | AOI21XL  | 0.055 |   0.254 |    0.200 | 
     | FE_PHC39_n_36     | A v -> Y v  | BUFX3    | 0.064 |   0.317 |    0.264 | 
     | ack_q_reg[10]     | D v         | DFFRHQX1 | 0.000 |   0.317 |    0.264 | 
     +-------------------------------------------------------------------------+ 
Path 49: MET Hold Check with Pin ack_q_reg[8]/CK 
Endpoint:   ack_q_reg[8]/D     (v) checked with  leading edge of 'clk'
Beginpoint: pending_q_reg[8]/Q (^) triggered by  leading edge of 'clk'
Path Groups: {clk}
Analysis View: hold_view
Other End Arrival Time          0.092
+ Hold                         -0.028
+ Phase Shift                   0.000
+ Uncertainty                   0.200
= Required Time                 0.264
  Arrival Time                  0.318
  Slack Time                    0.053
     Clock Rise Edge                 0.000
     + Clock Network Latency (Prop)  0.001
     = Beginpoint Arrival Time       0.001
     +------------------------------------------------------------------------+ 
     |     Instance     |     Arc     |   Cell   | Delay | Arrival | Required | 
     |                  |             |          |       |  Time   |   Time   | 
     |------------------+-------------+----------+-------+---------+----------| 
     | pending_q_reg[8] | CK ^        |          |       |   0.001 |   -0.052 | 
     | pending_q_reg[8] | CK ^ -> Q ^ | DFFRHQX1 | 0.205 |   0.206 |    0.153 | 
     | g5592__8428      | A1 ^ -> Y v | AOI21XL  | 0.050 |   0.257 |    0.203 | 
     | FE_PHC48_n_18    | A v -> Y v  | BUFX3    | 0.061 |   0.318 |    0.264 | 
     | ack_q_reg[8]     | D v         | DFFRHQX1 | 0.000 |   0.318 |    0.264 | 
     +------------------------------------------------------------------------+ 
Path 50: MET Hold Check with Pin out_addr_q_reg[2]/CK 
Endpoint:   out_addr_q_reg[2]/D (v) checked with  leading edge of 'clk'
Beginpoint: out_addr_q_reg[2]/Q (v) triggered by  leading edge of 'clk'
Path Groups: {clk}
Analysis View: hold_view
Other End Arrival Time          0.090
+ Hold                         -0.032
+ Phase Shift                   0.000
+ Uncertainty                   0.200
= Required Time                 0.258
  Arrival Time                  0.312
  Slack Time                    0.054
     Clock Rise Edge                 0.000
     + Clock Network Latency (Prop)  0.000
     = Beginpoint Arrival Time       0.000
     +-----------------------------------------------------------------------------+ 
     |      Instance       |     Arc      |   Cell    | Delay | Arrival | Required | 
     |                     |              |           |       |  Time   |   Time   | 
     |---------------------+--------------+-----------+-------+---------+----------| 
     | out_addr_q_reg[2]   | CK ^         |           |       |   0.000 |   -0.054 | 
     | out_addr_q_reg[2]   | CK ^ -> Q v  | DFFRHQX1  | 0.161 |   0.161 |    0.107 | 
     | FE_PHC51_out_addr_2 | A v -> Y v   | BUFX3     | 0.069 |   0.231 |    0.177 | 
     | g5513__5115         | A0N v -> Y v | OAI2BB2X1 | 0.082 |   0.312 |    0.258 | 
     | out_addr_q_reg[2]   | D v          | DFFRHQX1  | 0.000 |   0.312 |    0.258 | 
     +-----------------------------------------------------------------------------+ 

