###############################################################
#  Generated by:      Cadence Innovus 23.14-s088_1
#  OS:                Linux x86_64(Host ID <CADENCE_HOST>)
#  Generated on:      Thu Aug 20 12:54:16 2026
#  Design:            aer_pending_gray_epoch
#  Command:           report_timing -check_type removal -max_paths 20 > reports/p7ge_pnr/postroute_removal_timing.rpt
###############################################################
Path 1: MET Removal Check with Pin epoch_bin_q_reg[3]/CK 
Endpoint:   epoch_bin_q_reg[3]/RN    (^) checked with  leading edge of 'clk'
Beginpoint: reset_release_q_reg[1]/Q (^) triggered by  leading edge of 'clk'
Path Groups: {async_default}
Analysis View: hold_view
Other End Arrival Time          0.089
+ Removal                      -0.007
+ Phase Shift                   0.000
+ Uncertainty                   0.200
= Required Time                 0.281
  Arrival Time                  0.622
  Slack Time                    0.340
     Clock Rise Edge                 0.000
     + Clock Network Latency (Prop)  -0.004
     = Beginpoint Arrival Time       -0.004
     +---------------------------------------------------------------------------------+ 
     |         Instance          |     Arc     |   Cell   | Delay | Arrival | Required | 
     |                           |             |          |       |  Time   |   Time   | 
     |---------------------------+-------------+----------+-------+---------+----------| 
     | reset_release_q_reg[1]    | CK ^        |          |       |  -0.004 |   -0.344 | 
     | reset_release_q_reg[1]    | CK ^ -> Q ^ | DFFRHQXL | 0.217 |   0.213 |   -0.127 | 
     | FE_OFC0_reset_release_q_1 | A ^ -> Y ^  | CLKBUFX4 | 0.405 |   0.618 |    0.278 | 
     | epoch_bin_q_reg[3]        | RN ^        | JKFFRXL  | 0.004 |   0.622 |    0.281 | 
     +---------------------------------------------------------------------------------+ 
Path 2: MET Removal Check with Pin req_meta_q_reg[1]/CK 
Endpoint:   req_meta_q_reg[1]/RN     (^) checked with  leading edge of 'clk'
Beginpoint: reset_release_q_reg[1]/Q (^) triggered by  leading edge of 'clk'
Path Groups: {async_default}
Analysis View: hold_view
Other End Arrival Time          0.088
+ Removal                      -0.034
+ Phase Shift                   0.000
+ Uncertainty                   0.200
= Required Time                 0.253
  Arrival Time                  0.619
  Slack Time                    0.366
     Clock Rise Edge                 0.000
     + Clock Network Latency (Prop)  -0.004
     = Beginpoint Arrival Time       -0.004
     +---------------------------------------------------------------------------------+ 
     |         Instance          |     Arc     |   Cell   | Delay | Arrival | Required | 
     |                           |             |          |       |  Time   |   Time   | 
     |---------------------------+-------------+----------+-------+---------+----------| 
     | reset_release_q_reg[1]    | CK ^        |          |       |  -0.004 |   -0.370 | 
     | reset_release_q_reg[1]    | CK ^ -> Q ^ | DFFRHQXL | 0.217 |   0.213 |   -0.153 | 
     | FE_OFC0_reset_release_q_1 | A ^ -> Y ^  | CLKBUFX4 | 0.405 |   0.618 |    0.252 | 
     | req_meta_q_reg[1]         | RN ^        | DFFRHQX1 | 0.001 |   0.619 |    0.253 | 
     +---------------------------------------------------------------------------------+ 
Path 3: MET Removal Check with Pin req_sync_q_reg[1]/CK 
Endpoint:   req_sync_q_reg[1]/RN     (^) checked with  leading edge of 'clk'
Beginpoint: reset_release_q_reg[1]/Q (^) triggered by  leading edge of 'clk'
Path Groups: {async_default}
Analysis View: hold_view
Other End Arrival Time          0.087
+ Removal                      -0.034
+ Phase Shift                   0.000
+ Uncertainty                   0.200
= Required Time                 0.253
  Arrival Time                  0.619
  Slack Time                    0.367
     Clock Rise Edge                 0.000
     + Clock Network Latency (Prop)  -0.004
     = Beginpoint Arrival Time       -0.004
     +---------------------------------------------------------------------------------+ 
     |         Instance          |     Arc     |   Cell   | Delay | Arrival | Required | 
     |                           |             |          |       |  Time   |   Time   | 
     |---------------------------+-------------+----------+-------+---------+----------| 
     | reset_release_q_reg[1]    | CK ^        |          |       |  -0.004 |   -0.370 | 
     | reset_release_q_reg[1]    | CK ^ -> Q ^ | DFFRHQXL | 0.217 |   0.213 |   -0.154 | 
     | FE_OFC0_reset_release_q_1 | A ^ -> Y ^  | CLKBUFX4 | 0.405 |   0.618 |    0.252 | 
     | req_sync_q_reg[1]         | RN ^        | DFFRHQX1 | 0.001 |   0.619 |    0.253 | 
     +---------------------------------------------------------------------------------+ 
Path 4: MET Removal Check with Pin req_meta_q_reg[0]/CK 
Endpoint:   req_meta_q_reg[0]/RN     (^) checked with  leading edge of 'clk'
Beginpoint: reset_release_q_reg[1]/Q (^) triggered by  leading edge of 'clk'
Path Groups: {async_default}
Analysis View: hold_view
Other End Arrival Time          0.087
+ Removal                      -0.034
+ Phase Shift                   0.000
+ Uncertainty                   0.200
= Required Time                 0.253
  Arrival Time                  0.619
  Slack Time                    0.367
     Clock Rise Edge                 0.000
     + Clock Network Latency (Prop)  -0.004
     = Beginpoint Arrival Time       -0.004
     +---------------------------------------------------------------------------------+ 
     |         Instance          |     Arc     |   Cell   | Delay | Arrival | Required | 
     |                           |             |          |       |  Time   |   Time   | 
     |---------------------------+-------------+----------+-------+---------+----------| 
     | reset_release_q_reg[1]    | CK ^        |          |       |  -0.004 |   -0.371 | 
     | reset_release_q_reg[1]    | CK ^ -> Q ^ | DFFRHQXL | 0.217 |   0.213 |   -0.154 | 
     | FE_OFC0_reset_release_q_1 | A ^ -> Y ^  | CLKBUFX4 | 0.405 |   0.618 |    0.252 | 
     | req_meta_q_reg[0]         | RN ^        | DFFRHQX1 | 0.001 |   0.619 |    0.253 | 
     +---------------------------------------------------------------------------------+ 
Path 5: MET Removal Check with Pin epoch_bin_q_reg[2]/CK 
Endpoint:   epoch_bin_q_reg[2]/RN    (^) checked with  leading edge of 'clk'
Beginpoint: reset_release_q_reg[1]/Q (^) triggered by  leading edge of 'clk'
Path Groups: {async_default}
Analysis View: hold_view
Other End Arrival Time          0.090
+ Removal                      -0.034
+ Phase Shift                   0.000
+ Uncertainty                   0.200
= Required Time                 0.255
  Arrival Time                  0.622
  Slack Time                    0.367
     Clock Rise Edge                 0.000
     + Clock Network Latency (Prop)  -0.004
     = Beginpoint Arrival Time       -0.004
     +---------------------------------------------------------------------------------+ 
     |         Instance          |     Arc     |   Cell   | Delay | Arrival | Required | 
     |                           |             |          |       |  Time   |   Time   | 
     |---------------------------+-------------+----------+-------+---------+----------| 
     | reset_release_q_reg[1]    | CK ^        |          |       |  -0.004 |   -0.371 | 
     | reset_release_q_reg[1]    | CK ^ -> Q ^ | DFFRHQXL | 0.217 |   0.213 |   -0.154 | 
     | FE_OFC0_reset_release_q_1 | A ^ -> Y ^  | CLKBUFX4 | 0.405 |   0.618 |    0.251 | 
     | epoch_bin_q_reg[2]        | RN ^        | DFFRHQX1 | 0.004 |   0.622 |    0.255 | 
     +---------------------------------------------------------------------------------+ 
Path 6: MET Removal Check with Pin epoch_bin_q_reg[1]/CK 
Endpoint:   epoch_bin_q_reg[1]/RN    (^) checked with  leading edge of 'clk'
Beginpoint: reset_release_q_reg[1]/Q (^) triggered by  leading edge of 'clk'
Path Groups: {async_default}
Analysis View: hold_view
Other End Arrival Time          0.089
+ Removal                      -0.034
+ Phase Shift                   0.000
+ Uncertainty                   0.200
= Required Time                 0.255
  Arrival Time                  0.622
  Slack Time                    0.367
     Clock Rise Edge                 0.000
     + Clock Network Latency (Prop)  -0.004
     = Beginpoint Arrival Time       -0.004
     +---------------------------------------------------------------------------------+ 
     |         Instance          |     Arc     |   Cell   | Delay | Arrival | Required | 
     |                           |             |          |       |  Time   |   Time   | 
     |---------------------------+-------------+----------+-------+---------+----------| 
     | reset_release_q_reg[1]    | CK ^        |          |       |  -0.004 |   -0.371 | 
     | reset_release_q_reg[1]    | CK ^ -> Q ^ | DFFRHQXL | 0.217 |   0.213 |   -0.154 | 
     | FE_OFC0_reset_release_q_1 | A ^ -> Y ^  | CLKBUFX4 | 0.405 |   0.618 |    0.251 | 
     | epoch_bin_q_reg[1]        | RN ^        | DFFRHQX1 | 0.003 |   0.622 |    0.255 | 
     +---------------------------------------------------------------------------------+ 
Path 7: MET Removal Check with Pin req_meta_q_reg[2]/CK 
Endpoint:   req_meta_q_reg[2]/RN     (^) checked with  leading edge of 'clk'
Beginpoint: reset_release_q_reg[1]/Q (^) triggered by  leading edge of 'clk'
Path Groups: {async_default}
Analysis View: hold_view
Other End Arrival Time          0.087
+ Removal                      -0.034
+ Phase Shift                   0.000
+ Uncertainty                   0.200
= Required Time                 0.253
  Arrival Time                  0.620
  Slack Time                    0.367
     Clock Rise Edge                 0.000
     + Clock Network Latency (Prop)  -0.004
     = Beginpoint Arrival Time       -0.004
     +---------------------------------------------------------------------------------+ 
     |         Instance          |     Arc     |   Cell   | Delay | Arrival | Required | 
     |                           |             |          |       |  Time   |   Time   | 
     |---------------------------+-------------+----------+-------+---------+----------| 
     | reset_release_q_reg[1]    | CK ^        |          |       |  -0.004 |   -0.371 | 
     | reset_release_q_reg[1]    | CK ^ -> Q ^ | DFFRHQXL | 0.217 |   0.213 |   -0.154 | 
     | FE_OFC0_reset_release_q_1 | A ^ -> Y ^  | CLKBUFX4 | 0.405 |   0.618 |    0.251 | 
     | req_meta_q_reg[2]         | RN ^        | DFFRHQX1 | 0.002 |   0.620 |    0.253 | 
     +---------------------------------------------------------------------------------+ 
Path 8: MET Removal Check with Pin req_meta_q_reg[5]/CK 
Endpoint:   req_meta_q_reg[5]/RN     (^) checked with  leading edge of 'clk'
Beginpoint: reset_release_q_reg[1]/Q (^) triggered by  leading edge of 'clk'
Path Groups: {async_default}
Analysis View: hold_view
Other End Arrival Time          0.089
+ Removal                      -0.034
+ Phase Shift                   0.000
+ Uncertainty                   0.200
= Required Time                 0.254
  Arrival Time                  0.621
  Slack Time                    0.367
     Clock Rise Edge                 0.000
     + Clock Network Latency (Prop)  -0.004
     = Beginpoint Arrival Time       -0.004
     +---------------------------------------------------------------------------------+ 
     |         Instance          |     Arc     |   Cell   | Delay | Arrival | Required | 
     |                           |             |          |       |  Time   |   Time   | 
     |---------------------------+-------------+----------+-------+---------+----------| 
     | reset_release_q_reg[1]    | CK ^        |          |       |  -0.004 |   -0.371 | 
     | reset_release_q_reg[1]    | CK ^ -> Q ^ | DFFRHQXL | 0.217 |   0.213 |   -0.154 | 
     | FE_OFC0_reset_release_q_1 | A ^ -> Y ^  | CLKBUFX4 | 0.405 |   0.618 |    0.251 | 
     | req_meta_q_reg[5]         | RN ^        | DFFRHQX1 | 0.003 |   0.621 |    0.254 | 
     +---------------------------------------------------------------------------------+ 
Path 9: MET Removal Check with Pin req_meta_q_reg[7]/CK 
Endpoint:   req_meta_q_reg[7]/RN     (^) checked with  leading edge of 'clk'
Beginpoint: reset_release_q_reg[1]/Q (^) triggered by  leading edge of 'clk'
Path Groups: {async_default}
Analysis View: hold_view
Other End Arrival Time          0.089
+ Removal                      -0.034
+ Phase Shift                   0.000
+ Uncertainty                   0.200
= Required Time                 0.254
  Arrival Time                  0.621
  Slack Time                    0.367
     Clock Rise Edge                 0.000
     + Clock Network Latency (Prop)  -0.004
     = Beginpoint Arrival Time       -0.004
     +---------------------------------------------------------------------------------+ 
     |         Instance          |     Arc     |   Cell   | Delay | Arrival | Required | 
     |                           |             |          |       |  Time   |   Time   | 
     |---------------------------+-------------+----------+-------+---------+----------| 
     | reset_release_q_reg[1]    | CK ^        |          |       |  -0.004 |   -0.371 | 
     | reset_release_q_reg[1]    | CK ^ -> Q ^ | DFFRHQXL | 0.217 |   0.213 |   -0.154 | 
     | FE_OFC0_reset_release_q_1 | A ^ -> Y ^  | CLKBUFX4 | 0.405 |   0.618 |    0.251 | 
     | req_meta_q_reg[7]         | RN ^        | DFFRHQX1 | 0.003 |   0.621 |    0.254 | 
     +---------------------------------------------------------------------------------+ 
Path 10: MET Removal Check with Pin req_meta_q_reg[6]/CK 
Endpoint:   req_meta_q_reg[6]/RN     (^) checked with  leading edge of 'clk'
Beginpoint: reset_release_q_reg[1]/Q (^) triggered by  leading edge of 'clk'
Path Groups: {async_default}
Analysis View: hold_view
Other End Arrival Time          0.089
+ Removal                      -0.034
+ Phase Shift                   0.000
+ Uncertainty                   0.200
= Required Time                 0.254
  Arrival Time                  0.621
  Slack Time                    0.367
     Clock Rise Edge                 0.000
     + Clock Network Latency (Prop)  -0.004
     = Beginpoint Arrival Time       -0.004
     +---------------------------------------------------------------------------------+ 
     |         Instance          |     Arc     |   Cell   | Delay | Arrival | Required | 
     |                           |             |          |       |  Time   |   Time   | 
     |---------------------------+-------------+----------+-------+---------+----------| 
     | reset_release_q_reg[1]    | CK ^        |          |       |  -0.004 |   -0.371 | 
     | reset_release_q_reg[1]    | CK ^ -> Q ^ | DFFRHQXL | 0.217 |   0.213 |   -0.154 | 
     | FE_OFC0_reset_release_q_1 | A ^ -> Y ^  | CLKBUFX4 | 0.405 |   0.618 |    0.251 | 
     | req_meta_q_reg[6]         | RN ^        | DFFRHQX1 | 0.003 |   0.621 |    0.254 | 
     +---------------------------------------------------------------------------------+ 
Path 11: MET Removal Check with Pin ack_q_reg[11]/CK 
Endpoint:   ack_q_reg[11]/RN         (^) checked with  leading edge of 'clk'
Beginpoint: reset_release_q_reg[1]/Q (^) triggered by  leading edge of 'clk'
Path Groups: {async_default}
Analysis View: hold_view
Other End Arrival Time          0.091
+ Removal                      -0.034
+ Phase Shift                   0.000
+ Uncertainty                   0.200
= Required Time                 0.257
  Arrival Time                  0.624
  Slack Time                    0.367
     Clock Rise Edge                 0.000
     + Clock Network Latency (Prop)  -0.004
     = Beginpoint Arrival Time       -0.004
     +---------------------------------------------------------------------------------+ 
     |         Instance          |     Arc     |   Cell   | Delay | Arrival | Required | 
     |                           |             |          |       |  Time   |   Time   | 
     |---------------------------+-------------+----------+-------+---------+----------| 
     | reset_release_q_reg[1]    | CK ^        |          |       |  -0.004 |   -0.371 | 
     | reset_release_q_reg[1]    | CK ^ -> Q ^ | DFFRHQXL | 0.217 |   0.213 |   -0.154 | 
     | FE_OFC0_reset_release_q_1 | A ^ -> Y ^  | CLKBUFX4 | 0.405 |   0.618 |    0.251 | 
     | ack_q_reg[11]             | RN ^        | DFFRHQX1 | 0.006 |   0.624 |    0.257 | 
     +---------------------------------------------------------------------------------+ 
Path 12: MET Removal Check with Pin ack_q_reg[12]/CK 
Endpoint:   ack_q_reg[12]/RN         (^) checked with  leading edge of 'clk'
Beginpoint: reset_release_q_reg[1]/Q (^) triggered by  leading edge of 'clk'
Path Groups: {async_default}
Analysis View: hold_view
Other End Arrival Time          0.091
+ Removal                      -0.034
+ Phase Shift                   0.000
+ Uncertainty                   0.200
= Required Time                 0.257
  Arrival Time                  0.624
  Slack Time                    0.367
     Clock Rise Edge                 0.000
     + Clock Network Latency (Prop)  -0.004
     = Beginpoint Arrival Time       -0.004
     +---------------------------------------------------------------------------------+ 
     |         Instance          |     Arc     |   Cell   | Delay | Arrival | Required | 
     |                           |             |          |       |  Time   |   Time   | 
     |---------------------------+-------------+----------+-------+---------+----------| 
     | reset_release_q_reg[1]    | CK ^        |          |       |  -0.004 |   -0.371 | 
     | reset_release_q_reg[1]    | CK ^ -> Q ^ | DFFRHQXL | 0.217 |   0.213 |   -0.154 | 
     | FE_OFC0_reset_release_q_1 | A ^ -> Y ^  | CLKBUFX4 | 0.405 |   0.618 |    0.251 | 
     | ack_q_reg[12]             | RN ^        | DFFRHQX1 | 0.006 |   0.624 |    0.257 | 
     +---------------------------------------------------------------------------------+ 
Path 13: MET Removal Check with Pin epoch_bin_q_reg[0]/CK 
Endpoint:   epoch_bin_q_reg[0]/RN    (^) checked with  leading edge of 'clk'
Beginpoint: reset_release_q_reg[1]/Q (^) triggered by  leading edge of 'clk'
Path Groups: {async_default}
Analysis View: hold_view
Other End Arrival Time          0.089
+ Removal                      -0.034
+ Phase Shift                   0.000
+ Uncertainty                   0.200
= Required Time                 0.255
  Arrival Time                  0.622
  Slack Time                    0.367
     Clock Rise Edge                 0.000
     + Clock Network Latency (Prop)  -0.004
     = Beginpoint Arrival Time       -0.004
     +---------------------------------------------------------------------------------+ 
     |         Instance          |     Arc     |   Cell   | Delay | Arrival | Required | 
     |                           |             |          |       |  Time   |   Time   | 
     |---------------------------+-------------+----------+-------+---------+----------| 
     | reset_release_q_reg[1]    | CK ^        |          |       |  -0.004 |   -0.371 | 
     | reset_release_q_reg[1]    | CK ^ -> Q ^ | DFFRHQXL | 0.217 |   0.213 |   -0.154 | 
     | FE_OFC0_reset_release_q_1 | A ^ -> Y ^  | CLKBUFX4 | 0.405 |   0.618 |    0.251 | 
     | epoch_bin_q_reg[0]        | RN ^        | DFFRHQX1 | 0.003 |   0.622 |    0.255 | 
     +---------------------------------------------------------------------------------+ 
Path 14: MET Removal Check with Pin req_meta_q_reg[3]/CK 
Endpoint:   req_meta_q_reg[3]/RN     (^) checked with  leading edge of 'clk'
Beginpoint: reset_release_q_reg[1]/Q (^) triggered by  leading edge of 'clk'
Path Groups: {async_default}
Analysis View: hold_view
Other End Arrival Time          0.087
+ Removal                      -0.034
+ Phase Shift                   0.000
+ Uncertainty                   0.200
= Required Time                 0.253
  Arrival Time                  0.620
  Slack Time                    0.367
     Clock Rise Edge                 0.000
     + Clock Network Latency (Prop)  -0.004
     = Beginpoint Arrival Time       -0.004
     +---------------------------------------------------------------------------------+ 
     |         Instance          |     Arc     |   Cell   | Delay | Arrival | Required | 
     |                           |             |          |       |  Time   |   Time   | 
     |---------------------------+-------------+----------+-------+---------+----------| 
     | reset_release_q_reg[1]    | CK ^        |          |       |  -0.004 |   -0.371 | 
     | reset_release_q_reg[1]    | CK ^ -> Q ^ | DFFRHQXL | 0.217 |   0.213 |   -0.154 | 
     | FE_OFC0_reset_release_q_1 | A ^ -> Y ^  | CLKBUFX4 | 0.405 |   0.618 |    0.251 | 
     | req_meta_q_reg[3]         | RN ^        | DFFRHQX1 | 0.002 |   0.620 |    0.253 | 
     +---------------------------------------------------------------------------------+ 
Path 15: MET Removal Check with Pin pending_q_reg[13]/CK 
Endpoint:   pending_q_reg[13]/RN     (^) checked with  leading edge of 'clk'
Beginpoint: reset_release_q_reg[1]/Q (^) triggered by  leading edge of 'clk'
Path Groups: {async_default}
Analysis View: hold_view
Other End Arrival Time          0.090
+ Removal                      -0.034
+ Phase Shift                   0.000
+ Uncertainty                   0.200
= Required Time                 0.256
  Arrival Time                  0.623
  Slack Time                    0.367
     Clock Rise Edge                 0.000
     + Clock Network Latency (Prop)  -0.004
     = Beginpoint Arrival Time       -0.004
     +---------------------------------------------------------------------------------+ 
     |         Instance          |     Arc     |   Cell   | Delay | Arrival | Required | 
     |                           |             |          |       |  Time   |   Time   | 
     |---------------------------+-------------+----------+-------+---------+----------| 
     | reset_release_q_reg[1]    | CK ^        |          |       |  -0.004 |   -0.371 | 
     | reset_release_q_reg[1]    | CK ^ -> Q ^ | DFFRHQXL | 0.217 |   0.213 |   -0.154 | 
     | FE_OFC0_reset_release_q_1 | A ^ -> Y ^  | CLKBUFX4 | 0.405 |   0.618 |    0.251 | 
     | pending_q_reg[13]         | RN ^        | DFFRHQX1 | 0.005 |   0.623 |    0.256 | 
     +---------------------------------------------------------------------------------+ 
Path 16: MET Removal Check with Pin pending_q_reg[12]/CK 
Endpoint:   pending_q_reg[12]/RN     (^) checked with  leading edge of 'clk'
Beginpoint: reset_release_q_reg[1]/Q (^) triggered by  leading edge of 'clk'
Path Groups: {async_default}
Analysis View: hold_view
Other End Arrival Time          0.090
+ Removal                      -0.034
+ Phase Shift                   0.000
+ Uncertainty                   0.200
= Required Time                 0.256
  Arrival Time                  0.623
  Slack Time                    0.367
     Clock Rise Edge                 0.000
     + Clock Network Latency (Prop)  -0.004
     = Beginpoint Arrival Time       -0.004
     +---------------------------------------------------------------------------------+ 
     |         Instance          |     Arc     |   Cell   | Delay | Arrival | Required | 
     |                           |             |          |       |  Time   |   Time   | 
     |---------------------------+-------------+----------+-------+---------+----------| 
     | reset_release_q_reg[1]    | CK ^        |          |       |  -0.004 |   -0.371 | 
     | reset_release_q_reg[1]    | CK ^ -> Q ^ | DFFRHQXL | 0.217 |   0.213 |   -0.154 | 
     | FE_OFC0_reset_release_q_1 | A ^ -> Y ^  | CLKBUFX4 | 0.405 |   0.618 |    0.251 | 
     | pending_q_reg[12]         | RN ^        | DFFRHQX1 | 0.005 |   0.623 |    0.256 | 
     +---------------------------------------------------------------------------------+ 
Path 17: MET Removal Check with Pin ack_q_reg[13]/CK 
Endpoint:   ack_q_reg[13]/RN         (^) checked with  leading edge of 'clk'
Beginpoint: reset_release_q_reg[1]/Q (^) triggered by  leading edge of 'clk'
Path Groups: {async_default}
Analysis View: hold_view
Other End Arrival Time          0.091
+ Removal                      -0.034
+ Phase Shift                   0.000
+ Uncertainty                   0.200
= Required Time                 0.256
  Arrival Time                  0.624
  Slack Time                    0.367
     Clock Rise Edge                 0.000
     + Clock Network Latency (Prop)  -0.004
     = Beginpoint Arrival Time       -0.004
     +---------------------------------------------------------------------------------+ 
     |         Instance          |     Arc     |   Cell   | Delay | Arrival | Required | 
     |                           |             |          |       |  Time   |   Time   | 
     |---------------------------+-------------+----------+-------+---------+----------| 
     | reset_release_q_reg[1]    | CK ^        |          |       |  -0.004 |   -0.371 | 
     | reset_release_q_reg[1]    | CK ^ -> Q ^ | DFFRHQXL | 0.217 |   0.213 |   -0.154 | 
     | FE_OFC0_reset_release_q_1 | A ^ -> Y ^  | CLKBUFX4 | 0.405 |   0.618 |    0.251 | 
     | ack_q_reg[13]             | RN ^        | DFFRHQX1 | 0.006 |   0.624 |    0.256 | 
     +---------------------------------------------------------------------------------+ 
Path 18: MET Removal Check with Pin out_addr_q_reg[0]/CK 
Endpoint:   out_addr_q_reg[0]/RN     (^) checked with  leading edge of 'clk'
Beginpoint: reset_release_q_reg[1]/Q (^) triggered by  leading edge of 'clk'
Path Groups: {async_default}
Analysis View: hold_view
Other End Arrival Time          0.091
+ Removal                      -0.034
+ Phase Shift                   0.000
+ Uncertainty                   0.200
= Required Time                 0.256
  Arrival Time                  0.624
  Slack Time                    0.367
     Clock Rise Edge                 0.000
     + Clock Network Latency (Prop)  -0.004
     = Beginpoint Arrival Time       -0.004
     +---------------------------------------------------------------------------------+ 
     |         Instance          |     Arc     |   Cell   | Delay | Arrival | Required | 
     |                           |             |          |       |  Time   |   Time   | 
     |---------------------------+-------------+----------+-------+---------+----------| 
     | reset_release_q_reg[1]    | CK ^        |          |       |  -0.004 |   -0.371 | 
     | reset_release_q_reg[1]    | CK ^ -> Q ^ | DFFRHQXL | 0.217 |   0.213 |   -0.154 | 
     | FE_OFC0_reset_release_q_1 | A ^ -> Y ^  | CLKBUFX4 | 0.405 |   0.618 |    0.251 | 
     | out_addr_q_reg[0]         | RN ^        | DFFRHQX1 | 0.006 |   0.624 |    0.256 | 
     +---------------------------------------------------------------------------------+ 
Path 19: MET Removal Check with Pin ack_q_reg[15]/CK 
Endpoint:   ack_q_reg[15]/RN         (^) checked with  leading edge of 'clk'
Beginpoint: reset_release_q_reg[1]/Q (^) triggered by  leading edge of 'clk'
Path Groups: {async_default}
Analysis View: hold_view
Other End Arrival Time          0.089
+ Removal                      -0.034
+ Phase Shift                   0.000
+ Uncertainty                   0.200
= Required Time                 0.254
  Arrival Time                  0.622
  Slack Time                    0.367
     Clock Rise Edge                 0.000
     + Clock Network Latency (Prop)  -0.004
     = Beginpoint Arrival Time       -0.004
     +---------------------------------------------------------------------------------+ 
     |         Instance          |     Arc     |   Cell   | Delay | Arrival | Required | 
     |                           |             |          |       |  Time   |   Time   | 
     |---------------------------+-------------+----------+-------+---------+----------| 
     | reset_release_q_reg[1]    | CK ^        |          |       |  -0.004 |   -0.371 | 
     | reset_release_q_reg[1]    | CK ^ -> Q ^ | DFFRHQXL | 0.217 |   0.213 |   -0.154 | 
     | FE_OFC0_reset_release_q_1 | A ^ -> Y ^  | CLKBUFX4 | 0.405 |   0.618 |    0.251 | 
     | ack_q_reg[15]             | RN ^        | DFFRHQX1 | 0.004 |   0.622 |    0.254 | 
     +---------------------------------------------------------------------------------+ 
Path 20: MET Removal Check with Pin out_valid_q_reg/CK 
Endpoint:   out_valid_q_reg/RN       (^) checked with  leading edge of 'clk'
Beginpoint: reset_release_q_reg[1]/Q (^) triggered by  leading edge of 'clk'
Path Groups: {async_default}
Analysis View: hold_view
Other End Arrival Time          0.090
+ Removal                      -0.034
+ Phase Shift                   0.000
+ Uncertainty                   0.200
= Required Time                 0.256
  Arrival Time                  0.623
  Slack Time                    0.367
     Clock Rise Edge                 0.000
     + Clock Network Latency (Prop)  -0.004
     = Beginpoint Arrival Time       -0.004
     +---------------------------------------------------------------------------------+ 
     |         Instance          |     Arc     |   Cell   | Delay | Arrival | Required | 
     |                           |             |          |       |  Time   |   Time   | 
     |---------------------------+-------------+----------+-------+---------+----------| 
     | reset_release_q_reg[1]    | CK ^        |          |       |  -0.004 |   -0.371 | 
     | reset_release_q_reg[1]    | CK ^ -> Q ^ | DFFRHQXL | 0.217 |   0.213 |   -0.155 | 
     | FE_OFC0_reset_release_q_1 | A ^ -> Y ^  | CLKBUFX4 | 0.405 |   0.618 |    0.251 | 
     | out_valid_q_reg           | RN ^        | DFFRHQX1 | 0.005 |   0.623 |    0.256 | 
     +---------------------------------------------------------------------------------+ 

