###############################################################
#  Generated by:      Cadence Innovus 23.14-s088_1
#  OS:                Linux x86_64(Host ID <CADENCE_HOST>)
#  Generated on:      Thu Aug 20 12:54:15 2026
#  Design:            aer_pending_gray_epoch
#  Command:           report_timing -check_type recovery -max_paths 20 > reports/p7ge_pnr/postroute_recovery_timing.rpt
###############################################################
Path 1: MET Recovery Check with Pin pending_q_reg[11]/CK 
Endpoint:   pending_q_reg[11]/RN     (^) checked with  leading edge of 'clk'
Beginpoint: reset_release_q_reg[1]/Q (^) triggered by  leading edge of 'clk'
Path Groups: {async_default}
Analysis View: setup_view
Other End Arrival Time          0.179
- Recovery                      0.297
+ Phase Shift                  10.000
- Uncertainty                   0.200
= Required Time                 9.683
- Arrival Time                  1.316
= Slack Time                    8.366
     Clock Rise Edge                 0.000
     + Clock Network Latency (Prop)  -0.002
     = Beginpoint Arrival Time       -0.002
     +---------------------------------------------------------------------------------+ 
     |         Instance          |     Arc     |   Cell   | Delay | Arrival | Required | 
     |                           |             |          |       |  Time   |   Time   | 
     |---------------------------+-------------+----------+-------+---------+----------| 
     | reset_release_q_reg[1]    | CK ^        |          |       |  -0.002 |    8.364 | 
     | reset_release_q_reg[1]    | CK ^ -> Q ^ | DFFRHQXL | 0.499 |   0.497 |    8.863 | 
     | FE_OFC0_reset_release_q_1 | A ^ -> Y ^  | CLKBUFX4 | 0.810 |   1.307 |    9.673 | 
     | pending_q_reg[11]         | RN ^        | DFFRHQX1 | 0.009 |   1.316 |    9.683 | 
     +---------------------------------------------------------------------------------+ 
Path 2: MET Recovery Check with Pin ack_q_reg[9]/CK 
Endpoint:   ack_q_reg[9]/RN          (^) checked with  leading edge of 'clk'
Beginpoint: reset_release_q_reg[1]/Q (^) triggered by  leading edge of 'clk'
Path Groups: {async_default}
Analysis View: setup_view
Other End Arrival Time          0.179
- Recovery                      0.297
+ Phase Shift                  10.000
- Uncertainty                   0.200
= Required Time                 9.683
- Arrival Time                  1.316
= Slack Time                    8.366
     Clock Rise Edge                 0.000
     + Clock Network Latency (Prop)  -0.002
     = Beginpoint Arrival Time       -0.002
     +---------------------------------------------------------------------------------+ 
     |         Instance          |     Arc     |   Cell   | Delay | Arrival | Required | 
     |                           |             |          |       |  Time   |   Time   | 
     |---------------------------+-------------+----------+-------+---------+----------| 
     | reset_release_q_reg[1]    | CK ^        |          |       |  -0.002 |    8.364 | 
     | reset_release_q_reg[1]    | CK ^ -> Q ^ | DFFRHQXL | 0.499 |   0.497 |    8.863 | 
     | FE_OFC0_reset_release_q_1 | A ^ -> Y ^  | CLKBUFX4 | 0.810 |   1.307 |    9.673 | 
     | ack_q_reg[9]              | RN ^        | DFFRHQX1 | 0.009 |   1.316 |    9.683 | 
     +---------------------------------------------------------------------------------+ 
Path 3: MET Recovery Check with Pin req_meta_q_reg[9]/CK 
Endpoint:   req_meta_q_reg[9]/RN     (^) checked with  leading edge of 'clk'
Beginpoint: reset_release_q_reg[1]/Q (^) triggered by  leading edge of 'clk'
Path Groups: {async_default}
Analysis View: setup_view
Other End Arrival Time          0.177
- Recovery                      0.297
+ Phase Shift                  10.000
- Uncertainty                   0.200
= Required Time                 9.681
- Arrival Time                  1.314
= Slack Time                    8.366
     Clock Rise Edge                 0.000
     + Clock Network Latency (Prop)  -0.002
     = Beginpoint Arrival Time       -0.002
     +---------------------------------------------------------------------------------+ 
     |         Instance          |     Arc     |   Cell   | Delay | Arrival | Required | 
     |                           |             |          |       |  Time   |   Time   | 
     |---------------------------+-------------+----------+-------+---------+----------| 
     | reset_release_q_reg[1]    | CK ^        |          |       |  -0.002 |    8.364 | 
     | reset_release_q_reg[1]    | CK ^ -> Q ^ | DFFRHQXL | 0.499 |   0.497 |    8.864 | 
     | FE_OFC0_reset_release_q_1 | A ^ -> Y ^  | CLKBUFX4 | 0.810 |   1.307 |    9.674 | 
     | req_meta_q_reg[9]         | RN ^        | DFFRHQX1 | 0.007 |   1.314 |    9.681 | 
     +---------------------------------------------------------------------------------+ 
Path 4: MET Recovery Check with Pin req_meta_q_reg[8]/CK 
Endpoint:   req_meta_q_reg[8]/RN     (^) checked with  leading edge of 'clk'
Beginpoint: reset_release_q_reg[1]/Q (^) triggered by  leading edge of 'clk'
Path Groups: {async_default}
Analysis View: setup_view
Other End Arrival Time          0.177
- Recovery                      0.297
+ Phase Shift                  10.000
- Uncertainty                   0.200
= Required Time                 9.681
- Arrival Time                  1.314
= Slack Time                    8.366
     Clock Rise Edge                 0.000
     + Clock Network Latency (Prop)  -0.002
     = Beginpoint Arrival Time       -0.002
     +---------------------------------------------------------------------------------+ 
     |         Instance          |     Arc     |   Cell   | Delay | Arrival | Required | 
     |                           |             |          |       |  Time   |   Time   | 
     |---------------------------+-------------+----------+-------+---------+----------| 
     | reset_release_q_reg[1]    | CK ^        |          |       |  -0.002 |    8.364 | 
     | reset_release_q_reg[1]    | CK ^ -> Q ^ | DFFRHQXL | 0.499 |   0.497 |    8.864 | 
     | FE_OFC0_reset_release_q_1 | A ^ -> Y ^  | CLKBUFX4 | 0.810 |   1.307 |    9.674 | 
     | req_meta_q_reg[8]         | RN ^        | DFFRHQX1 | 0.007 |   1.314 |    9.681 | 
     +---------------------------------------------------------------------------------+ 
Path 5: MET Recovery Check with Pin pending_q_reg[8]/CK 
Endpoint:   pending_q_reg[8]/RN      (^) checked with  leading edge of 'clk'
Beginpoint: reset_release_q_reg[1]/Q (^) triggered by  leading edge of 'clk'
Path Groups: {async_default}
Analysis View: setup_view
Other End Arrival Time          0.179
- Recovery                      0.297
+ Phase Shift                  10.000
- Uncertainty                   0.200
= Required Time                 9.683
- Arrival Time                  1.316
= Slack Time                    8.366
     Clock Rise Edge                 0.000
     + Clock Network Latency (Prop)  -0.002
     = Beginpoint Arrival Time       -0.002
     +---------------------------------------------------------------------------------+ 
     |         Instance          |     Arc     |   Cell   | Delay | Arrival | Required | 
     |                           |             |          |       |  Time   |   Time   | 
     |---------------------------+-------------+----------+-------+---------+----------| 
     | reset_release_q_reg[1]    | CK ^        |          |       |  -0.002 |    8.364 | 
     | reset_release_q_reg[1]    | CK ^ -> Q ^ | DFFRHQXL | 0.499 |   0.497 |    8.864 | 
     | FE_OFC0_reset_release_q_1 | A ^ -> Y ^  | CLKBUFX4 | 0.810 |   1.307 |    9.674 | 
     | pending_q_reg[8]          | RN ^        | DFFRHQX1 | 0.009 |   1.316 |    9.683 | 
     +---------------------------------------------------------------------------------+ 
Path 6: MET Recovery Check with Pin req_meta_q_reg[11]/CK 
Endpoint:   req_meta_q_reg[11]/RN    (^) checked with  leading edge of 'clk'
Beginpoint: reset_release_q_reg[1]/Q (^) triggered by  leading edge of 'clk'
Path Groups: {async_default}
Analysis View: setup_view
Other End Arrival Time          0.177
- Recovery                      0.297
+ Phase Shift                  10.000
- Uncertainty                   0.200
= Required Time                 9.681
- Arrival Time                  1.314
= Slack Time                    8.366
     Clock Rise Edge                 0.000
     + Clock Network Latency (Prop)  -0.002
     = Beginpoint Arrival Time       -0.002
     +---------------------------------------------------------------------------------+ 
     |         Instance          |     Arc     |   Cell   | Delay | Arrival | Required | 
     |                           |             |          |       |  Time   |   Time   | 
     |---------------------------+-------------+----------+-------+---------+----------| 
     | reset_release_q_reg[1]    | CK ^        |          |       |  -0.002 |    8.364 | 
     | reset_release_q_reg[1]    | CK ^ -> Q ^ | DFFRHQXL | 0.499 |   0.497 |    8.864 | 
     | FE_OFC0_reset_release_q_1 | A ^ -> Y ^  | CLKBUFX4 | 0.810 |   1.307 |    9.674 | 
     | req_meta_q_reg[11]        | RN ^        | DFFRHQX1 | 0.007 |   1.314 |    9.681 | 
     +---------------------------------------------------------------------------------+ 
Path 7: MET Recovery Check with Pin req_meta_q_reg[14]/CK 
Endpoint:   req_meta_q_reg[14]/RN    (^) checked with  leading edge of 'clk'
Beginpoint: reset_release_q_reg[1]/Q (^) triggered by  leading edge of 'clk'
Path Groups: {async_default}
Analysis View: setup_view
Other End Arrival Time          0.177
- Recovery                      0.297
+ Phase Shift                  10.000
- Uncertainty                   0.200
= Required Time                 9.681
- Arrival Time                  1.314
= Slack Time                    8.366
     Clock Rise Edge                 0.000
     + Clock Network Latency (Prop)  -0.002
     = Beginpoint Arrival Time       -0.002
     +---------------------------------------------------------------------------------+ 
     |         Instance          |     Arc     |   Cell   | Delay | Arrival | Required | 
     |                           |             |          |       |  Time   |   Time   | 
     |---------------------------+-------------+----------+-------+---------+----------| 
     | reset_release_q_reg[1]    | CK ^        |          |       |  -0.002 |    8.364 | 
     | reset_release_q_reg[1]    | CK ^ -> Q ^ | DFFRHQXL | 0.499 |   0.497 |    8.864 | 
     | FE_OFC0_reset_release_q_1 | A ^ -> Y ^  | CLKBUFX4 | 0.810 |   1.307 |    9.674 | 
     | req_meta_q_reg[14]        | RN ^        | DFFRHQX1 | 0.007 |   1.314 |    9.681 | 
     +---------------------------------------------------------------------------------+ 
Path 8: MET Recovery Check with Pin req_meta_q_reg[15]/CK 
Endpoint:   req_meta_q_reg[15]/RN    (^) checked with  leading edge of 'clk'
Beginpoint: reset_release_q_reg[1]/Q (^) triggered by  leading edge of 'clk'
Path Groups: {async_default}
Analysis View: setup_view
Other End Arrival Time          0.177
- Recovery                      0.297
+ Phase Shift                  10.000
- Uncertainty                   0.200
= Required Time                 9.681
- Arrival Time                  1.314
= Slack Time                    8.366
     Clock Rise Edge                 0.000
     + Clock Network Latency (Prop)  -0.002
     = Beginpoint Arrival Time       -0.002
     +---------------------------------------------------------------------------------+ 
     |         Instance          |     Arc     |   Cell   | Delay | Arrival | Required | 
     |                           |             |          |       |  Time   |   Time   | 
     |---------------------------+-------------+----------+-------+---------+----------| 
     | reset_release_q_reg[1]    | CK ^        |          |       |  -0.002 |    8.364 | 
     | reset_release_q_reg[1]    | CK ^ -> Q ^ | DFFRHQXL | 0.499 |   0.497 |    8.864 | 
     | FE_OFC0_reset_release_q_1 | A ^ -> Y ^  | CLKBUFX4 | 0.810 |   1.307 |    9.674 | 
     | req_meta_q_reg[15]        | RN ^        | DFFRHQX1 | 0.007 |   1.314 |    9.681 | 
     +---------------------------------------------------------------------------------+ 
Path 9: MET Recovery Check with Pin req_meta_q_reg[10]/CK 
Endpoint:   req_meta_q_reg[10]/RN    (^) checked with  leading edge of 'clk'
Beginpoint: reset_release_q_reg[1]/Q (^) triggered by  leading edge of 'clk'
Path Groups: {async_default}
Analysis View: setup_view
Other End Arrival Time          0.177
- Recovery                      0.297
+ Phase Shift                  10.000
- Uncertainty                   0.200
= Required Time                 9.681
- Arrival Time                  1.314
= Slack Time                    8.366
     Clock Rise Edge                 0.000
     + Clock Network Latency (Prop)  -0.002
     = Beginpoint Arrival Time       -0.002
     +---------------------------------------------------------------------------------+ 
     |         Instance          |     Arc     |   Cell   | Delay | Arrival | Required | 
     |                           |             |          |       |  Time   |   Time   | 
     |---------------------------+-------------+----------+-------+---------+----------| 
     | reset_release_q_reg[1]    | CK ^        |          |       |  -0.002 |    8.364 | 
     | reset_release_q_reg[1]    | CK ^ -> Q ^ | DFFRHQXL | 0.499 |   0.497 |    8.864 | 
     | FE_OFC0_reset_release_q_1 | A ^ -> Y ^  | CLKBUFX4 | 0.810 |   1.307 |    9.674 | 
     | req_meta_q_reg[10]        | RN ^        | DFFRHQX1 | 0.007 |   1.314 |    9.681 | 
     +---------------------------------------------------------------------------------+ 
Path 10: MET Recovery Check with Pin ack_q_reg[6]/CK 
Endpoint:   ack_q_reg[6]/RN          (^) checked with  leading edge of 'clk'
Beginpoint: reset_release_q_reg[1]/Q (^) triggered by  leading edge of 'clk'
Path Groups: {async_default}
Analysis View: setup_view
Other End Arrival Time          0.178
- Recovery                      0.297
+ Phase Shift                  10.000
- Uncertainty                   0.200
= Required Time                 9.682
- Arrival Time                  1.315
= Slack Time                    8.367
     Clock Rise Edge                 0.000
     + Clock Network Latency (Prop)  -0.002
     = Beginpoint Arrival Time       -0.002
     +---------------------------------------------------------------------------------+ 
     |         Instance          |     Arc     |   Cell   | Delay | Arrival | Required | 
     |                           |             |          |       |  Time   |   Time   | 
     |---------------------------+-------------+----------+-------+---------+----------| 
     | reset_release_q_reg[1]    | CK ^        |          |       |  -0.002 |    8.365 | 
     | reset_release_q_reg[1]    | CK ^ -> Q ^ | DFFRHQXL | 0.499 |   0.497 |    8.864 | 
     | FE_OFC0_reset_release_q_1 | A ^ -> Y ^  | CLKBUFX4 | 0.810 |   1.307 |    9.674 | 
     | ack_q_reg[6]              | RN ^        | DFFRHQX1 | 0.007 |   1.315 |    9.682 | 
     +---------------------------------------------------------------------------------+ 
Path 11: MET Recovery Check with Pin ack_q_reg[2]/CK 
Endpoint:   ack_q_reg[2]/RN          (^) checked with  leading edge of 'clk'
Beginpoint: reset_release_q_reg[1]/Q (^) triggered by  leading edge of 'clk'
Path Groups: {async_default}
Analysis View: setup_view
Other End Arrival Time          0.180
- Recovery                      0.297
+ Phase Shift                  10.000
- Uncertainty                   0.200
= Required Time                 9.683
- Arrival Time                  1.316
= Slack Time                    8.367
     Clock Rise Edge                 0.000
     + Clock Network Latency (Prop)  -0.002
     = Beginpoint Arrival Time       -0.002
     +---------------------------------------------------------------------------------+ 
     |         Instance          |     Arc     |   Cell   | Delay | Arrival | Required | 
     |                           |             |          |       |  Time   |   Time   | 
     |---------------------------+-------------+----------+-------+---------+----------| 
     | reset_release_q_reg[1]    | CK ^        |          |       |  -0.002 |    8.365 | 
     | reset_release_q_reg[1]    | CK ^ -> Q ^ | DFFRHQXL | 0.499 |   0.497 |    8.864 | 
     | FE_OFC0_reset_release_q_1 | A ^ -> Y ^  | CLKBUFX4 | 0.810 |   1.307 |    9.674 | 
     | ack_q_reg[2]              | RN ^        | DFFRHQX1 | 0.009 |   1.316 |    9.683 | 
     +---------------------------------------------------------------------------------+ 
Path 12: MET Recovery Check with Pin ack_q_reg[8]/CK 
Endpoint:   ack_q_reg[8]/RN          (^) checked with  leading edge of 'clk'
Beginpoint: reset_release_q_reg[1]/Q (^) triggered by  leading edge of 'clk'
Path Groups: {async_default}
Analysis View: setup_view
Other End Arrival Time          0.180
- Recovery                      0.297
+ Phase Shift                  10.000
- Uncertainty                   0.200
= Required Time                 9.684
- Arrival Time                  1.316
= Slack Time                    8.367
     Clock Rise Edge                 0.000
     + Clock Network Latency (Prop)  -0.002
     = Beginpoint Arrival Time       -0.002
     +---------------------------------------------------------------------------------+ 
     |         Instance          |     Arc     |   Cell   | Delay | Arrival | Required | 
     |                           |             |          |       |  Time   |   Time   | 
     |---------------------------+-------------+----------+-------+---------+----------| 
     | reset_release_q_reg[1]    | CK ^        |          |       |  -0.002 |    8.365 | 
     | reset_release_q_reg[1]    | CK ^ -> Q ^ | DFFRHQXL | 0.499 |   0.497 |    8.865 | 
     | FE_OFC0_reset_release_q_1 | A ^ -> Y ^  | CLKBUFX4 | 0.810 |   1.307 |    9.675 | 
     | ack_q_reg[8]              | RN ^        | DFFRHQX1 | 0.009 |   1.316 |    9.684 | 
     +---------------------------------------------------------------------------------+ 
Path 13: MET Recovery Check with Pin pending_q_reg[1]/CK 
Endpoint:   pending_q_reg[1]/RN      (^) checked with  leading edge of 'clk'
Beginpoint: reset_release_q_reg[1]/Q (^) triggered by  leading edge of 'clk'
Path Groups: {async_default}
Analysis View: setup_view
Other End Arrival Time          0.180
- Recovery                      0.297
+ Phase Shift                  10.000
- Uncertainty                   0.200
= Required Time                 9.683
- Arrival Time                  1.316
= Slack Time                    8.367
     Clock Rise Edge                 0.000
     + Clock Network Latency (Prop)  -0.002
     = Beginpoint Arrival Time       -0.002
     +---------------------------------------------------------------------------------+ 
     |         Instance          |     Arc     |   Cell   | Delay | Arrival | Required | 
     |                           |             |          |       |  Time   |   Time   | 
     |---------------------------+-------------+----------+-------+---------+----------| 
     | reset_release_q_reg[1]    | CK ^        |          |       |  -0.002 |    8.365 | 
     | reset_release_q_reg[1]    | CK ^ -> Q ^ | DFFRHQXL | 0.499 |   0.497 |    8.865 | 
     | FE_OFC0_reset_release_q_1 | A ^ -> Y ^  | CLKBUFX4 | 0.810 |   1.307 |    9.675 | 
     | pending_q_reg[1]          | RN ^        | DFFRHQX1 | 0.009 |   1.316 |    9.683 | 
     +---------------------------------------------------------------------------------+ 
Path 14: MET Recovery Check with Pin ack_q_reg[0]/CK 
Endpoint:   ack_q_reg[0]/RN          (^) checked with  leading edge of 'clk'
Beginpoint: reset_release_q_reg[1]/Q (^) triggered by  leading edge of 'clk'
Path Groups: {async_default}
Analysis View: setup_view
Other End Arrival Time          0.180
- Recovery                      0.297
+ Phase Shift                  10.000
- Uncertainty                   0.200
= Required Time                 9.683
- Arrival Time                  1.316
= Slack Time                    8.367
     Clock Rise Edge                 0.000
     + Clock Network Latency (Prop)  -0.002
     = Beginpoint Arrival Time       -0.002
     +---------------------------------------------------------------------------------+ 
     |         Instance          |     Arc     |   Cell   | Delay | Arrival | Required | 
     |                           |             |          |       |  Time   |   Time   | 
     |---------------------------+-------------+----------+-------+---------+----------| 
     | reset_release_q_reg[1]    | CK ^        |          |       |  -0.002 |    8.365 | 
     | reset_release_q_reg[1]    | CK ^ -> Q ^ | DFFRHQXL | 0.499 |   0.497 |    8.865 | 
     | FE_OFC0_reset_release_q_1 | A ^ -> Y ^  | CLKBUFX4 | 0.810 |   1.307 |    9.675 | 
     | ack_q_reg[0]              | RN ^        | DFFRHQX1 | 0.009 |   1.316 |    9.683 | 
     +---------------------------------------------------------------------------------+ 
Path 15: MET Recovery Check with Pin ack_q_reg[3]/CK 
Endpoint:   ack_q_reg[3]/RN          (^) checked with  leading edge of 'clk'
Beginpoint: reset_release_q_reg[1]/Q (^) triggered by  leading edge of 'clk'
Path Groups: {async_default}
Analysis View: setup_view
Other End Arrival Time          0.180
- Recovery                      0.297
+ Phase Shift                  10.000
- Uncertainty                   0.200
= Required Time                 9.683
- Arrival Time                  1.316
= Slack Time                    8.367
     Clock Rise Edge                 0.000
     + Clock Network Latency (Prop)  -0.002
     = Beginpoint Arrival Time       -0.002
     +---------------------------------------------------------------------------------+ 
     |         Instance          |     Arc     |   Cell   | Delay | Arrival | Required | 
     |                           |             |          |       |  Time   |   Time   | 
     |---------------------------+-------------+----------+-------+---------+----------| 
     | reset_release_q_reg[1]    | CK ^        |          |       |  -0.002 |    8.365 | 
     | reset_release_q_reg[1]    | CK ^ -> Q ^ | DFFRHQXL | 0.499 |   0.497 |    8.865 | 
     | FE_OFC0_reset_release_q_1 | A ^ -> Y ^  | CLKBUFX4 | 0.810 |   1.307 |    9.675 | 
     | ack_q_reg[3]              | RN ^        | DFFRHQX1 | 0.009 |   1.316 |    9.683 | 
     +---------------------------------------------------------------------------------+ 
Path 16: MET Recovery Check with Pin ack_q_reg[4]/CK 
Endpoint:   ack_q_reg[4]/RN          (^) checked with  leading edge of 'clk'
Beginpoint: reset_release_q_reg[1]/Q (^) triggered by  leading edge of 'clk'
Path Groups: {async_default}
Analysis View: setup_view
Other End Arrival Time          0.180
- Recovery                      0.297
+ Phase Shift                  10.000
- Uncertainty                   0.200
= Required Time                 9.684
- Arrival Time                  1.316
= Slack Time                    8.367
     Clock Rise Edge                 0.000
     + Clock Network Latency (Prop)  -0.002
     = Beginpoint Arrival Time       -0.002
     +---------------------------------------------------------------------------------+ 
     |         Instance          |     Arc     |   Cell   | Delay | Arrival | Required | 
     |                           |             |          |       |  Time   |   Time   | 
     |---------------------------+-------------+----------+-------+---------+----------| 
     | reset_release_q_reg[1]    | CK ^        |          |       |  -0.002 |    8.365 | 
     | reset_release_q_reg[1]    | CK ^ -> Q ^ | DFFRHQXL | 0.499 |   0.497 |    8.865 | 
     | FE_OFC0_reset_release_q_1 | A ^ -> Y ^  | CLKBUFX4 | 0.810 |   1.307 |    9.675 | 
     | ack_q_reg[4]              | RN ^        | DFFRHQX1 | 0.009 |   1.316 |    9.684 | 
     +---------------------------------------------------------------------------------+ 
Path 17: MET Recovery Check with Pin ack_q_reg[5]/CK 
Endpoint:   ack_q_reg[5]/RN          (^) checked with  leading edge of 'clk'
Beginpoint: reset_release_q_reg[1]/Q (^) triggered by  leading edge of 'clk'
Path Groups: {async_default}
Analysis View: setup_view
Other End Arrival Time          0.180
- Recovery                      0.297
+ Phase Shift                  10.000
- Uncertainty                   0.200
= Required Time                 9.684
- Arrival Time                  1.316
= Slack Time                    8.367
     Clock Rise Edge                 0.000
     + Clock Network Latency (Prop)  -0.002
     = Beginpoint Arrival Time       -0.002
     +---------------------------------------------------------------------------------+ 
     |         Instance          |     Arc     |   Cell   | Delay | Arrival | Required | 
     |                           |             |          |       |  Time   |   Time   | 
     |---------------------------+-------------+----------+-------+---------+----------| 
     | reset_release_q_reg[1]    | CK ^        |          |       |  -0.002 |    8.365 | 
     | reset_release_q_reg[1]    | CK ^ -> Q ^ | DFFRHQXL | 0.499 |   0.497 |    8.865 | 
     | FE_OFC0_reset_release_q_1 | A ^ -> Y ^  | CLKBUFX4 | 0.810 |   1.307 |    9.675 | 
     | ack_q_reg[5]              | RN ^        | DFFRHQX1 | 0.009 |   1.316 |    9.684 | 
     +---------------------------------------------------------------------------------+ 
Path 18: MET Recovery Check with Pin ack_q_reg[1]/CK 
Endpoint:   ack_q_reg[1]/RN          (^) checked with  leading edge of 'clk'
Beginpoint: reset_release_q_reg[1]/Q (^) triggered by  leading edge of 'clk'
Path Groups: {async_default}
Analysis View: setup_view
Other End Arrival Time          0.180
- Recovery                      0.297
+ Phase Shift                  10.000
- Uncertainty                   0.200
= Required Time                 9.684
- Arrival Time                  1.316
= Slack Time                    8.367
     Clock Rise Edge                 0.000
     + Clock Network Latency (Prop)  -0.002
     = Beginpoint Arrival Time       -0.002
     +---------------------------------------------------------------------------------+ 
     |         Instance          |     Arc     |   Cell   | Delay | Arrival | Required | 
     |                           |             |          |       |  Time   |   Time   | 
     |---------------------------+-------------+----------+-------+---------+----------| 
     | reset_release_q_reg[1]    | CK ^        |          |       |  -0.002 |    8.365 | 
     | reset_release_q_reg[1]    | CK ^ -> Q ^ | DFFRHQXL | 0.499 |   0.497 |    8.865 | 
     | FE_OFC0_reset_release_q_1 | A ^ -> Y ^  | CLKBUFX4 | 0.810 |   1.307 |    9.675 | 
     | ack_q_reg[1]              | RN ^        | DFFRHQX1 | 0.009 |   1.316 |    9.684 | 
     +---------------------------------------------------------------------------------+ 
Path 19: MET Recovery Check with Pin pending_q_reg[4]/CK 
Endpoint:   pending_q_reg[4]/RN      (^) checked with  leading edge of 'clk'
Beginpoint: reset_release_q_reg[1]/Q (^) triggered by  leading edge of 'clk'
Path Groups: {async_default}
Analysis View: setup_view
Other End Arrival Time          0.180
- Recovery                      0.297
+ Phase Shift                  10.000
- Uncertainty                   0.200
= Required Time                 9.683
- Arrival Time                  1.316
= Slack Time                    8.367
     Clock Rise Edge                 0.000
     + Clock Network Latency (Prop)  -0.002
     = Beginpoint Arrival Time       -0.002
     +---------------------------------------------------------------------------------+ 
     |         Instance          |     Arc     |   Cell   | Delay | Arrival | Required | 
     |                           |             |          |       |  Time   |   Time   | 
     |---------------------------+-------------+----------+-------+---------+----------| 
     | reset_release_q_reg[1]    | CK ^        |          |       |  -0.002 |    8.365 | 
     | reset_release_q_reg[1]    | CK ^ -> Q ^ | DFFRHQXL | 0.499 |   0.497 |    8.865 | 
     | FE_OFC0_reset_release_q_1 | A ^ -> Y ^  | CLKBUFX4 | 0.810 |   1.307 |    9.675 | 
     | pending_q_reg[4]          | RN ^        | DFFRHQX1 | 0.009 |   1.316 |    9.683 | 
     +---------------------------------------------------------------------------------+ 
Path 20: MET Recovery Check with Pin pending_q_reg[5]/CK 
Endpoint:   pending_q_reg[5]/RN      (^) checked with  leading edge of 'clk'
Beginpoint: reset_release_q_reg[1]/Q (^) triggered by  leading edge of 'clk'
Path Groups: {async_default}
Analysis View: setup_view
Other End Arrival Time          0.180
- Recovery                      0.297
+ Phase Shift                  10.000
- Uncertainty                   0.200
= Required Time                 9.684
- Arrival Time                  1.316
= Slack Time                    8.367
     Clock Rise Edge                 0.000
     + Clock Network Latency (Prop)  -0.002
     = Beginpoint Arrival Time       -0.002
     +---------------------------------------------------------------------------------+ 
     |         Instance          |     Arc     |   Cell   | Delay | Arrival | Required | 
     |                           |             |          |       |  Time   |   Time   | 
     |---------------------------+-------------+----------+-------+---------+----------| 
     | reset_release_q_reg[1]    | CK ^        |          |       |  -0.002 |    8.365 | 
     | reset_release_q_reg[1]    | CK ^ -> Q ^ | DFFRHQXL | 0.499 |   0.497 |    8.865 | 
     | FE_OFC0_reset_release_q_1 | A ^ -> Y ^  | CLKBUFX4 | 0.810 |   1.307 |    9.675 | 
     | pending_q_reg[5]          | RN ^        | DFFRHQX1 | 0.009 |   1.316 |    9.684 | 
     +---------------------------------------------------------------------------------+ 

