============================================================
  Generated by:           Genus(TM) Synthesis Solution 23.14-s090_1
  Generated on:           Aug 26 2026  02:47:39 pm
  Module:                 aer_traditional_latch_paa_45nm
  Operating conditions:   PVT_0P9V_125C (balanced_tree)
  Wireload mode:          enclosed
  Area mode:              timing library
============================================================


Path 1: UNCONSTRAINED Setup Check with Pin busy_latch/G->D
     Startpoint: (F) src_req[6]
       Endpoint: (F) busy_latch/D

                   Capture    Launch  
      Drv Adjust:+       0         0  
                                      
           Setup:-      97            
       Data Path:-    3613            

#-----------------------------------------------------------------------------------------------
#     Timing Point       Flags   Arc   Edge   Cell     Fanout Load Trans Delay Arrival Instance 
#                                                             (fF)  (ps)  (ps)   (ps)  Location 
#-----------------------------------------------------------------------------------------------
  src_req[6]             -       -     F     (arrival)      4  1.2     0     0       0    (-,-) 
  g1787__5526/Y          -       A->Y  R     NOR4X1         2  0.6   136   153     153    (-,-) 
  g1785/Y                -       A->Y  F     INVX1          2  0.7    51   101     253    (-,-) 
  g1780__5477/Y          -       C->Y  R     NOR4X1         1  0.4   120   132     386    (-,-) 
  g1775__2883/Y          -       D->Y  F     NOR4X1         1  0.2    48    91     477    (-,-) 
  capture_delay_cell_1/Y (P)     A->Y  F     DLY4X1         1  0.2    18   624    1100    (-,-) 
  capture_delay_cell_2/Y (P)     A->Y  F     DLY4X1         1  0.2    18   612    1713    (-,-) 
  capture_delay_cell_3/Y (P)     A->Y  F     DLY4X1         1  0.2    18   612    2325    (-,-) 
  capture_delay_cell_4/Y (P)     A->Y  F     DLY4X1         1  0.2    18   612    2937    (-,-) 
  capture_delay_cell_5/Y (P)     A->Y  F     DLY4X1         2  0.4    23   615    3552    (-,-) 
  g1348__2398/Y          -       A->Y  F     AND2X1         1  0.2    19    61    3613    (-,-) 
  busy_latch/D           (P)     -     F     TLATX1         1    -     -     0    3613    (-,-) 
#-----------------------------------------------------------------------------------------------

(P) : Instance is preserved



Path 2: UNCONSTRAINED
     Startpoint: (F) src_req[6]
       Endpoint: (F) busy_latch/G

                   Capture    Launch  
      Drv Adjust:+       0         0  
                                      
       Data Path:-    3671            

#-----------------------------------------------------------------------------------------------
#     Timing Point       Flags   Arc   Edge   Cell     Fanout Load Trans Delay Arrival Instance 
#                                                             (fF)  (ps)  (ps)   (ps)  Location 
#-----------------------------------------------------------------------------------------------
  src_req[6]             -       -     F     (arrival)      4  1.2     0     0       0    (-,-) 
  g1787__5526/Y          -       A->Y  R     NOR4X1         2  0.6   136   153     153    (-,-) 
  g1785/Y                -       A->Y  F     INVX1          2  0.7    51   101     253    (-,-) 
  g1780__5477/Y          -       C->Y  R     NOR4X1         1  0.4   120   132     386    (-,-) 
  g1775__2883/Y          -       D->Y  F     NOR4X1         1  0.2    48    91     477    (-,-) 
  capture_delay_cell_1/Y (P)     A->Y  F     DLY4X1         1  0.2    18   624    1100    (-,-) 
  capture_delay_cell_2/Y (P)     A->Y  F     DLY4X1         1  0.2    18   612    1713    (-,-) 
  capture_delay_cell_3/Y (P)     A->Y  F     DLY4X1         1  0.2    18   612    2325    (-,-) 
  capture_delay_cell_4/Y (P)     A->Y  F     DLY4X1         1  0.2    18   612    2937    (-,-) 
  capture_delay_cell_5/Y (P)     A->Y  F     DLY4X1         2  0.4    23   615    3552    (-,-) 
  g2099__5107/Y          (i)     AN->Y F     NAND3BXL       1  0.0     0   120    3671    (-,-) 
  busy_latch/G           (P)     -     F     TLATX1         1    -     -     0    3671    (-,-) 
#-----------------------------------------------------------------------------------------------

(P) : Instance is preserved
(i) : Net is ideal.



Path 3: UNCONSTRAINED
     Startpoint: (R) busy_latch/G
       Endpoint: (R) src_ack[0]

                            
      Data Path:-  1302     

#----------------------------------------------------------------------------------------------------
#        Timing Point         Flags   Arc   Edge   Cell     Fanout Load Trans Delay Arrival Instance 
#                                                                  (fF)  (ps)  (ps)   (ps)  Location 
#----------------------------------------------------------------------------------------------------
  busy_latch/G                -       -     R     (arrival)      1    -     0     0       0    (-,-) 
  busy_latch/Q                (P)     G->Q  R     TLATX1         4  1.0    31   255     255    (-,-) 
  request_launch_delay_cell/Y (P)     A->Y  R     DLY4X1         1  0.2    16   610     866    (-,-) 
  g2118__9315/Y               -       AN->Y R     NOR3BX1        2  0.4    80   128     994    (-,-) 
  g2116__4733/Y               -       B->Y  F     NAND2X1       16  3.2   207   169    1162    (-,-) 
  g2101__4319/Y               -       C->Y  R     NOR3XL         1  0.0    56   140    1302    (-,-) 
  src_ack[0]                  -       -     R     (port)         -    -     -     0    1302    (-,-) 
#----------------------------------------------------------------------------------------------------

(P) : Instance is preserved



Path 4: UNCONSTRAINED
     Startpoint: (R) busy_latch/G
       Endpoint: (R) src_ack[1]

                            
      Data Path:-  1302     

#----------------------------------------------------------------------------------------------------
#        Timing Point         Flags   Arc   Edge   Cell     Fanout Load Trans Delay Arrival Instance 
#                                                                  (fF)  (ps)  (ps)   (ps)  Location 
#----------------------------------------------------------------------------------------------------
  busy_latch/G                -       -     R     (arrival)      1    -     0     0       0    (-,-) 
  busy_latch/Q                (P)     G->Q  R     TLATX1         4  1.0    31   255     255    (-,-) 
  request_launch_delay_cell/Y (P)     A->Y  R     DLY4X1         1  0.2    16   610     866    (-,-) 
  g2118__9315/Y               -       AN->Y R     NOR3BX1        2  0.4    80   128     994    (-,-) 
  g2116__4733/Y               -       B->Y  F     NAND2X1       16  3.2   207   169    1162    (-,-) 
  g2111__7098/Y               -       C->Y  R     NOR3XL         1  0.0    56   140    1302    (-,-) 
  src_ack[1]                  -       -     R     (port)         -    -     -     0    1302    (-,-) 
#----------------------------------------------------------------------------------------------------

(P) : Instance is preserved



Path 5: UNCONSTRAINED
     Startpoint: (R) busy_latch/G
       Endpoint: (R) src_ack[2]

                            
      Data Path:-  1302     

#----------------------------------------------------------------------------------------------------
#        Timing Point         Flags   Arc   Edge   Cell     Fanout Load Trans Delay Arrival Instance 
#                                                                  (fF)  (ps)  (ps)   (ps)  Location 
#----------------------------------------------------------------------------------------------------
  busy_latch/G                -       -     R     (arrival)      1    -     0     0       0    (-,-) 
  busy_latch/Q                (P)     G->Q  R     TLATX1         4  1.0    31   255     255    (-,-) 
  request_launch_delay_cell/Y (P)     A->Y  R     DLY4X1         1  0.2    16   610     866    (-,-) 
  g2118__9315/Y               -       AN->Y R     NOR3BX1        2  0.4    80   128     994    (-,-) 
  g2116__4733/Y               -       B->Y  F     NAND2X1       16  3.2   207   169    1162    (-,-) 
  g2110__8246/Y               -       C->Y  R     NOR3XL         1  0.0    56   140    1302    (-,-) 
  src_ack[2]                  -       -     R     (port)         -    -     -     0    1302    (-,-) 
#----------------------------------------------------------------------------------------------------

(P) : Instance is preserved



Path 6: UNCONSTRAINED
     Startpoint: (R) busy_latch/G
       Endpoint: (R) src_ack[3]

                            
      Data Path:-  1302     

#----------------------------------------------------------------------------------------------------
#        Timing Point         Flags   Arc   Edge   Cell     Fanout Load Trans Delay Arrival Instance 
#                                                                  (fF)  (ps)  (ps)   (ps)  Location 
#----------------------------------------------------------------------------------------------------
  busy_latch/G                -       -     R     (arrival)      1    -     0     0       0    (-,-) 
  busy_latch/Q                (P)     G->Q  R     TLATX1         4  1.0    31   255     255    (-,-) 
  request_launch_delay_cell/Y (P)     A->Y  R     DLY4X1         1  0.2    16   610     866    (-,-) 
  g2118__9315/Y               -       AN->Y R     NOR3BX1        2  0.4    80   128     994    (-,-) 
  g2116__4733/Y               -       B->Y  F     NAND2X1       16  3.2   207   169    1162    (-,-) 
  g2109__5122/Y               -       C->Y  R     NOR3XL         1  0.0    56   140    1302    (-,-) 
  src_ack[3]                  -       -     R     (port)         -    -     -     0    1302    (-,-) 
#----------------------------------------------------------------------------------------------------

(P) : Instance is preserved



Path 7: UNCONSTRAINED
     Startpoint: (R) busy_latch/G
       Endpoint: (R) src_ack[4]

                            
      Data Path:-  1302     

#----------------------------------------------------------------------------------------------------
#        Timing Point         Flags   Arc   Edge   Cell     Fanout Load Trans Delay Arrival Instance 
#                                                                  (fF)  (ps)  (ps)   (ps)  Location 
#----------------------------------------------------------------------------------------------------
  busy_latch/G                -       -     R     (arrival)      1    -     0     0       0    (-,-) 
  busy_latch/Q                (P)     G->Q  R     TLATX1         4  1.0    31   255     255    (-,-) 
  request_launch_delay_cell/Y (P)     A->Y  R     DLY4X1         1  0.2    16   610     866    (-,-) 
  g2118__9315/Y               -       AN->Y R     NOR3BX1        2  0.4    80   128     994    (-,-) 
  g2116__4733/Y               -       B->Y  F     NAND2X1       16  3.2   207   169    1162    (-,-) 
  g2113__1881/Y               -       C->Y  R     NOR3XL         1  0.0    56   140    1302    (-,-) 
  src_ack[4]                  -       -     R     (port)         -    -     -     0    1302    (-,-) 
#----------------------------------------------------------------------------------------------------

(P) : Instance is preserved



Path 8: UNCONSTRAINED
     Startpoint: (R) busy_latch/G
       Endpoint: (R) src_ack[5]

                            
      Data Path:-  1302     

#----------------------------------------------------------------------------------------------------
#        Timing Point         Flags   Arc   Edge   Cell     Fanout Load Trans Delay Arrival Instance 
#                                                                  (fF)  (ps)  (ps)   (ps)  Location 
#----------------------------------------------------------------------------------------------------
  busy_latch/G                -       -     R     (arrival)      1    -     0     0       0    (-,-) 
  busy_latch/Q                (P)     G->Q  R     TLATX1         4  1.0    31   255     255    (-,-) 
  request_launch_delay_cell/Y (P)     A->Y  R     DLY4X1         1  0.2    16   610     866    (-,-) 
  g2118__9315/Y               -       AN->Y R     NOR3BX1        2  0.4    80   128     994    (-,-) 
  g2116__4733/Y               -       B->Y  F     NAND2X1       16  3.2   207   169    1162    (-,-) 
  g2108__1705/Y               -       C->Y  R     NOR3XL         1  0.0    56   140    1302    (-,-) 
  src_ack[5]                  -       -     R     (port)         -    -     -     0    1302    (-,-) 
#----------------------------------------------------------------------------------------------------

(P) : Instance is preserved



Path 9: UNCONSTRAINED
     Startpoint: (R) busy_latch/G
       Endpoint: (R) src_ack[6]

                            
      Data Path:-  1302     

#----------------------------------------------------------------------------------------------------
#        Timing Point         Flags   Arc   Edge   Cell     Fanout Load Trans Delay Arrival Instance 
#                                                                  (fF)  (ps)  (ps)   (ps)  Location 
#----------------------------------------------------------------------------------------------------
  busy_latch/G                -       -     R     (arrival)      1    -     0     0       0    (-,-) 
  busy_latch/Q                (P)     G->Q  R     TLATX1         4  1.0    31   255     255    (-,-) 
  request_launch_delay_cell/Y (P)     A->Y  R     DLY4X1         1  0.2    16   610     866    (-,-) 
  g2118__9315/Y               -       AN->Y R     NOR3BX1        2  0.4    80   128     994    (-,-) 
  g2116__4733/Y               -       B->Y  F     NAND2X1       16  3.2   207   169    1162    (-,-) 
  g2115__7482/Y               -       C->Y  R     NOR3XL         1  0.0    56   140    1302    (-,-) 
  src_ack[6]                  -       -     R     (port)         -    -     -     0    1302    (-,-) 
#----------------------------------------------------------------------------------------------------

(P) : Instance is preserved



Path 10: UNCONSTRAINED
     Startpoint: (R) busy_latch/G
       Endpoint: (R) src_ack[7]

                            
      Data Path:-  1302     

#----------------------------------------------------------------------------------------------------
#        Timing Point         Flags   Arc   Edge   Cell     Fanout Load Trans Delay Arrival Instance 
#                                                                  (fF)  (ps)  (ps)   (ps)  Location 
#----------------------------------------------------------------------------------------------------
  busy_latch/G                -       -     R     (arrival)      1    -     0     0       0    (-,-) 
  busy_latch/Q                (P)     G->Q  R     TLATX1         4  1.0    31   255     255    (-,-) 
  request_launch_delay_cell/Y (P)     A->Y  R     DLY4X1         1  0.2    16   610     866    (-,-) 
  g2118__9315/Y               -       AN->Y R     NOR3BX1        2  0.4    80   128     994    (-,-) 
  g2116__4733/Y               -       B->Y  F     NAND2X1       16  3.2   207   169    1162    (-,-) 
  g2105__3680/Y               -       C->Y  R     NOR3XL         1  0.0    56   140    1302    (-,-) 
  src_ack[7]                  -       -     R     (port)         -    -     -     0    1302    (-,-) 
#----------------------------------------------------------------------------------------------------

(P) : Instance is preserved



Path 11: UNCONSTRAINED
     Startpoint: (R) busy_latch/G
       Endpoint: (R) src_ack[8]

                            
      Data Path:-  1302     

#----------------------------------------------------------------------------------------------------
#        Timing Point         Flags   Arc   Edge   Cell     Fanout Load Trans Delay Arrival Instance 
#                                                                  (fF)  (ps)  (ps)   (ps)  Location 
#----------------------------------------------------------------------------------------------------
  busy_latch/G                -       -     R     (arrival)      1    -     0     0       0    (-,-) 
  busy_latch/Q                (P)     G->Q  R     TLATX1         4  1.0    31   255     255    (-,-) 
  request_launch_delay_cell/Y (P)     A->Y  R     DLY4X1         1  0.2    16   610     866    (-,-) 
  g2118__9315/Y               -       AN->Y R     NOR3BX1        2  0.4    80   128     994    (-,-) 
  g2116__4733/Y               -       B->Y  F     NAND2X1       16  3.2   207   169    1162    (-,-) 
  g2112__6131/Y               -       C->Y  R     NOR3XL         1  0.0    56   140    1302    (-,-) 
  src_ack[8]                  -       -     R     (port)         -    -     -     0    1302    (-,-) 
#----------------------------------------------------------------------------------------------------

(P) : Instance is preserved



Path 12: UNCONSTRAINED
     Startpoint: (R) busy_latch/G
       Endpoint: (R) src_ack[9]

                            
      Data Path:-  1302     

#----------------------------------------------------------------------------------------------------
#        Timing Point         Flags   Arc   Edge   Cell     Fanout Load Trans Delay Arrival Instance 
#                                                                  (fF)  (ps)  (ps)   (ps)  Location 
#----------------------------------------------------------------------------------------------------
  busy_latch/G                -       -     R     (arrival)      1    -     0     0       0    (-,-) 
  busy_latch/Q                (P)     G->Q  R     TLATX1         4  1.0    31   255     255    (-,-) 
  request_launch_delay_cell/Y (P)     A->Y  R     DLY4X1         1  0.2    16   610     866    (-,-) 
  g2118__9315/Y               -       AN->Y R     NOR3BX1        2  0.4    80   128     994    (-,-) 
  g2116__4733/Y               -       B->Y  F     NAND2X1       16  3.2   207   169    1162    (-,-) 
  g2114__5115/Y               -       C->Y  R     NOR3XL         1  0.0    56   140    1302    (-,-) 
  src_ack[9]                  -       -     R     (port)         -    -     -     0    1302    (-,-) 
#----------------------------------------------------------------------------------------------------

(P) : Instance is preserved



Path 13: UNCONSTRAINED
     Startpoint: (R) busy_latch/G
       Endpoint: (R) src_ack[10]

                            
      Data Path:-  1302     

#----------------------------------------------------------------------------------------------------
#        Timing Point         Flags   Arc   Edge   Cell     Fanout Load Trans Delay Arrival Instance 
#                                                                  (fF)  (ps)  (ps)   (ps)  Location 
#----------------------------------------------------------------------------------------------------
  busy_latch/G                -       -     R     (arrival)      1    -     0     0       0    (-,-) 
  busy_latch/Q                (P)     G->Q  R     TLATX1         4  1.0    31   255     255    (-,-) 
  request_launch_delay_cell/Y (P)     A->Y  R     DLY4X1         1  0.2    16   610     866    (-,-) 
  g2118__9315/Y               -       AN->Y R     NOR3BX1        2  0.4    80   128     994    (-,-) 
  g2116__4733/Y               -       B->Y  F     NAND2X1       16  3.2   207   169    1162    (-,-) 
  g2107__2802/Y               -       C->Y  R     NOR3XL         1  0.0    56   140    1302    (-,-) 
  src_ack[10]                 -       -     R     (port)         -    -     -     0    1302    (-,-) 
#----------------------------------------------------------------------------------------------------

(P) : Instance is preserved



Path 14: UNCONSTRAINED
     Startpoint: (R) busy_latch/G
       Endpoint: (R) src_ack[11]

                            
      Data Path:-  1302     

#----------------------------------------------------------------------------------------------------
#        Timing Point         Flags   Arc   Edge   Cell     Fanout Load Trans Delay Arrival Instance 
#                                                                  (fF)  (ps)  (ps)   (ps)  Location 
#----------------------------------------------------------------------------------------------------
  busy_latch/G                -       -     R     (arrival)      1    -     0     0       0    (-,-) 
  busy_latch/Q                (P)     G->Q  R     TLATX1         4  1.0    31   255     255    (-,-) 
  request_launch_delay_cell/Y (P)     A->Y  R     DLY4X1         1  0.2    16   610     866    (-,-) 
  g2118__9315/Y               -       AN->Y R     NOR3BX1        2  0.4    80   128     994    (-,-) 
  g2116__4733/Y               -       B->Y  F     NAND2X1       16  3.2   207   169    1162    (-,-) 
  g2100__6260/Y               -       C->Y  R     NOR3XL         1  0.0    56   140    1302    (-,-) 
  src_ack[11]                 -       -     R     (port)         -    -     -     0    1302    (-,-) 
#----------------------------------------------------------------------------------------------------

(P) : Instance is preserved



Path 15: UNCONSTRAINED
     Startpoint: (R) busy_latch/G
       Endpoint: (R) src_ack[12]

                            
      Data Path:-  1302     

#----------------------------------------------------------------------------------------------------
#        Timing Point         Flags   Arc   Edge   Cell     Fanout Load Trans Delay Arrival Instance 
#                                                                  (fF)  (ps)  (ps)   (ps)  Location 
#----------------------------------------------------------------------------------------------------
  busy_latch/G                -       -     R     (arrival)      1    -     0     0       0    (-,-) 
  busy_latch/Q                (P)     G->Q  R     TLATX1         4  1.0    31   255     255    (-,-) 
  request_launch_delay_cell/Y (P)     A->Y  R     DLY4X1         1  0.2    16   610     866    (-,-) 
  g2118__9315/Y               -       AN->Y R     NOR3BX1        2  0.4    80   128     994    (-,-) 
  g2116__4733/Y               -       B->Y  F     NAND2X1       16  3.2   207   169    1162    (-,-) 
  g2106__1617/Y               -       C->Y  R     NOR3XL         1  0.0    56   140    1302    (-,-) 
  src_ack[12]                 -       -     R     (port)         -    -     -     0    1302    (-,-) 
#----------------------------------------------------------------------------------------------------

(P) : Instance is preserved



Path 16: UNCONSTRAINED
     Startpoint: (R) busy_latch/G
       Endpoint: (R) src_ack[13]

                            
      Data Path:-  1302     

#----------------------------------------------------------------------------------------------------
#        Timing Point         Flags   Arc   Edge   Cell     Fanout Load Trans Delay Arrival Instance 
#                                                                  (fF)  (ps)  (ps)   (ps)  Location 
#----------------------------------------------------------------------------------------------------
  busy_latch/G                -       -     R     (arrival)      1    -     0     0       0    (-,-) 
  busy_latch/Q                (P)     G->Q  R     TLATX1         4  1.0    31   255     255    (-,-) 
  request_launch_delay_cell/Y (P)     A->Y  R     DLY4X1         1  0.2    16   610     866    (-,-) 
  g2118__9315/Y               -       AN->Y R     NOR3BX1        2  0.4    80   128     994    (-,-) 
  g2116__4733/Y               -       B->Y  F     NAND2X1       16  3.2   207   169    1162    (-,-) 
  g2103__5526/Y               -       C->Y  R     NOR3XL         1  0.0    56   140    1302    (-,-) 
  src_ack[13]                 -       -     R     (port)         -    -     -     0    1302    (-,-) 
#----------------------------------------------------------------------------------------------------

(P) : Instance is preserved



Path 17: UNCONSTRAINED
     Startpoint: (R) busy_latch/G
       Endpoint: (R) src_ack[14]

                            
      Data Path:-  1302     

#----------------------------------------------------------------------------------------------------
#        Timing Point         Flags   Arc   Edge   Cell     Fanout Load Trans Delay Arrival Instance 
#                                                                  (fF)  (ps)  (ps)   (ps)  Location 
#----------------------------------------------------------------------------------------------------
  busy_latch/G                -       -     R     (arrival)      1    -     0     0       0    (-,-) 
  busy_latch/Q                (P)     G->Q  R     TLATX1         4  1.0    31   255     255    (-,-) 
  request_launch_delay_cell/Y (P)     A->Y  R     DLY4X1         1  0.2    16   610     866    (-,-) 
  g2118__9315/Y               -       AN->Y R     NOR3BX1        2  0.4    80   128     994    (-,-) 
  g2116__4733/Y               -       B->Y  F     NAND2X1       16  3.2   207   169    1162    (-,-) 
  g2102__8428/Y               -       C->Y  R     NOR3XL         1  0.0    56   140    1302    (-,-) 
  src_ack[14]                 -       -     R     (port)         -    -     -     0    1302    (-,-) 
#----------------------------------------------------------------------------------------------------

(P) : Instance is preserved



Path 18: UNCONSTRAINED
     Startpoint: (R) busy_latch/G
       Endpoint: (R) src_ack[15]

                            
      Data Path:-  1302     

#----------------------------------------------------------------------------------------------------
#        Timing Point         Flags   Arc   Edge   Cell     Fanout Load Trans Delay Arrival Instance 
#                                                                  (fF)  (ps)  (ps)   (ps)  Location 
#----------------------------------------------------------------------------------------------------
  busy_latch/G                -       -     R     (arrival)      1    -     0     0       0    (-,-) 
  busy_latch/Q                (P)     G->Q  R     TLATX1         4  1.0    31   255     255    (-,-) 
  request_launch_delay_cell/Y (P)     A->Y  R     DLY4X1         1  0.2    16   610     866    (-,-) 
  g2118__9315/Y               -       AN->Y R     NOR3BX1        2  0.4    80   128     994    (-,-) 
  g2116__4733/Y               -       B->Y  F     NAND2X1       16  3.2   207   169    1162    (-,-) 
  g2104__6783/Y               -       C->Y  R     NOR3XL         1  0.0    56   140    1302    (-,-) 
  src_ack[15]                 -       -     R     (port)         -    -     -     0    1302    (-,-) 
#----------------------------------------------------------------------------------------------------

(P) : Instance is preserved



Path 19: UNCONSTRAINED
     Startpoint: (R) busy_latch/G
       Endpoint: (R) aer_req

                           
      Data Path:-  994     

#----------------------------------------------------------------------------------------------------
#        Timing Point         Flags   Arc   Edge   Cell     Fanout Load Trans Delay Arrival Instance 
#                                                                  (fF)  (ps)  (ps)   (ps)  Location 
#----------------------------------------------------------------------------------------------------
  busy_latch/G                -       -     R     (arrival)      1    -     0     0       0    (-,-) 
  busy_latch/Q                (P)     G->Q  R     TLATX1         4  1.0    31   255     255    (-,-) 
  request_launch_delay_cell/Y (P)     A->Y  R     DLY4X1         1  0.2    16   610     866    (-,-) 
  g2118__9315/Y               -       AN->Y R     NOR3BX1        2  0.4    80   128     994    (-,-) 
  aer_req                     -       -     R     (port)         -    -     -     0     994    (-,-) 
#----------------------------------------------------------------------------------------------------

(P) : Instance is preserved



Path 20: UNCONSTRAINED Setup Check with Pin g_grant_latch[0].grant_latch/G->D
     Startpoint: (F) src_req[14]
       Endpoint: (R) g_grant_latch[0].grant_latch/D

                   Capture    Launch  
      Drv Adjust:+       0         0  
                                      
           Setup:-     130            
       Data Path:-     704            

#--------------------------------------------------------------------------------------------------------
#         Timing Point           Flags    Arc   Edge   Cell     Fanout Load Trans Delay Arrival Instance 
#                                                                      (fF)  (ps)  (ps)   (ps)  Location 
#--------------------------------------------------------------------------------------------------------
  src_req[14]                    -       -      F     (arrival)      3  0.8     0     0       0    (-,-) 
  g1799/Y                        -       A->Y   R     INVXL          1  0.2    15    12      12    (-,-) 
  g1791__2802/Y                  -       A1->Y  F     AOI21XL        1  0.2    75    73      85    (-,-) 
  g1782__5107/Y                  -       A1N->Y F     AOI2BB1XL      1  0.2    30   108     193    (-,-) 
  g1777__1666/Y                  -       A1N->Y F     AOI2BB1XL      1  0.2    30    90     282    (-,-) 
  g1774__9945/Y                  -       A1N->Y F     AOI2BB1XL      1  0.2    30    90     372    (-,-) 
  g1772__6161/Y                  -       A1N->Y F     AOI2BB1XL      1  0.2    30    90     462    (-,-) 
  g1770__7482/Y                  -       A1N->Y F     AOI2BB1XL      1  0.2    30    90     551    (-,-) 
  g1769__5115/Y                  -       A1N->Y F     AOI2BB1XL      1  0.2    30    90     641    (-,-) 
  g1768__1881/Y                  -       C->Y   R     NOR3BXL        1  0.2    75    63     704    (-,-) 
  g_grant_latch[0].grant_latch/D (P)     -      R     TLATX1         1    -     -     0     704    (-,-) 
#--------------------------------------------------------------------------------------------------------

(P) : Instance is preserved



Path 21: UNCONSTRAINED Setup Check with Pin g_grant_latch[1].grant_latch/G->D
     Startpoint: (F) src_req[12]
       Endpoint: (R) g_grant_latch[1].grant_latch/D

                   Capture    Launch  
      Drv Adjust:+       0         0  
                                      
           Setup:-     143            
       Data Path:-     509            

#--------------------------------------------------------------------------------------------------------
#         Timing Point           Flags    Arc   Edge   Cell     Fanout Load Trans Delay Arrival Instance 
#                                                                      (fF)  (ps)  (ps)   (ps)  Location 
#--------------------------------------------------------------------------------------------------------
  src_req[12]                    -       -      F     (arrival)      3  0.8     0     0       0    (-,-) 
  g1793__5122/Y                  -       A->Y   R     NOR2XL         2  0.4    56    48      48    (-,-) 
  g1790__1617/Y                  -       B->Y   F     NAND2BXL       1  0.2    60    75     123    (-,-) 
  g1781__2398/Y                  -       A1N->Y F     OAI2BB1X1      1  0.2    52    96     220    (-,-) 
  g1776__2346/Y                  -       A1->Y  R     AOI211XL       1  0.4   109   126     346    (-,-) 
  g2/Y                           -       C->Y   F     NOR3X1         1  0.3    43    84     430    (-,-) 
  g1771__4733/Y                  -       D->Y   R     NOR4X1         1  0.2   102    79     509    (-,-) 
  g_grant_latch[1].grant_latch/D (P)     -      R     TLATX1         1    -     -     0     509    (-,-) 
#--------------------------------------------------------------------------------------------------------

(P) : Instance is preserved



Path 22: UNCONSTRAINED Setup Check with Pin g_grant_latch[2].grant_latch/G->D
     Startpoint: (F) src_req[8]
       Endpoint: (R) g_grant_latch[2].grant_latch/D

                   Capture    Launch  
      Drv Adjust:+       0         0  
                                      
           Setup:-     136            
       Data Path:-     422            

#-------------------------------------------------------------------------------------------------------
#         Timing Point           Flags   Arc   Edge   Cell     Fanout Load Trans Delay Arrival Instance 
#                                                                     (fF)  (ps)  (ps)   (ps)  Location 
#-------------------------------------------------------------------------------------------------------
  src_req[8]                     -       -     F     (arrival)      3  0.8     0     0       0    (-,-) 
  g1797__1881/Y                  -       A->Y  R     NOR2XL         2  0.6    71    57      57    (-,-) 
  g1788__6783/Y                  -       A->Y  F     NAND2XL        3  0.8   118   126     184    (-,-) 
  g1783__6260/Y                  -       AN->Y F     NAND2BXL       1  0.2    60   122     305    (-,-) 
  g1779__6417/Y                  -       A1->Y R     AOI211XL       1  0.2    87   117     422    (-,-) 
  g_grant_latch[2].grant_latch/D (P)     -     R     TLATX1         1    -     -     0     422    (-,-) 
#-------------------------------------------------------------------------------------------------------

(P) : Instance is preserved



Path 23: UNCONSTRAINED Setup Check with Pin g_grant_latch[3].grant_latch/G->D
     Startpoint: (F) src_req[2]
       Endpoint: (R) g_grant_latch[3].grant_latch/D

                   Capture    Launch  
      Drv Adjust:+       0         0  
                                      
           Setup:-     143            
       Data Path:-     401            

#-------------------------------------------------------------------------------------------------------
#         Timing Point           Flags   Arc   Edge   Cell     Fanout Load Trans Delay Arrival Instance 
#                                                                     (fF)  (ps)  (ps)   (ps)  Location 
#-------------------------------------------------------------------------------------------------------
  src_req[2]                     -       -     F     (arrival)      4  1.2     0     0       0    (-,-) 
  g1786__8428/Y                  -       A->Y  F     OR4X1          3  0.8    54   278     278    (-,-) 
  g1778__7410/Y                  -       C->Y  R     NOR4X1         1  0.2   102   123     401    (-,-) 
  g_grant_latch[3].grant_latch/D (P)     -     R     TLATX1         1    -     -     0     401    (-,-) 
#-------------------------------------------------------------------------------------------------------

(P) : Instance is preserved



Path 24: UNCONSTRAINED
     Startpoint: (R) busy_latch/G
       Endpoint: (F) g_grant_latch[3].grant_latch/G

                           
      Data Path:-  304     

#-------------------------------------------------------------------------------------------------------
#         Timing Point           Flags   Arc   Edge   Cell     Fanout Load Trans Delay Arrival Instance 
#                                                                     (fF)  (ps)  (ps)   (ps)  Location 
#-------------------------------------------------------------------------------------------------------
  busy_latch/G                   -       -     R     (arrival)      1    -     0     0       0    (-,-) 
  busy_latch/Q                   (P)     G->Q  R     TLATX1         4  1.0    31   255     255    (-,-) 
  g2142__1705/Y                  (i)     B->Y  F     NAND2XL        5  0.0     0    49     304    (-,-) 
  g_grant_latch[3].grant_latch/G (P)     -     F     TLATX1         5    -     -     0     304    (-,-) 
#-------------------------------------------------------------------------------------------------------

(P) : Instance is preserved
(i) : Net is ideal.



Path 25: UNCONSTRAINED
     Startpoint: (R) busy_latch/G
       Endpoint: (F) g_grant_latch[2].grant_latch/G

                           
      Data Path:-  304     

#-------------------------------------------------------------------------------------------------------
#         Timing Point           Flags   Arc   Edge   Cell     Fanout Load Trans Delay Arrival Instance 
#                                                                     (fF)  (ps)  (ps)   (ps)  Location 
#-------------------------------------------------------------------------------------------------------
  busy_latch/G                   -       -     R     (arrival)      1    -     0     0       0    (-,-) 
  busy_latch/Q                   (P)     G->Q  R     TLATX1         4  1.0    31   255     255    (-,-) 
  g2142__1705/Y                  (i)     B->Y  F     NAND2XL        5  0.0     0    49     304    (-,-) 
  g_grant_latch[2].grant_latch/G (P)     -     F     TLATX1         5    -     -     0     304    (-,-) 
#-------------------------------------------------------------------------------------------------------

(P) : Instance is preserved
(i) : Net is ideal.



Path 26: UNCONSTRAINED
     Startpoint: (R) busy_latch/G
       Endpoint: (F) g_grant_latch[1].grant_latch/G

                           
      Data Path:-  304     

#-------------------------------------------------------------------------------------------------------
#         Timing Point           Flags   Arc   Edge   Cell     Fanout Load Trans Delay Arrival Instance 
#                                                                     (fF)  (ps)  (ps)   (ps)  Location 
#-------------------------------------------------------------------------------------------------------
  busy_latch/G                   -       -     R     (arrival)      1    -     0     0       0    (-,-) 
  busy_latch/Q                   (P)     G->Q  R     TLATX1         4  1.0    31   255     255    (-,-) 
  g2142__1705/Y                  (i)     B->Y  F     NAND2XL        5  0.0     0    49     304    (-,-) 
  g_grant_latch[1].grant_latch/G (P)     -     F     TLATX1         5    -     -     0     304    (-,-) 
#-------------------------------------------------------------------------------------------------------

(P) : Instance is preserved
(i) : Net is ideal.



Path 27: UNCONSTRAINED
     Startpoint: (R) busy_latch/G
       Endpoint: (F) g_grant_latch[0].grant_latch/G

                           
      Data Path:-  304     

#-------------------------------------------------------------------------------------------------------
#         Timing Point           Flags   Arc   Edge   Cell     Fanout Load Trans Delay Arrival Instance 
#                                                                     (fF)  (ps)  (ps)   (ps)  Location 
#-------------------------------------------------------------------------------------------------------
  busy_latch/G                   -       -     R     (arrival)      1    -     0     0       0    (-,-) 
  busy_latch/Q                   (P)     G->Q  R     TLATX1         4  1.0    31   255     255    (-,-) 
  g2142__1705/Y                  (i)     B->Y  F     NAND2XL        5  0.0     0    49     304    (-,-) 
  g_grant_latch[0].grant_latch/G (P)     -     F     TLATX1         5    -     -     0     304    (-,-) 
#-------------------------------------------------------------------------------------------------------

(P) : Instance is preserved
(i) : Net is ideal.



Path 28: UNCONSTRAINED
     Startpoint: (R) g_grant_latch[1].grant_latch/D
       Endpoint: (R) aer_addr[1]

                           
      Data Path:-  266     

#-------------------------------------------------------------------------------------------------------
#         Timing Point           Flags   Arc   Edge   Cell     Fanout Load Trans Delay Arrival Instance 
#                                                                     (fF)  (ps)  (ps)   (ps)  Location 
#-------------------------------------------------------------------------------------------------------
  g_grant_latch[1].grant_latch/D -       -     R     (arrival)      1    -     0     0       0    (-,-) 
  g_grant_latch[1].grant_latch/Q (P)     D->Q  R     TLATX1         5  1.0    31   266     266    (-,-) 
  aer_addr[1]                    -       -     R     (port)         -    -     -     0     266    (-,-) 
#-------------------------------------------------------------------------------------------------------

(P) : Instance is preserved



Path 29: UNCONSTRAINED
     Startpoint: (R) g_grant_latch[3].grant_latch/D
       Endpoint: (R) aer_addr[3]

                           
      Data Path:-  264     

#-------------------------------------------------------------------------------------------------------
#         Timing Point           Flags   Arc   Edge   Cell     Fanout Load Trans Delay Arrival Instance 
#                                                                     (fF)  (ps)  (ps)   (ps)  Location 
#-------------------------------------------------------------------------------------------------------
  g_grant_latch[3].grant_latch/D -       -     R     (arrival)      1    -     0     0       0    (-,-) 
  g_grant_latch[3].grant_latch/Q (P)     D->Q  R     TLATX1         5  0.8    27   264     264    (-,-) 
  aer_addr[3]                    -       -     R     (port)         -    -     -     0     264    (-,-) 
#-------------------------------------------------------------------------------------------------------

(P) : Instance is preserved



Path 30: UNCONSTRAINED
     Startpoint: (R) g_grant_latch[2].grant_latch/D
       Endpoint: (R) aer_addr[2]

                           
      Data Path:-  259     

#-------------------------------------------------------------------------------------------------------
#         Timing Point           Flags   Arc   Edge   Cell     Fanout Load Trans Delay Arrival Instance 
#                                                                     (fF)  (ps)  (ps)   (ps)  Location 
#-------------------------------------------------------------------------------------------------------
  g_grant_latch[2].grant_latch/D -       -     R     (arrival)      1    -     0     0       0    (-,-) 
  g_grant_latch[2].grant_latch/Q (P)     D->Q  R     TLATX1         5  1.0    31   259     259    (-,-) 
  aer_addr[2]                    -       -     R     (port)         -    -     -     0     259    (-,-) 
#-------------------------------------------------------------------------------------------------------

(P) : Instance is preserved



Path 31: UNCONSTRAINED
     Startpoint: (R) g_grant_latch[0].grant_latch/G
       Endpoint: (R) aer_addr[0]

                           
      Data Path:-  255     

#-------------------------------------------------------------------------------------------------------
#         Timing Point           Flags   Arc   Edge   Cell     Fanout Load Trans Delay Arrival Instance 
#                                                                     (fF)  (ps)  (ps)   (ps)  Location 
#-------------------------------------------------------------------------------------------------------
  g_grant_latch[0].grant_latch/G -       -     R     (arrival)      5    -     0     0       0    (-,-) 
  g_grant_latch[0].grant_latch/Q (P)     G->Q  R     TLATX1         5  1.0    31   255     255    (-,-) 
  aer_addr[0]                    -       -     R     (port)         -    -     -     0     255    (-,-) 
#-------------------------------------------------------------------------------------------------------

(P) : Instance is preserved

