Copyright 1986-2020 Xilinx, Inc. All Rights Reserved.
--------------------------------------------------------------------------------------------------
| Tool Version : Vivado v.2020.2 (win64) Build 3064766 Wed Nov 18 09:12:45 MST 2020
| Date         : Wed Aug 19 01:48:59 2026
| Host         : DESKTOP-F81OJT8 running 64-bit major release  (build 9200)
| Command      : check_timing -verbose -file reports/async_baseline/vivado_probe/check_timing.rpt
| Design       : aer_traditional_async
| Device       : 7a35t-cpg236
| Speed File   : -1  PRODUCTION 1.23 2018-06-13
--------------------------------------------------------------------------------------------------


check_timing report

Table of Contents
-----------------
1. checking no_clock (80)
2. checking constant_clock (0)
3. checking pulse_width_clock (0)
4. checking unconstrained_internal_endpoints (10)
5. checking no_input_delay (18)
6. checking no_output_delay (21)
7. checking multiple_clock (0)
8. checking generated_clocks (0)
9. checking loops (0)
10. checking partial_input_delay (0)
11. checking partial_output_delay (0)
12. checking latch_loops (2)

1. checking no_clock (80)
-------------------------
 There are 6 register/latch pins with no clock driven by root clock pin: aer_ack (HIGH)

grant_q_reg[0]/G
grant_q_reg[1]/G
grant_q_reg[2]/G
grant_q_reg[3]/G
state_q_reg[0]/G
state_q_reg[1]/G

 There are 2 register/latch pins with no clock driven by root clock pin: rst_n (HIGH)

state_q_reg[0]/G
state_q_reg[1]/G

 There are 4 register/latch pins with no clock driven by root clock pin: src_req[0] (HIGH)

grant_q_reg[0]/G
grant_q_reg[1]/G
grant_q_reg[2]/G
grant_q_reg[3]/G

 There are 4 register/latch pins with no clock driven by root clock pin: src_req[10] (HIGH)

grant_q_reg[0]/G
grant_q_reg[1]/G
grant_q_reg[2]/G
grant_q_reg[3]/G

 There are 4 register/latch pins with no clock driven by root clock pin: src_req[11] (HIGH)

grant_q_reg[0]/G
grant_q_reg[1]/G
grant_q_reg[2]/G
grant_q_reg[3]/G

 There are 4 register/latch pins with no clock driven by root clock pin: src_req[12] (HIGH)

grant_q_reg[0]/G
grant_q_reg[1]/G
grant_q_reg[2]/G
grant_q_reg[3]/G

 There are 4 register/latch pins with no clock driven by root clock pin: src_req[13] (HIGH)

grant_q_reg[0]/G
grant_q_reg[1]/G
grant_q_reg[2]/G
grant_q_reg[3]/G

 There are 4 register/latch pins with no clock driven by root clock pin: src_req[14] (HIGH)

grant_q_reg[0]/G
grant_q_reg[1]/G
grant_q_reg[2]/G
grant_q_reg[3]/G

 There are 4 register/latch pins with no clock driven by root clock pin: src_req[15] (HIGH)

grant_q_reg[0]/G
grant_q_reg[1]/G
grant_q_reg[2]/G
grant_q_reg[3]/G

 There are 4 register/latch pins with no clock driven by root clock pin: src_req[1] (HIGH)

grant_q_reg[0]/G
grant_q_reg[1]/G
grant_q_reg[2]/G
grant_q_reg[3]/G

 There are 4 register/latch pins with no clock driven by root clock pin: src_req[2] (HIGH)

grant_q_reg[0]/G
grant_q_reg[1]/G
grant_q_reg[2]/G
grant_q_reg[3]/G

 There are 4 register/latch pins with no clock driven by root clock pin: src_req[3] (HIGH)

grant_q_reg[0]/G
grant_q_reg[1]/G
grant_q_reg[2]/G
grant_q_reg[3]/G

 There are 4 register/latch pins with no clock driven by root clock pin: src_req[4] (HIGH)

grant_q_reg[0]/G
grant_q_reg[1]/G
grant_q_reg[2]/G
grant_q_reg[3]/G

 There are 4 register/latch pins with no clock driven by root clock pin: src_req[5] (HIGH)

grant_q_reg[0]/G
grant_q_reg[1]/G
grant_q_reg[2]/G
grant_q_reg[3]/G

 There are 4 register/latch pins with no clock driven by root clock pin: src_req[6] (HIGH)

grant_q_reg[0]/G
grant_q_reg[1]/G
grant_q_reg[2]/G
grant_q_reg[3]/G

 There are 4 register/latch pins with no clock driven by root clock pin: src_req[7] (HIGH)

grant_q_reg[0]/G
grant_q_reg[1]/G
grant_q_reg[2]/G
grant_q_reg[3]/G

 There are 4 register/latch pins with no clock driven by root clock pin: src_req[8] (HIGH)

grant_q_reg[0]/G
grant_q_reg[1]/G
grant_q_reg[2]/G
grant_q_reg[3]/G

 There are 4 register/latch pins with no clock driven by root clock pin: src_req[9] (HIGH)

grant_q_reg[0]/G
grant_q_reg[1]/G
grant_q_reg[2]/G
grant_q_reg[3]/G

 There are 4 register/latch pins with no clock driven by root clock pin: state_q_reg[0]/Q (HIGH)

grant_q_reg[0]/G
grant_q_reg[1]/G
grant_q_reg[2]/G
grant_q_reg[3]/G

 There are 4 register/latch pins with no clock driven by root clock pin: state_q_reg[1]/Q (HIGH)

grant_q_reg[0]/G
grant_q_reg[1]/G
grant_q_reg[2]/G
grant_q_reg[3]/G


2. checking constant_clock (0)
------------------------------
 There are 0 register/latch pins with constant_clock.


3. checking pulse_width_clock (0)
---------------------------------
 There are 0 register/latch pins which need pulse_width check


4. checking unconstrained_internal_endpoints (10)
-------------------------------------------------
 There are 10 pins that are not constrained for maximum delay. (HIGH)

grant_q_reg[0]/CLR
grant_q_reg[0]/D
grant_q_reg[1]/CLR
grant_q_reg[1]/D
grant_q_reg[2]/CLR
grant_q_reg[2]/D
grant_q_reg[3]/CLR
grant_q_reg[3]/D
state_q_reg[0]/D
state_q_reg[1]/D

 There are 0 pins that are not constrained for maximum delay due to constant clock.


5. checking no_input_delay (18)
-------------------------------
 There are 18 input ports with no input delay specified. (HIGH)

aer_ack
rst_n
src_req[0]
src_req[10]
src_req[11]
src_req[12]
src_req[13]
src_req[14]
src_req[15]
src_req[1]
src_req[2]
src_req[3]
src_req[4]
src_req[5]
src_req[6]
src_req[7]
src_req[8]
src_req[9]

 There are 0 input ports with no input delay but user has a false path constraint.


6. checking no_output_delay (21)
--------------------------------
 There are 21 ports with no output delay specified. (HIGH)

aer_addr[0]
aer_addr[1]
aer_addr[2]
aer_addr[3]
aer_req
src_ack[0]
src_ack[10]
src_ack[11]
src_ack[12]
src_ack[13]
src_ack[14]
src_ack[15]
src_ack[1]
src_ack[2]
src_ack[3]
src_ack[4]
src_ack[5]
src_ack[6]
src_ack[7]
src_ack[8]
src_ack[9]

 There are 0 ports with no output delay but user has a false path constraint

 There are 0 ports with no output delay but with a timing clock defined on it or propagating through it


7. checking multiple_clock (0)
------------------------------
 There are 0 register/latch pins with multiple clocks.


8. checking generated_clocks (0)
--------------------------------
 There are 0 generated clocks that are not connected to a clock source.


9. checking loops (0)
---------------------
 There are 0 combinational loops in the design.


10. checking partial_input_delay (0)
------------------------------------
 There are 0 input ports with partial input delay specified.


11. checking partial_output_delay (0)
-------------------------------------
 There are 0 ports with partial output delay specified.


12. checking latch_loops (2)
----------------------------
 There are 2 combinational latch loops in the design through latch input (HIGH)

state_q_reg[0]/D
state_q_reg[1]/D


