###############################################################
#  Generated by:      Cadence Innovus 23.14-s088_1
#  OS:                Linux x86_64(Host ID <REMOTE_HOST>)
#  Generated on:      Wed Aug 26 17:03:38 2026
#  Design:            aer64_pending_grouped_rr
#  Command:           report_ccopt_clock_trees -summary -num_cap_violating_pins 20 -file <REMOTE_WORKSPACE>/pnr/aer64grouped_h030v4/reports/postroute_clock_tree.rpt
###############################################################

Clock DAG stats:
================

--------------------------------------------------------
Cell type                 Count    Area      Capacitance
--------------------------------------------------------
Buffers                    12      28.044       0.005
Inverters                   0       0.000       0.000
Integrated Clock Gates      0       0.000       0.000
Discrete Clock Gates        0       0.000       0.000
Clock Logic                 0       0.000       0.000
All                        12      28.044       0.005
--------------------------------------------------------

Clock DAG miscellaneous counts:
===============================

------------------------------
Type                     Count
------------------------------
Roots                      1
Preserved Ports            0
Multiple Clock Inputs      0
------------------------------


Clock DAG sink counts:
======================

-------------------------
Sink type           Count
-------------------------
Regular              265
Enable Latch           0
Load Capacitance       0
Antenna Diode          0
Node Sink              0
Total                265
-------------------------


Clock DAG wire lengths:
=======================

--------------------
Type     Wire Length
--------------------
Top          0.000
Trunk      153.585
Leaf       832.460
Total      986.045
--------------------


Clock DAG hp wire lengths:
==========================

-----------------------
Type     hp Wire Length
-----------------------
Top           0.000
Trunk         0.000
Leaf        350.755
Total       350.755
-----------------------


Clock DAG capacitances:
=======================

--------------------------------
Type     Gate     Wire     Total
--------------------------------
Top      0.000    0.000    0.000
Trunk    0.005    0.011    0.015
Leaf     0.056    0.063    0.118
Total    0.060    0.073    0.134
--------------------------------


Clock DAG sink capacitances:
============================

-----------------------------------------------
Total    Average    Std. Dev.    Min      Max
-----------------------------------------------
0.056     0.000       0.000      0.000    0.000
-----------------------------------------------


Clock DAG net violations:
=========================

--------------------------------------------------------------------------------------------
Type                    Units    Count    Average    Std. Dev.    Sum      Top 10 violations
--------------------------------------------------------------------------------------------
Remaining Transition    ns         2       0.006       0.003      0.013    [0.008, 0.004]
--------------------------------------------------------------------------------------------


Clock DAG primary half-corner transition distribution:
======================================================

------------------------------------------------------------------------------------------------------------------------------------------------------------------------------------------------------------------------
Net Type    Target    Count    Average    Std. Dev.    Min      Max      Distribution                                                              Over Target
------------------------------------------------------------------------------------------------------------------------------------------------------------------------------------------------------------------------
Trunk       0.086       1       0.004       0.000      0.004    0.004    {1 <= 0.052ns, 0 <= 0.069ns, 0 <= 0.077ns, 0 <= 0.082ns, 0 <= 0.086ns}                                      -
Leaf        0.086      12       0.081       0.006      0.074    0.094    {0 <= 0.052ns, 0 <= 0.069ns, 4 <= 0.077ns, 5 <= 0.082ns, 1 <= 0.086ns}    {0 <= 0.090ns, 2 <= 0.095ns, 0 <= 0.103ns, 0 <= 0.129ns, 0 > 0.129ns}
------------------------------------------------------------------------------------------------------------------------------------------------------------------------------------------------------------------------


Clock DAG library cell distribution:
====================================

-----------------------------------------
Name        Type      Inst     Inst Area 
                      Count    (um^2)
-----------------------------------------
CLKBUFX4    buffer     10        23.940
CLKBUFX3    buffer      2         4.104
-----------------------------------------



Please note that the following tables reflect only the defined clock trees, so the flop counts might not include all flops in your design.

Clock Tree Summary:
===================

---------------------------------------------------------------------------------------------------------------------
Clock Tree  Clock  Bufs  Invs  Other  Max       Max     Max     Max          Standard   Wire   Gate   Clock Tree Root
Name        Gates              Clock  Non-leaf  Leaf    Length  Source-sink  cell area  cap    cap    
                               Cells  Fanout    Fanout  (um)    Resistance   (um^2)     (pF)   (pF)   
                                                                (Ohms)                                
---------------------------------------------------------------------------------------------------------------------
clk           0     12    0      0       12       27    92.46     1032.88     28.044    0.073  0.060  clk
---------------------------------------------------------------------------------------------------------------------

Clock Sink Summary:
===================

-------------------------------------------------------------------------------------------------------------------------------------------
Clock Tree  Explicit      Implicit      Explicit     Implicit     Explicit   Implicit   Posedge  Negedge  Memory  Enable  Non enable  Other
Name        exclude pins  exclude pins  ignore pins  ignore pins  stop pins  stop pins  Flops    Flops    Clock   Latch   Latch       Sinks
                                                                                                          Pins    Sinks   Sinks       
-------------------------------------------------------------------------------------------------------------------------------------------
clk              0             0             0            0           0          0        265       0       0       0         0         0
-------------------------------------------------------------------------------------------------------------------------------------------

Summary across all clock trees:
===============================

-----------------------------------------------------------------------------------------------------------
Clock  Bufs  Invs  Other  Max       Average   Max     Average  Max     Max          Standard   Wire   Gate
Gates              Clock  Non-leaf  Non-leaf  Leaf    Leaf     Length  Source-sink  cell area  cap    cap
                   Cells  Fanout    Fanout    Fanout  Fanout   (um)    Resistance   (um^2)     (pF)   (pF)
                                                                       (Ohms)                         
-----------------------------------------------------------------------------------------------------------
  0     12    0      0       12        12       27    22.0833  92.460    103.288     28.044    0.073  0.060
-----------------------------------------------------------------------------------------------------------

Clock Sink Summary across all clock trees:
==========================================

-------------------------------------------------------------------------------------------------------------------------------
Explicit      Implicit      Explicit     Implicit     Explicit   Implicit   Posedge  Negedge  Memory  Enable  Non enable  Other
exclude pins  exclude pins  ignore pins  ignore pins  stop pins  stop pins  Flops    Flops    Clock   Latch   Latch       Sinks
                                                                                              Pins    Sinks   Sinks       
-------------------------------------------------------------------------------------------------------------------------------
     0             0             0            0           0          0        265       0       0       0         0         0
-------------------------------------------------------------------------------------------------------------------------------

Physical metrics across all clock trees:
========================================

-----------------------------------------------------------------------
Metric                               Minimum  Average  Maximum  Std.dev
-----------------------------------------------------------------------
Source-sink routed net length (um)   12.990   30.866    92.460  19.501
Source-sink manhattan distance (um)  12.765   28.901    92.495  19.086
Source-sink resistance (Ohm)         33.138   52.423   103.288  17.279
-----------------------------------------------------------------------

Transition distribution for half-corner corner_slow:setup.late:
===============================================================

------------------------------------------------------------------------------------------------------------------------------------------------------------------------------------------------------------------------
Net Type    Target    Count    Average    Std. Dev.    Min      Max      Distribution                                                              Over Target
------------------------------------------------------------------------------------------------------------------------------------------------------------------------------------------------------------------------
Trunk       0.086       1       0.004       0.000      0.004    0.004    {1 <= 0.052ns, 0 <= 0.069ns, 0 <= 0.077ns, 0 <= 0.082ns, 0 <= 0.086ns}                                      -
Leaf        0.086      12       0.081       0.006      0.074    0.094    {0 <= 0.052ns, 0 <= 0.069ns, 4 <= 0.077ns, 5 <= 0.082ns, 1 <= 0.086ns}    {0 <= 0.090ns, 2 <= 0.095ns, 0 <= 0.103ns, 0 <= 0.129ns, 0 > 0.129ns}
------------------------------------------------------------------------------------------------------------------------------------------------------------------------------------------------------------------------

Count of violations across all clock trees:
===========================================

---------------------------------------------------------------------------------------
Clock Tree  # Max capacitance  # Max resistance  # Max length  # Max fanout  # Slew
Name        violations         violations        violations    violations    violations
---------------------------------------------------------------------------------------
clk                 0                 0               0             0            54
---------------------------------------------------------------------------------------
Total               0                 0               0             0            54
---------------------------------------------------------------------------------------

Note the above table per clock tree is based on CCOpt clock tree view. The violations are counted across half corners.

Found a total of 0 clock tree pins with max capacitance violations.
Found a total of 0 clock tree nets with max resistance violations.
Found a total of 0 clock tree nets with max length violations.
Found a total of 0 clock tree nets with max fanout violations.
Found a total of 54 clock tree pins with a slew violation.

Slew violation summary across all clock trees - Top 10 violating pins:
======================================================================

Target and measured clock slews (in ns):

------------------------------------------------------------------------------------------------------------
Half corner             Violation  Slew    Slew      Dont   Ideal  Target         Pin
                        amount     target  achieved  touch  net?   source         
                                                     net?                         
------------------------------------------------------------------------------------------------------------
corner_slow:setup.late    0.008    0.086    0.094    N      N      auto computed  core/pending_q_reg[40]/CK
corner_slow:setup.late    0.008    0.086    0.094    N      N      auto computed  core/pending_q_reg[48]/CK
corner_slow:setup.late    0.008    0.086    0.094    N      N      auto computed  core/pending_q_reg[49]/CK
corner_slow:setup.late    0.008    0.086    0.094    N      N      auto computed  core/pending_q_reg[50]/CK
corner_slow:setup.late    0.008    0.086    0.094    N      N      auto computed  core/pending_q_reg[51]/CK
corner_slow:setup.late    0.008    0.086    0.094    N      N      auto computed  core/pending_q_reg[52]/CK
corner_slow:setup.late    0.008    0.086    0.094    N      N      auto computed  core/pending_q_reg[53]/CK
corner_slow:setup.late    0.008    0.086    0.094    N      N      auto computed  core/pending_q_reg[54]/CK
corner_slow:setup.late    0.008    0.086    0.094    N      N      auto computed  core/pending_q_reg[55]/CK
corner_slow:setup.late    0.008    0.086    0.094    N      N      auto computed  core/CTS_ccl_a_buf_00003/Y
------------------------------------------------------------------------------------------------------------

Target sources:
auto extracted - target was extracted from SDC.
auto computed - target was computed when balancing trees.
explicit - target is explicitly set via target_max_trans property.
pin explicit - target is explicitly set for this pin via pin_target_max_trans property.
liberty explicit - target is explicitly set via max_transition from liberty library.

Found 0 pins on nets marked dont_touch that have slew violations.
Found 0 pins on nets marked dont_touch that do not have slew violations.
Found 0 pins on nets marked ideal_network that have slew violations.
Found 0 pins on nets marked ideal_network that do not have slew violations.


Clock Timing Summary:
=====================

Target and measured clock slews (in ns):

--------------------------------------------------------------------------------------------------------------------------------------------------
Clock tree  Timing Corner            Worst Rising  Worst Falling  Worst Rising  Worst Falling  Leaf Slew      Leaf Slew  Trunk Slew     Trunk Slew
                                     Leaf Slew     Leaf Slew      Trunk Slew    Trunk Slew     Target Type    Target     Target Type    Target
--------------------------------------------------------------------------------------------------------------------------------------------------
clk         corner_slow:setup.early     0.079          0.094         0.004          0.004      ignored            -      ignored            -
clk         corner_slow:setup.late      0.080          0.094         0.004          0.004      auto computed  *0.086     auto computed   0.086
clk         corner_fast:hold.early      0.028          0.029         0.004          0.004      ignored            -      ignored            -
clk         corner_fast:hold.late       0.029          0.030         0.004          0.004      ignored            -      ignored            -
--------------------------------------------------------------------------------------------------------------------------------------------------

* - indicates that target was not met.

auto extracted - target was extracted from SDC.
auto computed - target was computed when balancing trees.

Total Transition Slacks Summary:
================================

-------------------------------------------------------------------------------------------------
Total       Total Leaf    Total        Total Leaf    Mean        Median      Std.Dev     Worst
Overslew    Overslew      Underslew    Underslew     Overslew    Overslew    Overslew    Overslew
-------------------------------------------------------------------------------------------------
 0.013        0.013        -0.161        -0.079       0.006       0.006       0.003       0.008
-------------------------------------------------------------------------------------------------

Transition times measured in the half-corner corner_slow:setup.late

Top Overslews:

-----------------------------------------
Driving node                Overslew (ns)
-----------------------------------------
core/CTS_ccl_a_buf_00003        0.008
core/CTS_ccl_a_buf_00012        0.004
-----------------------------------------

Top Underslews:

------------------------------------------
Driving node                Underslew (ns)
------------------------------------------
clk                             -0.082
core/CTS_ccl_a_buf_00004        -0.012
core/CTS_ccl_a_buf_00002        -0.012
core/CTS_ccl_a_buf_00009        -0.011
core/CTS_ccl_a_buf_00001        -0.010
core/CTS_ccl_a_buf_00008        -0.007
core/CTS_ccl_a_buf_00006        -0.007
core/CTS_ccl_a_buf_00005        -0.006
core/CTS_ccl_a_buf_00010        -0.006
core/CTS_ccl_a_buf_00011        -0.004
------------------------------------------

