###############################################################
#  Generated by:      Cadence Innovus 23.14-s088_1
#  OS:                Linux x86_64(Host ID <REMOTE_HOST>)
#  Generated on:      Wed Aug 26 17:03:36 2026
#  Design:            aer64_pending_grouped_rr
#  Command:           report_timing -check_type recovery -max_paths 20 > [file join $report_dir postroute_recovery_timing.rpt]
###############################################################
Path 1: MET Recovery Check with Pin core/reset_release_q_reg[1]/CK 
Endpoint:   core/reset_release_q_reg[1]/RN (^) checked with  leading edge of 
'clk'
Beginpoint: rst_n                          (^) triggered by  leading edge of '@'
Path Groups: {async_default}
Analysis View: setup_view
Other End Arrival Time          0.090
- Recovery                     -0.069
+ Phase Shift                  10.000
- Uncertainty                   0.200
= Required Time                 9.959
- Arrival Time                  0.493
= Slack Time                    9.466
     Clock Rise Edge                      0.000
     + Input Delay                        0.000
     = Beginpoint Arrival Time            0.000
     +--------------------------------------------------------------------------------+ 
     |          Instance           |    Arc     |  Cell  | Delay | Arrival | Required | 
     |                             |            |        |       |  Time   |   Time   | 
     |-----------------------------+------------+--------+-------+---------+----------| 
     |                             | rst_n ^    |        |       |   0.000 |    9.466 | 
     | FE_PHC79_rst_n              | A ^ -> Y ^ | DLY1X1 | 0.154 |   0.154 |    9.620 | 
     | FE_PHC76_rst_n              | A ^ -> Y ^ | DLY2X1 | 0.338 |   0.493 |    9.959 | 
     | core/reset_release_q_reg[1] | RN ^       | DFFRX1 | 0.000 |   0.493 |    9.959 | 
     +--------------------------------------------------------------------------------+ 
Path 2: MET Recovery Check with Pin core/reset_release_q_reg[0]/CK 
Endpoint:   core/reset_release_q_reg[0]/RN (^) checked with  leading edge of 
'clk'
Beginpoint: rst_n                          (^) triggered by  leading edge of '@'
Path Groups: {async_default}
Analysis View: setup_view
Other End Arrival Time          0.090
- Recovery                     -0.079
+ Phase Shift                  10.000
- Uncertainty                   0.200
= Required Time                 9.969
- Arrival Time                  0.493
= Slack Time                    9.476
     Clock Rise Edge                      0.000
     + Input Delay                        0.000
     = Beginpoint Arrival Time            0.000
     +----------------------------------------------------------------------------------+ 
     |          Instance           |    Arc     |   Cell   | Delay | Arrival | Required | 
     |                             |            |          |       |  Time   |   Time   | 
     |-----------------------------+------------+----------+-------+---------+----------| 
     |                             | rst_n ^    |          |       |   0.000 |    9.476 | 
     | FE_PHC79_rst_n              | A ^ -> Y ^ | DLY1X1   | 0.154 |   0.154 |    9.630 | 
     | FE_PHC76_rst_n              | A ^ -> Y ^ | DLY2X1   | 0.338 |   0.493 |    9.969 | 
     | core/reset_release_q_reg[0] | RN ^       | DFFRHQX1 | 0.000 |   0.493 |    9.969 | 
     +----------------------------------------------------------------------------------+ 

