###############################################################
#  Generated by:      Cadence Innovus 23.14-s088_1
#  OS:                Linux x86_64(Host ID <REMOTE_HOST>)
#  Generated on:      Wed Aug 26 17:03:36 2026
#  Design:            aer64_pending_grouped_rr
#  Command:           report_timing -from [get_pins -hierarchical *req_meta_q_reg*/Q] -to [get_pins -hierarchical *req_sync_q_reg*/D] -max_paths 256 > [file join $report_dir postroute_cdc_setup_timing.rpt]
###############################################################
Path 1: MET Setup Check with Pin core/req_sync_q_reg[45]/CK 
Endpoint:   core/req_sync_q_reg[45]/D (^) checked with  leading edge of 'clk'
Beginpoint: core/req_meta_q_reg[45]/Q (^) triggered by  leading edge of '@'
Path Groups: {clk}
Analysis View: setup_view
Other End Arrival Time          0.099
- Setup                         0.107
+ Path Delay                    0.800
- Uncertainty                   0.200
= Required Time                 0.593
- Arrival Time                  0.213
= Slack Time                    0.380
     Clock Rise Edge                      0.000
     = Beginpoint Arrival Time            0.000
     +----------------------------------------------------------------------------------+ 
     |           Instance           |    Arc     |  Cell   | Delay | Arrival | Required | 
     |                              |            |         |       |  Time   |   Time   | 
     |------------------------------+------------+---------+-------+---------+----------| 
     | core/req_meta_q_reg[45]      | Q ^        |         |       |   0.000 |    0.380 | 
     | core/FE_PHC120_req_meta_q_45 | A ^ -> Y ^ | DLY1X1  | 0.213 |   0.213 |    0.593 | 
     | core/req_sync_q_reg[45]      | D ^        | DFFHQX1 | 0.000 |   0.213 |    0.593 | 
     +----------------------------------------------------------------------------------+ 
Path 2: MET Setup Check with Pin core/req_sync_q_reg[42]/CK 
Endpoint:   core/req_sync_q_reg[42]/D (^) checked with  leading edge of 'clk'
Beginpoint: core/req_meta_q_reg[42]/Q (^) triggered by  leading edge of '@'
Path Groups: {clk}
Analysis View: setup_view
Other End Arrival Time          0.099
- Setup                         0.108
+ Path Delay                    0.800
- Uncertainty                   0.200
= Required Time                 0.592
- Arrival Time                  0.211
= Slack Time                    0.381
     Clock Rise Edge                      0.000
     = Beginpoint Arrival Time            0.000
     +----------------------------------------------------------------------------------+ 
     |           Instance           |    Arc     |  Cell   | Delay | Arrival | Required | 
     |                              |            |         |       |  Time   |   Time   | 
     |------------------------------+------------+---------+-------+---------+----------| 
     | core/req_meta_q_reg[42]      | Q ^        |         |       |   0.000 |    0.381 | 
     | core/FE_PHC134_req_meta_q_42 | A ^ -> Y ^ | DLY1X1  | 0.211 |   0.211 |    0.591 | 
     | core/req_sync_q_reg[42]      | D ^        | DFFHQX1 | 0.000 |   0.211 |    0.592 | 
     +----------------------------------------------------------------------------------+ 
Path 3: MET Setup Check with Pin core/req_sync_q_reg[17]/CK 
Endpoint:   core/req_sync_q_reg[17]/D (^) checked with  leading edge of 'clk'
Beginpoint: core/req_meta_q_reg[17]/Q (^) triggered by  leading edge of '@'
Path Groups: {clk}
Analysis View: setup_view
Other End Arrival Time          0.101
- Setup                         0.121
+ Path Delay                    0.800
- Uncertainty                   0.200
= Required Time                 0.580
- Arrival Time                  0.198
= Slack Time                    0.382
     Clock Rise Edge                      0.000
     = Beginpoint Arrival Time            0.000
     +----------------------------------------------------------------------------------+ 
     |           Instance           |    Arc     |  Cell   | Delay | Arrival | Required | 
     |                              |            |         |       |  Time   |   Time   | 
     |------------------------------+------------+---------+-------+---------+----------| 
     | core/req_meta_q_reg[17]      | Q ^        |         |       |   0.000 |    0.382 | 
     | core/FE_PHC142_req_meta_q_17 | A ^ -> Y ^ | DLY1X1  | 0.198 |   0.198 |    0.580 | 
     | core/req_sync_q_reg[17]      | D ^        | DFFHQX1 | 0.000 |   0.198 |    0.580 | 
     +----------------------------------------------------------------------------------+ 
Path 4: MET Setup Check with Pin core/req_sync_q_reg[30]/CK 
Endpoint:   core/req_sync_q_reg[30]/D (^) checked with  leading edge of 'clk'
Beginpoint: core/req_meta_q_reg[30]/Q (^) triggered by  leading edge of '@'
Path Groups: {clk}
Analysis View: setup_view
Other End Arrival Time          0.099
- Setup                         0.114
+ Path Delay                    0.800
- Uncertainty                   0.200
= Required Time                 0.586
- Arrival Time                  0.202
= Slack Time                    0.383
     Clock Rise Edge                      0.000
     = Beginpoint Arrival Time            0.000
     +----------------------------------------------------------------------------------+ 
     |           Instance           |    Arc     |  Cell   | Delay | Arrival | Required | 
     |                              |            |         |       |  Time   |   Time   | 
     |------------------------------+------------+---------+-------+---------+----------| 
     | core/req_meta_q_reg[30]      | Q ^        |         |       |   0.000 |    0.383 | 
     | core/FE_PHC131_req_meta_q_30 | A ^ -> Y ^ | DLY1X1  | 0.202 |   0.202 |    0.586 | 
     | core/req_sync_q_reg[30]      | D ^        | DFFHQX1 | 0.000 |   0.202 |    0.586 | 
     +----------------------------------------------------------------------------------+ 
Path 5: MET Setup Check with Pin core/req_sync_q_reg[36]/CK 
Endpoint:   core/req_sync_q_reg[36]/D (^) checked with  leading edge of 'clk'
Beginpoint: core/req_meta_q_reg[36]/Q (^) triggered by  leading edge of '@'
Path Groups: {clk}
Analysis View: setup_view
Other End Arrival Time          0.099
- Setup                         0.106
+ Path Delay                    0.800
- Uncertainty                   0.200
= Required Time                 0.593
- Arrival Time                  0.207
= Slack Time                    0.386
     Clock Rise Edge                      0.000
     = Beginpoint Arrival Time            0.000
     +----------------------------------------------------------------------------------+ 
     |           Instance           |    Arc     |  Cell   | Delay | Arrival | Required | 
     |                              |            |         |       |  Time   |   Time   | 
     |------------------------------+------------+---------+-------+---------+----------| 
     | core/req_meta_q_reg[36]      | Q ^        |         |       |   0.000 |    0.386 | 
     | core/FE_PHC129_req_meta_q_36 | A ^ -> Y ^ | DLY1X1  | 0.207 |   0.207 |    0.593 | 
     | core/req_sync_q_reg[36]      | D ^        | DFFHQX1 | 0.000 |   0.207 |    0.593 | 
     +----------------------------------------------------------------------------------+ 
Path 6: MET Setup Check with Pin core/req_sync_q_reg[8]/CK 
Endpoint:   core/req_sync_q_reg[8]/D (^) checked with  leading edge of 'clk'
Beginpoint: core/req_meta_q_reg[8]/Q (^) triggered by  leading edge of '@'
Path Groups: {clk}
Analysis View: setup_view
Other End Arrival Time          0.093
- Setup                         0.096
+ Path Delay                    0.800
- Uncertainty                   0.200
= Required Time                 0.598
- Arrival Time                  0.211
= Slack Time                    0.386
     Clock Rise Edge                      0.000
     = Beginpoint Arrival Time            0.000
     +------------------------------------------------------------------------------------------+ 
     |              Instance               |    Arc     |   Cell   | Delay | Arrival | Required | 
     |                                     |            |          |       |  Time   |   Time   | 
     |-------------------------------------+------------+----------+-------+---------+----------| 
     | core/req_meta_q_reg[8]              | Q ^        |          |       |   0.000 |    0.386 | 
     | core/FE_OFC2_req_meta_q_8           | A ^ -> Y ^ | BUFX2    | 0.109 |   0.109 |    0.495 | 
     | core/FE_PHC143_FE_OFN3_req_meta_q_8 | A ^ -> Y ^ | CLKBUFX2 | 0.102 |   0.211 |    0.598 | 
     | core/req_sync_q_reg[8]              | D ^        | DFFHQX1  | 0.000 |   0.211 |    0.598 | 
     +------------------------------------------------------------------------------------------+ 
Path 7: MET Setup Check with Pin core/req_sync_q_reg[16]/CK 
Endpoint:   core/req_sync_q_reg[16]/D (^) checked with  leading edge of 'clk'
Beginpoint: core/req_meta_q_reg[16]/Q (^) triggered by  leading edge of '@'
Path Groups: {clk}
Analysis View: setup_view
Other End Arrival Time          0.099
- Setup                         0.115
+ Path Delay                    0.800
- Uncertainty                   0.200
= Required Time                 0.584
- Arrival Time                  0.197
= Slack Time                    0.387
     Clock Rise Edge                      0.000
     = Beginpoint Arrival Time            0.000
     +----------------------------------------------------------------------------------+ 
     |           Instance           |    Arc     |  Cell   | Delay | Arrival | Required | 
     |                              |            |         |       |  Time   |   Time   | 
     |------------------------------+------------+---------+-------+---------+----------| 
     | core/req_meta_q_reg[16]      | Q ^        |         |       |   0.000 |    0.387 | 
     | core/FE_PHC141_req_meta_q_16 | A ^ -> Y ^ | DLY1X1  | 0.197 |   0.197 |    0.584 | 
     | core/req_sync_q_reg[16]      | D ^        | DFFHQX1 | 0.000 |   0.197 |    0.584 | 
     +----------------------------------------------------------------------------------+ 
Path 8: MET Setup Check with Pin core/req_sync_q_reg[14]/CK 
Endpoint:   core/req_sync_q_reg[14]/D (^) checked with  leading edge of 'clk'
Beginpoint: core/req_meta_q_reg[14]/Q (^) triggered by  leading edge of '@'
Path Groups: {clk}
Analysis View: setup_view
Other End Arrival Time          0.099
- Setup                         0.107
+ Path Delay                    0.800
- Uncertainty                   0.200
= Required Time                 0.593
- Arrival Time                  0.203
= Slack Time                    0.390
     Clock Rise Edge                      0.000
     = Beginpoint Arrival Time            0.000
     +----------------------------------------------------------------------------------+ 
     |           Instance           |    Arc     |  Cell   | Delay | Arrival | Required | 
     |                              |            |         |       |  Time   |   Time   | 
     |------------------------------+------------+---------+-------+---------+----------| 
     | core/req_meta_q_reg[14]      | Q ^        |         |       |   0.000 |    0.390 | 
     | core/FE_PHC139_req_meta_q_14 | A ^ -> Y ^ | DLY1X1  | 0.203 |   0.203 |    0.593 | 
     | core/req_sync_q_reg[14]      | D ^        | DFFHQX1 | 0.000 |   0.203 |    0.593 | 
     +----------------------------------------------------------------------------------+ 
Path 9: MET Setup Check with Pin core/req_sync_q_reg[33]/CK 
Endpoint:   core/req_sync_q_reg[33]/D (^) checked with  leading edge of 'clk'
Beginpoint: core/req_meta_q_reg[33]/Q (^) triggered by  leading edge of '@'
Path Groups: {clk}
Analysis View: setup_view
Other End Arrival Time          0.099
- Setup                         0.112
+ Path Delay                    0.800
- Uncertainty                   0.200
= Required Time                 0.587
- Arrival Time                  0.196
= Slack Time                    0.391
     Clock Rise Edge                      0.000
     = Beginpoint Arrival Time            0.000
     +----------------------------------------------------------------------------------+ 
     |           Instance           |    Arc     |  Cell   | Delay | Arrival | Required | 
     |                              |            |         |       |  Time   |   Time   | 
     |------------------------------+------------+---------+-------+---------+----------| 
     | core/req_meta_q_reg[33]      | Q ^        |         |       |   0.000 |    0.391 | 
     | core/FE_PHC133_req_meta_q_33 | A ^ -> Y ^ | DLY1X1  | 0.196 |   0.196 |    0.587 | 
     | core/req_sync_q_reg[33]      | D ^        | DFFHQX1 | 0.000 |   0.196 |    0.587 | 
     +----------------------------------------------------------------------------------+ 
Path 10: MET Setup Check with Pin core/req_sync_q_reg[12]/CK 
Endpoint:   core/req_sync_q_reg[12]/D (^) checked with  leading edge of 'clk'
Beginpoint: core/req_meta_q_reg[12]/Q (^) triggered by  leading edge of '@'
Path Groups: {clk}
Analysis View: setup_view
Other End Arrival Time          0.101
- Setup                         0.117
+ Path Delay                    0.800
- Uncertainty                   0.200
= Required Time                 0.584
- Arrival Time                  0.192
= Slack Time                    0.391
     Clock Rise Edge                      0.000
     = Beginpoint Arrival Time            0.000
     +----------------------------------------------------------------------------------+ 
     |           Instance           |    Arc     |  Cell   | Delay | Arrival | Required | 
     |                              |            |         |       |  Time   |   Time   | 
     |------------------------------+------------+---------+-------+---------+----------| 
     | core/req_meta_q_reg[12]      | Q ^        |         |       |   0.000 |    0.391 | 
     | core/FE_PHC140_req_meta_q_12 | A ^ -> Y ^ | DLY1X1  | 0.192 |   0.192 |    0.583 | 
     | core/req_sync_q_reg[12]      | D ^        | DFFHQX1 | 0.000 |   0.192 |    0.584 | 
     +----------------------------------------------------------------------------------+ 
Path 11: MET Setup Check with Pin core/req_sync_q_reg[37]/CK 
Endpoint:   core/req_sync_q_reg[37]/D (^) checked with  leading edge of 'clk'
Beginpoint: core/req_meta_q_reg[37]/Q (^) triggered by  leading edge of '@'
Path Groups: {clk}
Analysis View: setup_view
Other End Arrival Time          0.099
- Setup                         0.105
+ Path Delay                    0.800
- Uncertainty                   0.200
= Required Time                 0.594
- Arrival Time                  0.201
= Slack Time                    0.393
     Clock Rise Edge                      0.000
     = Beginpoint Arrival Time            0.000
     +----------------------------------------------------------------------------------+ 
     |           Instance           |    Arc     |  Cell   | Delay | Arrival | Required | 
     |                              |            |         |       |  Time   |   Time   | 
     |------------------------------+------------+---------+-------+---------+----------| 
     | core/req_meta_q_reg[37]      | Q ^        |         |       |   0.000 |    0.393 | 
     | core/FE_PHC130_req_meta_q_37 | A ^ -> Y ^ | DLY1X1  | 0.201 |   0.201 |    0.594 | 
     | core/req_sync_q_reg[37]      | D ^        | DFFHQX1 | 0.000 |   0.201 |    0.594 | 
     +----------------------------------------------------------------------------------+ 
Path 12: MET Setup Check with Pin core/req_sync_q_reg[59]/CK 
Endpoint:   core/req_sync_q_reg[59]/D (^) checked with  leading edge of 'clk'
Beginpoint: core/req_meta_q_reg[59]/Q (^) triggered by  leading edge of '@'
Path Groups: {clk}
Analysis View: setup_view
Other End Arrival Time          0.093
- Setup                         0.103
+ Path Delay                    0.800
- Uncertainty                   0.200
= Required Time                 0.590
- Arrival Time                  0.193
= Slack Time                    0.397
     Clock Rise Edge                      0.000
     = Beginpoint Arrival Time            0.000
     +----------------------------------------------------------------------------------+ 
     |           Instance           |    Arc     |  Cell   | Delay | Arrival | Required | 
     |                              |            |         |       |  Time   |   Time   | 
     |------------------------------+------------+---------+-------+---------+----------| 
     | core/req_meta_q_reg[59]      | Q ^        |         |       |   0.000 |    0.397 | 
     | core/FE_PHC121_req_meta_q_59 | A ^ -> Y ^ | DLY1X1  | 0.193 |   0.193 |    0.590 | 
     | core/req_sync_q_reg[59]      | D ^        | DFFHQX1 | 0.000 |   0.193 |    0.590 | 
     +----------------------------------------------------------------------------------+ 
Path 13: MET Setup Check with Pin core/req_sync_q_reg[26]/CK 
Endpoint:   core/req_sync_q_reg[26]/D (^) checked with  leading edge of 'clk'
Beginpoint: core/req_meta_q_reg[26]/Q (^) triggered by  leading edge of '@'
Path Groups: {clk}
Analysis View: setup_view
Other End Arrival Time          0.099
- Setup                         0.108
+ Path Delay                    0.800
- Uncertainty                   0.200
= Required Time                 0.591
- Arrival Time                  0.183
= Slack Time                    0.409
     Clock Rise Edge                      0.000
     = Beginpoint Arrival Time            0.000
     +----------------------------------------------------------------------------------+ 
     |           Instance           |    Arc     |  Cell   | Delay | Arrival | Required | 
     |                              |            |         |       |  Time   |   Time   | 
     |------------------------------+------------+---------+-------+---------+----------| 
     | core/req_meta_q_reg[26]      | Q ^        |         |       |   0.000 |    0.409 | 
     | core/FE_PHC127_req_meta_q_26 | A ^ -> Y ^ | DLY1X1  | 0.183 |   0.183 |    0.591 | 
     | core/req_sync_q_reg[26]      | D ^        | DFFHQX1 | 0.000 |   0.183 |    0.591 | 
     +----------------------------------------------------------------------------------+ 
Path 14: MET Setup Check with Pin core/req_sync_q_reg[34]/CK 
Endpoint:   core/req_sync_q_reg[34]/D (^) checked with  leading edge of 'clk'
Beginpoint: core/req_meta_q_reg[34]/Q (^) triggered by  leading edge of '@'
Path Groups: {clk}
Analysis View: setup_view
Other End Arrival Time          0.099
- Setup                         0.108
+ Path Delay                    0.800
- Uncertainty                   0.200
= Required Time                 0.591
- Arrival Time                  0.179
= Slack Time                    0.412
     Clock Rise Edge                      0.000
     = Beginpoint Arrival Time            0.000
     +----------------------------------------------------------------------------------+ 
     |           Instance           |    Arc     |  Cell   | Delay | Arrival | Required | 
     |                              |            |         |       |  Time   |   Time   | 
     |------------------------------+------------+---------+-------+---------+----------| 
     | core/req_meta_q_reg[34]      | Q ^        |         |       |   0.000 |    0.412 | 
     | core/FE_PHC124_req_meta_q_34 | A ^ -> Y ^ | DLY1X1  | 0.179 |   0.179 |    0.591 | 
     | core/req_sync_q_reg[34]      | D ^        | DFFHQX1 | 0.000 |   0.179 |    0.591 | 
     +----------------------------------------------------------------------------------+ 
Path 15: MET Setup Check with Pin core/req_sync_q_reg[53]/CK 
Endpoint:   core/req_sync_q_reg[53]/D (^) checked with  leading edge of 'clk'
Beginpoint: core/req_meta_q_reg[53]/Q (^) triggered by  leading edge of '@'
Path Groups: {clk}
Analysis View: setup_view
Other End Arrival Time          0.099
- Setup                         0.106
+ Path Delay                    0.800
- Uncertainty                   0.200
= Required Time                 0.593
- Arrival Time                  0.180
= Slack Time                    0.413
     Clock Rise Edge                      0.000
     = Beginpoint Arrival Time            0.000
     +----------------------------------------------------------------------------------+ 
     |           Instance           |    Arc     |  Cell   | Delay | Arrival | Required | 
     |                              |            |         |       |  Time   |   Time   | 
     |------------------------------+------------+---------+-------+---------+----------| 
     | core/req_meta_q_reg[53]      | Q ^        |         |       |   0.000 |    0.413 | 
     | core/FE_PHC132_req_meta_q_53 | A ^ -> Y ^ | DLY1X1  | 0.180 |   0.180 |    0.593 | 
     | core/req_sync_q_reg[53]      | D ^        | DFFHQX1 | 0.000 |   0.180 |    0.593 | 
     +----------------------------------------------------------------------------------+ 
Path 16: MET Setup Check with Pin core/req_sync_q_reg[58]/CK 
Endpoint:   core/req_sync_q_reg[58]/D (^) checked with  leading edge of 'clk'
Beginpoint: core/req_meta_q_reg[58]/Q (^) triggered by  leading edge of '@'
Path Groups: {clk}
Analysis View: setup_view
Other End Arrival Time          0.099
- Setup                         0.098
+ Path Delay                    0.800
- Uncertainty                   0.200
= Required Time                 0.602
- Arrival Time                  0.189
= Slack Time                    0.413
     Clock Rise Edge                      0.000
     = Beginpoint Arrival Time            0.000
     +----------------------------------------------------------------------------------+ 
     |           Instance           |    Arc     |  Cell   | Delay | Arrival | Required | 
     |                              |            |         |       |  Time   |   Time   | 
     |------------------------------+------------+---------+-------+---------+----------| 
     | core/req_meta_q_reg[58]      | Q ^        |         |       |   0.000 |    0.413 | 
     | core/FE_PHC102_req_meta_q_58 | A ^ -> Y ^ | DLY1X1  | 0.189 |   0.189 |    0.602 | 
     | core/req_sync_q_reg[58]      | D ^        | DFFHQX1 | 0.000 |   0.189 |    0.602 | 
     +----------------------------------------------------------------------------------+ 
Path 17: MET Setup Check with Pin core/req_sync_q_reg[2]/CK 
Endpoint:   core/req_sync_q_reg[2]/D (^) checked with  leading edge of 'clk'
Beginpoint: core/req_meta_q_reg[2]/Q (^) triggered by  leading edge of '@'
Path Groups: {clk}
Analysis View: setup_view
Other End Arrival Time          0.096
- Setup                         0.108
+ Path Delay                    0.800
- Uncertainty                   0.200
= Required Time                 0.588
- Arrival Time                  0.173
= Slack Time                    0.415
     Clock Rise Edge                      0.000
     = Beginpoint Arrival Time            0.000
     +---------------------------------------------------------------------------------+ 
     |          Instance           |    Arc     |  Cell   | Delay | Arrival | Required | 
     |                             |            |         |       |  Time   |   Time   | 
     |-----------------------------+------------+---------+-------+---------+----------| 
     | core/req_meta_q_reg[2]      | Q ^        |         |       |   0.000 |    0.415 | 
     | core/FE_PHC113_req_meta_q_2 | A ^ -> Y ^ | DLY1X1  | 0.173 |   0.173 |    0.588 | 
     | core/req_sync_q_reg[2]      | D ^        | DFFHQX1 | 0.000 |   0.173 |    0.588 | 
     +---------------------------------------------------------------------------------+ 
Path 18: MET Setup Check with Pin core/req_sync_q_reg[57]/CK 
Endpoint:   core/req_sync_q_reg[57]/D (^) checked with  leading edge of 'clk'
Beginpoint: core/req_meta_q_reg[57]/Q (^) triggered by  leading edge of '@'
Path Groups: {clk}
Analysis View: setup_view
Other End Arrival Time          0.093
- Setup                         0.100
+ Path Delay                    0.800
- Uncertainty                   0.200
= Required Time                 0.593
- Arrival Time                  0.176
= Slack Time                    0.417
     Clock Rise Edge                      0.000
     = Beginpoint Arrival Time            0.000
     +----------------------------------------------------------------------------------+ 
     |           Instance           |    Arc     |  Cell   | Delay | Arrival | Required | 
     |                              |            |         |       |  Time   |   Time   | 
     |------------------------------+------------+---------+-------+---------+----------| 
     | core/req_meta_q_reg[57]      | Q ^        |         |       |   0.000 |    0.417 | 
     | core/FE_PHC126_req_meta_q_57 | A ^ -> Y ^ | DLY1X1  | 0.176 |   0.176 |    0.593 | 
     | core/req_sync_q_reg[57]      | D ^        | DFFHQX1 | 0.000 |   0.176 |    0.593 | 
     +----------------------------------------------------------------------------------+ 
Path 19: MET Setup Check with Pin core/req_sync_q_reg[51]/CK 
Endpoint:   core/req_sync_q_reg[51]/D (^) checked with  leading edge of 'clk'
Beginpoint: core/req_meta_q_reg[51]/Q (^) triggered by  leading edge of '@'
Path Groups: {clk}
Analysis View: setup_view
Other End Arrival Time          0.099
- Setup                         0.098
+ Path Delay                    0.800
- Uncertainty                   0.200
= Required Time                 0.602
- Arrival Time                  0.184
= Slack Time                    0.418
     Clock Rise Edge                      0.000
     = Beginpoint Arrival Time            0.000
     +---------------------------------------------------------------------------------+ 
     |          Instance           |    Arc     |  Cell   | Delay | Arrival | Required | 
     |                             |            |         |       |  Time   |   Time   | 
     |-----------------------------+------------+---------+-------+---------+----------| 
     | core/req_meta_q_reg[51]     | Q ^        |         |       |   0.000 |    0.418 | 
     | core/FE_PHC91_req_meta_q_51 | A ^ -> Y ^ | DLY1X1  | 0.184 |   0.184 |    0.602 | 
     | core/req_sync_q_reg[51]     | D ^        | DFFHQX1 | 0.000 |   0.184 |    0.602 | 
     +---------------------------------------------------------------------------------+ 
Path 20: MET Setup Check with Pin core/req_sync_q_reg[5]/CK 
Endpoint:   core/req_sync_q_reg[5]/D (^) checked with  leading edge of 'clk'
Beginpoint: core/req_meta_q_reg[5]/Q (^) triggered by  leading edge of '@'
Path Groups: {clk}
Analysis View: setup_view
Other End Arrival Time          0.096
- Setup                         0.107
+ Path Delay                    0.800
- Uncertainty                   0.200
= Required Time                 0.589
- Arrival Time                  0.171
= Slack Time                    0.418
     Clock Rise Edge                      0.000
     = Beginpoint Arrival Time            0.000
     +---------------------------------------------------------------------------------+ 
     |          Instance           |    Arc     |  Cell   | Delay | Arrival | Required | 
     |                             |            |         |       |  Time   |   Time   | 
     |-----------------------------+------------+---------+-------+---------+----------| 
     | core/req_meta_q_reg[5]      | Q ^        |         |       |   0.000 |    0.418 | 
     | core/FE_PHC118_req_meta_q_5 | A ^ -> Y ^ | DLY1X1  | 0.171 |   0.171 |    0.589 | 
     | core/req_sync_q_reg[5]      | D ^        | DFFHQX1 | 0.000 |   0.171 |    0.589 | 
     +---------------------------------------------------------------------------------+ 
Path 21: MET Setup Check with Pin core/req_sync_q_reg[3]/CK 
Endpoint:   core/req_sync_q_reg[3]/D (^) checked with  leading edge of 'clk'
Beginpoint: core/req_meta_q_reg[3]/Q (^) triggered by  leading edge of '@'
Path Groups: {clk}
Analysis View: setup_view
Other End Arrival Time          0.096
- Setup                         0.100
+ Path Delay                    0.800
- Uncertainty                   0.200
= Required Time                 0.596
- Arrival Time                  0.178
= Slack Time                    0.418
     Clock Rise Edge                      0.000
     = Beginpoint Arrival Time            0.000
     +---------------------------------------------------------------------------------+ 
     |          Instance           |    Arc     |  Cell   | Delay | Arrival | Required | 
     |                             |            |         |       |  Time   |   Time   | 
     |-----------------------------+------------+---------+-------+---------+----------| 
     | core/req_meta_q_reg[3]      | Q ^        |         |       |   0.000 |    0.418 | 
     | core/FE_PHC109_req_meta_q_3 | A ^ -> Y ^ | DLY1X1  | 0.178 |   0.178 |    0.596 | 
     | core/req_sync_q_reg[3]      | D ^        | DFFHQX1 | 0.000 |   0.178 |    0.596 | 
     +---------------------------------------------------------------------------------+ 
Path 22: MET Setup Check with Pin core/req_sync_q_reg[43]/CK 
Endpoint:   core/req_sync_q_reg[43]/D (^) checked with  leading edge of 'clk'
Beginpoint: core/req_meta_q_reg[43]/Q (^) triggered by  leading edge of '@'
Path Groups: {clk}
Analysis View: setup_view
Other End Arrival Time          0.101
- Setup                         0.103
+ Path Delay                    0.800
- Uncertainty                   0.200
= Required Time                 0.597
- Arrival Time                  0.179
= Slack Time                    0.418
     Clock Rise Edge                      0.000
     = Beginpoint Arrival Time            0.000
     +----------------------------------------------------------------------------------+ 
     |           Instance           |    Arc     |  Cell   | Delay | Arrival | Required | 
     |                              |            |         |       |  Time   |   Time   | 
     |------------------------------+------------+---------+-------+---------+----------| 
     | core/req_meta_q_reg[43]      | Q ^        |         |       |   0.000 |    0.418 | 
     | core/FE_PHC117_req_meta_q_43 | A ^ -> Y ^ | DLY1X1  | 0.179 |   0.179 |    0.597 | 
     | core/req_sync_q_reg[43]      | D ^        | DFFHQX1 | 0.000 |   0.179 |    0.597 | 
     +----------------------------------------------------------------------------------+ 
Path 23: MET Setup Check with Pin core/req_sync_q_reg[63]/CK 
Endpoint:   core/req_sync_q_reg[63]/D (^) checked with  leading edge of 'clk'
Beginpoint: core/req_meta_q_reg[63]/Q (^) triggered by  leading edge of '@'
Path Groups: {clk}
Analysis View: setup_view
Other End Arrival Time          0.093
- Setup                         0.096
+ Path Delay                    0.800
- Uncertainty                   0.200
= Required Time                 0.597
- Arrival Time                  0.178
= Slack Time                    0.419
     Clock Rise Edge                      0.000
     = Beginpoint Arrival Time            0.000
     +----------------------------------------------------------------------------------+ 
     |           Instance           |    Arc     |  Cell   | Delay | Arrival | Required | 
     |                              |            |         |       |  Time   |   Time   | 
     |------------------------------+------------+---------+-------+---------+----------| 
     | core/req_meta_q_reg[63]      | Q ^        |         |       |   0.000 |    0.419 | 
     | core/FE_PHC116_req_meta_q_63 | A ^ -> Y ^ | DLY1X1  | 0.178 |   0.178 |    0.597 | 
     | core/req_sync_q_reg[63]      | D ^        | DFFHQX1 | 0.000 |   0.178 |    0.597 | 
     +----------------------------------------------------------------------------------+ 
Path 24: MET Setup Check with Pin core/req_sync_q_reg[54]/CK 
Endpoint:   core/req_sync_q_reg[54]/D (^) checked with  leading edge of 'clk'
Beginpoint: core/req_meta_q_reg[54]/Q (^) triggered by  leading edge of '@'
Path Groups: {clk}
Analysis View: setup_view
Other End Arrival Time          0.099
- Setup                         0.102
+ Path Delay                    0.800
- Uncertainty                   0.200
= Required Time                 0.597
- Arrival Time                  0.178
= Slack Time                    0.419
     Clock Rise Edge                      0.000
     = Beginpoint Arrival Time            0.000
     +----------------------------------------------------------------------------------+ 
     |           Instance           |    Arc     |  Cell   | Delay | Arrival | Required | 
     |                              |            |         |       |  Time   |   Time   | 
     |------------------------------+------------+---------+-------+---------+----------| 
     | core/req_meta_q_reg[54]      | Q ^        |         |       |   0.000 |    0.419 | 
     | core/FE_PHC110_req_meta_q_54 | A ^ -> Y ^ | DLY1X1  | 0.178 |   0.178 |    0.597 | 
     | core/req_sync_q_reg[54]      | D ^        | DFFHQX1 | 0.000 |   0.178 |    0.597 | 
     +----------------------------------------------------------------------------------+ 
Path 25: MET Setup Check with Pin core/req_sync_q_reg[61]/CK 
Endpoint:   core/req_sync_q_reg[61]/D (^) checked with  leading edge of 'clk'
Beginpoint: core/req_meta_q_reg[61]/Q (^) triggered by  leading edge of '@'
Path Groups: {clk}
Analysis View: setup_view
Other End Arrival Time          0.093
- Setup                         0.100
+ Path Delay                    0.800
- Uncertainty                   0.200
= Required Time                 0.593
- Arrival Time                  0.173
= Slack Time                    0.420
     Clock Rise Edge                      0.000
     = Beginpoint Arrival Time            0.000
     +----------------------------------------------------------------------------------+ 
     |           Instance           |    Arc     |  Cell   | Delay | Arrival | Required | 
     |                              |            |         |       |  Time   |   Time   | 
     |------------------------------+------------+---------+-------+---------+----------| 
     | core/req_meta_q_reg[61]      | Q ^        |         |       |   0.000 |    0.420 | 
     | core/FE_PHC111_req_meta_q_61 | A ^ -> Y ^ | DLY1X1  | 0.173 |   0.173 |    0.593 | 
     | core/req_sync_q_reg[61]      | D ^        | DFFHQX1 | 0.000 |   0.173 |    0.593 | 
     +----------------------------------------------------------------------------------+ 
Path 26: MET Setup Check with Pin core/req_sync_q_reg[41]/CK 
Endpoint:   core/req_sync_q_reg[41]/D (^) checked with  leading edge of 'clk'
Beginpoint: core/req_meta_q_reg[41]/Q (^) triggered by  leading edge of '@'
Path Groups: {clk}
Analysis View: setup_view
Other End Arrival Time          0.096
- Setup                         0.105
+ Path Delay                    0.800
- Uncertainty                   0.200
= Required Time                 0.591
- Arrival Time                  0.170
= Slack Time                    0.421
     Clock Rise Edge                      0.000
     = Beginpoint Arrival Time            0.000
     +----------------------------------------------------------------------------------+ 
     |           Instance           |    Arc     |  Cell   | Delay | Arrival | Required | 
     |                              |            |         |       |  Time   |   Time   | 
     |------------------------------+------------+---------+-------+---------+----------| 
     | core/req_meta_q_reg[41]      | Q ^        |         |       |   0.000 |    0.421 | 
     | core/FE_PHC105_req_meta_q_41 | A ^ -> Y ^ | DLY1X1  | 0.170 |   0.170 |    0.591 | 
     | core/req_sync_q_reg[41]      | D ^        | DFFHQX1 | 0.000 |   0.170 |    0.591 | 
     +----------------------------------------------------------------------------------+ 
Path 27: MET Setup Check with Pin core/req_sync_q_reg[35]/CK 
Endpoint:   core/req_sync_q_reg[35]/D (^) checked with  leading edge of 'clk'
Beginpoint: core/req_meta_q_reg[35]/Q (^) triggered by  leading edge of '@'
Path Groups: {clk}
Analysis View: setup_view
Other End Arrival Time          0.099
- Setup                         0.100
+ Path Delay                    0.800
- Uncertainty                   0.200
= Required Time                 0.599
- Arrival Time                  0.178
= Slack Time                    0.422
     Clock Rise Edge                      0.000
     = Beginpoint Arrival Time            0.000
     +----------------------------------------------------------------------------------+ 
     |           Instance           |    Arc     |  Cell   | Delay | Arrival | Required | 
     |                              |            |         |       |  Time   |   Time   | 
     |------------------------------+------------+---------+-------+---------+----------| 
     | core/req_meta_q_reg[35]      | Q ^        |         |       |   0.000 |    0.422 | 
     | core/FE_PHC101_req_meta_q_35 | A ^ -> Y ^ | DLY1X1  | 0.178 |   0.178 |    0.599 | 
     | core/req_sync_q_reg[35]      | D ^        | DFFHQX1 | 0.000 |   0.178 |    0.599 | 
     +----------------------------------------------------------------------------------+ 
Path 28: MET Setup Check with Pin core/req_sync_q_reg[0]/CK 
Endpoint:   core/req_sync_q_reg[0]/D (^) checked with  leading edge of 'clk'
Beginpoint: core/req_meta_q_reg[0]/Q (^) triggered by  leading edge of '@'
Path Groups: {clk}
Analysis View: setup_view
Other End Arrival Time          0.096
- Setup                         0.105
+ Path Delay                    0.800
- Uncertainty                   0.200
= Required Time                 0.592
- Arrival Time                  0.170
= Slack Time                    0.422
     Clock Rise Edge                      0.000
     = Beginpoint Arrival Time            0.000
     +--------------------------------------------------------------------------------+ 
     |          Instance          |    Arc     |  Cell   | Delay | Arrival | Required | 
     |                            |            |         |       |  Time   |   Time   | 
     |----------------------------+------------+---------+-------+---------+----------| 
     | core/req_meta_q_reg[0]     | Q ^        |         |       |   0.000 |    0.422 | 
     | core/FE_PHC96_req_meta_q_0 | A ^ -> Y ^ | DLY1X1  | 0.170 |   0.170 |    0.592 | 
     | core/req_sync_q_reg[0]     | D ^        | DFFHQX1 | 0.000 |   0.170 |    0.592 | 
     +--------------------------------------------------------------------------------+ 
Path 29: MET Setup Check with Pin core/req_sync_q_reg[47]/CK 
Endpoint:   core/req_sync_q_reg[47]/D (^) checked with  leading edge of 'clk'
Beginpoint: core/req_meta_q_reg[47]/Q (^) triggered by  leading edge of '@'
Path Groups: {clk}
Analysis View: setup_view
Other End Arrival Time          0.101
- Setup                         0.102
+ Path Delay                    0.800
- Uncertainty                   0.200
= Required Time                 0.598
- Arrival Time                  0.177
= Slack Time                    0.422
     Clock Rise Edge                      0.000
     = Beginpoint Arrival Time            0.000
     +----------------------------------------------------------------------------------+ 
     |           Instance           |    Arc     |  Cell   | Delay | Arrival | Required | 
     |                              |            |         |       |  Time   |   Time   | 
     |------------------------------+------------+---------+-------+---------+----------| 
     | core/req_meta_q_reg[47]      | Q ^        |         |       |   0.000 |    0.422 | 
     | core/FE_PHC112_req_meta_q_47 | A ^ -> Y ^ | DLY1X1  | 0.177 |   0.177 |    0.598 | 
     | core/req_sync_q_reg[47]      | D ^        | DFFHQX1 | 0.000 |   0.177 |    0.598 | 
     +----------------------------------------------------------------------------------+ 
Path 30: MET Setup Check with Pin core/req_sync_q_reg[55]/CK 
Endpoint:   core/req_sync_q_reg[55]/D (^) checked with  leading edge of 'clk'
Beginpoint: core/req_meta_q_reg[55]/Q (^) triggered by  leading edge of '@'
Path Groups: {clk}
Analysis View: setup_view
Other End Arrival Time          0.099
- Setup                         0.103
+ Path Delay                    0.800
- Uncertainty                   0.200
= Required Time                 0.596
- Arrival Time                  0.174
= Slack Time                    0.423
     Clock Rise Edge                      0.000
     = Beginpoint Arrival Time            0.000
     +----------------------------------------------------------------------------------+ 
     |           Instance           |    Arc     |  Cell   | Delay | Arrival | Required | 
     |                              |            |         |       |  Time   |   Time   | 
     |------------------------------+------------+---------+-------+---------+----------| 
     | core/req_meta_q_reg[55]      | Q ^        |         |       |   0.000 |    0.423 | 
     | core/FE_PHC137_req_meta_q_55 | A ^ -> Y ^ | DLY1X1  | 0.174 |   0.174 |    0.596 | 
     | core/req_sync_q_reg[55]      | D ^        | DFFHQX1 | 0.000 |   0.174 |    0.596 | 
     +----------------------------------------------------------------------------------+ 
Path 31: MET Setup Check with Pin core/req_sync_q_reg[1]/CK 
Endpoint:   core/req_sync_q_reg[1]/D (^) checked with  leading edge of 'clk'
Beginpoint: core/req_meta_q_reg[1]/Q (^) triggered by  leading edge of '@'
Path Groups: {clk}
Analysis View: setup_view
Other End Arrival Time          0.096
- Setup                         0.105
+ Path Delay                    0.800
- Uncertainty                   0.200
= Required Time                 0.591
- Arrival Time                  0.168
= Slack Time                    0.423
     Clock Rise Edge                      0.000
     = Beginpoint Arrival Time            0.000
     +--------------------------------------------------------------------------------+ 
     |          Instance          |    Arc     |  Cell   | Delay | Arrival | Required | 
     |                            |            |         |       |  Time   |   Time   | 
     |----------------------------+------------+---------+-------+---------+----------| 
     | core/req_meta_q_reg[1]     | Q ^        |         |       |   0.000 |    0.423 | 
     | core/FE_PHC94_req_meta_q_1 | A ^ -> Y ^ | DLY1X1  | 0.168 |   0.168 |    0.591 | 
     | core/req_sync_q_reg[1]     | D ^        | DFFHQX1 | 0.000 |   0.168 |    0.591 | 
     +--------------------------------------------------------------------------------+ 
Path 32: MET Setup Check with Pin core/req_sync_q_reg[31]/CK 
Endpoint:   core/req_sync_q_reg[31]/D (^) checked with  leading edge of 'clk'
Beginpoint: core/req_meta_q_reg[31]/Q (^) triggered by  leading edge of '@'
Path Groups: {clk}
Analysis View: setup_view
Other End Arrival Time          0.099
- Setup                         0.097
+ Path Delay                    0.800
- Uncertainty                   0.200
= Required Time                 0.602
- Arrival Time                  0.179
= Slack Time                    0.423
     Clock Rise Edge                      0.000
     = Beginpoint Arrival Time            0.000
     +----------------------------------------------------------------------------------+ 
     |           Instance           |    Arc     |  Cell   | Delay | Arrival | Required | 
     |                              |            |         |       |  Time   |   Time   | 
     |------------------------------+------------+---------+-------+---------+----------| 
     | core/req_meta_q_reg[31]      | Q ^        |         |       |   0.000 |    0.423 | 
     | core/FE_PHC128_req_meta_q_31 | A ^ -> Y ^ | DLY1X1  | 0.179 |   0.179 |    0.602 | 
     | core/req_sync_q_reg[31]      | D ^        | DFFHQX1 | 0.000 |   0.179 |    0.602 | 
     +----------------------------------------------------------------------------------+ 
Path 33: MET Setup Check with Pin core/req_sync_q_reg[60]/CK 
Endpoint:   core/req_sync_q_reg[60]/D (^) checked with  leading edge of 'clk'
Beginpoint: core/req_meta_q_reg[60]/Q (^) triggered by  leading edge of '@'
Path Groups: {clk}
Analysis View: setup_view
Other End Arrival Time          0.093
- Setup                         0.100
+ Path Delay                    0.800
- Uncertainty                   0.200
= Required Time                 0.593
- Arrival Time                  0.170
= Slack Time                    0.423
     Clock Rise Edge                      0.000
     = Beginpoint Arrival Time            0.000
     +----------------------------------------------------------------------------------+ 
     |           Instance           |    Arc     |  Cell   | Delay | Arrival | Required | 
     |                              |            |         |       |  Time   |   Time   | 
     |------------------------------+------------+---------+-------+---------+----------| 
     | core/req_meta_q_reg[60]      | Q ^        |         |       |   0.000 |    0.423 | 
     | core/FE_PHC135_req_meta_q_60 | A ^ -> Y ^ | DLY1X1  | 0.170 |   0.170 |    0.593 | 
     | core/req_sync_q_reg[60]      | D ^        | DFFHQX1 | 0.000 |   0.170 |    0.593 | 
     +----------------------------------------------------------------------------------+ 
Path 34: MET Setup Check with Pin core/req_sync_q_reg[56]/CK 
Endpoint:   core/req_sync_q_reg[56]/D (^) checked with  leading edge of 'clk'
Beginpoint: core/req_meta_q_reg[56]/Q (^) triggered by  leading edge of '@'
Path Groups: {clk}
Analysis View: setup_view
Other End Arrival Time          0.099
- Setup                         0.100
+ Path Delay                    0.800
- Uncertainty                   0.200
= Required Time                 0.599
- Arrival Time                  0.173
= Slack Time                    0.426
     Clock Rise Edge                      0.000
     = Beginpoint Arrival Time            0.000
     +----------------------------------------------------------------------------------+ 
     |           Instance           |    Arc     |  Cell   | Delay | Arrival | Required | 
     |                              |            |         |       |  Time   |   Time   | 
     |------------------------------+------------+---------+-------+---------+----------| 
     | core/req_meta_q_reg[56]      | Q ^        |         |       |   0.000 |    0.426 | 
     | core/FE_PHC114_req_meta_q_56 | A ^ -> Y ^ | DLY1X1  | 0.173 |   0.173 |    0.599 | 
     | core/req_sync_q_reg[56]      | D ^        | DFFHQX1 | 0.000 |   0.173 |    0.599 | 
     +----------------------------------------------------------------------------------+ 
Path 35: MET Setup Check with Pin core/req_sync_q_reg[49]/CK 
Endpoint:   core/req_sync_q_reg[49]/D (^) checked with  leading edge of 'clk'
Beginpoint: core/req_meta_q_reg[49]/Q (^) triggered by  leading edge of '@'
Path Groups: {clk}
Analysis View: setup_view
Other End Arrival Time          0.099
- Setup                         0.104
+ Path Delay                    0.800
- Uncertainty                   0.200
= Required Time                 0.595
- Arrival Time                  0.169
= Slack Time                    0.426
     Clock Rise Edge                      0.000
     = Beginpoint Arrival Time            0.000
     +----------------------------------------------------------------------------------+ 
     |           Instance           |    Arc     |  Cell   | Delay | Arrival | Required | 
     |                              |            |         |       |  Time   |   Time   | 
     |------------------------------+------------+---------+-------+---------+----------| 
     | core/req_meta_q_reg[49]      | Q ^        |         |       |   0.000 |    0.426 | 
     | core/FE_PHC104_req_meta_q_49 | A ^ -> Y ^ | DLY1X1  | 0.169 |   0.169 |    0.595 | 
     | core/req_sync_q_reg[49]      | D ^        | DFFHQX1 | 0.000 |   0.169 |    0.595 | 
     +----------------------------------------------------------------------------------+ 
Path 36: MET Setup Check with Pin core/req_sync_q_reg[44]/CK 
Endpoint:   core/req_sync_q_reg[44]/D (^) checked with  leading edge of 'clk'
Beginpoint: core/req_meta_q_reg[44]/Q (^) triggered by  leading edge of '@'
Path Groups: {clk}
Analysis View: setup_view
Other End Arrival Time          0.105
- Setup                         0.097
+ Path Delay                    0.800
- Uncertainty                   0.200
= Required Time                 0.608
- Arrival Time                  0.180
= Slack Time                    0.427
     Clock Rise Edge                      0.000
     = Beginpoint Arrival Time            0.000
     +---------------------------------------------------------------------------------+ 
     |          Instance           |    Arc     |  Cell   | Delay | Arrival | Required | 
     |                             |            |         |       |  Time   |   Time   | 
     |-----------------------------+------------+---------+-------+---------+----------| 
     | core/req_meta_q_reg[44]     | Q ^        |         |       |   0.000 |    0.427 | 
     | core/FE_PHC87_req_meta_q_44 | A ^ -> Y ^ | DLY1X1  | 0.180 |   0.180 |    0.608 | 
     | core/req_sync_q_reg[44]     | D ^        | DFFHQX1 | 0.000 |   0.180 |    0.608 | 
     +---------------------------------------------------------------------------------+ 
Path 37: MET Setup Check with Pin core/req_sync_q_reg[19]/CK 
Endpoint:   core/req_sync_q_reg[19]/D (^) checked with  leading edge of 'clk'
Beginpoint: core/req_meta_q_reg[19]/Q (^) triggered by  leading edge of '@'
Path Groups: {clk}
Analysis View: setup_view
Other End Arrival Time          0.106
- Setup                         0.096
+ Path Delay                    0.800
- Uncertainty                   0.200
= Required Time                 0.610
- Arrival Time                  0.183
= Slack Time                    0.427
     Clock Rise Edge                      0.000
     = Beginpoint Arrival Time            0.000
     +-----------------------------------------------------------------------------------+ 
     |           Instance           |    Arc     |   Cell   | Delay | Arrival | Required | 
     |                              |            |          |       |  Time   |   Time   | 
     |------------------------------+------------+----------+-------+---------+----------| 
     | core/req_meta_q_reg[19]      | Q ^        |          |       |   0.000 |    0.427 | 
     | core/FE_PHC78_req_meta_q_19  | A ^ -> Y ^ | CLKBUFX2 | 0.097 |   0.097 |    0.525 | 
     | core/FE_PHC136_req_meta_q_19 | A ^ -> Y ^ | CLKBUFX2 | 0.086 |   0.183 |    0.610 | 
     | core/req_sync_q_reg[19]      | D ^        | DFFHQX1  | 0.000 |   0.183 |    0.610 | 
     +-----------------------------------------------------------------------------------+ 
Path 38: MET Setup Check with Pin core/req_sync_q_reg[52]/CK 
Endpoint:   core/req_sync_q_reg[52]/D (^) checked with  leading edge of 'clk'
Beginpoint: core/req_meta_q_reg[52]/Q (^) triggered by  leading edge of '@'
Path Groups: {clk}
Analysis View: setup_view
Other End Arrival Time          0.099
- Setup                         0.099
+ Path Delay                    0.800
- Uncertainty                   0.200
= Required Time                 0.600
- Arrival Time                  0.172
= Slack Time                    0.428
     Clock Rise Edge                      0.000
     = Beginpoint Arrival Time            0.000
     +---------------------------------------------------------------------------------+ 
     |          Instance           |    Arc     |  Cell   | Delay | Arrival | Required | 
     |                             |            |         |       |  Time   |   Time   | 
     |-----------------------------+------------+---------+-------+---------+----------| 
     | core/req_meta_q_reg[52]     | Q ^        |         |       |   0.000 |    0.428 | 
     | core/FE_PHC99_req_meta_q_52 | A ^ -> Y ^ | DLY1X1  | 0.172 |   0.172 |    0.600 | 
     | core/req_sync_q_reg[52]     | D ^        | DFFHQX1 | 0.000 |   0.172 |    0.600 | 
     +---------------------------------------------------------------------------------+ 
Path 39: MET Setup Check with Pin core/req_sync_q_reg[21]/CK 
Endpoint:   core/req_sync_q_reg[21]/D (^) checked with  leading edge of 'clk'
Beginpoint: core/req_meta_q_reg[21]/Q (^) triggered by  leading edge of '@'
Path Groups: {clk}
Analysis View: setup_view
Other End Arrival Time          0.104
- Setup                         0.101
+ Path Delay                    0.800
- Uncertainty                   0.200
= Required Time                 0.603
- Arrival Time                  0.175
= Slack Time                    0.428
     Clock Rise Edge                      0.000
     = Beginpoint Arrival Time            0.000
     +---------------------------------------------------------------------------------+ 
     |          Instance           |    Arc     |  Cell   | Delay | Arrival | Required | 
     |                             |            |         |       |  Time   |   Time   | 
     |-----------------------------+------------+---------+-------+---------+----------| 
     | core/req_meta_q_reg[21]     | Q ^        |         |       |   0.000 |    0.428 | 
     | core/FE_PHC86_req_meta_q_21 | A ^ -> Y ^ | DLY1X1  | 0.175 |   0.175 |    0.603 | 
     | core/req_sync_q_reg[21]     | D ^        | DFFHQX1 | 0.000 |   0.175 |    0.603 | 
     +---------------------------------------------------------------------------------+ 
Path 40: MET Setup Check with Pin core/req_sync_q_reg[50]/CK 
Endpoint:   core/req_sync_q_reg[50]/D (^) checked with  leading edge of 'clk'
Beginpoint: core/req_meta_q_reg[50]/Q (^) triggered by  leading edge of '@'
Path Groups: {clk}
Analysis View: setup_view
Other End Arrival Time          0.099
- Setup                         0.100
+ Path Delay                    0.800
- Uncertainty                   0.200
= Required Time                 0.599
- Arrival Time                  0.170
= Slack Time                    0.429
     Clock Rise Edge                      0.000
     = Beginpoint Arrival Time            0.000
     +----------------------------------------------------------------------------------+ 
     |           Instance           |    Arc     |  Cell   | Delay | Arrival | Required | 
     |                              |            |         |       |  Time   |   Time   | 
     |------------------------------+------------+---------+-------+---------+----------| 
     | core/req_meta_q_reg[50]      | Q ^        |         |       |   0.000 |    0.429 | 
     | core/FE_PHC106_req_meta_q_50 | A ^ -> Y ^ | DLY1X1  | 0.170 |   0.170 |    0.599 | 
     | core/req_sync_q_reg[50]      | D ^        | DFFHQX1 | 0.000 |   0.170 |    0.599 | 
     +----------------------------------------------------------------------------------+ 
Path 41: MET Setup Check with Pin core/req_sync_q_reg[48]/CK 
Endpoint:   core/req_sync_q_reg[48]/D (^) checked with  leading edge of 'clk'
Beginpoint: core/req_meta_q_reg[48]/Q (^) triggered by  leading edge of '@'
Path Groups: {clk}
Analysis View: setup_view
Other End Arrival Time          0.099
- Setup                         0.102
+ Path Delay                    0.800
- Uncertainty                   0.200
= Required Time                 0.598
- Arrival Time                  0.168
= Slack Time                    0.430
     Clock Rise Edge                      0.000
     = Beginpoint Arrival Time            0.000
     +----------------------------------------------------------------------------------+ 
     |           Instance           |    Arc     |  Cell   | Delay | Arrival | Required | 
     |                              |            |         |       |  Time   |   Time   | 
     |------------------------------+------------+---------+-------+---------+----------| 
     | core/req_meta_q_reg[48]      | Q ^        |         |       |   0.000 |    0.430 | 
     | core/FE_PHC107_req_meta_q_48 | A ^ -> Y ^ | DLY1X1  | 0.168 |   0.168 |    0.598 | 
     | core/req_sync_q_reg[48]      | D ^        | DFFHQX1 | 0.000 |   0.168 |    0.598 | 
     +----------------------------------------------------------------------------------+ 
Path 42: MET Setup Check with Pin core/req_sync_q_reg[32]/CK 
Endpoint:   core/req_sync_q_reg[32]/D (^) checked with  leading edge of 'clk'
Beginpoint: core/req_meta_q_reg[32]/Q (^) triggered by  leading edge of '@'
Path Groups: {clk}
Analysis View: setup_view
Other End Arrival Time          0.099
- Setup                         0.098
+ Path Delay                    0.800
- Uncertainty                   0.200
= Required Time                 0.601
- Arrival Time                  0.170
= Slack Time                    0.431
     Clock Rise Edge                      0.000
     = Beginpoint Arrival Time            0.000
     +---------------------------------------------------------------------------------+ 
     |          Instance           |    Arc     |  Cell   | Delay | Arrival | Required | 
     |                             |            |         |       |  Time   |   Time   | 
     |-----------------------------+------------+---------+-------+---------+----------| 
     | core/req_meta_q_reg[32]     | Q ^        |         |       |   0.000 |    0.431 | 
     | core/FE_PHC95_req_meta_q_32 | A ^ -> Y ^ | DLY1X1  | 0.170 |   0.170 |    0.601 | 
     | core/req_sync_q_reg[32]     | D ^        | DFFHQX1 | 0.000 |   0.170 |    0.601 | 
     +---------------------------------------------------------------------------------+ 
Path 43: MET Setup Check with Pin core/req_sync_q_reg[28]/CK 
Endpoint:   core/req_sync_q_reg[28]/D (^) checked with  leading edge of 'clk'
Beginpoint: core/req_meta_q_reg[28]/Q (^) triggered by  leading edge of '@'
Path Groups: {clk}
Analysis View: setup_view
Other End Arrival Time          0.105
- Setup                         0.097
+ Path Delay                    0.800
- Uncertainty                   0.200
= Required Time                 0.608
- Arrival Time                  0.177
= Slack Time                    0.431
     Clock Rise Edge                      0.000
     = Beginpoint Arrival Time            0.000
     +---------------------------------------------------------------------------------+ 
     |          Instance           |    Arc     |  Cell   | Delay | Arrival | Required | 
     |                             |            |         |       |  Time   |   Time   | 
     |-----------------------------+------------+---------+-------+---------+----------| 
     | core/req_meta_q_reg[28]     | Q ^        |         |       |   0.000 |    0.431 | 
     | core/FE_PHC89_req_meta_q_28 | A ^ -> Y ^ | DLY1X1  | 0.177 |   0.177 |    0.608 | 
     | core/req_sync_q_reg[28]     | D ^        | DFFHQX1 | 0.000 |   0.177 |    0.608 | 
     +---------------------------------------------------------------------------------+ 
Path 44: MET Setup Check with Pin core/req_sync_q_reg[39]/CK 
Endpoint:   core/req_sync_q_reg[39]/D (^) checked with  leading edge of 'clk'
Beginpoint: core/req_meta_q_reg[39]/Q (^) triggered by  leading edge of '@'
Path Groups: {clk}
Analysis View: setup_view
Other End Arrival Time          0.105
- Setup                         0.096
+ Path Delay                    0.800
- Uncertainty                   0.200
= Required Time                 0.608
- Arrival Time                  0.177
= Slack Time                    0.431
     Clock Rise Edge                      0.000
     = Beginpoint Arrival Time            0.000
     +---------------------------------------------------------------------------------+ 
     |          Instance           |    Arc     |  Cell   | Delay | Arrival | Required | 
     |                             |            |         |       |  Time   |   Time   | 
     |-----------------------------+------------+---------+-------+---------+----------| 
     | core/req_meta_q_reg[39]     | Q ^        |         |       |   0.000 |    0.431 | 
     | core/FE_PHC90_req_meta_q_39 | A ^ -> Y ^ | DLY1X1  | 0.177 |   0.177 |    0.608 | 
     | core/req_sync_q_reg[39]     | D ^        | DFFHQX1 | 0.000 |   0.177 |    0.608 | 
     +---------------------------------------------------------------------------------+ 
Path 45: MET Setup Check with Pin core/req_sync_q_reg[6]/CK 
Endpoint:   core/req_sync_q_reg[6]/D (^) checked with  leading edge of 'clk'
Beginpoint: core/req_meta_q_reg[6]/Q (^) triggered by  leading edge of '@'
Path Groups: {clk}
Analysis View: setup_view
Other End Arrival Time          0.096
- Setup                         0.098
+ Path Delay                    0.800
- Uncertainty                   0.200
= Required Time                 0.598
- Arrival Time                  0.167
= Slack Time                    0.431
     Clock Rise Edge                      0.000
     = Beginpoint Arrival Time            0.000
     +--------------------------------------------------------------------------------+ 
     |          Instance          |    Arc     |  Cell   | Delay | Arrival | Required | 
     |                            |            |         |       |  Time   |   Time   | 
     |----------------------------+------------+---------+-------+---------+----------| 
     | core/req_meta_q_reg[6]     | Q ^        |         |       |   0.000 |    0.431 | 
     | core/FE_PHC88_req_meta_q_6 | A ^ -> Y ^ | DLY1X1  | 0.167 |   0.167 |    0.598 | 
     | core/req_sync_q_reg[6]     | D ^        | DFFHQX1 | 0.000 |   0.167 |    0.598 | 
     +--------------------------------------------------------------------------------+ 
Path 46: MET Setup Check with Pin core/req_sync_q_reg[23]/CK 
Endpoint:   core/req_sync_q_reg[23]/D (^) checked with  leading edge of 'clk'
Beginpoint: core/req_meta_q_reg[23]/Q (^) triggered by  leading edge of '@'
Path Groups: {clk}
Analysis View: setup_view
Other End Arrival Time          0.106
- Setup                         0.094
+ Path Delay                    0.800
- Uncertainty                   0.200
= Required Time                 0.612
- Arrival Time                  0.181
= Slack Time                    0.432
     Clock Rise Edge                      0.000
     = Beginpoint Arrival Time            0.000
     +---------------------------------------------------------------------------------+ 
     |          Instance           |    Arc     |  Cell   | Delay | Arrival | Required | 
     |                             |            |         |       |  Time   |   Time   | 
     |-----------------------------+------------+---------+-------+---------+----------| 
     | core/req_meta_q_reg[23]     | Q ^        |         |       |   0.000 |    0.432 | 
     | core/FE_PHC93_req_meta_q_23 | A ^ -> Y ^ | DLY1X1  | 0.181 |   0.181 |    0.612 | 
     | core/req_sync_q_reg[23]     | D ^        | DFFHQX1 | 0.000 |   0.181 |    0.612 | 
     +---------------------------------------------------------------------------------+ 
Path 47: MET Setup Check with Pin core/req_sync_q_reg[40]/CK 
Endpoint:   core/req_sync_q_reg[40]/D (^) checked with  leading edge of 'clk'
Beginpoint: core/req_meta_q_reg[40]/Q (^) triggered by  leading edge of '@'
Path Groups: {clk}
Analysis View: setup_view
Other End Arrival Time          0.105
- Setup                         0.100
+ Path Delay                    0.800
- Uncertainty                   0.200
= Required Time                 0.604
- Arrival Time                  0.170
= Slack Time                    0.434
     Clock Rise Edge                      0.000
     = Beginpoint Arrival Time            0.000
     +---------------------------------------------------------------------------------+ 
     |          Instance           |    Arc     |  Cell   | Delay | Arrival | Required | 
     |                             |            |         |       |  Time   |   Time   | 
     |-----------------------------+------------+---------+-------+---------+----------| 
     | core/req_meta_q_reg[40]     | Q ^        |         |       |   0.000 |    0.434 | 
     | core/FE_PHC98_req_meta_q_40 | A ^ -> Y ^ | DLY1X1  | 0.170 |   0.170 |    0.604 | 
     | core/req_sync_q_reg[40]     | D ^        | DFFHQX1 | 0.000 |   0.170 |    0.604 | 
     +---------------------------------------------------------------------------------+ 
Path 48: MET Setup Check with Pin core/req_sync_q_reg[20]/CK 
Endpoint:   core/req_sync_q_reg[20]/D (^) checked with  leading edge of 'clk'
Beginpoint: core/req_meta_q_reg[20]/Q (^) triggered by  leading edge of '@'
Path Groups: {clk}
Analysis View: setup_view
Other End Arrival Time          0.104
- Setup                         0.102
+ Path Delay                    0.800
- Uncertainty                   0.200
= Required Time                 0.603
- Arrival Time                  0.167
= Slack Time                    0.435
     Clock Rise Edge                      0.000
     = Beginpoint Arrival Time            0.000
     +----------------------------------------------------------------------------------+ 
     |           Instance           |    Arc     |  Cell   | Delay | Arrival | Required | 
     |                              |            |         |       |  Time   |   Time   | 
     |------------------------------+------------+---------+-------+---------+----------| 
     | core/req_meta_q_reg[20]      | Q ^        |         |       |   0.000 |    0.435 | 
     | core/FE_PHC103_req_meta_q_20 | A ^ -> Y ^ | DLY1X1  | 0.167 |   0.167 |    0.603 | 
     | core/req_sync_q_reg[20]      | D ^        | DFFHQX1 | 0.000 |   0.167 |    0.603 | 
     +----------------------------------------------------------------------------------+ 
Path 49: MET Setup Check with Pin core/req_sync_q_reg[4]/CK 
Endpoint:   core/req_sync_q_reg[4]/D (^) checked with  leading edge of 'clk'
Beginpoint: core/req_meta_q_reg[4]/Q (^) triggered by  leading edge of '@'
Path Groups: {clk}
Analysis View: setup_view
Other End Arrival Time          0.096
- Setup                         0.100
+ Path Delay                    0.800
- Uncertainty                   0.200
= Required Time                 0.596
- Arrival Time                  0.159
= Slack Time                    0.437
     Clock Rise Edge                      0.000
     = Beginpoint Arrival Time            0.000
     +---------------------------------------------------------------------------------+ 
     |          Instance           |    Arc     |  Cell   | Delay | Arrival | Required | 
     |                             |            |         |       |  Time   |   Time   | 
     |-----------------------------+------------+---------+-------+---------+----------| 
     | core/req_meta_q_reg[4]      | Q ^        |         |       |   0.000 |    0.437 | 
     | core/FE_PHC125_req_meta_q_4 | A ^ -> Y ^ | DLY1X1  | 0.159 |   0.159 |    0.596 | 
     | core/req_sync_q_reg[4]      | D ^        | DFFHQX1 | 0.000 |   0.159 |    0.596 | 
     +---------------------------------------------------------------------------------+ 
Path 50: MET Setup Check with Pin core/req_sync_q_reg[22]/CK 
Endpoint:   core/req_sync_q_reg[22]/D (^) checked with  leading edge of 'clk'
Beginpoint: core/req_meta_q_reg[22]/Q (^) triggered by  leading edge of '@'
Path Groups: {clk}
Analysis View: setup_view
Other End Arrival Time          0.106
- Setup                         0.099
+ Path Delay                    0.800
- Uncertainty                   0.200
= Required Time                 0.607
- Arrival Time                  0.169
= Slack Time                    0.438
     Clock Rise Edge                      0.000
     = Beginpoint Arrival Time            0.000
     +----------------------------------------------------------------------------------+ 
     |           Instance           |    Arc     |  Cell   | Delay | Arrival | Required | 
     |                              |            |         |       |  Time   |   Time   | 
     |------------------------------+------------+---------+-------+---------+----------| 
     | core/req_meta_q_reg[22]      | Q ^        |         |       |   0.000 |    0.438 | 
     | core/FE_PHC108_req_meta_q_22 | A ^ -> Y ^ | DLY1X1  | 0.169 |   0.169 |    0.607 | 
     | core/req_sync_q_reg[22]      | D ^        | DFFHQX1 | 0.000 |   0.169 |    0.607 | 
     +----------------------------------------------------------------------------------+ 
Path 51: MET Setup Check with Pin core/req_sync_q_reg[38]/CK 
Endpoint:   core/req_sync_q_reg[38]/D (^) checked with  leading edge of 'clk'
Beginpoint: core/req_meta_q_reg[38]/Q (^) triggered by  leading edge of '@'
Path Groups: {clk}
Analysis View: setup_view
Other End Arrival Time          0.101
- Setup                         0.099
+ Path Delay                    0.800
- Uncertainty                   0.200
= Required Time                 0.601
- Arrival Time                  0.161
= Slack Time                    0.440
     Clock Rise Edge                      0.000
     = Beginpoint Arrival Time            0.000
     +---------------------------------------------------------------------------------+ 
     |          Instance           |    Arc     |  Cell   | Delay | Arrival | Required | 
     |                             |            |         |       |  Time   |   Time   | 
     |-----------------------------+------------+---------+-------+---------+----------| 
     | core/req_meta_q_reg[38]     | Q ^        |         |       |   0.000 |    0.440 | 
     | core/FE_PHC92_req_meta_q_38 | A ^ -> Y ^ | DLY1X1  | 0.161 |   0.161 |    0.601 | 
     | core/req_sync_q_reg[38]     | D ^        | DFFHQX1 | 0.000 |   0.161 |    0.601 | 
     +---------------------------------------------------------------------------------+ 
Path 52: MET Setup Check with Pin core/req_sync_q_reg[13]/CK 
Endpoint:   core/req_sync_q_reg[13]/D (^) checked with  leading edge of 'clk'
Beginpoint: core/req_meta_q_reg[13]/Q (^) triggered by  leading edge of '@'
Path Groups: {clk}
Analysis View: setup_view
Other End Arrival Time          0.100
- Setup                         0.099
+ Path Delay                    0.800
- Uncertainty                   0.200
= Required Time                 0.601
- Arrival Time                  0.161
= Slack Time                    0.440
     Clock Rise Edge                      0.000
     = Beginpoint Arrival Time            0.000
     +----------------------------------------------------------------------------------+ 
     |           Instance           |    Arc     |  Cell   | Delay | Arrival | Required | 
     |                              |            |         |       |  Time   |   Time   | 
     |------------------------------+------------+---------+-------+---------+----------| 
     | core/req_meta_q_reg[13]      | Q ^        |         |       |   0.000 |    0.440 | 
     | core/FE_PHC123_req_meta_q_13 | A ^ -> Y ^ | DLY1X1  | 0.161 |   0.161 |    0.601 | 
     | core/req_sync_q_reg[13]      | D ^        | DFFHQX1 | 0.000 |   0.161 |    0.601 | 
     +----------------------------------------------------------------------------------+ 
Path 53: MET Setup Check with Pin core/req_sync_q_reg[46]/CK 
Endpoint:   core/req_sync_q_reg[46]/D (^) checked with  leading edge of 'clk'
Beginpoint: core/req_meta_q_reg[46]/Q (^) triggered by  leading edge of '@'
Path Groups: {clk}
Analysis View: setup_view
Other End Arrival Time          0.101
- Setup                         0.097
+ Path Delay                    0.800
- Uncertainty                   0.200
= Required Time                 0.604
- Arrival Time                  0.162
= Slack Time                    0.441
     Clock Rise Edge                      0.000
     = Beginpoint Arrival Time            0.000
     +----------------------------------------------------------------------------------+ 
     |           Instance           |    Arc     |  Cell   | Delay | Arrival | Required | 
     |                              |            |         |       |  Time   |   Time   | 
     |------------------------------+------------+---------+-------+---------+----------| 
     | core/req_meta_q_reg[46]      | Q ^        |         |       |   0.000 |    0.441 | 
     | core/FE_PHC119_req_meta_q_46 | A ^ -> Y ^ | DLY1X1  | 0.162 |   0.162 |    0.604 | 
     | core/req_sync_q_reg[46]      | D ^        | DFFHQX1 | 0.000 |   0.162 |    0.604 | 
     +----------------------------------------------------------------------------------+ 
Path 54: MET Setup Check with Pin core/req_sync_q_reg[62]/CK 
Endpoint:   core/req_sync_q_reg[62]/D (^) checked with  leading edge of 'clk'
Beginpoint: core/req_meta_q_reg[62]/Q (^) triggered by  leading edge of '@'
Path Groups: {clk}
Analysis View: setup_view
Other End Arrival Time          0.093
- Setup                         0.095
+ Path Delay                    0.800
- Uncertainty                   0.200
= Required Time                 0.598
- Arrival Time                  0.156
= Slack Time                    0.442
     Clock Rise Edge                      0.000
     = Beginpoint Arrival Time            0.000
     +----------------------------------------------------------------------------------+ 
     |           Instance           |    Arc     |  Cell   | Delay | Arrival | Required | 
     |                              |            |         |       |  Time   |   Time   | 
     |------------------------------+------------+---------+-------+---------+----------| 
     | core/req_meta_q_reg[62]      | Q ^        |         |       |   0.000 |    0.442 | 
     | core/FE_PHC122_req_meta_q_62 | A ^ -> Y ^ | DLY1X1  | 0.156 |   0.156 |    0.598 | 
     | core/req_sync_q_reg[62]      | D ^        | DFFHQX1 | 0.000 |   0.156 |    0.598 | 
     +----------------------------------------------------------------------------------+ 
Path 55: MET Setup Check with Pin core/req_sync_q_reg[18]/CK 
Endpoint:   core/req_sync_q_reg[18]/D (^) checked with  leading edge of 'clk'
Beginpoint: core/req_meta_q_reg[18]/Q (^) triggered by  leading edge of '@'
Path Groups: {clk}
Analysis View: setup_view
Other End Arrival Time          0.106
- Setup                         0.093
+ Path Delay                    0.800
- Uncertainty                   0.200
= Required Time                 0.613
- Arrival Time                  0.169
= Slack Time                    0.445
     Clock Rise Edge                      0.000
     = Beginpoint Arrival Time            0.000
     +-----------------------------------------------------------------------------------+ 
     |           Instance           |    Arc     |   Cell   | Delay | Arrival | Required | 
     |                              |            |          |       |  Time   |   Time   | 
     |------------------------------+------------+----------+-------+---------+----------| 
     | core/req_meta_q_reg[18]      | Q ^        |          |       |   0.000 |    0.445 | 
     | core/FE_PHC77_req_meta_q_18  | A ^ -> Y ^ | CLKBUFX2 | 0.088 |   0.088 |    0.533 | 
     | core/FE_PHC100_req_meta_q_18 | A ^ -> Y ^ | CLKBUFX2 | 0.080 |   0.169 |    0.613 | 
     | core/req_sync_q_reg[18]      | D ^        | DFFHQX1  | 0.000 |   0.169 |    0.613 | 
     +-----------------------------------------------------------------------------------+ 
Path 56: MET Setup Check with Pin core/req_sync_q_reg[29]/CK 
Endpoint:   core/req_sync_q_reg[29]/D (^) checked with  leading edge of 'clk'
Beginpoint: core/req_meta_q_reg[29]/Q (^) triggered by  leading edge of '@'
Path Groups: {clk}
Analysis View: setup_view
Other End Arrival Time          0.105
- Setup                         0.097
+ Path Delay                    0.800
- Uncertainty                   0.200
= Required Time                 0.607
- Arrival Time                  0.160
= Slack Time                    0.447
     Clock Rise Edge                      0.000
     = Beginpoint Arrival Time            0.000
     +----------------------------------------------------------------------------------+ 
     |           Instance           |    Arc     |  Cell   | Delay | Arrival | Required | 
     |                              |            |         |       |  Time   |   Time   | 
     |------------------------------+------------+---------+-------+---------+----------| 
     | core/req_meta_q_reg[29]      | Q ^        |         |       |   0.000 |    0.447 | 
     | core/FE_PHC115_req_meta_q_29 | A ^ -> Y ^ | DLY1X1  | 0.160 |   0.160 |    0.607 | 
     | core/req_sync_q_reg[29]      | D ^        | DFFHQX1 | 0.000 |   0.160 |    0.607 | 
     +----------------------------------------------------------------------------------+ 
Path 57: MET Setup Check with Pin core/req_sync_q_reg[25]/CK 
Endpoint:   core/req_sync_q_reg[25]/D (^) checked with  leading edge of 'clk'
Beginpoint: core/req_meta_q_reg[25]/Q (^) triggered by  leading edge of '@'
Path Groups: {clk}
Analysis View: setup_view
Other End Arrival Time          0.106
- Setup                         0.097
+ Path Delay                    0.800
- Uncertainty                   0.200
= Required Time                 0.609
- Arrival Time                  0.162
= Slack Time                    0.448
     Clock Rise Edge                      0.000
     = Beginpoint Arrival Time            0.000
     +---------------------------------------------------------------------------------+ 
     |          Instance           |    Arc     |  Cell   | Delay | Arrival | Required | 
     |                             |            |         |       |  Time   |   Time   | 
     |-----------------------------+------------+---------+-------+---------+----------| 
     | core/req_meta_q_reg[25]     | Q ^        |         |       |   0.000 |    0.448 | 
     | core/FE_PHC85_req_meta_q_25 | A ^ -> Y ^ | DLY1X1  | 0.162 |   0.162 |    0.609 | 
     | core/req_sync_q_reg[25]     | D ^        | DFFHQX1 | 0.000 |   0.162 |    0.609 | 
     +---------------------------------------------------------------------------------+ 
Path 58: MET Setup Check with Pin core/req_sync_q_reg[7]/CK 
Endpoint:   core/req_sync_q_reg[7]/D (^) checked with  leading edge of 'clk'
Beginpoint: core/req_meta_q_reg[7]/Q (^) triggered by  leading edge of '@'
Path Groups: {clk}
Analysis View: setup_view
Other End Arrival Time          0.093
- Setup                         0.096
+ Path Delay                    0.800
- Uncertainty                   0.200
= Required Time                 0.598
- Arrival Time                  0.148
= Slack Time                    0.450
     Clock Rise Edge                      0.000
     = Beginpoint Arrival Time            0.000
     +----------------------------------------------------------------------------------+ 
     |          Instance           |    Arc     |   Cell   | Delay | Arrival | Required | 
     |                             |            |          |       |  Time   |   Time   | 
     |-----------------------------+------------+----------+-------+---------+----------| 
     | core/req_meta_q_reg[7]      | Q ^        |          |       |   0.000 |    0.450 | 
     | core/FE_PHC138_req_meta_q_7 | A ^ -> Y ^ | CLKBUFX2 | 0.148 |   0.148 |    0.598 | 
     | core/req_sync_q_reg[7]      | D ^        | DFFHQX1  | 0.000 |   0.148 |    0.598 | 
     +----------------------------------------------------------------------------------+ 
Path 59: MET Setup Check with Pin core/req_sync_q_reg[27]/CK 
Endpoint:   core/req_sync_q_reg[27]/D (^) checked with  leading edge of 'clk'
Beginpoint: core/req_meta_q_reg[27]/Q (^) triggered by  leading edge of '@'
Path Groups: {clk}
Analysis View: setup_view
Other End Arrival Time          0.106
- Setup                         0.095
+ Path Delay                    0.800
- Uncertainty                   0.200
= Required Time                 0.611
- Arrival Time                  0.159
= Slack Time                    0.452
     Clock Rise Edge                      0.000
     = Beginpoint Arrival Time            0.000
     +---------------------------------------------------------------------------------+ 
     |          Instance           |    Arc     |  Cell   | Delay | Arrival | Required | 
     |                             |            |         |       |  Time   |   Time   | 
     |-----------------------------+------------+---------+-------+---------+----------| 
     | core/req_meta_q_reg[27]     | Q ^        |         |       |   0.000 |    0.452 | 
     | core/FE_PHC97_req_meta_q_27 | A ^ -> Y ^ | DLY1X1  | 0.159 |   0.159 |    0.611 | 
     | core/req_sync_q_reg[27]     | D ^        | DFFHQX1 | 0.000 |   0.159 |    0.611 | 
     +---------------------------------------------------------------------------------+ 
Path 60: MET Setup Check with Pin core/req_sync_q_reg[11]/CK 
Endpoint:   core/req_sync_q_reg[11]/D (^) checked with  leading edge of 'clk'
Beginpoint: core/req_meta_q_reg[11]/Q (^) triggered by  leading edge of '@'
Path Groups: {clk}
Analysis View: setup_view
Other End Arrival Time          0.099
- Setup                         0.097
+ Path Delay                    0.800
- Uncertainty                   0.200
= Required Time                 0.603
- Arrival Time                  0.146
= Slack Time                    0.457
     Clock Rise Edge                      0.000
     = Beginpoint Arrival Time            0.000
     +----------------------------------------------------------------------------------+ 
     |          Instance           |    Arc     |   Cell   | Delay | Arrival | Required | 
     |                             |            |          |       |  Time   |   Time   | 
     |-----------------------------+------------+----------+-------+---------+----------| 
     | core/req_meta_q_reg[11]     | Q ^        |          |       |   0.000 |    0.457 | 
     | core/FE_PHC84_req_meta_q_11 | A ^ -> Y ^ | CLKBUFX2 | 0.146 |   0.146 |    0.603 | 
     | core/req_sync_q_reg[11]     | D ^        | DFFHQX1  | 0.000 |   0.146 |    0.603 | 
     +----------------------------------------------------------------------------------+ 
Path 61: MET Setup Check with Pin core/req_sync_q_reg[10]/CK 
Endpoint:   core/req_sync_q_reg[10]/D (^) checked with  leading edge of 'clk'
Beginpoint: core/req_meta_q_reg[10]/Q (^) triggered by  leading edge of '@'
Path Groups: {clk}
Analysis View: setup_view
Other End Arrival Time          0.099
- Setup                         0.097
+ Path Delay                    0.800
- Uncertainty                   0.200
= Required Time                 0.603
- Arrival Time                  0.145
= Slack Time                    0.458
     Clock Rise Edge                      0.000
     = Beginpoint Arrival Time            0.000
     +----------------------------------------------------------------------------------+ 
     |          Instance           |    Arc     |   Cell   | Delay | Arrival | Required | 
     |                             |            |          |       |  Time   |   Time   | 
     |-----------------------------+------------+----------+-------+---------+----------| 
     | core/req_meta_q_reg[10]     | Q ^        |          |       |   0.000 |    0.458 | 
     | core/FE_PHC83_req_meta_q_10 | A ^ -> Y ^ | CLKBUFX2 | 0.145 |   0.145 |    0.603 | 
     | core/req_sync_q_reg[10]     | D ^        | DFFHQX1  | 0.000 |   0.145 |    0.603 | 
     +----------------------------------------------------------------------------------+ 
Path 62: MET Setup Check with Pin core/req_sync_q_reg[9]/CK 
Endpoint:   core/req_sync_q_reg[9]/D (^) checked with  leading edge of 'clk'
Beginpoint: core/req_meta_q_reg[9]/Q (^) triggered by  leading edge of '@'
Path Groups: {clk}
Analysis View: setup_view
Other End Arrival Time          0.099
- Setup                         0.096
+ Path Delay                    0.800
- Uncertainty                   0.200
= Required Time                 0.603
- Arrival Time                  0.137
= Slack Time                    0.466
     Clock Rise Edge                      0.000
     = Beginpoint Arrival Time            0.000
     +---------------------------------------------------------------------------------+ 
     |          Instance          |    Arc     |   Cell   | Delay | Arrival | Required | 
     |                            |            |          |       |  Time   |   Time   | 
     |----------------------------+------------+----------+-------+---------+----------| 
     | core/req_meta_q_reg[9]     | Q ^        |          |       |   0.000 |    0.466 | 
     | core/FE_PHC82_req_meta_q_9 | A ^ -> Y ^ | CLKBUFX2 | 0.137 |   0.137 |    0.603 | 
     | core/req_sync_q_reg[9]     | D ^        | DFFHQX1  | 0.000 |   0.137 |    0.603 | 
     +---------------------------------------------------------------------------------+ 
Path 63: MET Setup Check with Pin core/req_sync_q_reg[15]/CK 
Endpoint:   core/req_sync_q_reg[15]/D (^) checked with  leading edge of 'clk'
Beginpoint: core/req_meta_q_reg[15]/Q (^) triggered by  leading edge of '@'
Path Groups: {clk}
Analysis View: setup_view
Other End Arrival Time          0.099
- Setup                         0.097
+ Path Delay                    0.800
- Uncertainty                   0.200
= Required Time                 0.603
- Arrival Time                  0.129
= Slack Time                    0.473
     Clock Rise Edge                      0.000
     = Beginpoint Arrival Time            0.000
     +----------------------------------------------------------------------------------+ 
     |          Instance           |    Arc     |   Cell   | Delay | Arrival | Required | 
     |                             |            |          |       |  Time   |   Time   | 
     |-----------------------------+------------+----------+-------+---------+----------| 
     | core/req_meta_q_reg[15]     | Q ^        |          |       |   0.000 |    0.473 | 
     | core/FE_PHC80_req_meta_q_15 | A ^ -> Y ^ | CLKBUFX2 | 0.129 |   0.129 |    0.603 | 
     | core/req_sync_q_reg[15]     | D ^        | DFFHQX1  | 0.000 |   0.129 |    0.603 | 
     +----------------------------------------------------------------------------------+ 
Path 64: MET Setup Check with Pin core/req_sync_q_reg[24]/CK 
Endpoint:   core/req_sync_q_reg[24]/D (^) checked with  leading edge of 'clk'
Beginpoint: core/req_meta_q_reg[24]/Q (^) triggered by  leading edge of '@'
Path Groups: {clk}
Analysis View: setup_view
Other End Arrival Time          0.099
- Setup                         0.097
+ Path Delay                    0.800
- Uncertainty                   0.200
= Required Time                 0.603
- Arrival Time                  0.125
= Slack Time                    0.478
     Clock Rise Edge                      0.000
     = Beginpoint Arrival Time            0.000
     +----------------------------------------------------------------------------------+ 
     |          Instance           |    Arc     |   Cell   | Delay | Arrival | Required | 
     |                             |            |          |       |  Time   |   Time   | 
     |-----------------------------+------------+----------+-------+---------+----------| 
     | core/req_meta_q_reg[24]     | Q ^        |          |       |   0.000 |    0.478 | 
     | core/FE_PHC81_req_meta_q_24 | A ^ -> Y ^ | CLKBUFX2 | 0.125 |   0.125 |    0.603 | 
     | core/req_sync_q_reg[24]     | D ^        | DFFHQX1  | 0.000 |   0.125 |    0.603 | 
     +----------------------------------------------------------------------------------+ 

