*----------------------------------------------------------------------------------------
*	Innovus 23.14-s088_1 (64bit) 02/28/2025 12:25 (Linux 3.10.0-693.el7.x86_64)
*	
*
* 	Date & Time:	2026-Aug-26 17:07:01 (2026-Aug-26 08:07:01 GMT)
*
*----------------------------------------------------------------------------------------
*
*	Design: aer64_pending_grouped_rr
*
*	Liberty Libraries used: 
*	        setup_view: <REMOTE_WORKSPACE>/pnr/aer64grouped_h030v4/db/aer64_pending_grouped_rr_postroute.enc.dat/libs/mmmc/slow_vdd1v0_basicCells.lib
*
*	Power Domain used: 
*              Rail:        VDD      Voltage:        0.9 
*
*       Power View : setup_view
*
*       User-Defined Activity : N.A.
*
*	Switching Activity File used: 
*	        <REMOTE_WORKSPACE>/reports/aer64grouped_vcd/mapped_activity.saif
*
*            Total Design annotation coverage: 1036/1163 = 89.079964% 

*       Hierarchical Global Activity: N.A.
*
*       Global Activity: N.A.
*
*       Sequential Element Activity: N.A.
*
*       Primary Input Activity: N.A.
*
*       Default icg ratio: N.A.
*
*       Global Comb ClockGate Ratio: N.A.
*
*	Power Units = 1mW
*
*	Time Units = 1e-09 secs 
*
*       report_power -outfile <REMOTE_WORKSPACE>/pnr/aer64grouped_h030v4/reports/postroute_power_saif.rpt
*
-----------------------------------------------------------------------------------------


Total Power 
-----------------------------------------------------------------------------------------
Total Internal Power:        0.04809773 	   83.1536%
Total Switching Power:       0.00968542 	   16.7446%
Total Leakage Power:         0.00005886 	    0.1018%
Total Power:                 0.05784201 
-----------------------------------------------------------------------------------------


Group                           Internal   Switching     Leakage       Total  Percentage 
                                Power      Power         Power         Power  (%)        
-----------------------------------------------------------------------------------------
Sequential                       0.04366   2.722e-05   2.997e-05     0.04372       75.58 
Macro                                  0           0           0           0           0 
IO                                     0           0           0           0           0 
Combinational                  5.726e-05   6.919e-05   2.756e-05    0.000154      0.2662 
Clock (Combinational)           0.004382    0.009589   1.325e-06     0.01397       24.16 
Clock (Sequential)                     0           0           0           0           0 
-----------------------------------------------------------------------------------------
Total                             0.0481    0.009685   5.886e-05     0.05784         100 
-----------------------------------------------------------------------------------------


Rail                  Voltage   Internal   Switching     Leakage       Total  Percentage 
                                Power      Power         Power         Power  (%)        
-----------------------------------------------------------------------------------------
VDD                       0.9     0.0481    0.009685   5.886e-05     0.05784         100 


Clock                           Internal   Switching     Leakage       Total  Percentage 
                                Power      Power         Power         Power  (%)        
-----------------------------------------------------------------------------------------
clk                             0.004382    0.009589   1.325e-06     0.01397       24.16 
-----------------------------------------------------------------------------------------
Total (excluding duplicates)    0.004382    0.009589   1.325e-06     0.01397       24.16 
-----------------------------------------------------------------------------------------
Clock: clk
Clock Period: 0.010000 usec 
Clock Toggle Rate:   200.0000 Mhz 
Clock Static Probability:  0.4999



-----------------------------------------------------------------------------------------
*	Power Distribution Summary: 
*                Highest Average Power:  core/CTS_ccl_a_buf_00003 (CLKBUFX4):         0.001383 
*                Highest Leakage Power:       core/FE_DBTC0_n_653 (CLKINVX6):        1.437e-07 
*          Total Cap:      1.87271e-12 F
*          Total instances in design:  1095
*          Total instances in design with no power:     0
*          Total instances in design with no activity:     0
*          Total Fillers and Decap:     0
-----------------------------------------------------------------------------------------

