###############################################################
#  Generated by:      Cadence Innovus 23.14-s088_1
#  OS:                Linux x86_64(Host ID <REMOTE_HOST>)
#  Generated on:      Wed Aug 26 17:03:37 2026
#  Design:            aer64_pending_grouped_rr
#  Command:           report_timing -from [get_pins -hierarchical *req_meta_q_reg*/Q] -to [get_pins -hierarchical *req_sync_q_reg*/D] -max_paths 256 > [file join $report_dir postroute_cdc_hold_timing.rpt]
###############################################################
Path 1: MET Hold Check with Pin core/req_sync_q_reg[9]/CK 
Endpoint:   core/req_sync_q_reg[9]/D (v) checked with  leading edge of 'clk'
Beginpoint: core/req_meta_q_reg[9]/Q (v) triggered by  leading edge of 'clk'
Path Groups: {clk}
Analysis View: hold_view
Other End Arrival Time          0.033
+ Hold                          0.004
+ Phase Shift                   0.000
+ Uncertainty                   0.020
= Required Time                 0.056
  Arrival Time                  0.086
  Slack Time                    0.030
     Clock Rise Edge                 0.000
     + Clock Network Latency (Prop)  -0.000
     = Beginpoint Arrival Time       -0.000
     +----------------------------------------------------------------------------------+ 
     |          Instance          |     Arc     |   Cell   | Delay | Arrival | Required | 
     |                            |             |          |       |  Time   |   Time   | 
     |----------------------------+-------------+----------+-------+---------+----------| 
     | core/req_meta_q_reg[9]     | CK ^        |          |       |  -0.000 |   -0.030 | 
     | core/req_meta_q_reg[9]     | CK ^ -> Q v | DFFQXL   | 0.059 |   0.059 |    0.029 | 
     | core/FE_PHC82_req_meta_q_9 | A v -> Y v  | CLKBUFX2 | 0.027 |   0.086 |    0.056 | 
     | core/req_sync_q_reg[9]     | D v         | DFFHQX1  | 0.000 |   0.086 |    0.056 | 
     +----------------------------------------------------------------------------------+ 
Path 2: MET Hold Check with Pin core/req_sync_q_reg[15]/CK 
Endpoint:   core/req_sync_q_reg[15]/D (v) checked with  leading edge of 'clk'
Beginpoint: core/req_meta_q_reg[15]/Q (v) triggered by  leading edge of 'clk'
Path Groups: {clk}
Analysis View: hold_view
Other End Arrival Time          0.033
+ Hold                          0.004
+ Phase Shift                   0.000
+ Uncertainty                   0.020
= Required Time                 0.056
  Arrival Time                  0.086
  Slack Time                    0.030
     Clock Rise Edge                 0.000
     + Clock Network Latency (Prop)  -0.000
     = Beginpoint Arrival Time       -0.000
     +-----------------------------------------------------------------------------------+ 
     |          Instance           |     Arc     |   Cell   | Delay | Arrival | Required | 
     |                             |             |          |       |  Time   |   Time   | 
     |-----------------------------+-------------+----------+-------+---------+----------| 
     | core/req_meta_q_reg[15]     | CK ^        |          |       |  -0.000 |   -0.030 | 
     | core/req_meta_q_reg[15]     | CK ^ -> Q v | DFFQXL   | 0.060 |   0.059 |    0.029 | 
     | core/FE_PHC80_req_meta_q_15 | A v -> Y v  | CLKBUFX2 | 0.027 |   0.086 |    0.056 | 
     | core/req_sync_q_reg[15]     | D v         | DFFHQX1  | 0.000 |   0.086 |    0.056 | 
     +-----------------------------------------------------------------------------------+ 
Path 3: MET Hold Check with Pin core/req_sync_q_reg[21]/CK 
Endpoint:   core/req_sync_q_reg[21]/D (v) checked with  leading edge of 'clk'
Beginpoint: core/req_meta_q_reg[21]/Q (v) triggered by  leading edge of 'clk'
Path Groups: {clk}
Analysis View: hold_view
Other End Arrival Time          0.035
+ Hold                          0.003
+ Phase Shift                   0.000
+ Uncertainty                   0.020
= Required Time                 0.058
  Arrival Time                  0.089
  Slack Time                    0.031
     Clock Rise Edge                 0.000
     + Clock Network Latency (Prop)  0.002
     = Beginpoint Arrival Time       0.002
     +----------------------------------------------------------------------------------+ 
     |          Instance           |     Arc     |  Cell   | Delay | Arrival | Required | 
     |                             |             |         |       |  Time   |   Time   | 
     |-----------------------------+-------------+---------+-------+---------+----------| 
     | core/req_meta_q_reg[21]     | CK ^        |         |       |   0.002 |   -0.029 | 
     | core/req_meta_q_reg[21]     | CK ^ -> Q v | DFFQXL  | 0.047 |   0.049 |    0.018 | 
     | core/FE_PHC86_req_meta_q_21 | A v -> Y v  | DLY1X1  | 0.040 |   0.089 |    0.058 | 
     | core/req_sync_q_reg[21]     | D v         | DFFHQX1 | 0.000 |   0.089 |    0.058 | 
     +----------------------------------------------------------------------------------+ 
Path 4: MET Hold Check with Pin core/req_sync_q_reg[10]/CK 
Endpoint:   core/req_sync_q_reg[10]/D (v) checked with  leading edge of 'clk'
Beginpoint: core/req_meta_q_reg[10]/Q (v) triggered by  leading edge of 'clk'
Path Groups: {clk}
Analysis View: hold_view
Other End Arrival Time          0.033
+ Hold                          0.004
+ Phase Shift                   0.000
+ Uncertainty                   0.020
= Required Time                 0.056
  Arrival Time                  0.087
  Slack Time                    0.031
     Clock Rise Edge                 0.000
     + Clock Network Latency (Prop)  -0.000
     = Beginpoint Arrival Time       -0.000
     +-----------------------------------------------------------------------------------+ 
     |          Instance           |     Arc     |   Cell   | Delay | Arrival | Required | 
     |                             |             |          |       |  Time   |   Time   | 
     |-----------------------------+-------------+----------+-------+---------+----------| 
     | core/req_meta_q_reg[10]     | CK ^        |          |       |  -0.000 |   -0.031 | 
     | core/req_meta_q_reg[10]     | CK ^ -> Q v | DFFQXL   | 0.059 |   0.059 |    0.028 | 
     | core/FE_PHC83_req_meta_q_10 | A v -> Y v  | CLKBUFX2 | 0.028 |   0.087 |    0.056 | 
     | core/req_sync_q_reg[10]     | D v         | DFFHQX1  | 0.000 |   0.087 |    0.056 | 
     +-----------------------------------------------------------------------------------+ 
Path 5: MET Hold Check with Pin core/req_sync_q_reg[24]/CK 
Endpoint:   core/req_sync_q_reg[24]/D (v) checked with  leading edge of 'clk'
Beginpoint: core/req_meta_q_reg[24]/Q (v) triggered by  leading edge of 'clk'
Path Groups: {clk}
Analysis View: hold_view
Other End Arrival Time          0.033
+ Hold                          0.004
+ Phase Shift                   0.000
+ Uncertainty                   0.020
= Required Time                 0.056
  Arrival Time                  0.088
  Slack Time                    0.032
     Clock Rise Edge                 0.000
     + Clock Network Latency (Prop)  0.002
     = Beginpoint Arrival Time       0.002
     +-----------------------------------------------------------------------------------+ 
     |          Instance           |     Arc     |   Cell   | Delay | Arrival | Required | 
     |                             |             |          |       |  Time   |   Time   | 
     |-----------------------------+-------------+----------+-------+---------+----------| 
     | core/req_meta_q_reg[24]     | CK ^        |          |       |   0.002 |   -0.030 | 
     | core/req_meta_q_reg[24]     | CK ^ -> Q v | DFFQXL   | 0.059 |   0.061 |    0.030 | 
     | core/FE_PHC81_req_meta_q_24 | A v -> Y v  | CLKBUFX2 | 0.026 |   0.088 |    0.056 | 
     | core/req_sync_q_reg[24]     | D v         | DFFHQX1  | 0.000 |   0.088 |    0.056 | 
     +-----------------------------------------------------------------------------------+ 
Path 6: MET Hold Check with Pin core/req_sync_q_reg[18]/CK 
Endpoint:   core/req_sync_q_reg[18]/D (v) checked with  leading edge of 'clk'
Beginpoint: core/req_meta_q_reg[18]/Q (v) triggered by  leading edge of 'clk'
Path Groups: {clk}
Analysis View: hold_view
Other End Arrival Time          0.035
+ Hold                          0.004
+ Phase Shift                   0.000
+ Uncertainty                   0.020
= Required Time                 0.059
  Arrival Time                  0.091
  Slack Time                    0.032
     Clock Rise Edge                 0.000
     + Clock Network Latency (Prop)  -0.000
     = Beginpoint Arrival Time       -0.000
     +------------------------------------------------------------------------------------+ 
     |           Instance           |     Arc     |   Cell   | Delay | Arrival | Required | 
     |                              |             |          |       |  Time   |   Time   | 
     |------------------------------+-------------+----------+-------+---------+----------| 
     | core/req_meta_q_reg[18]      | CK ^        |          |       |  -0.000 |   -0.032 | 
     | core/req_meta_q_reg[18]      | CK ^ -> Q v | DFFQXL   | 0.048 |   0.048 |    0.016 | 
     | core/FE_PHC77_req_meta_q_18  | A v -> Y v  | CLKBUFX2 | 0.022 |   0.070 |    0.038 | 
     | core/FE_PHC100_req_meta_q_18 | A v -> Y v  | CLKBUFX2 | 0.021 |   0.091 |    0.059 | 
     | core/req_sync_q_reg[18]      | D v         | DFFHQX1  | 0.000 |   0.091 |    0.059 | 
     +------------------------------------------------------------------------------------+ 
Path 7: MET Hold Check with Pin core/req_sync_q_reg[25]/CK 
Endpoint:   core/req_sync_q_reg[25]/D (v) checked with  leading edge of 'clk'
Beginpoint: core/req_meta_q_reg[25]/Q (v) triggered by  leading edge of 'clk'
Path Groups: {clk}
Analysis View: hold_view
Other End Arrival Time          0.035
+ Hold                          0.004
+ Phase Shift                   0.000
+ Uncertainty                   0.020
= Required Time                 0.059
  Arrival Time                  0.091
  Slack Time                    0.033
     Clock Rise Edge                 0.000
     + Clock Network Latency (Prop)  0.002
     = Beginpoint Arrival Time       0.002
     +----------------------------------------------------------------------------------+ 
     |          Instance           |     Arc     |  Cell   | Delay | Arrival | Required | 
     |                             |             |         |       |  Time   |   Time   | 
     |-----------------------------+-------------+---------+-------+---------+----------| 
     | core/req_meta_q_reg[25]     | CK ^        |         |       |   0.002 |   -0.031 | 
     | core/req_meta_q_reg[25]     | CK ^ -> Q v | DFFQXL  | 0.049 |   0.051 |    0.018 | 
     | core/FE_PHC85_req_meta_q_25 | A v -> Y v  | DLY1X1  | 0.041 |   0.091 |    0.059 | 
     | core/req_sync_q_reg[25]     | D v         | DFFHQX1 | 0.000 |   0.091 |    0.059 | 
     +----------------------------------------------------------------------------------+ 
Path 8: MET Hold Check with Pin core/req_sync_q_reg[23]/CK 
Endpoint:   core/req_sync_q_reg[23]/D (v) checked with  leading edge of 'clk'
Beginpoint: core/req_meta_q_reg[23]/Q (v) triggered by  leading edge of 'clk'
Path Groups: {clk}
Analysis View: hold_view
Other End Arrival Time          0.035
+ Hold                          0.004
+ Phase Shift                   0.000
+ Uncertainty                   0.020
= Required Time                 0.059
  Arrival Time                  0.092
  Slack Time                    0.033
     Clock Rise Edge                 0.000
     + Clock Network Latency (Prop)  0.002
     = Beginpoint Arrival Time       0.002
     +----------------------------------------------------------------------------------+ 
     |          Instance           |     Arc     |  Cell   | Delay | Arrival | Required | 
     |                             |             |         |       |  Time   |   Time   | 
     |-----------------------------+-------------+---------+-------+---------+----------| 
     | core/req_meta_q_reg[23]     | CK ^        |         |       |   0.002 |   -0.031 | 
     | core/req_meta_q_reg[23]     | CK ^ -> Q v | DFFQXL  | 0.049 |   0.051 |    0.018 | 
     | core/FE_PHC93_req_meta_q_23 | A v -> Y v  | DLY1X1  | 0.041 |   0.092 |    0.059 | 
     | core/req_sync_q_reg[23]     | D v         | DFFHQX1 | 0.000 |   0.092 |    0.059 | 
     +----------------------------------------------------------------------------------+ 
Path 9: MET Hold Check with Pin core/req_sync_q_reg[22]/CK 
Endpoint:   core/req_sync_q_reg[22]/D (v) checked with  leading edge of 'clk'
Beginpoint: core/req_meta_q_reg[22]/Q (v) triggered by  leading edge of 'clk'
Path Groups: {clk}
Analysis View: hold_view
Other End Arrival Time          0.035
+ Hold                          0.004
+ Phase Shift                   0.000
+ Uncertainty                   0.020
= Required Time                 0.059
  Arrival Time                  0.091
  Slack Time                    0.033
     Clock Rise Edge                 0.000
     + Clock Network Latency (Prop)  0.002
     = Beginpoint Arrival Time       0.002
     +-----------------------------------------------------------------------------------+ 
     |           Instance           |     Arc     |  Cell   | Delay | Arrival | Required | 
     |                              |             |         |       |  Time   |   Time   | 
     |------------------------------+-------------+---------+-------+---------+----------| 
     | core/req_meta_q_reg[22]      | CK ^        |         |       |   0.002 |   -0.031 | 
     | core/req_meta_q_reg[22]      | CK ^ -> Q v | DFFQXL  | 0.050 |   0.052 |    0.019 | 
     | core/FE_PHC108_req_meta_q_22 | A v -> Y v  | DLY1X1  | 0.040 |   0.091 |    0.059 | 
     | core/req_sync_q_reg[22]      | D v         | DFFHQX1 | 0.000 |   0.091 |    0.059 | 
     +-----------------------------------------------------------------------------------+ 
Path 10: MET Hold Check with Pin core/req_sync_q_reg[60]/CK 
Endpoint:   core/req_sync_q_reg[60]/D (v) checked with  leading edge of 'clk'
Beginpoint: core/req_meta_q_reg[60]/Q (v) triggered by  leading edge of 'clk'
Path Groups: {clk}
Analysis View: hold_view
Other End Arrival Time          0.031
+ Hold                          0.003
+ Phase Shift                   0.000
+ Uncertainty                   0.020
= Required Time                 0.055
  Arrival Time                  0.088
  Slack Time                    0.033
     Clock Rise Edge                 0.000
     + Clock Network Latency (Prop)  0.000
     = Beginpoint Arrival Time       0.000
     +-----------------------------------------------------------------------------------+ 
     |           Instance           |     Arc     |  Cell   | Delay | Arrival | Required | 
     |                              |             |         |       |  Time   |   Time   | 
     |------------------------------+-------------+---------+-------+---------+----------| 
     | core/req_meta_q_reg[60]      | CK ^        |         |       |   0.000 |   -0.033 | 
     | core/req_meta_q_reg[60]      | CK ^ -> Q v | DFFQXL  | 0.048 |   0.048 |    0.015 | 
     | core/FE_PHC135_req_meta_q_60 | A v -> Y v  | DLY1X1  | 0.040 |   0.088 |    0.055 | 
     | core/req_sync_q_reg[60]      | D v         | DFFHQX1 | 0.000 |   0.088 |    0.055 | 
     +-----------------------------------------------------------------------------------+ 
Path 11: MET Hold Check with Pin core/req_sync_q_reg[49]/CK 
Endpoint:   core/req_sync_q_reg[49]/D (v) checked with  leading edge of 'clk'
Beginpoint: core/req_meta_q_reg[49]/Q (v) triggered by  leading edge of 'clk'
Path Groups: {clk}
Analysis View: hold_view
Other End Arrival Time          0.033
+ Hold                          0.003
+ Phase Shift                   0.000
+ Uncertainty                   0.020
= Required Time                 0.055
  Arrival Time                  0.089
  Slack Time                    0.033
     Clock Rise Edge                 0.000
     + Clock Network Latency (Prop)  0.000
     = Beginpoint Arrival Time       0.000
     +-----------------------------------------------------------------------------------+ 
     |           Instance           |     Arc     |  Cell   | Delay | Arrival | Required | 
     |                              |             |         |       |  Time   |   Time   | 
     |------------------------------+-------------+---------+-------+---------+----------| 
     | core/req_meta_q_reg[49]      | CK ^        |         |       |   0.000 |   -0.033 | 
     | core/req_meta_q_reg[49]      | CK ^ -> Q v | DFFQXL  | 0.049 |   0.049 |    0.016 | 
     | core/FE_PHC104_req_meta_q_49 | A v -> Y v  | DLY1X1  | 0.040 |   0.089 |    0.055 | 
     | core/req_sync_q_reg[49]      | D v         | DFFHQX1 | 0.000 |   0.089 |    0.055 | 
     +-----------------------------------------------------------------------------------+ 
Path 12: MET Hold Check with Pin core/req_sync_q_reg[61]/CK 
Endpoint:   core/req_sync_q_reg[61]/D (v) checked with  leading edge of 'clk'
Beginpoint: core/req_meta_q_reg[61]/Q (v) triggered by  leading edge of 'clk'
Path Groups: {clk}
Analysis View: hold_view
Other End Arrival Time          0.031
+ Hold                          0.003
+ Phase Shift                   0.000
+ Uncertainty                   0.020
= Required Time                 0.055
  Arrival Time                  0.089
  Slack Time                    0.034
     Clock Rise Edge                 0.000
     + Clock Network Latency (Prop)  -0.000
     = Beginpoint Arrival Time       -0.000
     +-----------------------------------------------------------------------------------+ 
     |           Instance           |     Arc     |  Cell   | Delay | Arrival | Required | 
     |                              |             |         |       |  Time   |   Time   | 
     |------------------------------+-------------+---------+-------+---------+----------| 
     | core/req_meta_q_reg[61]      | CK ^        |         |       |  -0.000 |   -0.034 | 
     | core/req_meta_q_reg[61]      | CK ^ -> Q v | DFFQXL  | 0.048 |   0.048 |    0.014 | 
     | core/FE_PHC111_req_meta_q_61 | A v -> Y v  | DLY1X1  | 0.040 |   0.089 |    0.055 | 
     | core/req_sync_q_reg[61]      | D v         | DFFHQX1 | 0.000 |   0.089 |    0.055 | 
     +-----------------------------------------------------------------------------------+ 
Path 13: MET Hold Check with Pin core/req_sync_q_reg[56]/CK 
Endpoint:   core/req_sync_q_reg[56]/D (v) checked with  leading edge of 'clk'
Beginpoint: core/req_meta_q_reg[56]/Q (v) triggered by  leading edge of 'clk'
Path Groups: {clk}
Analysis View: hold_view
Other End Arrival Time          0.033
+ Hold                          0.003
+ Phase Shift                   0.000
+ Uncertainty                   0.020
= Required Time                 0.056
  Arrival Time                  0.090
  Slack Time                    0.034
     Clock Rise Edge                 0.000
     + Clock Network Latency (Prop)  0.000
     = Beginpoint Arrival Time       0.000
     +-----------------------------------------------------------------------------------+ 
     |           Instance           |     Arc     |  Cell   | Delay | Arrival | Required | 
     |                              |             |         |       |  Time   |   Time   | 
     |------------------------------+-------------+---------+-------+---------+----------| 
     | core/req_meta_q_reg[56]      | CK ^        |         |       |   0.000 |   -0.034 | 
     | core/req_meta_q_reg[56]      | CK ^ -> Q v | DFFQXL  | 0.049 |   0.050 |    0.016 | 
     | core/FE_PHC114_req_meta_q_56 | A v -> Y v  | DLY1X1  | 0.040 |   0.090 |    0.056 | 
     | core/req_sync_q_reg[56]      | D v         | DFFHQX1 | 0.000 |   0.090 |    0.056 | 
     +-----------------------------------------------------------------------------------+ 
Path 14: MET Hold Check with Pin core/req_sync_q_reg[6]/CK 
Endpoint:   core/req_sync_q_reg[6]/D (v) checked with  leading edge of 'clk'
Beginpoint: core/req_meta_q_reg[6]/Q (v) triggered by  leading edge of 'clk'
Path Groups: {clk}
Analysis View: hold_view
Other End Arrival Time          0.032
+ Hold                          0.003
+ Phase Shift                   0.000
+ Uncertainty                   0.020
= Required Time                 0.055
  Arrival Time                  0.089
  Slack Time                    0.034
     Clock Rise Edge                 0.000
     + Clock Network Latency (Prop)  -0.000
     = Beginpoint Arrival Time       -0.000
     +---------------------------------------------------------------------------------+ 
     |          Instance          |     Arc     |  Cell   | Delay | Arrival | Required | 
     |                            |             |         |       |  Time   |   Time   | 
     |----------------------------+-------------+---------+-------+---------+----------| 
     | core/req_meta_q_reg[6]     | CK ^        |         |       |  -0.000 |   -0.034 | 
     | core/req_meta_q_reg[6]     | CK ^ -> Q v | DFFQXL  | 0.049 |   0.049 |    0.014 | 
     | core/FE_PHC88_req_meta_q_6 | A v -> Y v  | DLY1X1  | 0.041 |   0.089 |    0.055 | 
     | core/req_sync_q_reg[6]     | D v         | DFFHQX1 | 0.000 |   0.089 |    0.055 | 
     +---------------------------------------------------------------------------------+ 
Path 15: MET Hold Check with Pin core/req_sync_q_reg[52]/CK 
Endpoint:   core/req_sync_q_reg[52]/D (v) checked with  leading edge of 'clk'
Beginpoint: core/req_meta_q_reg[52]/Q (v) triggered by  leading edge of 'clk'
Path Groups: {clk}
Analysis View: hold_view
Other End Arrival Time          0.033
+ Hold                          0.003
+ Phase Shift                   0.000
+ Uncertainty                   0.020
= Required Time                 0.056
  Arrival Time                  0.090
  Slack Time                    0.034
     Clock Rise Edge                 0.000
     + Clock Network Latency (Prop)  0.000
     = Beginpoint Arrival Time       0.000
     +----------------------------------------------------------------------------------+ 
     |          Instance           |     Arc     |  Cell   | Delay | Arrival | Required | 
     |                             |             |         |       |  Time   |   Time   | 
     |-----------------------------+-------------+---------+-------+---------+----------| 
     | core/req_meta_q_reg[52]     | CK ^        |         |       |   0.000 |   -0.034 | 
     | core/req_meta_q_reg[52]     | CK ^ -> Q v | DFFQXL  | 0.048 |   0.049 |    0.014 | 
     | core/FE_PHC99_req_meta_q_52 | A v -> Y v  | DLY1X1  | 0.042 |   0.090 |    0.056 | 
     | core/req_sync_q_reg[52]     | D v         | DFFHQX1 | 0.000 |   0.090 |    0.056 | 
     +----------------------------------------------------------------------------------+ 
Path 16: MET Hold Check with Pin core/req_sync_q_reg[47]/CK 
Endpoint:   core/req_sync_q_reg[47]/D (v) checked with  leading edge of 'clk'
Beginpoint: core/req_meta_q_reg[47]/Q (v) triggered by  leading edge of 'clk'
Path Groups: {clk}
Analysis View: hold_view
Other End Arrival Time          0.033
+ Hold                          0.003
+ Phase Shift                   0.000
+ Uncertainty                   0.020
= Required Time                 0.056
  Arrival Time                  0.091
  Slack Time                    0.034
     Clock Rise Edge                 0.000
     + Clock Network Latency (Prop)  0.000
     = Beginpoint Arrival Time       0.000
     +-----------------------------------------------------------------------------------+ 
     |           Instance           |     Arc     |  Cell   | Delay | Arrival | Required | 
     |                              |             |         |       |  Time   |   Time   | 
     |------------------------------+-------------+---------+-------+---------+----------| 
     | core/req_meta_q_reg[47]      | CK ^        |         |       |   0.000 |   -0.034 | 
     | core/req_meta_q_reg[47]      | CK ^ -> Q v | DFFHQX1 | 0.052 |   0.052 |    0.018 | 
     | core/FE_PHC112_req_meta_q_47 | A v -> Y v  | DLY1X1  | 0.039 |   0.091 |    0.056 | 
     | core/req_sync_q_reg[47]      | D v         | DFFHQX1 | 0.000 |   0.091 |    0.056 | 
     +-----------------------------------------------------------------------------------+ 
Path 17: MET Hold Check with Pin core/req_sync_q_reg[1]/CK 
Endpoint:   core/req_sync_q_reg[1]/D (v) checked with  leading edge of 'clk'
Beginpoint: core/req_meta_q_reg[1]/Q (v) triggered by  leading edge of 'clk'
Path Groups: {clk}
Analysis View: hold_view
Other End Arrival Time          0.032
+ Hold                          0.002
+ Phase Shift                   0.000
+ Uncertainty                   0.020
= Required Time                 0.054
  Arrival Time                  0.089
  Slack Time                    0.035
     Clock Rise Edge                 0.000
     + Clock Network Latency (Prop)  -0.000
     = Beginpoint Arrival Time       -0.000
     +---------------------------------------------------------------------------------+ 
     |          Instance          |     Arc     |  Cell   | Delay | Arrival | Required | 
     |                            |             |         |       |  Time   |   Time   | 
     |----------------------------+-------------+---------+-------+---------+----------| 
     | core/req_meta_q_reg[1]     | CK ^        |         |       |  -0.000 |   -0.035 | 
     | core/req_meta_q_reg[1]     | CK ^ -> Q v | DFFQXL  | 0.046 |   0.046 |    0.011 | 
     | core/FE_PHC94_req_meta_q_1 | A v -> Y v  | DLY1X1  | 0.043 |   0.089 |    0.054 | 
     | core/req_sync_q_reg[1]     | D v         | DFFHQX1 | 0.000 |   0.089 |    0.054 | 
     +---------------------------------------------------------------------------------+ 
Path 18: MET Hold Check with Pin core/req_sync_q_reg[50]/CK 
Endpoint:   core/req_sync_q_reg[50]/D (v) checked with  leading edge of 'clk'
Beginpoint: core/req_meta_q_reg[50]/Q (v) triggered by  leading edge of 'clk'
Path Groups: {clk}
Analysis View: hold_view
Other End Arrival Time          0.033
+ Hold                          0.003
+ Phase Shift                   0.000
+ Uncertainty                   0.020
= Required Time                 0.056
  Arrival Time                  0.090
  Slack Time                    0.035
     Clock Rise Edge                 0.000
     + Clock Network Latency (Prop)  0.000
     = Beginpoint Arrival Time       0.000
     +-----------------------------------------------------------------------------------+ 
     |           Instance           |     Arc     |  Cell   | Delay | Arrival | Required | 
     |                              |             |         |       |  Time   |   Time   | 
     |------------------------------+-------------+---------+-------+---------+----------| 
     | core/req_meta_q_reg[50]      | CK ^        |         |       |   0.000 |   -0.034 | 
     | core/req_meta_q_reg[50]      | CK ^ -> Q v | DFFQXL  | 0.048 |   0.049 |    0.014 | 
     | core/FE_PHC106_req_meta_q_50 | A v -> Y v  | DLY1X1  | 0.042 |   0.090 |    0.056 | 
     | core/req_sync_q_reg[50]      | D v         | DFFHQX1 | 0.000 |   0.090 |    0.056 | 
     +-----------------------------------------------------------------------------------+ 
Path 19: MET Hold Check with Pin core/req_sync_q_reg[51]/CK 
Endpoint:   core/req_sync_q_reg[51]/D (v) checked with  leading edge of 'clk'
Beginpoint: core/req_meta_q_reg[51]/Q (v) triggered by  leading edge of 'clk'
Path Groups: {clk}
Analysis View: hold_view
Other End Arrival Time          0.033
+ Hold                          0.003
+ Phase Shift                   0.000
+ Uncertainty                   0.020
= Required Time                 0.056
  Arrival Time                  0.091
  Slack Time                    0.035
     Clock Rise Edge                 0.000
     + Clock Network Latency (Prop)  0.000
     = Beginpoint Arrival Time       0.000
     +----------------------------------------------------------------------------------+ 
     |          Instance           |     Arc     |  Cell   | Delay | Arrival | Required | 
     |                             |             |         |       |  Time   |   Time   | 
     |-----------------------------+-------------+---------+-------+---------+----------| 
     | core/req_meta_q_reg[51]     | CK ^        |         |       |   0.000 |   -0.034 | 
     | core/req_meta_q_reg[51]     | CK ^ -> Q v | DFFQXL  | 0.049 |   0.049 |    0.015 | 
     | core/FE_PHC91_req_meta_q_51 | A v -> Y v  | DLY1X1  | 0.041 |   0.091 |    0.056 | 
     | core/req_sync_q_reg[51]     | D v         | DFFHQX1 | 0.000 |   0.091 |    0.056 | 
     +----------------------------------------------------------------------------------+ 
Path 20: MET Hold Check with Pin core/req_sync_q_reg[38]/CK 
Endpoint:   core/req_sync_q_reg[38]/D (v) checked with  leading edge of 'clk'
Beginpoint: core/req_meta_q_reg[38]/Q (v) triggered by  leading edge of 'clk'
Path Groups: {clk}
Analysis View: hold_view
Other End Arrival Time          0.033
+ Hold                          0.003
+ Phase Shift                   0.000
+ Uncertainty                   0.020
= Required Time                 0.057
  Arrival Time                  0.091
  Slack Time                    0.035
     Clock Rise Edge                 0.000
     + Clock Network Latency (Prop)  0.002
     = Beginpoint Arrival Time       0.002
     +----------------------------------------------------------------------------------+ 
     |          Instance           |     Arc     |  Cell   | Delay | Arrival | Required | 
     |                             |             |         |       |  Time   |   Time   | 
     |-----------------------------+-------------+---------+-------+---------+----------| 
     | core/req_meta_q_reg[38]     | CK ^        |         |       |   0.002 |   -0.033 | 
     | core/req_meta_q_reg[38]     | CK ^ -> Q v | DFFQXL  | 0.049 |   0.051 |    0.016 | 
     | core/FE_PHC92_req_meta_q_38 | A v -> Y v  | DLY1X1  | 0.041 |   0.091 |    0.057 | 
     | core/req_sync_q_reg[38]     | D v         | DFFHQX1 | 0.000 |   0.091 |    0.057 | 
     +----------------------------------------------------------------------------------+ 
Path 21: MET Hold Check with Pin core/req_sync_q_reg[2]/CK 
Endpoint:   core/req_sync_q_reg[2]/D (v) checked with  leading edge of 'clk'
Beginpoint: core/req_meta_q_reg[2]/Q (v) triggered by  leading edge of 'clk'
Path Groups: {clk}
Analysis View: hold_view
Other End Arrival Time          0.032
+ Hold                          0.002
+ Phase Shift                   0.000
+ Uncertainty                   0.020
= Required Time                 0.054
  Arrival Time                  0.089
  Slack Time                    0.035
     Clock Rise Edge                 0.000
     + Clock Network Latency (Prop)  -0.000
     = Beginpoint Arrival Time       -0.000
     +----------------------------------------------------------------------------------+ 
     |          Instance           |     Arc     |  Cell   | Delay | Arrival | Required | 
     |                             |             |         |       |  Time   |   Time   | 
     |-----------------------------+-------------+---------+-------+---------+----------| 
     | core/req_meta_q_reg[2]      | CK ^        |         |       |  -0.000 |   -0.035 | 
     | core/req_meta_q_reg[2]      | CK ^ -> Q v | DFFQXL  | 0.048 |   0.048 |    0.013 | 
     | core/FE_PHC113_req_meta_q_2 | A v -> Y v  | DLY1X1  | 0.041 |   0.089 |    0.054 | 
     | core/req_sync_q_reg[2]      | D v         | DFFHQX1 | 0.000 |   0.089 |    0.054 | 
     +----------------------------------------------------------------------------------+ 
Path 22: MET Hold Check with Pin core/req_sync_q_reg[11]/CK 
Endpoint:   core/req_sync_q_reg[11]/D (v) checked with  leading edge of 'clk'
Beginpoint: core/req_meta_q_reg[11]/Q (v) triggered by  leading edge of 'clk'
Path Groups: {clk}
Analysis View: hold_view
Other End Arrival Time          0.033
+ Hold                          0.004
+ Phase Shift                   0.000
+ Uncertainty                   0.020
= Required Time                 0.056
  Arrival Time                  0.091
  Slack Time                    0.035
     Clock Rise Edge                 0.000
     + Clock Network Latency (Prop)  -0.000
     = Beginpoint Arrival Time       -0.000
     +-----------------------------------------------------------------------------------+ 
     |          Instance           |     Arc     |   Cell   | Delay | Arrival | Required | 
     |                             |             |          |       |  Time   |   Time   | 
     |-----------------------------+-------------+----------+-------+---------+----------| 
     | core/req_meta_q_reg[11]     | CK ^        |          |       |  -0.000 |   -0.035 | 
     | core/req_meta_q_reg[11]     | CK ^ -> Q v | DFFQXL   | 0.063 |   0.063 |    0.028 | 
     | core/FE_PHC84_req_meta_q_11 | A v -> Y v  | CLKBUFX2 | 0.028 |   0.091 |    0.056 | 
     | core/req_sync_q_reg[11]     | D v         | DFFHQX1  | 0.000 |   0.091 |    0.056 | 
     +-----------------------------------------------------------------------------------+ 
Path 23: MET Hold Check with Pin core/req_sync_q_reg[41]/CK 
Endpoint:   core/req_sync_q_reg[41]/D (v) checked with  leading edge of 'clk'
Beginpoint: core/req_meta_q_reg[41]/Q (v) triggered by  leading edge of 'clk'
Path Groups: {clk}
Analysis View: hold_view
Other End Arrival Time          0.032
+ Hold                          0.002
+ Phase Shift                   0.000
+ Uncertainty                   0.020
= Required Time                 0.054
  Arrival Time                  0.089
  Slack Time                    0.035
     Clock Rise Edge                 0.000
     + Clock Network Latency (Prop)  -0.000
     = Beginpoint Arrival Time       -0.000
     +-----------------------------------------------------------------------------------+ 
     |           Instance           |     Arc     |  Cell   | Delay | Arrival | Required | 
     |                              |             |         |       |  Time   |   Time   | 
     |------------------------------+-------------+---------+-------+---------+----------| 
     | core/req_meta_q_reg[41]      | CK ^        |         |       |  -0.000 |   -0.035 | 
     | core/req_meta_q_reg[41]      | CK ^ -> Q v | DFFQXL  | 0.049 |   0.049 |    0.014 | 
     | core/FE_PHC105_req_meta_q_41 | A v -> Y v  | DLY1X1  | 0.040 |   0.089 |    0.054 | 
     | core/req_sync_q_reg[41]      | D v         | DFFHQX1 | 0.000 |   0.089 |    0.054 | 
     +-----------------------------------------------------------------------------------+ 
Path 24: MET Hold Check with Pin core/req_sync_q_reg[34]/CK 
Endpoint:   core/req_sync_q_reg[34]/D (v) checked with  leading edge of 'clk'
Beginpoint: core/req_meta_q_reg[34]/Q (v) triggered by  leading edge of 'clk'
Path Groups: {clk}
Analysis View: hold_view
Other End Arrival Time          0.033
+ Hold                          0.002
+ Phase Shift                   0.000
+ Uncertainty                   0.020
= Required Time                 0.055
  Arrival Time                  0.090
  Slack Time                    0.035
     Clock Rise Edge                 0.000
     + Clock Network Latency (Prop)  0.002
     = Beginpoint Arrival Time       0.002
     +-----------------------------------------------------------------------------------+ 
     |           Instance           |     Arc     |  Cell   | Delay | Arrival | Required | 
     |                              |             |         |       |  Time   |   Time   | 
     |------------------------------+-------------+---------+-------+---------+----------| 
     | core/req_meta_q_reg[34]      | CK ^        |         |       |   0.002 |   -0.034 | 
     | core/req_meta_q_reg[34]      | CK ^ -> Q v | DFFQXL  | 0.047 |   0.049 |    0.013 | 
     | core/FE_PHC124_req_meta_q_34 | A v -> Y v  | DLY1X1  | 0.042 |   0.090 |    0.055 | 
     | core/req_sync_q_reg[34]      | D v         | DFFHQX1 | 0.000 |   0.090 |    0.055 | 
     +-----------------------------------------------------------------------------------+ 
Path 25: MET Hold Check with Pin core/req_sync_q_reg[20]/CK 
Endpoint:   core/req_sync_q_reg[20]/D (v) checked with  leading edge of 'clk'
Beginpoint: core/req_meta_q_reg[20]/Q (v) triggered by  leading edge of 'clk'
Path Groups: {clk}
Analysis View: hold_view
Other End Arrival Time          0.035
+ Hold                          0.003
+ Phase Shift                   0.000
+ Uncertainty                   0.020
= Required Time                 0.058
  Arrival Time                  0.094
  Slack Time                    0.036
     Clock Rise Edge                 0.000
     + Clock Network Latency (Prop)  -0.000
     = Beginpoint Arrival Time       -0.000
     +-----------------------------------------------------------------------------------+ 
     |           Instance           |     Arc     |  Cell   | Delay | Arrival | Required | 
     |                              |             |         |       |  Time   |   Time   | 
     |------------------------------+-------------+---------+-------+---------+----------| 
     | core/req_meta_q_reg[20]      | CK ^        |         |       |  -0.000 |   -0.036 | 
     | core/req_meta_q_reg[20]      | CK ^ -> Q v | DFFHQX1 | 0.054 |   0.054 |    0.018 | 
     | core/FE_PHC103_req_meta_q_20 | A v -> Y v  | DLY1X1  | 0.040 |   0.094 |    0.058 | 
     | core/req_sync_q_reg[20]      | D v         | DFFHQX1 | 0.000 |   0.094 |    0.058 | 
     +-----------------------------------------------------------------------------------+ 
Path 26: MET Hold Check with Pin core/req_sync_q_reg[0]/CK 
Endpoint:   core/req_sync_q_reg[0]/D (v) checked with  leading edge of 'clk'
Beginpoint: core/req_meta_q_reg[0]/Q (v) triggered by  leading edge of 'clk'
Path Groups: {clk}
Analysis View: hold_view
Other End Arrival Time          0.032
+ Hold                          0.003
+ Phase Shift                   0.000
+ Uncertainty                   0.020
= Required Time                 0.054
  Arrival Time                  0.090
  Slack Time                    0.036
     Clock Rise Edge                 0.000
     + Clock Network Latency (Prop)  -0.000
     = Beginpoint Arrival Time       -0.000
     +---------------------------------------------------------------------------------+ 
     |          Instance          |     Arc     |  Cell   | Delay | Arrival | Required | 
     |                            |             |         |       |  Time   |   Time   | 
     |----------------------------+-------------+---------+-------+---------+----------| 
     | core/req_meta_q_reg[0]     | CK ^        |         |       |  -0.000 |   -0.036 | 
     | core/req_meta_q_reg[0]     | CK ^ -> Q v | DFFQXL  | 0.050 |   0.050 |    0.014 | 
     | core/FE_PHC96_req_meta_q_0 | A v -> Y v  | DLY1X1  | 0.040 |   0.090 |    0.054 | 
     | core/req_sync_q_reg[0]     | D v         | DFFHQX1 | 0.000 |   0.090 |    0.054 | 
     +---------------------------------------------------------------------------------+ 
Path 27: MET Hold Check with Pin core/req_sync_q_reg[44]/CK 
Endpoint:   core/req_sync_q_reg[44]/D (v) checked with  leading edge of 'clk'
Beginpoint: core/req_meta_q_reg[44]/Q (v) triggered by  leading edge of 'clk'
Path Groups: {clk}
Analysis View: hold_view
Other End Arrival Time          0.035
+ Hold                          0.004
+ Phase Shift                   0.000
+ Uncertainty                   0.020
= Required Time                 0.058
  Arrival Time                  0.094
  Slack Time                    0.036
     Clock Rise Edge                 0.000
     + Clock Network Latency (Prop)  0.000
     = Beginpoint Arrival Time       0.000
     +----------------------------------------------------------------------------------+ 
     |          Instance           |     Arc     |  Cell   | Delay | Arrival | Required | 
     |                             |             |         |       |  Time   |   Time   | 
     |-----------------------------+-------------+---------+-------+---------+----------| 
     | core/req_meta_q_reg[44]     | CK ^        |         |       |   0.000 |   -0.035 | 
     | core/req_meta_q_reg[44]     | CK ^ -> Q v | DFFQXL  | 0.052 |   0.052 |    0.016 | 
     | core/FE_PHC87_req_meta_q_44 | A v -> Y v  | DLY1X1  | 0.042 |   0.094 |    0.058 | 
     | core/req_sync_q_reg[44]     | D v         | DFFHQX1 | 0.000 |   0.094 |    0.058 | 
     +----------------------------------------------------------------------------------+ 
Path 28: MET Hold Check with Pin core/req_sync_q_reg[13]/CK 
Endpoint:   core/req_sync_q_reg[13]/D (v) checked with  leading edge of 'clk'
Beginpoint: core/req_meta_q_reg[13]/Q (v) triggered by  leading edge of 'clk'
Path Groups: {clk}
Analysis View: hold_view
Other End Arrival Time          0.033
+ Hold                          0.003
+ Phase Shift                   0.000
+ Uncertainty                   0.020
= Required Time                 0.056
  Arrival Time                  0.092
  Slack Time                    0.036
     Clock Rise Edge                 0.000
     + Clock Network Latency (Prop)  -0.000
     = Beginpoint Arrival Time       -0.000
     +-----------------------------------------------------------------------------------+ 
     |           Instance           |     Arc     |  Cell   | Delay | Arrival | Required | 
     |                              |             |         |       |  Time   |   Time   | 
     |------------------------------+-------------+---------+-------+---------+----------| 
     | core/req_meta_q_reg[13]      | CK ^        |         |       |  -0.000 |   -0.036 | 
     | core/req_meta_q_reg[13]      | CK ^ -> Q v | DFFHQX1 | 0.052 |   0.052 |    0.015 | 
     | core/FE_PHC123_req_meta_q_13 | A v -> Y v  | DLY1X1  | 0.041 |   0.092 |    0.056 | 
     | core/req_sync_q_reg[13]      | D v         | DFFHQX1 | 0.000 |   0.092 |    0.056 | 
     +-----------------------------------------------------------------------------------+ 
Path 29: MET Hold Check with Pin core/req_sync_q_reg[48]/CK 
Endpoint:   core/req_sync_q_reg[48]/D (v) checked with  leading edge of 'clk'
Beginpoint: core/req_meta_q_reg[48]/Q (v) triggered by  leading edge of 'clk'
Path Groups: {clk}
Analysis View: hold_view
Other End Arrival Time          0.033
+ Hold                          0.003
+ Phase Shift                   0.000
+ Uncertainty                   0.020
= Required Time                 0.056
  Arrival Time                  0.092
  Slack Time                    0.036
     Clock Rise Edge                 0.000
     + Clock Network Latency (Prop)  0.000
     = Beginpoint Arrival Time       0.000
     +-----------------------------------------------------------------------------------+ 
     |           Instance           |     Arc     |  Cell   | Delay | Arrival | Required | 
     |                              |             |         |       |  Time   |   Time   | 
     |------------------------------+-------------+---------+-------+---------+----------| 
     | core/req_meta_q_reg[48]      | CK ^        |         |       |   0.000 |   -0.036 | 
     | core/req_meta_q_reg[48]      | CK ^ -> Q v | DFFQXL  | 0.050 |   0.050 |    0.014 | 
     | core/FE_PHC107_req_meta_q_48 | A v -> Y v  | DLY1X1  | 0.041 |   0.092 |    0.056 | 
     | core/req_sync_q_reg[48]      | D v         | DFFHQX1 | 0.000 |   0.092 |    0.056 | 
     +-----------------------------------------------------------------------------------+ 
Path 30: MET Hold Check with Pin core/req_sync_q_reg[40]/CK 
Endpoint:   core/req_sync_q_reg[40]/D (v) checked with  leading edge of 'clk'
Beginpoint: core/req_meta_q_reg[40]/Q (v) triggered by  leading edge of 'clk'
Path Groups: {clk}
Analysis View: hold_view
Other End Arrival Time          0.035
+ Hold                          0.004
+ Phase Shift                   0.000
+ Uncertainty                   0.020
= Required Time                 0.058
  Arrival Time                  0.094
  Slack Time                    0.036
     Clock Rise Edge                 0.000
     + Clock Network Latency (Prop)  0.002
     = Beginpoint Arrival Time       0.002
     +----------------------------------------------------------------------------------+ 
     |          Instance           |     Arc     |  Cell   | Delay | Arrival | Required | 
     |                             |             |         |       |  Time   |   Time   | 
     |-----------------------------+-------------+---------+-------+---------+----------| 
     | core/req_meta_q_reg[40]     | CK ^        |         |       |   0.002 |   -0.034 | 
     | core/req_meta_q_reg[40]     | CK ^ -> Q v | DFFQXL  | 0.051 |   0.053 |    0.016 | 
     | core/FE_PHC98_req_meta_q_40 | A v -> Y v  | DLY1X1  | 0.042 |   0.094 |    0.058 | 
     | core/req_sync_q_reg[40]     | D v         | DFFHQX1 | 0.000 |   0.094 |    0.058 | 
     +----------------------------------------------------------------------------------+ 
Path 31: MET Hold Check with Pin core/req_sync_q_reg[28]/CK 
Endpoint:   core/req_sync_q_reg[28]/D (v) checked with  leading edge of 'clk'
Beginpoint: core/req_meta_q_reg[28]/Q (v) triggered by  leading edge of 'clk'
Path Groups: {clk}
Analysis View: hold_view
Other End Arrival Time          0.035
+ Hold                          0.004
+ Phase Shift                   0.000
+ Uncertainty                   0.020
= Required Time                 0.058
  Arrival Time                  0.095
  Slack Time                    0.037
     Clock Rise Edge                 0.000
     + Clock Network Latency (Prop)  0.002
     = Beginpoint Arrival Time       0.002
     +----------------------------------------------------------------------------------+ 
     |          Instance           |     Arc     |  Cell   | Delay | Arrival | Required | 
     |                             |             |         |       |  Time   |   Time   | 
     |-----------------------------+-------------+---------+-------+---------+----------| 
     | core/req_meta_q_reg[28]     | CK ^        |         |       |   0.002 |   -0.035 | 
     | core/req_meta_q_reg[28]     | CK ^ -> Q v | DFFQXL  | 0.052 |   0.053 |    0.017 | 
     | core/FE_PHC89_req_meta_q_28 | A v -> Y v  | DLY1X1  | 0.042 |   0.095 |    0.058 | 
     | core/req_sync_q_reg[28]     | D v         | DFFHQX1 | 0.000 |   0.095 |    0.058 | 
     +----------------------------------------------------------------------------------+ 
Path 32: MET Hold Check with Pin core/req_sync_q_reg[19]/CK 
Endpoint:   core/req_sync_q_reg[19]/D (v) checked with  leading edge of 'clk'
Beginpoint: core/req_meta_q_reg[19]/Q (v) triggered by  leading edge of 'clk'
Path Groups: {clk}
Analysis View: hold_view
Other End Arrival Time          0.035
+ Hold                          0.004
+ Phase Shift                   0.000
+ Uncertainty                   0.020
= Required Time                 0.059
  Arrival Time                  0.096
  Slack Time                    0.037
     Clock Rise Edge                 0.000
     + Clock Network Latency (Prop)  -0.000
     = Beginpoint Arrival Time       -0.000
     +------------------------------------------------------------------------------------+ 
     |           Instance           |     Arc     |   Cell   | Delay | Arrival | Required | 
     |                              |             |          |       |  Time   |   Time   | 
     |------------------------------+-------------+----------+-------+---------+----------| 
     | core/req_meta_q_reg[19]      | CK ^        |          |       |  -0.000 |   -0.037 | 
     | core/req_meta_q_reg[19]      | CK ^ -> Q v | DFFQXL   | 0.050 |   0.050 |    0.013 | 
     | core/FE_PHC78_req_meta_q_19  | A v -> Y v  | CLKBUFX2 | 0.023 |   0.073 |    0.036 | 
     | core/FE_PHC136_req_meta_q_19 | A v -> Y v  | CLKBUFX2 | 0.023 |   0.096 |    0.059 | 
     | core/req_sync_q_reg[19]      | D v         | DFFHQX1  | 0.000 |   0.096 |    0.059 | 
     +------------------------------------------------------------------------------------+ 
Path 33: MET Hold Check with Pin core/req_sync_q_reg[27]/CK 
Endpoint:   core/req_sync_q_reg[27]/D (v) checked with  leading edge of 'clk'
Beginpoint: core/req_meta_q_reg[27]/Q (v) triggered by  leading edge of 'clk'
Path Groups: {clk}
Analysis View: hold_view
Other End Arrival Time          0.035
+ Hold                          0.004
+ Phase Shift                   0.000
+ Uncertainty                   0.020
= Required Time                 0.059
  Arrival Time                  0.096
  Slack Time                    0.037
     Clock Rise Edge                 0.000
     + Clock Network Latency (Prop)  0.002
     = Beginpoint Arrival Time       0.002
     +----------------------------------------------------------------------------------+ 
     |          Instance           |     Arc     |  Cell   | Delay | Arrival | Required | 
     |                             |             |         |       |  Time   |   Time   | 
     |-----------------------------+-------------+---------+-------+---------+----------| 
     | core/req_meta_q_reg[27]     | CK ^        |         |       |   0.002 |   -0.035 | 
     | core/req_meta_q_reg[27]     | CK ^ -> Q v | DFFHQX1 | 0.054 |   0.056 |    0.019 | 
     | core/FE_PHC97_req_meta_q_27 | A v -> Y v  | DLY1X1  | 0.040 |   0.096 |    0.059 | 
     | core/req_sync_q_reg[27]     | D v         | DFFHQX1 | 0.000 |   0.096 |    0.059 | 
     +----------------------------------------------------------------------------------+ 
Path 34: MET Hold Check with Pin core/req_sync_q_reg[32]/CK 
Endpoint:   core/req_sync_q_reg[32]/D (v) checked with  leading edge of 'clk'
Beginpoint: core/req_meta_q_reg[32]/Q (v) triggered by  leading edge of 'clk'
Path Groups: {clk}
Analysis View: hold_view
Other End Arrival Time          0.033
+ Hold                          0.003
+ Phase Shift                   0.000
+ Uncertainty                   0.020
= Required Time                 0.056
  Arrival Time                  0.093
  Slack Time                    0.037
     Clock Rise Edge                 0.000
     + Clock Network Latency (Prop)  0.002
     = Beginpoint Arrival Time       0.002
     +----------------------------------------------------------------------------------+ 
     |          Instance           |     Arc     |  Cell   | Delay | Arrival | Required | 
     |                             |             |         |       |  Time   |   Time   | 
     |-----------------------------+-------------+---------+-------+---------+----------| 
     | core/req_meta_q_reg[32]     | CK ^        |         |       |   0.002 |   -0.035 | 
     | core/req_meta_q_reg[32]     | CK ^ -> Q v | DFFQXL  | 0.050 |   0.051 |    0.015 | 
     | core/FE_PHC95_req_meta_q_32 | A v -> Y v  | DLY1X1  | 0.041 |   0.093 |    0.056 | 
     | core/req_sync_q_reg[32]     | D v         | DFFHQX1 | 0.000 |   0.093 |    0.056 | 
     +----------------------------------------------------------------------------------+ 
Path 35: MET Hold Check with Pin core/req_sync_q_reg[7]/CK 
Endpoint:   core/req_sync_q_reg[7]/D (v) checked with  leading edge of 'clk'
Beginpoint: core/req_meta_q_reg[7]/Q (v) triggered by  leading edge of 'clk'
Path Groups: {clk}
Analysis View: hold_view
Other End Arrival Time          0.031
+ Hold                          0.004
+ Phase Shift                   0.000
+ Uncertainty                   0.020
= Required Time                 0.055
  Arrival Time                  0.092
  Slack Time                    0.037
     Clock Rise Edge                 0.000
     + Clock Network Latency (Prop)  -0.000
     = Beginpoint Arrival Time       -0.000
     +-----------------------------------------------------------------------------------+ 
     |          Instance           |     Arc     |   Cell   | Delay | Arrival | Required | 
     |                             |             |          |       |  Time   |   Time   | 
     |-----------------------------+-------------+----------+-------+---------+----------| 
     | core/req_meta_q_reg[7]      | CK ^        |          |       |  -0.000 |   -0.037 | 
     | core/req_meta_q_reg[7]      | CK ^ -> Q v | DFFQXL   | 0.063 |   0.063 |    0.026 | 
     | core/FE_PHC138_req_meta_q_7 | A v -> Y v  | CLKBUFX2 | 0.029 |   0.092 |    0.055 | 
     | core/req_sync_q_reg[7]      | D v         | DFFHQX1  | 0.000 |   0.092 |    0.055 | 
     +-----------------------------------------------------------------------------------+ 
Path 36: MET Hold Check with Pin core/req_sync_q_reg[39]/CK 
Endpoint:   core/req_sync_q_reg[39]/D (v) checked with  leading edge of 'clk'
Beginpoint: core/req_meta_q_reg[39]/Q (v) triggered by  leading edge of 'clk'
Path Groups: {clk}
Analysis View: hold_view
Other End Arrival Time          0.035
+ Hold                          0.004
+ Phase Shift                   0.000
+ Uncertainty                   0.020
= Required Time                 0.058
  Arrival Time                  0.095
  Slack Time                    0.037
     Clock Rise Edge                 0.000
     + Clock Network Latency (Prop)  0.002
     = Beginpoint Arrival Time       0.002
     +----------------------------------------------------------------------------------+ 
     |          Instance           |     Arc     |  Cell   | Delay | Arrival | Required | 
     |                             |             |         |       |  Time   |   Time   | 
     |-----------------------------+-------------+---------+-------+---------+----------| 
     | core/req_meta_q_reg[39]     | CK ^        |         |       |   0.002 |   -0.035 | 
     | core/req_meta_q_reg[39]     | CK ^ -> Q v | DFFQXL  | 0.052 |   0.053 |    0.017 | 
     | core/FE_PHC90_req_meta_q_39 | A v -> Y v  | DLY1X1  | 0.042 |   0.095 |    0.058 | 
     | core/req_sync_q_reg[39]     | D v         | DFFHQX1 | 0.000 |   0.095 |    0.058 | 
     +----------------------------------------------------------------------------------+ 
Path 37: MET Hold Check with Pin core/req_sync_q_reg[58]/CK 
Endpoint:   core/req_sync_q_reg[58]/D (v) checked with  leading edge of 'clk'
Beginpoint: core/req_meta_q_reg[58]/Q (v) triggered by  leading edge of 'clk'
Path Groups: {clk}
Analysis View: hold_view
Other End Arrival Time          0.033
+ Hold                          0.003
+ Phase Shift                   0.000
+ Uncertainty                   0.020
= Required Time                 0.056
  Arrival Time                  0.093
  Slack Time                    0.037
     Clock Rise Edge                 0.000
     + Clock Network Latency (Prop)  0.000
     = Beginpoint Arrival Time       0.000
     +-----------------------------------------------------------------------------------+ 
     |           Instance           |     Arc     |  Cell   | Delay | Arrival | Required | 
     |                              |             |         |       |  Time   |   Time   | 
     |------------------------------+-------------+---------+-------+---------+----------| 
     | core/req_meta_q_reg[58]      | CK ^        |         |       |   0.000 |   -0.037 | 
     | core/req_meta_q_reg[58]      | CK ^ -> Q v | DFFQXL  | 0.051 |   0.052 |    0.014 | 
     | core/FE_PHC102_req_meta_q_58 | A v -> Y v  | DLY1X1  | 0.042 |   0.093 |    0.056 | 
     | core/req_sync_q_reg[58]      | D v         | DFFHQX1 | 0.000 |   0.093 |    0.056 | 
     +-----------------------------------------------------------------------------------+ 
Path 38: MET Hold Check with Pin core/req_sync_q_reg[35]/CK 
Endpoint:   core/req_sync_q_reg[35]/D (v) checked with  leading edge of 'clk'
Beginpoint: core/req_meta_q_reg[35]/Q (v) triggered by  leading edge of 'clk'
Path Groups: {clk}
Analysis View: hold_view
Other End Arrival Time          0.033
+ Hold                          0.003
+ Phase Shift                   0.000
+ Uncertainty                   0.020
= Required Time                 0.056
  Arrival Time                  0.093
  Slack Time                    0.037
     Clock Rise Edge                 0.000
     + Clock Network Latency (Prop)  0.002
     = Beginpoint Arrival Time       0.002
     +-----------------------------------------------------------------------------------+ 
     |           Instance           |     Arc     |  Cell   | Delay | Arrival | Required | 
     |                              |             |         |       |  Time   |   Time   | 
     |------------------------------+-------------+---------+-------+---------+----------| 
     | core/req_meta_q_reg[35]      | CK ^        |         |       |   0.002 |   -0.036 | 
     | core/req_meta_q_reg[35]      | CK ^ -> Q v | DFFQXL  | 0.051 |   0.053 |    0.015 | 
     | core/FE_PHC101_req_meta_q_35 | A v -> Y v  | DLY1X1  | 0.040 |   0.093 |    0.056 | 
     | core/req_sync_q_reg[35]      | D v         | DFFHQX1 | 0.000 |   0.093 |    0.056 | 
     +-----------------------------------------------------------------------------------+ 
Path 39: MET Hold Check with Pin core/req_sync_q_reg[62]/CK 
Endpoint:   core/req_sync_q_reg[62]/D (v) checked with  leading edge of 'clk'
Beginpoint: core/req_meta_q_reg[62]/Q (v) triggered by  leading edge of 'clk'
Path Groups: {clk}
Analysis View: hold_view
Other End Arrival Time          0.031
+ Hold                          0.004
+ Phase Shift                   0.000
+ Uncertainty                   0.020
= Required Time                 0.055
  Arrival Time                  0.093
  Slack Time                    0.038
     Clock Rise Edge                 0.000
     + Clock Network Latency (Prop)  0.000
     = Beginpoint Arrival Time       0.000
     +-----------------------------------------------------------------------------------+ 
     |           Instance           |     Arc     |  Cell   | Delay | Arrival | Required | 
     |                              |             |         |       |  Time   |   Time   | 
     |------------------------------+-------------+---------+-------+---------+----------| 
     | core/req_meta_q_reg[62]      | CK ^        |         |       |   0.000 |   -0.038 | 
     | core/req_meta_q_reg[62]      | CK ^ -> Q v | DFFHQX1 | 0.054 |   0.054 |    0.016 | 
     | core/FE_PHC122_req_meta_q_62 | A v -> Y v  | DLY1X1  | 0.039 |   0.093 |    0.055 | 
     | core/req_sync_q_reg[62]      | D v         | DFFHQX1 | 0.000 |   0.093 |    0.055 | 
     +-----------------------------------------------------------------------------------+ 
Path 40: MET Hold Check with Pin core/req_sync_q_reg[54]/CK 
Endpoint:   core/req_sync_q_reg[54]/D (v) checked with  leading edge of 'clk'
Beginpoint: core/req_meta_q_reg[54]/Q (v) triggered by  leading edge of 'clk'
Path Groups: {clk}
Analysis View: hold_view
Other End Arrival Time          0.033
+ Hold                          0.003
+ Phase Shift                   0.000
+ Uncertainty                   0.020
= Required Time                 0.056
  Arrival Time                  0.093
  Slack Time                    0.038
     Clock Rise Edge                 0.000
     + Clock Network Latency (Prop)  0.000
     = Beginpoint Arrival Time       0.000
     +-----------------------------------------------------------------------------------+ 
     |           Instance           |     Arc     |  Cell   | Delay | Arrival | Required | 
     |                              |             |         |       |  Time   |   Time   | 
     |------------------------------+-------------+---------+-------+---------+----------| 
     | core/req_meta_q_reg[54]      | CK ^        |         |       |   0.000 |   -0.037 | 
     | core/req_meta_q_reg[54]      | CK ^ -> Q v | DFFQXL  | 0.050 |   0.050 |    0.013 | 
     | core/FE_PHC110_req_meta_q_54 | A v -> Y v  | DLY1X1  | 0.043 |   0.093 |    0.056 | 
     | core/req_sync_q_reg[54]      | D v         | DFFHQX1 | 0.000 |   0.093 |    0.056 | 
     +-----------------------------------------------------------------------------------+ 
Path 41: MET Hold Check with Pin core/req_sync_q_reg[26]/CK 
Endpoint:   core/req_sync_q_reg[26]/D (v) checked with  leading edge of 'clk'
Beginpoint: core/req_meta_q_reg[26]/Q (v) triggered by  leading edge of 'clk'
Path Groups: {clk}
Analysis View: hold_view
Other End Arrival Time          0.033
+ Hold                          0.002
+ Phase Shift                   0.000
+ Uncertainty                   0.020
= Required Time                 0.055
  Arrival Time                  0.093
  Slack Time                    0.038
     Clock Rise Edge                 0.000
     + Clock Network Latency (Prop)  0.002
     = Beginpoint Arrival Time       0.002
     +-----------------------------------------------------------------------------------+ 
     |           Instance           |     Arc     |  Cell   | Delay | Arrival | Required | 
     |                              |             |         |       |  Time   |   Time   | 
     |------------------------------+-------------+---------+-------+---------+----------| 
     | core/req_meta_q_reg[26]      | CK ^        |         |       |   0.002 |   -0.036 | 
     | core/req_meta_q_reg[26]      | CK ^ -> Q v | DFFQXL  | 0.049 |   0.050 |    0.012 | 
     | core/FE_PHC127_req_meta_q_26 | A v -> Y v  | DLY1X1  | 0.043 |   0.093 |    0.055 | 
     | core/req_sync_q_reg[26]      | D v         | DFFHQX1 | 0.000 |   0.093 |    0.055 | 
     +-----------------------------------------------------------------------------------+ 
Path 42: MET Hold Check with Pin core/req_sync_q_reg[29]/CK 
Endpoint:   core/req_sync_q_reg[29]/D (v) checked with  leading edge of 'clk'
Beginpoint: core/req_meta_q_reg[29]/Q (v) triggered by  leading edge of 'clk'
Path Groups: {clk}
Analysis View: hold_view
Other End Arrival Time          0.035
+ Hold                          0.004
+ Phase Shift                   0.000
+ Uncertainty                   0.020
= Required Time                 0.058
  Arrival Time                  0.096
  Slack Time                    0.038
     Clock Rise Edge                 0.000
     + Clock Network Latency (Prop)  0.002
     = Beginpoint Arrival Time       0.002
     +-----------------------------------------------------------------------------------+ 
     |           Instance           |     Arc     |  Cell   | Delay | Arrival | Required | 
     |                              |             |         |       |  Time   |   Time   | 
     |------------------------------+-------------+---------+-------+---------+----------| 
     | core/req_meta_q_reg[29]      | CK ^        |         |       |   0.002 |   -0.036 | 
     | core/req_meta_q_reg[29]      | CK ^ -> Q v | DFFHQX1 | 0.054 |   0.056 |    0.018 | 
     | core/FE_PHC115_req_meta_q_29 | A v -> Y v  | DLY1X1  | 0.041 |   0.096 |    0.058 | 
     | core/req_sync_q_reg[29]      | D v         | DFFHQX1 | 0.000 |   0.096 |    0.058 | 
     +-----------------------------------------------------------------------------------+ 
Path 43: MET Hold Check with Pin core/req_sync_q_reg[53]/CK 
Endpoint:   core/req_sync_q_reg[53]/D (v) checked with  leading edge of 'clk'
Beginpoint: core/req_meta_q_reg[53]/Q (v) triggered by  leading edge of 'clk'
Path Groups: {clk}
Analysis View: hold_view
Other End Arrival Time          0.033
+ Hold                          0.003
+ Phase Shift                   0.000
+ Uncertainty                   0.020
= Required Time                 0.055
  Arrival Time                  0.093
  Slack Time                    0.038
     Clock Rise Edge                 0.000
     + Clock Network Latency (Prop)  0.000
     = Beginpoint Arrival Time       0.000
     +-----------------------------------------------------------------------------------+ 
     |           Instance           |     Arc     |  Cell   | Delay | Arrival | Required | 
     |                              |             |         |       |  Time   |   Time   | 
     |------------------------------+-------------+---------+-------+---------+----------| 
     | core/req_meta_q_reg[53]      | CK ^        |         |       |   0.000 |   -0.038 | 
     | core/req_meta_q_reg[53]      | CK ^ -> Q v | DFFQXL  | 0.049 |   0.049 |    0.011 | 
     | core/FE_PHC132_req_meta_q_53 | A v -> Y v  | DLY1X1  | 0.044 |   0.093 |    0.055 | 
     | core/req_sync_q_reg[53]      | D v         | DFFHQX1 | 0.000 |   0.093 |    0.055 | 
     +-----------------------------------------------------------------------------------+ 
Path 44: MET Hold Check with Pin core/req_sync_q_reg[57]/CK 
Endpoint:   core/req_sync_q_reg[57]/D (v) checked with  leading edge of 'clk'
Beginpoint: core/req_meta_q_reg[57]/Q (v) triggered by  leading edge of 'clk'
Path Groups: {clk}
Analysis View: hold_view
Other End Arrival Time          0.031
+ Hold                          0.003
+ Phase Shift                   0.000
+ Uncertainty                   0.020
= Required Time                 0.055
  Arrival Time                  0.093
  Slack Time                    0.038
     Clock Rise Edge                 0.000
     + Clock Network Latency (Prop)  0.000
     = Beginpoint Arrival Time       0.000
     +-----------------------------------------------------------------------------------+ 
     |           Instance           |     Arc     |  Cell   | Delay | Arrival | Required | 
     |                              |             |         |       |  Time   |   Time   | 
     |------------------------------+-------------+---------+-------+---------+----------| 
     | core/req_meta_q_reg[57]      | CK ^        |         |       |   0.000 |   -0.038 | 
     | core/req_meta_q_reg[57]      | CK ^ -> Q v | DFFQXL  | 0.050 |   0.050 |    0.012 | 
     | core/FE_PHC126_req_meta_q_57 | A v -> Y v  | DLY1X1  | 0.043 |   0.093 |    0.055 | 
     | core/req_sync_q_reg[57]      | D v         | DFFHQX1 | 0.000 |   0.093 |    0.055 | 
     +-----------------------------------------------------------------------------------+ 
Path 45: MET Hold Check with Pin core/req_sync_q_reg[5]/CK 
Endpoint:   core/req_sync_q_reg[5]/D (v) checked with  leading edge of 'clk'
Beginpoint: core/req_meta_q_reg[5]/Q (v) triggered by  leading edge of 'clk'
Path Groups: {clk}
Analysis View: hold_view
Other End Arrival Time          0.032
+ Hold                          0.002
+ Phase Shift                   0.000
+ Uncertainty                   0.020
= Required Time                 0.054
  Arrival Time                  0.092
  Slack Time                    0.038
     Clock Rise Edge                 0.000
     + Clock Network Latency (Prop)  -0.000
     = Beginpoint Arrival Time       -0.000
     +----------------------------------------------------------------------------------+ 
     |          Instance           |     Arc     |  Cell   | Delay | Arrival | Required | 
     |                             |             |         |       |  Time   |   Time   | 
     |-----------------------------+-------------+---------+-------+---------+----------| 
     | core/req_meta_q_reg[5]      | CK ^        |         |       |  -0.000 |   -0.039 | 
     | core/req_meta_q_reg[5]      | CK ^ -> Q v | DFFQXL  | 0.050 |   0.050 |    0.011 | 
     | core/FE_PHC118_req_meta_q_5 | A v -> Y v  | DLY1X1  | 0.043 |   0.092 |    0.054 | 
     | core/req_sync_q_reg[5]      | D v         | DFFHQX1 | 0.000 |   0.092 |    0.054 | 
     +----------------------------------------------------------------------------------+ 
Path 46: MET Hold Check with Pin core/req_sync_q_reg[59]/CK 
Endpoint:   core/req_sync_q_reg[59]/D (v) checked with  leading edge of 'clk'
Beginpoint: core/req_meta_q_reg[59]/Q (v) triggered by  leading edge of 'clk'
Path Groups: {clk}
Analysis View: hold_view
Other End Arrival Time          0.031
+ Hold                          0.003
+ Phase Shift                   0.000
+ Uncertainty                   0.020
= Required Time                 0.055
  Arrival Time                  0.093
  Slack Time                    0.039
     Clock Rise Edge                 0.000
     + Clock Network Latency (Prop)  0.000
     = Beginpoint Arrival Time       0.000
     +-----------------------------------------------------------------------------------+ 
     |           Instance           |     Arc     |  Cell   | Delay | Arrival | Required | 
     |                              |             |         |       |  Time   |   Time   | 
     |------------------------------+-------------+---------+-------+---------+----------| 
     | core/req_meta_q_reg[59]      | CK ^        |         |       |   0.000 |   -0.038 | 
     | core/req_meta_q_reg[59]      | CK ^ -> Q v | DFFQXL  | 0.052 |   0.052 |    0.014 | 
     | core/FE_PHC121_req_meta_q_59 | A v -> Y v  | DLY1X1  | 0.041 |   0.093 |    0.055 | 
     | core/req_sync_q_reg[59]      | D v         | DFFHQX1 | 0.000 |   0.093 |    0.055 | 
     +-----------------------------------------------------------------------------------+ 
Path 47: MET Hold Check with Pin core/req_sync_q_reg[63]/CK 
Endpoint:   core/req_sync_q_reg[63]/D (v) checked with  leading edge of 'clk'
Beginpoint: core/req_meta_q_reg[63]/Q (v) triggered by  leading edge of 'clk'
Path Groups: {clk}
Analysis View: hold_view
Other End Arrival Time          0.031
+ Hold                          0.004
+ Phase Shift                   0.000
+ Uncertainty                   0.020
= Required Time                 0.055
  Arrival Time                  0.094
  Slack Time                    0.039
     Clock Rise Edge                 0.000
     + Clock Network Latency (Prop)  -0.000
     = Beginpoint Arrival Time       -0.000
     +-----------------------------------------------------------------------------------+ 
     |           Instance           |     Arc     |  Cell   | Delay | Arrival | Required | 
     |                              |             |         |       |  Time   |   Time   | 
     |------------------------------+-------------+---------+-------+---------+----------| 
     | core/req_meta_q_reg[63]      | CK ^        |         |       |  -0.000 |   -0.039 | 
     | core/req_meta_q_reg[63]      | CK ^ -> Q v | DFFQXL  | 0.052 |   0.052 |    0.014 | 
     | core/FE_PHC116_req_meta_q_63 | A v -> Y v  | DLY1X1  | 0.042 |   0.094 |    0.055 | 
     | core/req_sync_q_reg[63]      | D v         | DFFHQX1 | 0.000 |   0.094 |    0.055 | 
     +-----------------------------------------------------------------------------------+ 
Path 48: MET Hold Check with Pin core/req_sync_q_reg[4]/CK 
Endpoint:   core/req_sync_q_reg[4]/D (v) checked with  leading edge of 'clk'
Beginpoint: core/req_meta_q_reg[4]/Q (v) triggered by  leading edge of 'clk'
Path Groups: {clk}
Analysis View: hold_view
Other End Arrival Time          0.032
+ Hold                          0.003
+ Phase Shift                   0.000
+ Uncertainty                   0.020
= Required Time                 0.055
  Arrival Time                  0.093
  Slack Time                    0.039
     Clock Rise Edge                 0.000
     + Clock Network Latency (Prop)  -0.000
     = Beginpoint Arrival Time       -0.000
     +----------------------------------------------------------------------------------+ 
     |          Instance           |     Arc     |  Cell   | Delay | Arrival | Required | 
     |                             |             |         |       |  Time   |   Time   | 
     |-----------------------------+-------------+---------+-------+---------+----------| 
     | core/req_meta_q_reg[4]      | CK ^        |         |       |  -0.000 |   -0.039 | 
     | core/req_meta_q_reg[4]      | CK ^ -> Q v | DFFHQX1 | 0.054 |   0.053 |    0.015 | 
     | core/FE_PHC125_req_meta_q_4 | A v -> Y v  | DLY1X1  | 0.040 |   0.093 |    0.055 | 
     | core/req_sync_q_reg[4]      | D v         | DFFHQX1 | 0.000 |   0.093 |    0.055 | 
     +----------------------------------------------------------------------------------+ 
Path 49: MET Hold Check with Pin core/req_sync_q_reg[55]/CK 
Endpoint:   core/req_sync_q_reg[55]/D (v) checked with  leading edge of 'clk'
Beginpoint: core/req_meta_q_reg[55]/Q (v) triggered by  leading edge of 'clk'
Path Groups: {clk}
Analysis View: hold_view
Other End Arrival Time          0.033
+ Hold                          0.003
+ Phase Shift                   0.000
+ Uncertainty                   0.020
= Required Time                 0.055
  Arrival Time                  0.094
  Slack Time                    0.039
     Clock Rise Edge                 0.000
     + Clock Network Latency (Prop)  0.000
     = Beginpoint Arrival Time       0.000
     +-----------------------------------------------------------------------------------+ 
     |           Instance           |     Arc     |  Cell   | Delay | Arrival | Required | 
     |                              |             |         |       |  Time   |   Time   | 
     |------------------------------+-------------+---------+-------+---------+----------| 
     | core/req_meta_q_reg[55]      | CK ^        |         |       |   0.000 |   -0.038 | 
     | core/req_meta_q_reg[55]      | CK ^ -> Q v | DFFQXL  | 0.052 |   0.052 |    0.013 | 
     | core/FE_PHC137_req_meta_q_55 | A v -> Y v  | DLY1X1  | 0.042 |   0.094 |    0.055 | 
     | core/req_sync_q_reg[55]      | D v         | DFFHQX1 | 0.000 |   0.094 |    0.055 | 
     +-----------------------------------------------------------------------------------+ 
Path 50: MET Hold Check with Pin core/req_sync_q_reg[46]/CK 
Endpoint:   core/req_sync_q_reg[46]/D (v) checked with  leading edge of 'clk'
Beginpoint: core/req_meta_q_reg[46]/Q (v) triggered by  leading edge of 'clk'
Path Groups: {clk}
Analysis View: hold_view
Other End Arrival Time          0.033
+ Hold                          0.004
+ Phase Shift                   0.000
+ Uncertainty                   0.020
= Required Time                 0.057
  Arrival Time                  0.096
  Slack Time                    0.039
     Clock Rise Edge                 0.000
     + Clock Network Latency (Prop)  0.000
     = Beginpoint Arrival Time       0.000
     +-----------------------------------------------------------------------------------+ 
     |           Instance           |     Arc     |  Cell   | Delay | Arrival | Required | 
     |                              |             |         |       |  Time   |   Time   | 
     |------------------------------+-------------+---------+-------+---------+----------| 
     | core/req_meta_q_reg[46]      | CK ^        |         |       |   0.000 |   -0.039 | 
     | core/req_meta_q_reg[46]      | CK ^ -> Q v | DFFHQX1 | 0.055 |   0.056 |    0.017 | 
     | core/FE_PHC119_req_meta_q_46 | A v -> Y v  | DLY1X1  | 0.040 |   0.096 |    0.057 | 
     | core/req_sync_q_reg[46]      | D v         | DFFHQX1 | 0.000 |   0.096 |    0.057 | 
     +-----------------------------------------------------------------------------------+ 
Path 51: MET Hold Check with Pin core/req_sync_q_reg[3]/CK 
Endpoint:   core/req_sync_q_reg[3]/D (v) checked with  leading edge of 'clk'
Beginpoint: core/req_meta_q_reg[3]/Q (v) triggered by  leading edge of 'clk'
Path Groups: {clk}
Analysis View: hold_view
Other End Arrival Time          0.032
+ Hold                          0.003
+ Phase Shift                   0.000
+ Uncertainty                   0.020
= Required Time                 0.055
  Arrival Time                  0.094
  Slack Time                    0.039
     Clock Rise Edge                 0.000
     + Clock Network Latency (Prop)  -0.000
     = Beginpoint Arrival Time       -0.000
     +----------------------------------------------------------------------------------+ 
     |          Instance           |     Arc     |  Cell   | Delay | Arrival | Required | 
     |                             |             |         |       |  Time   |   Time   | 
     |-----------------------------+-------------+---------+-------+---------+----------| 
     | core/req_meta_q_reg[3]      | CK ^        |         |       |  -0.000 |   -0.039 | 
     | core/req_meta_q_reg[3]      | CK ^ -> Q v | DFFQXL  | 0.052 |   0.052 |    0.013 | 
     | core/FE_PHC109_req_meta_q_3 | A v -> Y v  | DLY1X1  | 0.042 |   0.094 |    0.055 | 
     | core/req_sync_q_reg[3]      | D v         | DFFHQX1 | 0.000 |   0.094 |    0.055 | 
     +----------------------------------------------------------------------------------+ 
Path 52: MET Hold Check with Pin core/req_sync_q_reg[31]/CK 
Endpoint:   core/req_sync_q_reg[31]/D (v) checked with  leading edge of 'clk'
Beginpoint: core/req_meta_q_reg[31]/Q (v) triggered by  leading edge of 'clk'
Path Groups: {clk}
Analysis View: hold_view
Other End Arrival Time          0.033
+ Hold                          0.003
+ Phase Shift                   0.000
+ Uncertainty                   0.020
= Required Time                 0.056
  Arrival Time                  0.095
  Slack Time                    0.039
     Clock Rise Edge                 0.000
     + Clock Network Latency (Prop)  0.002
     = Beginpoint Arrival Time       0.002
     +-----------------------------------------------------------------------------------+ 
     |           Instance           |     Arc     |  Cell   | Delay | Arrival | Required | 
     |                              |             |         |       |  Time   |   Time   | 
     |------------------------------+-------------+---------+-------+---------+----------| 
     | core/req_meta_q_reg[31]      | CK ^        |         |       |   0.002 |   -0.038 | 
     | core/req_meta_q_reg[31]      | CK ^ -> Q v | DFFQXL  | 0.052 |   0.054 |    0.015 | 
     | core/FE_PHC128_req_meta_q_31 | A v -> Y v  | DLY1X1  | 0.041 |   0.095 |    0.056 | 
     | core/req_sync_q_reg[31]      | D v         | DFFHQX1 | 0.000 |   0.095 |    0.056 | 
     +-----------------------------------------------------------------------------------+ 
Path 53: MET Hold Check with Pin core/req_sync_q_reg[43]/CK 
Endpoint:   core/req_sync_q_reg[43]/D (v) checked with  leading edge of 'clk'
Beginpoint: core/req_meta_q_reg[43]/Q (v) triggered by  leading edge of 'clk'
Path Groups: {clk}
Analysis View: hold_view
Other End Arrival Time          0.033
+ Hold                          0.003
+ Phase Shift                   0.000
+ Uncertainty                   0.020
= Required Time                 0.056
  Arrival Time                  0.096
  Slack Time                    0.040
     Clock Rise Edge                 0.000
     + Clock Network Latency (Prop)  0.000
     = Beginpoint Arrival Time       0.000
     +-----------------------------------------------------------------------------------+ 
     |           Instance           |     Arc     |  Cell   | Delay | Arrival | Required | 
     |                              |             |         |       |  Time   |   Time   | 
     |------------------------------+-------------+---------+-------+---------+----------| 
     | core/req_meta_q_reg[43]      | CK ^        |         |       |   0.000 |   -0.040 | 
     | core/req_meta_q_reg[43]      | CK ^ -> Q v | DFFHQX1 | 0.055 |   0.056 |    0.016 | 
     | core/FE_PHC117_req_meta_q_43 | A v -> Y v  | DLY1X1  | 0.040 |   0.096 |    0.056 | 
     | core/req_sync_q_reg[43]      | D v         | DFFHQX1 | 0.000 |   0.096 |    0.056 | 
     +-----------------------------------------------------------------------------------+ 
Path 54: MET Hold Check with Pin core/req_sync_q_reg[17]/CK 
Endpoint:   core/req_sync_q_reg[17]/D (v) checked with  leading edge of 'clk'
Beginpoint: core/req_meta_q_reg[17]/Q (v) triggered by  leading edge of 'clk'
Path Groups: {clk}
Analysis View: hold_view
Other End Arrival Time          0.033
+ Hold                          0.001
+ Phase Shift                   0.000
+ Uncertainty                   0.020
= Required Time                 0.055
  Arrival Time                  0.096
  Slack Time                    0.041
     Clock Rise Edge                 0.000
     + Clock Network Latency (Prop)  -0.000
     = Beginpoint Arrival Time       -0.000
     +-----------------------------------------------------------------------------------+ 
     |           Instance           |     Arc     |  Cell   | Delay | Arrival | Required | 
     |                              |             |         |       |  Time   |   Time   | 
     |------------------------------+-------------+---------+-------+---------+----------| 
     | core/req_meta_q_reg[17]      | CK ^        |         |       |  -0.000 |   -0.041 | 
     | core/req_meta_q_reg[17]      | CK ^ -> Q v | DFFQXL  | 0.048 |   0.048 |    0.007 | 
     | core/FE_PHC142_req_meta_q_17 | A v -> Y v  | DLY1X1  | 0.048 |   0.096 |    0.055 | 
     | core/req_sync_q_reg[17]      | D v         | DFFHQX1 | 0.000 |   0.096 |    0.055 | 
     +-----------------------------------------------------------------------------------+ 
Path 55: MET Hold Check with Pin core/req_sync_q_reg[42]/CK 
Endpoint:   core/req_sync_q_reg[42]/D (v) checked with  leading edge of 'clk'
Beginpoint: core/req_meta_q_reg[42]/Q (v) triggered by  leading edge of 'clk'
Path Groups: {clk}
Analysis View: hold_view
Other End Arrival Time          0.033
+ Hold                          0.002
+ Phase Shift                   0.000
+ Uncertainty                   0.020
= Required Time                 0.055
  Arrival Time                  0.097
  Slack Time                    0.042
     Clock Rise Edge                 0.000
     + Clock Network Latency (Prop)  0.000
     = Beginpoint Arrival Time       0.000
     +-----------------------------------------------------------------------------------+ 
     |           Instance           |     Arc     |  Cell   | Delay | Arrival | Required | 
     |                              |             |         |       |  Time   |   Time   | 
     |------------------------------+-------------+---------+-------+---------+----------| 
     | core/req_meta_q_reg[42]      | CK ^        |         |       |   0.000 |   -0.042 | 
     | core/req_meta_q_reg[42]      | CK ^ -> Q v | DFFQXL  | 0.053 |   0.054 |    0.012 | 
     | core/FE_PHC134_req_meta_q_42 | A v -> Y v  | DLY1X1  | 0.043 |   0.097 |    0.055 | 
     | core/req_sync_q_reg[42]      | D v         | DFFHQX1 | 0.000 |   0.097 |    0.055 | 
     +-----------------------------------------------------------------------------------+ 
Path 56: MET Hold Check with Pin core/req_sync_q_reg[12]/CK 
Endpoint:   core/req_sync_q_reg[12]/D (v) checked with  leading edge of 'clk'
Beginpoint: core/req_meta_q_reg[12]/Q (v) triggered by  leading edge of 'clk'
Path Groups: {clk}
Analysis View: hold_view
Other End Arrival Time          0.033
+ Hold                          0.002
+ Phase Shift                   0.000
+ Uncertainty                   0.020
= Required Time                 0.055
  Arrival Time                  0.097
  Slack Time                    0.042
     Clock Rise Edge                 0.000
     + Clock Network Latency (Prop)  -0.000
     = Beginpoint Arrival Time       -0.000
     +-----------------------------------------------------------------------------------+ 
     |           Instance           |     Arc     |  Cell   | Delay | Arrival | Required | 
     |                              |             |         |       |  Time   |   Time   | 
     |------------------------------+-------------+---------+-------+---------+----------| 
     | core/req_meta_q_reg[12]      | CK ^        |         |       |  -0.000 |   -0.042 | 
     | core/req_meta_q_reg[12]      | CK ^ -> Q v | DFFQXL  | 0.051 |   0.051 |    0.009 | 
     | core/FE_PHC140_req_meta_q_12 | A v -> Y v  | DLY1X1  | 0.046 |   0.097 |    0.055 | 
     | core/req_sync_q_reg[12]      | D v         | DFFHQX1 | 0.000 |   0.097 |    0.055 | 
     +-----------------------------------------------------------------------------------+ 
Path 57: MET Hold Check with Pin core/req_sync_q_reg[16]/CK 
Endpoint:   core/req_sync_q_reg[16]/D (v) checked with  leading edge of 'clk'
Beginpoint: core/req_meta_q_reg[16]/Q (v) triggered by  leading edge of 'clk'
Path Groups: {clk}
Analysis View: hold_view
Other End Arrival Time          0.033
+ Hold                          0.002
+ Phase Shift                   0.000
+ Uncertainty                   0.020
= Required Time                 0.054
  Arrival Time                  0.097
  Slack Time                    0.042
     Clock Rise Edge                 0.000
     + Clock Network Latency (Prop)  -0.000
     = Beginpoint Arrival Time       -0.000
     +-----------------------------------------------------------------------------------+ 
     |           Instance           |     Arc     |  Cell   | Delay | Arrival | Required | 
     |                              |             |         |       |  Time   |   Time   | 
     |------------------------------+-------------+---------+-------+---------+----------| 
     | core/req_meta_q_reg[16]      | CK ^        |         |       |  -0.000 |   -0.042 | 
     | core/req_meta_q_reg[16]      | CK ^ -> Q v | DFFQXL  | 0.051 |   0.051 |    0.008 | 
     | core/FE_PHC141_req_meta_q_16 | A v -> Y v  | DLY1X1  | 0.046 |   0.097 |    0.054 | 
     | core/req_sync_q_reg[16]      | D v         | DFFHQX1 | 0.000 |   0.097 |    0.054 | 
     +-----------------------------------------------------------------------------------+ 
Path 58: MET Hold Check with Pin core/req_sync_q_reg[33]/CK 
Endpoint:   core/req_sync_q_reg[33]/D (v) checked with  leading edge of 'clk'
Beginpoint: core/req_meta_q_reg[33]/Q (v) triggered by  leading edge of 'clk'
Path Groups: {clk}
Analysis View: hold_view
Other End Arrival Time          0.033
+ Hold                          0.002
+ Phase Shift                   0.000
+ Uncertainty                   0.020
= Required Time                 0.055
  Arrival Time                  0.098
  Slack Time                    0.044
     Clock Rise Edge                 0.000
     + Clock Network Latency (Prop)  0.002
     = Beginpoint Arrival Time       0.002
     +-----------------------------------------------------------------------------------+ 
     |           Instance           |     Arc     |  Cell   | Delay | Arrival | Required | 
     |                              |             |         |       |  Time   |   Time   | 
     |------------------------------+-------------+---------+-------+---------+----------| 
     | core/req_meta_q_reg[33]      | CK ^        |         |       |   0.002 |   -0.042 | 
     | core/req_meta_q_reg[33]      | CK ^ -> Q v | DFFQXL  | 0.052 |   0.053 |    0.010 | 
     | core/FE_PHC133_req_meta_q_33 | A v -> Y v  | DLY1X1  | 0.045 |   0.098 |    0.055 | 
     | core/req_sync_q_reg[33]      | D v         | DFFHQX1 | 0.000 |   0.098 |    0.055 | 
     +-----------------------------------------------------------------------------------+ 
Path 59: MET Hold Check with Pin core/req_sync_q_reg[14]/CK 
Endpoint:   core/req_sync_q_reg[14]/D (v) checked with  leading edge of 'clk'
Beginpoint: core/req_meta_q_reg[14]/Q (v) triggered by  leading edge of 'clk'
Path Groups: {clk}
Analysis View: hold_view
Other End Arrival Time          0.033
+ Hold                          0.003
+ Phase Shift                   0.000
+ Uncertainty                   0.020
= Required Time                 0.055
  Arrival Time                  0.099
  Slack Time                    0.044
     Clock Rise Edge                 0.000
     + Clock Network Latency (Prop)  -0.000
     = Beginpoint Arrival Time       -0.000
     +-----------------------------------------------------------------------------------+ 
     |           Instance           |     Arc     |  Cell   | Delay | Arrival | Required | 
     |                              |             |         |       |  Time   |   Time   | 
     |------------------------------+-------------+---------+-------+---------+----------| 
     | core/req_meta_q_reg[14]      | CK ^        |         |       |  -0.000 |   -0.044 | 
     | core/req_meta_q_reg[14]      | CK ^ -> Q v | DFFQXL  | 0.056 |   0.056 |    0.012 | 
     | core/FE_PHC139_req_meta_q_14 | A v -> Y v  | DLY1X1  | 0.043 |   0.099 |    0.055 | 
     | core/req_sync_q_reg[14]      | D v         | DFFHQX1 | 0.000 |   0.099 |    0.055 | 
     +-----------------------------------------------------------------------------------+ 
Path 60: MET Hold Check with Pin core/req_sync_q_reg[45]/CK 
Endpoint:   core/req_sync_q_reg[45]/D (v) checked with  leading edge of 'clk'
Beginpoint: core/req_meta_q_reg[45]/Q (v) triggered by  leading edge of 'clk'
Path Groups: {clk}
Analysis View: hold_view
Other End Arrival Time          0.033
+ Hold                          0.003
+ Phase Shift                   0.000
+ Uncertainty                   0.020
= Required Time                 0.055
  Arrival Time                  0.099
  Slack Time                    0.044
     Clock Rise Edge                 0.000
     + Clock Network Latency (Prop)  0.000
     = Beginpoint Arrival Time       0.000
     +-----------------------------------------------------------------------------------+ 
     |           Instance           |     Arc     |  Cell   | Delay | Arrival | Required | 
     |                              |             |         |       |  Time   |   Time   | 
     |------------------------------+-------------+---------+-------+---------+----------| 
     | core/req_meta_q_reg[45]      | CK ^        |         |       |   0.000 |   -0.044 | 
     | core/req_meta_q_reg[45]      | CK ^ -> Q v | DFFQXL  | 0.054 |   0.055 |    0.011 | 
     | core/FE_PHC120_req_meta_q_45 | A v -> Y v  | DLY1X1  | 0.044 |   0.099 |    0.055 | 
     | core/req_sync_q_reg[45]      | D v         | DFFHQX1 | 0.000 |   0.099 |    0.055 | 
     +-----------------------------------------------------------------------------------+ 
Path 61: MET Hold Check with Pin core/req_sync_q_reg[8]/CK 
Endpoint:   core/req_sync_q_reg[8]/D (v) checked with  leading edge of 'clk'
Beginpoint: core/req_meta_q_reg[8]/Q (v) triggered by  leading edge of 'clk'
Path Groups: {clk}
Analysis View: hold_view
Other End Arrival Time          0.031
+ Hold                          0.004
+ Phase Shift                   0.000
+ Uncertainty                   0.020
= Required Time                 0.055
  Arrival Time                  0.101
  Slack Time                    0.046
     Clock Rise Edge                 0.000
     + Clock Network Latency (Prop)  -0.000
     = Beginpoint Arrival Time       -0.000
     +-------------------------------------------------------------------------------------------+ 
     |              Instance               |     Arc     |   Cell   | Delay | Arrival | Required | 
     |                                     |             |          |       |  Time   |   Time   | 
     |-------------------------------------+-------------+----------+-------+---------+----------| 
     | core/req_meta_q_reg[8]              | CK ^        |          |       |  -0.000 |   -0.046 | 
     | core/req_meta_q_reg[8]              | CK ^ -> Q v | DFFQXL   | 0.049 |   0.049 |    0.003 | 
     | core/FE_OFC2_req_meta_q_8           | A v -> Y v  | BUFX2    | 0.028 |   0.077 |    0.031 | 
     | core/FE_PHC143_FE_OFN3_req_meta_q_8 | A v -> Y v  | CLKBUFX2 | 0.024 |   0.101 |    0.055 | 
     | core/req_sync_q_reg[8]              | D v         | DFFHQX1  | 0.000 |   0.101 |    0.055 | 
     +-------------------------------------------------------------------------------------------+ 
Path 62: MET Hold Check with Pin core/req_sync_q_reg[37]/CK 
Endpoint:   core/req_sync_q_reg[37]/D (v) checked with  leading edge of 'clk'
Beginpoint: core/req_meta_q_reg[37]/Q (v) triggered by  leading edge of 'clk'
Path Groups: {clk}
Analysis View: hold_view
Other End Arrival Time          0.033
+ Hold                          0.003
+ Phase Shift                   0.000
+ Uncertainty                   0.020
= Required Time                 0.055
  Arrival Time                  0.103
  Slack Time                    0.048
     Clock Rise Edge                 0.000
     + Clock Network Latency (Prop)  0.002
     = Beginpoint Arrival Time       0.002
     +-----------------------------------------------------------------------------------+ 
     |           Instance           |     Arc     |  Cell   | Delay | Arrival | Required | 
     |                              |             |         |       |  Time   |   Time   | 
     |------------------------------+-------------+---------+-------+---------+----------| 
     | core/req_meta_q_reg[37]      | CK ^        |         |       |   0.002 |   -0.046 | 
     | core/req_meta_q_reg[37]      | CK ^ -> Q v | DFFQXL  | 0.056 |   0.058 |    0.010 | 
     | core/FE_PHC130_req_meta_q_37 | A v -> Y v  | DLY1X1  | 0.045 |   0.103 |    0.055 | 
     | core/req_sync_q_reg[37]      | D v         | DFFHQX1 | 0.000 |   0.103 |    0.055 | 
     +-----------------------------------------------------------------------------------+ 
Path 63: MET Hold Check with Pin core/req_sync_q_reg[36]/CK 
Endpoint:   core/req_sync_q_reg[36]/D (v) checked with  leading edge of 'clk'
Beginpoint: core/req_meta_q_reg[36]/Q (v) triggered by  leading edge of 'clk'
Path Groups: {clk}
Analysis View: hold_view
Other End Arrival Time          0.033
+ Hold                          0.003
+ Phase Shift                   0.000
+ Uncertainty                   0.020
= Required Time                 0.055
  Arrival Time                  0.106
  Slack Time                    0.051
     Clock Rise Edge                 0.000
     + Clock Network Latency (Prop)  0.002
     = Beginpoint Arrival Time       0.002
     +-----------------------------------------------------------------------------------+ 
     |           Instance           |     Arc     |  Cell   | Delay | Arrival | Required | 
     |                              |             |         |       |  Time   |   Time   | 
     |------------------------------+-------------+---------+-------+---------+----------| 
     | core/req_meta_q_reg[36]      | CK ^        |         |       |   0.002 |   -0.049 | 
     | core/req_meta_q_reg[36]      | CK ^ -> Q v | DFFQXL  | 0.059 |   0.061 |    0.010 | 
     | core/FE_PHC129_req_meta_q_36 | A v -> Y v  | DLY1X1  | 0.045 |   0.106 |    0.055 | 
     | core/req_sync_q_reg[36]      | D v         | DFFHQX1 | 0.000 |   0.106 |    0.055 | 
     +-----------------------------------------------------------------------------------+ 
Path 64: MET Hold Check with Pin core/req_sync_q_reg[30]/CK 
Endpoint:   core/req_sync_q_reg[30]/D (v) checked with  leading edge of 'clk'
Beginpoint: core/req_meta_q_reg[30]/Q (v) triggered by  leading edge of 'clk'
Path Groups: {clk}
Analysis View: hold_view
Other End Arrival Time          0.033
+ Hold                          0.002
+ Phase Shift                   0.000
+ Uncertainty                   0.020
= Required Time                 0.055
  Arrival Time                  0.106
  Slack Time                    0.051
     Clock Rise Edge                 0.000
     + Clock Network Latency (Prop)  0.002
     = Beginpoint Arrival Time       0.002
     +-----------------------------------------------------------------------------------+ 
     |           Instance           |     Arc     |  Cell   | Delay | Arrival | Required | 
     |                              |             |         |       |  Time   |   Time   | 
     |------------------------------+-------------+---------+-------+---------+----------| 
     | core/req_meta_q_reg[30]      | CK ^        |         |       |   0.002 |   -0.050 | 
     | core/req_meta_q_reg[30]      | CK ^ -> Q v | DFFQXL  | 0.058 |   0.060 |    0.009 | 
     | core/FE_PHC131_req_meta_q_30 | A v -> Y v  | DLY1X1  | 0.046 |   0.106 |    0.055 | 
     | core/req_sync_q_reg[30]      | D v         | DFFHQX1 | 0.000 |   0.106 |    0.055 | 
     +-----------------------------------------------------------------------------------+ 

