###############################################################
#  Generated by:      Cadence Innovus 23.14-s088_1
#  OS:                Linux x86_64(Host ID <REMOTE_HOST>)
#  Generated on:      Wed Aug 26 17:03:37 2026
#  Design:            aer64_pending_grouped_rr
#  Command:           report_timing -check_type removal -max_paths 20 > [file join $report_dir postroute_removal_timing.rpt]
###############################################################
Path 1: MET Removal Check with Pin core/reset_release_q_reg[0]/CK 
Endpoint:   core/reset_release_q_reg[0]/RN (^) checked with  leading edge of 
'clk'
Beginpoint: rst_n                          (^) triggered by  leading edge of '@'
Path Groups: {async_default}
Analysis View: hold_view
Other End Arrival Time          0.030
+ Removal                       0.034
+ Phase Shift                   0.000
+ Uncertainty                   0.020
= Required Time                 0.084
  Arrival Time                  0.120
  Slack Time                    0.036
     Clock Rise Edge                      0.000
     + Input Delay                        0.000
     = Beginpoint Arrival Time            0.000
     +----------------------------------------------------------------------------------+ 
     |          Instance           |    Arc     |   Cell   | Delay | Arrival | Required | 
     |                             |            |          |       |  Time   |   Time   | 
     |-----------------------------+------------+----------+-------+---------+----------| 
     |                             | rst_n ^    |          |       |   0.000 |   -0.036 | 
     | FE_PHC79_rst_n              | A ^ -> Y ^ | DLY1X1   | 0.037 |   0.037 |    0.001 | 
     | FE_PHC76_rst_n              | A ^ -> Y ^ | DLY2X1   | 0.083 |   0.120 |    0.084 | 
     | core/reset_release_q_reg[0] | RN ^       | DFFRHQX1 | 0.000 |   0.120 |    0.084 | 
     +----------------------------------------------------------------------------------+ 
Path 2: MET Removal Check with Pin core/reset_release_q_reg[1]/CK 
Endpoint:   core/reset_release_q_reg[1]/RN (^) checked with  leading edge of 
'clk'
Beginpoint: rst_n                          (^) triggered by  leading edge of '@'
Path Groups: {async_default}
Analysis View: hold_view
Other End Arrival Time          0.030
+ Removal                       0.034
+ Phase Shift                   0.000
+ Uncertainty                   0.020
= Required Time                 0.084
  Arrival Time                  0.120
  Slack Time                    0.036
     Clock Rise Edge                      0.000
     + Input Delay                        0.000
     = Beginpoint Arrival Time            0.000
     +--------------------------------------------------------------------------------+ 
     |          Instance           |    Arc     |  Cell  | Delay | Arrival | Required | 
     |                             |            |        |       |  Time   |   Time   | 
     |-----------------------------+------------+--------+-------+---------+----------| 
     |                             | rst_n ^    |        |       |   0.000 |   -0.036 | 
     | FE_PHC79_rst_n              | A ^ -> Y ^ | DLY1X1 | 0.037 |   0.037 |    0.001 | 
     | FE_PHC76_rst_n              | A ^ -> Y ^ | DLY2X1 | 0.083 |   0.120 |    0.084 | 
     | core/reset_release_q_reg[1] | RN ^       | DFFRX1 | 0.000 |   0.120 |    0.084 | 
     +--------------------------------------------------------------------------------+ 

