*----------------------------------------------------------------------------------------
*	Innovus 23.14-s088_1 (64bit) 02/28/2025 12:25 (Linux 3.10.0-693.el7.x86_64)
*	
*
* 	Date & Time:	2026-Aug-26 17:03:38 (2026-Aug-26 08:03:38 GMT)
*
*----------------------------------------------------------------------------------------
*
*	Design: aer64_pending_grouped_rr
*
*	Liberty Libraries used: 
*	        setup_view: <REMOTE_HOME>/aer_2026/pdk45_digital/gsclib045/timing/slow_vdd1v0_basicCells.lib
*
*	Power Domain used: 
*              Rail:        VDD      Voltage:        0.9 
*
*       Power View : setup_view
*
*       User-Defined Activity : N.A.
*
*       Activity File: N.A.
*
*       Hierarchical Global Activity: N.A.
*
*       Global Activity: N.A.
*
*       Sequential Element Activity: 0.200000
*
*       Primary Input Activity: 0.200000
*
*       Default icg ratio: N.A.
*
*       Global Comb ClockGate Ratio: N.A.
*
*	Power Units = 1mW
*
*	Time Units = 1e-09 secs 
*
*       report_power -outfile <REMOTE_WORKSPACE>/pnr/aer64grouped_h030v4/reports/postroute_power.rpt
*
-----------------------------------------------------------------------------------------


Total Power 
-----------------------------------------------------------------------------------------
Total Internal Power:        0.07474013 	   73.4680%
Total Switching Power:       0.02693255 	   26.4741%
Total Leakage Power:         0.00005885 	    0.0579%
Total Power:                 0.10173154 
-----------------------------------------------------------------------------------------


Group                           Internal   Switching     Leakage       Total  Percentage 
                                Power      Power         Power         Power  (%)        
-----------------------------------------------------------------------------------------
Sequential                       0.05817    0.005256   2.989e-05     0.06346       62.38 
Macro                                  0           0           0           0           0 
IO                                     0           0           0           0           0 
Combinational                    0.01219     0.01209   2.763e-05      0.0243       23.89 
Clock (Combinational)           0.004382    0.009589   1.325e-06     0.01397       13.73 
Clock (Sequential)                     0           0           0           0           0 
-----------------------------------------------------------------------------------------
Total                            0.07474     0.02693   5.885e-05      0.1017         100 
-----------------------------------------------------------------------------------------


Rail                  Voltage   Internal   Switching     Leakage       Total  Percentage 
                                Power      Power         Power         Power  (%)        
-----------------------------------------------------------------------------------------
VDD                       0.9    0.07474     0.02693   5.885e-05      0.1017         100 


Clock                           Internal   Switching     Leakage       Total  Percentage 
                                Power      Power         Power         Power  (%)        
-----------------------------------------------------------------------------------------
clk                             0.004382    0.009589   1.325e-06     0.01397       13.73 
-----------------------------------------------------------------------------------------
Total (excluding duplicates)    0.004382    0.009589   1.325e-06     0.01397       13.73 
-----------------------------------------------------------------------------------------
Clock: clk
Clock Period: 0.010000 usec 
Clock Toggle Rate:   200.0000 Mhz 
Clock Static Probability:  0.5000



-----------------------------------------------------------------------------------------
*	Power Distribution Summary: 
*                Highest Average Power:  core/CTS_ccl_a_buf_00003 (CLKBUFX4):         0.001383 
*                Highest Leakage Power:       core/FE_DBTC0_n_653 (CLKINVX6):        1.446e-07 
*          Total Cap:      1.87271e-12 F
*          Total instances in design:  1095
*          Total instances in design with no power:     0
*          Total instances in design with no activity:     0
*          Total Fillers and Decap:     0
-----------------------------------------------------------------------------------------

