Copyright 1986-2020 Xilinx, Inc. All Rights Reserved.
------------------------------------------------------------------------------------------------------------
| Tool Version : Vivado v.2020.2 (win64) Build 3064766 Wed Nov 18 09:12:45 MST 2020
| Date         : Fri Aug 21 04:13:39 2026
| Host         : <LOCAL_HOST> running 64-bit major release  (build 9200)
| Command      : report_timing -max_paths 10 -file reports/p9_state_compression/selector_grouped/timing.rpt
| Design       : aer_gray_rank_ring_selector16
| Device       : 7a35t-cpg236
| Speed File   : -1  PRODUCTION 1.23 2018-06-13
------------------------------------------------------------------------------------------------------------

Timing Report

Slack:                    inf
  Source:                 rank_candidate[14]
                            (input port)
  Destination:            grant_rank[0]
                            (output port)
  Path Group:             (none)
  Path Type:              Max at Slow Process Corner
  Data Path Delay:        7.909ns  (logic 4.004ns (50.623%)  route 3.905ns (49.377%))
  Logic Levels:           6  (IBUF=1 LUT4=1 LUT6=3 OBUF=1)

    Location             Delay type                Incr(ns)  Path(ns)    Netlist Resource(s)
  -------------------------------------------------------------------    -------------------
                                                      0.000     0.000 r  rank_candidate[14] (IN)
                         net (fo=0)                   0.000     0.000    rank_candidate[14]
                         IBUF (Prop_ibuf_I_O)         0.923     0.923 r  rank_candidate_IBUF[14]_inst/O
                         net (fo=3, unplaced)         0.800     1.722    rank_candidate_IBUF[14]
                         LUT4 (Prop_lut4_I3_O)        0.124     1.846 r  grant_valid_OBUF_inst_i_4/O
                         net (fo=3, unplaced)         0.920     2.766    grant_valid_OBUF_inst_i_4_n_0
                         LUT6 (Prop_lut6_I3_O)        0.124     2.890 r  grant_rank_OBUF[3]_inst_i_3/O
                         net (fo=4, unplaced)         0.473     3.363    grant_rank_OBUF[3]_inst_i_3_n_0
                         LUT6 (Prop_lut6_I4_O)        0.124     3.487 f  grant_rank_OBUF[1]_inst_i_4/O
                         net (fo=2, unplaced)         0.913     4.400    grant_rank_OBUF[1]_inst_i_4_n_0
                         LUT6 (Prop_lut6_I3_O)        0.124     4.524 r  grant_rank_OBUF[0]_inst_i_1/O
                         net (fo=1, unplaced)         0.800     5.324    grant_rank_OBUF[0]
                         OBUF (Prop_obuf_I_O)         2.585     7.909 r  grant_rank_OBUF[0]_inst/O
                         net (fo=0)                   0.000     7.909    grant_rank[0]
                                                                      r  grant_rank[0] (OUT)
  -------------------------------------------------------------------    -------------------

Slack:                    inf
  Source:                 rank_candidate[14]
                            (input port)
  Destination:            grant_rank[1]
                            (output port)
  Path Group:             (none)
  Path Type:              Max at Slow Process Corner
  Data Path Delay:        7.456ns  (logic 4.004ns (53.699%)  route 3.452ns (46.301%))
  Logic Levels:           6  (IBUF=1 LUT4=2 LUT6=2 OBUF=1)

    Location             Delay type                Incr(ns)  Path(ns)    Netlist Resource(s)
  -------------------------------------------------------------------    -------------------
                                                      0.000     0.000 r  rank_candidate[14] (IN)
                         net (fo=0)                   0.000     0.000    rank_candidate[14]
                         IBUF (Prop_ibuf_I_O)         0.923     0.923 r  rank_candidate_IBUF[14]_inst/O
                         net (fo=3, unplaced)         0.800     1.722    rank_candidate_IBUF[14]
                         LUT4 (Prop_lut4_I3_O)        0.124     1.846 r  grant_valid_OBUF_inst_i_4/O
                         net (fo=3, unplaced)         0.920     2.766    grant_valid_OBUF_inst_i_4_n_0
                         LUT6 (Prop_lut6_I3_O)        0.124     2.890 r  grant_rank_OBUF[3]_inst_i_3/O
                         net (fo=4, unplaced)         0.473     3.363    grant_rank_OBUF[3]_inst_i_3_n_0
                         LUT6 (Prop_lut6_I4_O)        0.124     3.487 f  grant_rank_OBUF[1]_inst_i_4/O
                         net (fo=2, unplaced)         0.460     3.947    grant_rank_OBUF[1]_inst_i_4_n_0
                         LUT4 (Prop_lut4_I3_O)        0.124     4.071 r  grant_rank_OBUF[1]_inst_i_1/O
                         net (fo=1, unplaced)         0.800     4.871    grant_rank_OBUF[1]
                         OBUF (Prop_obuf_I_O)         2.585     7.456 r  grant_rank_OBUF[1]_inst/O
                         net (fo=0)                   0.000     7.456    grant_rank[1]
                                                                      r  grant_rank[1] (OUT)
  -------------------------------------------------------------------    -------------------

Slack:                    inf
  Source:                 rank_candidate[10]
                            (input port)
  Destination:            grant_rank[2]
                            (output port)
  Path Group:             (none)
  Path Type:              Max at Slow Process Corner
  Data Path Delay:        6.985ns  (logic 4.004ns (57.319%)  route 2.981ns (42.681%))
  Logic Levels:           6  (IBUF=1 LUT2=1 LUT3=1 LUT5=1 LUT6=1 OBUF=1)

    Location             Delay type                Incr(ns)  Path(ns)    Netlist Resource(s)
  -------------------------------------------------------------------    -------------------
                                                      0.000     0.000 r  rank_candidate[10] (IN)
                         net (fo=0)                   0.000     0.000    rank_candidate[10]
                         IBUF (Prop_ibuf_I_O)         0.923     0.923 r  rank_candidate_IBUF[10]_inst/O
                         net (fo=4, unplaced)         0.800     1.722    rank_candidate_IBUF[10]
                         LUT6 (Prop_lut6_I5_O)        0.124     1.846 r  grant_rank_OBUF[0]_inst_i_4/O
                         net (fo=1, unplaced)         0.449     2.295    start_group_req[2]
                         LUT2 (Prop_lut2_I0_O)        0.124     2.419 r  grant_rank_OBUF[0]_inst_i_2/O
                         net (fo=2, unplaced)         0.460     2.879    grant_rank_OBUF[0]_inst_i_2_n_0
                         LUT5 (Prop_lut5_I4_O)        0.124     3.003 r  grant_rank_OBUF[3]_inst_i_2/O
                         net (fo=4, unplaced)         0.473     3.476    fp4_return[2]
                         LUT3 (Prop_lut3_I1_O)        0.124     3.600 r  grant_rank_OBUF[2]_inst_i_1/O
                         net (fo=1, unplaced)         0.800     4.400    grant_rank_OBUF[2]
                         OBUF (Prop_obuf_I_O)         2.585     6.985 r  grant_rank_OBUF[2]_inst/O
                         net (fo=0)                   0.000     6.985    grant_rank[2]
                                                                      r  grant_rank[2] (OUT)
  -------------------------------------------------------------------    -------------------

Slack:                    inf
  Source:                 rank_candidate[10]
                            (input port)
  Destination:            grant_rank[3]
                            (output port)
  Path Group:             (none)
  Path Type:              Max at Slow Process Corner
  Data Path Delay:        6.979ns  (logic 3.998ns (57.283%)  route 2.981ns (42.717%))
  Logic Levels:           6  (IBUF=1 LUT2=1 LUT3=1 LUT5=1 LUT6=1 OBUF=1)

    Location             Delay type                Incr(ns)  Path(ns)    Netlist Resource(s)
  -------------------------------------------------------------------    -------------------
                                                      0.000     0.000 r  rank_candidate[10] (IN)
                         net (fo=0)                   0.000     0.000    rank_candidate[10]
                         IBUF (Prop_ibuf_I_O)         0.923     0.923 r  rank_candidate_IBUF[10]_inst/O
                         net (fo=4, unplaced)         0.800     1.722    rank_candidate_IBUF[10]
                         LUT6 (Prop_lut6_I5_O)        0.124     1.846 r  grant_rank_OBUF[0]_inst_i_4/O
                         net (fo=1, unplaced)         0.449     2.295    start_group_req[2]
                         LUT2 (Prop_lut2_I0_O)        0.124     2.419 r  grant_rank_OBUF[0]_inst_i_2/O
                         net (fo=2, unplaced)         0.460     2.879    grant_rank_OBUF[0]_inst_i_2_n_0
                         LUT5 (Prop_lut5_I4_O)        0.124     3.003 r  grant_rank_OBUF[3]_inst_i_2/O
                         net (fo=4, unplaced)         0.473     3.476    fp4_return[2]
                         LUT3 (Prop_lut3_I1_O)        0.118     3.594 r  grant_rank_OBUF[3]_inst_i_1/O
                         net (fo=1, unplaced)         0.800     4.394    grant_rank_OBUF[3]
                         OBUF (Prop_obuf_I_O)         2.585     6.979 r  grant_rank_OBUF[3]_inst/O
                         net (fo=0)                   0.000     6.979    grant_rank[3]
                                                                      r  grant_rank[3] (OUT)
  -------------------------------------------------------------------    -------------------

Slack:                    inf
  Source:                 rank_candidate[14]
                            (input port)
  Destination:            grant_valid
                            (output port)
  Path Group:             (none)
  Path Type:              Max at Slow Process Corner
  Data Path Delay:        6.389ns  (logic 3.874ns (60.631%)  route 2.515ns (39.369%))
  Logic Levels:           5  (IBUF=1 LUT4=1 LUT5=1 LUT6=1 OBUF=1)

    Location             Delay type                Incr(ns)  Path(ns)    Netlist Resource(s)
  -------------------------------------------------------------------    -------------------
                                                      0.000     0.000 r  rank_candidate[14] (IN)
                         net (fo=0)                   0.000     0.000    rank_candidate[14]
                         IBUF (Prop_ibuf_I_O)         0.923     0.923 r  rank_candidate_IBUF[14]_inst/O
                         net (fo=3, unplaced)         0.800     1.722    rank_candidate_IBUF[14]
                         LUT4 (Prop_lut4_I3_O)        0.124     1.846 r  grant_valid_OBUF_inst_i_4/O
                         net (fo=3, unplaced)         0.467     2.313    grant_valid_OBUF_inst_i_4_n_0
                         LUT5 (Prop_lut5_I4_O)        0.118     2.431 r  grant_valid_OBUF_inst_i_3/O
                         net (fo=1, unplaced)         0.449     2.880    grant_valid_OBUF_inst_i_3_n_0
                         LUT6 (Prop_lut6_I5_O)        0.124     3.004 r  grant_valid_OBUF_inst_i_1/O
                         net (fo=1, unplaced)         0.800     3.804    grant_valid_OBUF
                         OBUF (Prop_obuf_I_O)         2.585     6.389 r  grant_valid_OBUF_inst/O
                         net (fo=0)                   0.000     6.389    grant_valid
                                                                      r  grant_valid (OUT)
  -------------------------------------------------------------------    -------------------




