============================================================
  Generated by:           Genus(TM) Synthesis Solution 23.14-s090_1
  Generated on:           Aug 19 2026  12:29:38 pm
  Module:                 aer_improved_hierarchical
  Operating conditions:   typical (balanced_tree)
  Wireload mode:          enclosed
  Area mode:              timing library
============================================================


Path 1: MET (0 ps) Setup Check with Pin queue_count_q_reg[6][0]/CK->D
          Group: clk
     Startpoint: (R) queue_count_q_reg[12][0]/CK
          Clock: (R) clk
       Endpoint: (F) queue_count_q_reg[6][0]/D
          Clock: (R) clk

                     Capture       Launch     
        Clock Edge:+    1800            0     
       Src Latency:+       0            0     
       Net Latency:+       0 (I)        0 (I) 
           Arrival:=    1800            0     
                                              
             Setup:-     162                  
     Required Time:=    1638                  
      Launch Clock:-       0                  
         Data Path:-    1638                  
             Slack:=       0                  

#-----------------------------------------------------------------------------------------------------
#        Timing Point         Flags    Arc   Edge   Cell     Fanout Load Trans Delay Arrival Instance 
#                                                                   (fF)  (ps)  (ps)   (ps)  Location 
#-----------------------------------------------------------------------------------------------------
  queue_count_q_reg[12][0]/CK -       -      R     (arrival)     95    -     0     0       0    (-,-) 
  queue_count_q_reg[12][0]/QN -       CK->QN F     DFFRX4         1 15.4    48   284     284    (-,-) 
  g117/Y                      -       B->Y   R     NAND2X4        1 16.6    80    62     346    (-,-) 
  g19139/Y                    -       A->Y   F     NOR2X4         1 15.4    45    31     378    (-,-) 
  g75/Y                       -       B->Y   R     NAND2X4        4 15.7    78    61     438    (-,-) 
  g66_0/Y                     -       A1N->Y R     OAI2BB1X2      1  9.5    84   106     544    (-,-) 
  g19162/Y                    -       A0->Y  F     AOI21X2        1  8.4    70    49     593    (-,-) 
  g15/Y                       -       B->Y   R     NAND2X2        1 16.6   111    85     678    (-,-) 
  g14/Y                       -       A->Y   F     NOR2X4         5 26.6    63    41     720    (-,-) 
  g18229__6131/Y              -       A->Y   R     NAND2X1        1  9.1   123    80     800    (-,-) 
  g1090/Y                     -       B->Y   F     NAND4X2        5 15.3   105    73     873    (-,-) 
  g292/Y                      -       A->Y   R     NAND2X1        2  7.0   106    80     953    (-,-) 
  g19159/Y                    -       A->Y   F     INVX1          1  4.1    42    32     984    (-,-) 
  g19158/Y                    -       A->Y   R     NAND2X1        1  4.7    86    55    1039    (-,-) 
  g19156/Y                    -       C->Y   F     NAND4X1        1  4.4    78    66    1106    (-,-) 
  g18134__19041/Y             -       A->Y   R     NOR2X1         1  6.3   131    93    1199    (-,-) 
  g18127__19014/Y             -       C->Y   R     AND3X4         6 46.8   120   158    1356    (-,-) 
  g19013/Y                    -       A->Y   F     INVX8         12 55.6    49    35    1392    (-,-) 
  g18118__18878/Y             -       A->Y   R     NAND2X1        2  8.8   119    75    1467    (-,-) 
  g18102__2883/Y              -       A->Y   F     NOR2X1         3 10.6    94    57    1524    (-,-) 
  g27/Y                       -       A->Y   R     NAND2X1        1  3.1    75    60    1584    (-,-) 
  g18041__7098/Y              -       B0->Y  F     OAI21XL        1  2.9    75    54    1638    (-,-) 
  queue_count_q_reg[6][0]/D   <<<     -      F     DFFRX4         1    -     -     0    1638    (-,-) 
#-----------------------------------------------------------------------------------------------------

