============================================================
  Generated by:           Genus(TM) Synthesis Solution 23.14-s090_1
  Generated on:           Aug 20 2026  02:16:14 am
  Module:                 aer_improved_cutthrough
  Operating conditions:   typical (balanced_tree)
  Wireload mode:          enclosed
  Area mode:              timing library
============================================================


Path 1: MET (6853 ps) Setup Check with Pin local_rr_q_reg[1][1]/CK->D
          Group: clk
     Startpoint: (R) local_rr_q_reg[0][0]/CK
          Clock: (R) clk
       Endpoint: (F) local_rr_q_reg[1][1]/D
          Clock: (R) clk

                     Capture       Launch     
        Clock Edge:+   10000            0     
       Src Latency:+       0            0     
       Net Latency:+       0 (I)        0 (I) 
           Arrival:=   10000            0     
                                              
             Setup:-     157                  
     Required Time:=    9843                  
      Launch Clock:-       0                  
         Data Path:-    2990                  
             Slack:=    6853                  

#------------------------------------------------------------------------------------------------
#      Timing Point       Flags   Arc   Edge   Cell     Fanout Load Trans Delay Arrival Instance 
#                                                              (fF)  (ps)  (ps)   (ps)  Location 
#------------------------------------------------------------------------------------------------
  local_rr_q_reg[0][0]/CK -       -     R     (arrival)     79    -     0     0       0    (-,-) 
  local_rr_q_reg[0][0]/Q  -       CK->Q R     DFFRHQX1       7 28.7   403   391     391    (-,-) 
  g10305/Y                -       A->Y  F     INVX1          5 19.9   159   113     504    (-,-) 
  g10175__1881/Y          -       B1->Y R     OAI22X1        2  8.6   261   185     689    (-,-) 
  g10156__8428/Y          -       B->Y  F     NOR2X1         3 12.2   109    82     771    (-,-) 
  g10154/Y                -       A->Y  R     INVX1          1  4.8    76    65     836    (-,-) 
  g10141__9945/Y          -       A->Y  F     NOR3X1         2  7.0   104    48     884    (-,-) 
  g10138/Y                -       A->Y  R     INVX1          1  4.7    75    63     948    (-,-) 
  g10131__2802/Y          -       A0->Y F     AOI22X1        2  7.5   106    53    1000    (-,-) 
  g10129__6783/Y          -       B->Y  R     NAND2BX1       3 16.2   183   132    1132    (-,-) 
  g10121__6260/Y          -       S0->Y R     MXI2X1         1  4.7   162   110    1242    (-,-) 
  g10116__6417/Y          -       A0->Y F     AOI21X1        1  3.5    71    54    1296    (-,-) 
  g10113__1666/Y          -       A0->Y R     OAI21XL        6 25.2   530   324    1620    (-,-) 
  g10105__6161/Y          -       A->Y  F     NOR2X1         4 16.6   166   102    1722    (-,-) 
  g10101/Y                -       A->Y  R     INVX1          3 13.2   144   118    1839    (-,-) 
  g10076__1666/Y          -       B0->Y F     AOI211XL       1  4.2   119    52    1891    (-,-) 
  g10060__7098/Y          -       D->Y  F     OR4X2          1  5.0    67   266    2157    (-,-) 
  g10059__5122/Y          -       B0->Y R     AOI211X1       1  3.5   184   115    2272    (-,-) 
  g10058__2802/Y          -       B0->Y F     OAI2BB1X1      1  5.0    65    40    2312    (-,-) 
  g10056__5526/Y          -       B0->Y R     AOI211X1       5 20.3   434   259    2571    (-,-) 
  g10055/Y                -       A->Y  F     INVX1          7 24.1   180   130    2702    (-,-) 
  g10032__1666/Y          -       A1->Y R     AOI22X1        4 15.8   308   221    2922    (-,-) 
  g10007__5107/Y          -       A->Y  F     MXI2X1         1  2.1    85    68    2990    (-,-) 
  local_rr_q_reg[1][1]/D  -       -     F     DFFRX1         1    -     -     0    2990    (-,-) 
#------------------------------------------------------------------------------------------------



Path 2: MET (6853 ps) Setup Check with Pin local_rr_q_reg[0][1]/CK->D
          Group: clk
     Startpoint: (R) local_rr_q_reg[0][0]/CK
          Clock: (R) clk
       Endpoint: (F) local_rr_q_reg[0][1]/D
          Clock: (R) clk

                     Capture       Launch     
        Clock Edge:+   10000            0     
       Src Latency:+       0            0     
       Net Latency:+       0 (I)        0 (I) 
           Arrival:=   10000            0     
                                              
             Setup:-     157                  
     Required Time:=    9843                  
      Launch Clock:-       0                  
         Data Path:-    2990                  
             Slack:=    6853                  

#------------------------------------------------------------------------------------------------
#      Timing Point       Flags   Arc   Edge   Cell     Fanout Load Trans Delay Arrival Instance 
#                                                              (fF)  (ps)  (ps)   (ps)  Location 
#------------------------------------------------------------------------------------------------
  local_rr_q_reg[0][0]/CK -       -     R     (arrival)     79    -     0     0       0    (-,-) 
  local_rr_q_reg[0][0]/Q  -       CK->Q R     DFFRHQX1       7 28.7   403   391     391    (-,-) 
  g10305/Y                -       A->Y  F     INVX1          5 19.9   159   113     504    (-,-) 
  g10175__1881/Y          -       B1->Y R     OAI22X1        2  8.6   261   185     689    (-,-) 
  g10156__8428/Y          -       B->Y  F     NOR2X1         3 12.2   109    82     771    (-,-) 
  g10154/Y                -       A->Y  R     INVX1          1  4.8    76    65     836    (-,-) 
  g10141__9945/Y          -       A->Y  F     NOR3X1         2  7.0   104    48     884    (-,-) 
  g10138/Y                -       A->Y  R     INVX1          1  4.7    75    63     948    (-,-) 
  g10131__2802/Y          -       A0->Y F     AOI22X1        2  7.5   106    53    1000    (-,-) 
  g10129__6783/Y          -       B->Y  R     NAND2BX1       3 16.2   183   132    1132    (-,-) 
  g10121__6260/Y          -       S0->Y R     MXI2X1         1  4.7   162   110    1242    (-,-) 
  g10116__6417/Y          -       A0->Y F     AOI21X1        1  3.5    71    54    1296    (-,-) 
  g10113__1666/Y          -       A0->Y R     OAI21XL        6 25.2   530   324    1620    (-,-) 
  g10105__6161/Y          -       A->Y  F     NOR2X1         4 16.6   166   102    1722    (-,-) 
  g10101/Y                -       A->Y  R     INVX1          3 13.2   144   118    1839    (-,-) 
  g10076__1666/Y          -       B0->Y F     AOI211XL       1  4.2   119    52    1891    (-,-) 
  g10060__7098/Y          -       D->Y  F     OR4X2          1  5.0    67   266    2157    (-,-) 
  g10059__5122/Y          -       B0->Y R     AOI211X1       1  3.5   184   115    2272    (-,-) 
  g10058__2802/Y          -       B0->Y F     OAI2BB1X1      1  5.0    65    40    2312    (-,-) 
  g10056__5526/Y          -       B0->Y R     AOI211X1       5 20.3   434   259    2571    (-,-) 
  g10055/Y                -       A->Y  F     INVX1          7 24.1   180   130    2702    (-,-) 
  g10032__1666/Y          -       A1->Y R     AOI22X1        4 15.8   308   221    2922    (-,-) 
  g10006__6260/Y          -       A->Y  F     MXI2X1         1  2.1    85    68    2990    (-,-) 
  local_rr_q_reg[0][1]/D  -       -     F     DFFRX1         1    -     -     0    2990    (-,-) 
#------------------------------------------------------------------------------------------------



Path 3: MET (6855 ps) Setup Check with Pin local_rr_q_reg[2][1]/CK->D
          Group: clk
     Startpoint: (R) local_rr_q_reg[0][0]/CK
          Clock: (R) clk
       Endpoint: (F) local_rr_q_reg[2][1]/D
          Clock: (R) clk

                     Capture       Launch     
        Clock Edge:+   10000            0     
       Src Latency:+       0            0     
       Net Latency:+       0 (I)        0 (I) 
           Arrival:=   10000            0     
                                              
             Setup:-     157                  
     Required Time:=    9843                  
      Launch Clock:-       0                  
         Data Path:-    2988                  
             Slack:=    6855                  

#------------------------------------------------------------------------------------------------
#      Timing Point       Flags   Arc   Edge   Cell     Fanout Load Trans Delay Arrival Instance 
#                                                              (fF)  (ps)  (ps)   (ps)  Location 
#------------------------------------------------------------------------------------------------
  local_rr_q_reg[0][0]/CK -       -     R     (arrival)     79    -     0     0       0    (-,-) 
  local_rr_q_reg[0][0]/Q  -       CK->Q R     DFFRHQX1       7 28.7   403   391     391    (-,-) 
  g10305/Y                -       A->Y  F     INVX1          5 19.9   159   113     504    (-,-) 
  g10175__1881/Y          -       B1->Y R     OAI22X1        2  8.6   261   185     689    (-,-) 
  g10156__8428/Y          -       B->Y  F     NOR2X1         3 12.2   109    82     771    (-,-) 
  g10154/Y                -       A->Y  R     INVX1          1  4.8    76    65     836    (-,-) 
  g10141__9945/Y          -       A->Y  F     NOR3X1         2  7.0   104    48     884    (-,-) 
  g10138/Y                -       A->Y  R     INVX1          1  4.7    75    63     948    (-,-) 
  g10131__2802/Y          -       A0->Y F     AOI22X1        2  7.5   106    53    1000    (-,-) 
  g10129__6783/Y          -       B->Y  R     NAND2BX1       3 16.2   183   132    1132    (-,-) 
  g10121__6260/Y          -       S0->Y R     MXI2X1         1  4.7   162   110    1242    (-,-) 
  g10116__6417/Y          -       A0->Y F     AOI21X1        1  3.5    71    54    1296    (-,-) 
  g10113__1666/Y          -       A0->Y R     OAI21XL        6 25.2   530   324    1620    (-,-) 
  g10105__6161/Y          -       A->Y  F     NOR2X1         4 16.6   166   102    1722    (-,-) 
  g10101/Y                -       A->Y  R     INVX1          3 13.2   144   118    1839    (-,-) 
  g10076__1666/Y          -       B0->Y F     AOI211XL       1  4.2   119    52    1891    (-,-) 
  g10060__7098/Y          -       D->Y  F     OR4X2          1  5.0    67   266    2157    (-,-) 
  g10059__5122/Y          -       B0->Y R     AOI211X1       1  3.5   184   115    2272    (-,-) 
  g10058__2802/Y          -       B0->Y F     OAI2BB1X1      1  5.0    65    40    2312    (-,-) 
  g10056__5526/Y          -       B0->Y R     AOI211X1       5 20.3   434   259    2571    (-,-) 
  g10055/Y                -       A->Y  F     INVX1          7 24.1   180   130    2702    (-,-) 
  g10032__1666/Y          -       A1->Y R     AOI22X1        4 15.8   308   221    2922    (-,-) 
  g10005__2398/Y          -       B->Y  F     MXI2X1         1  2.1    85    65    2988    (-,-) 
  local_rr_q_reg[2][1]/D  -       -     F     DFFRX1         1    -     -     0    2988    (-,-) 
#------------------------------------------------------------------------------------------------



Path 4: MET (6855 ps) Setup Check with Pin local_rr_q_reg[3][1]/CK->D
          Group: clk
     Startpoint: (R) local_rr_q_reg[0][0]/CK
          Clock: (R) clk
       Endpoint: (F) local_rr_q_reg[3][1]/D
          Clock: (R) clk

                     Capture       Launch     
        Clock Edge:+   10000            0     
       Src Latency:+       0            0     
       Net Latency:+       0 (I)        0 (I) 
           Arrival:=   10000            0     
                                              
             Setup:-     157                  
     Required Time:=    9843                  
      Launch Clock:-       0                  
         Data Path:-    2988                  
             Slack:=    6855                  

#------------------------------------------------------------------------------------------------
#      Timing Point       Flags   Arc   Edge   Cell     Fanout Load Trans Delay Arrival Instance 
#                                                              (fF)  (ps)  (ps)   (ps)  Location 
#------------------------------------------------------------------------------------------------
  local_rr_q_reg[0][0]/CK -       -     R     (arrival)     79    -     0     0       0    (-,-) 
  local_rr_q_reg[0][0]/Q  -       CK->Q R     DFFRHQX1       7 28.7   403   391     391    (-,-) 
  g10305/Y                -       A->Y  F     INVX1          5 19.9   159   113     504    (-,-) 
  g10175__1881/Y          -       B1->Y R     OAI22X1        2  8.6   261   185     689    (-,-) 
  g10156__8428/Y          -       B->Y  F     NOR2X1         3 12.2   109    82     771    (-,-) 
  g10154/Y                -       A->Y  R     INVX1          1  4.8    76    65     836    (-,-) 
  g10141__9945/Y          -       A->Y  F     NOR3X1         2  7.0   104    48     884    (-,-) 
  g10138/Y                -       A->Y  R     INVX1          1  4.7    75    63     948    (-,-) 
  g10131__2802/Y          -       A0->Y F     AOI22X1        2  7.5   106    53    1000    (-,-) 
  g10129__6783/Y          -       B->Y  R     NAND2BX1       3 16.2   183   132    1132    (-,-) 
  g10121__6260/Y          -       S0->Y R     MXI2X1         1  4.7   162   110    1242    (-,-) 
  g10116__6417/Y          -       A0->Y F     AOI21X1        1  3.5    71    54    1296    (-,-) 
  g10113__1666/Y          -       A0->Y R     OAI21XL        6 25.2   530   324    1620    (-,-) 
  g10105__6161/Y          -       A->Y  F     NOR2X1         4 16.6   166   102    1722    (-,-) 
  g10101/Y                -       A->Y  R     INVX1          3 13.2   144   118    1839    (-,-) 
  g10076__1666/Y          -       B0->Y F     AOI211XL       1  4.2   119    52    1891    (-,-) 
  g10060__7098/Y          -       D->Y  F     OR4X2          1  5.0    67   266    2157    (-,-) 
  g10059__5122/Y          -       B0->Y R     AOI211X1       1  3.5   184   115    2272    (-,-) 
  g10058__2802/Y          -       B0->Y F     OAI2BB1X1      1  5.0    65    40    2312    (-,-) 
  g10056__5526/Y          -       B0->Y R     AOI211X1       5 20.3   434   259    2571    (-,-) 
  g10055/Y                -       A->Y  F     INVX1          7 24.1   180   130    2702    (-,-) 
  g10032__1666/Y          -       A1->Y R     AOI22X1        4 15.8   308   221    2922    (-,-) 
  g10008__4319/Y          -       B->Y  F     MXI2X1         1  2.1    85    65    2988    (-,-) 
  local_rr_q_reg[3][1]/D  -       -     F     DFFRX1         1    -     -     0    2988    (-,-) 
#------------------------------------------------------------------------------------------------



Path 5: MET (6858 ps) Setup Check with Pin pending_q_reg[8]/CK->D
          Group: clk
     Startpoint: (R) local_rr_q_reg[0][0]/CK
          Clock: (R) clk
       Endpoint: (F) pending_q_reg[8]/D
          Clock: (R) clk

                     Capture       Launch     
        Clock Edge:+   10000            0     
       Src Latency:+       0            0     
       Net Latency:+       0 (I)        0 (I) 
           Arrival:=   10000            0     
                                              
             Setup:-     225                  
     Required Time:=    9775                  
      Launch Clock:-       0                  
         Data Path:-    2917                  
             Slack:=    6858                  

#------------------------------------------------------------------------------------------------
#      Timing Point       Flags   Arc   Edge   Cell     Fanout Load Trans Delay Arrival Instance 
#                                                              (fF)  (ps)  (ps)   (ps)  Location 
#------------------------------------------------------------------------------------------------
  local_rr_q_reg[0][0]/CK -       -     R     (arrival)     79    -     0     0       0    (-,-) 
  local_rr_q_reg[0][0]/Q  -       CK->Q R     DFFRHQX1       7 28.7   403   391     391    (-,-) 
  g10305/Y                -       A->Y  F     INVX1          5 19.9   159   113     504    (-,-) 
  g10175__1881/Y          -       B1->Y R     OAI22X1        2  8.6   261   185     689    (-,-) 
  g10156__8428/Y          -       B->Y  F     NOR2X1         3 12.2   109    82     771    (-,-) 
  g10154/Y                -       A->Y  R     INVX1          1  4.8    76    65     836    (-,-) 
  g10141__9945/Y          -       A->Y  F     NOR3X1         2  7.0   104    48     884    (-,-) 
  g10138/Y                -       A->Y  R     INVX1          1  4.7    75    63     948    (-,-) 
  g10131__2802/Y          -       A0->Y F     AOI22X1        2  7.5   106    53    1000    (-,-) 
  g10129__6783/Y          -       B->Y  R     NAND2BX1       3 16.2   183   132    1132    (-,-) 
  g10121__6260/Y          -       S0->Y R     MXI2X1         1  4.7   162   110    1242    (-,-) 
  g10116__6417/Y          -       A0->Y F     AOI21X1        1  3.5    71    54    1296    (-,-) 
  g10113__1666/Y          -       A0->Y R     OAI21XL        6 25.2   530   324    1620    (-,-) 
  g10105__6161/Y          -       A->Y  F     NOR2X1         4 16.6   166   102    1722    (-,-) 
  g10101/Y                -       A->Y  R     INVX1          3 13.2   144   118    1839    (-,-) 
  g10076__1666/Y          -       B0->Y F     AOI211XL       1  4.2   119    52    1891    (-,-) 
  g10060__7098/Y          -       D->Y  F     OR4X2          1  5.0    67   266    2157    (-,-) 
  g10059__5122/Y          -       B0->Y R     AOI211X1       1  3.5   184   115    2272    (-,-) 
  g10058__2802/Y          -       B0->Y F     OAI2BB1X1      1  5.0    65    40    2312    (-,-) 
  g10056__5526/Y          -       B0->Y R     AOI211X1       5 20.3   434   259    2571    (-,-) 
  g10055/Y                -       A->Y  F     INVX1          7 24.1   180   130    2702    (-,-) 
  g10053__5477/Y          -       A->Y  R     NOR2X1         4 12.8   213   161    2862    (-,-) 
  g10030__5122/Y          -       A1->Y F     AOI21XL        1  1.9    78    55    2917    (-,-) 
  pending_q_reg[8]/D      -       -     F     DFFRHQX1       1    -     -     0    2917    (-,-) 
#------------------------------------------------------------------------------------------------



Path 6: MET (6858 ps) Setup Check with Pin pending_q_reg[14]/CK->D
          Group: clk
     Startpoint: (R) local_rr_q_reg[0][0]/CK
          Clock: (R) clk
       Endpoint: (F) pending_q_reg[14]/D
          Clock: (R) clk

                     Capture       Launch     
        Clock Edge:+   10000            0     
       Src Latency:+       0            0     
       Net Latency:+       0 (I)        0 (I) 
           Arrival:=   10000            0     
                                              
             Setup:-     225                  
     Required Time:=    9775                  
      Launch Clock:-       0                  
         Data Path:-    2917                  
             Slack:=    6858                  

#------------------------------------------------------------------------------------------------
#      Timing Point       Flags   Arc   Edge   Cell     Fanout Load Trans Delay Arrival Instance 
#                                                              (fF)  (ps)  (ps)   (ps)  Location 
#------------------------------------------------------------------------------------------------
  local_rr_q_reg[0][0]/CK -       -     R     (arrival)     79    -     0     0       0    (-,-) 
  local_rr_q_reg[0][0]/Q  -       CK->Q R     DFFRHQX1       7 28.7   403   391     391    (-,-) 
  g10305/Y                -       A->Y  F     INVX1          5 19.9   159   113     504    (-,-) 
  g10175__1881/Y          -       B1->Y R     OAI22X1        2  8.6   261   185     689    (-,-) 
  g10156__8428/Y          -       B->Y  F     NOR2X1         3 12.2   109    82     771    (-,-) 
  g10154/Y                -       A->Y  R     INVX1          1  4.8    76    65     836    (-,-) 
  g10141__9945/Y          -       A->Y  F     NOR3X1         2  7.0   104    48     884    (-,-) 
  g10138/Y                -       A->Y  R     INVX1          1  4.7    75    63     948    (-,-) 
  g10131__2802/Y          -       A0->Y F     AOI22X1        2  7.5   106    53    1000    (-,-) 
  g10129__6783/Y          -       B->Y  R     NAND2BX1       3 16.2   183   132    1132    (-,-) 
  g10121__6260/Y          -       S0->Y R     MXI2X1         1  4.7   162   110    1242    (-,-) 
  g10116__6417/Y          -       A0->Y F     AOI21X1        1  3.5    71    54    1296    (-,-) 
  g10113__1666/Y          -       A0->Y R     OAI21XL        6 25.2   530   324    1620    (-,-) 
  g10105__6161/Y          -       A->Y  F     NOR2X1         4 16.6   166   102    1722    (-,-) 
  g10101/Y                -       A->Y  R     INVX1          3 13.2   144   118    1839    (-,-) 
  g10076__1666/Y          -       B0->Y F     AOI211XL       1  4.2   119    52    1891    (-,-) 
  g10060__7098/Y          -       D->Y  F     OR4X2          1  5.0    67   266    2157    (-,-) 
  g10059__5122/Y          -       B0->Y R     AOI211X1       1  3.5   184   115    2272    (-,-) 
  g10058__2802/Y          -       B0->Y F     OAI2BB1X1      1  5.0    65    40    2312    (-,-) 
  g10056__5526/Y          -       B0->Y R     AOI211X1       5 20.3   434   259    2571    (-,-) 
  g10055/Y                -       A->Y  F     INVX1          7 24.1   180   130    2702    (-,-) 
  g10053__5477/Y          -       A->Y  R     NOR2X1         4 12.8   213   161    2862    (-,-) 
  g10019__8428/Y          -       A1->Y F     AOI21XL        1  1.9    78    55    2917    (-,-) 
  pending_q_reg[14]/D     -       -     F     DFFRHQX1       1    -     -     0    2917    (-,-) 
#------------------------------------------------------------------------------------------------



Path 7: MET (6858 ps) Setup Check with Pin pending_q_reg[10]/CK->D
          Group: clk
     Startpoint: (R) local_rr_q_reg[0][0]/CK
          Clock: (R) clk
       Endpoint: (F) pending_q_reg[10]/D
          Clock: (R) clk

                     Capture       Launch     
        Clock Edge:+   10000            0     
       Src Latency:+       0            0     
       Net Latency:+       0 (I)        0 (I) 
           Arrival:=   10000            0     
                                              
             Setup:-     225                  
     Required Time:=    9775                  
      Launch Clock:-       0                  
         Data Path:-    2917                  
             Slack:=    6858                  

#------------------------------------------------------------------------------------------------
#      Timing Point       Flags   Arc   Edge   Cell     Fanout Load Trans Delay Arrival Instance 
#                                                              (fF)  (ps)  (ps)   (ps)  Location 
#------------------------------------------------------------------------------------------------
  local_rr_q_reg[0][0]/CK -       -     R     (arrival)     79    -     0     0       0    (-,-) 
  local_rr_q_reg[0][0]/Q  -       CK->Q R     DFFRHQX1       7 28.7   403   391     391    (-,-) 
  g10305/Y                -       A->Y  F     INVX1          5 19.9   159   113     504    (-,-) 
  g10175__1881/Y          -       B1->Y R     OAI22X1        2  8.6   261   185     689    (-,-) 
  g10156__8428/Y          -       B->Y  F     NOR2X1         3 12.2   109    82     771    (-,-) 
  g10154/Y                -       A->Y  R     INVX1          1  4.8    76    65     836    (-,-) 
  g10141__9945/Y          -       A->Y  F     NOR3X1         2  7.0   104    48     884    (-,-) 
  g10138/Y                -       A->Y  R     INVX1          1  4.7    75    63     948    (-,-) 
  g10131__2802/Y          -       A0->Y F     AOI22X1        2  7.5   106    53    1000    (-,-) 
  g10129__6783/Y          -       B->Y  R     NAND2BX1       3 16.2   183   132    1132    (-,-) 
  g10121__6260/Y          -       S0->Y R     MXI2X1         1  4.7   162   110    1242    (-,-) 
  g10116__6417/Y          -       A0->Y F     AOI21X1        1  3.5    71    54    1296    (-,-) 
  g10113__1666/Y          -       A0->Y R     OAI21XL        6 25.2   530   324    1620    (-,-) 
  g10105__6161/Y          -       A->Y  F     NOR2X1         4 16.6   166   102    1722    (-,-) 
  g10101/Y                -       A->Y  R     INVX1          3 13.2   144   118    1839    (-,-) 
  g10076__1666/Y          -       B0->Y F     AOI211XL       1  4.2   119    52    1891    (-,-) 
  g10060__7098/Y          -       D->Y  F     OR4X2          1  5.0    67   266    2157    (-,-) 
  g10059__5122/Y          -       B0->Y R     AOI211X1       1  3.5   184   115    2272    (-,-) 
  g10058__2802/Y          -       B0->Y F     OAI2BB1X1      1  5.0    65    40    2312    (-,-) 
  g10056__5526/Y          -       B0->Y R     AOI211X1       5 20.3   434   259    2571    (-,-) 
  g10055/Y                -       A->Y  F     INVX1          7 24.1   180   130    2702    (-,-) 
  g10053__5477/Y          -       A->Y  R     NOR2X1         4 12.8   213   161    2862    (-,-) 
  g10015__1705/Y          -       A1->Y F     AOI21XL        1  1.9    78    55    2917    (-,-) 
  pending_q_reg[10]/D     -       -     F     DFFRHQX1       1    -     -     0    2917    (-,-) 
#------------------------------------------------------------------------------------------------



Path 8: MET (6858 ps) Setup Check with Pin pending_q_reg[6]/CK->D
          Group: clk
     Startpoint: (R) local_rr_q_reg[0][0]/CK
          Clock: (R) clk
       Endpoint: (F) pending_q_reg[6]/D
          Clock: (R) clk

                     Capture       Launch     
        Clock Edge:+   10000            0     
       Src Latency:+       0            0     
       Net Latency:+       0 (I)        0 (I) 
           Arrival:=   10000            0     
                                              
             Setup:-     225                  
     Required Time:=    9775                  
      Launch Clock:-       0                  
         Data Path:-    2917                  
             Slack:=    6858                  

#------------------------------------------------------------------------------------------------
#      Timing Point       Flags   Arc   Edge   Cell     Fanout Load Trans Delay Arrival Instance 
#                                                              (fF)  (ps)  (ps)   (ps)  Location 
#------------------------------------------------------------------------------------------------
  local_rr_q_reg[0][0]/CK -       -     R     (arrival)     79    -     0     0       0    (-,-) 
  local_rr_q_reg[0][0]/Q  -       CK->Q R     DFFRHQX1       7 28.7   403   391     391    (-,-) 
  g10305/Y                -       A->Y  F     INVX1          5 19.9   159   113     504    (-,-) 
  g10175__1881/Y          -       B1->Y R     OAI22X1        2  8.6   261   185     689    (-,-) 
  g10156__8428/Y          -       B->Y  F     NOR2X1         3 12.2   109    82     771    (-,-) 
  g10154/Y                -       A->Y  R     INVX1          1  4.8    76    65     836    (-,-) 
  g10141__9945/Y          -       A->Y  F     NOR3X1         2  7.0   104    48     884    (-,-) 
  g10138/Y                -       A->Y  R     INVX1          1  4.7    75    63     948    (-,-) 
  g10131__2802/Y          -       A0->Y F     AOI22X1        2  7.5   106    53    1000    (-,-) 
  g10129__6783/Y          -       B->Y  R     NAND2BX1       3 16.2   183   132    1132    (-,-) 
  g10121__6260/Y          -       S0->Y R     MXI2X1         1  4.7   162   110    1242    (-,-) 
  g10116__6417/Y          -       A0->Y F     AOI21X1        1  3.5    71    54    1296    (-,-) 
  g10113__1666/Y          -       A0->Y R     OAI21XL        6 25.2   530   324    1620    (-,-) 
  g10105__6161/Y          -       A->Y  F     NOR2X1         4 16.6   166   102    1722    (-,-) 
  g10101/Y                -       A->Y  R     INVX1          3 13.2   144   118    1839    (-,-) 
  g10076__1666/Y          -       B0->Y F     AOI211XL       1  4.2   119    52    1891    (-,-) 
  g10060__7098/Y          -       D->Y  F     OR4X2          1  5.0    67   266    2157    (-,-) 
  g10059__5122/Y          -       B0->Y R     AOI211X1       1  3.5   184   115    2272    (-,-) 
  g10058__2802/Y          -       B0->Y F     OAI2BB1X1      1  5.0    65    40    2312    (-,-) 
  g10056__5526/Y          -       B0->Y R     AOI211X1       5 20.3   434   259    2571    (-,-) 
  g10055/Y                -       A->Y  F     INVX1          7 24.1   180   130    2702    (-,-) 
  g10050__6417/Y          -       A->Y  R     NOR2X1         4 12.8   213   161    2862    (-,-) 
  g10029__1617/Y          -       A1->Y F     AOI21XL        1  1.9    78    55    2917    (-,-) 
  pending_q_reg[6]/D      -       -     F     DFFRHQX1       1    -     -     0    2917    (-,-) 
#------------------------------------------------------------------------------------------------



Path 9: MET (6858 ps) Setup Check with Pin pending_q_reg[0]/CK->D
          Group: clk
     Startpoint: (R) local_rr_q_reg[0][0]/CK
          Clock: (R) clk
       Endpoint: (F) pending_q_reg[0]/D
          Clock: (R) clk

                     Capture       Launch     
        Clock Edge:+   10000            0     
       Src Latency:+       0            0     
       Net Latency:+       0 (I)        0 (I) 
           Arrival:=   10000            0     
                                              
             Setup:-     225                  
     Required Time:=    9775                  
      Launch Clock:-       0                  
         Data Path:-    2917                  
             Slack:=    6858                  

#------------------------------------------------------------------------------------------------
#      Timing Point       Flags   Arc   Edge   Cell     Fanout Load Trans Delay Arrival Instance 
#                                                              (fF)  (ps)  (ps)   (ps)  Location 
#------------------------------------------------------------------------------------------------
  local_rr_q_reg[0][0]/CK -       -     R     (arrival)     79    -     0     0       0    (-,-) 
  local_rr_q_reg[0][0]/Q  -       CK->Q R     DFFRHQX1       7 28.7   403   391     391    (-,-) 
  g10305/Y                -       A->Y  F     INVX1          5 19.9   159   113     504    (-,-) 
  g10175__1881/Y          -       B1->Y R     OAI22X1        2  8.6   261   185     689    (-,-) 
  g10156__8428/Y          -       B->Y  F     NOR2X1         3 12.2   109    82     771    (-,-) 
  g10154/Y                -       A->Y  R     INVX1          1  4.8    76    65     836    (-,-) 
  g10141__9945/Y          -       A->Y  F     NOR3X1         2  7.0   104    48     884    (-,-) 
  g10138/Y                -       A->Y  R     INVX1          1  4.7    75    63     948    (-,-) 
  g10131__2802/Y          -       A0->Y F     AOI22X1        2  7.5   106    53    1000    (-,-) 
  g10129__6783/Y          -       B->Y  R     NAND2BX1       3 16.2   183   132    1132    (-,-) 
  g10121__6260/Y          -       S0->Y R     MXI2X1         1  4.7   162   110    1242    (-,-) 
  g10116__6417/Y          -       A0->Y F     AOI21X1        1  3.5    71    54    1296    (-,-) 
  g10113__1666/Y          -       A0->Y R     OAI21XL        6 25.2   530   324    1620    (-,-) 
  g10105__6161/Y          -       A->Y  F     NOR2X1         4 16.6   166   102    1722    (-,-) 
  g10101/Y                -       A->Y  R     INVX1          3 13.2   144   118    1839    (-,-) 
  g10076__1666/Y          -       B0->Y F     AOI211XL       1  4.2   119    52    1891    (-,-) 
  g10060__7098/Y          -       D->Y  F     OR4X2          1  5.0    67   266    2157    (-,-) 
  g10059__5122/Y          -       B0->Y R     AOI211X1       1  3.5   184   115    2272    (-,-) 
  g10058__2802/Y          -       B0->Y F     OAI2BB1X1      1  5.0    65    40    2312    (-,-) 
  g10056__5526/Y          -       B0->Y R     AOI211X1       5 20.3   434   259    2571    (-,-) 
  g10055/Y                -       A->Y  F     INVX1          7 24.1   180   130    2702    (-,-) 
  g10050__6417/Y          -       A->Y  R     NOR2X1         4 12.8   213   161    2862    (-,-) 
  g10025__3680/Y          -       A1->Y F     AOI21XL        1  1.9    78    55    2917    (-,-) 
  pending_q_reg[0]/D      -       -     F     DFFRHQX1       1    -     -     0    2917    (-,-) 
#------------------------------------------------------------------------------------------------



Path 10: MET (6858 ps) Setup Check with Pin pending_q_reg[2]/CK->D
          Group: clk
     Startpoint: (R) local_rr_q_reg[0][0]/CK
          Clock: (R) clk
       Endpoint: (F) pending_q_reg[2]/D
          Clock: (R) clk

                     Capture       Launch     
        Clock Edge:+   10000            0     
       Src Latency:+       0            0     
       Net Latency:+       0 (I)        0 (I) 
           Arrival:=   10000            0     
                                              
             Setup:-     225                  
     Required Time:=    9775                  
      Launch Clock:-       0                  
         Data Path:-    2917                  
             Slack:=    6858                  

#------------------------------------------------------------------------------------------------
#      Timing Point       Flags   Arc   Edge   Cell     Fanout Load Trans Delay Arrival Instance 
#                                                              (fF)  (ps)  (ps)   (ps)  Location 
#------------------------------------------------------------------------------------------------
  local_rr_q_reg[0][0]/CK -       -     R     (arrival)     79    -     0     0       0    (-,-) 
  local_rr_q_reg[0][0]/Q  -       CK->Q R     DFFRHQX1       7 28.7   403   391     391    (-,-) 
  g10305/Y                -       A->Y  F     INVX1          5 19.9   159   113     504    (-,-) 
  g10175__1881/Y          -       B1->Y R     OAI22X1        2  8.6   261   185     689    (-,-) 
  g10156__8428/Y          -       B->Y  F     NOR2X1         3 12.2   109    82     771    (-,-) 
  g10154/Y                -       A->Y  R     INVX1          1  4.8    76    65     836    (-,-) 
  g10141__9945/Y          -       A->Y  F     NOR3X1         2  7.0   104    48     884    (-,-) 
  g10138/Y                -       A->Y  R     INVX1          1  4.7    75    63     948    (-,-) 
  g10131__2802/Y          -       A0->Y F     AOI22X1        2  7.5   106    53    1000    (-,-) 
  g10129__6783/Y          -       B->Y  R     NAND2BX1       3 16.2   183   132    1132    (-,-) 
  g10121__6260/Y          -       S0->Y R     MXI2X1         1  4.7   162   110    1242    (-,-) 
  g10116__6417/Y          -       A0->Y F     AOI21X1        1  3.5    71    54    1296    (-,-) 
  g10113__1666/Y          -       A0->Y R     OAI21XL        6 25.2   530   324    1620    (-,-) 
  g10105__6161/Y          -       A->Y  F     NOR2X1         4 16.6   166   102    1722    (-,-) 
  g10101/Y                -       A->Y  R     INVX1          3 13.2   144   118    1839    (-,-) 
  g10076__1666/Y          -       B0->Y F     AOI211XL       1  4.2   119    52    1891    (-,-) 
  g10060__7098/Y          -       D->Y  F     OR4X2          1  5.0    67   266    2157    (-,-) 
  g10059__5122/Y          -       B0->Y R     AOI211X1       1  3.5   184   115    2272    (-,-) 
  g10058__2802/Y          -       B0->Y F     OAI2BB1X1      1  5.0    65    40    2312    (-,-) 
  g10056__5526/Y          -       B0->Y R     AOI211X1       5 20.3   434   259    2571    (-,-) 
  g10055/Y                -       A->Y  F     INVX1          7 24.1   180   130    2702    (-,-) 
  g10050__6417/Y          -       A->Y  R     NOR2X1         4 12.8   213   161    2862    (-,-) 
  g10024__6783/Y          -       A1->Y F     AOI21XL        1  1.9    78    55    2917    (-,-) 
  pending_q_reg[2]/D      -       -     F     DFFRHQX1       1    -     -     0    2917    (-,-) 
#------------------------------------------------------------------------------------------------



Path 11: MET (6858 ps) Setup Check with Pin pending_q_reg[12]/CK->D
          Group: clk
     Startpoint: (R) local_rr_q_reg[0][0]/CK
          Clock: (R) clk
       Endpoint: (F) pending_q_reg[12]/D
          Clock: (R) clk

                     Capture       Launch     
        Clock Edge:+   10000            0     
       Src Latency:+       0            0     
       Net Latency:+       0 (I)        0 (I) 
           Arrival:=   10000            0     
                                              
             Setup:-     225                  
     Required Time:=    9775                  
      Launch Clock:-       0                  
         Data Path:-    2917                  
             Slack:=    6858                  

#------------------------------------------------------------------------------------------------
#      Timing Point       Flags   Arc   Edge   Cell     Fanout Load Trans Delay Arrival Instance 
#                                                              (fF)  (ps)  (ps)   (ps)  Location 
#------------------------------------------------------------------------------------------------
  local_rr_q_reg[0][0]/CK -       -     R     (arrival)     79    -     0     0       0    (-,-) 
  local_rr_q_reg[0][0]/Q  -       CK->Q R     DFFRHQX1       7 28.7   403   391     391    (-,-) 
  g10305/Y                -       A->Y  F     INVX1          5 19.9   159   113     504    (-,-) 
  g10175__1881/Y          -       B1->Y R     OAI22X1        2  8.6   261   185     689    (-,-) 
  g10156__8428/Y          -       B->Y  F     NOR2X1         3 12.2   109    82     771    (-,-) 
  g10154/Y                -       A->Y  R     INVX1          1  4.8    76    65     836    (-,-) 
  g10141__9945/Y          -       A->Y  F     NOR3X1         2  7.0   104    48     884    (-,-) 
  g10138/Y                -       A->Y  R     INVX1          1  4.7    75    63     948    (-,-) 
  g10131__2802/Y          -       A0->Y F     AOI22X1        2  7.5   106    53    1000    (-,-) 
  g10129__6783/Y          -       B->Y  R     NAND2BX1       3 16.2   183   132    1132    (-,-) 
  g10121__6260/Y          -       S0->Y R     MXI2X1         1  4.7   162   110    1242    (-,-) 
  g10116__6417/Y          -       A0->Y F     AOI21X1        1  3.5    71    54    1296    (-,-) 
  g10113__1666/Y          -       A0->Y R     OAI21XL        6 25.2   530   324    1620    (-,-) 
  g10105__6161/Y          -       A->Y  F     NOR2X1         4 16.6   166   102    1722    (-,-) 
  g10101/Y                -       A->Y  R     INVX1          3 13.2   144   118    1839    (-,-) 
  g10076__1666/Y          -       B0->Y F     AOI211XL       1  4.2   119    52    1891    (-,-) 
  g10060__7098/Y          -       D->Y  F     OR4X2          1  5.0    67   266    2157    (-,-) 
  g10059__5122/Y          -       B0->Y R     AOI211X1       1  3.5   184   115    2272    (-,-) 
  g10058__2802/Y          -       B0->Y F     OAI2BB1X1      1  5.0    65    40    2312    (-,-) 
  g10056__5526/Y          -       B0->Y R     AOI211X1       5 20.3   434   259    2571    (-,-) 
  g10055/Y                -       A->Y  F     INVX1          7 24.1   180   130    2702    (-,-) 
  g10053__5477/Y          -       A->Y  R     NOR2X1         4 12.8   213   161    2862    (-,-) 
  g10023__5526/Y          -       A1->Y F     AOI21XL        1  1.9    78    55    2917    (-,-) 
  pending_q_reg[12]/D     -       -     F     DFFRHQX1       1    -     -     0    2917    (-,-) 
#------------------------------------------------------------------------------------------------



Path 12: MET (6858 ps) Setup Check with Pin pending_q_reg[4]/CK->D
          Group: clk
     Startpoint: (R) local_rr_q_reg[0][0]/CK
          Clock: (R) clk
       Endpoint: (F) pending_q_reg[4]/D
          Clock: (R) clk

                     Capture       Launch     
        Clock Edge:+   10000            0     
       Src Latency:+       0            0     
       Net Latency:+       0 (I)        0 (I) 
           Arrival:=   10000            0     
                                              
             Setup:-     225                  
     Required Time:=    9775                  
      Launch Clock:-       0                  
         Data Path:-    2917                  
             Slack:=    6858                  

#------------------------------------------------------------------------------------------------
#      Timing Point       Flags   Arc   Edge   Cell     Fanout Load Trans Delay Arrival Instance 
#                                                              (fF)  (ps)  (ps)   (ps)  Location 
#------------------------------------------------------------------------------------------------
  local_rr_q_reg[0][0]/CK -       -     R     (arrival)     79    -     0     0       0    (-,-) 
  local_rr_q_reg[0][0]/Q  -       CK->Q R     DFFRHQX1       7 28.7   403   391     391    (-,-) 
  g10305/Y                -       A->Y  F     INVX1          5 19.9   159   113     504    (-,-) 
  g10175__1881/Y          -       B1->Y R     OAI22X1        2  8.6   261   185     689    (-,-) 
  g10156__8428/Y          -       B->Y  F     NOR2X1         3 12.2   109    82     771    (-,-) 
  g10154/Y                -       A->Y  R     INVX1          1  4.8    76    65     836    (-,-) 
  g10141__9945/Y          -       A->Y  F     NOR3X1         2  7.0   104    48     884    (-,-) 
  g10138/Y                -       A->Y  R     INVX1          1  4.7    75    63     948    (-,-) 
  g10131__2802/Y          -       A0->Y F     AOI22X1        2  7.5   106    53    1000    (-,-) 
  g10129__6783/Y          -       B->Y  R     NAND2BX1       3 16.2   183   132    1132    (-,-) 
  g10121__6260/Y          -       S0->Y R     MXI2X1         1  4.7   162   110    1242    (-,-) 
  g10116__6417/Y          -       A0->Y F     AOI21X1        1  3.5    71    54    1296    (-,-) 
  g10113__1666/Y          -       A0->Y R     OAI21XL        6 25.2   530   324    1620    (-,-) 
  g10105__6161/Y          -       A->Y  F     NOR2X1         4 16.6   166   102    1722    (-,-) 
  g10101/Y                -       A->Y  R     INVX1          3 13.2   144   118    1839    (-,-) 
  g10076__1666/Y          -       B0->Y F     AOI211XL       1  4.2   119    52    1891    (-,-) 
  g10060__7098/Y          -       D->Y  F     OR4X2          1  5.0    67   266    2157    (-,-) 
  g10059__5122/Y          -       B0->Y R     AOI211X1       1  3.5   184   115    2272    (-,-) 
  g10058__2802/Y          -       B0->Y F     OAI2BB1X1      1  5.0    65    40    2312    (-,-) 
  g10056__5526/Y          -       B0->Y R     AOI211X1       5 20.3   434   259    2571    (-,-) 
  g10055/Y                -       A->Y  F     INVX1          7 24.1   180   130    2702    (-,-) 
  g10050__6417/Y          -       A->Y  R     NOR2X1         4 12.8   213   161    2862    (-,-) 
  g10028__2802/Y          -       A1->Y F     AOI21XL        1  1.9    78    55    2917    (-,-) 
  pending_q_reg[4]/D      -       -     F     DFFRHQX1       1    -     -     0    2917    (-,-) 
#------------------------------------------------------------------------------------------------



Path 13: MET (7044 ps) Setup Check with Pin local_rr_q_reg[0][0]/CK->D
          Group: clk
     Startpoint: (R) local_rr_q_reg[0][0]/CK
          Clock: (R) clk
       Endpoint: (R) local_rr_q_reg[0][0]/D
          Clock: (R) clk

                     Capture       Launch     
        Clock Edge:+   10000            0     
       Src Latency:+       0            0     
       Net Latency:+       0 (I)        0 (I) 
           Arrival:=   10000            0     
                                              
             Setup:-     127                  
     Required Time:=    9873                  
      Launch Clock:-       0                  
         Data Path:-    2829                  
             Slack:=    7044                  

#------------------------------------------------------------------------------------------------
#      Timing Point       Flags   Arc   Edge   Cell     Fanout Load Trans Delay Arrival Instance 
#                                                              (fF)  (ps)  (ps)   (ps)  Location 
#------------------------------------------------------------------------------------------------
  local_rr_q_reg[0][0]/CK -       -     R     (arrival)     79    -     0     0       0    (-,-) 
  local_rr_q_reg[0][0]/Q  -       CK->Q R     DFFRHQX1       7 28.7   403   391     391    (-,-) 
  g10305/Y                -       A->Y  F     INVX1          5 19.9   159   113     504    (-,-) 
  g10175__1881/Y          -       B1->Y R     OAI22X1        2  8.6   261   185     689    (-,-) 
  g10156__8428/Y          -       B->Y  F     NOR2X1         3 12.2   109    82     771    (-,-) 
  g10154/Y                -       A->Y  R     INVX1          1  4.8    76    65     836    (-,-) 
  g10141__9945/Y          -       A->Y  F     NOR3X1         2  7.0   104    48     884    (-,-) 
  g10138/Y                -       A->Y  R     INVX1          1  4.7    75    63     948    (-,-) 
  g10131__2802/Y          -       A0->Y F     AOI22X1        2  7.5   106    53    1000    (-,-) 
  g10129__6783/Y          -       B->Y  R     NAND2BX1       3 16.2   183   132    1132    (-,-) 
  g10121__6260/Y          -       S0->Y R     MXI2X1         1  4.7   162   110    1242    (-,-) 
  g10116__6417/Y          -       A0->Y F     AOI21X1        1  3.5    71    54    1296    (-,-) 
  g10113__1666/Y          -       A0->Y R     OAI21XL        6 25.2   530   324    1620    (-,-) 
  g10105__6161/Y          -       A->Y  F     NOR2X1         4 16.6   166   102    1722    (-,-) 
  g10101/Y                -       A->Y  R     INVX1          3 13.2   144   118    1839    (-,-) 
  g10076__1666/Y          -       B0->Y F     AOI211XL       1  4.2   119    52    1891    (-,-) 
  g10060__7098/Y          -       D->Y  F     OR4X2          1  5.0    67   266    2157    (-,-) 
  g10059__5122/Y          -       B0->Y R     AOI211X1       1  3.5   184   115    2272    (-,-) 
  g10058__2802/Y          -       B0->Y F     OAI2BB1X1      1  5.0    65    40    2312    (-,-) 
  g10056__5526/Y          -       B0->Y R     AOI211X1       5 20.3   434   259    2571    (-,-) 
  g10055/Y                -       A->Y  F     INVX1          7 24.1   180   130    2702    (-,-) 
  g10048__2883/Y          -       B0->Y R     OAI2BB2XL      1  1.9   144   128    2829    (-,-) 
  local_rr_q_reg[0][0]/D  -       -     R     DFFRHQX1       1    -     -     0    2829    (-,-) 
#------------------------------------------------------------------------------------------------



Path 14: MET (7054 ps) Setup Check with Pin pending_q_reg[9]/CK->D
          Group: clk
     Startpoint: (R) local_rr_q_reg[0][0]/CK
          Clock: (R) clk
       Endpoint: (F) pending_q_reg[9]/D
          Clock: (R) clk

                     Capture       Launch     
        Clock Edge:+   10000            0     
       Src Latency:+       0            0     
       Net Latency:+       0 (I)        0 (I) 
           Arrival:=   10000            0     
                                              
             Setup:-     225                  
     Required Time:=    9775                  
      Launch Clock:-       0                  
         Data Path:-    2721                  
             Slack:=    7054                  

#------------------------------------------------------------------------------------------------
#      Timing Point       Flags   Arc   Edge   Cell     Fanout Load Trans Delay Arrival Instance 
#                                                              (fF)  (ps)  (ps)   (ps)  Location 
#------------------------------------------------------------------------------------------------
  local_rr_q_reg[0][0]/CK -       -     R     (arrival)     79    -     0     0       0    (-,-) 
  local_rr_q_reg[0][0]/Q  -       CK->Q R     DFFRHQX1       7 28.7   403   391     391    (-,-) 
  g10305/Y                -       A->Y  F     INVX1          5 19.9   159   113     504    (-,-) 
  g10175__1881/Y          -       B1->Y R     OAI22X1        2  8.6   261   185     689    (-,-) 
  g10156__8428/Y          -       B->Y  F     NOR2X1         3 12.2   109    82     771    (-,-) 
  g10154/Y                -       A->Y  R     INVX1          1  4.8    76    65     836    (-,-) 
  g10141__9945/Y          -       A->Y  F     NOR3X1         2  7.0   104    48     884    (-,-) 
  g10138/Y                -       A->Y  R     INVX1          1  4.7    75    63     948    (-,-) 
  g10131__2802/Y          -       A0->Y F     AOI22X1        2  7.5   106    53    1000    (-,-) 
  g10129__6783/Y          -       B->Y  R     NAND2BX1       3 16.2   183   132    1132    (-,-) 
  g10121__6260/Y          -       S0->Y R     MXI2X1         1  4.7   162   110    1242    (-,-) 
  g10116__6417/Y          -       A0->Y F     AOI21X1        1  3.5    71    54    1296    (-,-) 
  g10113__1666/Y          -       A0->Y R     OAI21XL        6 25.2   530   324    1620    (-,-) 
  g10106__2883/Y          -       A->Y  F     NOR2X1         5 21.9   192   130    1750    (-,-) 
  g10097__1705/Y          -       A->Y  R     NAND3X1        2  7.8   132   107    1857    (-,-) 
  g10073__7410/Y          -       B->Y  F     NOR2BXL        1  4.8    66    54    1911    (-,-) 
  g10057__8246/Y          -       D->Y  R     NOR4X1         1  4.9   214   195    2106    (-,-) 
  g10052__1705/Y          -       A->Y  F     NAND4X1        1  5.0    96    62    2169    (-,-) 
  g10042__1617/Y          -       B0->Y R     AOI211X1       5 20.6   438   267    2435    (-,-) 
  g10041/Y                -       A->Y  F     INVX1          3 13.2   132    77    2513    (-,-) 
  g10034__4319/Y          -       A->Y  R     NOR2X1         4 12.8   212   150    2662    (-,-) 
  g10018__6161/Y          -       A0->Y F     AOI21XL        1  1.9    78    58    2721    (-,-) 
  pending_q_reg[9]/D      -       -     F     DFFRHQX1       1    -     -     0    2721    (-,-) 
#------------------------------------------------------------------------------------------------



Path 15: MET (7054 ps) Setup Check with Pin pending_q_reg[1]/CK->D
          Group: clk
     Startpoint: (R) local_rr_q_reg[0][0]/CK
          Clock: (R) clk
       Endpoint: (F) pending_q_reg[1]/D
          Clock: (R) clk

                     Capture       Launch     
        Clock Edge:+   10000            0     
       Src Latency:+       0            0     
       Net Latency:+       0 (I)        0 (I) 
           Arrival:=   10000            0     
                                              
             Setup:-     225                  
     Required Time:=    9775                  
      Launch Clock:-       0                  
         Data Path:-    2721                  
             Slack:=    7054                  

#------------------------------------------------------------------------------------------------
#      Timing Point       Flags   Arc   Edge   Cell     Fanout Load Trans Delay Arrival Instance 
#                                                              (fF)  (ps)  (ps)   (ps)  Location 
#------------------------------------------------------------------------------------------------
  local_rr_q_reg[0][0]/CK -       -     R     (arrival)     79    -     0     0       0    (-,-) 
  local_rr_q_reg[0][0]/Q  -       CK->Q R     DFFRHQX1       7 28.7   403   391     391    (-,-) 
  g10305/Y                -       A->Y  F     INVX1          5 19.9   159   113     504    (-,-) 
  g10175__1881/Y          -       B1->Y R     OAI22X1        2  8.6   261   185     689    (-,-) 
  g10156__8428/Y          -       B->Y  F     NOR2X1         3 12.2   109    82     771    (-,-) 
  g10154/Y                -       A->Y  R     INVX1          1  4.8    76    65     836    (-,-) 
  g10141__9945/Y          -       A->Y  F     NOR3X1         2  7.0   104    48     884    (-,-) 
  g10138/Y                -       A->Y  R     INVX1          1  4.7    75    63     948    (-,-) 
  g10131__2802/Y          -       A0->Y F     AOI22X1        2  7.5   106    53    1000    (-,-) 
  g10129__6783/Y          -       B->Y  R     NAND2BX1       3 16.2   183   132    1132    (-,-) 
  g10121__6260/Y          -       S0->Y R     MXI2X1         1  4.7   162   110    1242    (-,-) 
  g10116__6417/Y          -       A0->Y F     AOI21X1        1  3.5    71    54    1296    (-,-) 
  g10113__1666/Y          -       A0->Y R     OAI21XL        6 25.2   530   324    1620    (-,-) 
  g10106__2883/Y          -       A->Y  F     NOR2X1         5 21.9   192   130    1750    (-,-) 
  g10097__1705/Y          -       A->Y  R     NAND3X1        2  7.8   132   107    1857    (-,-) 
  g10073__7410/Y          -       B->Y  F     NOR2BXL        1  4.8    66    54    1911    (-,-) 
  g10057__8246/Y          -       D->Y  R     NOR4X1         1  4.9   214   195    2106    (-,-) 
  g10052__1705/Y          -       A->Y  F     NAND4X1        1  5.0    96    62    2169    (-,-) 
  g10042__1617/Y          -       B0->Y R     AOI211X1       5 20.6   438   267    2435    (-,-) 
  g10041/Y                -       A->Y  F     INVX1          3 13.2   132    77    2513    (-,-) 
  g10034__4319/Y          -       A->Y  R     NOR2X1         4 12.8   212   150    2662    (-,-) 
  g10026__8246/Y          -       A0->Y F     AOI21XL        1  1.9    78    58    2721    (-,-) 
  pending_q_reg[1]/D      -       -     F     DFFRHQX1       1    -     -     0    2721    (-,-) 
#------------------------------------------------------------------------------------------------



Path 16: MET (7055 ps) Setup Check with Pin pending_q_reg[13]/CK->D
          Group: clk
     Startpoint: (R) local_rr_q_reg[0][0]/CK
          Clock: (R) clk
       Endpoint: (F) pending_q_reg[13]/D
          Clock: (R) clk

                     Capture       Launch     
        Clock Edge:+   10000            0     
       Src Latency:+       0            0     
       Net Latency:+       0 (I)        0 (I) 
           Arrival:=   10000            0     
                                              
             Setup:-     225                  
     Required Time:=    9775                  
      Launch Clock:-       0                  
         Data Path:-    2721                  
             Slack:=    7055                  

#------------------------------------------------------------------------------------------------
#      Timing Point       Flags   Arc   Edge   Cell     Fanout Load Trans Delay Arrival Instance 
#                                                              (fF)  (ps)  (ps)   (ps)  Location 
#------------------------------------------------------------------------------------------------
  local_rr_q_reg[0][0]/CK -       -     R     (arrival)     79    -     0     0       0    (-,-) 
  local_rr_q_reg[0][0]/Q  -       CK->Q R     DFFRHQX1       7 28.7   403   391     391    (-,-) 
  g10305/Y                -       A->Y  F     INVX1          5 19.9   159   113     504    (-,-) 
  g10175__1881/Y          -       B1->Y R     OAI22X1        2  8.6   261   185     689    (-,-) 
  g10156__8428/Y          -       B->Y  F     NOR2X1         3 12.2   109    82     771    (-,-) 
  g10154/Y                -       A->Y  R     INVX1          1  4.8    76    65     836    (-,-) 
  g10141__9945/Y          -       A->Y  F     NOR3X1         2  7.0   104    48     884    (-,-) 
  g10138/Y                -       A->Y  R     INVX1          1  4.7    75    63     948    (-,-) 
  g10131__2802/Y          -       A0->Y F     AOI22X1        2  7.5   106    53    1000    (-,-) 
  g10129__6783/Y          -       B->Y  R     NAND2BX1       3 16.2   183   132    1132    (-,-) 
  g10121__6260/Y          -       S0->Y R     MXI2X1         1  4.7   162   110    1242    (-,-) 
  g10116__6417/Y          -       A0->Y F     AOI21X1        1  3.5    71    54    1296    (-,-) 
  g10113__1666/Y          -       A0->Y R     OAI21XL        6 25.2   530   324    1620    (-,-) 
  g10106__2883/Y          -       A->Y  F     NOR2X1         5 21.9   192   130    1750    (-,-) 
  g10097__1705/Y          -       A->Y  R     NAND3X1        2  7.8   132   107    1857    (-,-) 
  g10073__7410/Y          -       B->Y  F     NOR2BXL        1  4.8    66    54    1911    (-,-) 
  g10057__8246/Y          -       D->Y  R     NOR4X1         1  4.9   214   195    2106    (-,-) 
  g10052__1705/Y          -       A->Y  F     NAND4X1        1  5.0    96    62    2169    (-,-) 
  g10042__1617/Y          -       B0->Y R     AOI211X1       5 20.6   438   267    2435    (-,-) 
  g10041/Y                -       A->Y  F     INVX1          3 13.2   132    77    2513    (-,-) 
  g10036__8428/Y          -       A->Y  R     NOR2X1         4 12.8   211   150    2662    (-,-) 
  g10021__7098/Y          -       A0->Y F     AOI21XL        1  1.9    78    58    2721    (-,-) 
  pending_q_reg[13]/D     -       -     F     DFFRHQX1       1    -     -     0    2721    (-,-) 
#------------------------------------------------------------------------------------------------



Path 17: MET (7055 ps) Setup Check with Pin pending_q_reg[5]/CK->D
          Group: clk
     Startpoint: (R) local_rr_q_reg[0][0]/CK
          Clock: (R) clk
       Endpoint: (F) pending_q_reg[5]/D
          Clock: (R) clk

                     Capture       Launch     
        Clock Edge:+   10000            0     
       Src Latency:+       0            0     
       Net Latency:+       0 (I)        0 (I) 
           Arrival:=   10000            0     
                                              
             Setup:-     225                  
     Required Time:=    9775                  
      Launch Clock:-       0                  
         Data Path:-    2721                  
             Slack:=    7055                  

#------------------------------------------------------------------------------------------------
#      Timing Point       Flags   Arc   Edge   Cell     Fanout Load Trans Delay Arrival Instance 
#                                                              (fF)  (ps)  (ps)   (ps)  Location 
#------------------------------------------------------------------------------------------------
  local_rr_q_reg[0][0]/CK -       -     R     (arrival)     79    -     0     0       0    (-,-) 
  local_rr_q_reg[0][0]/Q  -       CK->Q R     DFFRHQX1       7 28.7   403   391     391    (-,-) 
  g10305/Y                -       A->Y  F     INVX1          5 19.9   159   113     504    (-,-) 
  g10175__1881/Y          -       B1->Y R     OAI22X1        2  8.6   261   185     689    (-,-) 
  g10156__8428/Y          -       B->Y  F     NOR2X1         3 12.2   109    82     771    (-,-) 
  g10154/Y                -       A->Y  R     INVX1          1  4.8    76    65     836    (-,-) 
  g10141__9945/Y          -       A->Y  F     NOR3X1         2  7.0   104    48     884    (-,-) 
  g10138/Y                -       A->Y  R     INVX1          1  4.7    75    63     948    (-,-) 
  g10131__2802/Y          -       A0->Y F     AOI22X1        2  7.5   106    53    1000    (-,-) 
  g10129__6783/Y          -       B->Y  R     NAND2BX1       3 16.2   183   132    1132    (-,-) 
  g10121__6260/Y          -       S0->Y R     MXI2X1         1  4.7   162   110    1242    (-,-) 
  g10116__6417/Y          -       A0->Y F     AOI21X1        1  3.5    71    54    1296    (-,-) 
  g10113__1666/Y          -       A0->Y R     OAI21XL        6 25.2   530   324    1620    (-,-) 
  g10106__2883/Y          -       A->Y  F     NOR2X1         5 21.9   192   130    1750    (-,-) 
  g10097__1705/Y          -       A->Y  R     NAND3X1        2  7.8   132   107    1857    (-,-) 
  g10073__7410/Y          -       B->Y  F     NOR2BXL        1  4.8    66    54    1911    (-,-) 
  g10057__8246/Y          -       D->Y  R     NOR4X1         1  4.9   214   195    2106    (-,-) 
  g10052__1705/Y          -       A->Y  F     NAND4X1        1  5.0    96    62    2169    (-,-) 
  g10042__1617/Y          -       B0->Y R     AOI211X1       5 20.6   438   267    2435    (-,-) 
  g10041/Y                -       A->Y  F     INVX1          3 13.2   132    77    2513    (-,-) 
  g10036__8428/Y          -       A->Y  R     NOR2X1         4 12.8   211   150    2662    (-,-) 
  g10027__7482/Y          -       A0->Y F     AOI21XL        1  1.9    78    58    2721    (-,-) 
  pending_q_reg[5]/D      -       -     F     DFFRHQX1       1    -     -     0    2721    (-,-) 
#------------------------------------------------------------------------------------------------



Path 18: MET (7072 ps) Setup Check with Pin local_rr_q_reg[3][0]/CK->D
          Group: clk
     Startpoint: (R) local_rr_q_reg[0][0]/CK
          Clock: (R) clk
       Endpoint: (R) local_rr_q_reg[3][0]/D
          Clock: (R) clk

                     Capture       Launch     
        Clock Edge:+   10000            0     
       Src Latency:+       0            0     
       Net Latency:+       0 (I)        0 (I) 
           Arrival:=   10000            0     
                                              
             Setup:-      77                  
     Required Time:=    9923                  
      Launch Clock:-       0                  
         Data Path:-    2851                  
             Slack:=    7072                  

#------------------------------------------------------------------------------------------------
#      Timing Point       Flags   Arc   Edge   Cell     Fanout Load Trans Delay Arrival Instance 
#                                                              (fF)  (ps)  (ps)   (ps)  Location 
#------------------------------------------------------------------------------------------------
  local_rr_q_reg[0][0]/CK -       -     R     (arrival)     79    -     0     0       0    (-,-) 
  local_rr_q_reg[0][0]/Q  -       CK->Q R     DFFRHQX1       7 28.7   403   391     391    (-,-) 
  g10305/Y                -       A->Y  F     INVX1          5 19.9   159   113     504    (-,-) 
  g10175__1881/Y          -       B1->Y R     OAI22X1        2  8.6   261   185     689    (-,-) 
  g10156__8428/Y          -       B->Y  F     NOR2X1         3 12.2   109    82     771    (-,-) 
  g10154/Y                -       A->Y  R     INVX1          1  4.8    76    65     836    (-,-) 
  g10141__9945/Y          -       A->Y  F     NOR3X1         2  7.0   104    48     884    (-,-) 
  g10138/Y                -       A->Y  R     INVX1          1  4.7    75    63     948    (-,-) 
  g10131__2802/Y          -       A0->Y F     AOI22X1        2  7.5   106    53    1000    (-,-) 
  g10129__6783/Y          -       B->Y  R     NAND2BX1       3 16.2   183   132    1132    (-,-) 
  g10121__6260/Y          -       S0->Y R     MXI2X1         1  4.7   162   110    1242    (-,-) 
  g10116__6417/Y          -       A0->Y F     AOI21X1        1  3.5    71    54    1296    (-,-) 
  g10113__1666/Y          -       A0->Y R     OAI21XL        6 25.2   530   324    1620    (-,-) 
  g10105__6161/Y          -       A->Y  F     NOR2X1         4 16.6   166   102    1722    (-,-) 
  g10101/Y                -       A->Y  R     INVX1          3 13.2   144   118    1839    (-,-) 
  g10076__1666/Y          -       B0->Y F     AOI211XL       1  4.2   119    52    1891    (-,-) 
  g10060__7098/Y          -       D->Y  F     OR4X2          1  5.0    67   266    2157    (-,-) 
  g10059__5122/Y          -       B0->Y R     AOI211X1       1  3.5   184   115    2272    (-,-) 
  g10058__2802/Y          -       B0->Y F     OAI2BB1X1      1  5.0    65    40    2312    (-,-) 
  g10056__5526/Y          -       B0->Y R     AOI211X1       5 20.3   434   259    2571    (-,-) 
  g10055/Y                -       A->Y  F     INVX1          7 24.1   180   130    2702    (-,-) 
  g10046__9945/Y          -       B->Y  R     MXI2XL         1  2.1   214   150    2851    (-,-) 
  local_rr_q_reg[3][0]/D  -       -     R     DFFRX1         1    -     -     0    2851    (-,-) 
#------------------------------------------------------------------------------------------------



Path 19: MET (7072 ps) Setup Check with Pin local_rr_q_reg[2][0]/CK->D
          Group: clk
     Startpoint: (R) local_rr_q_reg[0][0]/CK
          Clock: (R) clk
       Endpoint: (R) local_rr_q_reg[2][0]/D
          Clock: (R) clk

                     Capture       Launch     
        Clock Edge:+   10000            0     
       Src Latency:+       0            0     
       Net Latency:+       0 (I)        0 (I) 
           Arrival:=   10000            0     
                                              
             Setup:-      77                  
     Required Time:=    9923                  
      Launch Clock:-       0                  
         Data Path:-    2851                  
             Slack:=    7072                  

#------------------------------------------------------------------------------------------------
#      Timing Point       Flags   Arc   Edge   Cell     Fanout Load Trans Delay Arrival Instance 
#                                                              (fF)  (ps)  (ps)   (ps)  Location 
#------------------------------------------------------------------------------------------------
  local_rr_q_reg[0][0]/CK -       -     R     (arrival)     79    -     0     0       0    (-,-) 
  local_rr_q_reg[0][0]/Q  -       CK->Q R     DFFRHQX1       7 28.7   403   391     391    (-,-) 
  g10305/Y                -       A->Y  F     INVX1          5 19.9   159   113     504    (-,-) 
  g10175__1881/Y          -       B1->Y R     OAI22X1        2  8.6   261   185     689    (-,-) 
  g10156__8428/Y          -       B->Y  F     NOR2X1         3 12.2   109    82     771    (-,-) 
  g10154/Y                -       A->Y  R     INVX1          1  4.8    76    65     836    (-,-) 
  g10141__9945/Y          -       A->Y  F     NOR3X1         2  7.0   104    48     884    (-,-) 
  g10138/Y                -       A->Y  R     INVX1          1  4.7    75    63     948    (-,-) 
  g10131__2802/Y          -       A0->Y F     AOI22X1        2  7.5   106    53    1000    (-,-) 
  g10129__6783/Y          -       B->Y  R     NAND2BX1       3 16.2   183   132    1132    (-,-) 
  g10121__6260/Y          -       S0->Y R     MXI2X1         1  4.7   162   110    1242    (-,-) 
  g10116__6417/Y          -       A0->Y F     AOI21X1        1  3.5    71    54    1296    (-,-) 
  g10113__1666/Y          -       A0->Y R     OAI21XL        6 25.2   530   324    1620    (-,-) 
  g10105__6161/Y          -       A->Y  F     NOR2X1         4 16.6   166   102    1722    (-,-) 
  g10101/Y                -       A->Y  R     INVX1          3 13.2   144   118    1839    (-,-) 
  g10076__1666/Y          -       B0->Y F     AOI211XL       1  4.2   119    52    1891    (-,-) 
  g10060__7098/Y          -       D->Y  F     OR4X2          1  5.0    67   266    2157    (-,-) 
  g10059__5122/Y          -       B0->Y R     AOI211X1       1  3.5   184   115    2272    (-,-) 
  g10058__2802/Y          -       B0->Y F     OAI2BB1X1      1  5.0    65    40    2312    (-,-) 
  g10056__5526/Y          -       B0->Y R     AOI211X1       5 20.3   434   259    2571    (-,-) 
  g10055/Y                -       A->Y  F     INVX1          7 24.1   180   130    2702    (-,-) 
  g10045__9315/Y          -       B->Y  R     MXI2XL         1  2.1   214   150    2851    (-,-) 
  local_rr_q_reg[2][0]/D  -       -     R     DFFRX1         1    -     -     0    2851    (-,-) 
#------------------------------------------------------------------------------------------------



Path 20: MET (7097 ps) Setup Check with Pin pending_q_reg[11]/CK->D
          Group: clk
     Startpoint: (R) local_rr_q_reg[0][0]/CK
          Clock: (R) clk
       Endpoint: (R) pending_q_reg[11]/D
          Clock: (R) clk

                     Capture       Launch     
        Clock Edge:+   10000            0     
       Src Latency:+       0            0     
       Net Latency:+       0 (I)        0 (I) 
           Arrival:=   10000            0     
                                              
             Setup:-     127                  
     Required Time:=    9873                  
      Launch Clock:-       0                  
         Data Path:-    2776                  
             Slack:=    7097                  

#------------------------------------------------------------------------------------------------
#      Timing Point       Flags   Arc   Edge   Cell     Fanout Load Trans Delay Arrival Instance 
#                                                              (fF)  (ps)  (ps)   (ps)  Location 
#------------------------------------------------------------------------------------------------
  local_rr_q_reg[0][0]/CK -       -     R     (arrival)     79    -     0     0       0    (-,-) 
  local_rr_q_reg[0][0]/Q  -       CK->Q R     DFFRHQX1       7 28.7   403   391     391    (-,-) 
  g10305/Y                -       A->Y  F     INVX1          5 19.9   159   113     504    (-,-) 
  g10175__1881/Y          -       B1->Y R     OAI22X1        2  8.6   261   185     689    (-,-) 
  g10156__8428/Y          -       B->Y  F     NOR2X1         3 12.2   109    82     771    (-,-) 
  g10154/Y                -       A->Y  R     INVX1          1  4.8    76    65     836    (-,-) 
  g10141__9945/Y          -       A->Y  F     NOR3X1         2  7.0   104    48     884    (-,-) 
  g10138/Y                -       A->Y  R     INVX1          1  4.7    75    63     948    (-,-) 
  g10131__2802/Y          -       A0->Y F     AOI22X1        2  7.5   106    53    1000    (-,-) 
  g10129__6783/Y          -       B->Y  R     NAND2BX1       3 16.2   183   132    1132    (-,-) 
  g10121__6260/Y          -       S0->Y R     MXI2X1         1  4.7   162   110    1242    (-,-) 
  g10116__6417/Y          -       A0->Y F     AOI21X1        1  3.5    71    54    1296    (-,-) 
  g10113__1666/Y          -       A0->Y R     OAI21XL        6 25.2   530   324    1620    (-,-) 
  g10105__6161/Y          -       A->Y  F     NOR2X1         4 16.6   166   102    1722    (-,-) 
  g10101/Y                -       A->Y  R     INVX1          3 13.2   144   118    1839    (-,-) 
  g10076__1666/Y          -       B0->Y F     AOI211XL       1  4.2   119    52    1891    (-,-) 
  g10060__7098/Y          -       D->Y  F     OR4X2          1  5.0    67   266    2157    (-,-) 
  g10059__5122/Y          -       B0->Y R     AOI211X1       1  3.5   184   115    2272    (-,-) 
  g10058__2802/Y          -       B0->Y F     OAI2BB1X1      1  5.0    65    40    2312    (-,-) 
  g10056__5526/Y          -       B0->Y R     AOI211X1       5 20.3   434   259    2571    (-,-) 
  g10051__2398/Y          -       A->Y  F     NOR2X1         4 12.8   132    81    2652    (-,-) 
  g10020__6131/Y          -       A1->Y R     AOI21XL        1  1.9   118   124    2776    (-,-) 
  pending_q_reg[11]/D     -       -     R     DFFRHQX1       1    -     -     0    2776    (-,-) 
#------------------------------------------------------------------------------------------------

