============================================================
  Generated by:           Genus(TM) Synthesis Solution 23.14-s090_1
  Generated on:           Aug 20 2026  02:16:14 am
  Module:                 aer_improved_cutthrough
  Technology library:     typical 1.0
  Operating conditions:   typical (balanced_tree)
  Wireload mode:          enclosed
  Area mode:              timing library
============================================================

                               
   Gate    Instances    Area     Library  
------------------------------------------
AND2X2             2    26.611    typical 
AOI211X1           3    49.896    typical 
AOI211XL           4    66.528    typical 
AOI21X1           26   345.946    typical 
AOI21XL           32   425.779    typical 
AOI22X1           11   182.952    typical 
AOI22XL            1    16.632    typical 
AOI2BB1X1          1    16.632    typical 
DFFRHQX1          71  4959.662    typical 
DFFRX1             8   612.058    typical 
INVX1             52   345.946    typical 
INVXL              3    19.958    typical 
MXI2X1             5   116.424    typical 
MXI2XL             4    93.139    typical 
NAND2BX1           6    79.834    typical 
NAND2X1            9    89.813    typical 
NAND2XL            1     9.979    typical 
NAND3BX1           5    83.160    typical 
NAND3X1            2    26.611    typical 
NAND4BXL           1    19.958    typical 
NAND4X1            3    49.896    typical 
NOR2BX1            1    13.306    typical 
NOR2BXL            1    13.306    typical 
NOR2X1            15   149.688    typical 
NOR3X1             5    66.528    typical 
NOR4X1             1    19.958    typical 
OAI21XL            8   106.445    typical 
OAI222XL           1    26.611    typical 
OAI22X1           12   239.501    typical 
OAI22XL            1    19.958    typical 
OAI2BB1X1          3    49.896    typical 
OAI2BB2X1          2    46.570    typical 
OAI2BB2XL          3    69.854    typical 
OAI31X1            1    19.958    typical 
OAI32X1            1    23.285    typical 
OAI33X1            1    26.611    typical 
OR4X2              2    39.917    typical 
------------------------------------------
total            308  8568.807            


                                         
     Type      Instances   Area   Area % 
-----------------------------------------
sequential            79 5571.720   65.0 
inverter              55  365.904    4.3 
logic                174 2631.182   30.7 
physical_cells         0    0.000    0.0 
-----------------------------------------
total                308 8568.807  100.0 

