xrun(64): 23.09-s013: (c) Copyright 1995-2024 Cadence Design Systems, Inc.
TOOL:	xrun(64)	23.09-s013: Started on Aug 20, 2026 at 02:25:32 KST
xrun
	-64bit
	-clean
	-sv
	-timescale 1ns/1ps
	-access +rwc
	rtl/aer_improved_cutthrough.sv
	tb/aer_improved_cutthrough_test_wrapper.sv
	tb/aer_improved_hybrid_tb.sv
	-top aer_improved_hybrid_tb
	-xmlibdirname build_p4c_main
	-l logs/xcelium_p4c_main.log
xrun: *N,CLEAN: Removing existing directory ./build_p4c_main.
DEFINE std       ./STD
|
xrun: *W,DLCPTH (/home/tools/cadence/XCELIUMMAIN2309/tools/inca/files/cdsvhdl.lib,1): cds.lib Invalid path '/home/tools/cadence/XCELIUMMAIN2309/tools/inca/files/STD' (cds.lib command ignored).
DEFINE synopsys  ./SYNOPSYS
|
xrun: *W,DLCPTH (/home/tools/cadence/XCELIUMMAIN2309/tools/inca/files/cdsvhdl.lib,2): cds.lib Invalid path '/home/tools/cadence/XCELIUMMAIN2309/tools/inca/files/SYNOPSYS' (cds.lib command ignored).
DEFINE ieee      ./IEEE
|
xrun: *W,DLCPTH (/home/tools/cadence/XCELIUMMAIN2309/tools/inca/files/cdsvhdl.lib,3): cds.lib Invalid path '/home/tools/cadence/XCELIUMMAIN2309/tools/inca/files/IEEE' (cds.lib command ignored).
DEFINE ambit     ./AMBIT
|
xrun: *W,DLCPTH (/home/tools/cadence/XCELIUMMAIN2309/tools/inca/files/cdsvhdl.lib,4): cds.lib Invalid path '/home/tools/cadence/XCELIUMMAIN2309/tools/inca/files/AMBIT' (cds.lib command ignored).
DEFINE vital_memory ./VITAL_MEMORY
|
xrun: *W,DLCPTH (/home/tools/cadence/XCELIUMMAIN2309/tools/inca/files/cdsvhdl.lib,5): cds.lib Invalid path '/home/tools/cadence/XCELIUMMAIN2309/tools/inca/files/VITAL_MEMORY' (cds.lib command ignored).
DEFINE ncutils ./NCUTILS
|
xrun: *W,DLCPTH (/home/tools/cadence/XCELIUMMAIN2309/tools/inca/files/cdsvhdl.lib,6): cds.lib Invalid path '/home/tools/cadence/XCELIUMMAIN2309/tools/inca/files/NCUTILS' (cds.lib command ignored).
DEFINE ncinternal ./NCINTERNAL
|
xrun: *W,DLCPTH (/home/tools/cadence/XCELIUMMAIN2309/tools/inca/files/cdsvhdl.lib,7): cds.lib Invalid path '/home/tools/cadence/XCELIUMMAIN2309/tools/inca/files/NCINTERNAL' (cds.lib command ignored).
DEFINE ncmodels ./NCMODELS
|
xrun: *W,DLCPTH (/home/tools/cadence/XCELIUMMAIN2309/tools/inca/files/cdsvhdl.lib,8): cds.lib Invalid path '/home/tools/cadence/XCELIUMMAIN2309/tools/inca/files/NCMODELS' (cds.lib command ignored).
DEFINE xmutils ./XMUTILS
|
xrun: *W,DLCPTH (/home/tools/cadence/XCELIUMMAIN2309/tools/inca/files/cdsvhdl.lib,9): cds.lib Invalid path '/home/tools/cadence/XCELIUMMAIN2309/tools/inca/files/XMUTILS' (cds.lib command ignored).
DEFINE xminternal ./XMINTERNAL
|
xrun: *W,DLCPTH (/home/tools/cadence/XCELIUMMAIN2309/tools/inca/files/cdsvhdl.lib,10): cds.lib Invalid path '/home/tools/cadence/XCELIUMMAIN2309/tools/inca/files/XMINTERNAL' (cds.lib command ignored).
DEFINE xmmodels ./XMMODELS
|
xrun: *W,DLCPTH (/home/tools/cadence/XCELIUMMAIN2309/tools/inca/files/cdsvhdl.lib,11): cds.lib Invalid path '/home/tools/cadence/XCELIUMMAIN2309/tools/inca/files/XMMODELS' (cds.lib command ignored).
DEFINE cds_assertions ./CDS_ASSERTIONS
|
xrun: *W,DLCPTH (/home/tools/cadence/XCELIUMMAIN2309/tools/inca/files/cdsvhdl.lib,12): cds.lib Invalid path '/home/tools/cadence/XCELIUMMAIN2309/tools/inca/files/CDS_ASSERTIONS' (cds.lib command ignored).
DEFINE cds_inhconn ./CDS_INHCONN
|
xrun: *W,DLCPTH (/home/tools/cadence/XCELIUMMAIN2309/tools/inca/files/cdsvhdl.lib,13): cds.lib Invalid path '/home/tools/cadence/XCELIUMMAIN2309/tools/inca/files/CDS_INHCONN' (cds.lib command ignored).
DEFINE cds_spicelib ./CDS_SPICELIB
|
xrun: *W,DLCPTH (/home/tools/cadence/XCELIUMMAIN2309/tools/inca/files/cdsvhdl.lib,14): cds.lib Invalid path '/home/tools/cadence/XCELIUMMAIN2309/tools/inca/files/CDS_SPICELIB' (cds.lib command ignored).
DEFINE cds_amsfunctions ./CDS_AMSFUNCTIONS
|
xrun: *W,DLCPTH (/home/tools/cadence/XCELIUMMAIN2309/tools/inca/files/cdsvhdl.lib,15): cds.lib Invalid path '/home/tools/cadence/XCELIUMMAIN2309/tools/inca/files/CDS_AMSFUNCTIONS' (cds.lib command ignored).
DEFINE std       ./STD
|
xrun: *W,DLCPTH (/home/tools/cadence/XCELIUMMAIN2309/tools/inca/files/cdsvhdl.lib,1): cds.lib Invalid path '/home/tools/cadence/XCELIUMMAIN2309/tools/inca/files/STD' (cds.lib command ignored).
DEFINE synopsys  ./SYNOPSYS
|
xrun: *W,DLCPTH (/home/tools/cadence/XCELIUMMAIN2309/tools/inca/files/cdsvhdl.lib,2): cds.lib Invalid path '/home/tools/cadence/XCELIUMMAIN2309/tools/inca/files/SYNOPSYS' (cds.lib command ignored).
DEFINE ieee      ./IEEE
|
xrun: *W,DLCPTH (/home/tools/cadence/XCELIUMMAIN2309/tools/inca/files/cdsvhdl.lib,3): cds.lib Invalid path '/home/tools/cadence/XCELIUMMAIN2309/tools/inca/files/IEEE' (cds.lib command ignored).
DEFINE ambit     ./AMBIT
|
xrun: *W,DLCPTH (/home/tools/cadence/XCELIUMMAIN2309/tools/inca/files/cdsvhdl.lib,4): cds.lib Invalid path '/home/tools/cadence/XCELIUMMAIN2309/tools/inca/files/AMBIT' (cds.lib command ignored).
DEFINE vital_memory ./VITAL_MEMORY
|
xrun: *W,DLCPTH (/home/tools/cadence/XCELIUMMAIN2309/tools/inca/files/cdsvhdl.lib,5): cds.lib Invalid path '/home/tools/cadence/XCELIUMMAIN2309/tools/inca/files/VITAL_MEMORY' (cds.lib command ignored).
DEFINE ncutils ./NCUTILS
|
xrun: *W,DLCPTH (/home/tools/cadence/XCELIUMMAIN2309/tools/inca/files/cdsvhdl.lib,6): cds.lib Invalid path '/home/tools/cadence/XCELIUMMAIN2309/tools/inca/files/NCUTILS' (cds.lib command ignored).
DEFINE ncinternal ./NCINTERNAL
|
xrun: *W,DLCPTH (/home/tools/cadence/XCELIUMMAIN2309/tools/inca/files/cdsvhdl.lib,7): cds.lib Invalid path '/home/tools/cadence/XCELIUMMAIN2309/tools/inca/files/NCINTERNAL' (cds.lib command ignored).
DEFINE ncmodels ./NCMODELS
|
xrun: *W,DLCPTH (/home/tools/cadence/XCELIUMMAIN2309/tools/inca/files/cdsvhdl.lib,8): cds.lib Invalid path '/home/tools/cadence/XCELIUMMAIN2309/tools/inca/files/NCMODELS' (cds.lib command ignored).
DEFINE xmutils ./XMUTILS
|
xrun: *W,DLCPTH (/home/tools/cadence/XCELIUMMAIN2309/tools/inca/files/cdsvhdl.lib,9): cds.lib Invalid path '/home/tools/cadence/XCELIUMMAIN2309/tools/inca/files/XMUTILS' (cds.lib command ignored).
DEFINE xminternal ./XMINTERNAL
|
xrun: *W,DLCPTH (/home/tools/cadence/XCELIUMMAIN2309/tools/inca/files/cdsvhdl.lib,10): cds.lib Invalid path '/home/tools/cadence/XCELIUMMAIN2309/tools/inca/files/XMINTERNAL' (cds.lib command ignored).
DEFINE xmmodels ./XMMODELS
|
xrun: *W,DLCPTH (/home/tools/cadence/XCELIUMMAIN2309/tools/inca/files/cdsvhdl.lib,11): cds.lib Invalid path '/home/tools/cadence/XCELIUMMAIN2309/tools/inca/files/XMMODELS' (cds.lib command ignored).
DEFINE cds_assertions ./CDS_ASSERTIONS
|
xrun: *W,DLCPTH (/home/tools/cadence/XCELIUMMAIN2309/tools/inca/files/cdsvhdl.lib,12): cds.lib Invalid path '/home/tools/cadence/XCELIUMMAIN2309/tools/inca/files/CDS_ASSERTIONS' (cds.lib command ignored).
DEFINE cds_inhconn ./CDS_INHCONN
|
xrun: *W,DLCPTH (/home/tools/cadence/XCELIUMMAIN2309/tools/inca/files/cdsvhdl.lib,13): cds.lib Invalid path '/home/tools/cadence/XCELIUMMAIN2309/tools/inca/files/CDS_INHCONN' (cds.lib command ignored).
DEFINE cds_spicelib ./CDS_SPICELIB
|
xrun: *W,DLCPTH (/home/tools/cadence/XCELIUMMAIN2309/tools/inca/files/cdsvhdl.lib,14): cds.lib Invalid path '/home/tools/cadence/XCELIUMMAIN2309/tools/inca/files/CDS_SPICELIB' (cds.lib command ignored).
DEFINE cds_amsfunctions ./CDS_AMSFUNCTIONS
|
xrun: *W,DLCPTH (/home/tools/cadence/XCELIUMMAIN2309/tools/inca/files/cdsvhdl.lib,15): cds.lib Invalid path '/home/tools/cadence/XCELIUMMAIN2309/tools/inca/files/CDS_AMSFUNCTIONS' (cds.lib command ignored).
DEFINE std       ./STD
|
xrun: *W,DLCPTH (/home/tools/cadence/XCELIUMMAIN2309/tools/inca/files/cdsvhdl.lib,1): cds.lib Invalid path '/home/tools/cadence/XCELIUMMAIN2309/tools/inca/files/STD' (cds.lib command ignored).
DEFINE synopsys  ./SYNOPSYS
|
xrun: *W,DLCPTH (/home/tools/cadence/XCELIUMMAIN2309/tools/inca/files/cdsvhdl.lib,2): cds.lib Invalid path '/home/tools/cadence/XCELIUMMAIN2309/tools/inca/files/SYNOPSYS' (cds.lib command ignored).
DEFINE ieee      ./IEEE
|
xrun: *W,DLCPTH (/home/tools/cadence/XCELIUMMAIN2309/tools/inca/files/cdsvhdl.lib,3): cds.lib Invalid path '/home/tools/cadence/XCELIUMMAIN2309/tools/inca/files/IEEE' (cds.lib command ignored).
DEFINE ambit     ./AMBIT
|
xrun: *W,DLCPTH (/home/tools/cadence/XCELIUMMAIN2309/tools/inca/files/cdsvhdl.lib,4): cds.lib Invalid path '/home/tools/cadence/XCELIUMMAIN2309/tools/inca/files/AMBIT' (cds.lib command ignored).
DEFINE vital_memory ./VITAL_MEMORY
|
xrun: *W,DLCPTH (/home/tools/cadence/XCELIUMMAIN2309/tools/inca/files/cdsvhdl.lib,5): cds.lib Invalid path '/home/tools/cadence/XCELIUMMAIN2309/tools/inca/files/VITAL_MEMORY' (cds.lib command ignored).
DEFINE ncutils ./NCUTILS
|
xrun: *W,DLCPTH (/home/tools/cadence/XCELIUMMAIN2309/tools/inca/files/cdsvhdl.lib,6): cds.lib Invalid path '/home/tools/cadence/XCELIUMMAIN2309/tools/inca/files/NCUTILS' (cds.lib command ignored).
DEFINE ncinternal ./NCINTERNAL
|
xrun: *W,DLCPTH (/home/tools/cadence/XCELIUMMAIN2309/tools/inca/files/cdsvhdl.lib,7): cds.lib Invalid path '/home/tools/cadence/XCELIUMMAIN2309/tools/inca/files/NCINTERNAL' (cds.lib command ignored).
DEFINE ncmodels ./NCMODELS
|
xrun: *W,DLCPTH (/home/tools/cadence/XCELIUMMAIN2309/tools/inca/files/cdsvhdl.lib,8): cds.lib Invalid path '/home/tools/cadence/XCELIUMMAIN2309/tools/inca/files/NCMODELS' (cds.lib command ignored).
DEFINE xmutils ./XMUTILS
|
xrun: *W,DLCPTH (/home/tools/cadence/XCELIUMMAIN2309/tools/inca/files/cdsvhdl.lib,9): cds.lib Invalid path '/home/tools/cadence/XCELIUMMAIN2309/tools/inca/files/XMUTILS' (cds.lib command ignored).
DEFINE xminternal ./XMINTERNAL
|
xrun: *W,DLCPTH (/home/tools/cadence/XCELIUMMAIN2309/tools/inca/files/cdsvhdl.lib,10): cds.lib Invalid path '/home/tools/cadence/XCELIUMMAIN2309/tools/inca/files/XMINTERNAL' (cds.lib command ignored).
DEFINE xmmodels ./XMMODELS
|
xrun: *W,DLCPTH (/home/tools/cadence/XCELIUMMAIN2309/tools/inca/files/cdsvhdl.lib,11): cds.lib Invalid path '/home/tools/cadence/XCELIUMMAIN2309/tools/inca/files/XMMODELS' (cds.lib command ignored).
DEFINE cds_assertions ./CDS_ASSERTIONS
|
xrun: *W,DLCPTH (/home/tools/cadence/XCELIUMMAIN2309/tools/inca/files/cdsvhdl.lib,12): cds.lib Invalid path '/home/tools/cadence/XCELIUMMAIN2309/tools/inca/files/CDS_ASSERTIONS' (cds.lib command ignored).
DEFINE cds_inhconn ./CDS_INHCONN
|
xrun: *W,DLCPTH (/home/tools/cadence/XCELIUMMAIN2309/tools/inca/files/cdsvhdl.lib,13): cds.lib Invalid path '/home/tools/cadence/XCELIUMMAIN2309/tools/inca/files/CDS_INHCONN' (cds.lib command ignored).
DEFINE cds_spicelib ./CDS_SPICELIB
|
xrun: *W,DLCPTH (/home/tools/cadence/XCELIUMMAIN2309/tools/inca/files/cdsvhdl.lib,14): cds.lib Invalid path '/home/tools/cadence/XCELIUMMAIN2309/tools/inca/files/CDS_SPICELIB' (cds.lib command ignored).
DEFINE cds_amsfunctions ./CDS_AMSFUNCTIONS
|
xrun: *W,DLCPTH (/home/tools/cadence/XCELIUMMAIN2309/tools/inca/files/cdsvhdl.lib,15): cds.lib Invalid path '/home/tools/cadence/XCELIUMMAIN2309/tools/inca/files/CDS_AMSFUNCTIONS' (cds.lib command ignored).
DEFINE std       ./STD
|
xrun: *W,DLCPTH (/home/tools/cadence/XCELIUMMAIN2309/tools/inca/files/cdsvhdl.lib,1): cds.lib Invalid path '/home/tools/cadence/XCELIUMMAIN2309/tools/inca/files/STD' (cds.lib command ignored).
DEFINE synopsys  ./SYNOPSYS
|
xrun: *W,DLCPTH (/home/tools/cadence/XCELIUMMAIN2309/tools/inca/files/cdsvhdl.lib,2): cds.lib Invalid path '/home/tools/cadence/XCELIUMMAIN2309/tools/inca/files/SYNOPSYS' (cds.lib command ignored).
DEFINE ieee      ./IEEE
|
xrun: *W,DLCPTH (/home/tools/cadence/XCELIUMMAIN2309/tools/inca/files/cdsvhdl.lib,3): cds.lib Invalid path '/home/tools/cadence/XCELIUMMAIN2309/tools/inca/files/IEEE' (cds.lib command ignored).
DEFINE ambit     ./AMBIT
|
xrun: *W,DLCPTH (/home/tools/cadence/XCELIUMMAIN2309/tools/inca/files/cdsvhdl.lib,4): cds.lib Invalid path '/home/tools/cadence/XCELIUMMAIN2309/tools/inca/files/AMBIT' (cds.lib command ignored).
DEFINE vital_memory ./VITAL_MEMORY
|
xrun: *W,DLCPTH (/home/tools/cadence/XCELIUMMAIN2309/tools/inca/files/cdsvhdl.lib,5): cds.lib Invalid path '/home/tools/cadence/XCELIUMMAIN2309/tools/inca/files/VITAL_MEMORY' (cds.lib command ignored).
DEFINE ncutils ./NCUTILS
|
xrun: *W,DLCPTH (/home/tools/cadence/XCELIUMMAIN2309/tools/inca/files/cdsvhdl.lib,6): cds.lib Invalid path '/home/tools/cadence/XCELIUMMAIN2309/tools/inca/files/NCUTILS' (cds.lib command ignored).
DEFINE ncinternal ./NCINTERNAL
|
xrun: *W,DLCPTH (/home/tools/cadence/XCELIUMMAIN2309/tools/inca/files/cdsvhdl.lib,7): cds.lib Invalid path '/home/tools/cadence/XCELIUMMAIN2309/tools/inca/files/NCINTERNAL' (cds.lib command ignored).
DEFINE ncmodels ./NCMODELS
|
xrun: *W,DLCPTH (/home/tools/cadence/XCELIUMMAIN2309/tools/inca/files/cdsvhdl.lib,8): cds.lib Invalid path '/home/tools/cadence/XCELIUMMAIN2309/tools/inca/files/NCMODELS' (cds.lib command ignored).
DEFINE xmutils ./XMUTILS
|
xrun: *W,DLCPTH (/home/tools/cadence/XCELIUMMAIN2309/tools/inca/files/cdsvhdl.lib,9): cds.lib Invalid path '/home/tools/cadence/XCELIUMMAIN2309/tools/inca/files/XMUTILS' (cds.lib command ignored).
DEFINE xminternal ./XMINTERNAL
|
xrun: *W,DLCPTH (/home/tools/cadence/XCELIUMMAIN2309/tools/inca/files/cdsvhdl.lib,10): cds.lib Invalid path '/home/tools/cadence/XCELIUMMAIN2309/tools/inca/files/XMINTERNAL' (cds.lib command ignored).
DEFINE xmmodels ./XMMODELS
|
xrun: *W,DLCPTH (/home/tools/cadence/XCELIUMMAIN2309/tools/inca/files/cdsvhdl.lib,11): cds.lib Invalid path '/home/tools/cadence/XCELIUMMAIN2309/tools/inca/files/XMMODELS' (cds.lib command ignored).
DEFINE cds_assertions ./CDS_ASSERTIONS
|
xrun: *W,DLCPTH (/home/tools/cadence/XCELIUMMAIN2309/tools/inca/files/cdsvhdl.lib,12): cds.lib Invalid path '/home/tools/cadence/XCELIUMMAIN2309/tools/inca/files/CDS_ASSERTIONS' (cds.lib command ignored).
DEFINE cds_inhconn ./CDS_INHCONN
|
xrun: *W,DLCPTH (/home/tools/cadence/XCELIUMMAIN2309/tools/inca/files/cdsvhdl.lib,13): cds.lib Invalid path '/home/tools/cadence/XCELIUMMAIN2309/tools/inca/files/CDS_INHCONN' (cds.lib command ignored).
DEFINE cds_spicelib ./CDS_SPICELIB
|
xrun: *W,DLCPTH (/home/tools/cadence/XCELIUMMAIN2309/tools/inca/files/cdsvhdl.lib,14): cds.lib Invalid path '/home/tools/cadence/XCELIUMMAIN2309/tools/inca/files/CDS_SPICELIB' (cds.lib command ignored).
DEFINE cds_amsfunctions ./CDS_AMSFUNCTIONS
|
xrun: *W,DLCPTH (/home/tools/cadence/XCELIUMMAIN2309/tools/inca/files/cdsvhdl.lib,15): cds.lib Invalid path '/home/tools/cadence/XCELIUMMAIN2309/tools/inca/files/CDS_AMSFUNCTIONS' (cds.lib command ignored).
DEFINE std       ./STD
|
xrun: *W,DLCPTH (/home/tools/cadence/XCELIUMMAIN2309/tools/inca/files/cdsvhdl.lib,1): cds.lib Invalid path '/home/tools/cadence/XCELIUMMAIN2309/tools/inca/files/STD' (cds.lib command ignored).
DEFINE synopsys  ./SYNOPSYS
|
xrun: *W,DLCPTH (/home/tools/cadence/XCELIUMMAIN2309/tools/inca/files/cdsvhdl.lib,2): cds.lib Invalid path '/home/tools/cadence/XCELIUMMAIN2309/tools/inca/files/SYNOPSYS' (cds.lib command ignored).
DEFINE ieee      ./IEEE
|
xrun: *W,DLCPTH (/home/tools/cadence/XCELIUMMAIN2309/tools/inca/files/cdsvhdl.lib,3): cds.lib Invalid path '/home/tools/cadence/XCELIUMMAIN2309/tools/inca/files/IEEE' (cds.lib command ignored).
DEFINE ambit     ./AMBIT
|
xrun: *W,DLCPTH (/home/tools/cadence/XCELIUMMAIN2309/tools/inca/files/cdsvhdl.lib,4): cds.lib Invalid path '/home/tools/cadence/XCELIUMMAIN2309/tools/inca/files/AMBIT' (cds.lib command ignored).
DEFINE vital_memory ./VITAL_MEMORY
|
xrun: *W,DLCPTH (/home/tools/cadence/XCELIUMMAIN2309/tools/inca/files/cdsvhdl.lib,5): cds.lib Invalid path '/home/tools/cadence/XCELIUMMAIN2309/tools/inca/files/VITAL_MEMORY' (cds.lib command ignored).
DEFINE ncutils ./NCUTILS
|
xrun: *W,DLCPTH (/home/tools/cadence/XCELIUMMAIN2309/tools/inca/files/cdsvhdl.lib,6): cds.lib Invalid path '/home/tools/cadence/XCELIUMMAIN2309/tools/inca/files/NCUTILS' (cds.lib command ignored).
DEFINE ncinternal ./NCINTERNAL
|
xrun: *W,DLCPTH (/home/tools/cadence/XCELIUMMAIN2309/tools/inca/files/cdsvhdl.lib,7): cds.lib Invalid path '/home/tools/cadence/XCELIUMMAIN2309/tools/inca/files/NCINTERNAL' (cds.lib command ignored).
DEFINE ncmodels ./NCMODELS
|
xrun: *W,DLCPTH (/home/tools/cadence/XCELIUMMAIN2309/tools/inca/files/cdsvhdl.lib,8): cds.lib Invalid path '/home/tools/cadence/XCELIUMMAIN2309/tools/inca/files/NCMODELS' (cds.lib command ignored).
DEFINE xmutils ./XMUTILS
|
xrun: *W,DLCPTH (/home/tools/cadence/XCELIUMMAIN2309/tools/inca/files/cdsvhdl.lib,9): cds.lib Invalid path '/home/tools/cadence/XCELIUMMAIN2309/tools/inca/files/XMUTILS' (cds.lib command ignored).
DEFINE xminternal ./XMINTERNAL
|
xrun: *W,DLCPTH (/home/tools/cadence/XCELIUMMAIN2309/tools/inca/files/cdsvhdl.lib,10): cds.lib Invalid path '/home/tools/cadence/XCELIUMMAIN2309/tools/inca/files/XMINTERNAL' (cds.lib command ignored).
DEFINE xmmodels ./XMMODELS
|
xrun: *W,DLCPTH (/home/tools/cadence/XCELIUMMAIN2309/tools/inca/files/cdsvhdl.lib,11): cds.lib Invalid path '/home/tools/cadence/XCELIUMMAIN2309/tools/inca/files/XMMODELS' (cds.lib command ignored).
DEFINE cds_assertions ./CDS_ASSERTIONS
|
xrun: *W,DLCPTH (/home/tools/cadence/XCELIUMMAIN2309/tools/inca/files/cdsvhdl.lib,12): cds.lib Invalid path '/home/tools/cadence/XCELIUMMAIN2309/tools/inca/files/CDS_ASSERTIONS' (cds.lib command ignored).
DEFINE cds_inhconn ./CDS_INHCONN
|
xrun: *W,DLCPTH (/home/tools/cadence/XCELIUMMAIN2309/tools/inca/files/cdsvhdl.lib,13): cds.lib Invalid path '/home/tools/cadence/XCELIUMMAIN2309/tools/inca/files/CDS_INHCONN' (cds.lib command ignored).
DEFINE cds_spicelib ./CDS_SPICELIB
|
xrun: *W,DLCPTH (/home/tools/cadence/XCELIUMMAIN2309/tools/inca/files/cdsvhdl.lib,14): cds.lib Invalid path '/home/tools/cadence/XCELIUMMAIN2309/tools/inca/files/CDS_SPICELIB' (cds.lib command ignored).
DEFINE cds_amsfunctions ./CDS_AMSFUNCTIONS
|
xrun: *W,DLCPTH (/home/tools/cadence/XCELIUMMAIN2309/tools/inca/files/cdsvhdl.lib,15): cds.lib Invalid path '/home/tools/cadence/XCELIUMMAIN2309/tools/inca/files/CDS_AMSFUNCTIONS' (cds.lib command ignored).
DEFINE std       ./STD
|
xmvlog: *W,DLCPTH (/home/tools/cadence/XCELIUMMAIN2309/tools/inca/files/cdsvhdl.lib,1): cds.lib Invalid path '/home/tools/cadence/XCELIUMMAIN2309/tools/inca/files/STD' (cds.lib command ignored).
DEFINE synopsys  ./SYNOPSYS
|
xmvlog: *W,DLCPTH (/home/tools/cadence/XCELIUMMAIN2309/tools/inca/files/cdsvhdl.lib,2): cds.lib Invalid path '/home/tools/cadence/XCELIUMMAIN2309/tools/inca/files/SYNOPSYS' (cds.lib command ignored).
DEFINE ieee      ./IEEE
|
xmvlog: *W,DLCPTH (/home/tools/cadence/XCELIUMMAIN2309/tools/inca/files/cdsvhdl.lib,3): cds.lib Invalid path '/home/tools/cadence/XCELIUMMAIN2309/tools/inca/files/IEEE' (cds.lib command ignored).
DEFINE ambit     ./AMBIT
|
xmvlog: *W,DLCPTH (/home/tools/cadence/XCELIUMMAIN2309/tools/inca/files/cdsvhdl.lib,4): cds.lib Invalid path '/home/tools/cadence/XCELIUMMAIN2309/tools/inca/files/AMBIT' (cds.lib command ignored).
DEFINE vital_memory ./VITAL_MEMORY
|
xmvlog: *W,DLCPTH (/home/tools/cadence/XCELIUMMAIN2309/tools/inca/files/cdsvhdl.lib,5): cds.lib Invalid path '/home/tools/cadence/XCELIUMMAIN2309/tools/inca/files/VITAL_MEMORY' (cds.lib command ignored).
DEFINE ncutils ./NCUTILS
|
xmvlog: *W,DLCPTH (/home/tools/cadence/XCELIUMMAIN2309/tools/inca/files/cdsvhdl.lib,6): cds.lib Invalid path '/home/tools/cadence/XCELIUMMAIN2309/tools/inca/files/NCUTILS' (cds.lib command ignored).
DEFINE ncinternal ./NCINTERNAL
|
xmvlog: *W,DLCPTH (/home/tools/cadence/XCELIUMMAIN2309/tools/inca/files/cdsvhdl.lib,7): cds.lib Invalid path '/home/tools/cadence/XCELIUMMAIN2309/tools/inca/files/NCINTERNAL' (cds.lib command ignored).
DEFINE ncmodels ./NCMODELS
|
xmvlog: *W,DLCPTH (/home/tools/cadence/XCELIUMMAIN2309/tools/inca/files/cdsvhdl.lib,8): cds.lib Invalid path '/home/tools/cadence/XCELIUMMAIN2309/tools/inca/files/NCMODELS' (cds.lib command ignored).
DEFINE xmutils ./XMUTILS
|
xmvlog: *W,DLCPTH (/home/tools/cadence/XCELIUMMAIN2309/tools/inca/files/cdsvhdl.lib,9): cds.lib Invalid path '/home/tools/cadence/XCELIUMMAIN2309/tools/inca/files/XMUTILS' (cds.lib command ignored).
DEFINE xminternal ./XMINTERNAL
|
xmvlog: *W,DLCPTH (/home/tools/cadence/XCELIUMMAIN2309/tools/inca/files/cdsvhdl.lib,10): cds.lib Invalid path '/home/tools/cadence/XCELIUMMAIN2309/tools/inca/files/XMINTERNAL' (cds.lib command ignored).
DEFINE xmmodels ./XMMODELS
|
xmvlog: *W,DLCPTH (/home/tools/cadence/XCELIUMMAIN2309/tools/inca/files/cdsvhdl.lib,11): cds.lib Invalid path '/home/tools/cadence/XCELIUMMAIN2309/tools/inca/files/XMMODELS' (cds.lib command ignored).
DEFINE cds_assertions ./CDS_ASSERTIONS
|
xmvlog: *W,DLCPTH (/home/tools/cadence/XCELIUMMAIN2309/tools/inca/files/cdsvhdl.lib,12): cds.lib Invalid path '/home/tools/cadence/XCELIUMMAIN2309/tools/inca/files/CDS_ASSERTIONS' (cds.lib command ignored).
DEFINE cds_inhconn ./CDS_INHCONN
|
xmvlog: *W,DLCPTH (/home/tools/cadence/XCELIUMMAIN2309/tools/inca/files/cdsvhdl.lib,13): cds.lib Invalid path '/home/tools/cadence/XCELIUMMAIN2309/tools/inca/files/CDS_INHCONN' (cds.lib command ignored).
DEFINE cds_spicelib ./CDS_SPICELIB
|
xmvlog: *W,DLCPTH (/home/tools/cadence/XCELIUMMAIN2309/tools/inca/files/cdsvhdl.lib,14): cds.lib Invalid path '/home/tools/cadence/XCELIUMMAIN2309/tools/inca/files/CDS_SPICELIB' (cds.lib command ignored).
DEFINE cds_amsfunctions ./CDS_AMSFUNCTIONS
|
xmvlog: *W,DLCPTH (/home/tools/cadence/XCELIUMMAIN2309/tools/inca/files/cdsvhdl.lib,15): cds.lib Invalid path '/home/tools/cadence/XCELIUMMAIN2309/tools/inca/files/CDS_AMSFUNCTIONS' (cds.lib command ignored).
file: rtl/aer_improved_cutthrough.sv
	module worklib.aer_improved_cutthrough:sv
		errors: 0, warnings: 0
file: tb/aer_improved_cutthrough_test_wrapper.sv
	module worklib.aer_improved_hybrid:sv
		errors: 0, warnings: 0
file: tb/aer_improved_hybrid_tb.sv
	module worklib.aer_improved_hybrid_tb:sv
		errors: 0, warnings: 0
	Total errors/warnings found outside modules and primitives:
		errors: 0, warnings: 15
DEFINE std       ./STD
|
xrun: *W,DLCPTH (/home/tools/cadence/XCELIUMMAIN2309/tools/inca/files/cdsvhdl.lib,1): cds.lib Invalid path '/home/tools/cadence/XCELIUMMAIN2309/tools/inca/files/STD' (cds.lib command ignored).
DEFINE synopsys  ./SYNOPSYS
|
xrun: *W,DLCPTH (/home/tools/cadence/XCELIUMMAIN2309/tools/inca/files/cdsvhdl.lib,2): cds.lib Invalid path '/home/tools/cadence/XCELIUMMAIN2309/tools/inca/files/SYNOPSYS' (cds.lib command ignored).
DEFINE ieee      ./IEEE
|
xrun: *W,DLCPTH (/home/tools/cadence/XCELIUMMAIN2309/tools/inca/files/cdsvhdl.lib,3): cds.lib Invalid path '/home/tools/cadence/XCELIUMMAIN2309/tools/inca/files/IEEE' (cds.lib command ignored).
DEFINE ambit     ./AMBIT
|
xrun: *W,DLCPTH (/home/tools/cadence/XCELIUMMAIN2309/tools/inca/files/cdsvhdl.lib,4): cds.lib Invalid path '/home/tools/cadence/XCELIUMMAIN2309/tools/inca/files/AMBIT' (cds.lib command ignored).
DEFINE vital_memory ./VITAL_MEMORY
|
xrun: *W,DLCPTH (/home/tools/cadence/XCELIUMMAIN2309/tools/inca/files/cdsvhdl.lib,5): cds.lib Invalid path '/home/tools/cadence/XCELIUMMAIN2309/tools/inca/files/VITAL_MEMORY' (cds.lib command ignored).
DEFINE ncutils ./NCUTILS
|
xrun: *W,DLCPTH (/home/tools/cadence/XCELIUMMAIN2309/tools/inca/files/cdsvhdl.lib,6): cds.lib Invalid path '/home/tools/cadence/XCELIUMMAIN2309/tools/inca/files/NCUTILS' (cds.lib command ignored).
DEFINE ncinternal ./NCINTERNAL
|
xrun: *W,DLCPTH (/home/tools/cadence/XCELIUMMAIN2309/tools/inca/files/cdsvhdl.lib,7): cds.lib Invalid path '/home/tools/cadence/XCELIUMMAIN2309/tools/inca/files/NCINTERNAL' (cds.lib command ignored).
DEFINE ncmodels ./NCMODELS
|
xrun: *W,DLCPTH (/home/tools/cadence/XCELIUMMAIN2309/tools/inca/files/cdsvhdl.lib,8): cds.lib Invalid path '/home/tools/cadence/XCELIUMMAIN2309/tools/inca/files/NCMODELS' (cds.lib command ignored).
DEFINE xmutils ./XMUTILS
|
xrun: *W,DLCPTH (/home/tools/cadence/XCELIUMMAIN2309/tools/inca/files/cdsvhdl.lib,9): cds.lib Invalid path '/home/tools/cadence/XCELIUMMAIN2309/tools/inca/files/XMUTILS' (cds.lib command ignored).
DEFINE xminternal ./XMINTERNAL
|
xrun: *W,DLCPTH (/home/tools/cadence/XCELIUMMAIN2309/tools/inca/files/cdsvhdl.lib,10): cds.lib Invalid path '/home/tools/cadence/XCELIUMMAIN2309/tools/inca/files/XMINTERNAL' (cds.lib command ignored).
DEFINE xmmodels ./XMMODELS
|
xrun: *W,DLCPTH (/home/tools/cadence/XCELIUMMAIN2309/tools/inca/files/cdsvhdl.lib,11): cds.lib Invalid path '/home/tools/cadence/XCELIUMMAIN2309/tools/inca/files/XMMODELS' (cds.lib command ignored).
DEFINE cds_assertions ./CDS_ASSERTIONS
|
xrun: *W,DLCPTH (/home/tools/cadence/XCELIUMMAIN2309/tools/inca/files/cdsvhdl.lib,12): cds.lib Invalid path '/home/tools/cadence/XCELIUMMAIN2309/tools/inca/files/CDS_ASSERTIONS' (cds.lib command ignored).
DEFINE cds_inhconn ./CDS_INHCONN
|
xrun: *W,DLCPTH (/home/tools/cadence/XCELIUMMAIN2309/tools/inca/files/cdsvhdl.lib,13): cds.lib Invalid path '/home/tools/cadence/XCELIUMMAIN2309/tools/inca/files/CDS_INHCONN' (cds.lib command ignored).
DEFINE cds_spicelib ./CDS_SPICELIB
|
xrun: *W,DLCPTH (/home/tools/cadence/XCELIUMMAIN2309/tools/inca/files/cdsvhdl.lib,14): cds.lib Invalid path '/home/tools/cadence/XCELIUMMAIN2309/tools/inca/files/CDS_SPICELIB' (cds.lib command ignored).
DEFINE cds_amsfunctions ./CDS_AMSFUNCTIONS
|
xrun: *W,DLCPTH (/home/tools/cadence/XCELIUMMAIN2309/tools/inca/files/cdsvhdl.lib,15): cds.lib Invalid path '/home/tools/cadence/XCELIUMMAIN2309/tools/inca/files/CDS_AMSFUNCTIONS' (cds.lib command ignored).
DEFINE std       ./STD
|
xrun: *W,DLCPTH (/home/tools/cadence/XCELIUMMAIN2309/tools/inca/files/cdsvhdl.lib,1): cds.lib Invalid path '/home/tools/cadence/XCELIUMMAIN2309/tools/inca/files/STD' (cds.lib command ignored).
DEFINE synopsys  ./SYNOPSYS
|
xrun: *W,DLCPTH (/home/tools/cadence/XCELIUMMAIN2309/tools/inca/files/cdsvhdl.lib,2): cds.lib Invalid path '/home/tools/cadence/XCELIUMMAIN2309/tools/inca/files/SYNOPSYS' (cds.lib command ignored).
DEFINE ieee      ./IEEE
|
xrun: *W,DLCPTH (/home/tools/cadence/XCELIUMMAIN2309/tools/inca/files/cdsvhdl.lib,3): cds.lib Invalid path '/home/tools/cadence/XCELIUMMAIN2309/tools/inca/files/IEEE' (cds.lib command ignored).
DEFINE ambit     ./AMBIT
|
xrun: *W,DLCPTH (/home/tools/cadence/XCELIUMMAIN2309/tools/inca/files/cdsvhdl.lib,4): cds.lib Invalid path '/home/tools/cadence/XCELIUMMAIN2309/tools/inca/files/AMBIT' (cds.lib command ignored).
DEFINE vital_memory ./VITAL_MEMORY
|
xrun: *W,DLCPTH (/home/tools/cadence/XCELIUMMAIN2309/tools/inca/files/cdsvhdl.lib,5): cds.lib Invalid path '/home/tools/cadence/XCELIUMMAIN2309/tools/inca/files/VITAL_MEMORY' (cds.lib command ignored).
DEFINE ncutils ./NCUTILS
|
xrun: *W,DLCPTH (/home/tools/cadence/XCELIUMMAIN2309/tools/inca/files/cdsvhdl.lib,6): cds.lib Invalid path '/home/tools/cadence/XCELIUMMAIN2309/tools/inca/files/NCUTILS' (cds.lib command ignored).
DEFINE ncinternal ./NCINTERNAL
|
xrun: *W,DLCPTH (/home/tools/cadence/XCELIUMMAIN2309/tools/inca/files/cdsvhdl.lib,7): cds.lib Invalid path '/home/tools/cadence/XCELIUMMAIN2309/tools/inca/files/NCINTERNAL' (cds.lib command ignored).
DEFINE ncmodels ./NCMODELS
|
xrun: *W,DLCPTH (/home/tools/cadence/XCELIUMMAIN2309/tools/inca/files/cdsvhdl.lib,8): cds.lib Invalid path '/home/tools/cadence/XCELIUMMAIN2309/tools/inca/files/NCMODELS' (cds.lib command ignored).
DEFINE xmutils ./XMUTILS
|
xrun: *W,DLCPTH (/home/tools/cadence/XCELIUMMAIN2309/tools/inca/files/cdsvhdl.lib,9): cds.lib Invalid path '/home/tools/cadence/XCELIUMMAIN2309/tools/inca/files/XMUTILS' (cds.lib command ignored).
DEFINE xminternal ./XMINTERNAL
|
xrun: *W,DLCPTH (/home/tools/cadence/XCELIUMMAIN2309/tools/inca/files/cdsvhdl.lib,10): cds.lib Invalid path '/home/tools/cadence/XCELIUMMAIN2309/tools/inca/files/XMINTERNAL' (cds.lib command ignored).
DEFINE xmmodels ./XMMODELS
|
xrun: *W,DLCPTH (/home/tools/cadence/XCELIUMMAIN2309/tools/inca/files/cdsvhdl.lib,11): cds.lib Invalid path '/home/tools/cadence/XCELIUMMAIN2309/tools/inca/files/XMMODELS' (cds.lib command ignored).
DEFINE cds_assertions ./CDS_ASSERTIONS
|
xrun: *W,DLCPTH (/home/tools/cadence/XCELIUMMAIN2309/tools/inca/files/cdsvhdl.lib,12): cds.lib Invalid path '/home/tools/cadence/XCELIUMMAIN2309/tools/inca/files/CDS_ASSERTIONS' (cds.lib command ignored).
DEFINE cds_inhconn ./CDS_INHCONN
|
xrun: *W,DLCPTH (/home/tools/cadence/XCELIUMMAIN2309/tools/inca/files/cdsvhdl.lib,13): cds.lib Invalid path '/home/tools/cadence/XCELIUMMAIN2309/tools/inca/files/CDS_INHCONN' (cds.lib command ignored).
DEFINE cds_spicelib ./CDS_SPICELIB
|
xrun: *W,DLCPTH (/home/tools/cadence/XCELIUMMAIN2309/tools/inca/files/cdsvhdl.lib,14): cds.lib Invalid path '/home/tools/cadence/XCELIUMMAIN2309/tools/inca/files/CDS_SPICELIB' (cds.lib command ignored).
DEFINE cds_amsfunctions ./CDS_AMSFUNCTIONS
|
xrun: *W,DLCPTH (/home/tools/cadence/XCELIUMMAIN2309/tools/inca/files/cdsvhdl.lib,15): cds.lib Invalid path '/home/tools/cadence/XCELIUMMAIN2309/tools/inca/files/CDS_AMSFUNCTIONS' (cds.lib command ignored).
DEFINE std       ./STD
|
xmelab: *W,DLCPTH (/home/tools/cadence/XCELIUMMAIN2309/tools/inca/files/cdsvhdl.lib,1): cds.lib Invalid path '/home/tools/cadence/XCELIUMMAIN2309/tools/inca/files/STD' (cds.lib command ignored).
DEFINE synopsys  ./SYNOPSYS
|
xmelab: *W,DLCPTH (/home/tools/cadence/XCELIUMMAIN2309/tools/inca/files/cdsvhdl.lib,2): cds.lib Invalid path '/home/tools/cadence/XCELIUMMAIN2309/tools/inca/files/SYNOPSYS' (cds.lib command ignored).
DEFINE ieee      ./IEEE
|
xmelab: *W,DLCPTH (/home/tools/cadence/XCELIUMMAIN2309/tools/inca/files/cdsvhdl.lib,3): cds.lib Invalid path '/home/tools/cadence/XCELIUMMAIN2309/tools/inca/files/IEEE' (cds.lib command ignored).
DEFINE ambit     ./AMBIT
|
xmelab: *W,DLCPTH (/home/tools/cadence/XCELIUMMAIN2309/tools/inca/files/cdsvhdl.lib,4): cds.lib Invalid path '/home/tools/cadence/XCELIUMMAIN2309/tools/inca/files/AMBIT' (cds.lib command ignored).
DEFINE vital_memory ./VITAL_MEMORY
|
xmelab: *W,DLCPTH (/home/tools/cadence/XCELIUMMAIN2309/tools/inca/files/cdsvhdl.lib,5): cds.lib Invalid path '/home/tools/cadence/XCELIUMMAIN2309/tools/inca/files/VITAL_MEMORY' (cds.lib command ignored).
DEFINE ncutils ./NCUTILS
|
xmelab: *W,DLCPTH (/home/tools/cadence/XCELIUMMAIN2309/tools/inca/files/cdsvhdl.lib,6): cds.lib Invalid path '/home/tools/cadence/XCELIUMMAIN2309/tools/inca/files/NCUTILS' (cds.lib command ignored).
DEFINE ncinternal ./NCINTERNAL
|
xmelab: *W,DLCPTH (/home/tools/cadence/XCELIUMMAIN2309/tools/inca/files/cdsvhdl.lib,7): cds.lib Invalid path '/home/tools/cadence/XCELIUMMAIN2309/tools/inca/files/NCINTERNAL' (cds.lib command ignored).
DEFINE ncmodels ./NCMODELS
|
xmelab: *W,DLCPTH (/home/tools/cadence/XCELIUMMAIN2309/tools/inca/files/cdsvhdl.lib,8): cds.lib Invalid path '/home/tools/cadence/XCELIUMMAIN2309/tools/inca/files/NCMODELS' (cds.lib command ignored).
DEFINE xmutils ./XMUTILS
|
xmelab: *W,DLCPTH (/home/tools/cadence/XCELIUMMAIN2309/tools/inca/files/cdsvhdl.lib,9): cds.lib Invalid path '/home/tools/cadence/XCELIUMMAIN2309/tools/inca/files/XMUTILS' (cds.lib command ignored).
DEFINE xminternal ./XMINTERNAL
|
xmelab: *W,DLCPTH (/home/tools/cadence/XCELIUMMAIN2309/tools/inca/files/cdsvhdl.lib,10): cds.lib Invalid path '/home/tools/cadence/XCELIUMMAIN2309/tools/inca/files/XMINTERNAL' (cds.lib command ignored).
DEFINE xmmodels ./XMMODELS
|
xmelab: *W,DLCPTH (/home/tools/cadence/XCELIUMMAIN2309/tools/inca/files/cdsvhdl.lib,11): cds.lib Invalid path '/home/tools/cadence/XCELIUMMAIN2309/tools/inca/files/XMMODELS' (cds.lib command ignored).
DEFINE cds_assertions ./CDS_ASSERTIONS
|
xmelab: *W,DLCPTH (/home/tools/cadence/XCELIUMMAIN2309/tools/inca/files/cdsvhdl.lib,12): cds.lib Invalid path '/home/tools/cadence/XCELIUMMAIN2309/tools/inca/files/CDS_ASSERTIONS' (cds.lib command ignored).
DEFINE cds_inhconn ./CDS_INHCONN
|
xmelab: *W,DLCPTH (/home/tools/cadence/XCELIUMMAIN2309/tools/inca/files/cdsvhdl.lib,13): cds.lib Invalid path '/home/tools/cadence/XCELIUMMAIN2309/tools/inca/files/CDS_INHCONN' (cds.lib command ignored).
DEFINE cds_spicelib ./CDS_SPICELIB
|
xmelab: *W,DLCPTH (/home/tools/cadence/XCELIUMMAIN2309/tools/inca/files/cdsvhdl.lib,14): cds.lib Invalid path '/home/tools/cadence/XCELIUMMAIN2309/tools/inca/files/CDS_SPICELIB' (cds.lib command ignored).
DEFINE cds_amsfunctions ./CDS_AMSFUNCTIONS
|
xmelab: *W,DLCPTH (/home/tools/cadence/XCELIUMMAIN2309/tools/inca/files/cdsvhdl.lib,15): cds.lib Invalid path '/home/tools/cadence/XCELIUMMAIN2309/tools/inca/files/CDS_AMSFUNCTIONS' (cds.lib command ignored).
	Elaborating the design hierarchy:
		Caching library 'worklib' ....... Done
	Top level design units:
		aer_improved_hybrid_tb
	Building instance overlay tables: .................... Done
	Generating native compiled code:
DEFINE std       ./STD
|
xmvlog_cg: *W,DLCPTH (/home/tools/cadence/XCELIUMMAIN2309/tools/inca/files/cdsvhdl.lib,1): cds.lib Invalid path '/home/tools/cadence/XCELIUMMAIN2309/tools/inca/files/STD' (cds.lib command ignored).
DEFINE synopsys  ./SYNOPSYS
|
xmvlog_cg: *W,DLCPTH (/home/tools/cadence/XCELIUMMAIN2309/tools/inca/files/cdsvhdl.lib,2): cds.lib Invalid path '/home/tools/cadence/XCELIUMMAIN2309/tools/inca/files/SYNOPSYS' (cds.lib command ignored).
DEFINE ieee      ./IEEE
|
xmvlog_cg: *W,DLCPTH (/home/tools/cadence/XCELIUMMAIN2309/tools/inca/files/cdsvhdl.lib,3): cds.lib Invalid path '/home/tools/cadence/XCELIUMMAIN2309/tools/inca/files/IEEE' (cds.lib command ignored).
DEFINE ambit     ./AMBIT
|
xmvlog_cg: *W,DLCPTH (/home/tools/cadence/XCELIUMMAIN2309/tools/inca/files/cdsvhdl.lib,4): cds.lib Invalid path '/home/tools/cadence/XCELIUMMAIN2309/tools/inca/files/AMBIT' (cds.lib command ignored).
DEFINE vital_memory ./VITAL_MEMORY
|
xmvlog_cg: *W,DLCPTH (/home/tools/cadence/XCELIUMMAIN2309/tools/inca/files/cdsvhdl.lib,5): cds.lib Invalid path '/home/tools/cadence/XCELIUMMAIN2309/tools/inca/files/VITAL_MEMORY' (cds.lib command ignored).
DEFINE ncutils ./NCUTILS
|
xmvlog_cg: *W,DLCPTH (/home/tools/cadence/XCELIUMMAIN2309/tools/inca/files/cdsvhdl.lib,6): cds.lib Invalid path '/home/tools/cadence/XCELIUMMAIN2309/tools/inca/files/NCUTILS' (cds.lib command ignored).
DEFINE ncinternal ./NCINTERNAL
|
xmvlog_cg: *W,DLCPTH (/home/tools/cadence/XCELIUMMAIN2309/tools/inca/files/cdsvhdl.lib,7): cds.lib Invalid path '/home/tools/cadence/XCELIUMMAIN2309/tools/inca/files/NCINTERNAL' (cds.lib command ignored).
DEFINE ncmodels ./NCMODELS
|
xmvlog_cg: *W,DLCPTH (/home/tools/cadence/XCELIUMMAIN2309/tools/inca/files/cdsvhdl.lib,8): cds.lib Invalid path '/home/tools/cadence/XCELIUMMAIN2309/tools/inca/files/NCMODELS' (cds.lib command ignored).
DEFINE xmutils ./XMUTILS
|
xmvlog_cg: *W,DLCPTH (/home/tools/cadence/XCELIUMMAIN2309/tools/inca/files/cdsvhdl.lib,9): cds.lib Invalid path '/home/tools/cadence/XCELIUMMAIN2309/tools/inca/files/XMUTILS' (cds.lib command ignored).
DEFINE xminternal ./XMINTERNAL
|
xmvlog_cg: *W,DLCPTH (/home/tools/cadence/XCELIUMMAIN2309/tools/inca/files/cdsvhdl.lib,10): cds.lib Invalid path '/home/tools/cadence/XCELIUMMAIN2309/tools/inca/files/XMINTERNAL' (cds.lib command ignored).
DEFINE xmmodels ./XMMODELS
|
xmvlog_cg: *W,DLCPTH (/home/tools/cadence/XCELIUMMAIN2309/tools/inca/files/cdsvhdl.lib,11): cds.lib Invalid path '/home/tools/cadence/XCELIUMMAIN2309/tools/inca/files/XMMODELS' (cds.lib command ignored).
DEFINE cds_assertions ./CDS_ASSERTIONS
|
xmvlog_cg: *W,DLCPTH (/home/tools/cadence/XCELIUMMAIN2309/tools/inca/files/cdsvhdl.lib,12): cds.lib Invalid path '/home/tools/cadence/XCELIUMMAIN2309/tools/inca/files/CDS_ASSERTIONS' (cds.lib command ignored).
DEFINE cds_inhconn ./CDS_INHCONN
|
xmvlog_cg: *W,DLCPTH (/home/tools/cadence/XCELIUMMAIN2309/tools/inca/files/cdsvhdl.lib,13): cds.lib Invalid path '/home/tools/cadence/XCELIUMMAIN2309/tools/inca/files/CDS_INHCONN' (cds.lib command ignored).
DEFINE cds_spicelib ./CDS_SPICELIB
|
xmvlog_cg: *W,DLCPTH (/home/tools/cadence/XCELIUMMAIN2309/tools/inca/files/cdsvhdl.lib,14): cds.lib Invalid path '/home/tools/cadence/XCELIUMMAIN2309/tools/inca/files/CDS_SPICELIB' (cds.lib command ignored).
DEFINE cds_amsfunctions ./CDS_AMSFUNCTIONS
|
xmvlog_cg: *W,DLCPTH (/home/tools/cadence/XCELIUMMAIN2309/tools/inca/files/cdsvhdl.lib,15): cds.lib Invalid path '/home/tools/cadence/XCELIUMMAIN2309/tools/inca/files/CDS_AMSFUNCTIONS' (cds.lib command ignored).
		worklib.aer_improved_hybrid_tb:sv <0x177b8c99>
			streams:  74, words: 91675
		worklib.aer_improved_hybrid:sv <0x2b201e44>
			streams:   4, words:  1512
		worklib.aer_improved_cutthrough:sv <0x06a9483b>
			streams:   7, words:  9611
	Building instance specific data structures.
	Loading native compiled code:     .................... Done
	Design hierarchy summary:
		                 Instances  Unique
		Modules:                 3       3
		Registers:              83      83
		Scalar wires:            8       -
		Expanded wires:         32      16
		Vectored wires:         11       -
		Always blocks:          21       6
		Initial blocks:          2       2
		Parallel blocks:         5       5
		Cont. assignments:      19       4
		Pseudo assignments:     10       -
		Process Clocks:          1       1
		Simulation timescale:  1ps
	Writing initial simulation snapshot: worklib.aer_improved_hybrid_tb:sv
DEFINE std       ./STD
|
xmsim: *W,DLCPTH (/home/tools/cadence/XCELIUMMAIN2309/tools/inca/files/cdsvhdl.lib,1): cds.lib Invalid path '/home/tools/cadence/XCELIUMMAIN2309/tools/inca/files/STD' (cds.lib command ignored).
DEFINE synopsys  ./SYNOPSYS
|
xmsim: *W,DLCPTH (/home/tools/cadence/XCELIUMMAIN2309/tools/inca/files/cdsvhdl.lib,2): cds.lib Invalid path '/home/tools/cadence/XCELIUMMAIN2309/tools/inca/files/SYNOPSYS' (cds.lib command ignored).
DEFINE ieee      ./IEEE
|
xmsim: *W,DLCPTH (/home/tools/cadence/XCELIUMMAIN2309/tools/inca/files/cdsvhdl.lib,3): cds.lib Invalid path '/home/tools/cadence/XCELIUMMAIN2309/tools/inca/files/IEEE' (cds.lib command ignored).
DEFINE ambit     ./AMBIT
|
xmsim: *W,DLCPTH (/home/tools/cadence/XCELIUMMAIN2309/tools/inca/files/cdsvhdl.lib,4): cds.lib Invalid path '/home/tools/cadence/XCELIUMMAIN2309/tools/inca/files/AMBIT' (cds.lib command ignored).
DEFINE vital_memory ./VITAL_MEMORY
|
xmsim: *W,DLCPTH (/home/tools/cadence/XCELIUMMAIN2309/tools/inca/files/cdsvhdl.lib,5): cds.lib Invalid path '/home/tools/cadence/XCELIUMMAIN2309/tools/inca/files/VITAL_MEMORY' (cds.lib command ignored).
DEFINE ncutils ./NCUTILS
|
xmsim: *W,DLCPTH (/home/tools/cadence/XCELIUMMAIN2309/tools/inca/files/cdsvhdl.lib,6): cds.lib Invalid path '/home/tools/cadence/XCELIUMMAIN2309/tools/inca/files/NCUTILS' (cds.lib command ignored).
DEFINE ncinternal ./NCINTERNAL
|
xmsim: *W,DLCPTH (/home/tools/cadence/XCELIUMMAIN2309/tools/inca/files/cdsvhdl.lib,7): cds.lib Invalid path '/home/tools/cadence/XCELIUMMAIN2309/tools/inca/files/NCINTERNAL' (cds.lib command ignored).
DEFINE ncmodels ./NCMODELS
|
xmsim: *W,DLCPTH (/home/tools/cadence/XCELIUMMAIN2309/tools/inca/files/cdsvhdl.lib,8): cds.lib Invalid path '/home/tools/cadence/XCELIUMMAIN2309/tools/inca/files/NCMODELS' (cds.lib command ignored).
DEFINE xmutils ./XMUTILS
|
xmsim: *W,DLCPTH (/home/tools/cadence/XCELIUMMAIN2309/tools/inca/files/cdsvhdl.lib,9): cds.lib Invalid path '/home/tools/cadence/XCELIUMMAIN2309/tools/inca/files/XMUTILS' (cds.lib command ignored).
DEFINE xminternal ./XMINTERNAL
|
xmsim: *W,DLCPTH (/home/tools/cadence/XCELIUMMAIN2309/tools/inca/files/cdsvhdl.lib,10): cds.lib Invalid path '/home/tools/cadence/XCELIUMMAIN2309/tools/inca/files/XMINTERNAL' (cds.lib command ignored).
DEFINE xmmodels ./XMMODELS
|
xmsim: *W,DLCPTH (/home/tools/cadence/XCELIUMMAIN2309/tools/inca/files/cdsvhdl.lib,11): cds.lib Invalid path '/home/tools/cadence/XCELIUMMAIN2309/tools/inca/files/XMMODELS' (cds.lib command ignored).
DEFINE cds_assertions ./CDS_ASSERTIONS
|
xmsim: *W,DLCPTH (/home/tools/cadence/XCELIUMMAIN2309/tools/inca/files/cdsvhdl.lib,12): cds.lib Invalid path '/home/tools/cadence/XCELIUMMAIN2309/tools/inca/files/CDS_ASSERTIONS' (cds.lib command ignored).
DEFINE cds_inhconn ./CDS_INHCONN
|
xmsim: *W,DLCPTH (/home/tools/cadence/XCELIUMMAIN2309/tools/inca/files/cdsvhdl.lib,13): cds.lib Invalid path '/home/tools/cadence/XCELIUMMAIN2309/tools/inca/files/CDS_INHCONN' (cds.lib command ignored).
DEFINE cds_spicelib ./CDS_SPICELIB
|
xmsim: *W,DLCPTH (/home/tools/cadence/XCELIUMMAIN2309/tools/inca/files/cdsvhdl.lib,14): cds.lib Invalid path '/home/tools/cadence/XCELIUMMAIN2309/tools/inca/files/CDS_SPICELIB' (cds.lib command ignored).
DEFINE cds_amsfunctions ./CDS_AMSFUNCTIONS
|
xmsim: *W,DLCPTH (/home/tools/cadence/XCELIUMMAIN2309/tools/inca/files/cdsvhdl.lib,15): cds.lib Invalid path '/home/tools/cadence/XCELIUMMAIN2309/tools/inca/files/CDS_AMSFUNCTIONS' (cds.lib command ignored).
Loading snapshot worklib.aer_improved_hybrid_tb:sv .................... Done
xcelium> source /home/tools/cadence/XCELIUMMAIN2309/tools/xcelium/files/xmsimrc
xcelium> run
TEST_START improved_single_event
TEST_START improved_simultaneous_all_sources
TEST_START improved_burst_source_5
TEST_START improved_receiver_stall
TEST_START improved_no_stall_saturation
METRIC improved_saturation_events=64
METRIC improved_saturation_elapsed_cycles=66
METRIC improved_saturation_gap_sum_cycles=63
METRIC improved_saturation_min_gap_cycles=1
METRIC improved_saturation_max_gap_cycles=1
TEST_START improved_hotspot_round_robin
METRIC improved_hotspot_source15_latency_cycles=3
TEST_START improved_reset_held_request
TEST_START improved_independent_streams
METRIC improved_events_offered=139
METRIC improved_events_accepted=139
METRIC improved_events_received=139
METRIC improved_avg_latency_cycles_x1000=15741
METRIC improved_max_latency_cycles=28
METRIC improved_assertion_errors=0
TEST_PASS improved issued=139 received=139
Simulation complete via $finish(1) at time 2835 NS + 0
./tb/aer_improved_hybrid_tb.sv:354         $finish;
xcelium> exit
TOOL:	xrun(64)	23.09-s013: Exiting on Aug 20, 2026 at 02:25:34 KST  (total: 00:00:02)
