============================================================
  Generated by:           Genus(TM) Synthesis Solution 23.14-s090_1
  Generated on:           Aug 26 2026  02:49:35 pm
  Module:                 aer_pending_direct_gray_sync_core_reset
  Technology library:     slow_vdd1v0 1.0
  Operating conditions:   PVT_0P9V_125C (balanced_tree)
  Wireload mode:          enclosed
  Area mode:              timing library
============================================================

                              
   Gate    Instances   Area       Library    
---------------------------------------------
AOI211XL          16   32.832    slow_vdd1v0 
AOI21X1           28   47.880    slow_vdd1v0 
AOI21XL            8   13.680    slow_vdd1v0 
AOI22X1            8   16.416    slow_vdd1v0 
AOI22XL            2    4.104    slow_vdd1v0 
BUFX2              1    1.710    slow_vdd1v0 
DFFHQX1           20  109.440    slow_vdd1v0 
DFFQXL            53  290.016    slow_vdd1v0 
DFFRHQX1           1    6.156    slow_vdd1v0 
DFFRX1             1    6.840    slow_vdd1v0 
INVX1             28   19.152    slow_vdd1v0 
INVXL             17   11.628    slow_vdd1v0 
MX2XL              6   14.364    slow_vdd1v0 
MXI2XL             1    2.394    slow_vdd1v0 
NAND2BX1           1    1.368    slow_vdd1v0 
NAND2X1           16   16.416    slow_vdd1v0 
NAND3BXL           1    1.710    slow_vdd1v0 
NOR2X1             4    4.104    slow_vdd1v0 
NOR2XL            17   17.442    slow_vdd1v0 
NOR3X1             1    1.710    slow_vdd1v0 
OA21X1             1    2.052    slow_vdd1v0 
OA22X1             4    9.576    slow_vdd1v0 
OAI21X1            3    5.130    slow_vdd1v0 
OAI221X1           4    9.576    slow_vdd1v0 
OAI22X1           10   20.520    slow_vdd1v0 
OAI2BB1X1          3    5.130    slow_vdd1v0 
XNOR2X1            4    9.576    slow_vdd1v0 
---------------------------------------------
total            259  680.922                


                                        
     Type      Instances   Area  Area % 
----------------------------------------
sequential            75 412.452   60.6 
inverter              45  30.780    4.5 
buffer                 1   1.710    0.3 
logic                138 235.980   34.7 
physical_cells         0   0.000    0.0 
----------------------------------------
total                259 680.922  100.0 

