============================================================
  Generated by:           Genus(TM) Synthesis Solution 23.14-s090_1
  Generated on:           Aug 26 2026  02:49:36 pm
  Module:                 aer_pending_direct_gray_sync_core_reset
  Operating conditions:   PVT_0P9V_125C (balanced_tree)
  Wireload mode:          enclosed
  Area mode:              timing library
============================================================

Timing
--------

Clock  Period 
--------------
clk   10000.0 


  Cost    Critical         Violating 
 Group   Path Slack  TNS     Paths   
-------------------------------------
clk          7195.3   0.0          0 
default    No paths   0.0            
-------------------------------------
Total                 0.0          0 

Instance Count
--------------
Leaf Instance Count             259 
Physical Instance count           0 
Sequential Instance Count        75 
Combinational Instance Count    184 
Hierarchical Instance Count       0 

Area
----
Cell Area                          680.922
Physical Cell Area                 0.000
Total Cell Area (Cell+Physical)    680.922
Net Area                           0.000
Total Area (Cell+Physical+Net)     680.922

Max Fanout                         75 (clk)
Min Fanout                         0 (rst_n)
Average Fanout                     2.3
Terms to net ratio                 3.1470
Terms to instance ratio            3.3900
Runtime                            27.517645 seconds
Elapsed Runtime                    27 seconds
Genus peak memory usage            1588.48 
Innovus peak memory usage          no_value 
Hostname                           <REMOTE_HOST>
