Copyright 1986-2020 Xilinx, Inc. All Rights Reserved.
-------------------------------------------------------------------------------------------------------
| Tool Version : Vivado v.2020.2 (win64) Build 3064766 Wed Nov 18 09:12:45 MST 2020
| Date         : Wed Aug 19 04:19:15 2026
| Host         : DESKTOP-F81OJT8 running 64-bit major release  (build 9200)
| Command      : report_utilization -hierarchical -file reports/improved/vivado_sanity/utilization.rpt
| Design       : aer_improved_hybrid
| Device       : 7a35tcpg236-1
| Design State : Optimized
-------------------------------------------------------------------------------------------------------

Utilization Design Information

Table of Contents
-----------------
1. Utilization by Hierarchy

1. Utilization by Hierarchy
---------------------------

+---------------------+--------+------------+------------+---------+------+-----+--------+--------+------------+
|       Instance      | Module | Total LUTs | Logic LUTs | LUTRAMs | SRLs | FFs | RAMB36 | RAMB18 | DSP Blocks |
+---------------------+--------+------------+------------+---------+------+-----+--------+--------+------------+
| aer_improved_hybrid |  (top) |        207 |        207 |       0 |    0 |  89 |      0 |      0 |          0 |
+---------------------+--------+------------+------------+---------+------+-----+--------+--------+------------+


