======================================================================
   Generated by:   Genus(TM) Synthesis Solution 23.14-s090_1
   Generated on:   Aug 26 2026  05:31:26 pm
   Reporting on:   design:aer_pending_gray_rank_reuse_sync_core_reset
======================================================================


Total number of sinks: 44
	Excluded from clock gating: 0
	Permitted for clock gating: 44
	Clock gated by Synthesis:  6

Generic instance sena & srl pin constants:
	non-const: 0
	const1: 0
	const0: 0
	mapped instance: 44

Generic instance sena or srl shared with CG: 0

Feedback analysis:
	sinks with structural feedback: 10
	sinks without structural feedback: 34 
	bits with structural feedback: 37
	bits without structural feedback: 34 

Feedback and sena analysis:
	sinks with structural feedback or nonconst sena: 10
	sinks without structural feedback and constant sena: 34 
	bits with structural feedback or nonconst sena: 37
	bits without structural feedback and constant sena: 34 

Nets driving >= 3 sena/srl pins:
	number of nets: 0
	max fanout count: 0
	min fanout count: 0
	average fanout count: 0
