============================================================
  Generated by:           Genus(TM) Synthesis Solution 23.14-s090_1
  Generated on:           Aug 26 2026  05:31:26 pm
  Module:                 aer_pending_gray_rank_reuse_sync_core_reset
  Technology libraries:   slow_vdd1v0 1.0
                          slow_vdd1v0 1.0
  Operating conditions:   PVT_0P9V_125C (balanced_tree)
  Wireload mode:          enclosed
  Area mode:              timing library
============================================================

                                    
    Gate         Instances   Area       Library    
---------------------------------------------------
AND2X1                   1    1.368    slow_vdd1v0 
AND2XL                  17   23.256    slow_vdd1v0 
AOI211XL                 1    2.052    slow_vdd1v0 
AOI21X1                  4    6.840    slow_vdd1v0 
AOI221X1                 1    2.394    slow_vdd1v0 
AOI222X1                 1    3.078    slow_vdd1v0 
AOI22X1                 12   24.624    slow_vdd1v0 
BUFX2                    1    1.710    slow_vdd1v0 
DFF4X1      (++)         9  209.304    slow_vdd1v0 
DFFHQX1                  1    5.472    slow_vdd1v0 
DFFQXL                  32  175.104    slow_vdd1v0 
DFFRHQX1                 2   12.312    slow_vdd1v0 
INVX1                   63   43.092    slow_vdd1v0 
NAND2BX1                 6    8.208    slow_vdd1v0 
NAND2X1                 10   10.260    slow_vdd1v0 
NAND2XL                  4    4.104    slow_vdd1v0 
NAND3BXL                 1    1.710    slow_vdd1v0 
NOR2BX1                 17   23.256    slow_vdd1v0 
NOR2X1                   4    4.104    slow_vdd1v0 
NOR3X1                   1    1.710    slow_vdd1v0 
NOR4X1                   1    1.710    slow_vdd1v0 
OAI211X1                33   56.430    slow_vdd1v0 
OAI22X1                  7   14.364    slow_vdd1v0 
OAI2BB1X1                1    1.710    slow_vdd1v0 
OAI32X1                  1    2.394    slow_vdd1v0 
OR2X1                   17   23.256    slow_vdd1v0 
OR2XL                    2    2.736    slow_vdd1v0 
OR4X1                    4    8.208    slow_vdd1v0 
TLATNTSCAX2              2   12.996    slow_vdd1v0 
XOR2XL                   2    5.472    slow_vdd1v0 
---------------------------------------------------
total                  258  693.234                

(++) : Multibit gate, use report multibit_inferencing command for detailed report.

                                                      
            Type             Instances   Area  Area % 
------------------------------------------------------
sequential                          44 402.192   58.0 
inverter                            63  43.092    6.2 
buffer                               1   1.710    0.2 
clock_gating_integrated_cell         2  12.996    1.9 
logic                              148 233.244   33.6 
physical_cells                       0   0.000    0.0 
------------------------------------------------------
total                              258 693.234  100.0 

