============================================================
  Generated by:           Genus(TM) Synthesis Solution 23.14-s090_1
  Generated on:           Aug 26 2026  05:31:26 pm
  Module:                 aer_pending_gray_rank_reuse_sync_core_reset
  Operating conditions:   PVT_0P9V_125C (balanced_tree)
  Wireload mode:          enclosed
  Area mode:              timing library
============================================================

Timing
--------

Clock  Period 
--------------
clk   10000.0 


        Cost          Critical         Violating 
       Group         Path Slack  TNS     Paths   
-------------------------------------------------
cg_enable_group_clk      8593.1   0.0          0 
clk                      7568.8   0.0          0 
default                No paths   0.0            
-------------------------------------------------
Total                             0.0          0 

Instance Count
--------------
Leaf Instance Count                  258 
Physical Instance count                0 
Sequential Instance Count    (++)     46 
Combinational Instance Count         212 
Hierarchical Instance Count            2 

(++) : includes multibit instances. Use report multibit_inferencing
         command to get detailed report on multibits


Area
----
Cell Area                          693.234
Physical Cell Area                 0.000
Total Cell Area (Cell+Physical)    693.234
Net Area                           0.000
Total Area (Cell+Physical+Net)     693.234

Max Fanout                         40 (clk)
Min Fanout                         0 (rst_n)
Average Fanout                     2.1
Terms to net ratio                 3.0787
Terms to instance ratio            3.6395
Runtime                            33.645985 seconds
Elapsed Runtime                    32 seconds
Genus peak memory usage            1697.11 
Innovus peak memory usage          no_value 
Hostname                           <REMOTE_HOST>
