============================================================
  Generated by:           Genus(TM) Synthesis Solution 23.14-s090_1
  Generated on:           Aug 26 2026  05:25:02 pm
  Module:                 aer_pending_gray_rank_reuse_sync_core_reset
  Operating conditions:   PVT_0P9V_125C (balanced_tree)
  Wireload mode:          enclosed
  Area mode:              timing library
============================================================

Timing
--------

Clock  Period 
--------------
clk   10000.0 


  Cost    Critical         Violating 
 Group   Path Slack  TNS     Paths   
-------------------------------------
clk          7594.0   0.0          0 
default    No paths   0.0            
-------------------------------------
Total                 0.0          0 

Instance Count
--------------
Leaf Instance Count                  233 
Physical Instance count                0 
Sequential Instance Count    (++)     44 
Combinational Instance Count         189 
Hierarchical Instance Count            0 

(++) : includes multibit instances. Use report multibit_inferencing
         command to get detailed report on multibits


Area
----
Cell Area                          667.584
Physical Cell Area                 0.000
Total Cell Area (Cell+Physical)    667.584
Net Area                           0.000
Total Area (Cell+Physical+Net)     667.584

Max Fanout                         44 (clk)
Min Fanout                         0 (rst_n)
Average Fanout                     2.2
Terms to net ratio                 3.1720
Terms to instance ratio            3.7983
Runtime                            29.718721 seconds
Elapsed Runtime                    28 seconds
Genus peak memory usage            1656.09 
Innovus peak memory usage          no_value 
Hostname                           <REMOTE_HOST>
