============================================================
  Generated by:           Genus(TM) Synthesis Solution 23.14-s090_1
  Generated on:           Aug 26 2026  05:25:02 pm
  Module:                 aer_pending_gray_rank_reuse_sync_core_reset
  Operating conditions:   PVT_0P9V_125C (balanced_tree)
  Wireload mode:          enclosed
  Area mode:              timing library
============================================================

Sequential Multibit cells usage statistics
=====================================================================================

                           Merged        Not Merged     Multibit Conversion % 
-----------------------------------------------------------------------------
All Sequentials                36                35           50.70           
-FlipFlops                     36                35           50.70           
-Latches                        0                 0            0.00           
------------------------------------------------------------------------------

                            Count       %         
-------------------------------------------------
Single-bit flip-flop          35 
Multi-bit flip-flop            9      50.70     
  4-bit                         9      50.70      
-------------------------------------------------


Seq_Mbit libcell      Bitwidth  Count   Total Area Multibit Conversion %    Library  
-------------------------------------------------------------------------------------
DFF4X1           (F)         4      9       209.30         50.70         slow_vdd1v0 
-------------------------------------------------------------------------------------
Total                               9       209.30         50.70                     


