============================================================
  Generated by:           Genus(TM) Synthesis Solution 23.14-s090_1
  Generated on:           Aug 21 2026  03:11:54 pm
  Module:                 aer_pending_xor2_rank_reuse_sync_core_reset
  Operating conditions:   typical (balanced_tree)
  Wireload mode:          enclosed
  Area mode:              timing library
============================================================

Timing
--------

Clock  Period 
--------------
clk   10000.0 


  Cost    Critical         Violating 
 Group   Path Slack  TNS     Paths   
-------------------------------------
clk          7530.8   0.0          0 
default    No paths   0.0            
-------------------------------------
Total                 0.0          0 

Instance Count
--------------
Leaf Instance Count             224 
Physical Instance count           0 
Sequential Instance Count        71 
Combinational Instance Count    153 
Hierarchical Instance Count       1 

Area
----
Cell Area                          6010.805
Physical Cell Area                 0.000
Total Cell Area (Cell+Physical)    6010.805
Net Area                           0.000
Total Area (Cell+Physical+Net)     6010.805

Max Fanout                         71 (clk)
Min Fanout                         0 (rst_n)
Average Fanout                     2.1
Terms to net ratio                 3.0144
Terms to instance ratio            3.7411
Runtime                            31.647691 seconds
Elapsed Runtime                    31 seconds
Genus peak memory usage            1660.54 
Innovus peak memory usage          no_value 
Hostname                           <REMOTE_HOST>
