============================================================
  Generated by:           Genus(TM) Synthesis Solution 23.14-s090_1
  Generated on:           Aug 21 2026  03:11:54 pm
  Module:                 aer_pending_xor2_rank_reuse_sync_core_reset
  Technology libraries:   typical 1.0
                          typical 1.0
  Operating conditions:   typical (balanced_tree)
  Wireload mode:          enclosed
  Area mode:              timing library
============================================================

                               
   Gate    Instances    Area     Library  
------------------------------------------
AND2X2            17   226.195    typical 
AND3X2             1    16.632    typical 
AND4X2             1    19.958    typical 
AOI211X1           4    66.528    typical 
AOI21X1           39   518.918    typical 
AOI21XL           16   212.890    typical 
AOI22X1            7   116.424    typical 
AOI22XL            1    16.632    typical 
BUFX3              2    26.611    typical 
CLKBUFXL           1    13.306    typical 
DFFHQX1           33  1756.339    typical 
DFFRHQX1           2   139.709    typical 
DFFTRX1           17   961.330    typical 
DFFX1             19  1074.427    typical 
INVX1              8    53.222    typical 
INVXL              2    13.306    typical 
NAND2BX1           5    66.528    typical 
NAND2X1           11   109.771    typical 
NAND2XL            1     9.979    typical 
NAND4X1            3    49.896    typical 
NOR2X1             6    59.875    typical 
NOR3X1             1    13.306    typical 
OAI21XL           10   133.056    typical 
OAI221XL           2    46.570    typical 
OAI22X1            8   159.667    typical 
OAI2BB1X1          3    49.896    typical 
OR2X2              2    26.611    typical 
XOR2X1             2    53.222    typical 
------------------------------------------
total            224  6010.805            


                                         
     Type      Instances   Area   Area % 
-----------------------------------------
sequential            71 3931.805   65.4 
inverter              10   66.528    1.1 
buffer                 3   39.917    0.7 
logic                140 1972.555   32.8 
physical_cells         0    0.000    0.0 
-----------------------------------------
total                224 6010.805  100.0 

