============================================================
  Generated by:           Genus(TM) Synthesis Solution 23.14-s090_1
  Generated on:           Aug 26 2026  02:51:12 pm
  Module:                 aer_pending_gray_rank_iprra_sync_core_reset
  Operating conditions:   PVT_0P9V_125C (balanced_tree)
  Wireload mode:          enclosed
  Area mode:              timing library
============================================================

Timing
--------

Clock  Period 
--------------
clk   10000.0 


  Cost    Critical         Violating 
 Group   Path Slack  TNS     Paths   
-------------------------------------
clk          7795.6   0.0          0 
default    No paths   0.0            
-------------------------------------
Total                 0.0          0 

Instance Count
--------------
Leaf Instance Count             316 
Physical Instance count           0 
Sequential Instance Count        71 
Combinational Instance Count    245 
Hierarchical Instance Count       1 

Area
----
Cell Area                          718.200
Physical Cell Area                 0.000
Total Cell Area (Cell+Physical)    718.200
Net Area                           0.000
Total Area (Cell+Physical+Net)     718.200

Max Fanout                         71 (clk)
Min Fanout                         0 (rst_n)
Average Fanout                     2.2
Terms to net ratio                 3.0687
Terms to instance ratio            3.2532
Runtime                            36.482968 seconds
Elapsed Runtime                    36 seconds
Genus peak memory usage            1650.14 
Innovus peak memory usage          no_value 
Hostname                           <REMOTE_HOST>
