============================================================
  Generated by:           Genus(TM) Synthesis Solution 23.14-s090_1
  Generated on:           Aug 26 2026  02:51:11 pm
  Module:                 aer_pending_gray_rank_iprra_sync_core_reset
  Technology libraries:   slow_vdd1v0 1.0
                          slow_vdd1v0 1.0
  Operating conditions:   PVT_0P9V_125C (balanced_tree)
  Wireload mode:          enclosed
  Area mode:              timing library
============================================================

                              
   Gate    Instances   Area       Library    
---------------------------------------------
AND2X1             1    1.368    slow_vdd1v0 
AND2XL            17   23.256    slow_vdd1v0 
AND4XL             4    9.576    slow_vdd1v0 
AOI211XL           1    2.052    slow_vdd1v0 
AOI21X1           33   56.430    slow_vdd1v0 
AOI21XL            6   10.260    slow_vdd1v0 
AOI2BB1X1          1    2.052    slow_vdd1v0 
AOI2BB1XL          1    2.052    slow_vdd1v0 
BUFX2              1    1.710    slow_vdd1v0 
DFFHQX1           53  290.016    slow_vdd1v0 
DFFQXL            16   87.552    slow_vdd1v0 
DFFRHQX1           2   12.312    slow_vdd1v0 
INVX1             67   45.828    slow_vdd1v0 
NAND2BX1           9   12.312    slow_vdd1v0 
NAND2BXL           1    1.368    slow_vdd1v0 
NAND2X1            9    9.234    slow_vdd1v0 
NAND2XL            1    1.026    slow_vdd1v0 
NAND3BXL           1    1.710    slow_vdd1v0 
NAND4XL            1    1.710    slow_vdd1v0 
NOR2BX1           20   27.360    slow_vdd1v0 
NOR2X1            11   11.286    slow_vdd1v0 
NOR3X1             5    8.550    slow_vdd1v0 
NOR4BX1            2    4.788    slow_vdd1v0 
NOR4X1             4    6.840    slow_vdd1v0 
OAI211X1          23   39.330    slow_vdd1v0 
OAI21X1           15   25.650    slow_vdd1v0 
OAI22X1            1    2.052    slow_vdd1v0 
OAI2BB1X1          4    6.840    slow_vdd1v0 
OAI31X1            1    2.052    slow_vdd1v0 
OR4X1              3    6.156    slow_vdd1v0 
XOR2XL             2    5.472    slow_vdd1v0 
---------------------------------------------
total            316  718.200                


                                        
     Type      Instances   Area  Area % 
----------------------------------------
sequential            71 389.880   54.3 
inverter              67  45.828    6.4 
buffer                 1   1.710    0.2 
logic                177 280.782   39.1 
physical_cells         0   0.000    0.0 
----------------------------------------
total                316 718.200  100.0 

