============================================================
  Generated by:           Genus(TM) Synthesis Solution 23.14-s090_1
  Generated on:           Aug 26 2026  02:53:17 pm
  Module:                 aer64_pending_grouped_rr
  Technology libraries:   slow_vdd1v0 1.0
                          slow_vdd1v0 1.0
  Operating conditions:   PVT_0P9V_125C (balanced_tree)
  Wireload mode:          enclosed
  Area mode:              timing library
============================================================

                               
   Gate    Instances    Area       Library    
----------------------------------------------
AND2X1             5     6.840    slow_vdd1v0 
AND2XL            65    88.920    slow_vdd1v0 
AND3XL             2     4.104    slow_vdd1v0 
AO21XL             1     2.394    slow_vdd1v0 
AOI211XL           1     2.052    slow_vdd1v0 
AOI21X1           79   135.090    slow_vdd1v0 
AOI21XL           52    88.920    slow_vdd1v0 
AOI221X1           4     9.576    slow_vdd1v0 
AOI22X1            2     4.104    slow_vdd1v0 
AOI31X1            1     2.052    slow_vdd1v0 
AOI32X1            3     7.182    slow_vdd1v0 
BUFX2              1     1.710    slow_vdd1v0 
DFFHQX1          199  1088.928    slow_vdd1v0 
DFFQXL            64   350.208    slow_vdd1v0 
DFFRHQX1           1     6.156    slow_vdd1v0 
DFFRX1             1     6.840    slow_vdd1v0 
INVX1            227   155.268    slow_vdd1v0 
INVXL              1     0.684    slow_vdd1v0 
NAND2BX1          16    21.888    slow_vdd1v0 
NAND2X1           24    24.624    slow_vdd1v0 
NAND2XL            3     3.078    slow_vdd1v0 
NAND3BXL           7    11.970    slow_vdd1v0 
NAND3X1            2     3.420    slow_vdd1v0 
NAND4BX1           4     9.576    slow_vdd1v0 
NAND4BXL           1     2.394    slow_vdd1v0 
NAND4XL            8    13.680    slow_vdd1v0 
NOR2BX1            9    12.312    slow_vdd1v0 
NOR2X1            29    29.754    slow_vdd1v0 
NOR2XL             2     2.052    slow_vdd1v0 
NOR3BX1            2     4.104    slow_vdd1v0 
NOR3X1             5     8.550    slow_vdd1v0 
NOR4X1             7    11.970    slow_vdd1v0 
OA22X1             8    19.152    slow_vdd1v0 
OAI211X1          73   124.830    slow_vdd1v0 
OAI21X1            3     5.130    slow_vdd1v0 
OAI21XL            1     1.710    slow_vdd1v0 
OAI221X1           9    21.546    slow_vdd1v0 
OAI222X1           1     2.736    slow_vdd1v0 
OAI22X1           44    90.288    slow_vdd1v0 
OAI2BB1X1          8    13.680    slow_vdd1v0 
OAI31X1            3     6.156    slow_vdd1v0 
OAI32X1            3     7.182    slow_vdd1v0 
OR2X1              6     8.208    slow_vdd1v0 
----------------------------------------------
total            987  2421.018                


                                         
     Type      Instances   Area   Area % 
-----------------------------------------
sequential           265 1452.132   60.0 
inverter             228  155.952    6.4 
buffer                 1    1.710    0.1 
logic                493  811.224   33.5 
physical_cells         0    0.000    0.0 
-----------------------------------------
total                987 2421.018  100.0 

