============================================================
  Generated by:           Genus(TM) Synthesis Solution 23.14-s090_1
  Generated on:           Aug 26 2026  02:53:18 pm
  Module:                 aer64_pending_grouped_rr
  Operating conditions:   PVT_0P9V_125C (balanced_tree)
  Wireload mode:          enclosed
  Area mode:              timing library
============================================================

Timing
--------

Clock  Period 
--------------
clk   10000.0 


  Cost    Critical         Violating 
 Group   Path Slack  TNS     Paths   
-------------------------------------
clk          6335.3   0.0          0 
default    No paths   0.0            
-------------------------------------
Total                 0.0          0 

Instance Count
--------------
Leaf Instance Count             987 
Physical Instance count           0 
Sequential Instance Count       265 
Combinational Instance Count    722 
Hierarchical Instance Count       1 

Area
----
Cell Area                          2421.018
Physical Cell Area                 0.000
Total Cell Area (Cell+Physical)    2421.018
Net Area                           0.000
Total Area (Cell+Physical+Net)     2421.018

Max Fanout                         265 (clk)
Min Fanout                         0 (rst_n)
Average Fanout                     2.2
Terms to net ratio                 3.0919
Terms to instance ratio            3.3050
Runtime                            62.36650899999999 seconds
Elapsed Runtime                    61 seconds
Genus peak memory usage            1754.04 
Innovus peak memory usage          no_value 
Hostname                           <REMOTE_HOST>
