============================================================
  Generated by:           Genus(TM) Synthesis Solution 23.14-s090_1
  Generated on:           Aug 26 2026  02:50:06 pm
  Module:                 aer_pending_gray_rank_reuse_sync_core_reset
  Operating conditions:   PVT_0P9V_125C (balanced_tree)
  Wireload mode:          enclosed
  Area mode:              timing library
============================================================

Timing
--------

Clock  Period 
--------------
clk   10000.0 


  Cost    Critical         Violating 
 Group   Path Slack  TNS     Paths   
-------------------------------------
clk          7654.9   0.0          0 
default    No paths   0.0            
-------------------------------------
Total                 0.0          0 

Instance Count
--------------
Leaf Instance Count             260 
Physical Instance count           0 
Sequential Instance Count        71 
Combinational Instance Count    189 
Hierarchical Instance Count       0 

Area
----
Cell Area                          655.272
Physical Cell Area                 0.000
Total Cell Area (Cell+Physical)    655.272
Net Area                           0.000
Total Area (Cell+Physical+Net)     655.272

Max Fanout                         71 (clk)
Min Fanout                         0 (rst_n)
Average Fanout                     2.3
Terms to net ratio                 3.1398
Terms to instance ratio            3.3692
Runtime                            28.660386000000003 seconds
Elapsed Runtime                    30 seconds
Genus peak memory usage            1604.94 
Innovus peak memory usage          no_value 
Hostname                           <REMOTE_HOST>
