*----------------------------------------------------------------------------------------
*	Innovus 23.14-s088_1 (64bit) 02/28/2025 12:25 (Linux 3.10.0-693.el7.x86_64)
*	
*
* 	Date & Time:	2026-Aug-21 17:29:07 (2026-Aug-21 08:29:07 GMT)
*
*----------------------------------------------------------------------------------------
*
*	Design: aer_pending_gray_rank_reuse_sync_core_reset
*
*	Liberty Libraries used: 
*	        setup_view: <REMOTE_HOME>/FPR/lib/slow.lib
*
*	Power Domain used: 
*              Rail:        VDD      Voltage:       1.62 
*
*       Power View : setup_view
*
*       User-Defined Activity : N.A.
*
*       Activity File: N.A.
*
*       Hierarchical Global Activity: N.A.
*
*       Global Activity: N.A.
*
*       Sequential Element Activity: 0.200000
*
*       Primary Input Activity: 0.200000
*
*       Default icg ratio: N.A.
*
*       Global Comb ClockGate Ratio: N.A.
*
*	Power Units = 1mW
*
*	Time Units = 1e-09 secs 
*
*       report_power -outfile <REMOTE_WORKSPACE>/reports/p9grr_h007/postroute_power.rpt
*
-----------------------------------------------------------------------------------------


Total Power 
-----------------------------------------------------------------------------------------
Total Internal Power:        0.58356199 	   76.7506%
Total Switching Power:       0.17655904 	   23.2212%
Total Leakage Power:         0.00021413 	    0.0282%
Total Power:                 0.76033515 
-----------------------------------------------------------------------------------------


Group                           Internal   Switching     Leakage       Total  Percentage 
                                Power      Power         Power         Power  (%)        
-----------------------------------------------------------------------------------------
Sequential                        0.4634     0.02464   0.0001206      0.4882        64.2 
Macro                                  0           0           0           0           0 
IO                                     0           0           0           0           0 
Combinational                    0.07329     0.07488   8.718e-05      0.1483        19.5 
Clock (Combinational)            0.04687     0.07704   6.339e-06      0.1239        16.3 
Clock (Sequential)                     0           0           0           0           0 
-----------------------------------------------------------------------------------------
Total                             0.5836      0.1766   0.0002141      0.7603         100 
-----------------------------------------------------------------------------------------


Rail                  Voltage   Internal   Switching     Leakage       Total  Percentage 
                                Power      Power         Power         Power  (%)        
-----------------------------------------------------------------------------------------
VDD                      1.62     0.5836      0.1766   0.0002141      0.7603         100 


Clock                           Internal   Switching     Leakage       Total  Percentage 
                                Power      Power         Power         Power  (%)        
-----------------------------------------------------------------------------------------
clk                              0.04687     0.07704   6.339e-06      0.1239        16.3 
-----------------------------------------------------------------------------------------
Total (excluding duplicates)     0.04687     0.07704   6.339e-06      0.1239        16.3 
-----------------------------------------------------------------------------------------
Clock: clk
Clock Period: 0.010000 usec 
Clock Toggle Rate:   200.0000 Mhz 
Clock Static Probability:  0.5000



-----------------------------------------------------------------------------------------
*	Power Distribution Summary: 
*                Highest Average Power:       CTS_ccl_a_buf_00001 (CLKBUFX20):           0.1239 
*                Highest Leakage Power:       CTS_ccl_a_buf_00001 (CLKBUFX20):        6.339e-06 
*          Total Cap:      3.26414e-12 F
*          Total instances in design:   262
*          Total instances in design with no power:     0
*          Total instances in design with no activity:     0
*          Total Fillers and Decap:     0
-----------------------------------------------------------------------------------------

