###############################################################
#  Generated by:      Cadence Innovus 23.14-s088_1
#  OS:                Linux x86_64(Host ID <REMOTE_HOST>)
#  Generated on:      Fri Aug 21 17:29:06 2026
#  Design:            aer_pending_gray_rank_reuse_sync_core_reset
#  Command:           report_timing -max_paths 50 > \
#    [file join $report_dir postroute_hold_timing.rpt]
###############################################################
Path 1: VIOLATED Hold Check with Pin req_sync_q_reg[11]/CK 
Endpoint:   req_sync_q_reg[11]/D (v) checked with  leading edge of 'clk'
Beginpoint: req_meta_q_reg[11]/Q (v) triggered by  leading edge of 'clk'
Path Groups: {clk}
Analysis View: hold_view
Other End Arrival Time          0.085
+ Hold                         -0.031
+ Phase Shift                   0.000
+ Uncertainty                   0.200
= Required Time                 0.254
  Arrival Time                  0.253
  Slack Time                   -0.001
     Clock Rise Edge                 0.000
     + Clock Network Latency (Prop)  -0.001
     = Beginpoint Arrival Time       -0.001
     +------------------------------------------------------------------------------+ 
     |        Instance        |     Arc     |   Cell   | Delay | Arrival | Required | 
     |                        |             |          |       |  Time   |   Time   | 
     |------------------------+-------------+----------+-------+---------+----------| 
     | req_meta_q_reg[11]     | CK ^        |          |       |  -0.001 |   -0.000 | 
     | req_meta_q_reg[11]     | CK ^ -> Q v | DFFHQX1  | 0.127 |   0.126 |    0.127 | 
     | FE_PHC9_req_meta_q_11  | A v -> Y v  | CLKBUFX1 | 0.061 |   0.187 |    0.187 | 
     | FE_PHC35_req_meta_q_11 | A v -> Y v  | CLKBUFX3 | 0.067 |   0.253 |    0.254 | 
     | req_sync_q_reg[11]     | D v         | DFFX1    | 0.000 |   0.253 |    0.254 | 
     +------------------------------------------------------------------------------+ 
Path 2: MET Hold Check with Pin req_sync_q_reg[1]/CK 
Endpoint:   req_sync_q_reg[1]/D (v) checked with  leading edge of 'clk'
Beginpoint: req_meta_q_reg[1]/Q (v) triggered by  leading edge of 'clk'
Path Groups: {clk}
Analysis View: hold_view
Other End Arrival Time          0.085
+ Hold                         -0.030
+ Phase Shift                   0.000
+ Uncertainty                   0.200
= Required Time                 0.255
  Arrival Time                  0.256
  Slack Time                    0.002
     Clock Rise Edge                 0.000
     + Clock Network Latency (Prop)  -0.002
     = Beginpoint Arrival Time       -0.002
     +-----------------------------------------------------------------------------+ 
     |       Instance        |     Arc     |   Cell   | Delay | Arrival | Required | 
     |                       |             |          |       |  Time   |   Time   | 
     |-----------------------+-------------+----------+-------+---------+----------| 
     | req_meta_q_reg[1]     | CK ^        |          |       |  -0.002 |   -0.003 | 
     | req_meta_q_reg[1]     | CK ^ -> Q v | DFFHQX1  | 0.128 |   0.126 |    0.125 | 
     | FE_PHC3_req_meta_q_1  | A v -> Y v  | CLKBUFX1 | 0.068 |   0.194 |    0.192 | 
     | FE_PHC27_req_meta_q_1 | A v -> Y v  | BUFX3    | 0.062 |   0.256 |    0.255 | 
     | req_sync_q_reg[1]     | D v         | DFFX1    | 0.000 |   0.256 |    0.255 | 
     +-----------------------------------------------------------------------------+ 
Path 3: MET Hold Check with Pin req_sync_q_reg[2]/CK 
Endpoint:   req_sync_q_reg[2]/D (v) checked with  leading edge of 'clk'
Beginpoint: req_meta_q_reg[2]/Q (v) triggered by  leading edge of 'clk'
Path Groups: {clk}
Analysis View: hold_view
Other End Arrival Time          0.085
+ Hold                         -0.034
+ Phase Shift                   0.000
+ Uncertainty                   0.200
= Required Time                 0.250
  Arrival Time                  0.254
  Slack Time                    0.004
     Clock Rise Edge                 0.000
     + Clock Network Latency (Prop)  -0.002
     = Beginpoint Arrival Time       -0.002
     +-----------------------------------------------------------------------------+ 
     |       Instance        |     Arc     |   Cell   | Delay | Arrival | Required | 
     |                       |             |          |       |  Time   |   Time   | 
     |-----------------------+-------------+----------+-------+---------+----------| 
     | req_meta_q_reg[2]     | CK ^        |          |       |  -0.002 |   -0.006 | 
     | req_meta_q_reg[2]     | CK ^ -> Q v | DFFHQX1  | 0.133 |   0.131 |    0.127 | 
     | FE_PHC13_req_meta_q_2 | A v -> Y v  | BUFX3    | 0.064 |   0.195 |    0.191 | 
     | FE_PHC36_req_meta_q_2 | A v -> Y v  | CLKBUFX1 | 0.059 |   0.254 |    0.250 | 
     | req_sync_q_reg[2]     | D v         | DFFX1    | 0.000 |   0.254 |    0.250 | 
     +-----------------------------------------------------------------------------+ 
Path 4: MET Hold Check with Pin req_sync_q_reg[0]/CK 
Endpoint:   req_sync_q_reg[0]/D (v) checked with  leading edge of 'clk'
Beginpoint: req_meta_q_reg[0]/Q (v) triggered by  leading edge of 'clk'
Path Groups: {clk}
Analysis View: hold_view
Other End Arrival Time          0.085
+ Hold                         -0.033
+ Phase Shift                   0.000
+ Uncertainty                   0.200
= Required Time                 0.252
  Arrival Time                  0.256
  Slack Time                    0.004
     Clock Rise Edge                 0.000
     + Clock Network Latency (Prop)  -0.002
     = Beginpoint Arrival Time       -0.002
     +-----------------------------------------------------------------------------+ 
     |       Instance        |     Arc     |   Cell   | Delay | Arrival | Required | 
     |                       |             |          |       |  Time   |   Time   | 
     |-----------------------+-------------+----------+-------+---------+----------| 
     | req_meta_q_reg[0]     | CK ^        |          |       |  -0.002 |   -0.006 | 
     | req_meta_q_reg[0]     | CK ^ -> Q v | DFFHQX1  | 0.132 |   0.130 |    0.126 | 
     | FE_PHC10_req_meta_q_0 | A v -> Y v  | CLKBUFX1 | 0.066 |   0.196 |    0.192 | 
     | FE_PHC21_req_meta_q_0 | A v -> Y v  | CLKBUFX1 | 0.060 |   0.256 |    0.252 | 
     | req_sync_q_reg[0]     | D v         | DFFX1    | 0.000 |   0.256 |    0.252 | 
     +-----------------------------------------------------------------------------+ 
Path 5: MET Hold Check with Pin req_sync_q_reg[6]/CK 
Endpoint:   req_sync_q_reg[6]/D (v) checked with  leading edge of 'clk'
Beginpoint: req_meta_q_reg[6]/Q (v) triggered by  leading edge of 'clk'
Path Groups: {clk}
Analysis View: hold_view
Other End Arrival Time          0.085
+ Hold                         -0.033
+ Phase Shift                   0.000
+ Uncertainty                   0.200
= Required Time                 0.251
  Arrival Time                  0.256
  Slack Time                    0.004
     Clock Rise Edge                 0.000
     + Clock Network Latency (Prop)  -0.002
     = Beginpoint Arrival Time       -0.002
     +-----------------------------------------------------------------------------+ 
     |       Instance        |     Arc     |   Cell   | Delay | Arrival | Required | 
     |                       |             |          |       |  Time   |   Time   | 
     |-----------------------+-------------+----------+-------+---------+----------| 
     | req_meta_q_reg[6]     | CK ^        |          |       |  -0.002 |   -0.006 | 
     | req_meta_q_reg[6]     | CK ^ -> Q v | DFFHQX1  | 0.135 |   0.133 |    0.129 | 
     | FE_PHC14_req_meta_q_6 | A v -> Y v  | CLKBUFX1 | 0.063 |   0.196 |    0.192 | 
     | FE_PHC25_req_meta_q_6 | A v -> Y v  | CLKBUFX1 | 0.059 |   0.256 |    0.251 | 
     | req_sync_q_reg[6]     | D v         | DFFX1    | 0.000 |   0.256 |    0.251 | 
     +-----------------------------------------------------------------------------+ 
Path 6: MET Hold Check with Pin req_sync_q_reg[9]/CK 
Endpoint:   req_sync_q_reg[9]/D (v) checked with  leading edge of 'clk'
Beginpoint: req_meta_q_reg[9]/Q (v) triggered by  leading edge of 'clk'
Path Groups: {clk}
Analysis View: hold_view
Other End Arrival Time          0.085
+ Hold                         -0.034
+ Phase Shift                   0.000
+ Uncertainty                   0.200
= Required Time                 0.251
  Arrival Time                  0.257
  Slack Time                    0.006
     Clock Rise Edge                 0.000
     + Clock Network Latency (Prop)  -0.002
     = Beginpoint Arrival Time       -0.002
     +-----------------------------------------------------------------------------+ 
     |       Instance        |     Arc     |   Cell   | Delay | Arrival | Required | 
     |                       |             |          |       |  Time   |   Time   | 
     |-----------------------+-------------+----------+-------+---------+----------| 
     | req_meta_q_reg[9]     | CK ^        |          |       |  -0.002 |   -0.008 | 
     | req_meta_q_reg[9]     | CK ^ -> Q v | DFFHQX1  | 0.127 |   0.125 |    0.119 | 
     | FE_PHC5_req_meta_q_9  | A v -> Y v  | CLKBUFX1 | 0.068 |   0.194 |    0.187 | 
     | FE_PHC20_req_meta_q_9 | A v -> Y v  | CLKBUFX1 | 0.063 |   0.257 |    0.251 | 
     | req_sync_q_reg[9]     | D v         | DFFX1    | 0.000 |   0.257 |    0.251 | 
     +-----------------------------------------------------------------------------+ 
Path 7: MET Hold Check with Pin ack_rank_q_reg[10]/CK 
Endpoint:   ack_rank_q_reg[10]/D     (^) checked with  leading edge of 'clk'
Beginpoint: pending_rank_q_reg[10]/Q (v) triggered by  leading edge of 'clk'
Path Groups: {clk}
Analysis View: hold_view
Other End Arrival Time          0.086
+ Hold                         -0.053
+ Phase Shift                   0.000
+ Uncertainty                   0.200
= Required Time                 0.233
  Arrival Time                  0.240
  Slack Time                    0.007
     Clock Rise Edge                 0.000
     + Clock Network Latency (Prop)  0.000
     = Beginpoint Arrival Time       0.000
     +-----------------------------------------------------------------------------+ 
     |        Instance        |     Arc     |  Cell   | Delay | Arrival | Required | 
     |                        |             |         |       |  Time   |   Time   | 
     |------------------------+-------------+---------+-------+---------+----------| 
     | pending_rank_q_reg[10] | CK ^        |         |       |   0.000 |   -0.007 | 
     | pending_rank_q_reg[10] | CK ^ -> Q v | DFFHQX1 | 0.148 |   0.148 |    0.141 | 
     | g6995__4733            | A1 v -> Y ^ | AOI21XL | 0.092 |   0.240 |    0.233 | 
     | ack_rank_q_reg[10]     | D ^         | DFFTRX1 | 0.000 |   0.240 |    0.233 | 
     +-----------------------------------------------------------------------------+ 
Path 8: MET Hold Check with Pin req_sync_q_reg[8]/CK 
Endpoint:   req_sync_q_reg[8]/D (v) checked with  leading edge of 'clk'
Beginpoint: req_meta_q_reg[8]/Q (v) triggered by  leading edge of 'clk'
Path Groups: {clk}
Analysis View: hold_view
Other End Arrival Time          0.085
+ Hold                         -0.030
+ Phase Shift                   0.000
+ Uncertainty                   0.200
= Required Time                 0.255
  Arrival Time                  0.262
  Slack Time                    0.007
     Clock Rise Edge                 0.000
     + Clock Network Latency (Prop)  -0.002
     = Beginpoint Arrival Time       -0.002
     +-----------------------------------------------------------------------------+ 
     |       Instance        |     Arc     |   Cell   | Delay | Arrival | Required | 
     |                       |             |          |       |  Time   |   Time   | 
     |-----------------------+-------------+----------+-------+---------+----------| 
     | req_meta_q_reg[8]     | CK ^        |          |       |  -0.002 |   -0.009 | 
     | req_meta_q_reg[8]     | CK ^ -> Q v | DFFHQX1  | 0.127 |   0.125 |    0.118 | 
     | FE_PHC4_req_meta_q_8  | A v -> Y v  | CLKBUFX1 | 0.072 |   0.197 |    0.190 | 
     | FE_PHC24_req_meta_q_8 | A v -> Y v  | BUFX3    | 0.065 |   0.262 |    0.254 | 
     | req_sync_q_reg[8]     | D v         | DFFX1    | 0.000 |   0.262 |    0.255 | 
     +-----------------------------------------------------------------------------+ 
Path 9: MET Hold Check with Pin reset_release_q_reg[1]/CK 
Endpoint:   reset_release_q_reg[1]/D (v) checked with  leading edge of 'clk'
Beginpoint: reset_release_q_reg[0]/Q (v) triggered by  leading edge of 'clk'
Path Groups: {clk}
Analysis View: hold_view
Other End Arrival Time          0.083
+ Hold                         -0.032
+ Phase Shift                   0.000
+ Uncertainty                   0.200
= Required Time                 0.251
  Arrival Time                  0.258
  Slack Time                    0.007
     Clock Rise Edge                 0.000
     + Clock Network Latency (Prop)  -0.004
     = Beginpoint Arrival Time       -0.004
     +----------------------------------------------------------------------------------+ 
     |          Instance          |     Arc     |   Cell   | Delay | Arrival | Required | 
     |                            |             |          |       |  Time   |   Time   | 
     |----------------------------+-------------+----------+-------+---------+----------| 
     | reset_release_q_reg[0]     | CK ^        |          |       |  -0.004 |   -0.011 | 
     | reset_release_q_reg[0]     | CK ^ -> Q v | DFFRHQX1 | 0.137 |   0.134 |    0.126 | 
     | FE_PHC18_reset_release_q_0 | A v -> Y v  | CLKBUFX1 | 0.063 |   0.196 |    0.189 | 
     | FE_PHC44_reset_release_q_0 | A v -> Y v  | CLKBUFX1 | 0.062 |   0.258 |    0.251 | 
     | reset_release_q_reg[1]     | D v         | DFFRHQX1 | 0.000 |   0.258 |    0.251 | 
     +----------------------------------------------------------------------------------+ 
Path 10: MET Hold Check with Pin req_sync_q_reg[3]/CK 
Endpoint:   req_sync_q_reg[3]/D (v) checked with  leading edge of 'clk'
Beginpoint: req_meta_q_reg[3]/Q (v) triggered by  leading edge of 'clk'
Path Groups: {clk}
Analysis View: hold_view
Other End Arrival Time          0.085
+ Hold                         -0.031
+ Phase Shift                   0.000
+ Uncertainty                   0.200
= Required Time                 0.254
  Arrival Time                  0.262
  Slack Time                    0.008
     Clock Rise Edge                 0.000
     + Clock Network Latency (Prop)  -0.002
     = Beginpoint Arrival Time       -0.002
     +----------------------------------------------------------------------------+ 
     |       Instance        |     Arc     |  Cell   | Delay | Arrival | Required | 
     |                       |             |         |       |  Time   |   Time   | 
     |-----------------------+-------------+---------+-------+---------+----------| 
     | req_meta_q_reg[3]     | CK ^        |         |       |  -0.002 |   -0.009 | 
     | req_meta_q_reg[3]     | CK ^ -> Q v | DFFHQX1 | 0.136 |   0.134 |    0.127 | 
     | FE_PHC15_req_meta_q_3 | A v -> Y v  | BUFX3   | 0.068 |   0.202 |    0.195 | 
     | FE_PHC28_req_meta_q_3 | A v -> Y v  | BUFX3   | 0.059 |   0.261 |    0.254 | 
     | req_sync_q_reg[3]     | D v         | DFFX1   | 0.000 |   0.262 |    0.254 | 
     +----------------------------------------------------------------------------+ 
Path 11: MET Hold Check with Pin ack_rank_q_reg[15]/CK 
Endpoint:   ack_rank_q_reg[15]/D     (^) checked with  leading edge of 'clk'
Beginpoint: pending_rank_q_reg[15]/Q (v) triggered by  leading edge of 'clk'
Path Groups: {clk}
Analysis View: hold_view
Other End Arrival Time          0.088
+ Hold                         -0.053
+ Phase Shift                   0.000
+ Uncertainty                   0.200
= Required Time                 0.235
  Arrival Time                  0.243
  Slack Time                    0.008
     Clock Rise Edge                 0.000
     + Clock Network Latency (Prop)  0.002
     = Beginpoint Arrival Time       0.002
     +-----------------------------------------------------------------------------+ 
     |        Instance        |     Arc     |  Cell   | Delay | Arrival | Required | 
     |                        |             |         |       |  Time   |   Time   | 
     |------------------------+-------------+---------+-------+---------+----------| 
     | pending_rank_q_reg[15] | CK ^        |         |       |   0.002 |   -0.006 | 
     | pending_rank_q_reg[15] | CK ^ -> Q v | DFFHQX1 | 0.150 |   0.152 |    0.144 | 
     | g6999__1705            | A1 v -> Y ^ | AOI21XL | 0.091 |   0.243 |    0.235 | 
     | ack_rank_q_reg[15]     | D ^         | DFFTRX1 | 0.000 |   0.243 |    0.235 | 
     +-----------------------------------------------------------------------------+ 
Path 12: MET Hold Check with Pin req_sync_q_reg[4]/CK 
Endpoint:   req_sync_q_reg[4]/D (v) checked with  leading edge of 'clk'
Beginpoint: req_meta_q_reg[4]/Q (v) triggered by  leading edge of 'clk'
Path Groups: {clk}
Analysis View: hold_view
Other End Arrival Time          0.085
+ Hold                         -0.031
+ Phase Shift                   0.000
+ Uncertainty                   0.200
= Required Time                 0.254
  Arrival Time                  0.264
  Slack Time                    0.010
     Clock Rise Edge                 0.000
     + Clock Network Latency (Prop)  -0.002
     = Beginpoint Arrival Time       -0.002
     +-----------------------------------------------------------------------------+ 
     |       Instance        |     Arc     |   Cell   | Delay | Arrival | Required | 
     |                       |             |          |       |  Time   |   Time   | 
     |-----------------------+-------------+----------+-------+---------+----------| 
     | req_meta_q_reg[4]     | CK ^        |          |       |  -0.002 |   -0.012 | 
     | req_meta_q_reg[4]     | CK ^ -> Q v | DFFHQX1  | 0.132 |   0.130 |    0.121 | 
     | FE_PHC11_req_meta_q_4 | A v -> Y v  | CLKBUFX1 | 0.069 |   0.199 |    0.189 | 
     | FE_PHC33_req_meta_q_4 | A v -> Y v  | BUFX3    | 0.065 |   0.264 |    0.254 | 
     | req_sync_q_reg[4]     | D v         | DFFX1    | 0.000 |   0.264 |    0.254 | 
     +-----------------------------------------------------------------------------+ 
Path 13: MET Hold Check with Pin ack_rank_q_reg[1]/CK 
Endpoint:   ack_rank_q_reg[1]/D     (^) checked with  leading edge of 'clk'
Beginpoint: pending_rank_q_reg[1]/Q (v) triggered by  leading edge of 'clk'
Path Groups: {clk}
Analysis View: hold_view
Other End Arrival Time          0.087
+ Hold                         -0.053
+ Phase Shift                   0.000
+ Uncertainty                   0.200
= Required Time                 0.235
  Arrival Time                  0.245
  Slack Time                    0.010
     Clock Rise Edge                 0.000
     + Clock Network Latency (Prop)  0.001
     = Beginpoint Arrival Time       0.001
     +----------------------------------------------------------------------------+ 
     |       Instance        |     Arc     |  Cell   | Delay | Arrival | Required | 
     |                       |             |         |       |  Time   |   Time   | 
     |-----------------------+-------------+---------+-------+---------+----------| 
     | pending_rank_q_reg[1] | CK ^        |         |       |   0.001 |   -0.009 | 
     | pending_rank_q_reg[1] | CK ^ -> Q v | DFFHQX1 | 0.143 |   0.144 |    0.134 | 
     | g7001__7482           | A1 v -> Y ^ | AOI21XL | 0.101 |   0.245 |    0.235 | 
     | ack_rank_q_reg[1]     | D ^         | DFFTRX1 | 0.000 |   0.245 |    0.235 | 
     +----------------------------------------------------------------------------+ 
Path 14: MET Hold Check with Pin req_sync_q_reg[13]/CK 
Endpoint:   req_sync_q_reg[13]/D (v) checked with  leading edge of 'clk'
Beginpoint: req_meta_q_reg[13]/Q (v) triggered by  leading edge of 'clk'
Path Groups: {clk}
Analysis View: hold_view
Other End Arrival Time          0.085
+ Hold                         -0.034
+ Phase Shift                   0.000
+ Uncertainty                   0.200
= Required Time                 0.251
  Arrival Time                  0.261
  Slack Time                    0.011
     Clock Rise Edge                 0.000
     + Clock Network Latency (Prop)  -0.002
     = Beginpoint Arrival Time       -0.002
     +------------------------------------------------------------------------------+ 
     |        Instance        |     Arc     |   Cell   | Delay | Arrival | Required | 
     |                        |             |          |       |  Time   |   Time   | 
     |------------------------+-------------+----------+-------+---------+----------| 
     | req_meta_q_reg[13]     | CK ^        |          |       |  -0.002 |   -0.012 | 
     | req_meta_q_reg[13]     | CK ^ -> Q v | DFFHQX1  | 0.130 |   0.128 |    0.117 | 
     | FE_PHC7_req_meta_q_13  | A v -> Y v  | CLKBUFX1 | 0.069 |   0.197 |    0.186 | 
     | FE_PHC23_req_meta_q_13 | A v -> Y v  | CLKBUFX1 | 0.064 |   0.261 |    0.251 | 
     | req_sync_q_reg[13]     | D v         | DFFX1    | 0.000 |   0.261 |    0.251 | 
     +------------------------------------------------------------------------------+ 
Path 15: MET Hold Check with Pin req_sync_q_reg[14]/CK 
Endpoint:   req_sync_q_reg[14]/D (v) checked with  leading edge of 'clk'
Beginpoint: req_meta_q_reg[14]/Q (v) triggered by  leading edge of 'clk'
Path Groups: {clk}
Analysis View: hold_view
Other End Arrival Time          0.085
+ Hold                         -0.035
+ Phase Shift                   0.000
+ Uncertainty                   0.200
= Required Time                 0.251
  Arrival Time                  0.261
  Slack Time                    0.011
     Clock Rise Edge                 0.000
     + Clock Network Latency (Prop)  -0.002
     = Beginpoint Arrival Time       -0.002
     +------------------------------------------------------------------------------+ 
     |        Instance        |     Arc     |   Cell   | Delay | Arrival | Required | 
     |                        |             |          |       |  Time   |   Time   | 
     |------------------------+-------------+----------+-------+---------+----------| 
     | req_meta_q_reg[14]     | CK ^        |          |       |  -0.002 |   -0.012 | 
     | req_meta_q_reg[14]     | CK ^ -> Q v | DFFHQX1  | 0.129 |   0.127 |    0.116 | 
     | FE_PHC6_req_meta_q_14  | A v -> Y v  | CLKBUFX1 | 0.069 |   0.196 |    0.185 | 
     | FE_PHC22_req_meta_q_14 | A v -> Y v  | CLKBUFX1 | 0.065 |   0.261 |    0.250 | 
     | req_sync_q_reg[14]     | D v         | DFFX1    | 0.000 |   0.261 |    0.251 | 
     +------------------------------------------------------------------------------+ 
Path 16: MET Hold Check with Pin ack_rank_q_reg[11]/CK 
Endpoint:   ack_rank_q_reg[11]/D     (^) checked with  leading edge of 'clk'
Beginpoint: pending_rank_q_reg[11]/Q (v) triggered by  leading edge of 'clk'
Path Groups: {clk}
Analysis View: hold_view
Other End Arrival Time          0.086
+ Hold                         -0.053
+ Phase Shift                   0.000
+ Uncertainty                   0.200
= Required Time                 0.233
  Arrival Time                  0.245
  Slack Time                    0.011
     Clock Rise Edge                 0.000
     + Clock Network Latency (Prop)  -0.000
     = Beginpoint Arrival Time       -0.000
     +-----------------------------------------------------------------------------+ 
     |        Instance        |     Arc     |  Cell   | Delay | Arrival | Required | 
     |                        |             |         |       |  Time   |   Time   | 
     |------------------------+-------------+---------+-------+---------+----------| 
     | pending_rank_q_reg[11] | CK ^        |         |       |  -0.000 |   -0.012 | 
     | pending_rank_q_reg[11] | CK ^ -> Q v | DFFHQX1 | 0.146 |   0.146 |    0.135 | 
     | g6998__9945            | A1 v -> Y ^ | AOI21XL | 0.099 |   0.245 |    0.233 | 
     | ack_rank_q_reg[11]     | D ^         | DFFTRX1 | 0.000 |   0.245 |    0.233 | 
     +-----------------------------------------------------------------------------+ 
Path 17: MET Hold Check with Pin req_sync_q_reg[10]/CK 
Endpoint:   req_sync_q_reg[10]/D (v) checked with  leading edge of 'clk'
Beginpoint: req_meta_q_reg[10]/Q (v) triggered by  leading edge of 'clk'
Path Groups: {clk}
Analysis View: hold_view
Other End Arrival Time          0.085
+ Hold                         -0.030
+ Phase Shift                   0.000
+ Uncertainty                   0.200
= Required Time                 0.255
  Arrival Time                  0.267
  Slack Time                    0.012
     Clock Rise Edge                 0.000
     + Clock Network Latency (Prop)  -0.001
     = Beginpoint Arrival Time       -0.001
     +------------------------------------------------------------------------------+ 
     |        Instance        |     Arc     |   Cell   | Delay | Arrival | Required | 
     |                        |             |          |       |  Time   |   Time   | 
     |------------------------+-------------+----------+-------+---------+----------| 
     | req_meta_q_reg[10]     | CK ^        |          |       |  -0.001 |   -0.013 | 
     | req_meta_q_reg[10]     | CK ^ -> Q v | DFFHQX1  | 0.133 |   0.132 |    0.120 | 
     | FE_PHC12_req_meta_q_10 | A v -> Y v  | CLKBUFX1 | 0.072 |   0.204 |    0.192 | 
     | FE_PHC26_req_meta_q_10 | A v -> Y v  | BUFX3    | 0.063 |   0.267 |    0.255 | 
     | req_sync_q_reg[10]     | D v         | DFFX1    | 0.000 |   0.267 |    0.255 | 
     +------------------------------------------------------------------------------+ 
Path 18: MET Hold Check with Pin ack_rank_q_reg[13]/CK 
Endpoint:   ack_rank_q_reg[13]/D     (^) checked with  leading edge of 'clk'
Beginpoint: pending_rank_q_reg[13]/Q (v) triggered by  leading edge of 'clk'
Path Groups: {clk}
Analysis View: hold_view
Other End Arrival Time          0.088
+ Hold                         -0.053
+ Phase Shift                   0.000
+ Uncertainty                   0.200
= Required Time                 0.235
  Arrival Time                  0.247
  Slack Time                    0.012
     Clock Rise Edge                 0.000
     + Clock Network Latency (Prop)  0.002
     = Beginpoint Arrival Time       0.002
     +-----------------------------------------------------------------------------+ 
     |        Instance        |     Arc     |  Cell   | Delay | Arrival | Required | 
     |                        |             |         |       |  Time   |   Time   | 
     |------------------------+-------------+---------+-------+---------+----------| 
     | pending_rank_q_reg[13] | CK ^        |         |       |   0.002 |   -0.011 | 
     | pending_rank_q_reg[13] | CK ^ -> Q v | DFFHQX1 | 0.148 |   0.150 |    0.138 | 
     | g7002__6417            | A1 v -> Y ^ | AOI21XL | 0.097 |   0.247 |    0.235 | 
     | ack_rank_q_reg[13]     | D ^         | DFFTRX1 | 0.000 |   0.247 |    0.235 | 
     +-----------------------------------------------------------------------------+ 
Path 19: MET Hold Check with Pin ack_rank_q_reg[8]/CK 
Endpoint:   ack_rank_q_reg[8]/D     (^) checked with  leading edge of 'clk'
Beginpoint: pending_rank_q_reg[8]/Q (v) triggered by  leading edge of 'clk'
Path Groups: {clk}
Analysis View: hold_view
Other End Arrival Time          0.084
+ Hold                         -0.053
+ Phase Shift                   0.000
+ Uncertainty                   0.200
= Required Time                 0.231
  Arrival Time                  0.245
  Slack Time                    0.013
     Clock Rise Edge                 0.000
     + Clock Network Latency (Prop)  0.001
     = Beginpoint Arrival Time       0.001
     +----------------------------------------------------------------------------+ 
     |       Instance        |     Arc     |  Cell   | Delay | Arrival | Required | 
     |                       |             |         |       |  Time   |   Time   | 
     |-----------------------+-------------+---------+-------+---------+----------| 
     | pending_rank_q_reg[8] | CK ^        |         |       |   0.001 |   -0.013 | 
     | pending_rank_q_reg[8] | CK ^ -> Q v | DFFHQX1 | 0.147 |   0.148 |    0.134 | 
     | g7009__5526           | A1 v -> Y ^ | AOI21XL | 0.097 |   0.245 |    0.231 | 
     | ack_rank_q_reg[8]     | D ^         | DFFTRX1 | 0.000 |   0.245 |    0.231 | 
     +----------------------------------------------------------------------------+ 
Path 20: MET Hold Check with Pin req_sync_q_reg[5]/CK 
Endpoint:   req_sync_q_reg[5]/D (v) checked with  leading edge of 'clk'
Beginpoint: req_meta_q_reg[5]/Q (v) triggered by  leading edge of 'clk'
Path Groups: {clk}
Analysis View: hold_view
Other End Arrival Time          0.085
+ Hold                         -0.031
+ Phase Shift                   0.000
+ Uncertainty                   0.200
= Required Time                 0.254
  Arrival Time                  0.268
  Slack Time                    0.014
     Clock Rise Edge                 0.000
     + Clock Network Latency (Prop)  -0.002
     = Beginpoint Arrival Time       -0.002
     +-----------------------------------------------------------------------------+ 
     |       Instance        |     Arc     |   Cell   | Delay | Arrival | Required | 
     |                       |             |          |       |  Time   |   Time   | 
     |-----------------------+-------------+----------+-------+---------+----------| 
     | req_meta_q_reg[5]     | CK ^        |          |       |  -0.002 |   -0.016 | 
     | req_meta_q_reg[5]     | CK ^ -> Q v | DFFHQX1  | 0.135 |   0.133 |    0.120 | 
     | FE_PHC8_req_meta_q_5  | A v -> Y v  | CLKBUFX1 | 0.069 |   0.203 |    0.189 | 
     | FE_PHC31_req_meta_q_5 | A v -> Y v  | BUFX3    | 0.065 |   0.268 |    0.254 | 
     | req_sync_q_reg[5]     | D v         | DFFX1    | 0.000 |   0.268 |    0.254 | 
     +-----------------------------------------------------------------------------+ 
Path 21: MET Hold Check with Pin ack_rank_q_reg[3]/CK 
Endpoint:   ack_rank_q_reg[3]/D     (^) checked with  leading edge of 'clk'
Beginpoint: pending_rank_q_reg[3]/Q (v) triggered by  leading edge of 'clk'
Path Groups: {clk}
Analysis View: hold_view
Other End Arrival Time          0.085
+ Hold                         -0.053
+ Phase Shift                   0.000
+ Uncertainty                   0.200
= Required Time                 0.232
  Arrival Time                  0.246
  Slack Time                    0.014
     Clock Rise Edge                 0.000
     + Clock Network Latency (Prop)  0.001
     = Beginpoint Arrival Time       0.001
     +----------------------------------------------------------------------------+ 
     |       Instance        |     Arc     |  Cell   | Delay | Arrival | Required | 
     |                       |             |         |       |  Time   |   Time   | 
     |-----------------------+-------------+---------+-------+---------+----------| 
     | pending_rank_q_reg[3] | CK ^        |         |       |   0.001 |   -0.013 | 
     | pending_rank_q_reg[3] | CK ^ -> Q v | DFFHQX1 | 0.147 |   0.147 |    0.134 | 
     | g7004__2398           | A1 v -> Y ^ | AOI21XL | 0.098 |   0.246 |    0.232 | 
     | ack_rank_q_reg[3]     | D ^         | DFFTRX1 | 0.000 |   0.246 |    0.232 | 
     +----------------------------------------------------------------------------+ 
Path 22: MET Hold Check with Pin ack_rank_q_reg[0]/CK 
Endpoint:   ack_rank_q_reg[0]/D     (^) checked with  leading edge of 'clk'
Beginpoint: pending_rank_q_reg[0]/Q (v) triggered by  leading edge of 'clk'
Path Groups: {clk}
Analysis View: hold_view
Other End Arrival Time          0.087
+ Hold                         -0.053
+ Phase Shift                   0.000
+ Uncertainty                   0.200
= Required Time                 0.234
  Arrival Time                  0.249
  Slack Time                    0.014
     Clock Rise Edge                 0.000
     + Clock Network Latency (Prop)  0.001
     = Beginpoint Arrival Time       0.001
     +----------------------------------------------------------------------------+ 
     |       Instance        |     Arc     |  Cell   | Delay | Arrival | Required | 
     |                       |             |         |       |  Time   |   Time   | 
     |-----------------------+-------------+---------+-------+---------+----------| 
     | pending_rank_q_reg[0] | CK ^        |         |       |   0.001 |   -0.013 | 
     | pending_rank_q_reg[0] | CK ^ -> Q v | DFFHQX1 | 0.147 |   0.148 |    0.134 | 
     | g6997__9315           | A1 v -> Y ^ | AOI21XL | 0.101 |   0.249 |    0.234 | 
     | ack_rank_q_reg[0]     | D ^         | DFFTRX1 | 0.000 |   0.249 |    0.234 | 
     +----------------------------------------------------------------------------+ 
Path 23: MET Hold Check with Pin ack_rank_q_reg[2]/CK 
Endpoint:   ack_rank_q_reg[2]/D     (^) checked with  leading edge of 'clk'
Beginpoint: pending_rank_q_reg[2]/Q (v) triggered by  leading edge of 'clk'
Path Groups: {clk}
Analysis View: hold_view
Other End Arrival Time          0.085
+ Hold                         -0.053
+ Phase Shift                   0.000
+ Uncertainty                   0.200
= Required Time                 0.232
  Arrival Time                  0.247
  Slack Time                    0.015
     Clock Rise Edge                 0.000
     + Clock Network Latency (Prop)  0.001
     = Beginpoint Arrival Time       0.001
     +----------------------------------------------------------------------------+ 
     |       Instance        |     Arc     |  Cell   | Delay | Arrival | Required | 
     |                       |             |         |       |  Time   |   Time   | 
     |-----------------------+-------------+---------+-------+---------+----------| 
     | pending_rank_q_reg[2] | CK ^        |         |       |   0.001 |   -0.014 | 
     | pending_rank_q_reg[2] | CK ^ -> Q v | DFFHQX1 | 0.147 |   0.148 |    0.133 | 
     | g7003__5477           | A1 v -> Y ^ | AOI21XL | 0.099 |   0.247 |    0.232 | 
     | ack_rank_q_reg[2]     | D ^         | DFFTRX1 | 0.000 |   0.247 |    0.232 | 
     +----------------------------------------------------------------------------+ 
Path 24: MET Hold Check with Pin req_sync_q_reg[7]/CK 
Endpoint:   req_sync_q_reg[7]/D (v) checked with  leading edge of 'clk'
Beginpoint: req_meta_q_reg[7]/Q (v) triggered by  leading edge of 'clk'
Path Groups: {clk}
Analysis View: hold_view
Other End Arrival Time          0.085
+ Hold                         -0.036
+ Phase Shift                   0.000
+ Uncertainty                   0.200
= Required Time                 0.249
  Arrival Time                  0.265
  Slack Time                    0.016
     Clock Rise Edge                 0.000
     + Clock Network Latency (Prop)  -0.002
     = Beginpoint Arrival Time       -0.002
     +-----------------------------------------------------------------------------+ 
     |       Instance        |     Arc     |   Cell   | Delay | Arrival | Required | 
     |                       |             |          |       |  Time   |   Time   | 
     |-----------------------+-------------+----------+-------+---------+----------| 
     | req_meta_q_reg[7]     | CK ^        |          |       |  -0.002 |   -0.018 | 
     | req_meta_q_reg[7]     | CK ^ -> Q v | DFFHQX1  | 0.126 |   0.125 |    0.109 | 
     | FE_PHC2_req_meta_q_7  | A v -> Y v  | CLKBUFX1 | 0.072 |   0.196 |    0.180 | 
     | FE_PHC30_req_meta_q_7 | A v -> Y v  | CLKBUFX1 | 0.069 |   0.265 |    0.249 | 
     | req_sync_q_reg[7]     | D v         | DFFX1    | 0.000 |   0.265 |    0.249 | 
     +-----------------------------------------------------------------------------+ 
Path 25: MET Hold Check with Pin ack_rank_q_reg[5]/CK 
Endpoint:   ack_rank_q_reg[5]/D  (v) checked with  leading edge of 'clk'
Beginpoint: ack_rank_q_reg[5]/QN (^) triggered by  leading edge of 'clk'
Path Groups: {clk}
Analysis View: hold_view
Other End Arrival Time          0.087
+ Hold                         -0.088
+ Phase Shift                   0.000
+ Uncertainty                   0.200
= Required Time                 0.199
  Arrival Time                  0.218
  Slack Time                    0.019
     Clock Rise Edge                 0.000
     + Clock Network Latency (Prop)  0.001
     = Beginpoint Arrival Time       0.001
     +-------------------------------------------------------------------------+ 
     |     Instance      |     Arc      |  Cell   | Delay | Arrival | Required | 
     |                   |              |         |       |  Time   |   Time   | 
     |-------------------+--------------+---------+-------+---------+----------| 
     | ack_rank_q_reg[5] | CK ^         |         |       |   0.001 |   -0.018 | 
     | ack_rank_q_reg[5] | CK ^ -> QN ^ | DFFTRX1 | 0.179 |   0.180 |    0.161 | 
     | g7005__5107       | A0 ^ -> Y v  | AOI21XL | 0.038 |   0.218 |    0.199 | 
     | ack_rank_q_reg[5] | D v          | DFFTRX1 | 0.000 |   0.218 |    0.199 | 
     +-------------------------------------------------------------------------+ 
Path 26: MET Hold Check with Pin pending_rank_q_reg[11]/CK 
Endpoint:   pending_rank_q_reg[11]/D (^) checked with  leading edge of 'clk'
Beginpoint: pending_rank_q_reg[11]/Q (^) triggered by  leading edge of 'clk'
Path Groups: {clk}
Analysis View: hold_view
Other End Arrival Time          0.086
+ Hold                         -0.033
+ Phase Shift                   0.000
+ Uncertainty                   0.200
= Required Time                 0.253
  Arrival Time                  0.274
  Slack Time                    0.021
     Clock Rise Edge                 0.000
     + Clock Network Latency (Prop)  -0.000
     = Beginpoint Arrival Time       -0.000
     +-------------------------------------------------------------------------------+ 
     |        Instance        |     Arc     |   Cell    | Delay | Arrival | Required | 
     |                        |             |           |       |  Time   |   Time   | 
     |------------------------+-------------+-----------+-------+---------+----------| 
     | pending_rank_q_reg[11] | CK ^        |           |       |  -0.000 |   -0.021 | 
     | pending_rank_q_reg[11] | CK ^ -> Q ^ | DFFHQX1   | 0.167 |   0.166 |    0.145 | 
     | g6971__6260            | B0 ^ -> Y v | AOI2BB1X1 | 0.058 |   0.224 |    0.203 | 
     | g6858__6131            | B0 v -> Y ^ | AOI31X1   | 0.050 |   0.274 |    0.253 | 
     | pending_rank_q_reg[11] | D ^         | DFFHQX1   | 0.000 |   0.274 |    0.253 | 
     +-------------------------------------------------------------------------------+ 
Path 27: MET Hold Check with Pin req_sync_q_reg[12]/CK 
Endpoint:   req_sync_q_reg[12]/D (v) checked with  leading edge of 'clk'
Beginpoint: req_meta_q_reg[12]/Q (v) triggered by  leading edge of 'clk'
Path Groups: {clk}
Analysis View: hold_view
Other End Arrival Time          0.084
+ Hold                         -0.031
+ Phase Shift                   0.000
+ Uncertainty                   0.200
= Required Time                 0.253
  Arrival Time                  0.274
  Slack Time                    0.021
     Clock Rise Edge                 0.000
     + Clock Network Latency (Prop)  -0.002
     = Beginpoint Arrival Time       -0.002
     +-----------------------------------------------------------------------------+ 
     |        Instance        |     Arc     |  Cell   | Delay | Arrival | Required | 
     |                        |             |         |       |  Time   |   Time   | 
     |------------------------+-------------+---------+-------+---------+----------| 
     | req_meta_q_reg[12]     | CK ^        |         |       |  -0.002 |   -0.023 | 
     | req_meta_q_reg[12]     | CK ^ -> Q v | DFFHQX1 | 0.149 |   0.148 |    0.127 | 
     | FE_PHC17_req_meta_q_12 | A v -> Y v  | BUFX3   | 0.069 |   0.217 |    0.196 | 
     | FE_PHC32_req_meta_q_12 | A v -> Y v  | BUFX3   | 0.057 |   0.274 |    0.253 | 
     | req_sync_q_reg[12]     | D v         | DFFX1   | 0.000 |   0.274 |    0.253 | 
     +-----------------------------------------------------------------------------+ 
Path 28: MET Hold Check with Pin out_rank_q_reg[0]/CK 
Endpoint:   out_rank_q_reg[0]/D  (v) checked with  leading edge of 'clk'
Beginpoint: out_rank_q_reg[0]/QN (^) triggered by  leading edge of 'clk'
Path Groups: {clk}
Analysis View: hold_view
Other End Arrival Time          0.087
+ Hold                         -0.037
+ Phase Shift                   0.000
+ Uncertainty                   0.200
= Required Time                 0.249
  Arrival Time                  0.270
  Slack Time                    0.021
     Clock Rise Edge                 0.000
     + Clock Network Latency (Prop)  0.001
     = Beginpoint Arrival Time       0.001
     +--------------------------------------------------------------------------+ 
     |     Instance      |     Arc      |   Cell   | Delay | Arrival | Required | 
     |                   |              |          |       |  Time   |   Time   | 
     |-------------------+--------------+----------+-------+---------+----------| 
     | out_rank_q_reg[0] | CK ^         |          |       |   0.001 |   -0.020 | 
     | out_rank_q_reg[0] | CK ^ -> QN ^ | DFFX1    | 0.216 |   0.216 |    0.195 | 
     | g6869__5115       | B1 ^ -> Y v  | OAI221XL | 0.054 |   0.270 |    0.249 | 
     | out_rank_q_reg[0] | D v          | DFFX1    | 0.000 |   0.270 |    0.249 | 
     +--------------------------------------------------------------------------+ 
Path 29: MET Hold Check with Pin ack_rank_q_reg[9]/CK 
Endpoint:   ack_rank_q_reg[9]/D  (v) checked with  leading edge of 'clk'
Beginpoint: ack_rank_q_reg[9]/QN (^) triggered by  leading edge of 'clk'
Path Groups: {clk}
Analysis View: hold_view
Other End Arrival Time          0.086
+ Hold                         -0.089
+ Phase Shift                   0.000
+ Uncertainty                   0.200
= Required Time                 0.196
  Arrival Time                  0.219
  Slack Time                    0.023
     Clock Rise Edge                 0.000
     + Clock Network Latency (Prop)  -0.001
     = Beginpoint Arrival Time       -0.001
     +-------------------------------------------------------------------------+ 
     |     Instance      |     Arc      |  Cell   | Delay | Arrival | Required | 
     |                   |              |         |       |  Time   |   Time   | 
     |-------------------+--------------+---------+-------+---------+----------| 
     | ack_rank_q_reg[9] | CK ^         |         |       |  -0.001 |   -0.023 | 
     | ack_rank_q_reg[9] | CK ^ -> QN ^ | DFFTRX1 | 0.182 |   0.181 |    0.158 | 
     | g7010__6783       | A0 ^ -> Y v  | AOI21XL | 0.038 |   0.219 |    0.196 | 
     | ack_rank_q_reg[9] | D v          | DFFTRX1 | 0.000 |   0.219 |    0.196 | 
     +-------------------------------------------------------------------------+ 
Path 30: MET Hold Check with Pin req_sync_q_reg[15]/CK 
Endpoint:   req_sync_q_reg[15]/D (v) checked with  leading edge of 'clk'
Beginpoint: req_meta_q_reg[15]/Q (v) triggered by  leading edge of 'clk'
Path Groups: {clk}
Analysis View: hold_view
Other End Arrival Time          0.085
+ Hold                         -0.033
+ Phase Shift                   0.000
+ Uncertainty                   0.200
= Required Time                 0.252
  Arrival Time                  0.275
  Slack Time                    0.023
     Clock Rise Edge                 0.000
     + Clock Network Latency (Prop)  -0.002
     = Beginpoint Arrival Time       -0.002
     +------------------------------------------------------------------------------+ 
     |        Instance        |     Arc     |   Cell   | Delay | Arrival | Required | 
     |                        |             |          |       |  Time   |   Time   | 
     |------------------------+-------------+----------+-------+---------+----------| 
     | req_meta_q_reg[15]     | CK ^        |          |       |  -0.002 |   -0.025 | 
     | req_meta_q_reg[15]     | CK ^ -> Q v | DFFHQX1  | 0.145 |   0.143 |    0.120 | 
     | FE_PHC16_req_meta_q_15 | A v -> Y v  | CLKBUFX1 | 0.071 |   0.215 |    0.192 | 
     | FE_PHC29_req_meta_q_15 | A v -> Y v  | CLKBUFX1 | 0.060 |   0.275 |    0.252 | 
     | req_sync_q_reg[15]     | D v         | DFFX1    | 0.000 |   0.275 |    0.252 | 
     +------------------------------------------------------------------------------+ 
Path 31: MET Hold Check with Pin pending_rank_q_reg[3]/CK 
Endpoint:   pending_rank_q_reg[3]/D (^) checked with  leading edge of 'clk'
Beginpoint: pending_rank_q_reg[3]/Q (^) triggered by  leading edge of 'clk'
Path Groups: {clk}
Analysis View: hold_view
Other End Arrival Time          0.087
+ Hold                         -0.033
+ Phase Shift                   0.000
+ Uncertainty                   0.200
= Required Time                 0.254
  Arrival Time                  0.277
  Slack Time                    0.023
     Clock Rise Edge                 0.000
     + Clock Network Latency (Prop)  0.001
     = Beginpoint Arrival Time       0.001
     +------------------------------------------------------------------------------+ 
     |       Instance        |     Arc     |   Cell    | Delay | Arrival | Required | 
     |                       |             |           |       |  Time   |   Time   | 
     |-----------------------+-------------+-----------+-------+---------+----------| 
     | pending_rank_q_reg[3] | CK ^        |           |       |   0.001 |   -0.022 | 
     | pending_rank_q_reg[3] | CK ^ -> Q ^ | DFFHQX1   | 0.167 |   0.168 |    0.145 | 
     | g6969__5107           | B0 ^ -> Y v | AOI2BB1X1 | 0.060 |   0.228 |    0.205 | 
     | g6863__6260           | B0 v -> Y ^ | AOI31X1   | 0.050 |   0.277 |    0.254 | 
     | pending_rank_q_reg[3] | D ^         | DFFHQX1   | 0.000 |   0.277 |    0.254 | 
     +------------------------------------------------------------------------------+ 
Path 32: MET Hold Check with Pin ack_rank_q_reg[14]/CK 
Endpoint:   ack_rank_q_reg[14]/D  (v) checked with  leading edge of 'clk'
Beginpoint: ack_rank_q_reg[14]/QN (^) triggered by  leading edge of 'clk'
Path Groups: {clk}
Analysis View: hold_view
Other End Arrival Time          0.088
+ Hold                         -0.090
+ Phase Shift                   0.000
+ Uncertainty                   0.200
= Required Time                 0.198
  Arrival Time                  0.222
  Slack Time                    0.024
     Clock Rise Edge                 0.000
     + Clock Network Latency (Prop)  0.002
     = Beginpoint Arrival Time       0.002
     +--------------------------------------------------------------------------+ 
     |      Instance      |     Arc      |  Cell   | Delay | Arrival | Required | 
     |                    |              |         |       |  Time   |   Time   | 
     |--------------------+--------------+---------+-------+---------+----------| 
     | ack_rank_q_reg[14] | CK ^         |         |       |   0.002 |   -0.022 | 
     | ack_rank_q_reg[14] | CK ^ -> QN ^ | DFFTRX1 | 0.182 |   0.184 |    0.160 | 
     | g6996__6161        | A0 ^ -> Y v  | AOI21XL | 0.038 |   0.222 |    0.198 | 
     | ack_rank_q_reg[14] | D v          | DFFTRX1 | 0.000 |   0.222 |    0.198 | 
     +--------------------------------------------------------------------------+ 
Path 33: MET Hold Check with Pin ack_rank_q_reg[4]/CK 
Endpoint:   ack_rank_q_reg[4]/D  (v) checked with  leading edge of 'clk'
Beginpoint: ack_rank_q_reg[4]/QN (^) triggered by  leading edge of 'clk'
Path Groups: {clk}
Analysis View: hold_view
Other End Arrival Time          0.088
+ Hold                         -0.089
+ Phase Shift                   0.000
+ Uncertainty                   0.200
= Required Time                 0.199
  Arrival Time                  0.222
  Slack Time                    0.024
     Clock Rise Edge                 0.000
     + Clock Network Latency (Prop)  0.002
     = Beginpoint Arrival Time       0.002
     +-------------------------------------------------------------------------+ 
     |     Instance      |     Arc      |  Cell   | Delay | Arrival | Required | 
     |                   |              |         |       |  Time   |   Time   | 
     |-------------------+--------------+---------+-------+---------+----------| 
     | ack_rank_q_reg[4] | CK ^         |         |       |   0.002 |   -0.022 | 
     | ack_rank_q_reg[4] | CK ^ -> QN ^ | DFFTRX1 | 0.183 |   0.185 |    0.161 | 
     | g7006__6260       | A0 ^ -> Y v  | AOI21XL | 0.038 |   0.222 |    0.199 | 
     | ack_rank_q_reg[4] | D v          | DFFTRX1 | 0.000 |   0.222 |    0.199 | 
     +-------------------------------------------------------------------------+ 
Path 34: MET Hold Check with Pin ack_rank_q_reg[7]/CK 
Endpoint:   ack_rank_q_reg[7]/D  (v) checked with  leading edge of 'clk'
Beginpoint: ack_rank_q_reg[7]/QN (^) triggered by  leading edge of 'clk'
Path Groups: {clk}
Analysis View: hold_view
Other End Arrival Time          0.088
+ Hold                         -0.091
+ Phase Shift                   0.000
+ Uncertainty                   0.200
= Required Time                 0.196
  Arrival Time                  0.221
  Slack Time                    0.024
     Clock Rise Edge                 0.000
     + Clock Network Latency (Prop)  0.001
     = Beginpoint Arrival Time       0.001
     +-------------------------------------------------------------------------+ 
     |     Instance      |     Arc      |  Cell   | Delay | Arrival | Required | 
     |                   |              |         |       |  Time   |   Time   | 
     |-------------------+--------------+---------+-------+---------+----------| 
     | ack_rank_q_reg[7] | CK ^         |         |       |   0.001 |   -0.023 | 
     | ack_rank_q_reg[7] | CK ^ -> QN ^ | DFFTRX1 | 0.177 |   0.179 |    0.155 | 
     | g7008__8428       | A0 ^ -> Y v  | AOI21XL | 0.042 |   0.221 |    0.196 | 
     | ack_rank_q_reg[7] | D v          | DFFTRX1 | 0.000 |   0.221 |    0.196 | 
     +-------------------------------------------------------------------------+ 
Path 35: MET Hold Check with Pin ack_rank_q_reg[12]/CK 
Endpoint:   ack_rank_q_reg[12]/D  (v) checked with  leading edge of 'clk'
Beginpoint: ack_rank_q_reg[12]/QN (^) triggered by  leading edge of 'clk'
Path Groups: {clk}
Analysis View: hold_view
Other End Arrival Time          0.088
+ Hold                         -0.089
+ Phase Shift                   0.000
+ Uncertainty                   0.200
= Required Time                 0.199
  Arrival Time                  0.224
  Slack Time                    0.025
     Clock Rise Edge                 0.000
     + Clock Network Latency (Prop)  0.002
     = Beginpoint Arrival Time       0.002
     +--------------------------------------------------------------------------+ 
     |      Instance      |     Arc      |  Cell   | Delay | Arrival | Required | 
     |                    |              |         |       |  Time   |   Time   | 
     |--------------------+--------------+---------+-------+---------+----------| 
     | ack_rank_q_reg[12] | CK ^         |         |       |   0.002 |   -0.023 | 
     | ack_rank_q_reg[12] | CK ^ -> QN ^ | DFFTRX1 | 0.183 |   0.185 |    0.160 | 
     | g7000__2346        | A0 ^ -> Y v  | AOI21XL | 0.039 |   0.224 |    0.199 | 
     | ack_rank_q_reg[12] | D v          | DFFTRX1 | 0.000 |   0.224 |    0.199 | 
     +--------------------------------------------------------------------------+ 
Path 36: MET Hold Check with Pin ack_rank_q_reg[6]/CK 
Endpoint:   ack_rank_q_reg[6]/D  (v) checked with  leading edge of 'clk'
Beginpoint: ack_rank_q_reg[6]/QN (^) triggered by  leading edge of 'clk'
Path Groups: {clk}
Analysis View: hold_view
Other End Arrival Time          0.088
+ Hold                         -0.090
+ Phase Shift                   0.000
+ Uncertainty                   0.200
= Required Time                 0.198
  Arrival Time                  0.225
  Slack Time                    0.027
     Clock Rise Edge                 0.000
     + Clock Network Latency (Prop)  0.002
     = Beginpoint Arrival Time       0.002
     +-------------------------------------------------------------------------+ 
     |     Instance      |     Arc      |  Cell   | Delay | Arrival | Required | 
     |                   |              |         |       |  Time   |   Time   | 
     |-------------------+--------------+---------+-------+---------+----------| 
     | ack_rank_q_reg[6] | CK ^         |         |       |   0.002 |   -0.025 | 
     | ack_rank_q_reg[6] | CK ^ -> QN ^ | DFFTRX1 | 0.184 |   0.186 |    0.159 | 
     | g7007__4319       | A0 ^ -> Y v  | AOI21XL | 0.039 |   0.225 |    0.198 | 
     | ack_rank_q_reg[6] | D v          | DFFTRX1 | 0.000 |   0.225 |    0.198 | 
     +-------------------------------------------------------------------------+ 
Path 37: MET Hold Check with Pin pending_rank_q_reg[15]/CK 
Endpoint:   pending_rank_q_reg[15]/D (^) checked with  leading edge of 'clk'
Beginpoint: pending_rank_q_reg[15]/Q (^) triggered by  leading edge of 'clk'
Path Groups: {clk}
Analysis View: hold_view
Other End Arrival Time          0.088
+ Hold                         -0.033
+ Phase Shift                   0.000
+ Uncertainty                   0.200
= Required Time                 0.255
  Arrival Time                  0.284
  Slack Time                    0.029
     Clock Rise Edge                 0.000
     + Clock Network Latency (Prop)  0.002
     = Beginpoint Arrival Time       0.002
     +-------------------------------------------------------------------------------+ 
     |        Instance        |     Arc     |   Cell    | Delay | Arrival | Required | 
     |                        |             |           |       |  Time   |   Time   | 
     |------------------------+-------------+-----------+-------+---------+----------| 
     | pending_rank_q_reg[15] | CK ^        |           |       |   0.002 |   -0.027 | 
     | pending_rank_q_reg[15] | CK ^ -> Q ^ | DFFHQX1   | 0.171 |   0.173 |    0.144 | 
     | g6970__8428            | B0 ^ -> Y v | AOI2BB1X1 | 0.064 |   0.237 |    0.208 | 
     | g6861__1881            | B0 v -> Y ^ | AOI31X1   | 0.047 |   0.284 |    0.255 | 
     | pending_rank_q_reg[15] | D ^         | DFFHQX1   | 0.000 |   0.284 |    0.255 | 
     +-------------------------------------------------------------------------------+ 
Path 38: MET Hold Check with Pin pending_rank_q_reg[0]/CK 
Endpoint:   pending_rank_q_reg[0]/D (^) checked with  leading edge of 'clk'
Beginpoint: pending_rank_q_reg[0]/Q (^) triggered by  leading edge of 'clk'
Path Groups: {clk}
Analysis View: hold_view
Other End Arrival Time          0.087
+ Hold                         -0.032
+ Phase Shift                   0.000
+ Uncertainty                   0.200
= Required Time                 0.255
  Arrival Time                  0.289
  Slack Time                    0.033
     Clock Rise Edge                 0.000
     + Clock Network Latency (Prop)  0.001
     = Beginpoint Arrival Time       0.001
     +------------------------------------------------------------------------------+ 
     |       Instance        |     Arc     |   Cell    | Delay | Arrival | Required | 
     |                       |             |           |       |  Time   |   Time   | 
     |-----------------------+-------------+-----------+-------+---------+----------| 
     | pending_rank_q_reg[0] | CK ^        |           |       |   0.001 |   -0.032 | 
     | pending_rank_q_reg[0] | CK ^ -> Q ^ | DFFHQX1   | 0.167 |   0.168 |    0.135 | 
     | g6960__9945           | B0 ^ -> Y v | AOI2BB1X1 | 0.061 |   0.230 |    0.196 | 
     | g6856__1617           | B0 v -> Y ^ | AOI31XL   | 0.059 |   0.289 |    0.255 | 
     | pending_rank_q_reg[0] | D ^         | DFFHQX1   | 0.000 |   0.289 |    0.255 | 
     +------------------------------------------------------------------------------+ 
Path 39: MET Hold Check with Pin pending_rank_q_reg[8]/CK 
Endpoint:   pending_rank_q_reg[8]/D (^) checked with  leading edge of 'clk'
Beginpoint: pending_rank_q_reg[8]/Q (^) triggered by  leading edge of 'clk'
Path Groups: {clk}
Analysis View: hold_view
Other End Arrival Time          0.087
+ Hold                         -0.032
+ Phase Shift                   0.000
+ Uncertainty                   0.200
= Required Time                 0.254
  Arrival Time                  0.289
  Slack Time                    0.035
     Clock Rise Edge                 0.000
     + Clock Network Latency (Prop)  0.001
     = Beginpoint Arrival Time       0.001
     +------------------------------------------------------------------------------+ 
     |       Instance        |     Arc     |   Cell    | Delay | Arrival | Required | 
     |                       |             |           |       |  Time   |   Time   | 
     |-----------------------+-------------+-----------+-------+---------+----------| 
     | pending_rank_q_reg[8] | CK ^        |           |       |   0.001 |   -0.034 | 
     | pending_rank_q_reg[8] | CK ^ -> Q ^ | DFFHQX1   | 0.167 |   0.168 |    0.133 | 
     | g6972__4319           | B0 ^ -> Y v | AOI2BB1X1 | 0.064 |   0.232 |    0.197 | 
     | g6854__5107           | B0 v -> Y ^ | AOI31XL   | 0.057 |   0.289 |    0.254 | 
     | pending_rank_q_reg[8] | D ^         | DFFHQX1   | 0.000 |   0.289 |    0.254 | 
     +------------------------------------------------------------------------------+ 
Path 40: MET Hold Check with Pin pending_rank_q_reg[4]/CK 
Endpoint:   pending_rank_q_reg[4]/D (^) checked with  leading edge of 'clk'
Beginpoint: pending_rank_q_reg[4]/Q (^) triggered by  leading edge of 'clk'
Path Groups: {clk}
Analysis View: hold_view
Other End Arrival Time          0.088
+ Hold                         -0.033
+ Phase Shift                   0.000
+ Uncertainty                   0.200
= Required Time                 0.255
  Arrival Time                  0.292
  Slack Time                    0.037
     Clock Rise Edge                 0.000
     + Clock Network Latency (Prop)  0.002
     = Beginpoint Arrival Time       0.002
     +------------------------------------------------------------------------------+ 
     |       Instance        |     Arc     |   Cell    | Delay | Arrival | Required | 
     |                       |             |           |       |  Time   |   Time   | 
     |-----------------------+-------------+-----------+-------+---------+----------| 
     | pending_rank_q_reg[4] | CK ^        |           |       |   0.002 |   -0.035 | 
     | pending_rank_q_reg[4] | CK ^ -> Q ^ | DFFHQX1   | 0.174 |   0.176 |    0.139 | 
     | g6962__2883           | B0 ^ -> Y v | AOI2BB1X1 | 0.064 |   0.239 |    0.202 | 
     | g6860__8246           | B0 v -> Y ^ | AOI31XL   | 0.053 |   0.292 |    0.255 | 
     | pending_rank_q_reg[4] | D ^         | DFFHQX1   | 0.000 |   0.292 |    0.255 | 
     +------------------------------------------------------------------------------+ 
Path 41: MET Removal Check with Pin reset_release_q_reg[1]/CK 
Endpoint:   reset_release_q_reg[1]/RN (^) checked with  leading edge of 'clk'
Beginpoint: rst_n                     (^) triggered by  leading edge of '@'
Path Groups: {async_default}
Analysis View: hold_view
Other End Arrival Time          0.083
+ Removal                      -0.031
+ Phase Shift                   0.000
+ Uncertainty                   0.200
= Required Time                 0.252
  Arrival Time                  0.292
  Slack Time                    0.040
     Clock Rise Edge                      0.000
     + Input Delay                        0.000
     = Beginpoint Arrival Time            0.000
     +-----------------------------------------------------------------------------+ 
     |        Instance        |    Arc     |   Cell   | Delay | Arrival | Required | 
     |                        |            |          |       |  Time   |   Time   | 
     |------------------------+------------+----------+-------+---------+----------| 
     |                        | rst_n ^    |          |       |   0.000 |   -0.040 | 
     | FE_PHC19_rst_n         | A ^ -> Y ^ | BUFX3    | 0.046 |   0.046 |    0.005 | 
     | FE_PHC1_rst_n          | A ^ -> Y ^ | DLY2X1   | 0.246 |   0.292 |    0.252 | 
     | reset_release_q_reg[1] | RN ^       | DFFRHQX1 | 0.000 |   0.292 |    0.252 | 
     +-----------------------------------------------------------------------------+ 
Path 42: MET Removal Check with Pin reset_release_q_reg[0]/CK 
Endpoint:   reset_release_q_reg[0]/RN (^) checked with  leading edge of 'clk'
Beginpoint: rst_n                     (^) triggered by  leading edge of '@'
Path Groups: {async_default}
Analysis View: hold_view
Other End Arrival Time          0.083
+ Removal                      -0.031
+ Phase Shift                   0.000
+ Uncertainty                   0.200
= Required Time                 0.251
  Arrival Time                  0.292
  Slack Time                    0.041
     Clock Rise Edge                      0.000
     + Input Delay                        0.000
     = Beginpoint Arrival Time            0.000
     +-----------------------------------------------------------------------------+ 
     |        Instance        |    Arc     |   Cell   | Delay | Arrival | Required | 
     |                        |            |          |       |  Time   |   Time   | 
     |------------------------+------------+----------+-------+---------+----------| 
     |                        | rst_n ^    |          |       |   0.000 |   -0.041 | 
     | FE_PHC19_rst_n         | A ^ -> Y ^ | BUFX3    | 0.046 |   0.046 |    0.005 | 
     | FE_PHC1_rst_n          | A ^ -> Y ^ | DLY2X1   | 0.246 |   0.292 |    0.251 | 
     | reset_release_q_reg[0] | RN ^       | DFFRHQX1 | 0.000 |   0.292 |    0.251 | 
     +-----------------------------------------------------------------------------+ 
Path 43: MET Hold Check with Pin pending_rank_q_reg[14]/CK 
Endpoint:   pending_rank_q_reg[14]/D (^) checked with  leading edge of 'clk'
Beginpoint: pending_rank_q_reg[14]/Q (^) triggered by  leading edge of 'clk'
Path Groups: {clk}
Analysis View: hold_view
Other End Arrival Time          0.088
+ Hold                         -0.033
+ Phase Shift                   0.000
+ Uncertainty                   0.200
= Required Time                 0.255
  Arrival Time                  0.302
  Slack Time                    0.046
     Clock Rise Edge                 0.000
     + Clock Network Latency (Prop)  0.002
     = Beginpoint Arrival Time       0.002
     +-------------------------------------------------------------------------------+ 
     |        Instance        |     Arc     |   Cell    | Delay | Arrival | Required | 
     |                        |             |           |       |  Time   |   Time   | 
     |------------------------+-------------+-----------+-------+---------+----------| 
     | pending_rank_q_reg[14] | CK ^        |           |       |   0.002 |   -0.044 | 
     | pending_rank_q_reg[14] | CK ^ -> Q ^ | DFFHQX1   | 0.170 |   0.172 |    0.125 | 
     | g6975__5526            | B0 ^ -> Y v | AOI2BB1X1 | 0.074 |   0.245 |    0.199 | 
     | g6864__2398            | B0 v -> Y ^ | AOI31XL   | 0.056 |   0.302 |    0.255 | 
     | pending_rank_q_reg[14] | D ^         | DFFHQX1   | 0.000 |   0.302 |    0.255 | 
     +-------------------------------------------------------------------------------+ 
Path 44: MET Hold Check with Pin pending_rank_q_reg[1]/CK 
Endpoint:   pending_rank_q_reg[1]/D (^) checked with  leading edge of 'clk'
Beginpoint: pending_rank_q_reg[1]/Q (^) triggered by  leading edge of 'clk'
Path Groups: {clk}
Analysis View: hold_view
Other End Arrival Time          0.087
+ Hold                         -0.033
+ Phase Shift                   0.000
+ Uncertainty                   0.200
= Required Time                 0.255
  Arrival Time                  0.302
  Slack Time                    0.047
     Clock Rise Edge                 0.000
     + Clock Network Latency (Prop)  0.001
     = Beginpoint Arrival Time       0.001
     +------------------------------------------------------------------------------+ 
     |       Instance        |     Arc     |   Cell    | Delay | Arrival | Required | 
     |                       |             |           |       |  Time   |   Time   | 
     |-----------------------+-------------+-----------+-------+---------+----------| 
     | pending_rank_q_reg[1] | CK ^        |           |       |   0.001 |   -0.046 | 
     | pending_rank_q_reg[1] | CK ^ -> Q ^ | DFFHQX1   | 0.163 |   0.164 |    0.117 | 
     | g6965__6417           | B0 ^ -> Y v | AOI2BB1X1 | 0.081 |   0.245 |    0.198 | 
     | g6853__3680           | B0 v -> Y ^ | AOI31X1   | 0.057 |   0.302 |    0.255 | 
     | pending_rank_q_reg[1] | D ^         | DFFHQX1   | 0.000 |   0.302 |    0.255 | 
     +------------------------------------------------------------------------------+ 
Path 45: MET Hold Check with Pin pending_rank_q_reg[2]/CK 
Endpoint:   pending_rank_q_reg[2]/D (^) checked with  leading edge of 'clk'
Beginpoint: pending_rank_q_reg[2]/Q (^) triggered by  leading edge of 'clk'
Path Groups: {clk}
Analysis View: hold_view
Other End Arrival Time          0.087
+ Hold                         -0.032
+ Phase Shift                   0.000
+ Uncertainty                   0.200
= Required Time                 0.254
  Arrival Time                  0.304
  Slack Time                    0.050
     Clock Rise Edge                 0.000
     + Clock Network Latency (Prop)  0.001
     = Beginpoint Arrival Time       0.001
     +------------------------------------------------------------------------------+ 
     |       Instance        |     Arc     |   Cell    | Delay | Arrival | Required | 
     |                       |             |           |       |  Time   |   Time   | 
     |-----------------------+-------------+-----------+-------+---------+----------| 
     | pending_rank_q_reg[2] | CK ^        |           |       |   0.001 |   -0.049 | 
     | pending_rank_q_reg[2] | CK ^ -> Q ^ | DFFHQX1   | 0.168 |   0.168 |    0.119 | 
     | g6964__7410           | B0 ^ -> Y v | AOI2BB1X1 | 0.074 |   0.242 |    0.193 | 
     | g6862__1705           | B0 v -> Y ^ | AOI31XL   | 0.062 |   0.304 |    0.254 | 
     | pending_rank_q_reg[2] | D ^         | DFFHQX1   | 0.000 |   0.304 |    0.254 | 
     +------------------------------------------------------------------------------+ 
Path 46: MET Hold Check with Pin pending_rank_q_reg[7]/CK 
Endpoint:   pending_rank_q_reg[7]/D (^) checked with  leading edge of 'clk'
Beginpoint: pending_rank_q_reg[7]/Q (^) triggered by  leading edge of 'clk'
Path Groups: {clk}
Analysis View: hold_view
Other End Arrival Time          0.088
+ Hold                         -0.032
+ Phase Shift                   0.000
+ Uncertainty                   0.200
= Required Time                 0.256
  Arrival Time                  0.308
  Slack Time                    0.052
     Clock Rise Edge                 0.000
     + Clock Network Latency (Prop)  0.001
     = Beginpoint Arrival Time       0.001
     +------------------------------------------------------------------------------+ 
     |       Instance        |     Arc     |   Cell    | Delay | Arrival | Required | 
     |                       |             |           |       |  Time   |   Time   | 
     |-----------------------+-------------+-----------+-------+---------+----------| 
     | pending_rank_q_reg[7] | CK ^        |           |       |   0.001 |   -0.051 | 
     | pending_rank_q_reg[7] | CK ^ -> Q ^ | DFFHQX1   | 0.169 |   0.170 |    0.118 | 
     | g6961__2346           | B0 ^ -> Y v | AOI2BB1X1 | 0.072 |   0.243 |    0.191 | 
     | g6867__6783           | B0 v -> Y ^ | AOI31X1   | 0.065 |   0.307 |    0.255 | 
     | pending_rank_q_reg[7] | D ^         | DFFHQX1   | 0.000 |   0.308 |    0.256 | 
     +------------------------------------------------------------------------------+ 
Path 47: MET Hold Check with Pin pending_rank_q_reg[12]/CK 
Endpoint:   pending_rank_q_reg[12]/D (^) checked with  leading edge of 'clk'
Beginpoint: pending_rank_q_reg[12]/Q (^) triggered by  leading edge of 'clk'
Path Groups: {clk}
Analysis View: hold_view
Other End Arrival Time          0.088
+ Hold                         -0.032
+ Phase Shift                   0.000
+ Uncertainty                   0.200
= Required Time                 0.256
  Arrival Time                  0.310
  Slack Time                    0.054
     Clock Rise Edge                 0.000
     + Clock Network Latency (Prop)  0.002
     = Beginpoint Arrival Time       0.002
     +-------------------------------------------------------------------------------+ 
     |        Instance        |     Arc     |   Cell    | Delay | Arrival | Required | 
     |                        |             |           |       |  Time   |   Time   | 
     |------------------------+-------------+-----------+-------+---------+----------| 
     | pending_rank_q_reg[12] | CK ^        |           |       |   0.002 |   -0.052 | 
     | pending_rank_q_reg[12] | CK ^ -> Q ^ | DFFHQX1   | 0.169 |   0.171 |    0.117 | 
     | g6968__1666            | B0 ^ -> Y v | AOI2BB1X1 | 0.071 |   0.242 |    0.188 | 
     | g6857__5526            | B0 v -> Y ^ | AOI31XL   | 0.068 |   0.310 |    0.256 | 
     | pending_rank_q_reg[12] | D ^         | DFFHQX1   | 0.000 |   0.310 |    0.256 | 
     +-------------------------------------------------------------------------------+ 
Path 48: MET Hold Check with Pin pending_rank_q_reg[13]/CK 
Endpoint:   pending_rank_q_reg[13]/D (^) checked with  leading edge of 'clk'
Beginpoint: pending_rank_q_reg[13]/Q (^) triggered by  leading edge of 'clk'
Path Groups: {clk}
Analysis View: hold_view
Other End Arrival Time          0.088
+ Hold                         -0.033
+ Phase Shift                   0.000
+ Uncertainty                   0.200
= Required Time                 0.255
  Arrival Time                  0.310
  Slack Time                    0.055
     Clock Rise Edge                 0.000
     + Clock Network Latency (Prop)  0.002
     = Beginpoint Arrival Time       0.002
     +-------------------------------------------------------------------------------+ 
     |        Instance        |     Arc     |   Cell    | Delay | Arrival | Required | 
     |                        |             |           |       |  Time   |   Time   | 
     |------------------------+-------------+-----------+-------+---------+----------| 
     | pending_rank_q_reg[13] | CK ^        |           |       |   0.002 |   -0.053 | 
     | pending_rank_q_reg[13] | CK ^ -> Q ^ | DFFHQX1   | 0.169 |   0.171 |    0.116 | 
     | g6974__1617            | B0 ^ -> Y v | AOI2BB1X1 | 0.081 |   0.251 |    0.196 | 
     | g6859__7098            | B0 v -> Y ^ | AOI31X1   | 0.059 |   0.310 |    0.255 | 
     | pending_rank_q_reg[13] | D ^         | DFFHQX1   | 0.000 |   0.310 |    0.255 | 
     +-------------------------------------------------------------------------------+ 
Path 49: MET Hold Check with Pin out_rank_q_reg[1]/CK 
Endpoint:   out_rank_q_reg[1]/D  (v) checked with  leading edge of 'clk'
Beginpoint: out_rank_q_reg[1]/QN (^) triggered by  leading edge of 'clk'
Path Groups: {clk}
Analysis View: hold_view
Other End Arrival Time          0.087
+ Hold                         -0.041
+ Phase Shift                   0.000
+ Uncertainty                   0.200
= Required Time                 0.246
  Arrival Time                  0.303
  Slack Time                    0.058
     Clock Rise Edge                 0.000
     + Clock Network Latency (Prop)  0.000
     = Beginpoint Arrival Time       0.000
     +------------------------------------------------------------------------+ 
     |     Instance      |     Arc      |  Cell  | Delay | Arrival | Required | 
     |                   |              |        |       |  Time   |   Time   | 
     |-------------------+--------------+--------+-------+---------+----------| 
     | out_rank_q_reg[1] | CK ^         |        |       |   0.000 |   -0.057 | 
     | out_rank_q_reg[1] | CK ^ -> QN ^ | DFFX1  | 0.243 |   0.243 |    0.186 | 
     | g2                | A ^ -> Y v   | MXI2XL | 0.060 |   0.303 |    0.246 | 
     | out_rank_q_reg[1] | D v          | DFFX1  | 0.000 |   0.303 |    0.246 | 
     +------------------------------------------------------------------------+ 
Path 50: MET Hold Check with Pin pending_rank_q_reg[10]/CK 
Endpoint:   pending_rank_q_reg[10]/D (^) checked with  leading edge of 'clk'
Beginpoint: pending_rank_q_reg[10]/Q (^) triggered by  leading edge of 'clk'
Path Groups: {clk}
Analysis View: hold_view
Other End Arrival Time          0.086
+ Hold                         -0.032
+ Phase Shift                   0.000
+ Uncertainty                   0.200
= Required Time                 0.255
  Arrival Time                  0.315
  Slack Time                    0.060
     Clock Rise Edge                 0.000
     + Clock Network Latency (Prop)  0.000
     = Beginpoint Arrival Time       0.000
     +-------------------------------------------------------------------------------+ 
     |        Instance        |     Arc     |   Cell    | Delay | Arrival | Required | 
     |                        |             |           |       |  Time   |   Time   | 
     |------------------------+-------------+-----------+-------+---------+----------| 
     | pending_rank_q_reg[10] | CK ^        |           |       |   0.000 |   -0.060 | 
     | pending_rank_q_reg[10] | CK ^ -> Q ^ | DFFHQX1   | 0.168 |   0.168 |    0.109 | 
     | g6973__3680            | B0 ^ -> Y v | AOI2BB1X1 | 0.072 |   0.241 |    0.181 | 
     | g6852__8428            | B0 v -> Y ^ | AOI31XL   | 0.074 |   0.314 |    0.255 | 
     | pending_rank_q_reg[10] | D ^         | DFFHQX1   | 0.000 |   0.315 |    0.255 | 
     +-------------------------------------------------------------------------------+ 

