###############################################################
#  Generated by:      Cadence Innovus 23.14-s088_1
#  OS:                Linux x86_64(Host ID <REMOTE_HOST>)
#  Generated on:      Wed Aug 26 17:12:18 2026
#  Design:            aer_traditional_latch_paa_45nm
#  Command:           report_timing -max_paths 100 > [file join $report_dir postroute_timing.rpt]
###############################################################
Path 1: MET Path Delay Check
Endpoint:   src_ack[0] (^)
Beginpoint: src_req[0] (^) triggered by  leading edge of '@'
Path Groups: {default}
Analysis View: setup_view
- External Delay                0.000
+ Path Delay                    5.000
= Required Time                 5.000
- Arrival Time                  0.874
= Slack Time                    4.126
     Clock Rise Edge                      0.000
     + Input Delay                        0.000
     = Beginpoint Arrival Time            0.000
     +--------------------------------------------------------------------+ 
     |   Instance   |     Arc      |  Cell   | Delay | Arrival | Required | 
     |              |              |         |       |  Time   |   Time   | 
     |--------------+--------------+---------+-------+---------+----------| 
     |              | src_req[0] ^ |         |       |   0.000 |    4.126 | 
     | g2124__6417  | A0 ^ -> Y v  | AOI22X1 | 0.100 |   0.100 |    4.226 | 
     | g2121__2346  | A1 v -> Y ^  | OAI22X1 | 0.135 |   0.236 |    4.361 | 
     | g2119__9945  | A ^ -> Y v   | NOR4X1  | 0.115 |   0.350 |    4.476 | 
     | g2118__9315  | C v -> Y ^   | NOR3BX1 | 0.146 |   0.496 |    4.622 | 
     | g2116__4733  | B ^ -> Y v   | NAND2X1 | 0.135 |   0.631 |    4.757 | 
     | FE_OFC0_n_55 | A v -> Y v   | BUFX2   | 0.128 |   0.759 |    4.885 | 
     | g2101__4319  | C v -> Y ^   | NOR3XL  | 0.115 |   0.874 |    5.000 | 
     |              | src_ack[0] ^ |         | 0.000 |   0.874 |    5.000 | 
     +--------------------------------------------------------------------+ 
Path 2: MET Path Delay Check
Endpoint:   src_ack[4] (^)
Beginpoint: src_req[0] (^) triggered by  leading edge of '@'
Path Groups: {default}
Analysis View: setup_view
- External Delay                0.000
+ Path Delay                    5.000
= Required Time                 5.000
- Arrival Time                  0.874
= Slack Time                    4.126
     Clock Rise Edge                      0.000
     + Input Delay                        0.000
     = Beginpoint Arrival Time            0.000
     +--------------------------------------------------------------------+ 
     |   Instance   |     Arc      |  Cell   | Delay | Arrival | Required | 
     |              |              |         |       |  Time   |   Time   | 
     |--------------+--------------+---------+-------+---------+----------| 
     |              | src_req[0] ^ |         |       |   0.000 |    4.126 | 
     | g2124__6417  | A0 ^ -> Y v  | AOI22X1 | 0.100 |   0.100 |    4.227 | 
     | g2121__2346  | A1 v -> Y ^  | OAI22X1 | 0.135 |   0.236 |    4.362 | 
     | g2119__9945  | A ^ -> Y v   | NOR4X1  | 0.115 |   0.350 |    4.477 | 
     | g2118__9315  | C v -> Y ^   | NOR3BX1 | 0.146 |   0.496 |    4.623 | 
     | g2116__4733  | B ^ -> Y v   | NAND2X1 | 0.135 |   0.631 |    4.758 | 
     | FE_OFC0_n_55 | A v -> Y v   | BUFX2   | 0.128 |   0.759 |    4.885 | 
     | g2113__1881  | C v -> Y ^   | NOR3XL  | 0.115 |   0.874 |    5.000 | 
     |              | src_ack[4] ^ |         | 0.000 |   0.874 |    5.000 | 
     +--------------------------------------------------------------------+ 
Path 3: MET Path Delay Check
Endpoint:   src_ack[2] (^)
Beginpoint: src_req[0] (^) triggered by  leading edge of '@'
Path Groups: {default}
Analysis View: setup_view
- External Delay                0.000
+ Path Delay                    5.000
= Required Time                 5.000
- Arrival Time                  0.873
= Slack Time                    4.127
     Clock Rise Edge                      0.000
     + Input Delay                        0.000
     = Beginpoint Arrival Time            0.000
     +--------------------------------------------------------------------+ 
     |   Instance   |     Arc      |  Cell   | Delay | Arrival | Required | 
     |              |              |         |       |  Time   |   Time   | 
     |--------------+--------------+---------+-------+---------+----------| 
     |              | src_req[0] ^ |         |       |   0.000 |    4.127 | 
     | g2124__6417  | A0 ^ -> Y v  | AOI22X1 | 0.100 |   0.100 |    4.227 | 
     | g2121__2346  | A1 v -> Y ^  | OAI22X1 | 0.135 |   0.236 |    4.362 | 
     | g2119__9945  | A ^ -> Y v   | NOR4X1  | 0.115 |   0.350 |    4.477 | 
     | g2118__9315  | C v -> Y ^   | NOR3BX1 | 0.146 |   0.496 |    4.623 | 
     | g2116__4733  | B ^ -> Y v   | NAND2X1 | 0.135 |   0.631 |    4.758 | 
     | FE_OFC0_n_55 | A v -> Y v   | BUFX2   | 0.128 |   0.759 |    4.886 | 
     | g2110__8246  | C v -> Y ^   | NOR3XL  | 0.114 |   0.873 |    5.000 | 
     |              | src_ack[2] ^ |         | 0.000 |   0.873 |    5.000 | 
     +--------------------------------------------------------------------+ 
Path 4: MET Path Delay Check
Endpoint:   src_ack[6] (^)
Beginpoint: src_req[0] (^) triggered by  leading edge of '@'
Path Groups: {default}
Analysis View: setup_view
- External Delay                0.000
+ Path Delay                    5.000
= Required Time                 5.000
- Arrival Time                  0.867
= Slack Time                    4.133
     Clock Rise Edge                      0.000
     + Input Delay                        0.000
     = Beginpoint Arrival Time            0.000
     +--------------------------------------------------------------------+ 
     |   Instance   |     Arc      |  Cell   | Delay | Arrival | Required | 
     |              |              |         |       |  Time   |   Time   | 
     |--------------+--------------+---------+-------+---------+----------| 
     |              | src_req[0] ^ |         |       |   0.000 |    4.133 | 
     | g2124__6417  | A0 ^ -> Y v  | AOI22X1 | 0.100 |   0.100 |    4.233 | 
     | g2121__2346  | A1 v -> Y ^  | OAI22X1 | 0.135 |   0.236 |    4.369 | 
     | g2119__9945  | A ^ -> Y v   | NOR4X1  | 0.115 |   0.350 |    4.483 | 
     | g2118__9315  | C v -> Y ^   | NOR3BX1 | 0.146 |   0.496 |    4.629 | 
     | g2116__4733  | B ^ -> Y v   | NAND2X1 | 0.135 |   0.631 |    4.764 | 
     | FE_OFC0_n_55 | A v -> Y v   | BUFX2   | 0.128 |   0.759 |    4.892 | 
     | g2115__7482  | C v -> Y ^   | NOR3XL  | 0.108 |   0.867 |    5.000 | 
     |              | src_ack[6] ^ |         | 0.000 |   0.867 |    5.000 | 
     +--------------------------------------------------------------------+ 
Path 5: MET Path Delay Check
Endpoint:   src_ack[3] (^)
Beginpoint: src_req[0] (^) triggered by  leading edge of '@'
Path Groups: {default}
Analysis View: setup_view
- External Delay                0.000
+ Path Delay                    5.000
= Required Time                 5.000
- Arrival Time                  0.867
= Slack Time                    4.133
     Clock Rise Edge                      0.000
     + Input Delay                        0.000
     = Beginpoint Arrival Time            0.000
     +--------------------------------------------------------------------+ 
     |   Instance   |     Arc      |  Cell   | Delay | Arrival | Required | 
     |              |              |         |       |  Time   |   Time   | 
     |--------------+--------------+---------+-------+---------+----------| 
     |              | src_req[0] ^ |         |       |   0.000 |    4.133 | 
     | g2124__6417  | A0 ^ -> Y v  | AOI22X1 | 0.100 |   0.100 |    4.233 | 
     | g2121__2346  | A1 v -> Y ^  | OAI22X1 | 0.135 |   0.236 |    4.369 | 
     | g2119__9945  | A ^ -> Y v   | NOR4X1  | 0.115 |   0.350 |    4.484 | 
     | g2118__9315  | C v -> Y ^   | NOR3BX1 | 0.146 |   0.496 |    4.629 | 
     | g2116__4733  | B ^ -> Y v   | NAND2X1 | 0.135 |   0.631 |    4.765 | 
     | FE_OFC0_n_55 | A v -> Y v   | BUFX2   | 0.128 |   0.759 |    4.892 | 
     | g2109__5122  | C v -> Y ^   | NOR3XL  | 0.108 |   0.867 |    5.000 | 
     |              | src_ack[3] ^ |         | 0.000 |   0.867 |    5.000 | 
     +--------------------------------------------------------------------+ 
Path 6: MET Path Delay Check
Endpoint:   src_ack[11] (^)
Beginpoint: src_req[0]  (^) triggered by  leading edge of '@'
Path Groups: {default}
Analysis View: setup_view
- External Delay                0.000
+ Path Delay                    5.000
= Required Time                 5.000
- Arrival Time                  0.865
= Slack Time                    4.135
     Clock Rise Edge                      0.000
     + Input Delay                        0.000
     = Beginpoint Arrival Time            0.000
     +---------------------------------------------------------------------+ 
     |   Instance   |      Arc      |  Cell   | Delay | Arrival | Required | 
     |              |               |         |       |  Time   |   Time   | 
     |--------------+---------------+---------+-------+---------+----------| 
     |              | src_req[0] ^  |         |       |   0.000 |    4.135 | 
     | g2124__6417  | A0 ^ -> Y v   | AOI22X1 | 0.100 |   0.100 |    4.235 | 
     | g2121__2346  | A1 v -> Y ^   | OAI22X1 | 0.135 |   0.236 |    4.371 | 
     | g2119__9945  | A ^ -> Y v    | NOR4X1  | 0.115 |   0.350 |    4.486 | 
     | g2118__9315  | C v -> Y ^    | NOR3BX1 | 0.146 |   0.496 |    4.631 | 
     | g2116__4733  | B ^ -> Y v    | NAND2X1 | 0.135 |   0.631 |    4.767 | 
     | FE_OFC0_n_55 | A v -> Y v    | BUFX2   | 0.128 |   0.759 |    4.894 | 
     | g2100__6260  | C v -> Y ^    | NOR3XL  | 0.106 |   0.865 |    5.000 | 
     |              | src_ack[11] ^ |         | 0.000 |   0.865 |    5.000 | 
     +---------------------------------------------------------------------+ 
Path 7: MET Path Delay Check
Endpoint:   src_ack[9] (^)
Beginpoint: src_req[0] (^) triggered by  leading edge of '@'
Path Groups: {default}
Analysis View: setup_view
- External Delay                0.000
+ Path Delay                    5.000
= Required Time                 5.000
- Arrival Time                  0.865
= Slack Time                    4.135
     Clock Rise Edge                      0.000
     + Input Delay                        0.000
     = Beginpoint Arrival Time            0.000
     +--------------------------------------------------------------------+ 
     |   Instance   |     Arc      |  Cell   | Delay | Arrival | Required | 
     |              |              |         |       |  Time   |   Time   | 
     |--------------+--------------+---------+-------+---------+----------| 
     |              | src_req[0] ^ |         |       |   0.000 |    4.135 | 
     | g2124__6417  | A0 ^ -> Y v  | AOI22X1 | 0.100 |   0.100 |    4.236 | 
     | g2121__2346  | A1 v -> Y ^  | OAI22X1 | 0.135 |   0.236 |    4.371 | 
     | g2119__9945  | A ^ -> Y v   | NOR4X1  | 0.115 |   0.350 |    4.486 | 
     | g2118__9315  | C v -> Y ^   | NOR3BX1 | 0.146 |   0.496 |    4.632 | 
     | g2116__4733  | B ^ -> Y v   | NAND2X1 | 0.135 |   0.631 |    4.767 | 
     | FE_OFC0_n_55 | A v -> Y v   | BUFX2   | 0.128 |   0.759 |    4.894 | 
     | g2114__5115  | C v -> Y ^   | NOR3XL  | 0.106 |   0.865 |    5.000 | 
     |              | src_ack[9] ^ |         | 0.000 |   0.865 |    5.000 | 
     +--------------------------------------------------------------------+ 
Path 8: MET Path Delay Check
Endpoint:   src_ack[13] (^)
Beginpoint: src_req[0]  (^) triggered by  leading edge of '@'
Path Groups: {default}
Analysis View: setup_view
- External Delay                0.000
+ Path Delay                    5.000
= Required Time                 5.000
- Arrival Time                  0.865
= Slack Time                    4.135
     Clock Rise Edge                      0.000
     + Input Delay                        0.000
     = Beginpoint Arrival Time            0.000
     +---------------------------------------------------------------------+ 
     |   Instance   |      Arc      |  Cell   | Delay | Arrival | Required | 
     |              |               |         |       |  Time   |   Time   | 
     |--------------+---------------+---------+-------+---------+----------| 
     |              | src_req[0] ^  |         |       |   0.000 |    4.135 | 
     | g2124__6417  | A0 ^ -> Y v   | AOI22X1 | 0.100 |   0.100 |    4.236 | 
     | g2121__2346  | A1 v -> Y ^   | OAI22X1 | 0.135 |   0.236 |    4.371 | 
     | g2119__9945  | A ^ -> Y v    | NOR4X1  | 0.115 |   0.350 |    4.486 | 
     | g2118__9315  | C v -> Y ^    | NOR3BX1 | 0.146 |   0.496 |    4.632 | 
     | g2116__4733  | B ^ -> Y v    | NAND2X1 | 0.135 |   0.631 |    4.767 | 
     | FE_OFC0_n_55 | A v -> Y v    | BUFX2   | 0.128 |   0.759 |    4.894 | 
     | g2103__5526  | C v -> Y ^    | NOR3XL  | 0.105 |   0.865 |    5.000 | 
     |              | src_ack[13] ^ |         | 0.000 |   0.865 |    5.000 | 
     +---------------------------------------------------------------------+ 
Path 9: MET Path Delay Check
Endpoint:   src_ack[15] (^)
Beginpoint: src_req[0]  (^) triggered by  leading edge of '@'
Path Groups: {default}
Analysis View: setup_view
- External Delay                0.000
+ Path Delay                    5.000
= Required Time                 5.000
- Arrival Time                  0.864
= Slack Time                    4.136
     Clock Rise Edge                      0.000
     + Input Delay                        0.000
     = Beginpoint Arrival Time            0.000
     +---------------------------------------------------------------------+ 
     |   Instance   |      Arc      |  Cell   | Delay | Arrival | Required | 
     |              |               |         |       |  Time   |   Time   | 
     |--------------+---------------+---------+-------+---------+----------| 
     |              | src_req[0] ^  |         |       |   0.000 |    4.136 | 
     | g2124__6417  | A0 ^ -> Y v   | AOI22X1 | 0.100 |   0.100 |    4.236 | 
     | g2121__2346  | A1 v -> Y ^   | OAI22X1 | 0.135 |   0.236 |    4.371 | 
     | g2119__9945  | A ^ -> Y v    | NOR4X1  | 0.115 |   0.350 |    4.486 | 
     | g2118__9315  | C v -> Y ^    | NOR3BX1 | 0.146 |   0.496 |    4.632 | 
     | g2116__4733  | B ^ -> Y v    | NAND2X1 | 0.135 |   0.631 |    4.767 | 
     | FE_OFC0_n_55 | A v -> Y v    | BUFX2   | 0.128 |   0.759 |    4.895 | 
     | g2104__6783  | C v -> Y ^    | NOR3XL  | 0.105 |   0.864 |    5.000 | 
     |              | src_ack[15] ^ |         | 0.000 |   0.864 |    5.000 | 
     +---------------------------------------------------------------------+ 
Path 10: MET Path Delay Check
Endpoint:   src_ack[1] (^)
Beginpoint: src_req[0] (^) triggered by  leading edge of '@'
Path Groups: {default}
Analysis View: setup_view
- External Delay                0.000
+ Path Delay                    5.000
= Required Time                 5.000
- Arrival Time                  0.864
= Slack Time                    4.136
     Clock Rise Edge                      0.000
     + Input Delay                        0.000
     = Beginpoint Arrival Time            0.000
     +--------------------------------------------------------------------+ 
     |   Instance   |     Arc      |  Cell   | Delay | Arrival | Required | 
     |              |              |         |       |  Time   |   Time   | 
     |--------------+--------------+---------+-------+---------+----------| 
     |              | src_req[0] ^ |         |       |   0.000 |    4.137 | 
     | g2124__6417  | A0 ^ -> Y v  | AOI22X1 | 0.100 |   0.100 |    4.237 | 
     | g2121__2346  | A1 v -> Y ^  | OAI22X1 | 0.135 |   0.236 |    4.372 | 
     | g2119__9945  | A ^ -> Y v   | NOR4X1  | 0.115 |   0.350 |    4.487 | 
     | g2118__9315  | C v -> Y ^   | NOR3BX1 | 0.146 |   0.496 |    4.633 | 
     | g2116__4733  | B ^ -> Y v   | NAND2X1 | 0.135 |   0.631 |    4.768 | 
     | FE_OFC0_n_55 | A v -> Y v   | BUFX2   | 0.128 |   0.759 |    4.896 | 
     | g2111__7098  | C v -> Y ^   | NOR3XL  | 0.104 |   0.864 |    5.000 | 
     |              | src_ack[1] ^ |         | 0.000 |   0.864 |    5.000 | 
     +--------------------------------------------------------------------+ 
Path 11: MET Path Delay Check
Endpoint:   src_ack[5] (v)
Beginpoint: src_req[0] (v) triggered by  leading edge of '@'
Path Groups: {default}
Analysis View: setup_view
- External Delay                0.000
+ Path Delay                    5.000
= Required Time                 5.000
- Arrival Time                  0.863
= Slack Time                    4.137
     Clock Rise Edge                      0.000
     + Input Delay                        0.000
     = Beginpoint Arrival Time            0.000
     +--------------------------------------------------------------------+ 
     |   Instance   |     Arc      |  Cell   | Delay | Arrival | Required | 
     |              |              |         |       |  Time   |   Time   | 
     |--------------+--------------+---------+-------+---------+----------| 
     |              | src_req[0] v |         |       |   0.000 |    4.137 | 
     | g2124__6417  | A0 v -> Y ^  | AOI22X1 | 0.084 |   0.084 |    4.221 | 
     | g2121__2346  | A1 ^ -> Y v  | OAI22X1 | 0.139 |   0.223 |    4.360 | 
     | g2119__9945  | A v -> Y ^   | NOR4X1  | 0.233 |   0.456 |    4.593 | 
     | g2118__9315  | C ^ -> Y v   | NOR3BX1 | 0.147 |   0.603 |    4.741 | 
     | g2116__4733  | B v -> Y ^   | NAND2X1 | 0.067 |   0.671 |    4.808 | 
     | FE_OFC0_n_55 | A ^ -> Y ^   | BUFX2   | 0.118 |   0.788 |    4.925 | 
     | g2108__1705  | C ^ -> Y v   | NOR3XL  | 0.075 |   0.863 |    5.000 | 
     |              | src_ack[5] v |         | 0.000 |   0.863 |    5.000 | 
     +--------------------------------------------------------------------+ 
Path 12: MET Path Delay Check
Endpoint:   src_ack[12] (v)
Beginpoint: src_req[0]  (v) triggered by  leading edge of '@'
Path Groups: {default}
Analysis View: setup_view
- External Delay                0.000
+ Path Delay                    5.000
= Required Time                 5.000
- Arrival Time                  0.862
= Slack Time                    4.138
     Clock Rise Edge                      0.000
     + Input Delay                        0.000
     = Beginpoint Arrival Time            0.000
     +---------------------------------------------------------------------+ 
     |   Instance   |      Arc      |  Cell   | Delay | Arrival | Required | 
     |              |               |         |       |  Time   |   Time   | 
     |--------------+---------------+---------+-------+---------+----------| 
     |              | src_req[0] v  |         |       |   0.000 |    4.138 | 
     | g2124__6417  | A0 v -> Y ^   | AOI22X1 | 0.084 |   0.084 |    4.222 | 
     | g2121__2346  | A1 ^ -> Y v   | OAI22X1 | 0.139 |   0.223 |    4.361 | 
     | g2119__9945  | A v -> Y ^    | NOR4X1  | 0.233 |   0.456 |    4.594 | 
     | g2118__9315  | C ^ -> Y v    | NOR3BX1 | 0.147 |   0.603 |    4.741 | 
     | g2116__4733  | B v -> Y ^    | NAND2X1 | 0.067 |   0.671 |    4.809 | 
     | FE_OFC0_n_55 | A ^ -> Y ^    | BUFX2   | 0.118 |   0.788 |    4.926 | 
     | g2106__1617  | C ^ -> Y v    | NOR3XL  | 0.074 |   0.862 |    5.000 | 
     |              | src_ack[12] v |         | 0.000 |   0.862 |    5.000 | 
     +---------------------------------------------------------------------+ 
Path 13: MET Path Delay Check
Endpoint:   src_ack[8] (v)
Beginpoint: src_req[0] (v) triggered by  leading edge of '@'
Path Groups: {default}
Analysis View: setup_view
- External Delay                0.000
+ Path Delay                    5.000
= Required Time                 5.000
- Arrival Time                  0.862
= Slack Time                    4.138
     Clock Rise Edge                      0.000
     + Input Delay                        0.000
     = Beginpoint Arrival Time            0.000
     +--------------------------------------------------------------------+ 
     |   Instance   |     Arc      |  Cell   | Delay | Arrival | Required | 
     |              |              |         |       |  Time   |   Time   | 
     |--------------+--------------+---------+-------+---------+----------| 
     |              | src_req[0] v |         |       |   0.000 |    4.138 | 
     | g2124__6417  | A0 v -> Y ^  | AOI22X1 | 0.084 |   0.084 |    4.222 | 
     | g2121__2346  | A1 ^ -> Y v  | OAI22X1 | 0.139 |   0.223 |    4.361 | 
     | g2119__9945  | A v -> Y ^   | NOR4X1  | 0.233 |   0.456 |    4.594 | 
     | g2118__9315  | C ^ -> Y v   | NOR3BX1 | 0.147 |   0.603 |    4.742 | 
     | g2116__4733  | B v -> Y ^   | NAND2X1 | 0.067 |   0.671 |    4.809 | 
     | FE_OFC0_n_55 | A ^ -> Y ^   | BUFX2   | 0.118 |   0.788 |    4.926 | 
     | g2112__6131  | C ^ -> Y v   | NOR3XL  | 0.073 |   0.862 |    5.000 | 
     |              | src_ack[8] v |         | 0.000 |   0.862 |    5.000 | 
     +--------------------------------------------------------------------+ 
Path 14: MET Path Delay Check
Endpoint:   src_ack[10] (v)
Beginpoint: src_req[0]  (v) triggered by  leading edge of '@'
Path Groups: {default}
Analysis View: setup_view
- External Delay                0.000
+ Path Delay                    5.000
= Required Time                 5.000
- Arrival Time                  0.861
= Slack Time                    4.139
     Clock Rise Edge                      0.000
     + Input Delay                        0.000
     = Beginpoint Arrival Time            0.000
     +---------------------------------------------------------------------+ 
     |   Instance   |      Arc      |  Cell   | Delay | Arrival | Required | 
     |              |               |         |       |  Time   |   Time   | 
     |--------------+---------------+---------+-------+---------+----------| 
     |              | src_req[0] v  |         |       |   0.000 |    4.139 | 
     | g2124__6417  | A0 v -> Y ^   | AOI22X1 | 0.084 |   0.084 |    4.223 | 
     | g2121__2346  | A1 ^ -> Y v   | OAI22X1 | 0.139 |   0.223 |    4.362 | 
     | g2119__9945  | A v -> Y ^    | NOR4X1  | 0.233 |   0.456 |    4.595 | 
     | g2118__9315  | C ^ -> Y v    | NOR3BX1 | 0.147 |   0.603 |    4.743 | 
     | g2116__4733  | B v -> Y ^    | NAND2X1 | 0.067 |   0.671 |    4.810 | 
     | FE_OFC0_n_55 | A ^ -> Y ^    | BUFX2   | 0.118 |   0.788 |    4.927 | 
     | g2107__2802  | C ^ -> Y v    | NOR3XL  | 0.073 |   0.861 |    5.000 | 
     |              | src_ack[10] v |         | 0.000 |   0.861 |    5.000 | 
     +---------------------------------------------------------------------+ 
Path 15: MET Path Delay Check
Endpoint:   src_ack[14] (v)
Beginpoint: src_req[0]  (v) triggered by  leading edge of '@'
Path Groups: {default}
Analysis View: setup_view
- External Delay                0.000
+ Path Delay                    5.000
= Required Time                 5.000
- Arrival Time                  0.861
= Slack Time                    4.139
     Clock Rise Edge                      0.000
     + Input Delay                        0.000
     = Beginpoint Arrival Time            0.000
     +---------------------------------------------------------------------+ 
     |   Instance   |      Arc      |  Cell   | Delay | Arrival | Required | 
     |              |               |         |       |  Time   |   Time   | 
     |--------------+---------------+---------+-------+---------+----------| 
     |              | src_req[0] v  |         |       |   0.000 |    4.139 | 
     | g2124__6417  | A0 v -> Y ^   | AOI22X1 | 0.084 |   0.084 |    4.223 | 
     | g2121__2346  | A1 ^ -> Y v   | OAI22X1 | 0.139 |   0.223 |    4.362 | 
     | g2119__9945  | A v -> Y ^    | NOR4X1  | 0.233 |   0.456 |    4.595 | 
     | g2118__9315  | C ^ -> Y v    | NOR3BX1 | 0.147 |   0.603 |    4.743 | 
     | g2116__4733  | B v -> Y ^    | NAND2X1 | 0.067 |   0.671 |    4.810 | 
     | FE_OFC0_n_55 | A ^ -> Y ^    | BUFX2   | 0.118 |   0.788 |    4.927 | 
     | g2102__8428  | C ^ -> Y v    | NOR3XL  | 0.072 |   0.861 |    5.000 | 
     |              | src_ack[14] v |         | 0.000 |   0.861 |    5.000 | 
     +---------------------------------------------------------------------+ 
Path 16: MET Path Delay Check
Endpoint:   src_ack[7] (v)
Beginpoint: src_req[0] (v) triggered by  leading edge of '@'
Path Groups: {default}
Analysis View: setup_view
- External Delay                0.000
+ Path Delay                    5.000
= Required Time                 5.000
- Arrival Time                  0.860
= Slack Time                    4.140
     Clock Rise Edge                      0.000
     + Input Delay                        0.000
     = Beginpoint Arrival Time            0.000
     +--------------------------------------------------------------------+ 
     |   Instance   |     Arc      |  Cell   | Delay | Arrival | Required | 
     |              |              |         |       |  Time   |   Time   | 
     |--------------+--------------+---------+-------+---------+----------| 
     |              | src_req[0] v |         |       |   0.000 |    4.140 | 
     | g2124__6417  | A0 v -> Y ^  | AOI22X1 | 0.084 |   0.084 |    4.224 | 
     | g2121__2346  | A1 ^ -> Y v  | OAI22X1 | 0.139 |   0.223 |    4.363 | 
     | g2119__9945  | A v -> Y ^   | NOR4X1  | 0.233 |   0.456 |    4.596 | 
     | g2118__9315  | C ^ -> Y v   | NOR3BX1 | 0.147 |   0.603 |    4.743 | 
     | g2116__4733  | B v -> Y ^   | NAND2X1 | 0.067 |   0.671 |    4.810 | 
     | FE_OFC0_n_55 | A ^ -> Y ^   | BUFX2   | 0.118 |   0.788 |    4.928 | 
     | g2105__3680  | C ^ -> Y v   | NOR3XL  | 0.072 |   0.860 |    5.000 | 
     |              | src_ack[7] v |         | 0.000 |   0.860 |    5.000 | 
     +--------------------------------------------------------------------+ 
Path 17: MET Path Delay Check
Endpoint:   aer_req    (v)
Beginpoint: src_req[0] (v) triggered by  leading edge of '@'
Path Groups: {default}
Analysis View: setup_view
- External Delay                0.000
+ Path Delay                    5.000
= Required Time                 5.000
- Arrival Time                  0.603
= Slack Time                    4.397
     Clock Rise Edge                      0.000
     + Input Delay                        0.000
     = Beginpoint Arrival Time            0.000
     +-------------------------------------------------------------------+ 
     |  Instance   |     Arc      |  Cell   | Delay | Arrival | Required | 
     |             |              |         |       |  Time   |   Time   | 
     |-------------+--------------+---------+-------+---------+----------| 
     |             | src_req[0] v |         |       |   0.000 |    4.397 | 
     | g2124__6417 | A0 v -> Y ^  | AOI22X1 | 0.084 |   0.084 |    4.481 | 
     | g2121__2346 | A1 ^ -> Y v  | OAI22X1 | 0.139 |   0.223 |    4.620 | 
     | g2119__9945 | A v -> Y ^   | NOR4X1  | 0.233 |   0.456 |    4.853 | 
     | g2118__9315 | C ^ -> Y v   | NOR3BX1 | 0.147 |   0.603 |    5.000 | 
     |             | aer_req v    |         | 0.000 |   0.603 |    5.000 | 
     +-------------------------------------------------------------------+ 

