*----------------------------------------------------------------------------------------
*	Innovus 23.14-s088_1 (64bit) 02/28/2025 12:25 (Linux 3.10.0-693.el7.x86_64)
*	
*
* 	Date & Time:	2026-Aug-26 17:12:19 (2026-Aug-26 08:12:19 GMT)
*
*----------------------------------------------------------------------------------------
*
*	Design: aer_traditional_latch_paa_45nm
*
*	Liberty Libraries used: 
*	        setup_view: <REMOTE_HOME>/aer_2026/pdk45_digital/gsclib045/timing/slow_vdd1v0_basicCells.lib
*
*	Power Domain used: 
*              Rail:        VDD      Voltage:        0.9 
*
*       Power View : setup_view
*
*       User-Defined Activity : N.A.
*
*       Activity File: N.A.
*
*       Hierarchical Global Activity: N.A.
*
*       Global Activity: N.A.
*
*       Sequential Element Activity: 0.200000
*
*       Primary Input Activity: 0.200000
*
*       Default icg ratio: N.A.
*
*       Global Comb ClockGate Ratio: N.A.
*
*	Power Units = 1mW
*
*	Time Units = 1e-09 secs 
*
*       report_power -outfile <REMOTE_WORKSPACE>/pnr/t0_paa/reports/postroute_power.rpt
*
-----------------------------------------------------------------------------------------


Total Power 
-----------------------------------------------------------------------------------------
Total Internal Power:        0.00136565 	   64.2148%
Total Switching Power:       0.00075766 	   35.6262%
Total Leakage Power:         0.00000338 	    0.1591%
Total Power:                 0.00212669 
-----------------------------------------------------------------------------------------


Group                           Internal   Switching     Leakage       Total  Percentage 
                                Power      Power         Power         Power  (%)        
-----------------------------------------------------------------------------------------
Sequential                     0.0002417   0.0001218   5.758e-07   0.0003641       17.12 
Macro                                  0           0           0           0           0 
IO                                     0           0           0           0           0 
Combinational                   0.001124   0.0006358   2.807e-06    0.001763       82.88 
Clock (Combinational)                  0           0           0           0           0 
Clock (Sequential)                     0           0           0           0           0 
-----------------------------------------------------------------------------------------
Total                           0.001366   0.0007577   3.383e-06    0.002127         100 
-----------------------------------------------------------------------------------------


Rail                  Voltage   Internal   Switching     Leakage       Total  Percentage 
                                Power      Power         Power         Power  (%)        
-----------------------------------------------------------------------------------------
VDD                       0.9   0.001366   0.0007577   3.383e-06    0.002127         100 


-----------------------------------------------------------------------------------------
*	Power Distribution Summary: 
*                Highest Average Power: g_grant_latch[1].grant_latch (TLATX1):        7.708e-05 
*                Highest Leakage Power: request_launch_delay_cell (DLY4X1):        1.312e-07 
*          Total Cap:      1.09466e-13 F
*          Total instances in design:    92
*          Total instances in design with no power:     0
*          Total instances in design with no activity:     0
*          Total Fillers and Decap:     0
-----------------------------------------------------------------------------------------

