
Cadence Innovus(TM) Implementation System.
Copyright 2024 Cadence Design Systems, Inc. All rights reserved worldwide.

Version:	v23.14-s088_1, built Fri Feb 28 12:25:44 PST 2025
Options:	-no_gui -files scripts/cadence/p9oht_postroute_saif_power.tcl 
Date:		Fri Aug 21 04:48:42 2026
Host:		<REMOTE_HOST> (x86_64 w/Linux 3.10.0-1160.81.1.el7.x86_64) (16cores*64cpus*Intel(R) Xeon(R) Gold 6246R CPU @ 3.40GHz 36608KB)
OS:		CentOS Linux 7 (Core)

License:
		[04:48:42.377265] Configured Lic search path (23.02-s006): 5280@<LICENSE_SERVER>

		invs	Innovus Implementation System	23.1	checkout succeeded
		8 CPU jobs allowed with the current license(s). Use setMultiCpuUsage to set your required CPU count.
Create and set the environment variable TMPDIR to <REMOTE_HOME>/aer_2026/p9_oht_hold_sweep_20260821_0417/hold_0p012/innovus_temp_148570_52f7fee8-c47f-4509-af6d-d1337810ae4e_<REMOTE_HOST>_<REMOTE_USER>_7Ghexz.

Change the soft stacksize limit to 0.2%RAM (2060 mbytes). Set global soft_stack_size_limit to change the value.
Info: Process UID = 148570 / 52f7fee8-c47f-4509-af6d-d1337810ae4e / hUjw7Wso7B
source /home/tools/cadence/DDI231/INNOVUS231/tools.lnx86/../etc/synth/attr_def/plus_attr_defs.tcl
Loading attribute definitions from mini dummy db...
Info: Defined 24215 Synthesis attributes
Info: Skipped defining 360 Synthesis attributes already defined in Innovus
source /home/tools/cadence/DDI231/INNOVUS231/tools.lnx86/../etc/synth/attr_def/plus_msg_defs.tcl

**INFO:  MMMC transition support version v31-84 

Sourcing file "scripts/cadence/p9oht_postroute_saif_power.tcl" ...
innovus 1> source scripts/cadence/p9oht_postroute_saif_power.tcl
#% Begin load design ... (date=08/21 04:49:04, mem=1637.7M)
Set Default Input Pin Transition as 0.1 ps.
Loading design 'aer_pending_direct_gray_scr_onehot_tree' saved by 'Innovus' '23.14-s088_1' on 'Fri Aug 21 04:41:01 2026'.
% Begin Load MMMC data ... (date=08/21 04:49:06, mem=1640.8M)
% End Load MMMC data ... (date=08/21 04:49:06, total cpu=0:00:00.0, real=0:00:00.0, peak res=1642.1M, current mem=1642.1M)

Loading LEF file <REMOTE_HOME>/aer_2026/p9_oht_hold_sweep_20260821_0417/hold_0p012/db/aer_pending_direct_gray_scr_onehot_tree_postroute.enc.dat/libs/lef/all.lef ...
Set DBUPerIGU to M2 pitch 1320.
**WARN: (IMPLF-200):	Pin 'A' in macro 'ANTENNA' has no ANTENNAGATEAREA value defined. The library data is incomplete and some process antenna rules will not be checked correctly.
Type 'man IMPLF-200' for more detail.
**WARN: (IMPLF-201):	Pin 'Q[0]' in macro 'rom_512x16A' has no ANTENNADIFFAREA value defined. The library data is incomplete and some process antenna rules will not be checked correctly.
Type 'man IMPLF-201' for more detail.
**WARN: (IMPLF-201):	Pin 'Q[10]' in macro 'rom_512x16A' has no ANTENNADIFFAREA value defined. The library data is incomplete and some process antenna rules will not be checked correctly.
Type 'man IMPLF-201' for more detail.
**WARN: (IMPLF-201):	Pin 'Q[11]' in macro 'rom_512x16A' has no ANTENNADIFFAREA value defined. The library data is incomplete and some process antenna rules will not be checked correctly.
Type 'man IMPLF-201' for more detail.
**WARN: (IMPLF-201):	Pin 'Q[12]' in macro 'rom_512x16A' has no ANTENNADIFFAREA value defined. The library data is incomplete and some process antenna rules will not be checked correctly.
Type 'man IMPLF-201' for more detail.
**WARN: (IMPLF-201):	Pin 'Q[13]' in macro 'rom_512x16A' has no ANTENNADIFFAREA value defined. The library data is incomplete and some process antenna rules will not be checked correctly.
Type 'man IMPLF-201' for more detail.
**WARN: (IMPLF-201):	Pin 'Q[14]' in macro 'rom_512x16A' has no ANTENNADIFFAREA value defined. The library data is incomplete and some process antenna rules will not be checked correctly.
Type 'man IMPLF-201' for more detail.
**WARN: (IMPLF-201):	Pin 'Q[15]' in macro 'rom_512x16A' has no ANTENNADIFFAREA value defined. The library data is incomplete and some process antenna rules will not be checked correctly.
Type 'man IMPLF-201' for more detail.
**WARN: (IMPLF-201):	Pin 'Q[1]' in macro 'rom_512x16A' has no ANTENNADIFFAREA value defined. The library data is incomplete and some process antenna rules will not be checked correctly.
Type 'man IMPLF-201' for more detail.
**WARN: (IMPLF-201):	Pin 'Q[2]' in macro 'rom_512x16A' has no ANTENNADIFFAREA value defined. The library data is incomplete and some process antenna rules will not be checked correctly.
Type 'man IMPLF-201' for more detail.
**WARN: (IMPLF-201):	Pin 'Q[3]' in macro 'rom_512x16A' has no ANTENNADIFFAREA value defined. The library data is incomplete and some process antenna rules will not be checked correctly.
Type 'man IMPLF-201' for more detail.
**WARN: (IMPLF-201):	Pin 'Q[4]' in macro 'rom_512x16A' has no ANTENNADIFFAREA value defined. The library data is incomplete and some process antenna rules will not be checked correctly.
Type 'man IMPLF-201' for more detail.
**WARN: (IMPLF-201):	Pin 'Q[5]' in macro 'rom_512x16A' has no ANTENNADIFFAREA value defined. The library data is incomplete and some process antenna rules will not be checked correctly.
Type 'man IMPLF-201' for more detail.
**WARN: (IMPLF-201):	Pin 'Q[6]' in macro 'rom_512x16A' has no ANTENNADIFFAREA value defined. The library data is incomplete and some process antenna rules will not be checked correctly.
Type 'man IMPLF-201' for more detail.
**WARN: (IMPLF-201):	Pin 'Q[7]' in macro 'rom_512x16A' has no ANTENNADIFFAREA value defined. The library data is incomplete and some process antenna rules will not be checked correctly.
Type 'man IMPLF-201' for more detail.
**WARN: (IMPLF-201):	Pin 'Q[8]' in macro 'rom_512x16A' has no ANTENNADIFFAREA value defined. The library data is incomplete and some process antenna rules will not be checked correctly.
Type 'man IMPLF-201' for more detail.
**WARN: (IMPLF-201):	Pin 'Q[9]' in macro 'rom_512x16A' has no ANTENNADIFFAREA value defined. The library data is incomplete and some process antenna rules will not be checked correctly.
Type 'man IMPLF-201' for more detail.
**WARN: (IMPLF-201):	Pin 'Q[0]' in macro 'ram_256x16A' has no ANTENNADIFFAREA value defined. The library data is incomplete and some process antenna rules will not be checked correctly.
Type 'man IMPLF-201' for more detail.
**WARN: (IMPLF-201):	Pin 'Q[10]' in macro 'ram_256x16A' has no ANTENNADIFFAREA value defined. The library data is incomplete and some process antenna rules will not be checked correctly.
Type 'man IMPLF-201' for more detail.
**WARN: (IMPLF-201):	Pin 'Q[11]' in macro 'ram_256x16A' has no ANTENNADIFFAREA value defined. The library data is incomplete and some process antenna rules will not be checked correctly.
Type 'man IMPLF-201' for more detail.
**WARN: (IMPLF-201):	Pin 'Q[12]' in macro 'ram_256x16A' has no ANTENNADIFFAREA value defined. The library data is incomplete and some process antenna rules will not be checked correctly.
Type 'man IMPLF-201' for more detail.
**WARN: (EMS-27):	Message (IMPLF-201) has exceeded the current message display limit of 20.
To increase the message display limit, refer to the product command reference manual.
**WARN: (IMPLF-200):	Pin 'PAD' in macro 'PDB04DGZ' has no ANTENNAGATEAREA value defined. The library data is incomplete and some process antenna rules will not be checked correctly.
Type 'man IMPLF-200' for more detail.
**WARN: (IMPLF-200):	Pin 'OEN' in macro 'PDB04DGZ' has no ANTENNAGATEAREA value defined. The library data is incomplete and some process antenna rules will not be checked correctly.
Type 'man IMPLF-200' for more detail.
**WARN: (IMPLF-200):	Pin 'I' in macro 'PDB04DGZ' has no ANTENNAGATEAREA value defined. The library data is incomplete and some process antenna rules will not be checked correctly.
Type 'man IMPLF-200' for more detail.

##  Check design process and node:  
##  Both design process and tech node are not set.

Loading view definition file from <REMOTE_HOME>/aer_2026/p9_oht_hold_sweep_20260821_0417/hold_0p012/db/aer_pending_direct_gray_scr_onehot_tree_postroute.enc.dat/viewDefinition.tcl
Reading libs_slow timing library '<REMOTE_HOME>/FPR/lib/slow.lib' ...
**WARN: (TECHLIB-302):	No function defined for cell 'HOLDX1'. The cell will only be used for analysis. (File <REMOTE_HOME>/FPR/lib/slow.lib)
Read 462 cells in library 'tsmc18' 
Reading libs_fast timing library '<REMOTE_HOME>/FPR/lib/fast.lib' ...
**WARN: (TECHLIB-302):	No function defined for cell 'HOLDX1'. The cell will only be used for analysis. (File <REMOTE_HOME>/FPR/lib/fast.lib)
Read 470 cells in library 'tsmc18' 
*** End library_loading (cpu=0.03min, real=0.02min, mem=55.5M, fe_cpu=0.44min, fe_real=0.42min, fe_mem=1798.9M) ***
% Begin Load netlist data ... (date=08/21 04:49:07, mem=1658.9M)
*** Begin netlist parsing (mem=1798.9M) ***
**WARN: (IMPVL-159):	Pin 'VSS' of cell 'XOR3X4' is defined in LEF but not in the timing library.
Type 'man IMPVL-159' for more detail.
**WARN: (IMPVL-159):	Pin 'VDD' of cell 'XOR3X4' is defined in LEF but not in the timing library.
Type 'man IMPVL-159' for more detail.
**WARN: (IMPVL-159):	Pin 'VSS' of cell 'XOR3X2' is defined in LEF but not in the timing library.
Type 'man IMPVL-159' for more detail.
**WARN: (IMPVL-159):	Pin 'VDD' of cell 'XOR3X2' is defined in LEF but not in the timing library.
Type 'man IMPVL-159' for more detail.
**WARN: (IMPVL-159):	Pin 'VSS' of cell 'XOR2XL' is defined in LEF but not in the timing library.
Type 'man IMPVL-159' for more detail.
**WARN: (IMPVL-159):	Pin 'VDD' of cell 'XOR2XL' is defined in LEF but not in the timing library.
Type 'man IMPVL-159' for more detail.
**WARN: (IMPVL-159):	Pin 'VSS' of cell 'XOR2X4' is defined in LEF but not in the timing library.
Type 'man IMPVL-159' for more detail.
**WARN: (IMPVL-159):	Pin 'VDD' of cell 'XOR2X4' is defined in LEF but not in the timing library.
Type 'man IMPVL-159' for more detail.
**WARN: (IMPVL-159):	Pin 'VSS' of cell 'XOR2X2' is defined in LEF but not in the timing library.
Type 'man IMPVL-159' for more detail.
**WARN: (IMPVL-159):	Pin 'VDD' of cell 'XOR2X2' is defined in LEF but not in the timing library.
Type 'man IMPVL-159' for more detail.
**WARN: (IMPVL-159):	Pin 'VSS' of cell 'XOR2X1' is defined in LEF but not in the timing library.
Type 'man IMPVL-159' for more detail.
**WARN: (IMPVL-159):	Pin 'VDD' of cell 'XOR2X1' is defined in LEF but not in the timing library.
Type 'man IMPVL-159' for more detail.
**WARN: (IMPVL-159):	Pin 'VSS' of cell 'XNOR3X4' is defined in LEF but not in the timing library.
Type 'man IMPVL-159' for more detail.
**WARN: (IMPVL-159):	Pin 'VDD' of cell 'XNOR3X4' is defined in LEF but not in the timing library.
Type 'man IMPVL-159' for more detail.
**WARN: (IMPVL-159):	Pin 'VSS' of cell 'XNOR3X2' is defined in LEF but not in the timing library.
Type 'man IMPVL-159' for more detail.
**WARN: (IMPVL-159):	Pin 'VDD' of cell 'XNOR3X2' is defined in LEF but not in the timing library.
Type 'man IMPVL-159' for more detail.
**WARN: (IMPVL-159):	Pin 'VSS' of cell 'XNOR2XL' is defined in LEF but not in the timing library.
Type 'man IMPVL-159' for more detail.
**WARN: (IMPVL-159):	Pin 'VDD' of cell 'XNOR2XL' is defined in LEF but not in the timing library.
Type 'man IMPVL-159' for more detail.
**WARN: (IMPVL-159):	Pin 'VSS' of cell 'XNOR2X4' is defined in LEF but not in the timing library.
Type 'man IMPVL-159' for more detail.
**WARN: (IMPVL-159):	Pin 'VDD' of cell 'XNOR2X4' is defined in LEF but not in the timing library.
Type 'man IMPVL-159' for more detail.
**WARN: (EMS-27):	Message (IMPVL-159) has exceeded the current message display limit of 20.
To increase the message display limit, refer to the product command reference manual.
Created 470 new cells from 2 timing libraries.
Reading netlist ...
Backslashed names will retain backslash and a trailing blank character.
Reading verilogBinary netlist '<REMOTE_HOME>/aer_2026/p9_oht_hold_sweep_20260821_0417/hold_0p012/db/aer_pending_direct_gray_scr_onehot_tree_postroute.enc.dat/vbin/aer_pending_direct_gray_scr_onehot_tree.v.bin'

*** Memory Usage v#2 (Current mem = 1798.875M, initial mem = 839.465M) ***
*** End netlist parsing (cpu=0:00:00.0, real=0:00:00.0, mem=1798.9M) ***
% End Load netlist data ... (date=08/21 04:49:07, total cpu=0:00:00.0, real=0:00:00.0, peak res=1668.7M, current mem=1668.7M)
Set top cell to aer_pending_direct_gray_scr_onehot_tree.
Hooked 932 DB cells to tlib cells.
** Removed 8 unused lib cells.
Starting recursive module instantiation check.
No recursion found.
Building hierarchical netlist for Cell aer_pending_direct_gray_scr_onehot_tree ...
***** UseNewTieNetMode *****.
*** Netlist is unique.
** info: there are 951 modules.
** info: there are 290 stdCell insts.
** info: there are 290 stdCell insts with at least one signal pin.

*** Memory Usage v#2 (Current mem = 1822.887M, initial mem = 839.465M) ***
*info: set bottom ioPad orient R0
**WARN: (IMPFP-3961):	The techSite 'corner' has no related standard cells in the LEF/OA library. The calculations for this site type cannot be made unless standard cell models of this type exist in the LEF/OA library. Ignore this warning if the SITE is not used by the library. Alternatively, remove the SITE definition for the LEF/OA library to avoid this message.
Type 'man IMPFP-3961' for more detail.
**WARN: (IMPFP-3961):	The techSite 'pad' has no related standard cells in the LEF/OA library. The calculations for this site type cannot be made unless standard cell models of this type exist in the LEF/OA library. Ignore this warning if the SITE is not used by the library. Alternatively, remove the SITE definition for the LEF/OA library to avoid this message.
Type 'man IMPFP-3961' for more detail.
Horizontal Layer M1 offset = 560 (derived)
Vertical Layer M2 offset = 660 (derived)
Start create_tracks
Generated pitch 0.99 in Metal6 is different from 1.32 defined in technology file in preferred direction.
Generated pitch 0.56 in Metal5 is different from 1.12 defined in technology file in preferred direction.
##  Process: 180           (User Set)               
##     Node: (not set)                           

##  Check design process and node:  
##  Design tech node is not set.

Applying the recommended capacitance filtering threshold values for 180nm process node: total_c_th=5, relative_c_th=0.03 and coupling_c_th=3.
	These values will be used by all post-route extraction engines, including TQuantus, IQuantus and Quantus QRC extraction.
	For postRoute effortLevel low extraction, the coupling_c_th value will be used only when the -capFilterMode parameter of the setExtractRCMode command is set to relAndCoup or relOrCoup. Default value of -capFilterMode parameter in postRoute extraction effortLevel low is relOnly.
	The accuracy mode for postRoute effortLevel low extraction will be set to 'standard'.
	Default value for EffortLevel(-effortLevel option of the setExtractRCMode) in postRoute extraction mode is 'low'.
**WARN: (IMPOPT-3602):	The specified path group name tdgp_reg2reg_default is not defined.
Type 'man IMPOPT-3602' for more detail.
Effort level <high> specified for tdgp_reg2reg_default path_group
Slack adjustment of -0 applied on tdgp_reg2reg_default path_group
**WARN: (IMPTCM-77):	Option "-drouteStartIteration" for command setNanoRouteMode is obsolete and will be removed in a future release. The obsolete option still works in this release but to avoid this warning and to ensure compatibility with future releases, remove the obsolete option from your script.
#WARNING (NRIF-90) Option setNanoRouteMode -route_bottom_routing_layer is obsolete. It will continue to work for the current release. To ensure compatibility with future releases, use option setDesignMode -bottomRoutingLayer instead.
#WARNING (NRIF-91) Option setNanoRouteMode -route_top_routing_layer is obsolete. It will continue to work for the current release. To ensure compatibility with future releases, use option setDesignMode -topRoutingLayer instead.
AAE_INFO: switching setDelayCal -siAware from false to true ...
AAE_INFO: The setting is changed from false to true in setDelayCalMode -SIAware
*Info: initialize multi-corner CTS.
Total number of combinational cells: 266
Total number of sequential cells: 178
Total number of tristate cells: 18
Total number of level shifter cells: 0
Total number of power gating cells: 0
Total number of isolation cells: 0
Total number of power switch cells: 0
Total number of pulse generator cells: 0
Total number of always on buffers: 0
Total number of retention cells: 0
Total number of physical cells: 0
List of usable buffers: BUFX2 BUFX1 BUFX12 BUFX16 BUFX20 BUFX3 BUFX4 BUFX8 BUFXL CLKBUFX2 CLKBUFX1 CLKBUFX12 CLKBUFX16 CLKBUFX20 CLKBUFX3 CLKBUFX4 CLKBUFX8 CLKBUFXL
Total number of usable buffers: 18
List of unusable buffers:
Total number of unusable buffers: 0
List of usable inverters: RFRDX2 RFRDX1 RFRDX4 CLKINVX2 CLKINVX1 CLKINVX12 CLKINVX16 CLKINVX20 CLKINVX3 CLKINVX4 CLKINVX8 CLKINVXL INVX1 INVX2 INVX12 INVX16 INVX20 INVX3 INVXL INVX4 INVX8
Total number of usable inverters: 21
List of unusable inverters:
Total number of unusable inverters: 0
List of identified usable delay cells: DLY2X1 DLY1X1 DLY4X1 DLY3X1
Total number of identified usable delay cells: 4
List of identified unusable delay cells:
Total number of identified unusable delay cells: 0
Reading floorplan file - <REMOTE_HOME>/aer_2026/p9_oht_hold_sweep_20260821_0417/hold_0p012/db/aer_pending_direct_gray_scr_onehot_tree_postroute.enc.dat/aer_pending_direct_gray_scr_onehot_tree.fp.gz (mem = 2086.1M).
% Begin Load floorplan data ... (date=08/21 04:49:08, mem=1974.1M)
*info: reset 365 existing net BottomPreferredLayer and AvoidDetour
Deleting old partition specification.
Set FPlanBox to (0 0 295680 282240)
**WARN: (IMPFP-3961):	The techSite 'corner' has no related standard cells in the LEF/OA library. The calculations for this site type cannot be made unless standard cell models of this type exist in the LEF/OA library. Ignore this warning if the SITE is not used by the library. Alternatively, remove the SITE definition for the LEF/OA library to avoid this message.
Type 'man IMPFP-3961' for more detail.
**WARN: (IMPFP-3961):	The techSite 'pad' has no related standard cells in the LEF/OA library. The calculations for this site type cannot be made unless standard cell models of this type exist in the LEF/OA library. Ignore this warning if the SITE is not used by the library. Alternatively, remove the SITE definition for the LEF/OA library to avoid this message.
Type 'man IMPFP-3961' for more detail.
There are 2 members in group cdc_pair_00.
There are 2 members in group cdc_pair_01.
There are 2 members in group cdc_pair_02.
There are 2 members in group cdc_pair_03.
There are 2 members in group cdc_pair_04.
There are 2 members in group cdc_pair_05.
There are 2 members in group cdc_pair_06.
There are 2 members in group cdc_pair_07.
There are 2 members in group cdc_pair_08.
There are 2 members in group cdc_pair_09.
There are 2 members in group cdc_pair_10.
There are 2 members in group cdc_pair_11.
There are 2 members in group cdc_pair_12.
There are 2 members in group cdc_pair_13.
There are 2 members in group cdc_pair_14.
There are 2 members in group cdc_pair_15.
There are 2 members in group reset_release_pair.
 ... processed partition successfully.
Reading binary special route file <REMOTE_HOME>/aer_2026/p9_oht_hold_sweep_20260821_0417/hold_0p012/db/aer_pending_direct_gray_scr_onehot_tree_postroute.enc.dat/aer_pending_direct_gray_scr_onehot_tree.fp.spr.gz (Created by Innovus v23.14-s088_1 on Fri Aug 21 04:41:00 2026, version: 1)
Convert 0 swires and 0 svias from compressed groups
12 swires and 16 svias were compressed
12 swires and 16 svias were decompressed from small or sparse groups
Ending "Read special route file" (total cpu=0:00:00.0, real=0:00:00.0, peak res=1975.0M, current mem=1975.0M)
There are 2 nets with weight being set
There are 2 nets with bottomPreferredRoutingLayer being set
There are 2 nets with avoidDetour being set
Extracting standard cell pins and blockage ...... 
Pin and blockage extraction finished
Delete all existing relative floorplan constraints.
% End Load floorplan data ... (date=08/21 04:49:09, total cpu=0:00:00.1, real=0:00:01.0, peak res=1975.3M, current mem=1975.3M)
Reading congestion map file <REMOTE_HOME>/aer_2026/p9_oht_hold_sweep_20260821_0417/hold_0p012/db/aer_pending_direct_gray_scr_onehot_tree_postroute.enc.dat/aer_pending_direct_gray_scr_onehot_tree.route.congmap.gz ...
% Begin Load SymbolTable ... (date=08/21 04:49:09, mem=1975.7M)
Suppress "**WARN ..." messages.
Un-suppress "**WARN ..." messages.
% End Load SymbolTable ... (date=08/21 04:49:09, total cpu=0:00:00.0, real=0:00:00.0, peak res=1976.1M, current mem=1976.1M)
Loading place ...
% Begin Load placement data ... (date=08/21 04:49:09, mem=1976.1M)
Reading placement file - <REMOTE_HOME>/aer_2026/p9_oht_hold_sweep_20260821_0417/hold_0p012/db/aer_pending_direct_gray_scr_onehot_tree_postroute.enc.dat/aer_pending_direct_gray_scr_onehot_tree.place.gz.
** Reading stdCellPlacement_binary (Created by Innovus v23.14-s088_1 on Fri Aug 21 04:41:00 2026, version# 2) ...
Read Views for adaptive view pruning ...
Read 0 views from Binary DB for adaptive view pruning
*** Completed restorePlace (cpu=0:00:00.0 real=0:00:00.0 mem=2086.1M) ***
Total net length = 7.933e+03 (4.519e+03 3.414e+03) (ext = 1.528e+03)
% End Load placement data ... (date=08/21 04:49:09, total cpu=0:00:00.0, real=0:00:00.0, peak res=1976.6M, current mem=1976.6M)
Reading PG file <REMOTE_HOME>/aer_2026/p9_oht_hold_sweep_20260821_0417/hold_0p012/db/aer_pending_direct_gray_scr_onehot_tree_postroute.enc.dat/aer_pending_direct_gray_scr_onehot_tree.pg.gz, version#2, (Created by Innovus v23.14-s088_1 on       Fri Aug 21 04:41:00 2026)
*** Completed restorePGFile (cpu=0:00:00.0 real=0:00:00.0 mem=2086.1M) ***
% Begin Load routing data ... (date=08/21 04:49:09, mem=1976.7M)
Reading routing file - <REMOTE_HOME>/aer_2026/p9_oht_hold_sweep_20260821_0417/hold_0p012/db/aer_pending_direct_gray_scr_onehot_tree_postroute.enc.dat/aer_pending_direct_gray_scr_onehot_tree.route.gz.
Reading Innovus routing data (Created by Innovus v23.14-s088_1 on Fri Aug 21 04:41:00 2026 Format: 23.1) ...
*** Total 365 nets are successfully restored.
*** Completed restoreRoute (cpu=0:00:00.0 real=0:00:00.0 mem=2086.1M) ***
% End Load routing data ... (date=08/21 04:49:09, total cpu=0:00:00.0, real=0:00:00.0, peak res=1978.0M, current mem=1977.0M)
TAT_INFO: ::restoreCongMap REAL = 0 : CPU = 0 : MEM = 0.
Reading property file <REMOTE_HOME>/aer_2026/p9_oht_hold_sweep_20260821_0417/hold_0p012/db/aer_pending_direct_gray_scr_onehot_tree_postroute.enc.dat/aer_pending_direct_gray_scr_onehot_tree.prop
*** Completed restoreProperty (cpu=0:00:00.0 real=0:00:00.0 mem=2086.1M) ***
Reading dirtyarea snapshot file <REMOTE_HOME>/aer_2026/p9_oht_hold_sweep_20260821_0417/hold_0p012/db/aer_pending_direct_gray_scr_onehot_tree_postroute.enc.dat/aer_pending_direct_gray_scr_onehot_tree.db.da.gz (Create by Innovus v23.14-s088_1 on Fri Aug 21 04:41:00 2026, version: 7).
Set Default Input Pin Transition as 0.1 ps.
Extraction setup Started for TopCell aer_pending_direct_gray_scr_onehot_tree 
Initializing multi-corner RC extraction with 1 active RC Corners ...
**WARN: (IMPEXT-6202):	In addition to the technology file, the capacitance table file is specified for all the RC corners. If the technology file  is already specified for all the RC corners, the capacitance table file is not required for preRoute and postRoute extraction. In a new session, the capacitance table files can be removed from the create_rc_corner command to enable the technology file to be used for preRoute and postRoute (effort level medium/high/signoff) extraction engines.
Type 'man IMPEXT-6202' for more detail.
Reading Capacitance Table File <REMOTE_HOME>/aer_2026/p9_oht_hold_sweep_20260821_0417/hold_0p012/db/aer_pending_direct_gray_scr_onehot_tree_postroute.enc.dat/libs/mmmc/t018s6mlv.capTbl ...
Cap table was created using Encounter 10.10-s002_1.
Process name: t018s6mm.
Importing multi-corner RC tables ... 
Summary of Active RC-Corners : 
 
 Analysis View: setup_view
    RC-Corner Name        : rc_180nm
    RC-Corner Index       : 0
    RC-Corner Temperature : 25 Celsius
    RC-Corner Cap Table   : '<REMOTE_HOME>/aer_2026/p9_oht_hold_sweep_20260821_0417/hold_0p012/db/aer_pending_direct_gray_scr_onehot_tree_postroute.enc.dat/libs/mmmc/t018s6mlv.capTbl'
    RC-Corner PreRoute Res Factor         : 1
    RC-Corner PreRoute Cap Factor         : 1
    RC-Corner PostRoute Res Factor        : 1 {1 1 1}
    RC-Corner PostRoute Cap Factor        : 1 {1 1 1}
    RC-Corner PostRoute XCap Factor       : 1 {1 1 1}
    RC-Corner PreRoute Clock Res Factor   : 1	[Derived from postRoute_res (effortLevel low)]
    RC-Corner PreRoute Clock Cap Factor   : 1	[Derived from postRoute_cap (effortLevel low)]
    RC-Corner PostRoute Clock Cap Factor  : 1 {1 1 1} 	[Derived from postRoute_cap (effortLevel low)]
    RC-Corner PostRoute Clock Res Factor  : 1 {1 1 1} 	[Derived from postRoute_res (effortLevel low)]
    RC-Corner PostRoute Clock coupling capacitance Factor : 1 {1 1 1} 
    RC-Corner Technology file: '<REMOTE_HOME>/aer_2026/p9_oht_hold_sweep_20260821_0417/hold_0p012/db/aer_pending_direct_gray_scr_onehot_tree_postroute.enc.dat/libs/mmmc/rc_180nm/t018s6mm.tch'
 
 Analysis View: hold_view
    RC-Corner Name        : rc_180nm
    RC-Corner Index       : 0
    RC-Corner Temperature : 25 Celsius
    RC-Corner Cap Table   : '<REMOTE_HOME>/aer_2026/p9_oht_hold_sweep_20260821_0417/hold_0p012/db/aer_pending_direct_gray_scr_onehot_tree_postroute.enc.dat/libs/mmmc/t018s6mlv.capTbl'
    RC-Corner PreRoute Res Factor         : 1
    RC-Corner PreRoute Cap Factor         : 1
    RC-Corner PostRoute Res Factor        : 1 {1 1 1}
    RC-Corner PostRoute Cap Factor        : 1 {1 1 1}
    RC-Corner PostRoute XCap Factor       : 1 {1 1 1}
    RC-Corner PreRoute Clock Res Factor   : 1	[Derived from postRoute_res (effortLevel low)]
    RC-Corner PreRoute Clock Cap Factor   : 1	[Derived from postRoute_cap (effortLevel low)]
    RC-Corner PostRoute Clock Cap Factor  : 1 {1 1 1} 	[Derived from postRoute_cap (effortLevel low)]
    RC-Corner PostRoute Clock Res Factor  : 1 {1 1 1} 	[Derived from postRoute_res (effortLevel low)]
    RC-Corner PostRoute Clock coupling capacitance Factor : 1 {1 1 1} 
    RC-Corner Technology file: '<REMOTE_HOME>/aer_2026/p9_oht_hold_sweep_20260821_0417/hold_0p012/db/aer_pending_direct_gray_scr_onehot_tree_postroute.enc.dat/libs/mmmc/rc_180nm/t018s6mm.tch'
Initializing multi-corner capacitance tables ... 
Initializing multi-corner resistance tables ...
Restoring parasitic data from file '<REMOTE_HOME>/aer_2026/p9_oht_hold_sweep_20260821_0417/hold_0p012/db/aer_pending_direct_gray_scr_onehot_tree_postroute.enc.dat/aer_pending_direct_gray_scr_onehot_tree.rcdb.d' ...
Begin read_parasitics... (cpu: 0:00:00.0 real: 0:00:00.0 mem: 2086.121M)
Following multi-corner parasitics specified:
	<REMOTE_HOME>/aer_2026/p9_oht_hold_sweep_20260821_0417/hold_0p012/db/aer_pending_direct_gray_scr_onehot_tree_postroute.enc.dat/aer_pending_direct_gray_scr_onehot_tree.rcdb.d (rcdb)
		Cell aer_pending_direct_gray_scr_onehot_tree has rcdb <REMOTE_HOME>/aer_2026/p9_oht_hold_sweep_20260821_0417/hold_0p012/db/aer_pending_direct_gray_scr_onehot_tree_postroute.enc.dat/aer_pending_direct_gray_scr_onehot_tree.rcdb.d specified
Cell aer_pending_direct_gray_scr_onehot_tree, hinst 
Done read_parasitics... (cpu: 0:00:00.0 real: 0:00:00.0 mem: 2086.121M)
Start generating vias ..
#Skip building auto via since it is not turned on.
Extracting standard cell pins and blockage ...... 
Pin and blockage extraction finished
Via generation completed.
% Begin Load power constraints ... (date=08/21 04:49:11, mem=1986.6M)
source <REMOTE_HOME>/aer_2026/p9_oht_hold_sweep_20260821_0417/hold_0p012/db/aer_pending_direct_gray_scr_onehot_tree_postroute.enc.dat/aer_pending_direct_gray_scr_onehot_tree_power_constraints.tcl
'set_default_switching_activity' finished successfully.
% End Load power constraints ... (date=08/21 04:49:11, total cpu=0:00:00.0, real=0:00:00.0, peak res=1992.5M, current mem=1992.5M)
% Begin load AAE data ... (date=08/21 04:49:11, mem=2036.4M)
**WARN: (IMPESI-3505):	setDelayCalMode -eng_enablePrePlacedFlow false (default=false) will be obsoleted along with its sgs2set equivalent.  This parameter will continue to be supported in the current release, but will be removed in the next major release of the software.
AAE DB initialization (MEM=2045.804688 CPU=0:00:00.0 REAL=0:00:00.0) 
% End load AAE data ... (date=08/21 04:49:12, total cpu=0:00:00.5, real=0:00:01.0, peak res=2046.1M, current mem=2046.1M)
Restoring CCOpt config...
  Extracting original clock gating for clk...
    clock_tree clk contains 75 sinks and 0 clock gates.
  Extracting original clock gating for clk done.
  The skew group clk/p9oht_constraints was created. It contains 75 sinks and 1 sources.
  The skew group clk/p9oht_constraints was created. It contains 75 sinks and 1 sources.
Restoring CCOpt config done.
Total number of combinational cells: 266
Total number of sequential cells: 178
Total number of tristate cells: 18
Total number of level shifter cells: 0
Total number of power gating cells: 0
Total number of isolation cells: 0
Total number of power switch cells: 0
Total number of pulse generator cells: 0
Total number of always on buffers: 0
Total number of retention cells: 0
Total number of physical cells: 0
List of usable buffers: BUFX2 BUFX1 BUFX12 BUFX16 BUFX20 BUFX3 BUFX4 BUFX8 BUFXL CLKBUFX2 CLKBUFX1 CLKBUFX12 CLKBUFX16 CLKBUFX20 CLKBUFX3 CLKBUFX4 CLKBUFX8 CLKBUFXL
Total number of usable buffers: 18
List of unusable buffers:
Total number of unusable buffers: 0
List of usable inverters: CLKINVX2 CLKINVX1 CLKINVX12 CLKINVX16 CLKINVX20 CLKINVX3 CLKINVX4 CLKINVX8 CLKINVXL INVX1 INVX2 INVX12 INVX16 INVX20 INVX3 INVXL INVX4 INVX8
Total number of usable inverters: 18
List of unusable inverters: RFRDX2 RFRDX1 RFRDX4
Total number of unusable inverters: 3
List of identified usable delay cells: DLY2X1 DLY1X1 DLY4X1 DLY3X1
Total number of identified usable delay cells: 4
List of identified unusable delay cells:
Total number of identified unusable delay cells: 0
#% End load design ... (date=08/21 04:49:12, total cpu=0:00:06.2, real=0:00:07.0, peak res=2068.9M, current mem=2051.0M)

*** Summary of all messages that are not suppressed in this session:
Severity  ID               Count  Summary                                  
WARNING   IMPLF-200            4  Pin '%s' in macro '%s' has no ANTENNAGAT...
WARNING   IMPLF-201           50  Pin '%s' in macro '%s' has no ANTENNADIF...
WARNING   IMPFP-3961           4  The techSite '%s' has no related standar...
WARNING   IMPEXT-6202          1  In addition to the technology file, the ...
WARNING   IMPVL-159          924  Pin '%s' of cell '%s' is defined in LEF ...
WARNING   IMPESI-3505          1  setDelayCalMode -eng_%s (default=%s) wil...
WARNING   IMPOPT-3602          1  The specified path group name %s is not ...
WARNING   NRIF-90              1  Option setNanoRouteMode -route_bottom_ro...
WARNING   NRIF-91              1  Option setNanoRouteMode -route_top_routi...
WARNING   IMPTCM-77            1  Option "%s" for command %s is obsolete a...
WARNING   TECHLIB-302          2  No function defined for cell '%s'. The c...
*** Message Summary: 990 warning(s), 0 error(s)

** WARN:  (VOLTUS_POWR-3212): The 'set_power_analysis_mode -leakage_power_view |-dynamic_power_view|-analysis_view' will be obsolete in 18.20 release. Use 'set_analysis_view -leakage <> | -dynamic <>' to set leakage and dynamic power views.

Begin Processing SAIF file
Ended Processing SAIF file: (cpu=0:00:00, real=0:00:00,
mem(process/total/peak)=2052.43MB/3968.40MB/2052.45MB)

'read_activity_file' finished successfully.

Power Net Detected:
        Voltage	    Name
             0V	    VSS
          1.62V	    VDD
Using Power View: setup_view.
AAE_INFO: opIsDesignInPostRouteState() is 1
AAE_INFO: resetNetProps viewIdx 0 
Starting SI iteration 1 using Infinite Timing Windows
#################################################################################
# Design Stage: PostRoute
# Design Name: aer_pending_direct_gray_scr_onehot_tree
# Design Mode: 180nm
# Analysis Mode: MMMC OCV 
# Parasitics Mode: SPEF/RCDB 
# Signoff Settings: SI On 
#################################################################################
AAE_INFO: 1 threads acquired from CTE.
Start delay calculation (fullDC) (1 T). (MEM=2146)
Total number of fetched objects 363
AAE_INFO: Total number of nets for which stage creation was skipped for all views 0
AAE_INFO-618: Total number of nets in the design is 365,  99.5 percent of the nets selected for SI analysis
End delay calculation. (MEM=2180.69 CPU=0:00:00.1 REAL=0:00:00.0)
End delay calculation (fullDC). (MEM=2171.44 CPU=0:00:00.5 REAL=0:00:01.0)
Save waveform <REMOTE_HOME>/aer_2026/p9_oht_hold_sweep_20260821_0417/hold_0p012/innovus_temp_148570_52f7fee8-c47f-4509-af6d-d1337810ae4e_<REMOTE_HOST>_<REMOTE_USER>_7Ghexz/.AAE_BXymIF/.AAE_148570_52f7fee8-c47f-4509-af6d-d1337810ae4e/waveform.data...
Loading CTE timing window with TwFlowType 0...(CPU = 0:00:00.0, REAL = 0:00:00.0, MEM = 2183.2M)
Add other clocks and setupCteToAAEClockMapping during iter 1
Loading CTE timing window is completed (CPU = 0:00:00.0, REAL = 0:00:00.0, MEM = 2183.6M)
Starting SI iteration 2
Start delay calculation (fullDC) (1 T). (MEM=2191.5)
Glitch Analysis: View setup_view -- Total Number of Nets Skipped = 0. 
Glitch Analysis: View setup_view -- Total Number of Nets Analyzed = 363. 
Total number of fetched objects 363
AAE_INFO: Total number of nets for which stage creation was skipped for all views 0
AAE_INFO-618: Total number of nets in the design is 365,  0.3 percent of the nets selected for SI analysis
End delay calculation. (MEM=2203.43 CPU=0:00:00.0 REAL=0:00:00.0)
End delay calculation (fullDC). (MEM=2203.43 CPU=0:00:00.0 REAL=0:00:00.0)
Load RC corner of view setup_view

Begin Power Analysis

             0V	    VSS
          1.62V	    VDD

Begin Processing Timing Library for Power Calculation

Ended Processing Timing Library for Power Calculation: (cpu=0:00:00, real=0:00:00, mem(process/total/peak)=2195.01MB/4556.18MB/2195.09MB)



Begin Processing Power Net/Grid for Power Calculation

Ended Processing Power Net/Grid for Power Calculation: (cpu=0:00:00, real=0:00:00, mem(process/total/peak)=2195.10MB/4556.18MB/2195.11MB)

Begin Processing Timing Window Data for Power Calculation

clk(100MHz) CK: assigning clock clk to net clk
Ended Processing Timing Window Data for Power Calculation: (cpu=0:00:00, real=0:00:00, mem(process/total/peak)=2195.27MB/4556.18MB/2195.27MB)

Begin Processing User Attributes

Ended Processing User Attributes: (cpu=0:00:00, real=0:00:00, mem(process/total/peak)=2195.37MB/4556.18MB/2195.37MB)

Begin Processing Signal Activity


Starting Levelizing
2026-Aug-21 04:49:13 (2026-Aug-20 19:49:13 GMT)
2026-Aug-21 04:49:13 (2026-Aug-20 19:49:13 GMT): 10%
2026-Aug-21 04:49:13 (2026-Aug-20 19:49:13 GMT): 20%
2026-Aug-21 04:49:13 (2026-Aug-20 19:49:13 GMT): 30%
2026-Aug-21 04:49:13 (2026-Aug-20 19:49:13 GMT): 40%
2026-Aug-21 04:49:13 (2026-Aug-20 19:49:13 GMT): 50%
2026-Aug-21 04:49:13 (2026-Aug-20 19:49:13 GMT): 60%
2026-Aug-21 04:49:13 (2026-Aug-20 19:49:13 GMT): 70%
2026-Aug-21 04:49:13 (2026-Aug-20 19:49:13 GMT): 80%
2026-Aug-21 04:49:13 (2026-Aug-20 19:49:13 GMT): 90%

Finished Levelizing
2026-Aug-21 04:49:13 (2026-Aug-20 19:49:13 GMT)

Starting Activity Propagation
2026-Aug-21 04:49:13 (2026-Aug-20 19:49:13 GMT)

Finished Activity Propagation
2026-Aug-21 04:49:13 (2026-Aug-20 19:49:13 GMT)

Activity annotation summary:
        Primary Inputs : 19/19 = 100%
          Flop outputs : 129/129 = 100%
  Memory/Macro outputs : 0/0 = 0%
      Tristate outputs : 0/0 = 0%
            Total Nets : 306/363 = 84.2975%

Ended Processing Signal Activity: (cpu=0:00:00, real=0:00:00, mem(process/total/peak)=2195.67MB/4556.18MB/2195.67MB)

Begin Power Computation

      ----------------------------------------------------------
      # of cell(s) missing both power/leakage table: 0
      # of cell(s) missing power table: 0
      # of cell(s) missing leakage table: 0
      ----------------------------------------------------------



Starting Calculating power
2026-Aug-21 04:49:13 (2026-Aug-20 19:49:13 GMT)
 ... Calculating switching power
2026-Aug-21 04:49:13 (2026-Aug-20 19:49:13 GMT): 10%
2026-Aug-21 04:49:13 (2026-Aug-20 19:49:13 GMT): 20%
2026-Aug-21 04:49:13 (2026-Aug-20 19:49:13 GMT): 30%
2026-Aug-21 04:49:13 (2026-Aug-20 19:49:13 GMT): 40%
2026-Aug-21 04:49:13 (2026-Aug-20 19:49:13 GMT): 50%
 ... Calculating internal and leakage power
2026-Aug-21 04:49:13 (2026-Aug-20 19:49:13 GMT): 60%
2026-Aug-21 04:49:13 (2026-Aug-20 19:49:13 GMT): 70%
2026-Aug-21 04:49:13 (2026-Aug-20 19:49:13 GMT): 80%
2026-Aug-21 04:49:13 (2026-Aug-20 19:49:13 GMT): 90%

Finished Calculating power
2026-Aug-21 04:49:13 (2026-Aug-20 19:49:13 GMT)
      # of MSMV cell(s) missing power_level: 0
Ended Power Computation: (cpu=0:00:00, real=0:00:00, mem(process/total/peak)=2196.66MB/4556.18MB/2196.66MB)

Begin Processing User Attributes

Begin Processing set_power
Ended Processing set_power: (cpu=0:00:00, real=0:00:00,
mem(process/total/peak)=2196.66MB/4556.18MB/2196.71MB)
Ended Processing User Attributes: (cpu=0:00:00, real=0:00:00, mem(process/total/peak)=2196.71MB/4556.18MB/2196.72MB)

Ended Power Analysis: (cpu=0:00:00, real=0:00:00, mem(process/total/peak)=2196.72MB/4556.18MB/2196.73MB)

Begin Boundary Leakage Calculation
Ended Boundary Leakage Calculation: (cpu=0:00:00, real=0:00:00,
mem(process/total/peak)=2196.80MB/4556.18MB/2196.80MB)
Begin Static Power Report Generation
*



Total Power
-----------------------------------------------------------------------------------------
Total Internal Power:        0.48095279 	   81.5741%
Total Switching Power:       0.10840265 	   18.3861%
Total Leakage Power:         0.00023485 	    0.0398%
Total Power:                 0.58959029
-----------------------------------------------------------------------------------------
** INFO:  (VOLTUS_POWR-3465): There are 0 decaps and 0 fillers in the design

Ended Static Power Report Generation: (cpu=0:00:00, real=0:00:00,
mem(process/total/peak)=2197.15MB/4556.18MB/2197.23MB)


Output file is <REMOTE_HOME>/aer_2026/p9_oht_hold_sweep_20260821_0417/hold_0p012/reports/p9oht_pnr/postroute_power_saif.rpt
P9OHT_POSTROUTE_SAIF_POWER_DONE

*** Memory Usage v#2 (Current mem = 2559.172M, initial mem = 839.465M) ***
*** Message Summary: 990 warning(s), 0 error(s)

--- Ending "Innovus" (totcpu=0:00:30.9, real=0:00:31.0, mem=2559.2M) ---

real 33.70
user 29.69
sys 3.20
