============================================================
  Generated by:           Genus(TM) Synthesis Solution 23.14-s090_1
  Generated on:           Aug 19 2026  04:29:45 am
  Module:                 aer_improved_hybrid
  Operating conditions:   typical (balanced_tree)
  Wireload mode:          enclosed
  Area mode:              timing library
============================================================


Path 1: MET (6202 ps) Setup Check with Pin queue_count_q_reg[7][1]/CK->D
          Group: clk
     Startpoint: (R) rr_ptr_q_reg[0]/CK
          Clock: (R) clk
       Endpoint: (F) queue_count_q_reg[7][1]/D
          Clock: (R) clk

                     Capture       Launch     
        Clock Edge:+   10000            0     
       Src Latency:+       0            0     
       Net Latency:+       0 (I)        0 (I) 
           Arrival:=   10000            0     
                                              
             Setup:-     455                  
     Required Time:=    9545                  
      Launch Clock:-       0                  
         Data Path:-    3344                  
             Slack:=    6202                  

#---------------------------------------------------------------------------------------------------
#       Timing Point        Flags    Arc   Edge   Cell     Fanout Load Trans Delay Arrival Instance 
#                                                                 (fF)  (ps)  (ps)   (ps)  Location 
#---------------------------------------------------------------------------------------------------
  rr_ptr_q_reg[0]/CK        -       -      R     (arrival)     89    -     0     0       0    (-,-) 
  rr_ptr_q_reg[0]/QN        -       CK->QN F     SDFFRX1        5 20.2   132   413     413    (-,-) 
  g17143/Y                  -       A->Y   R     INVX1          9 34.5   309   208     622    (-,-) 
  g17117__4319/Y            -       B->Y   F     NAND2X1       18 56.2   298   213     835    (-,-) 
  g17021__1617/Y            -       A0N->Y F     AOI2BB1X1      1  3.4    66   221    1056    (-,-) 
  g16948__6783/Y            -       C0->Y  R     OAI221XL       4 16.0   499   156    1212    (-,-) 
  g16912__7482/Y            -       B0->Y  F     AOI22X1        1  4.1   200    93    1305    (-,-) 
  g16889__1666/Y            -       A->Y   R     NAND2X1        4 17.5   197   154    1459    (-,-) 
  g16872__2802/Y            -       A->Y   F     NOR3X1         3 12.6   106    74    1534    (-,-) 
  g16869__8428/Y            -       A->Y   F     AND4X2         5 20.8    82   154    1688    (-,-) 
  g16859__5477/Y            -       B->Y   R     NAND3BX1       4 16.7   208   133    1820    (-,-) 
  g16850__9315/Y            -       A->Y   F     NOR4X1         4 14.2   134    85    1905    (-,-) 
  g16846__5115/Y            -       AN->Y  F     NOR2BXL        2  7.2   115   143    2049    (-,-) 
  g16829__1666/Y            -       B0->Y  R     AOI221XL       1  3.4   254   224    2272    (-,-) 
  g16824__2883/Y            -       C0->Y  F     OAI221XL       1  3.6   116    94    2366    (-,-) 
  g16820__7482/Y            -       B0->Y  R     AOI211XL       1  3.1   202   136    2502    (-,-) 
  g16816__8246/Y            -       B0->Y  F     OAI21XL        1  3.6    87    69    2570    (-,-) 
  g16808__1617/Y            -       B0->Y  R     AOI211XL       1  4.9   238   151    2721    (-,-) 
  g16796__8428/Y            -       A->Y   F     NAND3X1        4 13.9   131    92    2812    (-,-) 
  g16790__5107/Y            -       A->Y   R     NOR2X1         4 16.3   251   173    2986    (-,-) 
  g16788__6417/Y            -       A->Y   F     NAND2X1        3 11.0   103    68    3053    (-,-) 
  g16764__3680/Y            -       A->Y   R     NOR2X1         3 10.3   179   126    3180    (-,-) 
  g16744__6131/Y            -       B0->Y  F     AOI21XL        1  3.5    83    43    3222    (-,-) 
  g16732/Y                  -       A->Y   R     INVX1          2  7.6    94    72    3295    (-,-) 
  g16730__2398/Y            -       A->Y   F     NAND2X1        3  7.7    77    49    3344    (-,-) 
  queue_count_q_reg[7][1]/D -       -      F     SDFFRHQX1      3    -     -     0    3344    (-,-) 
#---------------------------------------------------------------------------------------------------



Path 2: MET (6208 ps) Setup Check with Pin queue_count_q_reg[15][1]/CK->SI
          Group: clk
     Startpoint: (R) rr_ptr_q_reg[0]/CK
          Clock: (R) clk
       Endpoint: (F) queue_count_q_reg[15][1]/SI
          Clock: (R) clk

                     Capture       Launch     
        Clock Edge:+   10000            0     
       Src Latency:+       0            0     
       Net Latency:+       0 (I)        0 (I) 
           Arrival:=   10000            0     
                                              
             Setup:-     475                  
     Required Time:=    9525                  
      Launch Clock:-       0                  
         Data Path:-    3317                  
             Slack:=    6208                  

#-----------------------------------------------------------------------------------------------------
#        Timing Point         Flags    Arc   Edge   Cell     Fanout Load Trans Delay Arrival Instance 
#                                                                   (fF)  (ps)  (ps)   (ps)  Location 
#-----------------------------------------------------------------------------------------------------
  rr_ptr_q_reg[0]/CK          -       -      R     (arrival)     89    -     0     0       0    (-,-) 
  rr_ptr_q_reg[0]/QN          -       CK->QN F     SDFFRX1        5 20.2   132   413     413    (-,-) 
  g17143/Y                    -       A->Y   R     INVX1          9 34.5   309   208     622    (-,-) 
  g17117__4319/Y              -       B->Y   F     NAND2X1       18 56.2   298   213     835    (-,-) 
  g17021__1617/Y              -       A0N->Y F     AOI2BB1X1      1  3.4    66   221    1056    (-,-) 
  g16948__6783/Y              -       C0->Y  R     OAI221XL       4 16.0   499   156    1212    (-,-) 
  g16912__7482/Y              -       B0->Y  F     AOI22X1        1  4.1   200    93    1305    (-,-) 
  g16889__1666/Y              -       A->Y   R     NAND2X1        4 17.5   197   154    1459    (-,-) 
  g16872__2802/Y              -       A->Y   F     NOR3X1         3 12.6   106    74    1534    (-,-) 
  g16869__8428/Y              -       A->Y   F     AND4X2         5 20.8    82   154    1688    (-,-) 
  g16859__5477/Y              -       B->Y   R     NAND3BX1       4 16.7   208   133    1820    (-,-) 
  g16850__9315/Y              -       A->Y   F     NOR4X1         4 14.2   134    85    1905    (-,-) 
  g16846__5115/Y              -       AN->Y  F     NOR2BXL        2  7.2   115   143    2049    (-,-) 
  g16829__1666/Y              -       B0->Y  R     AOI221XL       1  3.4   254   224    2272    (-,-) 
  g16824__2883/Y              -       C0->Y  F     OAI221XL       1  3.6   116    94    2366    (-,-) 
  g16820__7482/Y              -       B0->Y  R     AOI211XL       1  3.1   202   136    2502    (-,-) 
  g16816__8246/Y              -       B0->Y  F     OAI21XL        1  3.6    87    69    2570    (-,-) 
  g16808__1617/Y              -       B0->Y  R     AOI211XL       1  4.9   238   151    2721    (-,-) 
  g16796__8428/Y              -       A->Y   F     NAND3X1        4 13.9   131    92    2812    (-,-) 
  g16794/Y                    -       A->Y   R     INVX1          3 12.1   133   104    2916    (-,-) 
  g16792__2398/Y              -       A->Y   F     NOR2X1         4 16.3   106    76    2992    (-,-) 
  g16777__8246/Y              -       A->Y   R     NAND2X1        2  9.1   123    90    3082    (-,-) 
  g16769__5477/Y              -       A->Y   F     NOR2X1         3 11.5    99    60    3142    (-,-) 
  g16743__2802/Y              -       B0->Y  R     AOI21X1        2  7.6   171   123    3266    (-,-) 
  g16731__5107/Y              -       A->Y   F     NOR2X1         3  8.1    69    51    3317    (-,-) 
  queue_count_q_reg[15][1]/SI -       -      F     SDFFRHQX1      3    -     -     0    3317    (-,-) 
#-----------------------------------------------------------------------------------------------------



Path 3: MET (6213 ps) Setup Check with Pin queue_count_q_reg[7][1]/CK->SI
          Group: clk
     Startpoint: (R) rr_ptr_q_reg[0]/CK
          Clock: (R) clk
       Endpoint: (F) queue_count_q_reg[7][1]/SI
          Clock: (R) clk

                     Capture       Launch     
        Clock Edge:+   10000            0     
       Src Latency:+       0            0     
       Net Latency:+       0 (I)        0 (I) 
           Arrival:=   10000            0     
                                              
             Setup:-     471                  
     Required Time:=    9529                  
      Launch Clock:-       0                  
         Data Path:-    3316                  
             Slack:=    6213                  

#----------------------------------------------------------------------------------------------------
#       Timing Point         Flags    Arc   Edge   Cell     Fanout Load Trans Delay Arrival Instance 
#                                                                  (fF)  (ps)  (ps)   (ps)  Location 
#----------------------------------------------------------------------------------------------------
  rr_ptr_q_reg[0]/CK         -       -      R     (arrival)     89    -     0     0       0    (-,-) 
  rr_ptr_q_reg[0]/QN         -       CK->QN F     SDFFRX1        5 20.2   132   413     413    (-,-) 
  g17143/Y                   -       A->Y   R     INVX1          9 34.5   309   208     622    (-,-) 
  g17117__4319/Y             -       B->Y   F     NAND2X1       18 56.2   298   213     835    (-,-) 
  g17021__1617/Y             -       A0N->Y F     AOI2BB1X1      1  3.4    66   221    1056    (-,-) 
  g16948__6783/Y             -       C0->Y  R     OAI221XL       4 16.0   499   156    1212    (-,-) 
  g16912__7482/Y             -       B0->Y  F     AOI22X1        1  4.1   200    93    1305    (-,-) 
  g16889__1666/Y             -       A->Y   R     NAND2X1        4 17.5   197   154    1459    (-,-) 
  g16872__2802/Y             -       A->Y   F     NOR3X1         3 12.6   106    74    1534    (-,-) 
  g16869__8428/Y             -       A->Y   F     AND4X2         5 20.8    82   154    1688    (-,-) 
  g16859__5477/Y             -       B->Y   R     NAND3BX1       4 16.7   208   133    1820    (-,-) 
  g16850__9315/Y             -       A->Y   F     NOR4X1         4 14.2   134    85    1905    (-,-) 
  g16846__5115/Y             -       AN->Y  F     NOR2BXL        2  7.2   115   143    2049    (-,-) 
  g16829__1666/Y             -       B0->Y  R     AOI221XL       1  3.4   254   224    2272    (-,-) 
  g16824__2883/Y             -       C0->Y  F     OAI221XL       1  3.6   116    94    2366    (-,-) 
  g16820__7482/Y             -       B0->Y  R     AOI211XL       1  3.1   202   136    2502    (-,-) 
  g16816__8246/Y             -       B0->Y  F     OAI21XL        1  3.6    87    69    2570    (-,-) 
  g16808__1617/Y             -       B0->Y  R     AOI211XL       1  4.9   238   151    2721    (-,-) 
  g16796__8428/Y             -       A->Y   F     NAND3X1        4 13.9   131    92    2812    (-,-) 
  g16790__5107/Y             -       A->Y   R     NOR2X1         4 16.3   251   173    2986    (-,-) 
  g16788__6417/Y             -       A->Y   F     NAND2X1        3 11.0   103    68    3053    (-,-) 
  g16744__6131/Y             -       A0->Y  R     AOI21XL        1  3.5   142   119    3172    (-,-) 
  g16732/Y                   -       A->Y   F     INVX1          2  7.6    60    43    3215    (-,-) 
  g16730__2398/Y             -       A->Y   R     NAND2X1        3  7.7   112    73    3288    (-,-) 
  g16695/Y                   -       A->Y   F     INVXL          1  2.1    40    28    3316    (-,-) 
  queue_count_q_reg[7][1]/SI -       -      F     SDFFRHQX1      1    -     -     0    3316    (-,-) 
#----------------------------------------------------------------------------------------------------



Path 4: MET (6216 ps) Setup Check with Pin queue_count_q_reg[7][1]/CK->SE
          Group: clk
     Startpoint: (R) rr_ptr_q_reg[0]/CK
          Clock: (R) clk
       Endpoint: (R) queue_count_q_reg[7][1]/SE
          Clock: (R) clk

                     Capture       Launch     
        Clock Edge:+   10000            0     
       Src Latency:+       0            0     
       Net Latency:+       0 (I)        0 (I) 
           Arrival:=   10000            0     
                                              
             Setup:-     479                  
     Required Time:=    9521                  
      Launch Clock:-       0                  
         Data Path:-    3305                  
             Slack:=    6216                  

#----------------------------------------------------------------------------------------------------
#       Timing Point         Flags    Arc   Edge   Cell     Fanout Load Trans Delay Arrival Instance 
#                                                                  (fF)  (ps)  (ps)   (ps)  Location 
#----------------------------------------------------------------------------------------------------
  rr_ptr_q_reg[0]/CK         -       -      R     (arrival)     89    -     0     0       0    (-,-) 
  rr_ptr_q_reg[0]/QN         -       CK->QN F     SDFFRX1        5 20.2   132   413     413    (-,-) 
  g17143/Y                   -       A->Y   R     INVX1          9 34.5   309   208     622    (-,-) 
  g17117__4319/Y             -       B->Y   F     NAND2X1       18 56.2   298   213     835    (-,-) 
  g17021__1617/Y             -       A0N->Y F     AOI2BB1X1      1  3.4    66   221    1056    (-,-) 
  g16948__6783/Y             -       C0->Y  R     OAI221XL       4 16.0   499   156    1212    (-,-) 
  g16912__7482/Y             -       B0->Y  F     AOI22X1        1  4.1   200    93    1305    (-,-) 
  g16889__1666/Y             -       A->Y   R     NAND2X1        4 17.5   197   154    1459    (-,-) 
  g16872__2802/Y             -       A->Y   F     NOR3X1         3 12.6   106    74    1534    (-,-) 
  g16869__8428/Y             -       A->Y   F     AND4X2         5 20.8    82   154    1688    (-,-) 
  g16859__5477/Y             -       B->Y   R     NAND3BX1       4 16.7   208   133    1820    (-,-) 
  g16850__9315/Y             -       A->Y   F     NOR4X1         4 14.2   134    85    1905    (-,-) 
  g16846__5115/Y             -       AN->Y  F     NOR2BXL        2  7.2   115   143    2049    (-,-) 
  g16829__1666/Y             -       B0->Y  R     AOI221XL       1  3.4   254   224    2272    (-,-) 
  g16824__2883/Y             -       C0->Y  F     OAI221XL       1  3.6   116    94    2366    (-,-) 
  g16820__7482/Y             -       B0->Y  R     AOI211XL       1  3.1   202   136    2502    (-,-) 
  g16816__8246/Y             -       B0->Y  F     OAI21XL        1  3.6    87    69    2570    (-,-) 
  g16808__1617/Y             -       B0->Y  R     AOI211XL       1  4.9   238   151    2721    (-,-) 
  g16796__8428/Y             -       A->Y   F     NAND3X1        4 13.9   131    92    2812    (-,-) 
  g16790__5107/Y             -       A->Y   R     NOR2X1         4 16.3   251   173    2986    (-,-) 
  g16788__6417/Y             -       A->Y   F     NAND2X1        3 11.0   103    68    3053    (-,-) 
  g16764__3680/Y             -       A->Y   R     NOR2X1         3 10.3   179   126    3180    (-,-) 
  g16729__5526/Y             -       A1N->Y R     OAI2BB2X1      1  4.4   152   126    3305    (-,-) 
  queue_count_q_reg[7][1]/SE -       -      R     SDFFRHQX1      1    -     -     0    3305    (-,-) 
#----------------------------------------------------------------------------------------------------



Path 5: MET (6238 ps) Setup Check with Pin queue_count_q_reg[15][1]/CK->D
          Group: clk
     Startpoint: (R) rr_ptr_q_reg[0]/CK
          Clock: (R) clk
       Endpoint: (F) queue_count_q_reg[15][1]/D
          Clock: (R) clk

                     Capture       Launch     
        Clock Edge:+   10000            0     
       Src Latency:+       0            0     
       Net Latency:+       0 (I)        0 (I) 
           Arrival:=   10000            0     
                                              
             Setup:-     449                  
     Required Time:=    9551                  
      Launch Clock:-       0                  
         Data Path:-    3313                  
             Slack:=    6238                  

#----------------------------------------------------------------------------------------------------
#       Timing Point         Flags    Arc   Edge   Cell     Fanout Load Trans Delay Arrival Instance 
#                                                                  (fF)  (ps)  (ps)   (ps)  Location 
#----------------------------------------------------------------------------------------------------
  rr_ptr_q_reg[0]/CK         -       -      R     (arrival)     89    -     0     0       0    (-,-) 
  rr_ptr_q_reg[0]/QN         -       CK->QN R     SDFFRX1        5 20.2   196   350     350    (-,-) 
  g17143/Y                   -       A->Y   F     INVX1          9 34.5   169   130     480    (-,-) 
  g17088__6260/Y             -       A->Y   R     NAND2X1       16 56.9   513   326     806    (-,-) 
  g17059__8246/Y             -       A->Y   F     NOR2XL         1  4.1   115    41     847    (-,-) 
  g17013__7098/Y             -       B0->Y  R     AOI2BB1X1      1  3.4   103    91     938    (-,-) 
  g16942__7410/Y             -       C0->Y  F     OAI221XL       4 16.7   236   139    1077    (-,-) 
  g16913__6260/Y             -       B0->Y  R     AOI22X1        1  3.8   176   157    1234    (-,-) 
  g16897__7098/Y             -       B->Y   F     NAND2X1        3 11.9    95    65    1299    (-,-) 
  g16872__2802/Y             -       C->Y   R     NOR3X1         3 12.6   283   215    1514    (-,-) 
  g16869__8428/Y             -       A->Y   R     AND4X2         5 20.8   124   180    1693    (-,-) 
  g16859__5477/Y             -       B->Y   F     NAND3BX1       4 16.7   141    98    1792    (-,-) 
  g16850__9315/Y             -       A->Y   R     NOR4X1         4 14.2   369   214    2005    (-,-) 
  g16847__8246/Y             -       B->Y   F     NAND4BXL       2  8.8   165   116    2121    (-,-) 
  g16833__8428/Y             -       B0->Y  R     OAI22X1        1  3.5   200   147    2268    (-,-) 
  g16829__1666/Y             -       C0->Y  F     AOI221XL       1  3.4   126    54    2322    (-,-) 
  g16824__2883/Y             -       C0->Y  R     OAI221XL       1  3.6   285    92    2414    (-,-) 
  g16820__7482/Y             -       B0->Y  F     AOI211XL       1  3.1   110    49    2464    (-,-) 
  g16816__8246/Y             -       B0->Y  R     OAI21XL        1  3.6   163    80    2543    (-,-) 
  g16808__1617/Y             -       B0->Y  F     AOI211XL       1  4.9    98    55    2599    (-,-) 
  g16796__8428/Y             -       A->Y   R     NAND3X1        4 13.9   178   112    2711    (-,-) 
  g16794/Y                   -       A->Y   F     INVX1          3 12.1    82    60    2770    (-,-) 
  g16792__2398/Y             -       A->Y   R     NOR2X1         4 16.3   249   162    2933    (-,-) 
  g16777__8246/Y             -       A->Y   F     NAND2X1        2  9.1    94    59    2992    (-,-) 
  g16769__5477/Y             -       A->Y   R     NOR2X1         3 11.5   193   132    3124    (-,-) 
  g16743__2802/Y             -       B0->Y  F     AOI21X1        2  7.6    92    53    3178    (-,-) 
  g16731__5107/Y             -       A->Y   R     NOR2X1         3  8.1   153   109    3286    (-,-) 
  g16696/Y                   -       A->Y   F     INVXL          1  1.9    44    26    3313    (-,-) 
  queue_count_q_reg[15][1]/D -       -      F     SDFFRHQX1      1    -     -     0    3313    (-,-) 
#----------------------------------------------------------------------------------------------------



Path 6: MET (6256 ps) Setup Check with Pin queue_count_q_reg[12][0]/CK->SE
          Group: clk
     Startpoint: (R) rr_ptr_q_reg[0]/CK
          Clock: (R) clk
       Endpoint: (R) queue_count_q_reg[12][0]/SE
          Clock: (R) clk

                     Capture       Launch     
        Clock Edge:+   10000            0     
       Src Latency:+       0            0     
       Net Latency:+       0 (I)        0 (I) 
           Arrival:=   10000            0     
                                              
             Setup:-     479                  
     Required Time:=    9521                  
      Launch Clock:-       0                  
         Data Path:-    3266                  
             Slack:=    6256                  

#-----------------------------------------------------------------------------------------------------
#        Timing Point         Flags    Arc   Edge   Cell     Fanout Load Trans Delay Arrival Instance 
#                                                                   (fF)  (ps)  (ps)   (ps)  Location 
#-----------------------------------------------------------------------------------------------------
  rr_ptr_q_reg[0]/CK          -       -      R     (arrival)     89    -     0     0       0    (-,-) 
  rr_ptr_q_reg[0]/QN          -       CK->QN F     SDFFRX1        5 20.2   132   413     413    (-,-) 
  g17143/Y                    -       A->Y   R     INVX1          9 34.5   309   208     622    (-,-) 
  g17117__4319/Y              -       B->Y   F     NAND2X1       18 56.2   298   213     835    (-,-) 
  g17021__1617/Y              -       A0N->Y F     AOI2BB1X1      1  3.4    66   221    1056    (-,-) 
  g16948__6783/Y              -       C0->Y  R     OAI221XL       4 16.0   499   156    1212    (-,-) 
  g16912__7482/Y              -       B0->Y  F     AOI22X1        1  4.1   200    93    1305    (-,-) 
  g16889__1666/Y              -       A->Y   R     NAND2X1        4 17.5   197   154    1459    (-,-) 
  g16872__2802/Y              -       A->Y   F     NOR3X1         3 12.6   106    74    1534    (-,-) 
  g16869__8428/Y              -       A->Y   F     AND4X2         5 20.8    82   154    1688    (-,-) 
  g16859__5477/Y              -       B->Y   R     NAND3BX1       4 16.7   208   133    1820    (-,-) 
  g16850__9315/Y              -       A->Y   F     NOR4X1         4 14.2   134    85    1905    (-,-) 
  g16846__5115/Y              -       AN->Y  F     NOR2BXL        2  7.2   115   143    2049    (-,-) 
  g16829__1666/Y              -       B0->Y  R     AOI221XL       1  3.4   254   224    2272    (-,-) 
  g16824__2883/Y              -       C0->Y  F     OAI221XL       1  3.6   116    94    2366    (-,-) 
  g16820__7482/Y              -       B0->Y  R     AOI211XL       1  3.1   202   136    2502    (-,-) 
  g16816__8246/Y              -       B0->Y  F     OAI21XL        1  3.6    87    69    2570    (-,-) 
  g16808__1617/Y              -       B0->Y  R     AOI211XL       1  4.9   238   151    2721    (-,-) 
  g16796__8428/Y              -       A->Y   F     NAND3X1        4 13.9   131    92    2812    (-,-) 
  g16794/Y                    -       A->Y   R     INVX1          3 12.1   133   104    2916    (-,-) 
  g16792__2398/Y              -       A->Y   F     NOR2X1         4 16.3   106    76    2992    (-,-) 
  g16781__5122/Y              -       A->Y   R     NAND2X1        2  9.1   128    90    3082    (-,-) 
  g16759__1666/Y              -       A->Y   F     NOR2X1         3 11.3    98    60    3142    (-,-) 
  g16738__6783/Y              -       B0->Y  R     AOI21X1        2  7.7   172   124    3266    (-,-) 
  queue_count_q_reg[12][0]/SE -       -      R     SDFFRHQX1      2    -     -     0    3266    (-,-) 
#-----------------------------------------------------------------------------------------------------



Path 7: MET (6256 ps) Setup Check with Pin queue_count_q_reg[13][0]/CK->SE
          Group: clk
     Startpoint: (R) rr_ptr_q_reg[0]/CK
          Clock: (R) clk
       Endpoint: (R) queue_count_q_reg[13][0]/SE
          Clock: (R) clk

                     Capture       Launch     
        Clock Edge:+   10000            0     
       Src Latency:+       0            0     
       Net Latency:+       0 (I)        0 (I) 
           Arrival:=   10000            0     
                                              
             Setup:-     479                  
     Required Time:=    9521                  
      Launch Clock:-       0                  
         Data Path:-    3266                  
             Slack:=    6256                  

#-----------------------------------------------------------------------------------------------------
#        Timing Point         Flags    Arc   Edge   Cell     Fanout Load Trans Delay Arrival Instance 
#                                                                   (fF)  (ps)  (ps)   (ps)  Location 
#-----------------------------------------------------------------------------------------------------
  rr_ptr_q_reg[0]/CK          -       -      R     (arrival)     89    -     0     0       0    (-,-) 
  rr_ptr_q_reg[0]/QN          -       CK->QN F     SDFFRX1        5 20.2   132   413     413    (-,-) 
  g17143/Y                    -       A->Y   R     INVX1          9 34.5   309   208     622    (-,-) 
  g17117__4319/Y              -       B->Y   F     NAND2X1       18 56.2   298   213     835    (-,-) 
  g17021__1617/Y              -       A0N->Y F     AOI2BB1X1      1  3.4    66   221    1056    (-,-) 
  g16948__6783/Y              -       C0->Y  R     OAI221XL       4 16.0   499   156    1212    (-,-) 
  g16912__7482/Y              -       B0->Y  F     AOI22X1        1  4.1   200    93    1305    (-,-) 
  g16889__1666/Y              -       A->Y   R     NAND2X1        4 17.5   197   154    1459    (-,-) 
  g16872__2802/Y              -       A->Y   F     NOR3X1         3 12.6   106    74    1534    (-,-) 
  g16869__8428/Y              -       A->Y   F     AND4X2         5 20.8    82   154    1688    (-,-) 
  g16859__5477/Y              -       B->Y   R     NAND3BX1       4 16.7   208   133    1820    (-,-) 
  g16850__9315/Y              -       A->Y   F     NOR4X1         4 14.2   134    85    1905    (-,-) 
  g16846__5115/Y              -       AN->Y  F     NOR2BXL        2  7.2   115   143    2049    (-,-) 
  g16829__1666/Y              -       B0->Y  R     AOI221XL       1  3.4   254   224    2272    (-,-) 
  g16824__2883/Y              -       C0->Y  F     OAI221XL       1  3.6   116    94    2366    (-,-) 
  g16820__7482/Y              -       B0->Y  R     AOI211XL       1  3.1   202   136    2502    (-,-) 
  g16816__8246/Y              -       B0->Y  F     OAI21XL        1  3.6    87    69    2570    (-,-) 
  g16808__1617/Y              -       B0->Y  R     AOI211XL       1  4.9   238   151    2721    (-,-) 
  g16796__8428/Y              -       A->Y   F     NAND3X1        4 13.9   131    92    2812    (-,-) 
  g16794/Y                    -       A->Y   R     INVX1          3 12.1   133   104    2916    (-,-) 
  g16792__2398/Y              -       A->Y   F     NOR2X1         4 16.3   106    76    2992    (-,-) 
  g16786__7482/Y              -       A->Y   R     NAND2X1        2  9.1   128    90    3082    (-,-) 
  g16760__2398/Y              -       A->Y   F     NOR2X1         3 11.3    98    60    3142    (-,-) 
  g16751__5122/Y              -       B0->Y  R     AOI21X1        2  7.7   172   124    3266    (-,-) 
  queue_count_q_reg[13][0]/SE -       -      R     SDFFRHQX1      2    -     -     0    3266    (-,-) 
#-----------------------------------------------------------------------------------------------------



Path 8: MET (6260 ps) Setup Check with Pin queue_count_q_reg[14][0]/CK->SE
          Group: clk
     Startpoint: (R) rr_ptr_q_reg[0]/CK
          Clock: (R) clk
       Endpoint: (R) queue_count_q_reg[14][0]/SE
          Clock: (R) clk

                     Capture       Launch     
        Clock Edge:+   10000            0     
       Src Latency:+       0            0     
       Net Latency:+       0 (I)        0 (I) 
           Arrival:=   10000            0     
                                              
             Setup:-     479                  
     Required Time:=    9521                  
      Launch Clock:-       0                  
         Data Path:-    3262                  
             Slack:=    6260                  

#-----------------------------------------------------------------------------------------------------
#        Timing Point         Flags    Arc   Edge   Cell     Fanout Load Trans Delay Arrival Instance 
#                                                                   (fF)  (ps)  (ps)   (ps)  Location 
#-----------------------------------------------------------------------------------------------------
  rr_ptr_q_reg[0]/CK          -       -      R     (arrival)     89    -     0     0       0    (-,-) 
  rr_ptr_q_reg[0]/QN          -       CK->QN F     SDFFRX1        5 20.2   132   413     413    (-,-) 
  g17143/Y                    -       A->Y   R     INVX1          9 34.5   309   208     622    (-,-) 
  g17117__4319/Y              -       B->Y   F     NAND2X1       18 56.2   298   213     835    (-,-) 
  g17021__1617/Y              -       A0N->Y F     AOI2BB1X1      1  3.4    66   221    1056    (-,-) 
  g16948__6783/Y              -       C0->Y  R     OAI221XL       4 16.0   499   156    1212    (-,-) 
  g16912__7482/Y              -       B0->Y  F     AOI22X1        1  4.1   200    93    1305    (-,-) 
  g16889__1666/Y              -       A->Y   R     NAND2X1        4 17.5   197   154    1459    (-,-) 
  g16872__2802/Y              -       A->Y   F     NOR3X1         3 12.6   106    74    1534    (-,-) 
  g16869__8428/Y              -       A->Y   F     AND4X2         5 20.8    82   154    1688    (-,-) 
  g16859__5477/Y              -       B->Y   R     NAND3BX1       4 16.7   208   133    1820    (-,-) 
  g16850__9315/Y              -       A->Y   F     NOR4X1         4 14.2   134    85    1905    (-,-) 
  g16846__5115/Y              -       AN->Y  F     NOR2BXL        2  7.2   115   143    2049    (-,-) 
  g16829__1666/Y              -       B0->Y  R     AOI221XL       1  3.4   254   224    2272    (-,-) 
  g16824__2883/Y              -       C0->Y  F     OAI221XL       1  3.6   116    94    2366    (-,-) 
  g16820__7482/Y              -       B0->Y  R     AOI211XL       1  3.1   202   136    2502    (-,-) 
  g16816__8246/Y              -       B0->Y  F     OAI21XL        1  3.6    87    69    2570    (-,-) 
  g16808__1617/Y              -       B0->Y  R     AOI211XL       1  4.9   238   151    2721    (-,-) 
  g16796__8428/Y              -       A->Y   F     NAND3X1        4 13.9   131    92    2812    (-,-) 
  g16794/Y                    -       A->Y   R     INVX1          3 12.1   133   104    2916    (-,-) 
  g16792__2398/Y              -       A->Y   F     NOR2X1         4 16.3   106    76    2992    (-,-) 
  g16784__6131/Y              -       B->Y   R     NAND2BX1       2  9.1   127   100    3092    (-,-) 
  g16767__7410/Y              -       A->Y   F     NOR2X1         2  8.0    85    50    3141    (-,-) 
  g16746__1705/Y              -       B0->Y  R     AOI21X1        2  7.6   171   120    3262    (-,-) 
  queue_count_q_reg[14][0]/SE -       -      R     SDFFRHQX1      2    -     -     0    3262    (-,-) 
#-----------------------------------------------------------------------------------------------------



Path 9: MET (6264 ps) Setup Check with Pin queue_count_q_reg[15][1]/CK->SE
          Group: clk
     Startpoint: (R) rr_ptr_q_reg[0]/CK
          Clock: (R) clk
       Endpoint: (R) queue_count_q_reg[15][1]/SE
          Clock: (R) clk

                     Capture       Launch     
        Clock Edge:+   10000            0     
       Src Latency:+       0            0     
       Net Latency:+       0 (I)        0 (I) 
           Arrival:=   10000            0     
                                              
             Setup:-     479                  
     Required Time:=    9521                  
      Launch Clock:-       0                  
         Data Path:-    3256                  
             Slack:=    6264                  

#-----------------------------------------------------------------------------------------------------
#        Timing Point         Flags    Arc   Edge   Cell     Fanout Load Trans Delay Arrival Instance 
#                                                                   (fF)  (ps)  (ps)   (ps)  Location 
#-----------------------------------------------------------------------------------------------------
  rr_ptr_q_reg[0]/CK          -       -      R     (arrival)     89    -     0     0       0    (-,-) 
  rr_ptr_q_reg[0]/QN          -       CK->QN F     SDFFRX1        5 20.2   132   413     413    (-,-) 
  g17143/Y                    -       A->Y   R     INVX1          9 34.5   309   208     622    (-,-) 
  g17117__4319/Y              -       B->Y   F     NAND2X1       18 56.2   298   213     835    (-,-) 
  g17021__1617/Y              -       A0N->Y F     AOI2BB1X1      1  3.4    66   221    1056    (-,-) 
  g16948__6783/Y              -       C0->Y  R     OAI221XL       4 16.0   499   156    1212    (-,-) 
  g16912__7482/Y              -       B0->Y  F     AOI22X1        1  4.1   200    93    1305    (-,-) 
  g16889__1666/Y              -       A->Y   R     NAND2X1        4 17.5   197   154    1459    (-,-) 
  g16872__2802/Y              -       A->Y   F     NOR3X1         3 12.6   106    74    1534    (-,-) 
  g16869__8428/Y              -       A->Y   F     AND4X2         5 20.8    82   154    1688    (-,-) 
  g16859__5477/Y              -       B->Y   R     NAND3BX1       4 16.7   208   133    1820    (-,-) 
  g16850__9315/Y              -       A->Y   F     NOR4X1         4 14.2   134    85    1905    (-,-) 
  g16846__5115/Y              -       AN->Y  F     NOR2BXL        2  7.2   115   143    2049    (-,-) 
  g16829__1666/Y              -       B0->Y  R     AOI221XL       1  3.4   254   224    2272    (-,-) 
  g16824__2883/Y              -       C0->Y  F     OAI221XL       1  3.6   116    94    2366    (-,-) 
  g16820__7482/Y              -       B0->Y  R     AOI211XL       1  3.1   202   136    2502    (-,-) 
  g16816__8246/Y              -       B0->Y  F     OAI21XL        1  3.6    87    69    2570    (-,-) 
  g16808__1617/Y              -       B0->Y  R     AOI211XL       1  4.9   238   151    2721    (-,-) 
  g16796__8428/Y              -       A->Y   F     NAND3X1        4 13.9   131    92    2812    (-,-) 
  g16794/Y                    -       A->Y   R     INVX1          3 12.1   133   104    2916    (-,-) 
  g16792__2398/Y              -       A->Y   F     NOR2X1         4 16.3   106    76    2992    (-,-) 
  g16777__8246/Y              -       A->Y   R     NAND2X1        2  9.1   123    90    3082    (-,-) 
  g16769__5477/Y              -       A->Y   F     NOR2X1         3 11.5    99    60    3142    (-,-) 
  g16728__8428/Y              -       B0->Y  R     OAI2BB2X1      1  4.4   152   114    3256    (-,-) 
  queue_count_q_reg[15][1]/SE -       -      R     SDFFRHQX1      1    -     -     0    3256    (-,-) 
#-----------------------------------------------------------------------------------------------------



Path 10: MET (6316 ps) Setup Check with Pin queue_count_q_reg[4][0]/CK->SE
          Group: clk
     Startpoint: (R) rr_ptr_q_reg[0]/CK
          Clock: (R) clk
       Endpoint: (F) queue_count_q_reg[4][0]/SE
          Clock: (R) clk

                     Capture       Launch     
        Clock Edge:+   10000            0     
       Src Latency:+       0            0     
       Net Latency:+       0 (I)        0 (I) 
           Arrival:=   10000            0     
                                              
             Setup:-     455                  
     Required Time:=    9545                  
      Launch Clock:-       0                  
         Data Path:-    3230                  
             Slack:=    6316                  

#----------------------------------------------------------------------------------------------------
#       Timing Point         Flags    Arc   Edge   Cell     Fanout Load Trans Delay Arrival Instance 
#                                                                  (fF)  (ps)  (ps)   (ps)  Location 
#----------------------------------------------------------------------------------------------------
  rr_ptr_q_reg[0]/CK         -       -      R     (arrival)     89    -     0     0       0    (-,-) 
  rr_ptr_q_reg[0]/QN         -       CK->QN F     SDFFRX1        5 20.2   132   413     413    (-,-) 
  g17143/Y                   -       A->Y   R     INVX1          9 34.5   309   208     622    (-,-) 
  g17117__4319/Y             -       B->Y   F     NAND2X1       18 56.2   298   213     835    (-,-) 
  g17021__1617/Y             -       A0N->Y F     AOI2BB1X1      1  3.4    66   221    1056    (-,-) 
  g16948__6783/Y             -       C0->Y  R     OAI221XL       4 16.0   499   156    1212    (-,-) 
  g16912__7482/Y             -       B0->Y  F     AOI22X1        1  4.1   200    93    1305    (-,-) 
  g16889__1666/Y             -       A->Y   R     NAND2X1        4 17.5   197   154    1459    (-,-) 
  g16872__2802/Y             -       A->Y   F     NOR3X1         3 12.6   106    74    1534    (-,-) 
  g16869__8428/Y             -       A->Y   F     AND4X2         5 20.8    82   154    1688    (-,-) 
  g16859__5477/Y             -       B->Y   R     NAND3BX1       4 16.7   208   133    1820    (-,-) 
  g16850__9315/Y             -       A->Y   F     NOR4X1         4 14.2   134    85    1905    (-,-) 
  g16846__5115/Y             -       AN->Y  F     NOR2BXL        2  7.2   115   143    2049    (-,-) 
  g16829__1666/Y             -       B0->Y  R     AOI221XL       1  3.4   254   224    2272    (-,-) 
  g16824__2883/Y             -       C0->Y  F     OAI221XL       1  3.6   116    94    2366    (-,-) 
  g16820__7482/Y             -       B0->Y  R     AOI211XL       1  3.1   202   136    2502    (-,-) 
  g16816__8246/Y             -       B0->Y  F     OAI21XL        1  3.6    87    69    2570    (-,-) 
  g16808__1617/Y             -       B0->Y  R     AOI211XL       1  4.9   238   151    2721    (-,-) 
  g16796__8428/Y             -       A->Y   F     NAND3X1        4 13.9   131    92    2812    (-,-) 
  g16790__5107/Y             -       A->Y   R     NOR2X1         4 16.3   251   173    2986    (-,-) 
  g16772__7410/Y             -       A->Y   F     NAND2X1        2  9.1    94    59    3045    (-,-) 
  g16755__8428/Y             -       A->Y   R     NOR2X1         3 11.3   191   131    3176    (-,-) 
  g16737__5115/Y             -       B0->Y  F     AOI21X1        2  7.7    93    54    3230    (-,-) 
  queue_count_q_reg[4][0]/SE -       -      F     SDFFRHQX1      2    -     -     0    3230    (-,-) 
#----------------------------------------------------------------------------------------------------



Path 11: MET (6316 ps) Setup Check with Pin queue_count_q_reg[5][0]/CK->SE
          Group: clk
     Startpoint: (R) rr_ptr_q_reg[0]/CK
          Clock: (R) clk
       Endpoint: (F) queue_count_q_reg[5][0]/SE
          Clock: (R) clk

                     Capture       Launch     
        Clock Edge:+   10000            0     
       Src Latency:+       0            0     
       Net Latency:+       0 (I)        0 (I) 
           Arrival:=   10000            0     
                                              
             Setup:-     455                  
     Required Time:=    9545                  
      Launch Clock:-       0                  
         Data Path:-    3230                  
             Slack:=    6316                  

#----------------------------------------------------------------------------------------------------
#       Timing Point         Flags    Arc   Edge   Cell     Fanout Load Trans Delay Arrival Instance 
#                                                                  (fF)  (ps)  (ps)   (ps)  Location 
#----------------------------------------------------------------------------------------------------
  rr_ptr_q_reg[0]/CK         -       -      R     (arrival)     89    -     0     0       0    (-,-) 
  rr_ptr_q_reg[0]/QN         -       CK->QN F     SDFFRX1        5 20.2   132   413     413    (-,-) 
  g17143/Y                   -       A->Y   R     INVX1          9 34.5   309   208     622    (-,-) 
  g17117__4319/Y             -       B->Y   F     NAND2X1       18 56.2   298   213     835    (-,-) 
  g17021__1617/Y             -       A0N->Y F     AOI2BB1X1      1  3.4    66   221    1056    (-,-) 
  g16948__6783/Y             -       C0->Y  R     OAI221XL       4 16.0   499   156    1212    (-,-) 
  g16912__7482/Y             -       B0->Y  F     AOI22X1        1  4.1   200    93    1305    (-,-) 
  g16889__1666/Y             -       A->Y   R     NAND2X1        4 17.5   197   154    1459    (-,-) 
  g16872__2802/Y             -       A->Y   F     NOR3X1         3 12.6   106    74    1534    (-,-) 
  g16869__8428/Y             -       A->Y   F     AND4X2         5 20.8    82   154    1688    (-,-) 
  g16859__5477/Y             -       B->Y   R     NAND3BX1       4 16.7   208   133    1820    (-,-) 
  g16850__9315/Y             -       A->Y   F     NOR4X1         4 14.2   134    85    1905    (-,-) 
  g16846__5115/Y             -       AN->Y  F     NOR2BXL        2  7.2   115   143    2049    (-,-) 
  g16829__1666/Y             -       B0->Y  R     AOI221XL       1  3.4   254   224    2272    (-,-) 
  g16824__2883/Y             -       C0->Y  F     OAI221XL       1  3.6   116    94    2366    (-,-) 
  g16820__7482/Y             -       B0->Y  R     AOI211XL       1  3.1   202   136    2502    (-,-) 
  g16816__8246/Y             -       B0->Y  F     OAI21XL        1  3.6    87    69    2570    (-,-) 
  g16808__1617/Y             -       B0->Y  R     AOI211XL       1  4.9   238   151    2721    (-,-) 
  g16796__8428/Y             -       A->Y   F     NAND3X1        4 13.9   131    92    2812    (-,-) 
  g16790__5107/Y             -       A->Y   R     NOR2X1         4 16.3   251   173    2986    (-,-) 
  g16771__2883/Y             -       A->Y   F     NAND2X1        2  9.1    94    59    3045    (-,-) 
  g16756__4319/Y             -       A->Y   R     NOR2X1         3 11.3   191   131    3176    (-,-) 
  g16734__1881/Y             -       B0->Y  F     AOI21X1        2  7.7    93    54    3230    (-,-) 
  queue_count_q_reg[5][0]/SE -       -      F     SDFFRHQX1      2    -     -     0    3230    (-,-) 
#----------------------------------------------------------------------------------------------------



Path 12: MET (6319 ps) Setup Check with Pin queue_count_q_reg[14][1]/CK->D
          Group: clk
     Startpoint: (R) rr_ptr_q_reg[0]/CK
          Clock: (R) clk
       Endpoint: (F) queue_count_q_reg[14][1]/D
          Clock: (R) clk

                     Capture       Launch     
        Clock Edge:+   10000            0     
       Src Latency:+       0            0     
       Net Latency:+       0 (I)        0 (I) 
           Arrival:=   10000            0     
                                              
             Setup:-     218                  
     Required Time:=    9782                  
      Launch Clock:-       0                  
         Data Path:-    3463                  
             Slack:=    6319                  

#----------------------------------------------------------------------------------------------------
#       Timing Point         Flags    Arc   Edge   Cell     Fanout Load Trans Delay Arrival Instance 
#                                                                  (fF)  (ps)  (ps)   (ps)  Location 
#----------------------------------------------------------------------------------------------------
  rr_ptr_q_reg[0]/CK         -       -      R     (arrival)     89    -     0     0       0    (-,-) 
  rr_ptr_q_reg[0]/QN         -       CK->QN F     SDFFRX1        5 20.2   132   413     413    (-,-) 
  g17143/Y                   -       A->Y   R     INVX1          9 34.5   309   208     622    (-,-) 
  g17117__4319/Y             -       B->Y   F     NAND2X1       18 56.2   298   213     835    (-,-) 
  g17021__1617/Y             -       A0N->Y F     AOI2BB1X1      1  3.4    66   221    1056    (-,-) 
  g16948__6783/Y             -       C0->Y  R     OAI221XL       4 16.0   499   156    1212    (-,-) 
  g16912__7482/Y             -       B0->Y  F     AOI22X1        1  4.1   200    93    1305    (-,-) 
  g16889__1666/Y             -       A->Y   R     NAND2X1        4 17.5   197   154    1459    (-,-) 
  g16872__2802/Y             -       A->Y   F     NOR3X1         3 12.6   106    74    1534    (-,-) 
  g16869__8428/Y             -       A->Y   F     AND4X2         5 20.8    82   154    1688    (-,-) 
  g16859__5477/Y             -       B->Y   R     NAND3BX1       4 16.7   208   133    1820    (-,-) 
  g16850__9315/Y             -       A->Y   F     NOR4X1         4 14.2   134    85    1905    (-,-) 
  g16846__5115/Y             -       AN->Y  F     NOR2BXL        2  7.2   115   143    2049    (-,-) 
  g16829__1666/Y             -       B0->Y  R     AOI221XL       1  3.4   254   224    2272    (-,-) 
  g16824__2883/Y             -       C0->Y  F     OAI221XL       1  3.6   116    94    2366    (-,-) 
  g16820__7482/Y             -       B0->Y  R     AOI211XL       1  3.1   202   136    2502    (-,-) 
  g16816__8246/Y             -       B0->Y  F     OAI21XL        1  3.6    87    69    2570    (-,-) 
  g16808__1617/Y             -       B0->Y  R     AOI211XL       1  4.9   238   151    2721    (-,-) 
  g16796__8428/Y             -       A->Y   F     NAND3X1        4 13.9   131    92    2812    (-,-) 
  g16794/Y                   -       A->Y   R     INVX1          3 12.1   133   104    2916    (-,-) 
  g16792__2398/Y             -       A->Y   F     NOR2X1         4 16.3   106    76    2992    (-,-) 
  g16784__6131/Y             -       B->Y   R     NAND2BX1       2  9.1   127   100    3092    (-,-) 
  g16767__7410/Y             -       A->Y   F     NOR2X1         2  8.0    85    50    3141    (-,-) 
  g16746__1705/Y             -       B0->Y  R     AOI21X1        2  7.6   171   120    3262    (-,-) 
  g16727__1666/Y             -       B0->Y  F     AOI2BB1XL      1  4.4    69    52    3314    (-,-) 
  g16690__2398/Y             -       B0->Y  R     AOI22X1        1  2.7   146   123    3436    (-,-) 
  g16686/Y                   -       A->Y   F     INVXL          1  1.9    43    26    3463    (-,-) 
  queue_count_q_reg[14][1]/D -       -      F     DFFRHQX1       1    -     -     0    3463    (-,-) 
#----------------------------------------------------------------------------------------------------



Path 13: MET (6346 ps) Setup Check with Pin queue_count_q_reg[7][0]/CK->D
          Group: clk
     Startpoint: (R) rr_ptr_q_reg[0]/CK
          Clock: (R) clk
       Endpoint: (F) queue_count_q_reg[7][0]/D
          Clock: (R) clk

                     Capture       Launch     
        Clock Edge:+   10000            0     
       Src Latency:+       0            0     
       Net Latency:+       0 (I)        0 (I) 
           Arrival:=   10000            0     
                                              
             Setup:-     218                  
     Required Time:=    9782                  
      Launch Clock:-       0                  
         Data Path:-    3436                  
             Slack:=    6346                  

#---------------------------------------------------------------------------------------------------
#       Timing Point        Flags    Arc   Edge   Cell     Fanout Load Trans Delay Arrival Instance 
#                                                                 (fF)  (ps)  (ps)   (ps)  Location 
#---------------------------------------------------------------------------------------------------
  rr_ptr_q_reg[0]/CK        -       -      R     (arrival)     89    -     0     0       0    (-,-) 
  rr_ptr_q_reg[0]/QN        -       CK->QN F     SDFFRX1        5 20.2   132   413     413    (-,-) 
  g17143/Y                  -       A->Y   R     INVX1          9 34.5   309   208     622    (-,-) 
  g17117__4319/Y            -       B->Y   F     NAND2X1       18 56.2   298   213     835    (-,-) 
  g17021__1617/Y            -       A0N->Y F     AOI2BB1X1      1  3.4    66   221    1056    (-,-) 
  g16948__6783/Y            -       C0->Y  R     OAI221XL       4 16.0   499   156    1212    (-,-) 
  g16912__7482/Y            -       B0->Y  F     AOI22X1        1  4.1   200    93    1305    (-,-) 
  g16889__1666/Y            -       A->Y   R     NAND2X1        4 17.5   197   154    1459    (-,-) 
  g16872__2802/Y            -       A->Y   F     NOR3X1         3 12.6   106    74    1534    (-,-) 
  g16869__8428/Y            -       A->Y   F     AND4X2         5 20.8    82   154    1688    (-,-) 
  g16859__5477/Y            -       B->Y   R     NAND3BX1       4 16.7   208   133    1820    (-,-) 
  g16850__9315/Y            -       A->Y   F     NOR4X1         4 14.2   134    85    1905    (-,-) 
  g16846__5115/Y            -       AN->Y  F     NOR2BXL        2  7.2   115   143    2049    (-,-) 
  g16829__1666/Y            -       B0->Y  R     AOI221XL       1  3.4   254   224    2272    (-,-) 
  g16824__2883/Y            -       C0->Y  F     OAI221XL       1  3.6   116    94    2366    (-,-) 
  g16820__7482/Y            -       B0->Y  R     AOI211XL       1  3.1   202   136    2502    (-,-) 
  g16816__8246/Y            -       B0->Y  F     OAI21XL        1  3.6    87    69    2570    (-,-) 
  g16808__1617/Y            -       B0->Y  R     AOI211XL       1  4.9   238   151    2721    (-,-) 
  g16796__8428/Y            -       A->Y   F     NAND3X1        4 13.9   131    92    2812    (-,-) 
  g16790__5107/Y            -       A->Y   R     NOR2X1         4 16.3   251   173    2986    (-,-) 
  g16788__6417/Y            -       A->Y   F     NAND2X1        3 11.0   103    68    3053    (-,-) 
  g16764__3680/Y            -       A->Y   R     NOR2X1         3 10.3   179   126    3180    (-,-) 
  g16744__6131/Y            -       B0->Y  F     AOI21XL        1  3.5    83    43    3222    (-,-) 
  g16732/Y                  -       A->Y   R     INVX1          2  7.6    94    72    3295    (-,-) 
  g16730__2398/Y            -       A->Y   F     NAND2X1        3  7.7    77    49    3344    (-,-) 
  g16726__5122/Y            -       B0->Y  R     OAI21XL        1  2.7   147    66    3409    (-,-) 
  g16724/Y                  -       A->Y   F     INVXL          1  1.9    44    26    3436    (-,-) 
  queue_count_q_reg[7][0]/D -       -      F     DFFRHQX1       1    -     -     0    3436    (-,-) 
#---------------------------------------------------------------------------------------------------



Path 14: MET (6360 ps) Setup Check with Pin queue_count_q_reg[13][1]/CK->D
          Group: clk
     Startpoint: (R) rr_ptr_q_reg[0]/CK
          Clock: (R) clk
       Endpoint: (F) queue_count_q_reg[13][1]/D
          Clock: (R) clk

                     Capture       Launch     
        Clock Edge:+   10000            0     
       Src Latency:+       0            0     
       Net Latency:+       0 (I)        0 (I) 
           Arrival:=   10000            0     
                                              
             Setup:-     222                  
     Required Time:=    9778                  
      Launch Clock:-       0                  
         Data Path:-    3418                  
             Slack:=    6360                  

#----------------------------------------------------------------------------------------------------
#       Timing Point         Flags    Arc   Edge   Cell     Fanout Load Trans Delay Arrival Instance 
#                                                                  (fF)  (ps)  (ps)   (ps)  Location 
#----------------------------------------------------------------------------------------------------
  rr_ptr_q_reg[0]/CK         -       -      R     (arrival)     89    -     0     0       0    (-,-) 
  rr_ptr_q_reg[0]/QN         -       CK->QN F     SDFFRX1        5 20.2   132   413     413    (-,-) 
  g17143/Y                   -       A->Y   R     INVX1          9 34.5   309   208     622    (-,-) 
  g17117__4319/Y             -       B->Y   F     NAND2X1       18 56.2   298   213     835    (-,-) 
  g17021__1617/Y             -       A0N->Y F     AOI2BB1X1      1  3.4    66   221    1056    (-,-) 
  g16948__6783/Y             -       C0->Y  R     OAI221XL       4 16.0   499   156    1212    (-,-) 
  g16912__7482/Y             -       B0->Y  F     AOI22X1        1  4.1   200    93    1305    (-,-) 
  g16889__1666/Y             -       A->Y   R     NAND2X1        4 17.5   197   154    1459    (-,-) 
  g16872__2802/Y             -       A->Y   F     NOR3X1         3 12.6   106    74    1534    (-,-) 
  g16869__8428/Y             -       A->Y   F     AND4X2         5 20.8    82   154    1688    (-,-) 
  g16859__5477/Y             -       B->Y   R     NAND3BX1       4 16.7   208   133    1820    (-,-) 
  g16850__9315/Y             -       A->Y   F     NOR4X1         4 14.2   134    85    1905    (-,-) 
  g16846__5115/Y             -       AN->Y  F     NOR2BXL        2  7.2   115   143    2049    (-,-) 
  g16829__1666/Y             -       B0->Y  R     AOI221XL       1  3.4   254   224    2272    (-,-) 
  g16824__2883/Y             -       C0->Y  F     OAI221XL       1  3.6   116    94    2366    (-,-) 
  g16820__7482/Y             -       B0->Y  R     AOI211XL       1  3.1   202   136    2502    (-,-) 
  g16816__8246/Y             -       B0->Y  F     OAI21XL        1  3.6    87    69    2570    (-,-) 
  g16808__1617/Y             -       B0->Y  R     AOI211XL       1  4.9   238   151    2721    (-,-) 
  g16796__8428/Y             -       A->Y   F     NAND3X1        4 13.9   131    92    2812    (-,-) 
  g16794/Y                   -       A->Y   R     INVX1          3 12.1   133   104    2916    (-,-) 
  g16792__2398/Y             -       A->Y   F     NOR2X1         4 16.3   106    76    2992    (-,-) 
  g16786__7482/Y             -       A->Y   R     NAND2X1        2  9.1   128    90    3082    (-,-) 
  g16760__2398/Y             -       A->Y   F     NOR2X1         3 11.3    98    60    3142    (-,-) 
  g16751__5122/Y             -       B0->Y  R     AOI21X1        2  7.7   172   124    3266    (-,-) 
  g16723__9945/Y             -       B0->Y  F     AOI21XL        1  2.3    77    37    3303    (-,-) 
  g16694__5526/Y             -       A1N->Y F     OAI2BB2XL      1  1.9    62   116    3418    (-,-) 
  queue_count_q_reg[13][1]/D -       -      F     DFFRHQX1       1    -     -     0    3418    (-,-) 
#----------------------------------------------------------------------------------------------------



Path 15: MET (6360 ps) Setup Check with Pin queue_count_q_reg[12][1]/CK->D
          Group: clk
     Startpoint: (R) rr_ptr_q_reg[0]/CK
          Clock: (R) clk
       Endpoint: (F) queue_count_q_reg[12][1]/D
          Clock: (R) clk

                     Capture       Launch     
        Clock Edge:+   10000            0     
       Src Latency:+       0            0     
       Net Latency:+       0 (I)        0 (I) 
           Arrival:=   10000            0     
                                              
             Setup:-     222                  
     Required Time:=    9778                  
      Launch Clock:-       0                  
         Data Path:-    3418                  
             Slack:=    6360                  

#----------------------------------------------------------------------------------------------------
#       Timing Point         Flags    Arc   Edge   Cell     Fanout Load Trans Delay Arrival Instance 
#                                                                  (fF)  (ps)  (ps)   (ps)  Location 
#----------------------------------------------------------------------------------------------------
  rr_ptr_q_reg[0]/CK         -       -      R     (arrival)     89    -     0     0       0    (-,-) 
  rr_ptr_q_reg[0]/QN         -       CK->QN F     SDFFRX1        5 20.2   132   413     413    (-,-) 
  g17143/Y                   -       A->Y   R     INVX1          9 34.5   309   208     622    (-,-) 
  g17117__4319/Y             -       B->Y   F     NAND2X1       18 56.2   298   213     835    (-,-) 
  g17021__1617/Y             -       A0N->Y F     AOI2BB1X1      1  3.4    66   221    1056    (-,-) 
  g16948__6783/Y             -       C0->Y  R     OAI221XL       4 16.0   499   156    1212    (-,-) 
  g16912__7482/Y             -       B0->Y  F     AOI22X1        1  4.1   200    93    1305    (-,-) 
  g16889__1666/Y             -       A->Y   R     NAND2X1        4 17.5   197   154    1459    (-,-) 
  g16872__2802/Y             -       A->Y   F     NOR3X1         3 12.6   106    74    1534    (-,-) 
  g16869__8428/Y             -       A->Y   F     AND4X2         5 20.8    82   154    1688    (-,-) 
  g16859__5477/Y             -       B->Y   R     NAND3BX1       4 16.7   208   133    1820    (-,-) 
  g16850__9315/Y             -       A->Y   F     NOR4X1         4 14.2   134    85    1905    (-,-) 
  g16846__5115/Y             -       AN->Y  F     NOR2BXL        2  7.2   115   143    2049    (-,-) 
  g16829__1666/Y             -       B0->Y  R     AOI221XL       1  3.4   254   224    2272    (-,-) 
  g16824__2883/Y             -       C0->Y  F     OAI221XL       1  3.6   116    94    2366    (-,-) 
  g16820__7482/Y             -       B0->Y  R     AOI211XL       1  3.1   202   136    2502    (-,-) 
  g16816__8246/Y             -       B0->Y  F     OAI21XL        1  3.6    87    69    2570    (-,-) 
  g16808__1617/Y             -       B0->Y  R     AOI211XL       1  4.9   238   151    2721    (-,-) 
  g16796__8428/Y             -       A->Y   F     NAND3X1        4 13.9   131    92    2812    (-,-) 
  g16794/Y                   -       A->Y   R     INVX1          3 12.1   133   104    2916    (-,-) 
  g16792__2398/Y             -       A->Y   F     NOR2X1         4 16.3   106    76    2992    (-,-) 
  g16781__5122/Y             -       A->Y   R     NAND2X1        2  9.1   128    90    3082    (-,-) 
  g16759__1666/Y             -       A->Y   F     NOR2X1         3 11.3    98    60    3142    (-,-) 
  g16738__6783/Y             -       B0->Y  R     AOI21X1        2  7.7   172   124    3266    (-,-) 
  g16720__2883/Y             -       B0->Y  F     AOI21XL        1  2.3    77    37    3303    (-,-) 
  g16693__6260/Y             -       A1N->Y F     OAI2BB2XL      1  1.9    62   116    3418    (-,-) 
  queue_count_q_reg[12][1]/D -       -      F     DFFRHQX1       1    -     -     0    3418    (-,-) 
#----------------------------------------------------------------------------------------------------



Path 16: MET (6397 ps) Setup Check with Pin queue_count_q_reg[6][1]/CK->D
          Group: clk
     Startpoint: (R) rr_ptr_q_reg[0]/CK
          Clock: (R) clk
       Endpoint: (F) queue_count_q_reg[6][1]/D
          Clock: (R) clk

                     Capture       Launch     
        Clock Edge:+   10000            0     
       Src Latency:+       0            0     
       Net Latency:+       0 (I)        0 (I) 
           Arrival:=   10000            0     
                                              
             Setup:-     224                  
     Required Time:=    9776                  
      Launch Clock:-       0                  
         Data Path:-    3379                  
             Slack:=    6397                  

#---------------------------------------------------------------------------------------------------
#       Timing Point        Flags    Arc   Edge   Cell     Fanout Load Trans Delay Arrival Instance 
#                                                                 (fF)  (ps)  (ps)   (ps)  Location 
#---------------------------------------------------------------------------------------------------
  rr_ptr_q_reg[0]/CK        -       -      R     (arrival)     89    -     0     0       0    (-,-) 
  rr_ptr_q_reg[0]/QN        -       CK->QN F     SDFFRX1        5 20.2   132   413     413    (-,-) 
  g17143/Y                  -       A->Y   R     INVX1          9 34.5   309   208     622    (-,-) 
  g17117__4319/Y            -       B->Y   F     NAND2X1       18 56.2   298   213     835    (-,-) 
  g17021__1617/Y            -       A0N->Y F     AOI2BB1X1      1  3.4    66   221    1056    (-,-) 
  g16948__6783/Y            -       C0->Y  R     OAI221XL       4 16.0   499   156    1212    (-,-) 
  g16912__7482/Y            -       B0->Y  F     AOI22X1        1  4.1   200    93    1305    (-,-) 
  g16889__1666/Y            -       A->Y   R     NAND2X1        4 17.5   197   154    1459    (-,-) 
  g16872__2802/Y            -       A->Y   F     NOR3X1         3 12.6   106    74    1534    (-,-) 
  g16869__8428/Y            -       A->Y   F     AND4X2         5 20.8    82   154    1688    (-,-) 
  g16859__5477/Y            -       B->Y   R     NAND3BX1       4 16.7   208   133    1820    (-,-) 
  g16850__9315/Y            -       A->Y   F     NOR4X1         4 14.2   134    85    1905    (-,-) 
  g16846__5115/Y            -       AN->Y  F     NOR2BXL        2  7.2   115   143    2049    (-,-) 
  g16829__1666/Y            -       B0->Y  R     AOI221XL       1  3.4   254   224    2272    (-,-) 
  g16824__2883/Y            -       C0->Y  F     OAI221XL       1  3.6   116    94    2366    (-,-) 
  g16820__7482/Y            -       B0->Y  R     AOI211XL       1  3.1   202   136    2502    (-,-) 
  g16816__8246/Y            -       B0->Y  F     OAI21XL        1  3.6    87    69    2570    (-,-) 
  g16808__1617/Y            -       B0->Y  R     AOI211XL       1  4.9   238   151    2721    (-,-) 
  g16796__8428/Y            -       A->Y   F     NAND3X1        4 13.9   131    92    2812    (-,-) 
  g16790__5107/Y            -       A->Y   R     NOR2X1         4 16.3   251   173    2986    (-,-) 
  g16785__2346/Y            -       B->Y   F     NAND2BX1       2  7.6    83    49    3035    (-,-) 
  g16765__1617/Y            -       A->Y   R     NOR2X1         3 10.3   178   122    3156    (-,-) 
  g16733/Y                  -       A->Y   F     INVX1          1  4.8    55    34    3190    (-,-) 
  g16709__4733/Y            -       A0->Y  R     OAI211X1       1  3.1   183   131    3321    (-,-) 
  g16689__5107/Y            -       B0->Y  F     OAI21XL        1  1.9    72    58    3379    (-,-) 
  queue_count_q_reg[6][1]/D -       -      F     DFFRHQX1       1    -     -     0    3379    (-,-) 
#---------------------------------------------------------------------------------------------------



Path 17: MET (6428 ps) Setup Check with Pin queue_count_q_reg[4][1]/CK->D
          Group: clk
     Startpoint: (R) rr_ptr_q_reg[0]/CK
          Clock: (R) clk
       Endpoint: (F) queue_count_q_reg[4][1]/D
          Clock: (R) clk

                     Capture       Launch     
        Clock Edge:+   10000            0     
       Src Latency:+       0            0     
       Net Latency:+       0 (I)        0 (I) 
           Arrival:=   10000            0     
                                              
             Setup:-     222                  
     Required Time:=    9778                  
      Launch Clock:-       0                  
         Data Path:-    3351                  
             Slack:=    6428                  

#---------------------------------------------------------------------------------------------------
#       Timing Point        Flags    Arc   Edge   Cell     Fanout Load Trans Delay Arrival Instance 
#                                                                 (fF)  (ps)  (ps)   (ps)  Location 
#---------------------------------------------------------------------------------------------------
  rr_ptr_q_reg[0]/CK        -       -      R     (arrival)     89    -     0     0       0    (-,-) 
  rr_ptr_q_reg[0]/QN        -       CK->QN F     SDFFRX1        5 20.2   132   413     413    (-,-) 
  g17143/Y                  -       A->Y   R     INVX1          9 34.5   309   208     622    (-,-) 
  g17117__4319/Y            -       B->Y   F     NAND2X1       18 56.2   298   213     835    (-,-) 
  g17021__1617/Y            -       A0N->Y F     AOI2BB1X1      1  3.4    66   221    1056    (-,-) 
  g16948__6783/Y            -       C0->Y  R     OAI221XL       4 16.0   499   156    1212    (-,-) 
  g16912__7482/Y            -       B0->Y  F     AOI22X1        1  4.1   200    93    1305    (-,-) 
  g16889__1666/Y            -       A->Y   R     NAND2X1        4 17.5   197   154    1459    (-,-) 
  g16872__2802/Y            -       A->Y   F     NOR3X1         3 12.6   106    74    1534    (-,-) 
  g16869__8428/Y            -       A->Y   F     AND4X2         5 20.8    82   154    1688    (-,-) 
  g16859__5477/Y            -       B->Y   R     NAND3BX1       4 16.7   208   133    1820    (-,-) 
  g16850__9315/Y            -       A->Y   F     NOR4X1         4 14.2   134    85    1905    (-,-) 
  g16846__5115/Y            -       AN->Y  F     NOR2BXL        2  7.2   115   143    2049    (-,-) 
  g16829__1666/Y            -       B0->Y  R     AOI221XL       1  3.4   254   224    2272    (-,-) 
  g16824__2883/Y            -       C0->Y  F     OAI221XL       1  3.6   116    94    2366    (-,-) 
  g16820__7482/Y            -       B0->Y  R     AOI211XL       1  3.1   202   136    2502    (-,-) 
  g16816__8246/Y            -       B0->Y  F     OAI21XL        1  3.6    87    69    2570    (-,-) 
  g16808__1617/Y            -       B0->Y  R     AOI211XL       1  4.9   238   151    2721    (-,-) 
  g16796__8428/Y            -       A->Y   F     NAND3X1        4 13.9   131    92    2812    (-,-) 
  g16790__5107/Y            -       A->Y   R     NOR2X1         4 16.3   251   173    2986    (-,-) 
  g16772__7410/Y            -       A->Y   F     NAND2X1        2  9.1    94    59    3045    (-,-) 
  g16755__8428/Y            -       A->Y   R     NOR2X1         3 11.3   191   131    3176    (-,-) 
  g16722__4319/Y            -       A0->Y  F     AOI21XL        1  2.3    77    59    3235    (-,-) 
  g16687__6131/Y            -       A1N->Y F     OAI2BB2XL      1  1.9    62   116    3351    (-,-) 
  queue_count_q_reg[4][1]/D -       -      F     DFFRHQX1       1    -     -     0    3351    (-,-) 
#---------------------------------------------------------------------------------------------------



Path 18: MET (6428 ps) Setup Check with Pin queue_count_q_reg[5][1]/CK->D
          Group: clk
     Startpoint: (R) rr_ptr_q_reg[0]/CK
          Clock: (R) clk
       Endpoint: (F) queue_count_q_reg[5][1]/D
          Clock: (R) clk

                     Capture       Launch     
        Clock Edge:+   10000            0     
       Src Latency:+       0            0     
       Net Latency:+       0 (I)        0 (I) 
           Arrival:=   10000            0     
                                              
             Setup:-     222                  
     Required Time:=    9778                  
      Launch Clock:-       0                  
         Data Path:-    3351                  
             Slack:=    6428                  

#---------------------------------------------------------------------------------------------------
#       Timing Point        Flags    Arc   Edge   Cell     Fanout Load Trans Delay Arrival Instance 
#                                                                 (fF)  (ps)  (ps)   (ps)  Location 
#---------------------------------------------------------------------------------------------------
  rr_ptr_q_reg[0]/CK        -       -      R     (arrival)     89    -     0     0       0    (-,-) 
  rr_ptr_q_reg[0]/QN        -       CK->QN F     SDFFRX1        5 20.2   132   413     413    (-,-) 
  g17143/Y                  -       A->Y   R     INVX1          9 34.5   309   208     622    (-,-) 
  g17117__4319/Y            -       B->Y   F     NAND2X1       18 56.2   298   213     835    (-,-) 
  g17021__1617/Y            -       A0N->Y F     AOI2BB1X1      1  3.4    66   221    1056    (-,-) 
  g16948__6783/Y            -       C0->Y  R     OAI221XL       4 16.0   499   156    1212    (-,-) 
  g16912__7482/Y            -       B0->Y  F     AOI22X1        1  4.1   200    93    1305    (-,-) 
  g16889__1666/Y            -       A->Y   R     NAND2X1        4 17.5   197   154    1459    (-,-) 
  g16872__2802/Y            -       A->Y   F     NOR3X1         3 12.6   106    74    1534    (-,-) 
  g16869__8428/Y            -       A->Y   F     AND4X2         5 20.8    82   154    1688    (-,-) 
  g16859__5477/Y            -       B->Y   R     NAND3BX1       4 16.7   208   133    1820    (-,-) 
  g16850__9315/Y            -       A->Y   F     NOR4X1         4 14.2   134    85    1905    (-,-) 
  g16846__5115/Y            -       AN->Y  F     NOR2BXL        2  7.2   115   143    2049    (-,-) 
  g16829__1666/Y            -       B0->Y  R     AOI221XL       1  3.4   254   224    2272    (-,-) 
  g16824__2883/Y            -       C0->Y  F     OAI221XL       1  3.6   116    94    2366    (-,-) 
  g16820__7482/Y            -       B0->Y  R     AOI211XL       1  3.1   202   136    2502    (-,-) 
  g16816__8246/Y            -       B0->Y  F     OAI21XL        1  3.6    87    69    2570    (-,-) 
  g16808__1617/Y            -       B0->Y  R     AOI211XL       1  4.9   238   151    2721    (-,-) 
  g16796__8428/Y            -       A->Y   F     NAND3X1        4 13.9   131    92    2812    (-,-) 
  g16790__5107/Y            -       A->Y   R     NOR2X1         4 16.3   251   173    2986    (-,-) 
  g16771__2883/Y            -       A->Y   F     NAND2X1        2  9.1    94    59    3045    (-,-) 
  g16756__4319/Y            -       A->Y   R     NOR2X1         3 11.3   191   131    3176    (-,-) 
  g16721__6260/Y            -       A0->Y  F     AOI21XL        1  2.3    77    59    3235    (-,-) 
  g16692__1705/Y            -       A1N->Y F     OAI2BB2XL      1  1.9    62   116    3351    (-,-) 
  queue_count_q_reg[5][1]/D -       -      F     DFFRHQX1       1    -     -     0    3351    (-,-) 
#---------------------------------------------------------------------------------------------------



Path 19: MET (6435 ps) Setup Check with Pin queue_count_q_reg[2][1]/CK->D
          Group: clk
     Startpoint: (R) rr_ptr_q_reg[0]/CK
          Clock: (R) clk
       Endpoint: (F) queue_count_q_reg[2][1]/D
          Clock: (R) clk

                     Capture       Launch     
        Clock Edge:+   10000            0     
       Src Latency:+       0            0     
       Net Latency:+       0 (I)        0 (I) 
           Arrival:=   10000            0     
                                              
             Setup:-     220                  
     Required Time:=    9780                  
      Launch Clock:-       0                  
         Data Path:-    3344                  
             Slack:=    6435                  

#---------------------------------------------------------------------------------------------------
#       Timing Point        Flags    Arc   Edge   Cell     Fanout Load Trans Delay Arrival Instance 
#                                                                 (fF)  (ps)  (ps)   (ps)  Location 
#---------------------------------------------------------------------------------------------------
  rr_ptr_q_reg[0]/CK        -       -      R     (arrival)     89    -     0     0       0    (-,-) 
  rr_ptr_q_reg[0]/QN        -       CK->QN F     SDFFRX1        5 20.2   132   413     413    (-,-) 
  g17143/Y                  -       A->Y   R     INVX1          9 34.5   309   208     622    (-,-) 
  g17117__4319/Y            -       B->Y   F     NAND2X1       18 56.2   298   213     835    (-,-) 
  g17021__1617/Y            -       A0N->Y F     AOI2BB1X1      1  3.4    66   221    1056    (-,-) 
  g16948__6783/Y            -       C0->Y  R     OAI221XL       4 16.0   499   156    1212    (-,-) 
  g16912__7482/Y            -       B0->Y  F     AOI22X1        1  4.1   200    93    1305    (-,-) 
  g16889__1666/Y            -       A->Y   R     NAND2X1        4 17.5   197   154    1459    (-,-) 
  g16872__2802/Y            -       A->Y   F     NOR3X1         3 12.6   106    74    1534    (-,-) 
  g16869__8428/Y            -       A->Y   F     AND4X2         5 20.8    82   154    1688    (-,-) 
  g16859__5477/Y            -       B->Y   R     NAND3BX1       4 16.7   208   133    1820    (-,-) 
  g16850__9315/Y            -       A->Y   F     NOR4X1         4 14.2   134    85    1905    (-,-) 
  g16846__5115/Y            -       AN->Y  F     NOR2BXL        2  7.2   115   143    2049    (-,-) 
  g16829__1666/Y            -       B0->Y  R     AOI221XL       1  3.4   254   224    2272    (-,-) 
  g16824__2883/Y            -       C0->Y  F     OAI221XL       1  3.6   116    94    2366    (-,-) 
  g16820__7482/Y            -       B0->Y  R     AOI211XL       1  3.1   202   136    2502    (-,-) 
  g16816__8246/Y            -       B0->Y  F     OAI21XL        1  3.6    87    69    2570    (-,-) 
  g16808__1617/Y            -       B0->Y  R     AOI211XL       1  4.9   238   151    2721    (-,-) 
  g16796__8428/Y            -       A->Y   F     NAND3X1        4 13.9   131    92    2812    (-,-) 
  g16794/Y                  -       A->Y   R     INVX1          3 12.1   133   104    2916    (-,-) 
  g16789__5477/Y            -       A->Y   F     NAND2X1        4 17.6   125    84    3001    (-,-) 
  g16775__4733/Y            -       A->Y   R     NOR2X1         2  7.6   152   113    3114    (-,-) 
  g16753__2883/Y            -       A->Y   F     NAND2X1        3  8.1    74    52    3166    (-,-) 
  g16713__5115/Y            -       A0->Y  R     OAI211XL       1  3.5   209   150    3316    (-,-) 
  g16681__6783/Y            -       B0->Y  F     OAI2BB1X1      1  1.9    54    28    3344    (-,-) 
  queue_count_q_reg[2][1]/D -       -      F     DFFRHQX1       1    -     -     0    3344    (-,-) 
#---------------------------------------------------------------------------------------------------



Path 20: MET (6436 ps) Setup Check with Pin queue_count_q_reg[3][1]/CK->D
          Group: clk
     Startpoint: (R) rr_ptr_q_reg[0]/CK
          Clock: (R) clk
       Endpoint: (F) queue_count_q_reg[3][1]/D
          Clock: (R) clk

                     Capture       Launch     
        Clock Edge:+   10000            0     
       Src Latency:+       0            0     
       Net Latency:+       0 (I)        0 (I) 
           Arrival:=   10000            0     
                                              
             Setup:-     220                  
     Required Time:=    9780                  
      Launch Clock:-       0                  
         Data Path:-    3344                  
             Slack:=    6436                  

#---------------------------------------------------------------------------------------------------
#       Timing Point        Flags    Arc   Edge   Cell     Fanout Load Trans Delay Arrival Instance 
#                                                                 (fF)  (ps)  (ps)   (ps)  Location 
#---------------------------------------------------------------------------------------------------
  rr_ptr_q_reg[0]/CK        -       -      R     (arrival)     89    -     0     0       0    (-,-) 
  rr_ptr_q_reg[0]/QN        -       CK->QN F     SDFFRX1        5 20.2   132   413     413    (-,-) 
  g17143/Y                  -       A->Y   R     INVX1          9 34.5   309   208     622    (-,-) 
  g17117__4319/Y            -       B->Y   F     NAND2X1       18 56.2   298   213     835    (-,-) 
  g17021__1617/Y            -       A0N->Y F     AOI2BB1X1      1  3.4    66   221    1056    (-,-) 
  g16948__6783/Y            -       C0->Y  R     OAI221XL       4 16.0   499   156    1212    (-,-) 
  g16912__7482/Y            -       B0->Y  F     AOI22X1        1  4.1   200    93    1305    (-,-) 
  g16889__1666/Y            -       A->Y   R     NAND2X1        4 17.5   197   154    1459    (-,-) 
  g16872__2802/Y            -       A->Y   F     NOR3X1         3 12.6   106    74    1534    (-,-) 
  g16869__8428/Y            -       A->Y   F     AND4X2         5 20.8    82   154    1688    (-,-) 
  g16859__5477/Y            -       B->Y   R     NAND3BX1       4 16.7   208   133    1820    (-,-) 
  g16850__9315/Y            -       A->Y   F     NOR4X1         4 14.2   134    85    1905    (-,-) 
  g16846__5115/Y            -       AN->Y  F     NOR2BXL        2  7.2   115   143    2049    (-,-) 
  g16829__1666/Y            -       B0->Y  R     AOI221XL       1  3.4   254   224    2272    (-,-) 
  g16824__2883/Y            -       C0->Y  F     OAI221XL       1  3.6   116    94    2366    (-,-) 
  g16820__7482/Y            -       B0->Y  R     AOI211XL       1  3.1   202   136    2502    (-,-) 
  g16816__8246/Y            -       B0->Y  F     OAI21XL        1  3.6    87    69    2570    (-,-) 
  g16808__1617/Y            -       B0->Y  R     AOI211XL       1  4.9   238   151    2721    (-,-) 
  g16796__8428/Y            -       A->Y   F     NAND3X1        4 13.9   131    92    2812    (-,-) 
  g16794/Y                  -       A->Y   R     INVX1          3 12.1   133   104    2916    (-,-) 
  g16789__5477/Y            -       A->Y   F     NAND2X1        4 17.6   125    84    3001    (-,-) 
  g16776__7098/Y            -       A->Y   R     NOR2X1         2  7.6   149   113    3114    (-,-) 
  g16754__2346/Y            -       A->Y   F     NAND2X1        3  8.1    74    52    3166    (-,-) 
  g16708__7482/Y            -       A0->Y  R     OAI211XL       1  3.5   209   150    3316    (-,-) 
  g16678__8428/Y            -       B0->Y  F     OAI2BB1X1      1  1.9    54    28    3344    (-,-) 
  queue_count_q_reg[3][1]/D -       -      F     DFFRHQX1       1    -     -     0    3344    (-,-) 
#---------------------------------------------------------------------------------------------------

