============================================================
  Generated by:           Genus(TM) Synthesis Solution 23.14-s090_1
  Generated on:           Aug 19 2026  04:29:45 am
  Module:                 aer_improved_hybrid
  Technology library:     typical 1.0
  Operating conditions:   typical (balanced_tree)
  Wireload mode:          enclosed
  Area mode:              timing library
============================================================

                                
   Gate    Instances    Area      Library  
-------------------------------------------
AND2X2             3     39.917    typical 
AND3X2             1     16.632    typical 
AND4X2             1     19.958    typical 
AOI211X1           4     66.528    typical 
AOI211XL           3     49.896    typical 
AOI21X1            9    119.750    typical 
AOI21XL            7     93.139    typical 
AOI221X1           1     23.285    typical 
AOI221XL           1     23.285    typical 
AOI22X1           28    465.696    typical 
AOI22XL            1     16.632    typical 
AOI2BB1X1         13    216.216    typical 
AOI2BB1XL         10    166.320    typical 
AOI2BB2X1          1     23.285    typical 
AOI32X1            1     23.285    typical 
DFFRHQX1          66   4610.390    typical 
DFFRX1             2    153.014    typical 
INVX1             58    385.862    typical 
INVXL             20    133.056    typical 
JKFFRXL            9    778.378    typical 
MXI2X1             1     23.285    typical 
NAND2BX1          13    172.973    typical 
NAND2X1           35    349.272    typical 
NAND2XL            3     29.938    typical 
NAND3BX1          11    182.952    typical 
NAND3X1            6     79.834    typical 
NAND4BXL           1     19.958    typical 
NAND4X1            2     33.264    typical 
NOR2BX1            1     13.306    typical 
NOR2BXL            1     13.306    typical 
NOR2X1            47    469.022    typical 
NOR2XL            15    149.688    typical 
NOR3X1            15    199.584    typical 
NOR4BBX1           1     26.611    typical 
NOR4BX1            1     19.958    typical 
NOR4X1             2     39.917    typical 
OAI211X1           5     99.792    typical 
OAI211XL           5     99.792    typical 
OAI21XL           21    279.418    typical 
OAI221XL          19    442.411    typical 
OAI222XL           2     53.222    typical 
OAI22X1            2     39.917    typical 
OAI2BB1X1          8    133.056    typical 
OAI2BB1XL          1     16.632    typical 
OAI2BB2X1          2     46.570    typical 
OAI2BB2XL          4     93.139    typical 
OR2X2              2     26.611    typical 
OR4X2              1     19.958    typical 
SDFFRHQX1         11    914.760    typical 
SDFFRX1            1     93.139    typical 
-------------------------------------------
total            478  11605.810            


                                          
     Type      Instances    Area   Area % 
------------------------------------------
sequential            89  6549.682   56.4 
inverter              78   518.918    4.5 
logic                311  4537.210   39.1 
physical_cells         0     0.000    0.0 
------------------------------------------
total                478 11605.810  100.0 

