*----------------------------------------------------------------------------------------
*	Innovus 23.14-s088_1 (64bit) 02/28/2025 12:25 (Linux 3.10.0-693.el7.x86_64)
*	
*
* 	Date & Time:	2026-Aug-21 16:36:35 (2026-Aug-21 07:36:35 GMT)
*
*----------------------------------------------------------------------------------------
*
*	Design: aer_pending_xor1_rank_reuse_sync_core_reset
*
*	Liberty Libraries used: 
*	        setup_view: <REMOTE_HOME>/FPR/lib/slow.lib
*
*	Power Domain used: 
*              Rail:        VDD      Voltage:       1.62 
*
*       Power View : setup_view
*
*       User-Defined Activity : N.A.
*
*       Activity File: N.A.
*
*       Hierarchical Global Activity: N.A.
*
*       Global Activity: N.A.
*
*       Sequential Element Activity: 0.200000
*
*       Primary Input Activity: 0.200000
*
*       Default icg ratio: N.A.
*
*       Global Comb ClockGate Ratio: N.A.
*
*	Power Units = 1mW
*
*	Time Units = 1e-09 secs 
*
*       report_power -outfile <REMOTE_WORKSPACE>/reports/p10xor1_h013/postroute_power.rpt
*
-----------------------------------------------------------------------------------------


Total Power 
-----------------------------------------------------------------------------------------
Total Internal Power:        0.59373822 	   76.8813%
Total Switching Power:       0.17831324 	   23.0892%
Total Leakage Power:         0.00022729 	    0.0294%
Total Power:                 0.77227874 
-----------------------------------------------------------------------------------------


Group                           Internal   Switching     Leakage       Total  Percentage 
                                Power      Power         Power         Power  (%)        
-----------------------------------------------------------------------------------------
Sequential                        0.4634      0.0248   0.0001206      0.4883       63.23 
Macro                                  0           0           0           0           0 
IO                                     0           0           0           0           0 
Combinational                    0.08348      0.0769   0.0001003      0.1605       20.78 
Clock (Combinational)            0.04686     0.07661   6.339e-06      0.1235       15.99 
Clock (Sequential)                     0           0           0           0           0 
-----------------------------------------------------------------------------------------
Total                             0.5937      0.1783   0.0002273      0.7723         100 
-----------------------------------------------------------------------------------------


Rail                  Voltage   Internal   Switching     Leakage       Total  Percentage 
                                Power      Power         Power         Power  (%)        
-----------------------------------------------------------------------------------------
VDD                      1.62     0.5937      0.1783   0.0002273      0.7723         100 


Clock                           Internal   Switching     Leakage       Total  Percentage 
                                Power      Power         Power         Power  (%)        
-----------------------------------------------------------------------------------------
clk                              0.04686     0.07661   6.339e-06      0.1235       15.99 
-----------------------------------------------------------------------------------------
Total (excluding duplicates)     0.04686     0.07661   6.339e-06      0.1235       15.99 
-----------------------------------------------------------------------------------------
Clock: clk
Clock Period: 0.010000 usec 
Clock Toggle Rate:   200.0000 Mhz 
Clock Static Probability:  0.5000



-----------------------------------------------------------------------------------------
*	Power Distribution Summary: 
*                Highest Average Power:       CTS_ccl_a_buf_00001 (CLKBUFX20):           0.1235 
*                Highest Leakage Power:       CTS_ccl_a_buf_00001 (CLKBUFX20):        6.339e-06 
*          Total Cap:      3.33092e-12 F
*          Total instances in design:   279
*          Total instances in design with no power:     0
*          Total instances in design with no activity:     0
*          Total Fillers and Decap:     0
-----------------------------------------------------------------------------------------

