###############################################################
#  Generated by:      Cadence Innovus 23.14-s088_1
#  OS:                Linux x86_64(Host ID <REMOTE_HOST>)
#  Generated on:      Fri Aug 21 16:36:34 2026
#  Design:            aer_pending_xor1_rank_reuse_sync_core_reset
#  Command:           report_timing \
#    -from [get_pins {req_meta_q_reg*/Q}] \
#    -to [get_pins {req_sync_q_reg*/D}] \
#    -max_paths 32 > \
#    [file join $report_dir postroute_cdc_hold_timing.rpt]
###############################################################
Path 1: MET Hold Check with Pin req_sync_q_reg[7]/CK 
Endpoint:   req_sync_q_reg[7]/D (v) checked with  leading edge of 'clk'
Beginpoint: req_meta_q_reg[7]/Q (v) triggered by  leading edge of 'clk'
Path Groups: {clk}
Analysis View: hold_view
Other End Arrival Time          0.085
+ Hold                         -0.030
+ Phase Shift                   0.000
+ Uncertainty                   0.200
= Required Time                 0.255
  Arrival Time                  0.257
  Slack Time                    0.002
     Clock Rise Edge                 0.000
     + Clock Network Latency (Prop)  -0.003
     = Beginpoint Arrival Time       -0.003
     +-----------------------------------------------------------------------------+ 
     |       Instance        |     Arc     |   Cell   | Delay | Arrival | Required | 
     |                       |             |          |       |  Time   |   Time   | 
     |-----------------------+-------------+----------+-------+---------+----------| 
     | req_meta_q_reg[7]     | CK ^        |          |       |  -0.003 |   -0.005 | 
     | req_meta_q_reg[7]     | CK ^ -> Q v | DFFHQX1  | 0.129 |   0.126 |    0.124 | 
     | FE_PHC5_req_meta_q_7  | A v -> Y v  | CLKBUFX1 | 0.070 |   0.196 |    0.194 | 
     | FE_PHC42_req_meta_q_7 | A v -> Y v  | BUFX4    | 0.061 |   0.257 |    0.255 | 
     | req_sync_q_reg[7]     | D v         | DFFX1    | 0.000 |   0.257 |    0.255 | 
     +-----------------------------------------------------------------------------+ 
Path 2: MET Hold Check with Pin req_sync_q_reg[0]/CK 
Endpoint:   req_sync_q_reg[0]/D (v) checked with  leading edge of 'clk'
Beginpoint: req_meta_q_reg[0]/Q (v) triggered by  leading edge of 'clk'
Path Groups: {clk}
Analysis View: hold_view
Other End Arrival Time          0.084
+ Hold                         -0.030
+ Phase Shift                   0.000
+ Uncertainty                   0.200
= Required Time                 0.254
  Arrival Time                  0.256
  Slack Time                    0.002
     Clock Rise Edge                 0.000
     + Clock Network Latency (Prop)  -0.004
     = Beginpoint Arrival Time       -0.004
     +-----------------------------------------------------------------------------+ 
     |       Instance        |     Arc     |   Cell   | Delay | Arrival | Required | 
     |                       |             |          |       |  Time   |   Time   | 
     |-----------------------+-------------+----------+-------+---------+----------| 
     | req_meta_q_reg[0]     | CK ^        |          |       |  -0.004 |   -0.006 | 
     | req_meta_q_reg[0]     | CK ^ -> Q v | DFFHQX1  | 0.132 |   0.128 |    0.126 | 
     | FE_PHC14_req_meta_q_0 | A v -> Y v  | CLKBUFX1 | 0.066 |   0.195 |    0.192 | 
     | FE_PHC28_req_meta_q_0 | A v -> Y v  | BUFX3    | 0.062 |   0.256 |    0.254 | 
     | req_sync_q_reg[0]     | D v         | DFFX1    | 0.000 |   0.256 |    0.254 | 
     +-----------------------------------------------------------------------------+ 
Path 3: MET Hold Check with Pin req_sync_q_reg[5]/CK 
Endpoint:   req_sync_q_reg[5]/D (v) checked with  leading edge of 'clk'
Beginpoint: req_meta_q_reg[5]/Q (v) triggered by  leading edge of 'clk'
Path Groups: {clk}
Analysis View: hold_view
Other End Arrival Time          0.086
+ Hold                         -0.033
+ Phase Shift                   0.000
+ Uncertainty                   0.200
= Required Time                 0.252
  Arrival Time                  0.256
  Slack Time                    0.004
     Clock Rise Edge                 0.000
     + Clock Network Latency (Prop)  -0.003
     = Beginpoint Arrival Time       -0.003
     +-----------------------------------------------------------------------------+ 
     |       Instance        |     Arc     |   Cell   | Delay | Arrival | Required | 
     |                       |             |          |       |  Time   |   Time   | 
     |-----------------------+-------------+----------+-------+---------+----------| 
     | req_meta_q_reg[5]     | CK ^        |          |       |  -0.003 |   -0.007 | 
     | req_meta_q_reg[5]     | CK ^ -> Q v | DFFHQX1  | 0.133 |   0.130 |    0.126 | 
     | FE_PHC16_req_meta_q_5 | A v -> Y v  | CLKBUFX1 | 0.066 |   0.197 |    0.193 | 
     | FE_PHC26_req_meta_q_5 | A v -> Y v  | CLKBUFX1 | 0.060 |   0.256 |    0.252 | 
     | req_sync_q_reg[5]     | D v         | DFFX1    | 0.000 |   0.256 |    0.252 | 
     +-----------------------------------------------------------------------------+ 
Path 4: MET Hold Check with Pin req_sync_q_reg[11]/CK 
Endpoint:   req_sync_q_reg[11]/D (v) checked with  leading edge of 'clk'
Beginpoint: req_meta_q_reg[11]/Q (v) triggered by  leading edge of 'clk'
Path Groups: {clk}
Analysis View: hold_view
Other End Arrival Time          0.088
+ Hold                         -0.031
+ Phase Shift                   0.000
+ Uncertainty                   0.200
= Required Time                 0.257
  Arrival Time                  0.264
  Slack Time                    0.007
     Clock Rise Edge                 0.000
     + Clock Network Latency (Prop)  -0.001
     = Beginpoint Arrival Time       -0.001
     +------------------------------------------------------------------------------+ 
     |        Instance        |     Arc     |   Cell   | Delay | Arrival | Required | 
     |                        |             |          |       |  Time   |   Time   | 
     |------------------------+-------------+----------+-------+---------+----------| 
     | req_meta_q_reg[11]     | CK ^        |          |       |  -0.001 |   -0.008 | 
     | req_meta_q_reg[11]     | CK ^ -> Q v | DFFHQX1  | 0.128 |   0.127 |    0.120 | 
     | FE_PHC2_req_meta_q_11  | A v -> Y v  | CLKBUFX1 | 0.067 |   0.195 |    0.188 | 
     | FE_PHC47_req_meta_q_11 | A v -> Y v  | CLKBUFX3 | 0.069 |   0.264 |    0.257 | 
     | req_sync_q_reg[11]     | D v         | DFFX1    | 0.000 |   0.264 |    0.257 | 
     +------------------------------------------------------------------------------+ 
Path 5: MET Hold Check with Pin req_sync_q_reg[10]/CK 
Endpoint:   req_sync_q_reg[10]/D (v) checked with  leading edge of 'clk'
Beginpoint: req_meta_q_reg[10]/Q (v) triggered by  leading edge of 'clk'
Path Groups: {clk}
Analysis View: hold_view
Other End Arrival Time          0.086
+ Hold                         -0.030
+ Phase Shift                   0.000
+ Uncertainty                   0.200
= Required Time                 0.255
  Arrival Time                  0.264
  Slack Time                    0.009
     Clock Rise Edge                 0.000
     + Clock Network Latency (Prop)  -0.003
     = Beginpoint Arrival Time       -0.003
     +------------------------------------------------------------------------------+ 
     |        Instance        |     Arc     |   Cell   | Delay | Arrival | Required | 
     |                        |             |          |       |  Time   |   Time   | 
     |------------------------+-------------+----------+-------+---------+----------| 
     | req_meta_q_reg[10]     | CK ^        |          |       |  -0.003 |   -0.011 | 
     | req_meta_q_reg[10]     | CK ^ -> Q v | DFFHQX1  | 0.134 |   0.131 |    0.123 | 
     | FE_PHC17_req_meta_q_10 | A v -> Y v  | CLKBUFX1 | 0.070 |   0.202 |    0.193 | 
     | FE_PHC25_req_meta_q_10 | A v -> Y v  | BUFX3    | 0.062 |   0.264 |    0.255 | 
     | req_sync_q_reg[10]     | D v         | DFFX1    | 0.000 |   0.264 |    0.255 | 
     +------------------------------------------------------------------------------+ 
Path 6: MET Hold Check with Pin req_sync_q_reg[15]/CK 
Endpoint:   req_sync_q_reg[15]/D (v) checked with  leading edge of 'clk'
Beginpoint: req_meta_q_reg[15]/Q (v) triggered by  leading edge of 'clk'
Path Groups: {clk}
Analysis View: hold_view
Other End Arrival Time          0.088
+ Hold                         -0.032
+ Phase Shift                   0.000
+ Uncertainty                   0.200
= Required Time                 0.256
  Arrival Time                  0.266
  Slack Time                    0.010
     Clock Rise Edge                 0.000
     + Clock Network Latency (Prop)  -0.003
     = Beginpoint Arrival Time       -0.003
     +------------------------------------------------------------------------------+ 
     |        Instance        |     Arc     |   Cell   | Delay | Arrival | Required | 
     |                        |             |          |       |  Time   |   Time   | 
     |------------------------+-------------+----------+-------+---------+----------| 
     | req_meta_q_reg[15]     | CK ^        |          |       |  -0.003 |   -0.013 | 
     | req_meta_q_reg[15]     | CK ^ -> Q v | DFFHQX1  | 0.140 |   0.137 |    0.127 | 
     | FE_PHC13_req_meta_q_15 | A v -> Y v  | CLKBUFX1 | 0.063 |   0.200 |    0.190 | 
     | FE_PHC39_req_meta_q_15 | A v -> Y v  | CLKBUFX2 | 0.066 |   0.266 |    0.256 | 
     | req_sync_q_reg[15]     | D v         | DFFX1    | 0.000 |   0.266 |    0.256 | 
     +------------------------------------------------------------------------------+ 
Path 7: MET Hold Check with Pin req_sync_q_reg[1]/CK 
Endpoint:   req_sync_q_reg[1]/D (v) checked with  leading edge of 'clk'
Beginpoint: req_meta_q_reg[1]/Q (v) triggered by  leading edge of 'clk'
Path Groups: {clk}
Analysis View: hold_view
Other End Arrival Time          0.085
+ Hold                         -0.030
+ Phase Shift                   0.000
+ Uncertainty                   0.200
= Required Time                 0.254
  Arrival Time                  0.266
  Slack Time                    0.011
     Clock Rise Edge                 0.000
     + Clock Network Latency (Prop)  -0.002
     = Beginpoint Arrival Time       -0.002
     +-----------------------------------------------------------------------------+ 
     |       Instance        |     Arc     |   Cell   | Delay | Arrival | Required | 
     |                       |             |          |       |  Time   |   Time   | 
     |-----------------------+-------------+----------+-------+---------+----------| 
     | req_meta_q_reg[1]     | CK ^        |          |       |  -0.002 |   -0.013 | 
     | req_meta_q_reg[1]     | CK ^ -> Q v | DFFHQX1  | 0.134 |   0.132 |    0.121 | 
     | FE_PHC15_req_meta_q_1 | A v -> Y v  | CLKBUFX1 | 0.071 |   0.203 |    0.191 | 
     | FE_PHC27_req_meta_q_1 | A v -> Y v  | BUFX3    | 0.063 |   0.266 |    0.254 | 
     | req_sync_q_reg[1]     | D v         | DFFX1    | 0.000 |   0.266 |    0.254 | 
     +-----------------------------------------------------------------------------+ 
Path 8: MET Hold Check with Pin req_sync_q_reg[14]/CK 
Endpoint:   req_sync_q_reg[14]/D (v) checked with  leading edge of 'clk'
Beginpoint: req_meta_q_reg[14]/Q (v) triggered by  leading edge of 'clk'
Path Groups: {clk}
Analysis View: hold_view
Other End Arrival Time          0.086
+ Hold                         -0.030
+ Phase Shift                   0.000
+ Uncertainty                   0.200
= Required Time                 0.256
  Arrival Time                  0.272
  Slack Time                    0.016
     Clock Rise Edge                 0.000
     + Clock Network Latency (Prop)  -0.001
     = Beginpoint Arrival Time       -0.001
     +------------------------------------------------------------------------------+ 
     |        Instance        |     Arc     |   Cell   | Delay | Arrival | Required | 
     |                        |             |          |       |  Time   |   Time   | 
     |------------------------+-------------+----------+-------+---------+----------| 
     | req_meta_q_reg[14]     | CK ^        |          |       |  -0.001 |   -0.017 | 
     | req_meta_q_reg[14]     | CK ^ -> Q v | DFFHQX1  | 0.126 |   0.125 |    0.109 | 
     | FE_PHC4_req_meta_q_14  | A v -> Y v  | CLKBUFX1 | 0.080 |   0.205 |    0.189 | 
     | FE_PHC30_req_meta_q_14 | A v -> Y v  | CLKBUFX8 | 0.067 |   0.272 |    0.256 | 
     | req_sync_q_reg[14]     | D v         | DFFX1    | 0.000 |   0.272 |    0.256 | 
     +------------------------------------------------------------------------------+ 
Path 9: MET Hold Check with Pin req_sync_q_reg[4]/CK 
Endpoint:   req_sync_q_reg[4]/D (v) checked with  leading edge of 'clk'
Beginpoint: req_meta_q_reg[4]/Q (v) triggered by  leading edge of 'clk'
Path Groups: {clk}
Analysis View: hold_view
Other End Arrival Time          0.085
+ Hold                         -0.030
+ Phase Shift                   0.000
+ Uncertainty                   0.200
= Required Time                 0.255
  Arrival Time                  0.272
  Slack Time                    0.017
     Clock Rise Edge                 0.000
     + Clock Network Latency (Prop)  -0.003
     = Beginpoint Arrival Time       -0.003
     +-----------------------------------------------------------------------------+ 
     |       Instance        |     Arc     |   Cell   | Delay | Arrival | Required | 
     |                       |             |          |       |  Time   |   Time   | 
     |-----------------------+-------------+----------+-------+---------+----------| 
     | req_meta_q_reg[4]     | CK ^        |          |       |  -0.003 |   -0.021 | 
     | req_meta_q_reg[4]     | CK ^ -> Q v | DFFHQX1  | 0.128 |   0.125 |    0.107 | 
     | FE_PHC7_req_meta_q_4  | A v -> Y v  | CLKBUFX1 | 0.081 |   0.206 |    0.188 | 
     | FE_PHC38_req_meta_q_4 | A v -> Y v  | CLKBUFX8 | 0.066 |   0.272 |    0.255 | 
     | req_sync_q_reg[4]     | D v         | DFFX1    | 0.000 |   0.272 |    0.255 | 
     +-----------------------------------------------------------------------------+ 
Path 10: MET Hold Check with Pin req_sync_q_reg[12]/CK 
Endpoint:   req_sync_q_reg[12]/D (v) checked with  leading edge of 'clk'
Beginpoint: req_meta_q_reg[12]/Q (v) triggered by  leading edge of 'clk'
Path Groups: {clk}
Analysis View: hold_view
Other End Arrival Time          0.086
+ Hold                         -0.031
+ Phase Shift                   0.000
+ Uncertainty                   0.200
= Required Time                 0.254
  Arrival Time                  0.272
  Slack Time                    0.018
     Clock Rise Edge                 0.000
     + Clock Network Latency (Prop)  -0.003
     = Beginpoint Arrival Time       -0.003
     +------------------------------------------------------------------------------+ 
     |        Instance        |     Arc     |   Cell   | Delay | Arrival | Required | 
     |                        |             |          |       |  Time   |   Time   | 
     |------------------------+-------------+----------+-------+---------+----------| 
     | req_meta_q_reg[12]     | CK ^        |          |       |  -0.003 |   -0.020 | 
     | req_meta_q_reg[12]     | CK ^ -> Q v | DFFHQX1  | 0.129 |   0.126 |    0.109 | 
     | FE_PHC6_req_meta_q_12  | A v -> Y v  | CLKBUFX1 | 0.074 |   0.200 |    0.183 | 
     | FE_PHC44_req_meta_q_12 | A v -> Y v  | CLKBUFX4 | 0.072 |   0.272 |    0.254 | 
     | req_sync_q_reg[12]     | D v         | DFFX1    | 0.000 |   0.272 |    0.254 | 
     +------------------------------------------------------------------------------+ 
Path 11: MET Hold Check with Pin req_sync_q_reg[13]/CK 
Endpoint:   req_sync_q_reg[13]/D (v) checked with  leading edge of 'clk'
Beginpoint: req_meta_q_reg[13]/Q (v) triggered by  leading edge of 'clk'
Path Groups: {clk}
Analysis View: hold_view
Other End Arrival Time          0.086
+ Hold                         -0.030
+ Phase Shift                   0.000
+ Uncertainty                   0.200
= Required Time                 0.255
  Arrival Time                  0.277
  Slack Time                    0.022
     Clock Rise Edge                 0.000
     + Clock Network Latency (Prop)  -0.003
     = Beginpoint Arrival Time       -0.003
     +------------------------------------------------------------------------------+ 
     |        Instance        |     Arc     |   Cell   | Delay | Arrival | Required | 
     |                        |             |          |       |  Time   |   Time   | 
     |------------------------+-------------+----------+-------+---------+----------| 
     | req_meta_q_reg[13]     | CK ^        |          |       |  -0.003 |   -0.025 | 
     | req_meta_q_reg[13]     | CK ^ -> Q v | DFFHQX1  | 0.131 |   0.128 |    0.106 | 
     | FE_PHC8_req_meta_q_13  | A v -> Y v  | CLKBUFX1 | 0.083 |   0.210 |    0.188 | 
     | FE_PHC37_req_meta_q_13 | A v -> Y v  | CLKBUFX8 | 0.067 |   0.277 |    0.255 | 
     | req_sync_q_reg[13]     | D v         | DFFX1    | 0.000 |   0.277 |    0.255 | 
     +------------------------------------------------------------------------------+ 
Path 12: MET Hold Check with Pin req_sync_q_reg[8]/CK 
Endpoint:   req_sync_q_reg[8]/D (v) checked with  leading edge of 'clk'
Beginpoint: req_meta_q_reg[8]/Q (v) triggered by  leading edge of 'clk'
Path Groups: {clk}
Analysis View: hold_view
Other End Arrival Time          0.085
+ Hold                         -0.030
+ Phase Shift                   0.000
+ Uncertainty                   0.200
= Required Time                 0.255
  Arrival Time                  0.281
  Slack Time                    0.026
     Clock Rise Edge                 0.000
     + Clock Network Latency (Prop)  -0.003
     = Beginpoint Arrival Time       -0.003
     +-----------------------------------------------------------------------------+ 
     |       Instance        |     Arc     |   Cell   | Delay | Arrival | Required | 
     |                       |             |          |       |  Time   |   Time   | 
     |-----------------------+-------------+----------+-------+---------+----------| 
     | req_meta_q_reg[8]     | CK ^        |          |       |  -0.003 |   -0.029 | 
     | req_meta_q_reg[8]     | CK ^ -> Q v | DFFHQX1  | 0.128 |   0.125 |    0.099 | 
     | FE_PHC3_req_meta_q_8  | A v -> Y v  | CLKBUFX1 | 0.086 |   0.211 |    0.186 | 
     | FE_PHC45_req_meta_q_8 | A v -> Y v  | CLKBUFX8 | 0.069 |   0.281 |    0.255 | 
     | req_sync_q_reg[8]     | D v         | DFFX1    | 0.000 |   0.281 |    0.255 | 
     +-----------------------------------------------------------------------------+ 
Path 13: MET Hold Check with Pin req_sync_q_reg[3]/CK 
Endpoint:   req_sync_q_reg[3]/D (^) checked with  leading edge of 'clk'
Beginpoint: req_meta_q_reg[3]/Q (^) triggered by  leading edge of 'clk'
Path Groups: {clk}
Analysis View: hold_view
Other End Arrival Time          0.085
+ Hold                         -0.033
+ Phase Shift                   0.000
+ Uncertainty                   0.200
= Required Time                 0.252
  Arrival Time                  0.299
  Slack Time                    0.048
     Clock Rise Edge                 0.000
     + Clock Network Latency (Prop)  -0.003
     = Beginpoint Arrival Time       -0.003
     +-----------------------------------------------------------------------------+ 
     |       Instance        |     Arc     |   Cell   | Delay | Arrival | Required | 
     |                       |             |          |       |  Time   |   Time   | 
     |-----------------------+-------------+----------+-------+---------+----------| 
     | req_meta_q_reg[3]     | CK ^        |          |       |  -0.003 |   -0.051 | 
     | req_meta_q_reg[3]     | CK ^ -> Q ^ | DFFHQX1  | 0.148 |   0.145 |    0.097 | 
     | FE_PHC11_req_meta_q_3 | A ^ -> Y ^  | BUFX3    | 0.053 |   0.198 |    0.151 | 
     | FE_PHC53_req_meta_q_3 | A ^ -> Y ^  | BUFX3    | 0.048 |   0.247 |    0.199 | 
     | FE_PHC31_req_meta_q_3 | A ^ -> Y ^  | CLKBUFX1 | 0.053 |   0.299 |    0.252 | 
     | req_sync_q_reg[3]     | D ^         | DFFX1    | 0.000 |   0.299 |    0.252 | 
     +-----------------------------------------------------------------------------+ 
Path 14: MET Hold Check with Pin req_sync_q_reg[2]/CK 
Endpoint:   req_sync_q_reg[2]/D (^) checked with  leading edge of 'clk'
Beginpoint: req_meta_q_reg[2]/Q (^) triggered by  leading edge of 'clk'
Path Groups: {clk}
Analysis View: hold_view
Other End Arrival Time          0.085
+ Hold                         -0.033
+ Phase Shift                   0.000
+ Uncertainty                   0.200
= Required Time                 0.252
  Arrival Time                  0.306
  Slack Time                    0.054
     Clock Rise Edge                 0.000
     + Clock Network Latency (Prop)  -0.003
     = Beginpoint Arrival Time       -0.003
     +-----------------------------------------------------------------------------+ 
     |       Instance        |     Arc     |   Cell   | Delay | Arrival | Required | 
     |                       |             |          |       |  Time   |   Time   | 
     |-----------------------+-------------+----------+-------+---------+----------| 
     | req_meta_q_reg[2]     | CK ^        |          |       |  -0.003 |   -0.058 | 
     | req_meta_q_reg[2]     | CK ^ -> Q ^ | DFFHQX1  | 0.149 |   0.145 |    0.091 | 
     | FE_PHC12_req_meta_q_2 | A ^ -> Y ^  | BUFX3    | 0.053 |   0.199 |    0.145 | 
     | FE_PHC54_req_meta_q_2 | A ^ -> Y ^  | BUFX3    | 0.051 |   0.250 |    0.195 | 
     | FE_PHC32_req_meta_q_2 | A ^ -> Y ^  | CLKBUFX1 | 0.056 |   0.306 |    0.252 | 
     | req_sync_q_reg[2]     | D ^         | DFFX1    | 0.000 |   0.306 |    0.252 | 
     +-----------------------------------------------------------------------------+ 
Path 15: MET Hold Check with Pin req_sync_q_reg[9]/CK 
Endpoint:   req_sync_q_reg[9]/D (^) checked with  leading edge of 'clk'
Beginpoint: req_meta_q_reg[9]/Q (^) triggered by  leading edge of 'clk'
Path Groups: {clk}
Analysis View: hold_view
Other End Arrival Time          0.086
+ Hold                         -0.032
+ Phase Shift                   0.000
+ Uncertainty                   0.200
= Required Time                 0.253
  Arrival Time                  0.310
  Slack Time                    0.057
     Clock Rise Edge                 0.000
     + Clock Network Latency (Prop)  -0.003
     = Beginpoint Arrival Time       -0.003
     +----------------------------------------------------------------------------+ 
     |       Instance        |     Arc     |  Cell   | Delay | Arrival | Required | 
     |                       |             |         |       |  Time   |   Time   | 
     |-----------------------+-------------+---------+-------+---------+----------| 
     | req_meta_q_reg[9]     | CK ^        |         |       |  -0.003 |   -0.060 | 
     | req_meta_q_reg[9]     | CK ^ -> Q ^ | DFFHQX1 | 0.148 |   0.146 |    0.088 | 
     | FE_PHC10_req_meta_q_9 | A ^ -> Y ^  | BUFX3   | 0.054 |   0.200 |    0.143 | 
     | FE_PHC56_req_meta_q_9 | A ^ -> Y ^  | BUFX3   | 0.051 |   0.251 |    0.193 | 
     | FE_PHC35_req_meta_q_9 | A ^ -> Y ^  | BUFXL   | 0.059 |   0.310 |    0.253 | 
     | req_sync_q_reg[9]     | D ^         | DFFX1   | 0.000 |   0.310 |    0.253 | 
     +----------------------------------------------------------------------------+ 
Path 16: MET Hold Check with Pin req_sync_q_reg[6]/CK 
Endpoint:   req_sync_q_reg[6]/D (^) checked with  leading edge of 'clk'
Beginpoint: req_meta_q_reg[6]/Q (^) triggered by  leading edge of 'clk'
Path Groups: {clk}
Analysis View: hold_view
Other End Arrival Time          0.085
+ Hold                         -0.034
+ Phase Shift                   0.000
+ Uncertainty                   0.200
= Required Time                 0.251
  Arrival Time                  0.314
  Slack Time                    0.063
     Clock Rise Edge                 0.000
     + Clock Network Latency (Prop)  -0.003
     = Beginpoint Arrival Time       -0.003
     +-----------------------------------------------------------------------------+ 
     |       Instance        |     Arc     |   Cell   | Delay | Arrival | Required | 
     |                       |             |          |       |  Time   |   Time   | 
     |-----------------------+-------------+----------+-------+---------+----------| 
     | req_meta_q_reg[6]     | CK ^        |          |       |  -0.003 |   -0.066 | 
     | req_meta_q_reg[6]     | CK ^ -> Q ^ | DFFHQX1  | 0.145 |   0.142 |    0.079 | 
     | FE_PHC9_req_meta_q_6  | A ^ -> Y ^  | CLKBUFX1 | 0.068 |   0.210 |    0.147 | 
     | FE_PHC43_req_meta_q_6 | A ^ -> Y ^  | BUFX3    | 0.055 |   0.266 |    0.203 | 
     | FE_PHC55_req_meta_q_6 | A ^ -> Y ^  | BUFX3    | 0.049 |   0.314 |    0.251 | 
     | req_sync_q_reg[6]     | D ^         | DFFX1    | 0.000 |   0.314 |    0.251 | 
     +-----------------------------------------------------------------------------+ 

