###############################################################
#  Generated by:      Cadence Innovus 23.14-s088_1
#  OS:                Linux x86_64(Host ID <REMOTE_HOST>)
#  Generated on:      Fri Aug 21 16:36:33 2026
#  Design:            aer_pending_xor1_rank_reuse_sync_core_reset
#  Command:           report_timing \
#    -from [get_pins {req_sync_q_reg*/Q*}] \
#    -max_paths 50 > \
#    [file join $report_dir postroute_core_setup_timing.rpt]
###############################################################
Path 1: MET Setup Check with Pin pending_rank_q_reg[14]/CK 
Endpoint:   pending_rank_q_reg[14]/D (v) checked with  leading edge of 'clk'
Beginpoint: req_sync_q_reg[15]/QN    (v) triggered by  leading edge of 'clk'
Path Groups: {clk}
Analysis View: setup_view
Other End Arrival Time          0.170
- Setup                         0.347
+ Phase Shift                  10.000
- Uncertainty                   0.200
= Required Time                 9.623
- Arrival Time                  4.652
= Slack Time                    4.971
     Clock Rise Edge                 0.000
     + Clock Network Latency (Prop)  0.003
     = Beginpoint Arrival Time       0.003
     +--------------------------------------------------------------------------------+ 
     |        Instance        |     Arc      |   Cell    | Delay | Arrival | Required | 
     |                        |              |           |       |  Time   |   Time   | 
     |------------------------+--------------+-----------+-------+---------+----------| 
     | req_sync_q_reg[15]     | CK ^         |           |       |   0.003 |    4.974 | 
     | req_sync_q_reg[15]     | CK ^ -> QN v | DFFX1     | 0.573 |   0.576 |    5.547 | 
     | g7001__1617            | A1N v -> Y v | AOI2BB1X1 | 0.404 |   0.980 |    5.951 | 
     | g6960__4733            | B v -> Y ^   | NAND4X1   | 0.193 |   1.172 |    6.144 | 
     | g6951__1705            | A ^ -> Y v   | NOR2X1    | 0.113 |   1.285 |    6.256 | 
     | g6946__4319            | A v -> Y ^   | NAND2X1   | 0.082 |   1.367 |    6.338 | 
     | g6941__5477            | A1N ^ -> Y ^ | OAI2BB1X1 | 0.234 |   1.601 |    6.572 | 
     | g6938                  | A ^ -> Y v   | INVX1     | 0.074 |   1.675 |    6.646 | 
     | g6930__9315            | B0 v -> Y ^  | AOI211X1  | 0.734 |   2.408 |    7.380 | 
     | g6928                  | A ^ -> Y v   | INVX1     | 0.321 |   2.730 |    7.701 | 
     | g6910__5526            | B1 v -> Y ^  | AOI22X1   | 0.358 |   3.087 |    8.058 | 
     | g6908__4319            | C0 ^ -> Y v  | OAI221XL  | 0.185 |   3.272 |    8.243 | 
     | g6905__5107            | A v -> Y v   | AND3X2    | 0.220 |   3.492 |    8.463 | 
     | g6899__5477            | B0 v -> Y ^  | AOI211X1  | 0.363 |   3.855 |    8.826 | 
     | g6896                  | A ^ -> Y v   | INVX1     | 0.111 |   3.966 |    8.937 | 
     | g6890__7482            | A0 v -> Y ^  | OAI21XL   | 0.474 |   4.439 |    9.410 | 
     | g6884__2398            | A0 ^ -> Y v  | AOI31XL   | 0.212 |   4.651 |    9.623 | 
     | pending_rank_q_reg[14] | D v          | DFFHQX1   | 0.000 |   4.652 |    9.623 | 
     +--------------------------------------------------------------------------------+ 
Path 2: MET Setup Check with Pin pending_rank_q_reg[10]/CK 
Endpoint:   pending_rank_q_reg[10]/D (v) checked with  leading edge of 'clk'
Beginpoint: req_sync_q_reg[15]/QN    (v) triggered by  leading edge of 'clk'
Path Groups: {clk}
Analysis View: setup_view
Other End Arrival Time          0.173
- Setup                         0.347
+ Phase Shift                  10.000
- Uncertainty                   0.200
= Required Time                 9.626
- Arrival Time                  4.651
= Slack Time                    4.975
     Clock Rise Edge                 0.000
     + Clock Network Latency (Prop)  0.003
     = Beginpoint Arrival Time       0.003
     +--------------------------------------------------------------------------------+ 
     |        Instance        |     Arc      |   Cell    | Delay | Arrival | Required | 
     |                        |              |           |       |  Time   |   Time   | 
     |------------------------+--------------+-----------+-------+---------+----------| 
     | req_sync_q_reg[15]     | CK ^         |           |       |   0.003 |    4.978 | 
     | req_sync_q_reg[15]     | CK ^ -> QN v | DFFX1     | 0.573 |   0.576 |    5.551 | 
     | g7001__1617            | A1N v -> Y v | AOI2BB1X1 | 0.404 |   0.980 |    5.955 | 
     | g6960__4733            | B v -> Y ^   | NAND4X1   | 0.193 |   1.172 |    6.148 | 
     | g6951__1705            | A ^ -> Y v   | NOR2X1    | 0.113 |   1.285 |    6.260 | 
     | g6946__4319            | A v -> Y ^   | NAND2X1   | 0.082 |   1.367 |    6.342 | 
     | g6941__5477            | A1N ^ -> Y ^ | OAI2BB1X1 | 0.234 |   1.601 |    6.577 | 
     | g6938                  | A ^ -> Y v   | INVX1     | 0.074 |   1.675 |    6.650 | 
     | g6930__9315            | B0 v -> Y ^  | AOI211X1  | 0.734 |   2.408 |    7.384 | 
     | g6928                  | A ^ -> Y v   | INVX1     | 0.321 |   2.730 |    7.705 | 
     | g6910__5526            | B1 v -> Y ^  | AOI22X1   | 0.358 |   3.087 |    8.063 | 
     | g6908__4319            | C0 ^ -> Y v  | OAI221XL  | 0.185 |   3.272 |    8.247 | 
     | g6905__5107            | A v -> Y v   | AND3X2    | 0.220 |   3.492 |    8.467 | 
     | g6899__5477            | B0 v -> Y ^  | AOI211X1  | 0.363 |   3.855 |    8.830 | 
     | g6896                  | A ^ -> Y v   | INVX1     | 0.111 |   3.966 |    8.941 | 
     | g6890__7482            | A0 v -> Y ^  | OAI21XL   | 0.474 |   4.439 |    9.415 | 
     | g6872__3680            | A0 ^ -> Y v  | AOI31XL   | 0.211 |   4.650 |    9.626 | 
     | pending_rank_q_reg[10] | D v          | DFFHQX1   | 0.000 |   4.651 |    9.626 | 
     +--------------------------------------------------------------------------------+ 
Path 3: MET Setup Check with Pin pending_rank_q_reg[12]/CK 
Endpoint:   pending_rank_q_reg[12]/D (v) checked with  leading edge of 'clk'
Beginpoint: req_sync_q_reg[15]/QN    (v) triggered by  leading edge of 'clk'
Path Groups: {clk}
Analysis View: setup_view
Other End Arrival Time          0.171
- Setup                         0.346
+ Phase Shift                  10.000
- Uncertainty                   0.200
= Required Time                 9.625
- Arrival Time                  4.647
= Slack Time                    4.978
     Clock Rise Edge                 0.000
     + Clock Network Latency (Prop)  0.003
     = Beginpoint Arrival Time       0.003
     +--------------------------------------------------------------------------------+ 
     |        Instance        |     Arc      |   Cell    | Delay | Arrival | Required | 
     |                        |              |           |       |  Time   |   Time   | 
     |------------------------+--------------+-----------+-------+---------+----------| 
     | req_sync_q_reg[15]     | CK ^         |           |       |   0.003 |    4.981 | 
     | req_sync_q_reg[15]     | CK ^ -> QN v | DFFX1     | 0.573 |   0.576 |    5.554 | 
     | g7001__1617            | A1N v -> Y v | AOI2BB1X1 | 0.404 |   0.980 |    5.958 | 
     | g6960__4733            | B v -> Y ^   | NAND4X1   | 0.193 |   1.172 |    6.151 | 
     | g6951__1705            | A ^ -> Y v   | NOR2X1    | 0.113 |   1.285 |    6.263 | 
     | g6946__4319            | A v -> Y ^   | NAND2X1   | 0.082 |   1.367 |    6.346 | 
     | g6941__5477            | A1N ^ -> Y ^ | OAI2BB1X1 | 0.234 |   1.601 |    6.580 | 
     | g6938                  | A ^ -> Y v   | INVX1     | 0.074 |   1.675 |    6.653 | 
     | g6930__9315            | B0 v -> Y ^  | AOI211X1  | 0.734 |   2.408 |    7.387 | 
     | g6928                  | A ^ -> Y v   | INVX1     | 0.321 |   2.730 |    7.708 | 
     | g6910__5526            | B1 v -> Y ^  | AOI22X1   | 0.358 |   3.087 |    8.066 | 
     | g6908__4319            | C0 ^ -> Y v  | OAI221XL  | 0.185 |   3.272 |    8.250 | 
     | g6905__5107            | A v -> Y v   | AND3X2    | 0.220 |   3.492 |    8.470 | 
     | g6899__5477            | B0 v -> Y ^  | AOI211X1  | 0.363 |   3.855 |    8.833 | 
     | g6896                  | A ^ -> Y v   | INVX1     | 0.111 |   3.966 |    8.944 | 
     | g6890__7482            | A0 v -> Y ^  | OAI21XL   | 0.474 |   4.439 |    9.418 | 
     | g6879__6783            | A0 ^ -> Y v  | AOI31XL   | 0.207 |   4.647 |    9.625 | 
     | pending_rank_q_reg[12] | D v          | DFFHQX1   | 0.000 |   4.647 |    9.625 | 
     +--------------------------------------------------------------------------------+ 
Path 4: MET Setup Check with Pin pending_rank_q_reg[8]/CK 
Endpoint:   pending_rank_q_reg[8]/D (v) checked with  leading edge of 'clk'
Beginpoint: req_sync_q_reg[15]/QN   (v) triggered by  leading edge of 'clk'
Path Groups: {clk}
Analysis View: setup_view
Other End Arrival Time          0.173
- Setup                         0.343
+ Phase Shift                  10.000
- Uncertainty                   0.200
= Required Time                 9.630
- Arrival Time                  4.628
= Slack Time                    5.002
     Clock Rise Edge                 0.000
     + Clock Network Latency (Prop)  0.003
     = Beginpoint Arrival Time       0.003
     +-------------------------------------------------------------------------------+ 
     |       Instance        |     Arc      |   Cell    | Delay | Arrival | Required | 
     |                       |              |           |       |  Time   |   Time   | 
     |-----------------------+--------------+-----------+-------+---------+----------| 
     | req_sync_q_reg[15]    | CK ^         |           |       |   0.003 |    5.004 | 
     | req_sync_q_reg[15]    | CK ^ -> QN v | DFFX1     | 0.573 |   0.576 |    5.578 | 
     | g7001__1617           | A1N v -> Y v | AOI2BB1X1 | 0.404 |   0.980 |    5.981 | 
     | g6960__4733           | B v -> Y ^   | NAND4X1   | 0.193 |   1.172 |    6.174 | 
     | g6951__1705           | A ^ -> Y v   | NOR2X1    | 0.113 |   1.285 |    6.287 | 
     | g6946__4319           | A v -> Y ^   | NAND2X1   | 0.082 |   1.367 |    6.369 | 
     | g6941__5477           | A1N ^ -> Y ^ | OAI2BB1X1 | 0.234 |   1.601 |    6.603 | 
     | g6938                 | A ^ -> Y v   | INVX1     | 0.074 |   1.675 |    6.677 | 
     | g6930__9315           | B0 v -> Y ^  | AOI211X1  | 0.734 |   2.408 |    7.410 | 
     | g6928                 | A ^ -> Y v   | INVX1     | 0.321 |   2.730 |    7.731 | 
     | g6910__5526           | B1 v -> Y ^  | AOI22X1   | 0.358 |   3.087 |    8.089 | 
     | g6908__4319           | C0 ^ -> Y v  | OAI221XL  | 0.185 |   3.272 |    8.274 | 
     | g6905__5107           | A v -> Y v   | AND3X2    | 0.220 |   3.492 |    8.493 | 
     | g6899__5477           | B0 v -> Y ^  | AOI211X1  | 0.363 |   3.855 |    8.856 | 
     | g6896                 | A ^ -> Y v   | INVX1     | 0.111 |   3.966 |    8.967 | 
     | g6890__7482           | A0 v -> Y ^  | OAI21XL   | 0.474 |   4.439 |    9.441 | 
     | g6874__5107           | A0 ^ -> Y v  | AOI31XL   | 0.189 |   4.628 |    9.630 | 
     | pending_rank_q_reg[8] | D v          | DFFHQX1   | 0.000 |   4.628 |    9.630 | 
     +-------------------------------------------------------------------------------+ 
Path 5: MET Setup Check with Pin pending_rank_q_reg[6]/CK 
Endpoint:   pending_rank_q_reg[6]/D (v) checked with  leading edge of 'clk'
Beginpoint: req_sync_q_reg[15]/QN   (v) triggered by  leading edge of 'clk'
Path Groups: {clk}
Analysis View: setup_view
Other End Arrival Time          0.172
- Setup                         0.351
+ Phase Shift                  10.000
- Uncertainty                   0.200
= Required Time                 9.621
- Arrival Time                  4.437
= Slack Time                    5.183
     Clock Rise Edge                 0.000
     + Clock Network Latency (Prop)  0.003
     = Beginpoint Arrival Time       0.003
     +-------------------------------------------------------------------------------+ 
     |       Instance        |     Arc      |   Cell    | Delay | Arrival | Required | 
     |                       |              |           |       |  Time   |   Time   | 
     |-----------------------+--------------+-----------+-------+---------+----------| 
     | req_sync_q_reg[15]    | CK ^         |           |       |   0.003 |    5.186 | 
     | req_sync_q_reg[15]    | CK ^ -> QN v | DFFX1     | 0.573 |   0.576 |    5.759 | 
     | g7001__1617           | A1N v -> Y v | AOI2BB1X1 | 0.404 |   0.980 |    6.163 | 
     | g6960__4733           | B v -> Y ^   | NAND4X1   | 0.193 |   1.172 |    6.356 | 
     | g6951__1705           | A ^ -> Y v   | NOR2X1    | 0.113 |   1.285 |    6.468 | 
     | g6946__4319           | A v -> Y ^   | NAND2X1   | 0.082 |   1.367 |    6.550 | 
     | g6941__5477           | A1N ^ -> Y ^ | OAI2BB1X1 | 0.234 |   1.601 |    6.785 | 
     | g6938                 | A ^ -> Y v   | INVX1     | 0.074 |   1.675 |    6.858 | 
     | g6930__9315           | B0 v -> Y ^  | AOI211X1  | 0.734 |   2.408 |    7.592 | 
     | g6928                 | A ^ -> Y v   | INVX1     | 0.321 |   2.730 |    7.913 | 
     | g6910__5526           | B1 v -> Y ^  | AOI22X1   | 0.358 |   3.087 |    8.271 | 
     | g6908__4319           | C0 ^ -> Y v  | OAI221XL  | 0.185 |   3.272 |    8.455 | 
     | g6905__5107           | A v -> Y v   | AND3X2    | 0.220 |   3.492 |    8.675 | 
     | g6899__5477           | B0 v -> Y ^  | AOI211X1  | 0.363 |   3.855 |    9.038 | 
     | g6893__9945           | A1N ^ -> Y ^ | OAI2BB1X1 | 0.390 |   4.245 |    9.428 | 
     | g6886__6131           | A0 ^ -> Y v  | AOI31XL   | 0.192 |   4.437 |    9.621 | 
     | pending_rank_q_reg[6] | D v          | DFFHQX1   | 0.000 |   4.437 |    9.621 | 
     +-------------------------------------------------------------------------------+ 
Path 6: MET Setup Check with Pin pending_rank_q_reg[0]/CK 
Endpoint:   pending_rank_q_reg[0]/D (v) checked with  leading edge of 'clk'
Beginpoint: req_sync_q_reg[15]/QN   (v) triggered by  leading edge of 'clk'
Path Groups: {clk}
Analysis View: setup_view
Other End Arrival Time          0.173
- Setup                         0.349
+ Phase Shift                  10.000
- Uncertainty                   0.200
= Required Time                 9.624
- Arrival Time                  4.418
= Slack Time                    5.206
     Clock Rise Edge                 0.000
     + Clock Network Latency (Prop)  0.003
     = Beginpoint Arrival Time       0.003
     +-------------------------------------------------------------------------------+ 
     |       Instance        |     Arc      |   Cell    | Delay | Arrival | Required | 
     |                       |              |           |       |  Time   |   Time   | 
     |-----------------------+--------------+-----------+-------+---------+----------| 
     | req_sync_q_reg[15]    | CK ^         |           |       |   0.003 |    5.209 | 
     | req_sync_q_reg[15]    | CK ^ -> QN v | DFFX1     | 0.573 |   0.576 |    5.782 | 
     | g7001__1617           | A1N v -> Y v | AOI2BB1X1 | 0.404 |   0.980 |    6.186 | 
     | g6960__4733           | B v -> Y ^   | NAND4X1   | 0.193 |   1.172 |    6.379 | 
     | g6951__1705           | A ^ -> Y v   | NOR2X1    | 0.113 |   1.285 |    6.491 | 
     | g6946__4319           | A v -> Y ^   | NAND2X1   | 0.082 |   1.367 |    6.573 | 
     | g6941__5477           | A1N ^ -> Y ^ | OAI2BB1X1 | 0.234 |   1.601 |    6.807 | 
     | g6938                 | A ^ -> Y v   | INVX1     | 0.074 |   1.675 |    6.881 | 
     | g6930__9315           | B0 v -> Y ^  | AOI211X1  | 0.734 |   2.408 |    7.615 | 
     | g6928                 | A ^ -> Y v   | INVX1     | 0.321 |   2.730 |    7.936 | 
     | g6910__5526           | B1 v -> Y ^  | AOI22X1   | 0.358 |   3.087 |    8.294 | 
     | g6908__4319           | C0 ^ -> Y v  | OAI221XL  | 0.185 |   3.272 |    8.478 | 
     | g6905__5107           | A v -> Y v   | AND3X2    | 0.220 |   3.492 |    8.698 | 
     | g6899__5477           | B0 v -> Y ^  | AOI211X1  | 0.363 |   3.855 |    9.061 | 
     | g6893__9945           | A1N ^ -> Y ^ | OAI2BB1X1 | 0.390 |   4.245 |    9.451 | 
     | g6882__1705           | A0 ^ -> Y v  | AOI31XL   | 0.173 |   4.418 |    9.624 | 
     | pending_rank_q_reg[0] | D v          | DFFHQX1   | 0.000 |   4.418 |    9.624 | 
     +-------------------------------------------------------------------------------+ 
Path 7: MET Setup Check with Pin pending_rank_q_reg[4]/CK 
Endpoint:   pending_rank_q_reg[4]/D (v) checked with  leading edge of 'clk'
Beginpoint: req_sync_q_reg[15]/QN   (v) triggered by  leading edge of 'clk'
Path Groups: {clk}
Analysis View: setup_view
Other End Arrival Time          0.172
- Setup                         0.346
+ Phase Shift                  10.000
- Uncertainty                   0.200
= Required Time                 9.625
- Arrival Time                  4.409
= Slack Time                    5.217
     Clock Rise Edge                 0.000
     + Clock Network Latency (Prop)  0.003
     = Beginpoint Arrival Time       0.003
     +-------------------------------------------------------------------------------+ 
     |       Instance        |     Arc      |   Cell    | Delay | Arrival | Required | 
     |                       |              |           |       |  Time   |   Time   | 
     |-----------------------+--------------+-----------+-------+---------+----------| 
     | req_sync_q_reg[15]    | CK ^         |           |       |   0.003 |    5.219 | 
     | req_sync_q_reg[15]    | CK ^ -> QN v | DFFX1     | 0.573 |   0.576 |    5.793 | 
     | g7001__1617           | A1N v -> Y v | AOI2BB1X1 | 0.404 |   0.980 |    6.196 | 
     | g6960__4733           | B v -> Y ^   | NAND4X1   | 0.193 |   1.172 |    6.389 | 
     | g6951__1705           | A ^ -> Y v   | NOR2X1    | 0.113 |   1.285 |    6.502 | 
     | g6946__4319           | A v -> Y ^   | NAND2X1   | 0.082 |   1.367 |    6.584 | 
     | g6941__5477           | A1N ^ -> Y ^ | OAI2BB1X1 | 0.234 |   1.601 |    6.818 | 
     | g6938                 | A ^ -> Y v   | INVX1     | 0.074 |   1.675 |    6.892 | 
     | g6930__9315           | B0 v -> Y ^  | AOI211X1  | 0.734 |   2.408 |    7.625 | 
     | g6928                 | A ^ -> Y v   | INVX1     | 0.321 |   2.730 |    7.946 | 
     | g6910__5526           | B1 v -> Y ^  | AOI22X1   | 0.358 |   3.087 |    8.304 | 
     | g6908__4319           | C0 ^ -> Y v  | OAI221XL  | 0.185 |   3.272 |    8.489 | 
     | g6905__5107           | A v -> Y v   | AND3X2    | 0.220 |   3.492 |    8.708 | 
     | g6899__5477           | B0 v -> Y ^  | AOI211X1  | 0.363 |   3.855 |    9.071 | 
     | g6893__9945           | A1N ^ -> Y ^ | OAI2BB1X1 | 0.390 |   4.245 |    9.462 | 
     | g6876__5122           | A0 ^ -> Y v  | AOI31XL   | 0.163 |   4.408 |    9.625 | 
     | pending_rank_q_reg[4] | D v          | DFFHQX1   | 0.000 |   4.409 |    9.625 | 
     +-------------------------------------------------------------------------------+ 
Path 8: MET Setup Check with Pin pending_rank_q_reg[2]/CK 
Endpoint:   pending_rank_q_reg[2]/D (v) checked with  leading edge of 'clk'
Beginpoint: req_sync_q_reg[15]/QN   (v) triggered by  leading edge of 'clk'
Path Groups: {clk}
Analysis View: setup_view
Other End Arrival Time          0.173
- Setup                         0.345
+ Phase Shift                  10.000
- Uncertainty                   0.200
= Required Time                 9.627
- Arrival Time                  4.404
= Slack Time                    5.223
     Clock Rise Edge                 0.000
     + Clock Network Latency (Prop)  0.003
     = Beginpoint Arrival Time       0.003
     +-------------------------------------------------------------------------------+ 
     |       Instance        |     Arc      |   Cell    | Delay | Arrival | Required | 
     |                       |              |           |       |  Time   |   Time   | 
     |-----------------------+--------------+-----------+-------+---------+----------| 
     | req_sync_q_reg[15]    | CK ^         |           |       |   0.003 |    5.226 | 
     | req_sync_q_reg[15]    | CK ^ -> QN v | DFFX1     | 0.573 |   0.576 |    5.799 | 
     | g7001__1617           | A1N v -> Y v | AOI2BB1X1 | 0.404 |   0.980 |    6.203 | 
     | g6960__4733           | B v -> Y ^   | NAND4X1   | 0.193 |   1.172 |    6.396 | 
     | g6951__1705           | A ^ -> Y v   | NOR2X1    | 0.113 |   1.285 |    6.508 | 
     | g6946__4319           | A v -> Y ^   | NAND2X1   | 0.082 |   1.367 |    6.591 | 
     | g6941__5477           | A1N ^ -> Y ^ | OAI2BB1X1 | 0.234 |   1.601 |    6.825 | 
     | g6938                 | A ^ -> Y v   | INVX1     | 0.074 |   1.675 |    6.898 | 
     | g6930__9315           | B0 v -> Y ^  | AOI211X1  | 0.734 |   2.408 |    7.632 | 
     | g6928                 | A ^ -> Y v   | INVX1     | 0.321 |   2.730 |    7.953 | 
     | g6910__5526           | B1 v -> Y ^  | AOI22X1   | 0.358 |   3.087 |    8.311 | 
     | g6908__4319           | C0 ^ -> Y v  | OAI221XL  | 0.185 |   3.272 |    8.495 | 
     | g6905__5107           | A v -> Y v   | AND3X2    | 0.220 |   3.492 |    8.715 | 
     | g6899__5477           | B0 v -> Y ^  | AOI211X1  | 0.363 |   3.855 |    9.078 | 
     | g6893__9945           | A1N ^ -> Y ^ | OAI2BB1X1 | 0.390 |   4.245 |    9.469 | 
     | g6885__1617           | A0 ^ -> Y v  | AOI31XL   | 0.159 |   4.404 |    9.627 | 
     | pending_rank_q_reg[2] | D v          | DFFHQX1   | 0.000 |   4.404 |    9.627 | 
     +-------------------------------------------------------------------------------+ 
Path 9: MET Setup Check with Pin pending_rank_q_reg[5]/CK 
Endpoint:   pending_rank_q_reg[5]/D (^) checked with  leading edge of 'clk'
Beginpoint: req_sync_q_reg[15]/QN   (v) triggered by  leading edge of 'clk'
Path Groups: {clk}
Analysis View: setup_view
Other End Arrival Time          0.172
- Setup                         0.166
+ Phase Shift                  10.000
- Uncertainty                   0.200
= Required Time                 9.806
- Arrival Time                  4.541
= Slack Time                    5.265
     Clock Rise Edge                 0.000
     + Clock Network Latency (Prop)  0.003
     = Beginpoint Arrival Time       0.003
     +-------------------------------------------------------------------------------+ 
     |       Instance        |     Arc      |   Cell    | Delay | Arrival | Required | 
     |                       |              |           |       |  Time   |   Time   | 
     |-----------------------+--------------+-----------+-------+---------+----------| 
     | req_sync_q_reg[15]    | CK ^         |           |       |   0.003 |    5.268 | 
     | req_sync_q_reg[15]    | CK ^ -> QN v | DFFX1     | 0.573 |   0.576 |    5.841 | 
     | g7001__1617           | A1N v -> Y v | AOI2BB1X1 | 0.404 |   0.980 |    6.245 | 
     | g6960__4733           | B v -> Y ^   | NAND4X1   | 0.193 |   1.172 |    6.438 | 
     | g6951__1705           | A ^ -> Y v   | NOR2X1    | 0.113 |   1.285 |    6.550 | 
     | g6946__4319           | A v -> Y ^   | NAND2X1   | 0.082 |   1.367 |    6.633 | 
     | g6941__5477           | A1N ^ -> Y ^ | OAI2BB1X1 | 0.234 |   1.601 |    6.867 | 
     | g6938                 | A ^ -> Y v   | INVX1     | 0.074 |   1.675 |    6.940 | 
     | g6930__9315           | B0 v -> Y ^  | AOI211X1  | 0.734 |   2.408 |    7.674 | 
     | g6928                 | A ^ -> Y v   | INVX1     | 0.321 |   2.730 |    7.995 | 
     | g6910__5526           | B1 v -> Y ^  | AOI22X1   | 0.358 |   3.087 |    8.353 | 
     | g6908__4319           | C0 ^ -> Y v  | OAI221XL  | 0.185 |   3.272 |    8.537 | 
     | g6905__5107           | A v -> Y v   | AND3X2    | 0.220 |   3.492 |    8.757 | 
     | g6899__5477           | B0 v -> Y ^  | AOI211X1  | 0.363 |   3.855 |    9.120 | 
     | g6896                 | A ^ -> Y v   | INVX1     | 0.111 |   3.966 |    9.231 | 
     | g6894__4733           | A1N v -> Y v | OAI2BB1X1 | 0.335 |   4.301 |    9.566 | 
     | g6873__5526           | A0 v -> Y ^  | AOI31X1   | 0.240 |   4.541 |    9.806 | 
     | pending_rank_q_reg[5] | D ^          | DFFHQX1   | 0.000 |   4.541 |    9.806 | 
     +-------------------------------------------------------------------------------+ 
Path 10: MET Setup Check with Pin pending_rank_q_reg[15]/CK 
Endpoint:   pending_rank_q_reg[15]/D (v) checked with  leading edge of 'clk'
Beginpoint: req_sync_q_reg[15]/QN    (v) triggered by  leading edge of 'clk'
Path Groups: {clk}
Analysis View: setup_view
Other End Arrival Time          0.169
- Setup                         0.349
+ Phase Shift                  10.000
- Uncertainty                   0.200
= Required Time                 9.621
- Arrival Time                  4.343
= Slack Time                    5.278
     Clock Rise Edge                 0.000
     + Clock Network Latency (Prop)  0.003
     = Beginpoint Arrival Time       0.003
     +--------------------------------------------------------------------------------+ 
     |        Instance        |     Arc      |   Cell    | Delay | Arrival | Required | 
     |                        |              |           |       |  Time   |   Time   | 
     |------------------------+--------------+-----------+-------+---------+----------| 
     | req_sync_q_reg[15]     | CK ^         |           |       |   0.003 |    5.280 | 
     | req_sync_q_reg[15]     | CK ^ -> QN v | DFFX1     | 0.573 |   0.576 |    5.854 | 
     | g7001__1617            | A1N v -> Y v | AOI2BB1X1 | 0.404 |   0.980 |    6.257 | 
     | g6960__4733            | B v -> Y ^   | NAND4X1   | 0.193 |   1.172 |    6.450 | 
     | g6951__1705            | A ^ -> Y v   | NOR2X1    | 0.113 |   1.285 |    6.563 | 
     | g6946__4319            | A v -> Y ^   | NAND2X1   | 0.082 |   1.367 |    6.645 | 
     | g6941__5477            | A1N ^ -> Y ^ | OAI2BB1X1 | 0.234 |   1.601 |    6.879 | 
     | g6938                  | A ^ -> Y v   | INVX1     | 0.074 |   1.675 |    6.953 | 
     | g6930__9315            | B0 v -> Y ^  | AOI211X1  | 0.734 |   2.408 |    7.686 | 
     | g6928                  | A ^ -> Y v   | INVX1     | 0.321 |   2.730 |    8.008 | 
     | g6910__5526            | B1 v -> Y ^  | AOI22X1   | 0.358 |   3.087 |    8.365 | 
     | g6907__6260            | A ^ -> Y v   | NAND2X1   | 0.109 |   3.196 |    8.474 | 
     | g6904__2398            | A0 v -> Y ^  | AOI21X1   | 0.324 |   3.520 |    8.798 | 
     | g6903                  | A ^ -> Y v   | INVX1     | 0.115 |   3.635 |    8.913 | 
     | g6902__2346            | A0 v -> Y ^  | OAI21XL   | 0.517 |   4.152 |    9.430 | 
     | g6881__1881            | A1 ^ -> Y v  | AOI31X1   | 0.191 |   4.343 |    9.621 | 
     | pending_rank_q_reg[15] | D v          | DFFHQX1   | 0.000 |   4.343 |    9.621 | 
     +--------------------------------------------------------------------------------+ 
Path 11: MET Setup Check with Pin pending_rank_q_reg[7]/CK 
Endpoint:   pending_rank_q_reg[7]/D (^) checked with  leading edge of 'clk'
Beginpoint: req_sync_q_reg[15]/QN   (v) triggered by  leading edge of 'clk'
Path Groups: {clk}
Analysis View: setup_view
Other End Arrival Time          0.172
- Setup                         0.165
+ Phase Shift                  10.000
- Uncertainty                   0.200
= Required Time                 9.807
- Arrival Time                  4.528
= Slack Time                    5.279
     Clock Rise Edge                 0.000
     + Clock Network Latency (Prop)  0.003
     = Beginpoint Arrival Time       0.003
     +-------------------------------------------------------------------------------+ 
     |       Instance        |     Arc      |   Cell    | Delay | Arrival | Required | 
     |                       |              |           |       |  Time   |   Time   | 
     |-----------------------+--------------+-----------+-------+---------+----------| 
     | req_sync_q_reg[15]    | CK ^         |           |       |   0.003 |    5.282 | 
     | req_sync_q_reg[15]    | CK ^ -> QN v | DFFX1     | 0.573 |   0.576 |    5.855 | 
     | g7001__1617           | A1N v -> Y v | AOI2BB1X1 | 0.404 |   0.980 |    6.259 | 
     | g6960__4733           | B v -> Y ^   | NAND4X1   | 0.193 |   1.172 |    6.451 | 
     | g6951__1705           | A ^ -> Y v   | NOR2X1    | 0.113 |   1.285 |    6.564 | 
     | g6946__4319           | A v -> Y ^   | NAND2X1   | 0.082 |   1.367 |    6.646 | 
     | g6941__5477           | A1N ^ -> Y ^ | OAI2BB1X1 | 0.234 |   1.601 |    6.880 | 
     | g6938                 | A ^ -> Y v   | INVX1     | 0.074 |   1.675 |    6.954 | 
     | g6930__9315           | B0 v -> Y ^  | AOI211X1  | 0.734 |   2.408 |    7.687 | 
     | g6928                 | A ^ -> Y v   | INVX1     | 0.321 |   2.730 |    8.009 | 
     | g6910__5526           | B1 v -> Y ^  | AOI22X1   | 0.358 |   3.087 |    8.366 | 
     | g6908__4319           | C0 ^ -> Y v  | OAI221XL  | 0.185 |   3.272 |    8.551 | 
     | g6905__5107           | A v -> Y v   | AND3X2    | 0.220 |   3.492 |    8.771 | 
     | g6899__5477           | B0 v -> Y ^  | AOI211X1  | 0.363 |   3.855 |    9.134 | 
     | g6896                 | A ^ -> Y v   | INVX1     | 0.111 |   3.966 |    9.245 | 
     | g6894__4733           | A1N v -> Y v | OAI2BB1X1 | 0.335 |   4.301 |    9.580 | 
     | g6887__4319           | A0 v -> Y ^  | AOI31X1   | 0.227 |   4.528 |    9.807 | 
     | pending_rank_q_reg[7] | D ^          | DFFHQX1   | 0.000 |   4.528 |    9.807 | 
     +-------------------------------------------------------------------------------+ 
Path 12: MET Setup Check with Pin pending_rank_q_reg[3]/CK 
Endpoint:   pending_rank_q_reg[3]/D (^) checked with  leading edge of 'clk'
Beginpoint: req_sync_q_reg[15]/QN   (v) triggered by  leading edge of 'clk'
Path Groups: {clk}
Analysis View: setup_view
Other End Arrival Time          0.172
- Setup                         0.163
+ Phase Shift                  10.000
- Uncertainty                   0.200
= Required Time                 9.809
- Arrival Time                  4.506
= Slack Time                    5.303
     Clock Rise Edge                 0.000
     + Clock Network Latency (Prop)  0.003
     = Beginpoint Arrival Time       0.003
     +-------------------------------------------------------------------------------+ 
     |       Instance        |     Arc      |   Cell    | Delay | Arrival | Required | 
     |                       |              |           |       |  Time   |   Time   | 
     |-----------------------+--------------+-----------+-------+---------+----------| 
     | req_sync_q_reg[15]    | CK ^         |           |       |   0.003 |    5.306 | 
     | req_sync_q_reg[15]    | CK ^ -> QN v | DFFX1     | 0.573 |   0.576 |    5.879 | 
     | g7001__1617           | A1N v -> Y v | AOI2BB1X1 | 0.404 |   0.980 |    6.283 | 
     | g6960__4733           | B v -> Y ^   | NAND4X1   | 0.193 |   1.172 |    6.476 | 
     | g6951__1705           | A ^ -> Y v   | NOR2X1    | 0.113 |   1.285 |    6.588 | 
     | g6946__4319           | A v -> Y ^   | NAND2X1   | 0.082 |   1.367 |    6.670 | 
     | g6941__5477           | A1N ^ -> Y ^ | OAI2BB1X1 | 0.234 |   1.601 |    6.904 | 
     | g6938                 | A ^ -> Y v   | INVX1     | 0.074 |   1.675 |    6.978 | 
     | g6930__9315           | B0 v -> Y ^  | AOI211X1  | 0.734 |   2.408 |    7.712 | 
     | g6928                 | A ^ -> Y v   | INVX1     | 0.321 |   2.730 |    8.033 | 
     | g6910__5526           | B1 v -> Y ^  | AOI22X1   | 0.358 |   3.087 |    8.390 | 
     | g6908__4319           | C0 ^ -> Y v  | OAI221XL  | 0.185 |   3.272 |    8.575 | 
     | g6905__5107           | A v -> Y v   | AND3X2    | 0.220 |   3.492 |    8.795 | 
     | g6899__5477           | B0 v -> Y ^  | AOI211X1  | 0.363 |   3.855 |    9.158 | 
     | g6896                 | A ^ -> Y v   | INVX1     | 0.111 |   3.966 |    9.269 | 
     | g6894__4733           | A1N v -> Y v | OAI2BB1X1 | 0.335 |   4.301 |    9.604 | 
     | g6883__6260           | A0 v -> Y ^  | AOI31X1   | 0.205 |   4.506 |    9.809 | 
     | pending_rank_q_reg[3] | D ^          | DFFHQX1   | 0.000 |   4.506 |    9.809 | 
     +-------------------------------------------------------------------------------+ 
Path 13: MET Setup Check with Pin pending_rank_q_reg[1]/CK 
Endpoint:   pending_rank_q_reg[1]/D (^) checked with  leading edge of 'clk'
Beginpoint: req_sync_q_reg[15]/QN   (v) triggered by  leading edge of 'clk'
Path Groups: {clk}
Analysis View: setup_view
Other End Arrival Time          0.172
- Setup                         0.162
+ Phase Shift                  10.000
- Uncertainty                   0.200
= Required Time                 9.811
- Arrival Time                  4.490
= Slack Time                    5.321
     Clock Rise Edge                 0.000
     + Clock Network Latency (Prop)  0.003
     = Beginpoint Arrival Time       0.003
     +-------------------------------------------------------------------------------+ 
     |       Instance        |     Arc      |   Cell    | Delay | Arrival | Required | 
     |                       |              |           |       |  Time   |   Time   | 
     |-----------------------+--------------+-----------+-------+---------+----------| 
     | req_sync_q_reg[15]    | CK ^         |           |       |   0.003 |    5.324 | 
     | req_sync_q_reg[15]    | CK ^ -> QN v | DFFX1     | 0.573 |   0.576 |    5.897 | 
     | g7001__1617           | A1N v -> Y v | AOI2BB1X1 | 0.404 |   0.980 |    6.301 | 
     | g6960__4733           | B v -> Y ^   | NAND4X1   | 0.193 |   1.172 |    6.494 | 
     | g6951__1705           | A ^ -> Y v   | NOR2X1    | 0.113 |   1.285 |    6.606 | 
     | g6946__4319           | A v -> Y ^   | NAND2X1   | 0.082 |   1.367 |    6.688 | 
     | g6941__5477           | A1N ^ -> Y ^ | OAI2BB1X1 | 0.234 |   1.601 |    6.922 | 
     | g6938                 | A ^ -> Y v   | INVX1     | 0.074 |   1.675 |    6.996 | 
     | g6930__9315           | B0 v -> Y ^  | AOI211X1  | 0.734 |   2.408 |    7.730 | 
     | g6928                 | A ^ -> Y v   | INVX1     | 0.321 |   2.730 |    8.051 | 
     | g6910__5526           | B1 v -> Y ^  | AOI22X1   | 0.358 |   3.087 |    8.409 | 
     | g6908__4319           | C0 ^ -> Y v  | OAI221XL  | 0.185 |   3.272 |    8.593 | 
     | g6905__5107           | A v -> Y v   | AND3X2    | 0.220 |   3.492 |    8.813 | 
     | g6899__5477           | B0 v -> Y ^  | AOI211X1  | 0.363 |   3.855 |    9.176 | 
     | g6896                 | A ^ -> Y v   | INVX1     | 0.111 |   3.966 |    9.287 | 
     | g6894__4733           | A1N v -> Y v | OAI2BB1X1 | 0.335 |   4.301 |    9.622 | 
     | g6880__8428           | A0 v -> Y ^  | AOI31X1   | 0.189 |   4.490 |    9.811 | 
     | pending_rank_q_reg[1] | D ^          | DFFHQX1   | 0.000 |   4.490 |    9.811 | 
     +-------------------------------------------------------------------------------+ 
Path 14: MET Setup Check with Pin pending_rank_q_reg[13]/CK 
Endpoint:   pending_rank_q_reg[13]/D (^) checked with  leading edge of 'clk'
Beginpoint: req_sync_q_reg[15]/QN    (v) triggered by  leading edge of 'clk'
Path Groups: {clk}
Analysis View: setup_view
Other End Arrival Time          0.170
- Setup                         0.163
+ Phase Shift                  10.000
- Uncertainty                   0.200
= Required Time                 9.807
- Arrival Time                  4.454
= Slack Time                    5.353
     Clock Rise Edge                 0.000
     + Clock Network Latency (Prop)  0.003
     = Beginpoint Arrival Time       0.003
     +--------------------------------------------------------------------------------+ 
     |        Instance        |     Arc      |   Cell    | Delay | Arrival | Required | 
     |                        |              |           |       |  Time   |   Time   | 
     |------------------------+--------------+-----------+-------+---------+----------| 
     | req_sync_q_reg[15]     | CK ^         |           |       |   0.003 |    5.356 | 
     | req_sync_q_reg[15]     | CK ^ -> QN v | DFFX1     | 0.573 |   0.576 |    5.929 | 
     | g7001__1617            | A1N v -> Y v | AOI2BB1X1 | 0.404 |   0.980 |    6.333 | 
     | g6960__4733            | B v -> Y ^   | NAND4X1   | 0.193 |   1.172 |    6.526 | 
     | g6951__1705            | A ^ -> Y v   | NOR2X1    | 0.113 |   1.285 |    6.638 | 
     | g6946__4319            | A v -> Y ^   | NAND2X1   | 0.082 |   1.367 |    6.720 | 
     | g6941__5477            | A1N ^ -> Y ^ | OAI2BB1X1 | 0.234 |   1.601 |    6.954 | 
     | g6938                  | A ^ -> Y v   | INVX1     | 0.074 |   1.675 |    7.028 | 
     | g6930__9315            | B0 v -> Y ^  | AOI211X1  | 0.734 |   2.408 |    7.762 | 
     | g6928                  | A ^ -> Y v   | INVX1     | 0.321 |   2.730 |    8.083 | 
     | g6910__5526            | B1 v -> Y ^  | AOI22X1   | 0.358 |   3.087 |    8.441 | 
     | g6908__4319            | C0 ^ -> Y v  | OAI221XL  | 0.185 |   3.272 |    8.625 | 
     | g6905__5107            | A v -> Y v   | AND3X2    | 0.220 |   3.492 |    8.845 | 
     | g6899__5477            | B0 v -> Y ^  | AOI211X1  | 0.363 |   3.855 |    9.208 | 
     | g6892__6161            | A0 ^ -> Y v  | OAI21XL   | 0.371 |   4.225 |    9.578 | 
     | g6878__8246            | A0 v -> Y ^  | AOI31X1   | 0.228 |   4.454 |    9.807 | 
     | pending_rank_q_reg[13] | D ^          | DFFHQX1   | 0.000 |   4.454 |    9.807 | 
     +--------------------------------------------------------------------------------+ 
Path 15: MET Setup Check with Pin pending_rank_q_reg[9]/CK 
Endpoint:   pending_rank_q_reg[9]/D (^) checked with  leading edge of 'clk'
Beginpoint: req_sync_q_reg[15]/QN   (v) triggered by  leading edge of 'clk'
Path Groups: {clk}
Analysis View: setup_view
Other End Arrival Time          0.171
- Setup                         0.163
+ Phase Shift                  10.000
- Uncertainty                   0.200
= Required Time                 9.809
- Arrival Time                  4.447
= Slack Time                    5.362
     Clock Rise Edge                 0.000
     + Clock Network Latency (Prop)  0.003
     = Beginpoint Arrival Time       0.003
     +-------------------------------------------------------------------------------+ 
     |       Instance        |     Arc      |   Cell    | Delay | Arrival | Required | 
     |                       |              |           |       |  Time   |   Time   | 
     |-----------------------+--------------+-----------+-------+---------+----------| 
     | req_sync_q_reg[15]    | CK ^         |           |       |   0.003 |    5.365 | 
     | req_sync_q_reg[15]    | CK ^ -> QN v | DFFX1     | 0.573 |   0.576 |    5.938 | 
     | g7001__1617           | A1N v -> Y v | AOI2BB1X1 | 0.404 |   0.980 |    6.342 | 
     | g6960__4733           | B v -> Y ^   | NAND4X1   | 0.193 |   1.172 |    6.534 | 
     | g6951__1705           | A ^ -> Y v   | NOR2X1    | 0.113 |   1.285 |    6.647 | 
     | g6946__4319           | A v -> Y ^   | NAND2X1   | 0.082 |   1.367 |    6.729 | 
     | g6941__5477           | A1N ^ -> Y ^ | OAI2BB1X1 | 0.234 |   1.601 |    6.963 | 
     | g6938                 | A ^ -> Y v   | INVX1     | 0.074 |   1.675 |    7.037 | 
     | g6930__9315           | B0 v -> Y ^  | AOI211X1  | 0.734 |   2.408 |    7.770 | 
     | g6928                 | A ^ -> Y v   | INVX1     | 0.321 |   2.730 |    8.092 | 
     | g6910__5526           | B1 v -> Y ^  | AOI22X1   | 0.358 |   3.087 |    8.449 | 
     | g6908__4319           | C0 ^ -> Y v  | OAI221XL  | 0.185 |   3.272 |    8.634 | 
     | g6905__5107           | A v -> Y v   | AND3X2    | 0.220 |   3.492 |    8.854 | 
     | g6899__5477           | B0 v -> Y ^  | AOI211X1  | 0.363 |   3.855 |    9.217 | 
     | g6892__6161           | A0 ^ -> Y v  | OAI21XL   | 0.371 |   4.225 |    9.587 | 
     | g6875__2802           | A0 v -> Y ^  | AOI31X1   | 0.221 |   4.446 |    9.808 | 
     | pending_rank_q_reg[9] | D ^          | DFFHQX1   | 0.000 |   4.447 |    9.809 | 
     +-------------------------------------------------------------------------------+ 
Path 16: MET Setup Check with Pin pending_rank_q_reg[11]/CK 
Endpoint:   pending_rank_q_reg[11]/D (v) checked with  leading edge of 'clk'
Beginpoint: req_sync_q_reg[15]/QN    (v) triggered by  leading edge of 'clk'
Path Groups: {clk}
Analysis View: setup_view
Other End Arrival Time          0.170
- Setup                         0.343
+ Phase Shift                  10.000
- Uncertainty                   0.200
= Required Time                 9.628
- Arrival Time                  4.260
= Slack Time                    5.367
     Clock Rise Edge                 0.000
     + Clock Network Latency (Prop)  0.003
     = Beginpoint Arrival Time       0.003
     +--------------------------------------------------------------------------------+ 
     |        Instance        |     Arc      |   Cell    | Delay | Arrival | Required | 
     |                        |              |           |       |  Time   |   Time   | 
     |------------------------+--------------+-----------+-------+---------+----------| 
     | req_sync_q_reg[15]     | CK ^         |           |       |   0.003 |    5.370 | 
     | req_sync_q_reg[15]     | CK ^ -> QN v | DFFX1     | 0.573 |   0.576 |    5.943 | 
     | g7001__1617            | A1N v -> Y v | AOI2BB1X1 | 0.404 |   0.980 |    6.347 | 
     | g6960__4733            | B v -> Y ^   | NAND4X1   | 0.193 |   1.172 |    6.540 | 
     | g6951__1705            | A ^ -> Y v   | NOR2X1    | 0.113 |   1.285 |    6.652 | 
     | g6946__4319            | A v -> Y ^   | NAND2X1   | 0.082 |   1.367 |    6.735 | 
     | g6941__5477            | A1N ^ -> Y ^ | OAI2BB1X1 | 0.234 |   1.601 |    6.969 | 
     | g6938                  | A ^ -> Y v   | INVX1     | 0.074 |   1.675 |    7.042 | 
     | g6930__9315            | B0 v -> Y ^  | AOI211X1  | 0.734 |   2.408 |    7.776 | 
     | g6928                  | A ^ -> Y v   | INVX1     | 0.321 |   2.730 |    8.097 | 
     | g6910__5526            | B1 v -> Y ^  | AOI22X1   | 0.358 |   3.087 |    8.455 | 
     | g6907__6260            | A ^ -> Y v   | NAND2X1   | 0.109 |   3.196 |    8.564 | 
     | g6904__2398            | A0 v -> Y ^  | AOI21X1   | 0.324 |   3.520 |    8.887 | 
     | g6903                  | A ^ -> Y v   | INVX1     | 0.115 |   3.635 |    9.003 | 
     | g6898__2883            | A0 v -> Y ^  | OAI21XL   | 0.467 |   4.102 |    9.469 | 
     | g6877__7098            | A1 ^ -> Y v  | AOI31X1   | 0.158 |   4.260 |    9.628 | 
     | pending_rank_q_reg[11] | D v          | DFFHQX1   | 0.000 |   4.260 |    9.628 | 
     +--------------------------------------------------------------------------------+ 
Path 17: MET Setup Check with Pin out_rank_q_reg[0]/CK 
Endpoint:   out_rank_q_reg[0]/D   (v) checked with  leading edge of 'clk'
Beginpoint: req_sync_q_reg[15]/QN (v) triggered by  leading edge of 'clk'
Path Groups: {clk}
Analysis View: setup_view
Other End Arrival Time          0.170
- Setup                         0.280
+ Phase Shift                  10.000
- Uncertainty                   0.200
= Required Time                 9.690
- Arrival Time                  4.049
= Slack Time                    5.641
     Clock Rise Edge                 0.000
     + Clock Network Latency (Prop)  0.003
     = Beginpoint Arrival Time       0.003
     +----------------------------------------------------------------------------+ 
     |      Instance      |     Arc      |   Cell    | Delay | Arrival | Required | 
     |                    |              |           |       |  Time   |   Time   | 
     |--------------------+--------------+-----------+-------+---------+----------| 
     | req_sync_q_reg[15] | CK ^         |           |       |   0.003 |    5.644 | 
     | req_sync_q_reg[15] | CK ^ -> QN v | DFFX1     | 0.573 |   0.576 |    6.217 | 
     | g7001__1617        | A1N v -> Y v | AOI2BB1X1 | 0.404 |   0.980 |    6.621 | 
     | g6960__4733        | B v -> Y ^   | NAND4X1   | 0.193 |   1.172 |    6.813 | 
     | g6951__1705        | A ^ -> Y v   | NOR2X1    | 0.113 |   1.285 |    6.926 | 
     | g6946__4319        | A v -> Y ^   | NAND2X1   | 0.082 |   1.367 |    7.008 | 
     | g6941__5477        | A1N ^ -> Y ^ | OAI2BB1X1 | 0.234 |   1.601 |    7.242 | 
     | g6938              | A ^ -> Y v   | INVX1     | 0.074 |   1.675 |    7.316 | 
     | g6930__9315        | B0 v -> Y ^  | AOI211X1  | 0.734 |   2.408 |    8.049 | 
     | g6928              | A ^ -> Y v   | INVX1     | 0.321 |   2.730 |    8.371 | 
     | g6910__5526        | B1 v -> Y ^  | AOI22X1   | 0.358 |   3.087 |    8.728 | 
     | g6908__4319        | C0 ^ -> Y v  | OAI221XL  | 0.185 |   3.272 |    8.913 | 
     | g6905__5107        | A v -> Y v   | AND3X2    | 0.220 |   3.492 |    9.133 | 
     | g6899__5477        | B0 v -> Y ^  | AOI211X1  | 0.363 |   3.855 |    9.496 | 
     | g6889__5115        | A0 ^ -> Y v  | OAI221XL  | 0.194 |   4.049 |    9.690 | 
     | out_rank_q_reg[0]  | D v          | DFFX1     | 0.000 |   4.049 |    9.690 | 
     +----------------------------------------------------------------------------+ 
Path 18: MET Setup Check with Pin out_rank_q_reg[1]/CK 
Endpoint:   out_rank_q_reg[1]/D   (v) checked with  leading edge of 'clk'
Beginpoint: req_sync_q_reg[15]/QN (v) triggered by  leading edge of 'clk'
Path Groups: {clk}
Analysis View: setup_view
Other End Arrival Time          0.170
- Setup                         0.276
+ Phase Shift                  10.000
- Uncertainty                   0.200
= Required Time                 9.695
- Arrival Time                  3.752
= Slack Time                    5.943
     Clock Rise Edge                 0.000
     + Clock Network Latency (Prop)  0.003
     = Beginpoint Arrival Time       0.003
     +----------------------------------------------------------------------------+ 
     |      Instance      |     Arc      |   Cell    | Delay | Arrival | Required | 
     |                    |              |           |       |  Time   |   Time   | 
     |--------------------+--------------+-----------+-------+---------+----------| 
     | req_sync_q_reg[15] | CK ^         |           |       |   0.003 |    5.945 | 
     | req_sync_q_reg[15] | CK ^ -> QN v | DFFX1     | 0.573 |   0.576 |    6.518 | 
     | g7001__1617        | A1N v -> Y v | AOI2BB1X1 | 0.404 |   0.980 |    6.922 | 
     | g6960__4733        | B v -> Y ^   | NAND4X1   | 0.193 |   1.172 |    7.115 | 
     | g6951__1705        | A ^ -> Y v   | NOR2X1    | 0.113 |   1.285 |    7.228 | 
     | g6946__4319        | A v -> Y ^   | NAND2X1   | 0.082 |   1.367 |    7.310 | 
     | g6941__5477        | A1N ^ -> Y ^ | OAI2BB1X1 | 0.234 |   1.601 |    7.544 | 
     | g6938              | A ^ -> Y v   | INVX1     | 0.074 |   1.675 |    7.618 | 
     | g6930__9315        | B0 v -> Y ^  | AOI211X1  | 0.734 |   2.408 |    8.351 | 
     | g6928              | A ^ -> Y v   | INVX1     | 0.321 |   2.730 |    8.672 | 
     | g6924__5115        | A0 v -> Y ^  | OAI22X1   | 0.213 |   2.942 |    8.885 | 
     | g6912__6783        | B0 ^ -> Y v  | AOI22X1   | 0.188 |   3.130 |    9.072 | 
     | g6907__6260        | B v -> Y ^   | NAND2X1   | 0.146 |   3.276 |    9.219 | 
     | g6904__2398        | A0 ^ -> Y v  | AOI21X1   | 0.178 |   3.454 |    9.396 | 
     | g3                 | A v -> Y ^   | NOR2XL    | 0.157 |   3.610 |    9.553 | 
     | g2                 | B ^ -> Y v   | MXI2XL    | 0.142 |   3.752 |    9.695 | 
     | out_rank_q_reg[1]  | D v          | DFFX1     | 0.000 |   3.752 |    9.695 | 
     +----------------------------------------------------------------------------+ 
Path 19: MET Setup Check with Pin out_rank_q_reg[2]/CK 
Endpoint:   out_rank_q_reg[2]/D   (v) checked with  leading edge of 'clk'
Beginpoint: req_sync_q_reg[11]/QN (v) triggered by  leading edge of 'clk'
Path Groups: {clk}
Analysis View: setup_view
Other End Arrival Time          0.170
- Setup                         0.285
+ Phase Shift                  10.000
- Uncertainty                   0.200
= Required Time                 9.685
- Arrival Time                  3.188
= Slack Time                    6.496
     Clock Rise Edge                 0.000
     + Clock Network Latency (Prop)  0.003
     = Beginpoint Arrival Time       0.003
     +----------------------------------------------------------------------------+ 
     |      Instance      |     Arc      |   Cell    | Delay | Arrival | Required | 
     |                    |              |           |       |  Time   |   Time   | 
     |--------------------+--------------+-----------+-------+---------+----------| 
     | req_sync_q_reg[11] | CK ^         |           |       |   0.003 |    6.499 | 
     | req_sync_q_reg[11] | CK ^ -> QN v | DFFX1     | 0.566 |   0.569 |    7.065 | 
     | g7000__3680        | A1N v -> Y v | AOI2BB1X1 | 0.421 |   0.990 |    7.486 | 
     | g6956__5115        | B v -> Y ^   | NAND4X1   | 0.221 |   1.210 |    7.707 | 
     | g6953__5122        | B ^ -> Y v   | NOR2X1    | 0.150 |   1.360 |    7.857 | 
     | g6949__5526        | AN v -> Y v  | NOR2BX1   | 0.225 |   1.585 |    8.082 | 
     | g6943__2398        | AN v -> Y v  | NOR2BX1   | 0.230 |   1.815 |    8.311 | 
     | g7216              | B v -> Y ^   | NAND2BX1  | 0.142 |   1.957 |    8.453 | 
     | g6934__9945        | AN ^ -> Y ^  | NOR2BX2   | 0.678 |   2.635 |    9.131 | 
     | g6933              | A ^ -> Y v   | INVX1     | 0.104 |   2.739 |    9.235 | 
     | g6929__4733        | B0 v -> Y ^  | AOI21X1   | 0.252 |   2.990 |    9.487 | 
     | g6909__8428        | B0 ^ -> Y v  | OAI221XL  | 0.198 |   3.188 |    9.685 | 
     | out_rank_q_reg[2]  | D v          | DFFX1     | 0.000 |   3.188 |    9.685 | 
     +----------------------------------------------------------------------------+ 
Path 20: MET Setup Check with Pin out_rank_q_reg[3]/CK 
Endpoint:   out_rank_q_reg[3]/D   (^) checked with  leading edge of 'clk'
Beginpoint: req_sync_q_reg[11]/QN (v) triggered by  leading edge of 'clk'
Path Groups: {clk}
Analysis View: setup_view
Other End Arrival Time          0.170
- Setup                         0.130
+ Phase Shift                  10.000
- Uncertainty                   0.200
= Required Time                 9.840
- Arrival Time                  3.267
= Slack Time                    6.573
     Clock Rise Edge                 0.000
     + Clock Network Latency (Prop)  0.003
     = Beginpoint Arrival Time       0.003
     +----------------------------------------------------------------------------+ 
     |      Instance      |     Arc      |   Cell    | Delay | Arrival | Required | 
     |                    |              |           |       |  Time   |   Time   | 
     |--------------------+--------------+-----------+-------+---------+----------| 
     | req_sync_q_reg[11] | CK ^         |           |       |   0.003 |    6.576 | 
     | req_sync_q_reg[11] | CK ^ -> QN v | DFFX1     | 0.566 |   0.569 |    7.142 | 
     | g7000__3680        | A1N v -> Y v | AOI2BB1X1 | 0.421 |   0.990 |    7.563 | 
     | g6956__5115        | B v -> Y ^   | NAND4X1   | 0.221 |   1.210 |    7.783 | 
     | g6953__5122        | B ^ -> Y v   | NOR2X1    | 0.150 |   1.360 |    7.933 | 
     | g6949__5526        | AN v -> Y v  | NOR2BX1   | 0.225 |   1.585 |    8.158 | 
     | g6943__2398        | AN v -> Y v  | NOR2BX1   | 0.230 |   1.815 |    8.388 | 
     | g7216              | B v -> Y ^   | NAND2BX1  | 0.142 |   1.957 |    8.530 | 
     | g6934__9945        | AN ^ -> Y ^  | NOR2BX2   | 0.678 |   2.635 |    9.208 | 
     | g6933              | A ^ -> Y v   | INVX1     | 0.104 |   2.739 |    9.312 | 
     | g6929__4733        | B0 v -> Y ^  | AOI21X1   | 0.252 |   2.990 |    9.563 | 
     | g6918__5122        | B0 ^ -> Y v  | OAI21XL   | 0.145 |   3.135 |    9.708 | 
     | g6913__3680        | B0 v -> Y ^  | OAI21XL   | 0.132 |   3.267 |    9.840 | 
     | out_rank_q_reg[3]  | D ^          | DFFX1     | 0.000 |   3.267 |    9.840 | 
     +----------------------------------------------------------------------------+ 
Path 21: MET Setup Check with Pin out_valid_q_reg/CK 
Endpoint:   out_valid_q_reg/D     (v) checked with  leading edge of 'clk'
Beginpoint: req_sync_q_reg[11]/QN (^) triggered by  leading edge of 'clk'
Path Groups: {clk}
Analysis View: setup_view
Other End Arrival Time          0.170
- Setup                         0.399
+ Phase Shift                  10.000
- Uncertainty                   0.200
= Required Time                 9.572
- Arrival Time                  2.067
= Slack Time                    7.504
     Clock Rise Edge                 0.000
     + Clock Network Latency (Prop)  0.003
     = Beginpoint Arrival Time       0.003
     +----------------------------------------------------------------------------+ 
     |      Instance      |     Arc      |   Cell    | Delay | Arrival | Required | 
     |                    |              |           |       |  Time   |   Time   | 
     |--------------------+--------------+-----------+-------+---------+----------| 
     | req_sync_q_reg[11] | CK ^         |           |       |   0.003 |    7.507 | 
     | req_sync_q_reg[11] | CK ^ -> QN ^ | DFFX1     | 0.502 |   0.505 |    8.009 | 
     | g7000__3680        | A1N ^ -> Y ^ | AOI2BB1X1 | 0.445 |   0.949 |    8.454 | 
     | g6956__5115        | B ^ -> Y v   | NAND4X1   | 0.228 |   1.177 |    8.681 | 
     | g6953__5122        | B v -> Y ^   | NOR2X1    | 0.270 |   1.447 |    8.952 | 
     | g6949__5526        | AN ^ -> Y ^  | NOR2BX1   | 0.248 |   1.695 |    9.200 | 
     | g6943__2398        | AN ^ -> Y ^  | NOR2BX1   | 0.265 |   1.961 |    9.465 | 
     | g7216              | B ^ -> Y v   | NAND2BX1  | 0.106 |   2.067 |    9.572 | 
     | out_valid_q_reg    | D v          | DFFTRX1   | 0.000 |   2.067 |    9.572 | 
     +----------------------------------------------------------------------------+ 
Path 22: MET Setup Check with Pin ack_rank_q_reg[0]/CK 
Endpoint:   ack_rank_q_reg[0]/D  (v) checked with  leading edge of 'clk'
Beginpoint: req_sync_q_reg[0]/QN (^) triggered by  leading edge of 'clk'
Path Groups: {clk}
Analysis View: setup_view
Other End Arrival Time          0.173
- Setup                         0.397
+ Phase Shift                  10.000
- Uncertainty                   0.200
= Required Time                 9.576
- Arrival Time                  0.622
= Slack Time                    8.953
     Clock Rise Edge                 0.000
     + Clock Network Latency (Prop)  -0.001
     = Beginpoint Arrival Time       -0.001
     +-------------------------------------------------------------------------+ 
     |     Instance      |     Arc      |  Cell   | Delay | Arrival | Required | 
     |                   |              |         |       |  Time   |   Time   | 
     |-------------------+--------------+---------+-------+---------+----------| 
     | req_sync_q_reg[0] | CK ^         |         |       |  -0.001 |    8.952 | 
     | req_sync_q_reg[0] | CK ^ -> QN ^ | DFFX1   | 0.533 |   0.532 |    9.486 | 
     | g7035__3680       | B0 ^ -> Y v  | AOI21XL | 0.090 |   0.622 |    9.576 | 
     | ack_rank_q_reg[0] | D v          | DFFTRX1 | 0.000 |   0.622 |    9.576 | 
     +-------------------------------------------------------------------------+ 
Path 23: MET Setup Check with Pin ack_rank_q_reg[2]/CK 
Endpoint:   ack_rank_q_reg[2]/D  (v) checked with  leading edge of 'clk'
Beginpoint: req_sync_q_reg[3]/QN (^) triggered by  leading edge of 'clk'
Path Groups: {clk}
Analysis View: setup_view
Other End Arrival Time          0.173
- Setup                         0.396
+ Phase Shift                  10.000
- Uncertainty                   0.200
= Required Time                 9.577
- Arrival Time                  0.612
= Slack Time                    8.965
     Clock Rise Edge                 0.000
     + Clock Network Latency (Prop)  -0.001
     = Beginpoint Arrival Time       -0.001
     +-------------------------------------------------------------------------+ 
     |     Instance      |     Arc      |  Cell   | Delay | Arrival | Required | 
     |                   |              |         |       |  Time   |   Time   | 
     |-------------------+--------------+---------+-------+---------+----------| 
     | req_sync_q_reg[3] | CK ^         |         |       |  -0.001 |    8.964 | 
     | req_sync_q_reg[3] | CK ^ -> QN ^ | DFFX1   | 0.528 |   0.527 |    9.492 | 
     | g7027__4733       | B0 ^ -> Y v  | AOI21XL | 0.085 |   0.612 |    9.577 | 
     | ack_rank_q_reg[2] | D v          | DFFTRX1 | 0.000 |   0.612 |    9.577 | 
     +-------------------------------------------------------------------------+ 
Path 24: MET Setup Check with Pin ack_rank_q_reg[1]/CK 
Endpoint:   ack_rank_q_reg[1]/D  (v) checked with  leading edge of 'clk'
Beginpoint: req_sync_q_reg[1]/QN (^) triggered by  leading edge of 'clk'
Path Groups: {clk}
Analysis View: setup_view
Other End Arrival Time          0.172
- Setup                         0.396
+ Phase Shift                  10.000
- Uncertainty                   0.200
= Required Time                 9.577
- Arrival Time                  0.606
= Slack Time                    8.971
     Clock Rise Edge                 0.000
     + Clock Network Latency (Prop)  -0.001
     = Beginpoint Arrival Time       -0.001
     +-------------------------------------------------------------------------+ 
     |     Instance      |     Arc      |  Cell   | Delay | Arrival | Required | 
     |                   |              |         |       |  Time   |   Time   | 
     |-------------------+--------------+---------+-------+---------+----------| 
     | req_sync_q_reg[1] | CK ^         |         |       |  -0.001 |    8.970 | 
     | req_sync_q_reg[1] | CK ^ -> QN ^ | DFFX1   | 0.525 |   0.524 |    9.495 | 
     | g7025__6417       | B0 ^ -> Y v  | AOI21XL | 0.082 |   0.606 |    9.577 | 
     | ack_rank_q_reg[1] | D v          | DFFTRX1 | 0.000 |   0.606 |    9.577 | 
     +-------------------------------------------------------------------------+ 
Path 25: MET Setup Check with Pin ack_rank_q_reg[3]/CK 
Endpoint:   ack_rank_q_reg[3]/D  (v) checked with  leading edge of 'clk'
Beginpoint: req_sync_q_reg[2]/QN (^) triggered by  leading edge of 'clk'
Path Groups: {clk}
Analysis View: setup_view
Other End Arrival Time          0.173
- Setup                         0.397
+ Phase Shift                  10.000
- Uncertainty                   0.200
= Required Time                 9.576
- Arrival Time                  0.603
= Slack Time                    8.973
     Clock Rise Edge                 0.000
     + Clock Network Latency (Prop)  -0.001
     = Beginpoint Arrival Time       -0.001
     +-------------------------------------------------------------------------+ 
     |     Instance      |     Arc      |  Cell   | Delay | Arrival | Required | 
     |                   |              |         |       |  Time   |   Time   | 
     |-------------------+--------------+---------+-------+---------+----------| 
     | req_sync_q_reg[2] | CK ^         |         |       |  -0.001 |    8.973 | 
     | req_sync_q_reg[2] | CK ^ -> QN ^ | DFFX1   | 0.517 |   0.517 |    9.490 | 
     | g7024__1666       | B0 ^ -> Y v  | AOI21XL | 0.086 |   0.603 |    9.576 | 
     | ack_rank_q_reg[3] | D v          | DFFTRX1 | 0.000 |   0.603 |    9.576 | 
     +-------------------------------------------------------------------------+ 
Path 26: MET Setup Check with Pin ack_rank_q_reg[8]/CK 
Endpoint:   ack_rank_q_reg[8]/D  (v) checked with  leading edge of 'clk'
Beginpoint: req_sync_q_reg[8]/QN (^) triggered by  leading edge of 'clk'
Path Groups: {clk}
Analysis View: setup_view
Other End Arrival Time          0.173
- Setup                         0.396
+ Phase Shift                  10.000
- Uncertainty                   0.200
= Required Time                 9.576
- Arrival Time                  0.595
= Slack Time                    8.981
     Clock Rise Edge                 0.000
     + Clock Network Latency (Prop)  -0.000
     = Beginpoint Arrival Time       -0.000
     +-------------------------------------------------------------------------+ 
     |     Instance      |     Arc      |  Cell   | Delay | Arrival | Required | 
     |                   |              |         |       |  Time   |   Time   | 
     |-------------------+--------------+---------+-------+---------+----------| 
     | req_sync_q_reg[8] | CK ^         |         |       |  -0.000 |    8.981 | 
     | req_sync_q_reg[8] | CK ^ -> QN ^ | DFFX1   | 0.512 |   0.512 |    9.493 | 
     | g7033__5526       | B0 ^ -> Y v  | AOI21XL | 0.083 |   0.595 |    9.576 | 
     | ack_rank_q_reg[8] | D v          | DFFTRX1 | 0.000 |   0.595 |    9.576 | 
     +-------------------------------------------------------------------------+ 
Path 27: MET Setup Check with Pin ack_rank_q_reg[14]/CK 
Endpoint:   ack_rank_q_reg[14]/D  (v) checked with  leading edge of 'clk'
Beginpoint: req_sync_q_reg[15]/QN (^) triggered by  leading edge of 'clk'
Path Groups: {clk}
Analysis View: setup_view
Other End Arrival Time          0.170
- Setup                         0.396
+ Phase Shift                  10.000
- Uncertainty                   0.200
= Required Time                 9.574
- Arrival Time                  0.592
= Slack Time                    8.982
     Clock Rise Edge                 0.000
     + Clock Network Latency (Prop)  0.003
     = Beginpoint Arrival Time       0.003
     +--------------------------------------------------------------------------+ 
     |      Instance      |     Arc      |  Cell   | Delay | Arrival | Required | 
     |                    |              |         |       |  Time   |   Time   | 
     |--------------------+--------------+---------+-------+---------+----------| 
     | req_sync_q_reg[15] | CK ^         |         |       |   0.003 |    8.984 | 
     | req_sync_q_reg[15] | CK ^ -> QN ^ | DFFX1   | 0.509 |   0.511 |    9.493 | 
     | g7023__2346        | B0 ^ -> Y v  | AOI21XL | 0.081 |   0.592 |    9.574 | 
     | ack_rank_q_reg[14] | D v          | DFFTRX1 | 0.000 |   0.592 |    9.574 | 
     +--------------------------------------------------------------------------+ 
Path 28: MET Setup Check with Pin ack_rank_q_reg[11]/CK 
Endpoint:   ack_rank_q_reg[11]/D  (v) checked with  leading edge of 'clk'
Beginpoint: req_sync_q_reg[10]/QN (^) triggered by  leading edge of 'clk'
Path Groups: {clk}
Analysis View: setup_view
Other End Arrival Time          0.170
- Setup                         0.396
+ Phase Shift                  10.000
- Uncertainty                   0.200
= Required Time                 9.574
- Arrival Time                  0.588
= Slack Time                    8.986
     Clock Rise Edge                 0.000
     + Clock Network Latency (Prop)  0.000
     = Beginpoint Arrival Time       0.000
     +--------------------------------------------------------------------------+ 
     |      Instance      |     Arc      |  Cell   | Delay | Arrival | Required | 
     |                    |              |         |       |  Time   |   Time   | 
     |--------------------+--------------+---------+-------+---------+----------| 
     | req_sync_q_reg[10] | CK ^         |         |       |   0.000 |    8.986 | 
     | req_sync_q_reg[10] | CK ^ -> QN ^ | DFFX1   | 0.506 |   0.506 |    9.492 | 
     | g7020__6161        | B0 ^ -> Y v  | AOI21XL | 0.082 |   0.588 |    9.574 | 
     | ack_rank_q_reg[11] | D v          | DFFTRX1 | 0.000 |   0.588 |    9.574 | 
     +--------------------------------------------------------------------------+ 
Path 29: MET Setup Check with Pin ack_rank_q_reg[9]/CK 
Endpoint:   ack_rank_q_reg[9]/D  (v) checked with  leading edge of 'clk'
Beginpoint: req_sync_q_reg[9]/QN (^) triggered by  leading edge of 'clk'
Path Groups: {clk}
Analysis View: setup_view
Other End Arrival Time          0.172
- Setup                         0.398
+ Phase Shift                  10.000
- Uncertainty                   0.200
= Required Time                 9.574
- Arrival Time                  0.588
= Slack Time                    8.986
     Clock Rise Edge                 0.000
     + Clock Network Latency (Prop)  0.000
     = Beginpoint Arrival Time       0.000
     +-------------------------------------------------------------------------+ 
     |     Instance      |     Arc      |  Cell   | Delay | Arrival | Required | 
     |                   |              |         |       |  Time   |   Time   | 
     |-------------------+--------------+---------+-------+---------+----------| 
     | req_sync_q_reg[9] | CK ^         |         |       |   0.000 |    8.986 | 
     | req_sync_q_reg[9] | CK ^ -> QN ^ | DFFX1   | 0.500 |   0.500 |    9.487 | 
     | g7034__6783       | B0 ^ -> Y v  | AOI21XL | 0.088 |   0.588 |    9.574 | 
     | ack_rank_q_reg[9] | D v          | DFFTRX1 | 0.000 |   0.588 |    9.574 | 
     +-------------------------------------------------------------------------+ 
Path 30: MET Setup Check with Pin ack_rank_q_reg[10]/CK 
Endpoint:   ack_rank_q_reg[10]/D  (v) checked with  leading edge of 'clk'
Beginpoint: req_sync_q_reg[11]/QN (^) triggered by  leading edge of 'clk'
Path Groups: {clk}
Analysis View: setup_view
Other End Arrival Time          0.173
- Setup                         0.396
+ Phase Shift                  10.000
- Uncertainty                   0.200
= Required Time                 9.576
- Arrival Time                  0.586
= Slack Time                    8.991
     Clock Rise Edge                 0.000
     + Clock Network Latency (Prop)  0.003
     = Beginpoint Arrival Time       0.003
     +--------------------------------------------------------------------------+ 
     |      Instance      |     Arc      |  Cell   | Delay | Arrival | Required | 
     |                    |              |         |       |  Time   |   Time   | 
     |--------------------+--------------+---------+-------+---------+----------| 
     | req_sync_q_reg[11] | CK ^         |         |       |   0.003 |    8.993 | 
     | req_sync_q_reg[11] | CK ^ -> QN ^ | DFFX1   | 0.502 |   0.505 |    9.495 | 
     | g7029__5107        | B0 ^ -> Y v  | AOI21XL | 0.081 |   0.586 |    9.576 | 
     | ack_rank_q_reg[10] | D v          | DFFTRX1 | 0.000 |   0.586 |    9.576 | 
     +--------------------------------------------------------------------------+ 
Path 31: MET Setup Check with Pin ack_rank_q_reg[15]/CK 
Endpoint:   ack_rank_q_reg[15]/D  (v) checked with  leading edge of 'clk'
Beginpoint: req_sync_q_reg[14]/QN (^) triggered by  leading edge of 'clk'
Path Groups: {clk}
Analysis View: setup_view
Other End Arrival Time          0.169
- Setup                         0.396
+ Phase Shift                  10.000
- Uncertainty                   0.200
= Required Time                 9.573
- Arrival Time                  0.582
= Slack Time                    8.991
     Clock Rise Edge                 0.000
     + Clock Network Latency (Prop)  0.000
     = Beginpoint Arrival Time       0.000
     +--------------------------------------------------------------------------+ 
     |      Instance      |     Arc      |  Cell   | Delay | Arrival | Required | 
     |                    |              |         |       |  Time   |   Time   | 
     |--------------------+--------------+---------+-------+---------+----------| 
     | req_sync_q_reg[14] | CK ^         |         |       |   0.000 |    8.992 | 
     | req_sync_q_reg[14] | CK ^ -> QN ^ | DFFX1   | 0.500 |   0.500 |    9.491 | 
     | g7026__1705        | B0 ^ -> Y v  | AOI21XL | 0.082 |   0.582 |    9.573 | 
     | ack_rank_q_reg[15] | D v          | DFFTRX1 | 0.000 |   0.582 |    9.573 | 
     +--------------------------------------------------------------------------+ 
Path 32: MET Setup Check with Pin ack_rank_q_reg[13]/CK 
Endpoint:   ack_rank_q_reg[13]/D  (v) checked with  leading edge of 'clk'
Beginpoint: req_sync_q_reg[13]/QN (^) triggered by  leading edge of 'clk'
Path Groups: {clk}
Analysis View: setup_view
Other End Arrival Time          0.170
- Setup                         0.396
+ Phase Shift                  10.000
- Uncertainty                   0.200
= Required Time                 9.574
- Arrival Time                  0.582
= Slack Time                    8.992
     Clock Rise Edge                 0.000
     + Clock Network Latency (Prop)  0.000
     = Beginpoint Arrival Time       0.000
     +--------------------------------------------------------------------------+ 
     |      Instance      |     Arc      |  Cell   | Delay | Arrival | Required | 
     |                    |              |         |       |  Time   |   Time   | 
     |--------------------+--------------+---------+-------+---------+----------| 
     | req_sync_q_reg[13] | CK ^         |         |       |   0.000 |    8.993 | 
     | req_sync_q_reg[13] | CK ^ -> QN ^ | DFFX1   | 0.503 |   0.503 |    9.495 | 
     | g7022__9945        | B0 ^ -> Y v  | AOI21XL | 0.079 |   0.582 |    9.574 | 
     | ack_rank_q_reg[13] | D v          | DFFTRX1 | 0.000 |   0.582 |    9.574 | 
     +--------------------------------------------------------------------------+ 
Path 33: MET Setup Check with Pin ack_rank_q_reg[12]/CK 
Endpoint:   ack_rank_q_reg[12]/D  (v) checked with  leading edge of 'clk'
Beginpoint: req_sync_q_reg[12]/QN (^) triggered by  leading edge of 'clk'
Path Groups: {clk}
Analysis View: setup_view
Other End Arrival Time          0.171
- Setup                         0.396
+ Phase Shift                  10.000
- Uncertainty                   0.200
= Required Time                 9.575
- Arrival Time                  0.569
= Slack Time                    9.006
     Clock Rise Edge                 0.000
     + Clock Network Latency (Prop)  0.000
     = Beginpoint Arrival Time       0.000
     +--------------------------------------------------------------------------+ 
     |      Instance      |     Arc      |  Cell   | Delay | Arrival | Required | 
     |                    |              |         |       |  Time   |   Time   | 
     |--------------------+--------------+---------+-------+---------+----------| 
     | req_sync_q_reg[12] | CK ^         |         |       |   0.000 |    9.006 | 
     | req_sync_q_reg[12] | CK ^ -> QN ^ | DFFX1   | 0.491 |   0.491 |    9.497 | 
     | g7021__9315        | B0 ^ -> Y v  | AOI21XL | 0.078 |   0.569 |    9.575 | 
     | ack_rank_q_reg[12] | D v          | DFFTRX1 | 0.000 |   0.569 |    9.575 | 
     +--------------------------------------------------------------------------+ 
Path 34: MET Setup Check with Pin ack_rank_q_reg[7]/CK 
Endpoint:   ack_rank_q_reg[7]/D  (v) checked with  leading edge of 'clk'
Beginpoint: req_sync_q_reg[6]/QN (^) triggered by  leading edge of 'clk'
Path Groups: {clk}
Analysis View: setup_view
Other End Arrival Time          0.172
- Setup                         0.398
+ Phase Shift                  10.000
- Uncertainty                   0.200
= Required Time                 9.575
- Arrival Time                  0.547
= Slack Time                    9.027
     Clock Rise Edge                 0.000
     + Clock Network Latency (Prop)  -0.000
     = Beginpoint Arrival Time       -0.000
     +-------------------------------------------------------------------------+ 
     |     Instance      |     Arc      |  Cell   | Delay | Arrival | Required | 
     |                   |              |         |       |  Time   |   Time   | 
     |-------------------+--------------+---------+-------+---------+----------| 
     | req_sync_q_reg[6] | CK ^         |         |       |  -0.000 |    9.027 | 
     | req_sync_q_reg[6] | CK ^ -> QN ^ | DFFX1   | 0.468 |   0.467 |    9.495 | 
     | g7032__8428       | B0 ^ -> Y v  | AOI21XL | 0.080 |   0.547 |    9.575 | 
     | ack_rank_q_reg[7] | D v          | DFFTRX1 | 0.000 |   0.547 |    9.575 | 
     +-------------------------------------------------------------------------+ 
Path 35: MET Setup Check with Pin ack_rank_q_reg[5]/CK 
Endpoint:   ack_rank_q_reg[5]/D  (v) checked with  leading edge of 'clk'
Beginpoint: req_sync_q_reg[5]/QN (^) triggered by  leading edge of 'clk'
Path Groups: {clk}
Analysis View: setup_view
Other End Arrival Time          0.172
- Setup                         0.397
+ Phase Shift                  10.000
- Uncertainty                   0.200
= Required Time                 9.576
- Arrival Time                  0.540
= Slack Time                    9.036
     Clock Rise Edge                 0.000
     + Clock Network Latency (Prop)  0.000
     = Beginpoint Arrival Time       0.000
     +-------------------------------------------------------------------------+ 
     |     Instance      |     Arc      |  Cell   | Delay | Arrival | Required | 
     |                   |              |         |       |  Time   |   Time   | 
     |-------------------+--------------+---------+-------+---------+----------| 
     | req_sync_q_reg[5] | CK ^         |         |       |   0.000 |    9.036 | 
     | req_sync_q_reg[5] | CK ^ -> QN ^ | DFFX1   | 0.464 |   0.464 |    9.500 | 
     | g7030__8246       | B0 ^ -> Y v  | AOI21XL | 0.076 |   0.540 |    9.576 | 
     | ack_rank_q_reg[5] | D v          | DFFTRX1 | 0.000 |   0.540 |    9.576 | 
     +-------------------------------------------------------------------------+ 
Path 36: MET Setup Check with Pin ack_rank_q_reg[4]/CK 
Endpoint:   ack_rank_q_reg[4]/D  (v) checked with  leading edge of 'clk'
Beginpoint: req_sync_q_reg[4]/QN (^) triggered by  leading edge of 'clk'
Path Groups: {clk}
Analysis View: setup_view
Other End Arrival Time          0.170
- Setup                         0.399
+ Phase Shift                  10.000
- Uncertainty                   0.200
= Required Time                 9.571
- Arrival Time                  0.524
= Slack Time                    9.047
     Clock Rise Edge                 0.000
     + Clock Network Latency (Prop)  -0.000
     = Beginpoint Arrival Time       -0.000
     +-------------------------------------------------------------------------+ 
     |     Instance      |     Arc      |  Cell   | Delay | Arrival | Required | 
     |                   |              |         |       |  Time   |   Time   | 
     |-------------------+--------------+---------+-------+---------+----------| 
     | req_sync_q_reg[4] | CK ^         |         |       |  -0.000 |    9.047 | 
     | req_sync_q_reg[4] | CK ^ -> QN ^ | DFFX1   | 0.448 |   0.448 |    9.495 | 
     | g7028__2802       | B0 ^ -> Y v  | AOI21XL | 0.076 |   0.524 |    9.571 | 
     | ack_rank_q_reg[4] | D v          | DFFTRX1 | 0.000 |   0.524 |    9.571 | 
     +-------------------------------------------------------------------------+ 
Path 37: MET Setup Check with Pin ack_rank_q_reg[6]/CK 
Endpoint:   ack_rank_q_reg[6]/D  (v) checked with  leading edge of 'clk'
Beginpoint: req_sync_q_reg[7]/QN (^) triggered by  leading edge of 'clk'
Path Groups: {clk}
Analysis View: setup_view
Other End Arrival Time          0.170
- Setup                         0.395
+ Phase Shift                  10.000
- Uncertainty                   0.200
= Required Time                 9.575
- Arrival Time                  0.525
= Slack Time                    9.050
     Clock Rise Edge                 0.000
     + Clock Network Latency (Prop)  -0.000
     = Beginpoint Arrival Time       -0.000
     +-------------------------------------------------------------------------+ 
     |     Instance      |     Arc      |  Cell   | Delay | Arrival | Required | 
     |                   |              |         |       |  Time   |   Time   | 
     |-------------------+--------------+---------+-------+---------+----------| 
     | req_sync_q_reg[7] | CK ^         |         |       |  -0.000 |    9.050 | 
     | req_sync_q_reg[7] | CK ^ -> QN ^ | DFFX1   | 0.455 |   0.455 |    9.505 | 
     | g7031__4319       | B0 ^ -> Y v  | AOI21XL | 0.070 |   0.525 |    9.575 | 
     | ack_rank_q_reg[6] | D v          | DFFTRX1 | 0.000 |   0.525 |    9.575 | 
     +-------------------------------------------------------------------------+ 

