###############################################################
#  Generated by:      Cadence Innovus 23.14-s088_1
#  OS:                Linux x86_64(Host ID <REMOTE_HOST>)
#  Generated on:      Fri Aug 21 16:36:33 2026
#  Design:            aer_pending_xor1_rank_reuse_sync_core_reset
#  Command:           report_timing \
#    -from [get_pins {req_meta_q_reg*/Q}] \
#    -to [get_pins {req_sync_q_reg*/D}] \
#    -max_paths 32 > \
#    [file join $report_dir postroute_cdc_setup_timing.rpt]
###############################################################
Path 1: MET Setup Check with Pin req_sync_q_reg[6]/CK 
Endpoint:   req_sync_q_reg[6]/D (v) checked with  leading edge of 'clk'
Beginpoint: req_meta_q_reg[6]/Q (v) triggered by  leading edge of '@'
Path Groups: {clk}
Analysis View: setup_view
Other End Arrival Time          0.170
- Setup                         0.243
+ Path Delay                    0.900
- Uncertainty                   0.200
= Required Time                 0.627
- Arrival Time                  0.429
= Slack Time                    0.198
     Clock Rise Edge                      0.000
     = Beginpoint Arrival Time            0.000
     +----------------------------------------------------------------------------+ 
     |       Instance        |    Arc     |   Cell   | Delay | Arrival | Required | 
     |                       |            |          |       |  Time   |   Time   | 
     |-----------------------+------------+----------+-------+---------+----------| 
     | req_meta_q_reg[6]     | Q v        |          |       |   0.000 |    0.198 | 
     | FE_PHC9_req_meta_q_6  | A v -> Y v | CLKBUFX1 | 0.153 |   0.153 |    0.351 | 
     | FE_PHC43_req_meta_q_6 | A v -> Y v | BUFX3    | 0.149 |   0.301 |    0.499 | 
     | FE_PHC55_req_meta_q_6 | A v -> Y v | BUFX3    | 0.128 |   0.429 |    0.627 | 
     | req_sync_q_reg[6]     | D v        | DFFX1    | 0.000 |   0.429 |    0.627 | 
     +----------------------------------------------------------------------------+ 
Path 2: MET Setup Check with Pin req_sync_q_reg[9]/CK 
Endpoint:   req_sync_q_reg[9]/D (v) checked with  leading edge of 'clk'
Beginpoint: req_meta_q_reg[9]/Q (v) triggered by  leading edge of '@'
Path Groups: {clk}
Analysis View: setup_view
Other End Arrival Time          0.170
- Setup                         0.247
+ Path Delay                    0.900
- Uncertainty                   0.200
= Required Time                 0.623
- Arrival Time                  0.420
= Slack Time                    0.202
     Clock Rise Edge                      0.000
     = Beginpoint Arrival Time            0.000
     +-------------------------------------------------------------------------+ 
     |       Instance        |    Arc     |  Cell | Delay | Arrival | Required | 
     |                       |            |       |       |  Time   |   Time   | 
     |-----------------------+------------+-------+-------+---------+----------| 
     | req_meta_q_reg[9]     | Q v        |       |       |   0.000 |    0.202 | 
     | FE_PHC10_req_meta_q_9 | A v -> Y v | BUFX3 | 0.143 |   0.143 |    0.346 | 
     | FE_PHC56_req_meta_q_9 | A v -> Y v | BUFX3 | 0.131 |   0.274 |    0.477 | 
     | FE_PHC35_req_meta_q_9 | A v -> Y v | BUFXL | 0.146 |   0.420 |    0.623 | 
     | req_sync_q_reg[9]     | D v        | DFFX1 | 0.000 |   0.420 |    0.623 | 
     +-------------------------------------------------------------------------+ 
Path 3: MET Setup Check with Pin req_sync_q_reg[2]/CK 
Endpoint:   req_sync_q_reg[2]/D (v) checked with  leading edge of 'clk'
Beginpoint: req_meta_q_reg[2]/Q (v) triggered by  leading edge of '@'
Path Groups: {clk}
Analysis View: setup_view
Other End Arrival Time          0.169
- Setup                         0.248
+ Path Delay                    0.900
- Uncertainty                   0.200
= Required Time                 0.621
- Arrival Time                  0.396
= Slack Time                    0.225
     Clock Rise Edge                      0.000
     = Beginpoint Arrival Time            0.000
     +----------------------------------------------------------------------------+ 
     |       Instance        |    Arc     |   Cell   | Delay | Arrival | Required | 
     |                       |            |          |       |  Time   |   Time   | 
     |-----------------------+------------+----------+-------+---------+----------| 
     | req_meta_q_reg[2]     | Q v        |          |       |   0.000 |    0.225 | 
     | FE_PHC12_req_meta_q_2 | A v -> Y v | BUFX3    | 0.142 |   0.142 |    0.367 | 
     | FE_PHC54_req_meta_q_2 | A v -> Y v | BUFX3    | 0.131 |   0.273 |    0.498 | 
     | FE_PHC32_req_meta_q_2 | A v -> Y v | CLKBUFX1 | 0.123 |   0.396 |    0.621 | 
     | req_sync_q_reg[2]     | D v        | DFFX1    | 0.000 |   0.396 |    0.621 | 
     +----------------------------------------------------------------------------+ 
Path 4: MET Setup Check with Pin req_sync_q_reg[3]/CK 
Endpoint:   req_sync_q_reg[3]/D (v) checked with  leading edge of 'clk'
Beginpoint: req_meta_q_reg[3]/Q (v) triggered by  leading edge of '@'
Path Groups: {clk}
Analysis View: setup_view
Other End Arrival Time          0.169
- Setup                         0.247
+ Path Delay                    0.900
- Uncertainty                   0.200
= Required Time                 0.623
- Arrival Time                  0.384
= Slack Time                    0.238
     Clock Rise Edge                      0.000
     = Beginpoint Arrival Time            0.000
     +----------------------------------------------------------------------------+ 
     |       Instance        |    Arc     |   Cell   | Delay | Arrival | Required | 
     |                       |            |          |       |  Time   |   Time   | 
     |-----------------------+------------+----------+-------+---------+----------| 
     | req_meta_q_reg[3]     | Q v        |          |       |   0.000 |    0.238 | 
     | FE_PHC11_req_meta_q_3 | A v -> Y v | BUFX3    | 0.141 |   0.141 |    0.380 | 
     | FE_PHC53_req_meta_q_3 | A v -> Y v | BUFX3    | 0.127 |   0.269 |    0.507 | 
     | FE_PHC31_req_meta_q_3 | A v -> Y v | CLKBUFX1 | 0.116 |   0.384 |    0.623 | 
     | req_sync_q_reg[3]     | D v        | DFFX1    | 0.000 |   0.384 |    0.623 | 
     +----------------------------------------------------------------------------+ 
Path 5: MET Setup Check with Pin req_sync_q_reg[8]/CK 
Endpoint:   req_sync_q_reg[8]/D (v) checked with  leading edge of 'clk'
Beginpoint: req_meta_q_reg[8]/Q (v) triggered by  leading edge of '@'
Path Groups: {clk}
Analysis View: setup_view
Other End Arrival Time          0.170
- Setup                         0.242
+ Path Delay                    0.900
- Uncertainty                   0.200
= Required Time                 0.627
- Arrival Time                  0.330
= Slack Time                    0.298
     Clock Rise Edge                      0.000
     = Beginpoint Arrival Time            0.000
     +----------------------------------------------------------------------------+ 
     |       Instance        |    Arc     |   Cell   | Delay | Arrival | Required | 
     |                       |            |          |       |  Time   |   Time   | 
     |-----------------------+------------+----------+-------+---------+----------| 
     | req_meta_q_reg[8]     | Q v        |          |       |   0.000 |    0.298 | 
     | FE_PHC3_req_meta_q_8  | A v -> Y v | CLKBUFX1 | 0.180 |   0.180 |    0.478 | 
     | FE_PHC45_req_meta_q_8 | A v -> Y v | CLKBUFX8 | 0.150 |   0.330 |    0.627 | 
     | req_sync_q_reg[8]     | D v        | DFFX1    | 0.000 |   0.330 |    0.627 | 
     +----------------------------------------------------------------------------+ 
Path 6: MET Setup Check with Pin req_sync_q_reg[13]/CK 
Endpoint:   req_sync_q_reg[13]/D (v) checked with  leading edge of 'clk'
Beginpoint: req_meta_q_reg[13]/Q (v) triggered by  leading edge of '@'
Path Groups: {clk}
Analysis View: setup_view
Other End Arrival Time          0.170
- Setup                         0.242
+ Path Delay                    0.900
- Uncertainty                   0.200
= Required Time                 0.628
- Arrival Time                  0.318
= Slack Time                    0.310
     Clock Rise Edge                      0.000
     = Beginpoint Arrival Time            0.000
     +-----------------------------------------------------------------------------+ 
     |        Instance        |    Arc     |   Cell   | Delay | Arrival | Required | 
     |                        |            |          |       |  Time   |   Time   | 
     |------------------------+------------+----------+-------+---------+----------| 
     | req_meta_q_reg[13]     | Q v        |          |       |   0.000 |    0.310 | 
     | FE_PHC8_req_meta_q_13  | A v -> Y v | CLKBUFX1 | 0.173 |   0.173 |    0.483 | 
     | FE_PHC37_req_meta_q_13 | A v -> Y v | CLKBUFX8 | 0.145 |   0.318 |    0.628 | 
     | req_sync_q_reg[13]     | D v        | DFFX1    | 0.000 |   0.318 |    0.628 | 
     +-----------------------------------------------------------------------------+ 
Path 7: MET Setup Check with Pin req_sync_q_reg[12]/CK 
Endpoint:   req_sync_q_reg[12]/D (v) checked with  leading edge of 'clk'
Beginpoint: req_meta_q_reg[12]/Q (v) triggered by  leading edge of '@'
Path Groups: {clk}
Analysis View: setup_view
Other End Arrival Time          0.170
- Setup                         0.244
+ Path Delay                    0.900
- Uncertainty                   0.200
= Required Time                 0.626
- Arrival Time                  0.312
= Slack Time                    0.314
     Clock Rise Edge                      0.000
     = Beginpoint Arrival Time            0.000
     +-----------------------------------------------------------------------------+ 
     |        Instance        |    Arc     |   Cell   | Delay | Arrival | Required | 
     |                        |            |          |       |  Time   |   Time   | 
     |------------------------+------------+----------+-------+---------+----------| 
     | req_meta_q_reg[12]     | Q v        |          |       |   0.000 |    0.314 | 
     | FE_PHC6_req_meta_q_12  | A v -> Y v | CLKBUFX1 | 0.156 |   0.156 |    0.470 | 
     | FE_PHC44_req_meta_q_12 | A v -> Y v | CLKBUFX4 | 0.155 |   0.312 |    0.626 | 
     | req_sync_q_reg[12]     | D v        | DFFX1    | 0.000 |   0.312 |    0.626 | 
     +-----------------------------------------------------------------------------+ 
Path 8: MET Setup Check with Pin req_sync_q_reg[4]/CK 
Endpoint:   req_sync_q_reg[4]/D (v) checked with  leading edge of 'clk'
Beginpoint: req_meta_q_reg[4]/Q (v) triggered by  leading edge of '@'
Path Groups: {clk}
Analysis View: setup_view
Other End Arrival Time          0.169
- Setup                         0.242
+ Path Delay                    0.900
- Uncertainty                   0.200
= Required Time                 0.628
- Arrival Time                  0.314
= Slack Time                    0.314
     Clock Rise Edge                      0.000
     = Beginpoint Arrival Time            0.000
     +----------------------------------------------------------------------------+ 
     |       Instance        |    Arc     |   Cell   | Delay | Arrival | Required | 
     |                       |            |          |       |  Time   |   Time   | 
     |-----------------------+------------+----------+-------+---------+----------| 
     | req_meta_q_reg[4]     | Q v        |          |       |   0.000 |    0.314 | 
     | FE_PHC7_req_meta_q_4  | A v -> Y v | CLKBUFX1 | 0.169 |   0.169 |    0.483 | 
     | FE_PHC38_req_meta_q_4 | A v -> Y v | CLKBUFX8 | 0.144 |   0.313 |    0.627 | 
     | req_sync_q_reg[4]     | D v        | DFFX1    | 0.000 |   0.314 |    0.628 | 
     +----------------------------------------------------------------------------+ 
Path 9: MET Setup Check with Pin req_sync_q_reg[14]/CK 
Endpoint:   req_sync_q_reg[14]/D (v) checked with  leading edge of 'clk'
Beginpoint: req_meta_q_reg[14]/Q (v) triggered by  leading edge of '@'
Path Groups: {clk}
Analysis View: setup_view
Other End Arrival Time          0.170
- Setup                         0.242
+ Path Delay                    0.900
- Uncertainty                   0.200
= Required Time                 0.628
- Arrival Time                  0.311
= Slack Time                    0.317
     Clock Rise Edge                      0.000
     = Beginpoint Arrival Time            0.000
     +-----------------------------------------------------------------------------+ 
     |        Instance        |    Arc     |   Cell   | Delay | Arrival | Required | 
     |                        |            |          |       |  Time   |   Time   | 
     |------------------------+------------+----------+-------+---------+----------| 
     | req_meta_q_reg[14]     | Q v        |          |       |   0.000 |    0.317 | 
     | FE_PHC4_req_meta_q_14  | A v -> Y v | CLKBUFX1 | 0.167 |   0.167 |    0.484 | 
     | FE_PHC30_req_meta_q_14 | A v -> Y v | CLKBUFX8 | 0.144 |   0.311 |    0.628 | 
     | req_sync_q_reg[14]     | D v        | DFFX1    | 0.000 |   0.311 |    0.628 | 
     +-----------------------------------------------------------------------------+ 
Path 10: MET Setup Check with Pin req_sync_q_reg[11]/CK 
Endpoint:   req_sync_q_reg[11]/D (v) checked with  leading edge of 'clk'
Beginpoint: req_meta_q_reg[11]/Q (v) triggered by  leading edge of '@'
Path Groups: {clk}
Analysis View: setup_view
Other End Arrival Time          0.172
- Setup                         0.244
+ Path Delay                    0.900
- Uncertainty                   0.200
= Required Time                 0.629
- Arrival Time                  0.295
= Slack Time                    0.334
     Clock Rise Edge                      0.000
     = Beginpoint Arrival Time            0.000
     +-----------------------------------------------------------------------------+ 
     |        Instance        |    Arc     |   Cell   | Delay | Arrival | Required | 
     |                        |            |          |       |  Time   |   Time   | 
     |------------------------+------------+----------+-------+---------+----------| 
     | req_meta_q_reg[11]     | Q v        |          |       |   0.000 |    0.334 | 
     | FE_PHC2_req_meta_q_11  | A v -> Y v | CLKBUFX1 | 0.144 |   0.144 |    0.478 | 
     | FE_PHC47_req_meta_q_11 | A v -> Y v | CLKBUFX3 | 0.151 |   0.295 |    0.629 | 
     | req_sync_q_reg[11]     | D v        | DFFX1    | 0.000 |   0.295 |    0.629 | 
     +-----------------------------------------------------------------------------+ 
Path 11: MET Setup Check with Pin req_sync_q_reg[1]/CK 
Endpoint:   req_sync_q_reg[1]/D (v) checked with  leading edge of 'clk'
Beginpoint: req_meta_q_reg[1]/Q (v) triggered by  leading edge of '@'
Path Groups: {clk}
Analysis View: setup_view
Other End Arrival Time          0.169
- Setup                         0.242
+ Path Delay                    0.900
- Uncertainty                   0.200
= Required Time                 0.627
- Arrival Time                  0.290
= Slack Time                    0.337
     Clock Rise Edge                      0.000
     = Beginpoint Arrival Time            0.000
     +----------------------------------------------------------------------------+ 
     |       Instance        |    Arc     |   Cell   | Delay | Arrival | Required | 
     |                       |            |          |       |  Time   |   Time   | 
     |-----------------------+------------+----------+-------+---------+----------| 
     | req_meta_q_reg[1]     | Q v        |          |       |   0.000 |    0.337 | 
     | FE_PHC15_req_meta_q_1 | A v -> Y v | CLKBUFX1 | 0.151 |   0.151 |    0.488 | 
     | FE_PHC27_req_meta_q_1 | A v -> Y v | BUFX3    | 0.139 |   0.290 |    0.627 | 
     | req_sync_q_reg[1]     | D v        | DFFX1    | 0.000 |   0.290 |    0.627 | 
     +----------------------------------------------------------------------------+ 
Path 12: MET Setup Check with Pin req_sync_q_reg[10]/CK 
Endpoint:   req_sync_q_reg[10]/D (v) checked with  leading edge of 'clk'
Beginpoint: req_meta_q_reg[10]/Q (v) triggered by  leading edge of '@'
Path Groups: {clk}
Analysis View: setup_view
Other End Arrival Time          0.170
- Setup                         0.242
+ Path Delay                    0.900
- Uncertainty                   0.200
= Required Time                 0.628
- Arrival Time                  0.287
= Slack Time                    0.340
     Clock Rise Edge                      0.000
     = Beginpoint Arrival Time            0.000
     +-----------------------------------------------------------------------------+ 
     |        Instance        |    Arc     |   Cell   | Delay | Arrival | Required | 
     |                        |            |          |       |  Time   |   Time   | 
     |------------------------+------------+----------+-------+---------+----------| 
     | req_meta_q_reg[10]     | Q v        |          |       |   0.000 |    0.340 | 
     | FE_PHC17_req_meta_q_10 | A v -> Y v | CLKBUFX1 | 0.150 |   0.150 |    0.490 | 
     | FE_PHC25_req_meta_q_10 | A v -> Y v | BUFX3    | 0.138 |   0.287 |    0.628 | 
     | req_sync_q_reg[10]     | D v        | DFFX1    | 0.000 |   0.287 |    0.628 | 
     +-----------------------------------------------------------------------------+ 
Path 13: MET Setup Check with Pin req_sync_q_reg[7]/CK 
Endpoint:   req_sync_q_reg[7]/D (v) checked with  leading edge of 'clk'
Beginpoint: req_meta_q_reg[7]/Q (v) triggered by  leading edge of '@'
Path Groups: {clk}
Analysis View: setup_view
Other End Arrival Time          0.170
- Setup                         0.242
+ Path Delay                    0.900
- Uncertainty                   0.200
= Required Time                 0.628
- Arrival Time                  0.284
= Slack Time                    0.344
     Clock Rise Edge                      0.000
     = Beginpoint Arrival Time            0.000
     +----------------------------------------------------------------------------+ 
     |       Instance        |    Arc     |   Cell   | Delay | Arrival | Required | 
     |                       |            |          |       |  Time   |   Time   | 
     |-----------------------+------------+----------+-------+---------+----------| 
     | req_meta_q_reg[7]     | Q v        |          |       |   0.000 |    0.344 | 
     | FE_PHC5_req_meta_q_7  | A v -> Y v | CLKBUFX1 | 0.149 |   0.149 |    0.493 | 
     | FE_PHC42_req_meta_q_7 | A v -> Y v | BUFX4    | 0.135 |   0.284 |    0.628 | 
     | req_sync_q_reg[7]     | D v        | DFFX1    | 0.000 |   0.284 |    0.628 | 
     +----------------------------------------------------------------------------+ 
Path 14: MET Setup Check with Pin req_sync_q_reg[15]/CK 
Endpoint:   req_sync_q_reg[15]/D (v) checked with  leading edge of 'clk'
Beginpoint: req_meta_q_reg[15]/Q (v) triggered by  leading edge of '@'
Path Groups: {clk}
Analysis View: setup_view
Other End Arrival Time          0.172
- Setup                         0.246
+ Path Delay                    0.900
- Uncertainty                   0.200
= Required Time                 0.627
- Arrival Time                  0.282
= Slack Time                    0.345
     Clock Rise Edge                      0.000
     = Beginpoint Arrival Time            0.000
     +-----------------------------------------------------------------------------+ 
     |        Instance        |    Arc     |   Cell   | Delay | Arrival | Required | 
     |                        |            |          |       |  Time   |   Time   | 
     |------------------------+------------+----------+-------+---------+----------| 
     | req_meta_q_reg[15]     | Q v        |          |       |   0.000 |    0.345 | 
     | FE_PHC13_req_meta_q_15 | A v -> Y v | CLKBUFX1 | 0.137 |   0.137 |    0.482 | 
     | FE_PHC39_req_meta_q_15 | A v -> Y v | CLKBUFX2 | 0.145 |   0.282 |    0.627 | 
     | req_sync_q_reg[15]     | D v        | DFFX1    | 0.000 |   0.282 |    0.627 | 
     +-----------------------------------------------------------------------------+ 
Path 15: MET Setup Check with Pin req_sync_q_reg[0]/CK 
Endpoint:   req_sync_q_reg[0]/D (v) checked with  leading edge of 'clk'
Beginpoint: req_meta_q_reg[0]/Q (v) triggered by  leading edge of '@'
Path Groups: {clk}
Analysis View: setup_view
Other End Arrival Time          0.169
- Setup                         0.242
+ Path Delay                    0.900
- Uncertainty                   0.200
= Required Time                 0.627
- Arrival Time                  0.279
= Slack Time                    0.348
     Clock Rise Edge                      0.000
     = Beginpoint Arrival Time            0.000
     +----------------------------------------------------------------------------+ 
     |       Instance        |    Arc     |   Cell   | Delay | Arrival | Required | 
     |                       |            |          |       |  Time   |   Time   | 
     |-----------------------+------------+----------+-------+---------+----------| 
     | req_meta_q_reg[0]     | Q v        |          |       |   0.000 |    0.348 | 
     | FE_PHC14_req_meta_q_0 | A v -> Y v | CLKBUFX1 | 0.142 |   0.142 |    0.490 | 
     | FE_PHC28_req_meta_q_0 | A v -> Y v | BUFX3    | 0.137 |   0.279 |    0.627 | 
     | req_sync_q_reg[0]     | D v        | DFFX1    | 0.000 |   0.279 |    0.627 | 
     +----------------------------------------------------------------------------+ 
Path 16: MET Setup Check with Pin req_sync_q_reg[5]/CK 
Endpoint:   req_sync_q_reg[5]/D (v) checked with  leading edge of 'clk'
Beginpoint: req_meta_q_reg[5]/Q (v) triggered by  leading edge of '@'
Path Groups: {clk}
Analysis View: setup_view
Other End Arrival Time          0.170
- Setup                         0.247
+ Path Delay                    0.900
- Uncertainty                   0.200
= Required Time                 0.623
- Arrival Time                  0.272
= Slack Time                    0.351
     Clock Rise Edge                      0.000
     = Beginpoint Arrival Time            0.000
     +----------------------------------------------------------------------------+ 
     |       Instance        |    Arc     |   Cell   | Delay | Arrival | Required | 
     |                       |            |          |       |  Time   |   Time   | 
     |-----------------------+------------+----------+-------+---------+----------| 
     | req_meta_q_reg[5]     | Q v        |          |       |   0.000 |    0.351 | 
     | FE_PHC16_req_meta_q_5 | A v -> Y v | CLKBUFX1 | 0.142 |   0.142 |    0.493 | 
     | FE_PHC26_req_meta_q_5 | A v -> Y v | CLKBUFX1 | 0.129 |   0.271 |    0.622 | 
     | req_sync_q_reg[5]     | D v        | DFFX1    | 0.000 |   0.272 |    0.623 | 
     +----------------------------------------------------------------------------+ 

