###############################################################
#  Generated by:      Cadence Innovus 23.14-s088_1
#  OS:                Linux x86_64(Host ID <REMOTE_HOST>)
#  Generated on:      Fri Aug 21 16:36:33 2026
#  Design:            aer_pending_xor1_rank_reuse_sync_core_reset
#  Command:           report_timing -max_paths 50 > \
#    [file join $report_dir postroute_hold_timing.rpt]
###############################################################
Path 1: MET Hold Check with Pin req_sync_q_reg[7]/CK 
Endpoint:   req_sync_q_reg[7]/D (v) checked with  leading edge of 'clk'
Beginpoint: req_meta_q_reg[7]/Q (v) triggered by  leading edge of 'clk'
Path Groups: {clk}
Analysis View: hold_view
Other End Arrival Time          0.085
+ Hold                         -0.030
+ Phase Shift                   0.000
+ Uncertainty                   0.200
= Required Time                 0.255
  Arrival Time                  0.257
  Slack Time                    0.002
     Clock Rise Edge                 0.000
     + Clock Network Latency (Prop)  -0.003
     = Beginpoint Arrival Time       -0.003
     +-----------------------------------------------------------------------------+ 
     |       Instance        |     Arc     |   Cell   | Delay | Arrival | Required | 
     |                       |             |          |       |  Time   |   Time   | 
     |-----------------------+-------------+----------+-------+---------+----------| 
     | req_meta_q_reg[7]     | CK ^        |          |       |  -0.003 |   -0.005 | 
     | req_meta_q_reg[7]     | CK ^ -> Q v | DFFHQX1  | 0.129 |   0.126 |    0.124 | 
     | FE_PHC5_req_meta_q_7  | A v -> Y v  | CLKBUFX1 | 0.070 |   0.196 |    0.194 | 
     | FE_PHC42_req_meta_q_7 | A v -> Y v  | BUFX4    | 0.061 |   0.257 |    0.255 | 
     | req_sync_q_reg[7]     | D v         | DFFX1    | 0.000 |   0.257 |    0.255 | 
     +-----------------------------------------------------------------------------+ 
Path 2: MET Hold Check with Pin req_sync_q_reg[0]/CK 
Endpoint:   req_sync_q_reg[0]/D (v) checked with  leading edge of 'clk'
Beginpoint: req_meta_q_reg[0]/Q (v) triggered by  leading edge of 'clk'
Path Groups: {clk}
Analysis View: hold_view
Other End Arrival Time          0.084
+ Hold                         -0.030
+ Phase Shift                   0.000
+ Uncertainty                   0.200
= Required Time                 0.254
  Arrival Time                  0.256
  Slack Time                    0.002
     Clock Rise Edge                 0.000
     + Clock Network Latency (Prop)  -0.004
     = Beginpoint Arrival Time       -0.004
     +-----------------------------------------------------------------------------+ 
     |       Instance        |     Arc     |   Cell   | Delay | Arrival | Required | 
     |                       |             |          |       |  Time   |   Time   | 
     |-----------------------+-------------+----------+-------+---------+----------| 
     | req_meta_q_reg[0]     | CK ^        |          |       |  -0.004 |   -0.006 | 
     | req_meta_q_reg[0]     | CK ^ -> Q v | DFFHQX1  | 0.132 |   0.128 |    0.126 | 
     | FE_PHC14_req_meta_q_0 | A v -> Y v  | CLKBUFX1 | 0.066 |   0.195 |    0.192 | 
     | FE_PHC28_req_meta_q_0 | A v -> Y v  | BUFX3    | 0.062 |   0.256 |    0.254 | 
     | req_sync_q_reg[0]     | D v         | DFFX1    | 0.000 |   0.256 |    0.254 | 
     +-----------------------------------------------------------------------------+ 
Path 3: MET Hold Check with Pin req_sync_q_reg[5]/CK 
Endpoint:   req_sync_q_reg[5]/D (v) checked with  leading edge of 'clk'
Beginpoint: req_meta_q_reg[5]/Q (v) triggered by  leading edge of 'clk'
Path Groups: {clk}
Analysis View: hold_view
Other End Arrival Time          0.086
+ Hold                         -0.033
+ Phase Shift                   0.000
+ Uncertainty                   0.200
= Required Time                 0.252
  Arrival Time                  0.256
  Slack Time                    0.004
     Clock Rise Edge                 0.000
     + Clock Network Latency (Prop)  -0.003
     = Beginpoint Arrival Time       -0.003
     +-----------------------------------------------------------------------------+ 
     |       Instance        |     Arc     |   Cell   | Delay | Arrival | Required | 
     |                       |             |          |       |  Time   |   Time   | 
     |-----------------------+-------------+----------+-------+---------+----------| 
     | req_meta_q_reg[5]     | CK ^        |          |       |  -0.003 |   -0.007 | 
     | req_meta_q_reg[5]     | CK ^ -> Q v | DFFHQX1  | 0.133 |   0.130 |    0.126 | 
     | FE_PHC16_req_meta_q_5 | A v -> Y v  | CLKBUFX1 | 0.066 |   0.197 |    0.193 | 
     | FE_PHC26_req_meta_q_5 | A v -> Y v  | CLKBUFX1 | 0.060 |   0.256 |    0.252 | 
     | req_sync_q_reg[5]     | D v         | DFFX1    | 0.000 |   0.256 |    0.252 | 
     +-----------------------------------------------------------------------------+ 
Path 4: MET Hold Check with Pin req_sync_q_reg[11]/CK 
Endpoint:   req_sync_q_reg[11]/D (v) checked with  leading edge of 'clk'
Beginpoint: req_meta_q_reg[11]/Q (v) triggered by  leading edge of 'clk'
Path Groups: {clk}
Analysis View: hold_view
Other End Arrival Time          0.088
+ Hold                         -0.031
+ Phase Shift                   0.000
+ Uncertainty                   0.200
= Required Time                 0.257
  Arrival Time                  0.264
  Slack Time                    0.007
     Clock Rise Edge                 0.000
     + Clock Network Latency (Prop)  -0.001
     = Beginpoint Arrival Time       -0.001
     +------------------------------------------------------------------------------+ 
     |        Instance        |     Arc     |   Cell   | Delay | Arrival | Required | 
     |                        |             |          |       |  Time   |   Time   | 
     |------------------------+-------------+----------+-------+---------+----------| 
     | req_meta_q_reg[11]     | CK ^        |          |       |  -0.001 |   -0.008 | 
     | req_meta_q_reg[11]     | CK ^ -> Q v | DFFHQX1  | 0.128 |   0.127 |    0.120 | 
     | FE_PHC2_req_meta_q_11  | A v -> Y v  | CLKBUFX1 | 0.067 |   0.195 |    0.188 | 
     | FE_PHC47_req_meta_q_11 | A v -> Y v  | CLKBUFX3 | 0.069 |   0.264 |    0.257 | 
     | req_sync_q_reg[11]     | D v         | DFFX1    | 0.000 |   0.264 |    0.257 | 
     +------------------------------------------------------------------------------+ 
Path 5: MET Hold Check with Pin req_sync_q_reg[10]/CK 
Endpoint:   req_sync_q_reg[10]/D (v) checked with  leading edge of 'clk'
Beginpoint: req_meta_q_reg[10]/Q (v) triggered by  leading edge of 'clk'
Path Groups: {clk}
Analysis View: hold_view
Other End Arrival Time          0.086
+ Hold                         -0.030
+ Phase Shift                   0.000
+ Uncertainty                   0.200
= Required Time                 0.255
  Arrival Time                  0.264
  Slack Time                    0.009
     Clock Rise Edge                 0.000
     + Clock Network Latency (Prop)  -0.003
     = Beginpoint Arrival Time       -0.003
     +------------------------------------------------------------------------------+ 
     |        Instance        |     Arc     |   Cell   | Delay | Arrival | Required | 
     |                        |             |          |       |  Time   |   Time   | 
     |------------------------+-------------+----------+-------+---------+----------| 
     | req_meta_q_reg[10]     | CK ^        |          |       |  -0.003 |   -0.011 | 
     | req_meta_q_reg[10]     | CK ^ -> Q v | DFFHQX1  | 0.134 |   0.131 |    0.123 | 
     | FE_PHC17_req_meta_q_10 | A v -> Y v  | CLKBUFX1 | 0.070 |   0.202 |    0.193 | 
     | FE_PHC25_req_meta_q_10 | A v -> Y v  | BUFX3    | 0.062 |   0.264 |    0.255 | 
     | req_sync_q_reg[10]     | D v         | DFFX1    | 0.000 |   0.264 |    0.255 | 
     +------------------------------------------------------------------------------+ 
Path 6: MET Hold Check with Pin req_sync_q_reg[15]/CK 
Endpoint:   req_sync_q_reg[15]/D (v) checked with  leading edge of 'clk'
Beginpoint: req_meta_q_reg[15]/Q (v) triggered by  leading edge of 'clk'
Path Groups: {clk}
Analysis View: hold_view
Other End Arrival Time          0.088
+ Hold                         -0.032
+ Phase Shift                   0.000
+ Uncertainty                   0.200
= Required Time                 0.256
  Arrival Time                  0.266
  Slack Time                    0.010
     Clock Rise Edge                 0.000
     + Clock Network Latency (Prop)  -0.003
     = Beginpoint Arrival Time       -0.003
     +------------------------------------------------------------------------------+ 
     |        Instance        |     Arc     |   Cell   | Delay | Arrival | Required | 
     |                        |             |          |       |  Time   |   Time   | 
     |------------------------+-------------+----------+-------+---------+----------| 
     | req_meta_q_reg[15]     | CK ^        |          |       |  -0.003 |   -0.013 | 
     | req_meta_q_reg[15]     | CK ^ -> Q v | DFFHQX1  | 0.140 |   0.137 |    0.127 | 
     | FE_PHC13_req_meta_q_15 | A v -> Y v  | CLKBUFX1 | 0.063 |   0.200 |    0.190 | 
     | FE_PHC39_req_meta_q_15 | A v -> Y v  | CLKBUFX2 | 0.066 |   0.266 |    0.256 | 
     | req_sync_q_reg[15]     | D v         | DFFX1    | 0.000 |   0.266 |    0.256 | 
     +------------------------------------------------------------------------------+ 
Path 7: MET Hold Check with Pin req_sync_q_reg[1]/CK 
Endpoint:   req_sync_q_reg[1]/D (v) checked with  leading edge of 'clk'
Beginpoint: req_meta_q_reg[1]/Q (v) triggered by  leading edge of 'clk'
Path Groups: {clk}
Analysis View: hold_view
Other End Arrival Time          0.085
+ Hold                         -0.030
+ Phase Shift                   0.000
+ Uncertainty                   0.200
= Required Time                 0.254
  Arrival Time                  0.266
  Slack Time                    0.011
     Clock Rise Edge                 0.000
     + Clock Network Latency (Prop)  -0.002
     = Beginpoint Arrival Time       -0.002
     +-----------------------------------------------------------------------------+ 
     |       Instance        |     Arc     |   Cell   | Delay | Arrival | Required | 
     |                       |             |          |       |  Time   |   Time   | 
     |-----------------------+-------------+----------+-------+---------+----------| 
     | req_meta_q_reg[1]     | CK ^        |          |       |  -0.002 |   -0.013 | 
     | req_meta_q_reg[1]     | CK ^ -> Q v | DFFHQX1  | 0.134 |   0.132 |    0.121 | 
     | FE_PHC15_req_meta_q_1 | A v -> Y v  | CLKBUFX1 | 0.071 |   0.203 |    0.191 | 
     | FE_PHC27_req_meta_q_1 | A v -> Y v  | BUFX3    | 0.063 |   0.266 |    0.254 | 
     | req_sync_q_reg[1]     | D v         | DFFX1    | 0.000 |   0.266 |    0.254 | 
     +-----------------------------------------------------------------------------+ 
Path 8: MET Hold Check with Pin ack_rank_q_reg[4]/CK 
Endpoint:   ack_rank_q_reg[4]/D     (^) checked with  leading edge of 'clk'
Beginpoint: pending_rank_q_reg[4]/Q (v) triggered by  leading edge of 'clk'
Path Groups: {clk}
Analysis View: hold_view
Other End Arrival Time          0.085
+ Hold                         -0.053
+ Phase Shift                   0.000
+ Uncertainty                   0.200
= Required Time                 0.232
  Arrival Time                  0.245
  Slack Time                    0.013
     Clock Rise Edge                 0.000
     + Clock Network Latency (Prop)  0.001
     = Beginpoint Arrival Time       0.001
     +----------------------------------------------------------------------------+ 
     |       Instance        |     Arc     |  Cell   | Delay | Arrival | Required | 
     |                       |             |         |       |  Time   |   Time   | 
     |-----------------------+-------------+---------+-------+---------+----------| 
     | pending_rank_q_reg[4] | CK ^        |         |       |   0.001 |   -0.012 | 
     | pending_rank_q_reg[4] | CK ^ -> Q v | DFFHQX1 | 0.148 |   0.149 |    0.136 | 
     | g7028__2802           | A1 v -> Y ^ | AOI21XL | 0.097 |   0.245 |    0.232 | 
     | ack_rank_q_reg[4]     | D ^         | DFFTRX1 | 0.000 |   0.245 |    0.232 | 
     +----------------------------------------------------------------------------+ 
Path 9: MET Hold Check with Pin reset_release_q_reg[1]/CK 
Endpoint:   reset_release_q_reg[1]/D (v) checked with  leading edge of 'clk'
Beginpoint: reset_release_q_reg[0]/Q (v) triggered by  leading edge of 'clk'
Path Groups: {clk}
Analysis View: hold_view
Other End Arrival Time          0.082
+ Hold                         -0.033
+ Phase Shift                   0.000
+ Uncertainty                   0.200
= Required Time                 0.250
  Arrival Time                  0.265
  Slack Time                    0.016
     Clock Rise Edge                 0.000
     + Clock Network Latency (Prop)  -0.003
     = Beginpoint Arrival Time       -0.003
     +----------------------------------------------------------------------------------+ 
     |          Instance          |     Arc     |   Cell   | Delay | Arrival | Required | 
     |                            |             |          |       |  Time   |   Time   | 
     |----------------------------+-------------+----------+-------+---------+----------| 
     | reset_release_q_reg[0]     | CK ^        |          |       |  -0.003 |   -0.018 | 
     | reset_release_q_reg[0]     | CK ^ -> Q v | DFFRHQX1 | 0.143 |   0.140 |    0.124 | 
     | FE_PHC18_reset_release_q_0 | A v -> Y v  | BUFX3    | 0.065 |   0.204 |    0.189 | 
     | FE_PHC52_reset_release_q_0 | A v -> Y v  | CLKBUFX1 | 0.060 |   0.265 |    0.249 | 
     | reset_release_q_reg[1]     | D v         | DFFRHQX1 | 0.000 |   0.265 |    0.250 | 
     +----------------------------------------------------------------------------------+ 
Path 10: MET Hold Check with Pin req_sync_q_reg[14]/CK 
Endpoint:   req_sync_q_reg[14]/D (v) checked with  leading edge of 'clk'
Beginpoint: req_meta_q_reg[14]/Q (v) triggered by  leading edge of 'clk'
Path Groups: {clk}
Analysis View: hold_view
Other End Arrival Time          0.086
+ Hold                         -0.030
+ Phase Shift                   0.000
+ Uncertainty                   0.200
= Required Time                 0.256
  Arrival Time                  0.272
  Slack Time                    0.016
     Clock Rise Edge                 0.000
     + Clock Network Latency (Prop)  -0.001
     = Beginpoint Arrival Time       -0.001
     +------------------------------------------------------------------------------+ 
     |        Instance        |     Arc     |   Cell   | Delay | Arrival | Required | 
     |                        |             |          |       |  Time   |   Time   | 
     |------------------------+-------------+----------+-------+---------+----------| 
     | req_meta_q_reg[14]     | CK ^        |          |       |  -0.001 |   -0.017 | 
     | req_meta_q_reg[14]     | CK ^ -> Q v | DFFHQX1  | 0.126 |   0.125 |    0.109 | 
     | FE_PHC4_req_meta_q_14  | A v -> Y v  | CLKBUFX1 | 0.080 |   0.205 |    0.189 | 
     | FE_PHC30_req_meta_q_14 | A v -> Y v  | CLKBUFX8 | 0.067 |   0.272 |    0.256 | 
     | req_sync_q_reg[14]     | D v         | DFFX1    | 0.000 |   0.272 |    0.256 | 
     +------------------------------------------------------------------------------+ 
Path 11: MET Hold Check with Pin req_sync_q_reg[4]/CK 
Endpoint:   req_sync_q_reg[4]/D (v) checked with  leading edge of 'clk'
Beginpoint: req_meta_q_reg[4]/Q (v) triggered by  leading edge of 'clk'
Path Groups: {clk}
Analysis View: hold_view
Other End Arrival Time          0.085
+ Hold                         -0.030
+ Phase Shift                   0.000
+ Uncertainty                   0.200
= Required Time                 0.255
  Arrival Time                  0.272
  Slack Time                    0.017
     Clock Rise Edge                 0.000
     + Clock Network Latency (Prop)  -0.003
     = Beginpoint Arrival Time       -0.003
     +-----------------------------------------------------------------------------+ 
     |       Instance        |     Arc     |   Cell   | Delay | Arrival | Required | 
     |                       |             |          |       |  Time   |   Time   | 
     |-----------------------+-------------+----------+-------+---------+----------| 
     | req_meta_q_reg[4]     | CK ^        |          |       |  -0.003 |   -0.021 | 
     | req_meta_q_reg[4]     | CK ^ -> Q v | DFFHQX1  | 0.128 |   0.125 |    0.107 | 
     | FE_PHC7_req_meta_q_4  | A v -> Y v  | CLKBUFX1 | 0.081 |   0.206 |    0.188 | 
     | FE_PHC38_req_meta_q_4 | A v -> Y v  | CLKBUFX8 | 0.066 |   0.272 |    0.255 | 
     | req_sync_q_reg[4]     | D v         | DFFX1    | 0.000 |   0.272 |    0.255 | 
     +-----------------------------------------------------------------------------+ 
Path 12: MET Hold Check with Pin req_sync_q_reg[12]/CK 
Endpoint:   req_sync_q_reg[12]/D (v) checked with  leading edge of 'clk'
Beginpoint: req_meta_q_reg[12]/Q (v) triggered by  leading edge of 'clk'
Path Groups: {clk}
Analysis View: hold_view
Other End Arrival Time          0.086
+ Hold                         -0.031
+ Phase Shift                   0.000
+ Uncertainty                   0.200
= Required Time                 0.254
  Arrival Time                  0.272
  Slack Time                    0.018
     Clock Rise Edge                 0.000
     + Clock Network Latency (Prop)  -0.003
     = Beginpoint Arrival Time       -0.003
     +------------------------------------------------------------------------------+ 
     |        Instance        |     Arc     |   Cell   | Delay | Arrival | Required | 
     |                        |             |          |       |  Time   |   Time   | 
     |------------------------+-------------+----------+-------+---------+----------| 
     | req_meta_q_reg[12]     | CK ^        |          |       |  -0.003 |   -0.020 | 
     | req_meta_q_reg[12]     | CK ^ -> Q v | DFFHQX1  | 0.129 |   0.126 |    0.109 | 
     | FE_PHC6_req_meta_q_12  | A v -> Y v  | CLKBUFX1 | 0.074 |   0.200 |    0.183 | 
     | FE_PHC44_req_meta_q_12 | A v -> Y v  | CLKBUFX4 | 0.072 |   0.272 |    0.254 | 
     | req_sync_q_reg[12]     | D v         | DFFX1    | 0.000 |   0.272 |    0.254 | 
     +------------------------------------------------------------------------------+ 
Path 13: MET Hold Check with Pin out_rank_q_reg[3]/CK 
Endpoint:   out_rank_q_reg[3]/D  (v) checked with  leading edge of 'clk'
Beginpoint: out_rank_q_reg[3]/QN (^) triggered by  leading edge of 'clk'
Path Groups: {clk}
Analysis View: hold_view
Other End Arrival Time          0.086
+ Hold                         -0.034
+ Phase Shift                   0.000
+ Uncertainty                   0.200
= Required Time                 0.252
  Arrival Time                  0.271
  Slack Time                    0.019
     Clock Rise Edge                 0.000
     + Clock Network Latency (Prop)  -0.001
     = Beginpoint Arrival Time       -0.001
     +-------------------------------------------------------------------------+ 
     |     Instance      |     Arc      |  Cell   | Delay | Arrival | Required | 
     |                   |              |         |       |  Time   |   Time   | 
     |-------------------+--------------+---------+-------+---------+----------| 
     | out_rank_q_reg[3] | CK ^         |         |       |  -0.001 |   -0.020 | 
     | out_rank_q_reg[3] | CK ^ -> QN ^ | DFFX1   | 0.229 |   0.228 |    0.209 | 
     | g6913__3680       | A1 ^ -> Y v  | OAI21XL | 0.043 |   0.271 |    0.252 | 
     | out_rank_q_reg[3] | D v          | DFFX1   | 0.000 |   0.271 |    0.252 | 
     +-------------------------------------------------------------------------+ 
Path 14: MET Hold Check with Pin ack_rank_q_reg[6]/CK 
Endpoint:   ack_rank_q_reg[6]/D  (v) checked with  leading edge of 'clk'
Beginpoint: ack_rank_q_reg[6]/QN (^) triggered by  leading edge of 'clk'
Path Groups: {clk}
Analysis View: hold_view
Other End Arrival Time          0.086
+ Hold                         -0.088
+ Phase Shift                   0.000
+ Uncertainty                   0.200
= Required Time                 0.198
  Arrival Time                  0.218
  Slack Time                    0.020
     Clock Rise Edge                 0.000
     + Clock Network Latency (Prop)  -0.001
     = Beginpoint Arrival Time       -0.001
     +-------------------------------------------------------------------------+ 
     |     Instance      |     Arc      |  Cell   | Delay | Arrival | Required | 
     |                   |              |         |       |  Time   |   Time   | 
     |-------------------+--------------+---------+-------+---------+----------| 
     | ack_rank_q_reg[6] | CK ^         |         |       |  -0.001 |   -0.021 | 
     | ack_rank_q_reg[6] | CK ^ -> QN ^ | DFFTRX1 | 0.182 |   0.181 |    0.161 | 
     | g7031__4319       | A0 ^ -> Y v  | AOI21XL | 0.037 |   0.218 |    0.198 | 
     | ack_rank_q_reg[6] | D v          | DFFTRX1 | 0.000 |   0.218 |    0.198 | 
     +-------------------------------------------------------------------------+ 
Path 15: MET Hold Check with Pin ack_rank_q_reg[12]/CK 
Endpoint:   ack_rank_q_reg[12]/D  (v) checked with  leading edge of 'clk'
Beginpoint: ack_rank_q_reg[12]/QN (^) triggered by  leading edge of 'clk'
Path Groups: {clk}
Analysis View: hold_view
Other End Arrival Time          0.087
+ Hold                         -0.089
+ Phase Shift                   0.000
+ Uncertainty                   0.200
= Required Time                 0.198
  Arrival Time                  0.218
  Slack Time                    0.020
     Clock Rise Edge                 0.000
     + Clock Network Latency (Prop)  0.000
     = Beginpoint Arrival Time       0.000
     +--------------------------------------------------------------------------+ 
     |      Instance      |     Arc      |  Cell   | Delay | Arrival | Required | 
     |                    |              |         |       |  Time   |   Time   | 
     |--------------------+--------------+---------+-------+---------+----------| 
     | ack_rank_q_reg[12] | CK ^         |         |       |   0.000 |   -0.020 | 
     | ack_rank_q_reg[12] | CK ^ -> QN ^ | DFFTRX1 | 0.180 |   0.180 |    0.160 | 
     | g7021__9315        | A0 ^ -> Y v  | AOI21XL | 0.038 |   0.218 |    0.198 | 
     | ack_rank_q_reg[12] | D v          | DFFTRX1 | 0.000 |   0.218 |    0.198 | 
     +--------------------------------------------------------------------------+ 
Path 16: MET Hold Check with Pin ack_rank_q_reg[3]/CK 
Endpoint:   ack_rank_q_reg[3]/D  (v) checked with  leading edge of 'clk'
Beginpoint: ack_rank_q_reg[3]/QN (^) triggered by  leading edge of 'clk'
Path Groups: {clk}
Analysis View: hold_view
Other End Arrival Time          0.088
+ Hold                         -0.090
+ Phase Shift                   0.000
+ Uncertainty                   0.200
= Required Time                 0.198
  Arrival Time                  0.219
  Slack Time                    0.021
     Clock Rise Edge                 0.000
     + Clock Network Latency (Prop)  0.002
     = Beginpoint Arrival Time       0.002
     +-------------------------------------------------------------------------+ 
     |     Instance      |     Arc      |  Cell   | Delay | Arrival | Required | 
     |                   |              |         |       |  Time   |   Time   | 
     |-------------------+--------------+---------+-------+---------+----------| 
     | ack_rank_q_reg[3] | CK ^         |         |       |   0.002 |   -0.019 | 
     | ack_rank_q_reg[3] | CK ^ -> QN ^ | DFFTRX1 | 0.178 |   0.180 |    0.159 | 
     | g7024__1666       | A0 ^ -> Y v  | AOI21XL | 0.038 |   0.219 |    0.198 | 
     | ack_rank_q_reg[3] | D v          | DFFTRX1 | 0.000 |   0.219 |    0.198 | 
     +-------------------------------------------------------------------------+ 
Path 17: MET Hold Check with Pin ack_rank_q_reg[10]/CK 
Endpoint:   ack_rank_q_reg[10]/D  (v) checked with  leading edge of 'clk'
Beginpoint: ack_rank_q_reg[10]/QN (^) triggered by  leading edge of 'clk'
Path Groups: {clk}
Analysis View: hold_view
Other End Arrival Time          0.088
+ Hold                         -0.089
+ Phase Shift                   0.000
+ Uncertainty                   0.200
= Required Time                 0.199
  Arrival Time                  0.220
  Slack Time                    0.021
     Clock Rise Edge                 0.000
     + Clock Network Latency (Prop)  0.002
     = Beginpoint Arrival Time       0.002
     +--------------------------------------------------------------------------+ 
     |      Instance      |     Arc      |  Cell   | Delay | Arrival | Required | 
     |                    |              |         |       |  Time   |   Time   | 
     |--------------------+--------------+---------+-------+---------+----------| 
     | ack_rank_q_reg[10] | CK ^         |         |       |   0.002 |   -0.019 | 
     | ack_rank_q_reg[10] | CK ^ -> QN ^ | DFFTRX1 | 0.179 |   0.181 |    0.161 | 
     | g7029__5107        | A0 ^ -> Y v  | AOI21XL | 0.038 |   0.220 |    0.199 | 
     | ack_rank_q_reg[10] | D v          | DFFTRX1 | 0.000 |   0.220 |    0.199 | 
     +--------------------------------------------------------------------------+ 
Path 18: MET Hold Check with Pin ack_rank_q_reg[11]/CK 
Endpoint:   ack_rank_q_reg[11]/D  (v) checked with  leading edge of 'clk'
Beginpoint: ack_rank_q_reg[11]/QN (^) triggered by  leading edge of 'clk'
Path Groups: {clk}
Analysis View: hold_view
Other End Arrival Time          0.086
+ Hold                         -0.090
+ Phase Shift                   0.000
+ Uncertainty                   0.200
= Required Time                 0.196
  Arrival Time                  0.218
  Slack Time                    0.022
     Clock Rise Edge                 0.000
     + Clock Network Latency (Prop)  -0.000
     = Beginpoint Arrival Time       -0.000
     +--------------------------------------------------------------------------+ 
     |      Instance      |     Arc      |  Cell   | Delay | Arrival | Required | 
     |                    |              |         |       |  Time   |   Time   | 
     |--------------------+--------------+---------+-------+---------+----------| 
     | ack_rank_q_reg[11] | CK ^         |         |       |  -0.000 |   -0.022 | 
     | ack_rank_q_reg[11] | CK ^ -> QN ^ | DFFTRX1 | 0.180 |   0.180 |    0.158 | 
     | g7020__6161        | A0 ^ -> Y v  | AOI21XL | 0.038 |   0.218 |    0.196 | 
     | ack_rank_q_reg[11] | D v          | DFFTRX1 | 0.000 |   0.218 |    0.196 | 
     +--------------------------------------------------------------------------+ 
Path 19: MET Hold Check with Pin ack_rank_q_reg[14]/CK 
Endpoint:   ack_rank_q_reg[14]/D  (v) checked with  leading edge of 'clk'
Beginpoint: ack_rank_q_reg[14]/QN (^) triggered by  leading edge of 'clk'
Path Groups: {clk}
Analysis View: hold_view
Other End Arrival Time          0.086
+ Hold                         -0.090
+ Phase Shift                   0.000
+ Uncertainty                   0.200
= Required Time                 0.196
  Arrival Time                  0.217
  Slack Time                    0.022
     Clock Rise Edge                 0.000
     + Clock Network Latency (Prop)  -0.001
     = Beginpoint Arrival Time       -0.001
     +--------------------------------------------------------------------------+ 
     |      Instance      |     Arc      |  Cell   | Delay | Arrival | Required | 
     |                    |              |         |       |  Time   |   Time   | 
     |--------------------+--------------+---------+-------+---------+----------| 
     | ack_rank_q_reg[14] | CK ^         |         |       |  -0.001 |   -0.022 | 
     | ack_rank_q_reg[14] | CK ^ -> QN ^ | DFFTRX1 | 0.181 |   0.180 |    0.158 | 
     | g7023__2346        | A0 ^ -> Y v  | AOI21XL | 0.037 |   0.217 |    0.196 | 
     | ack_rank_q_reg[14] | D v          | DFFTRX1 | 0.000 |   0.217 |    0.196 | 
     +--------------------------------------------------------------------------+ 
Path 20: MET Hold Check with Pin ack_rank_q_reg[5]/CK 
Endpoint:   ack_rank_q_reg[5]/D  (v) checked with  leading edge of 'clk'
Beginpoint: ack_rank_q_reg[5]/QN (^) triggered by  leading edge of 'clk'
Path Groups: {clk}
Analysis View: hold_view
Other End Arrival Time          0.088
+ Hold                         -0.089
+ Phase Shift                   0.000
+ Uncertainty                   0.200
= Required Time                 0.200
  Arrival Time                  0.221
  Slack Time                    0.022
     Clock Rise Edge                 0.000
     + Clock Network Latency (Prop)  0.002
     = Beginpoint Arrival Time       0.002
     +-------------------------------------------------------------------------+ 
     |     Instance      |     Arc      |  Cell   | Delay | Arrival | Required | 
     |                   |              |         |       |  Time   |   Time   | 
     |-------------------+--------------+---------+-------+---------+----------| 
     | ack_rank_q_reg[5] | CK ^         |         |       |   0.002 |   -0.020 | 
     | ack_rank_q_reg[5] | CK ^ -> QN ^ | DFFTRX1 | 0.181 |   0.182 |    0.161 | 
     | g7030__8246       | A0 ^ -> Y v  | AOI21XL | 0.039 |   0.221 |    0.200 | 
     | ack_rank_q_reg[5] | D v          | DFFTRX1 | 0.000 |   0.221 |    0.200 | 
     +-------------------------------------------------------------------------+ 
Path 21: MET Hold Check with Pin ack_rank_q_reg[2]/CK 
Endpoint:   ack_rank_q_reg[2]/D  (v) checked with  leading edge of 'clk'
Beginpoint: ack_rank_q_reg[2]/QN (^) triggered by  leading edge of 'clk'
Path Groups: {clk}
Analysis View: hold_view
Other End Arrival Time          0.088
+ Hold                         -0.090
+ Phase Shift                   0.000
+ Uncertainty                   0.200
= Required Time                 0.198
  Arrival Time                  0.220
  Slack Time                    0.022
     Clock Rise Edge                 0.000
     + Clock Network Latency (Prop)  0.002
     = Beginpoint Arrival Time       0.002
     +-------------------------------------------------------------------------+ 
     |     Instance      |     Arc      |  Cell   | Delay | Arrival | Required | 
     |                   |              |         |       |  Time   |   Time   | 
     |-------------------+--------------+---------+-------+---------+----------| 
     | ack_rank_q_reg[2] | CK ^         |         |       |   0.002 |   -0.020 | 
     | ack_rank_q_reg[2] | CK ^ -> QN ^ | DFFTRX1 | 0.180 |   0.182 |    0.160 | 
     | g7027__4733       | A0 ^ -> Y v  | AOI21XL | 0.038 |   0.220 |    0.198 | 
     | ack_rank_q_reg[2] | D v          | DFFTRX1 | 0.000 |   0.220 |    0.198 | 
     +-------------------------------------------------------------------------+ 
Path 22: MET Hold Check with Pin ack_rank_q_reg[13]/CK 
Endpoint:   ack_rank_q_reg[13]/D  (v) checked with  leading edge of 'clk'
Beginpoint: ack_rank_q_reg[13]/QN (^) triggered by  leading edge of 'clk'
Path Groups: {clk}
Analysis View: hold_view
Other End Arrival Time          0.086
+ Hold                         -0.089
+ Phase Shift                   0.000
+ Uncertainty                   0.200
= Required Time                 0.196
  Arrival Time                  0.218
  Slack Time                    0.022
     Clock Rise Edge                 0.000
     + Clock Network Latency (Prop)  -0.001
     = Beginpoint Arrival Time       -0.001
     +--------------------------------------------------------------------------+ 
     |      Instance      |     Arc      |  Cell   | Delay | Arrival | Required | 
     |                    |              |         |       |  Time   |   Time   | 
     |--------------------+--------------+---------+-------+---------+----------| 
     | ack_rank_q_reg[13] | CK ^         |         |       |  -0.001 |   -0.022 | 
     | ack_rank_q_reg[13] | CK ^ -> QN ^ | DFFTRX1 | 0.181 |   0.181 |    0.159 | 
     | g7022__9945        | A0 ^ -> Y v  | AOI21XL | 0.038 |   0.218 |    0.196 | 
     | ack_rank_q_reg[13] | D v          | DFFTRX1 | 0.000 |   0.218 |    0.196 | 
     +--------------------------------------------------------------------------+ 
Path 23: MET Hold Check with Pin req_sync_q_reg[13]/CK 
Endpoint:   req_sync_q_reg[13]/D (v) checked with  leading edge of 'clk'
Beginpoint: req_meta_q_reg[13]/Q (v) triggered by  leading edge of 'clk'
Path Groups: {clk}
Analysis View: hold_view
Other End Arrival Time          0.086
+ Hold                         -0.030
+ Phase Shift                   0.000
+ Uncertainty                   0.200
= Required Time                 0.255
  Arrival Time                  0.277
  Slack Time                    0.022
     Clock Rise Edge                 0.000
     + Clock Network Latency (Prop)  -0.003
     = Beginpoint Arrival Time       -0.003
     +------------------------------------------------------------------------------+ 
     |        Instance        |     Arc     |   Cell   | Delay | Arrival | Required | 
     |                        |             |          |       |  Time   |   Time   | 
     |------------------------+-------------+----------+-------+---------+----------| 
     | req_meta_q_reg[13]     | CK ^        |          |       |  -0.003 |   -0.025 | 
     | req_meta_q_reg[13]     | CK ^ -> Q v | DFFHQX1  | 0.131 |   0.128 |    0.106 | 
     | FE_PHC8_req_meta_q_13  | A v -> Y v  | CLKBUFX1 | 0.083 |   0.210 |    0.188 | 
     | FE_PHC37_req_meta_q_13 | A v -> Y v  | CLKBUFX8 | 0.067 |   0.277 |    0.255 | 
     | req_sync_q_reg[13]     | D v         | DFFX1    | 0.000 |   0.277 |    0.255 | 
     +------------------------------------------------------------------------------+ 
Path 24: MET Hold Check with Pin ack_rank_q_reg[15]/CK 
Endpoint:   ack_rank_q_reg[15]/D  (v) checked with  leading edge of 'clk'
Beginpoint: ack_rank_q_reg[15]/QN (^) triggered by  leading edge of 'clk'
Path Groups: {clk}
Analysis View: hold_view
Other End Arrival Time          0.085
+ Hold                         -0.090
+ Phase Shift                   0.000
+ Uncertainty                   0.200
= Required Time                 0.195
  Arrival Time                  0.218
  Slack Time                    0.022
     Clock Rise Edge                 0.000
     + Clock Network Latency (Prop)  -0.001
     = Beginpoint Arrival Time       -0.001
     +--------------------------------------------------------------------------+ 
     |      Instance      |     Arc      |  Cell   | Delay | Arrival | Required | 
     |                    |              |         |       |  Time   |   Time   | 
     |--------------------+--------------+---------+-------+---------+----------| 
     | ack_rank_q_reg[15] | CK ^         |         |       |  -0.001 |   -0.024 | 
     | ack_rank_q_reg[15] | CK ^ -> QN ^ | DFFTRX1 | 0.180 |   0.179 |    0.157 | 
     | g7026__1705        | A0 ^ -> Y v  | AOI21XL | 0.038 |   0.218 |    0.195 | 
     | ack_rank_q_reg[15] | D v          | DFFTRX1 | 0.000 |   0.218 |    0.195 | 
     +--------------------------------------------------------------------------+ 
Path 25: MET Hold Check with Pin ack_rank_q_reg[9]/CK 
Endpoint:   ack_rank_q_reg[9]/D  (v) checked with  leading edge of 'clk'
Beginpoint: ack_rank_q_reg[9]/QN (^) triggered by  leading edge of 'clk'
Path Groups: {clk}
Analysis View: hold_view
Other End Arrival Time          0.088
+ Hold                         -0.090
+ Phase Shift                   0.000
+ Uncertainty                   0.200
= Required Time                 0.198
  Arrival Time                  0.220
  Slack Time                    0.023
     Clock Rise Edge                 0.000
     + Clock Network Latency (Prop)  0.002
     = Beginpoint Arrival Time       0.002
     +-------------------------------------------------------------------------+ 
     |     Instance      |     Arc      |  Cell   | Delay | Arrival | Required | 
     |                   |              |         |       |  Time   |   Time   | 
     |-------------------+--------------+---------+-------+---------+----------| 
     | ack_rank_q_reg[9] | CK ^         |         |       |   0.002 |   -0.021 | 
     | ack_rank_q_reg[9] | CK ^ -> QN ^ | DFFTRX1 | 0.178 |   0.180 |    0.157 | 
     | g7034__6783       | A0 ^ -> Y v  | AOI21XL | 0.041 |   0.220 |    0.198 | 
     | ack_rank_q_reg[9] | D v          | DFFTRX1 | 0.000 |   0.220 |    0.198 | 
     +-------------------------------------------------------------------------+ 
Path 26: MET Hold Check with Pin ack_rank_q_reg[7]/CK 
Endpoint:   ack_rank_q_reg[7]/D  (v) checked with  leading edge of 'clk'
Beginpoint: ack_rank_q_reg[7]/QN (^) triggered by  leading edge of 'clk'
Path Groups: {clk}
Analysis View: hold_view
Other End Arrival Time          0.088
+ Hold                         -0.089
+ Phase Shift                   0.000
+ Uncertainty                   0.200
= Required Time                 0.199
  Arrival Time                  0.223
  Slack Time                    0.024
     Clock Rise Edge                 0.000
     + Clock Network Latency (Prop)  0.002
     = Beginpoint Arrival Time       0.002
     +-------------------------------------------------------------------------+ 
     |     Instance      |     Arc      |  Cell   | Delay | Arrival | Required | 
     |                   |              |         |       |  Time   |   Time   | 
     |-------------------+--------------+---------+-------+---------+----------| 
     | ack_rank_q_reg[7] | CK ^         |         |       |   0.002 |   -0.022 | 
     | ack_rank_q_reg[7] | CK ^ -> QN ^ | DFFTRX1 | 0.181 |   0.182 |    0.158 | 
     | g7032__8428       | A0 ^ -> Y v  | AOI21XL | 0.041 |   0.223 |    0.199 | 
     | ack_rank_q_reg[7] | D v          | DFFTRX1 | 0.000 |   0.223 |    0.199 | 
     +-------------------------------------------------------------------------+ 
Path 27: MET Hold Check with Pin ack_rank_q_reg[0]/CK 
Endpoint:   ack_rank_q_reg[0]/D  (v) checked with  leading edge of 'clk'
Beginpoint: ack_rank_q_reg[0]/QN (^) triggered by  leading edge of 'clk'
Path Groups: {clk}
Analysis View: hold_view
Other End Arrival Time          0.088
+ Hold                         -0.091
+ Phase Shift                   0.000
+ Uncertainty                   0.200
= Required Time                 0.198
  Arrival Time                  0.222
  Slack Time                    0.024
     Clock Rise Edge                 0.000
     + Clock Network Latency (Prop)  0.002
     = Beginpoint Arrival Time       0.002
     +-------------------------------------------------------------------------+ 
     |     Instance      |     Arc      |  Cell   | Delay | Arrival | Required | 
     |                   |              |         |       |  Time   |   Time   | 
     |-------------------+--------------+---------+-------+---------+----------| 
     | ack_rank_q_reg[0] | CK ^         |         |       |   0.002 |   -0.022 | 
     | ack_rank_q_reg[0] | CK ^ -> QN ^ | DFFTRX1 | 0.180 |   0.182 |    0.158 | 
     | g7035__3680       | A0 ^ -> Y v  | AOI21XL | 0.039 |   0.222 |    0.198 | 
     | ack_rank_q_reg[0] | D v          | DFFTRX1 | 0.000 |   0.222 |    0.198 | 
     +-------------------------------------------------------------------------+ 
Path 28: MET Hold Check with Pin ack_rank_q_reg[8]/CK 
Endpoint:   ack_rank_q_reg[8]/D  (v) checked with  leading edge of 'clk'
Beginpoint: ack_rank_q_reg[8]/QN (^) triggered by  leading edge of 'clk'
Path Groups: {clk}
Analysis View: hold_view
Other End Arrival Time          0.088
+ Hold                         -0.090
+ Phase Shift                   0.000
+ Uncertainty                   0.200
= Required Time                 0.198
  Arrival Time                  0.223
  Slack Time                    0.024
     Clock Rise Edge                 0.000
     + Clock Network Latency (Prop)  0.002
     = Beginpoint Arrival Time       0.002
     +-------------------------------------------------------------------------+ 
     |     Instance      |     Arc      |  Cell   | Delay | Arrival | Required | 
     |                   |              |         |       |  Time   |   Time   | 
     |-------------------+--------------+---------+-------+---------+----------| 
     | ack_rank_q_reg[8] | CK ^         |         |       |   0.002 |   -0.023 | 
     | ack_rank_q_reg[8] | CK ^ -> QN ^ | DFFTRX1 | 0.182 |   0.184 |    0.160 | 
     | g7033__5526       | A0 ^ -> Y v  | AOI21XL | 0.038 |   0.223 |    0.198 | 
     | ack_rank_q_reg[8] | D v          | DFFTRX1 | 0.000 |   0.223 |    0.198 | 
     +-------------------------------------------------------------------------+ 
Path 29: MET Hold Check with Pin req_sync_q_reg[8]/CK 
Endpoint:   req_sync_q_reg[8]/D (v) checked with  leading edge of 'clk'
Beginpoint: req_meta_q_reg[8]/Q (v) triggered by  leading edge of 'clk'
Path Groups: {clk}
Analysis View: hold_view
Other End Arrival Time          0.085
+ Hold                         -0.030
+ Phase Shift                   0.000
+ Uncertainty                   0.200
= Required Time                 0.255
  Arrival Time                  0.281
  Slack Time                    0.026
     Clock Rise Edge                 0.000
     + Clock Network Latency (Prop)  -0.003
     = Beginpoint Arrival Time       -0.003
     +-----------------------------------------------------------------------------+ 
     |       Instance        |     Arc     |   Cell   | Delay | Arrival | Required | 
     |                       |             |          |       |  Time   |   Time   | 
     |-----------------------+-------------+----------+-------+---------+----------| 
     | req_meta_q_reg[8]     | CK ^        |          |       |  -0.003 |   -0.029 | 
     | req_meta_q_reg[8]     | CK ^ -> Q v | DFFHQX1  | 0.128 |   0.125 |    0.099 | 
     | FE_PHC3_req_meta_q_8  | A v -> Y v  | CLKBUFX1 | 0.086 |   0.211 |    0.186 | 
     | FE_PHC45_req_meta_q_8 | A v -> Y v  | CLKBUFX8 | 0.069 |   0.281 |    0.255 | 
     | req_sync_q_reg[8]     | D v         | DFFX1    | 0.000 |   0.281 |    0.255 | 
     +-----------------------------------------------------------------------------+ 
Path 30: MET Hold Check with Pin ack_rank_q_reg[1]/CK 
Endpoint:   ack_rank_q_reg[1]/D  (v) checked with  leading edge of 'clk'
Beginpoint: ack_rank_q_reg[1]/QN (^) triggered by  leading edge of 'clk'
Path Groups: {clk}
Analysis View: hold_view
Other End Arrival Time          0.088
+ Hold                         -0.090
+ Phase Shift                   0.000
+ Uncertainty                   0.200
= Required Time                 0.198
  Arrival Time                  0.225
  Slack Time                    0.027
     Clock Rise Edge                 0.000
     + Clock Network Latency (Prop)  0.002
     = Beginpoint Arrival Time       0.002
     +-------------------------------------------------------------------------+ 
     |     Instance      |     Arc      |  Cell   | Delay | Arrival | Required | 
     |                   |              |         |       |  Time   |   Time   | 
     |-------------------+--------------+---------+-------+---------+----------| 
     | ack_rank_q_reg[1] | CK ^         |         |       |   0.002 |   -0.025 | 
     | ack_rank_q_reg[1] | CK ^ -> QN ^ | DFFTRX1 | 0.185 |   0.187 |    0.160 | 
     | g7025__6417       | A0 ^ -> Y v  | AOI21XL | 0.038 |   0.225 |    0.198 | 
     | ack_rank_q_reg[1] | D v          | DFFTRX1 | 0.000 |   0.225 |    0.198 | 
     +-------------------------------------------------------------------------+ 
Path 31: MET Hold Check with Pin pending_rank_q_reg[3]/CK 
Endpoint:   pending_rank_q_reg[3]/D (^) checked with  leading edge of 'clk'
Beginpoint: pending_rank_q_reg[3]/Q (^) triggered by  leading edge of 'clk'
Path Groups: {clk}
Analysis View: hold_view
Other End Arrival Time          0.088
+ Hold                         -0.033
+ Phase Shift                   0.000
+ Uncertainty                   0.200
= Required Time                 0.255
  Arrival Time                  0.286
  Slack Time                    0.031
     Clock Rise Edge                 0.000
     + Clock Network Latency (Prop)  0.002
     = Beginpoint Arrival Time       0.002
     +------------------------------------------------------------------------------+ 
     |       Instance        |     Arc     |   Cell    | Delay | Arrival | Required | 
     |                       |             |           |       |  Time   |   Time   | 
     |-----------------------+-------------+-----------+-------+---------+----------| 
     | pending_rank_q_reg[3] | CK ^        |           |       |   0.002 |   -0.029 | 
     | pending_rank_q_reg[3] | CK ^ -> Q ^ | DFFHQX1   | 0.169 |   0.170 |    0.140 | 
     | g6986__2346           | B0 ^ -> Y v | AOI2BB1X1 | 0.064 |   0.234 |    0.204 | 
     | g6883__6260           | B0 v -> Y ^ | AOI31X1   | 0.051 |   0.286 |    0.255 | 
     | pending_rank_q_reg[3] | D ^         | DFFHQX1   | 0.000 |   0.286 |    0.255 | 
     +------------------------------------------------------------------------------+ 
Path 32: MET Hold Check with Pin out_rank_q_reg[1]/CK 
Endpoint:   out_rank_q_reg[1]/D  (v) checked with  leading edge of 'clk'
Beginpoint: out_rank_q_reg[1]/QN (^) triggered by  leading edge of 'clk'
Path Groups: {clk}
Analysis View: hold_view
Other End Arrival Time          0.086
+ Hold                         -0.039
+ Phase Shift                   0.000
+ Uncertainty                   0.200
= Required Time                 0.247
  Arrival Time                  0.279
  Slack Time                    0.032
     Clock Rise Edge                 0.000
     + Clock Network Latency (Prop)  -0.000
     = Beginpoint Arrival Time       -0.000
     +------------------------------------------------------------------------+ 
     |     Instance      |     Arc      |  Cell  | Delay | Arrival | Required | 
     |                   |              |        |       |  Time   |   Time   | 
     |-------------------+--------------+--------+-------+---------+----------| 
     | out_rank_q_reg[1] | CK ^         |        |       |  -0.000 |   -0.032 | 
     | out_rank_q_reg[1] | CK ^ -> QN ^ | DFFX1  | 0.226 |   0.225 |    0.193 | 
     | g2                | A ^ -> Y v   | MXI2XL | 0.054 |   0.279 |    0.247 | 
     | out_rank_q_reg[1] | D v          | DFFX1  | 0.000 |   0.279 |    0.247 | 
     +------------------------------------------------------------------------+ 
Path 33: MET Hold Check with Pin pending_rank_q_reg[8]/CK 
Endpoint:   pending_rank_q_reg[8]/D (^) checked with  leading edge of 'clk'
Beginpoint: pending_rank_q_reg[8]/Q (^) triggered by  leading edge of 'clk'
Path Groups: {clk}
Analysis View: hold_view
Other End Arrival Time          0.088
+ Hold                         -0.033
+ Phase Shift                   0.000
+ Uncertainty                   0.200
= Required Time                 0.255
  Arrival Time                  0.290
  Slack Time                    0.034
     Clock Rise Edge                 0.000
     + Clock Network Latency (Prop)  0.002
     = Beginpoint Arrival Time       0.002
     +------------------------------------------------------------------------------+ 
     |       Instance        |     Arc     |   Cell    | Delay | Arrival | Required | 
     |                       |             |           |       |  Time   |   Time   | 
     |-----------------------+-------------+-----------+-------+---------+----------| 
     | pending_rank_q_reg[8] | CK ^        |           |       |   0.002 |   -0.032 | 
     | pending_rank_q_reg[8] | CK ^ -> Q ^ | DFFHQX1   | 0.169 |   0.170 |    0.136 | 
     | g6993__6417           | B0 ^ -> Y v | AOI2BB1X1 | 0.067 |   0.238 |    0.203 | 
     | g6874__5107           | B0 v -> Y ^ | AOI31XL   | 0.052 |   0.290 |    0.255 | 
     | pending_rank_q_reg[8] | D ^         | DFFHQX1   | 0.000 |   0.290 |    0.255 | 
     +------------------------------------------------------------------------------+ 
Path 34: MET Hold Check with Pin pending_rank_q_reg[4]/CK 
Endpoint:   pending_rank_q_reg[4]/D (^) checked with  leading edge of 'clk'
Beginpoint: pending_rank_q_reg[4]/Q (^) triggered by  leading edge of 'clk'
Path Groups: {clk}
Analysis View: hold_view
Other End Arrival Time          0.087
+ Hold                         -0.032
+ Phase Shift                   0.000
+ Uncertainty                   0.200
= Required Time                 0.255
  Arrival Time                  0.291
  Slack Time                    0.036
     Clock Rise Edge                 0.000
     + Clock Network Latency (Prop)  0.001
     = Beginpoint Arrival Time       0.001
     +------------------------------------------------------------------------------+ 
     |       Instance        |     Arc     |   Cell    | Delay | Arrival | Required | 
     |                       |             |           |       |  Time   |   Time   | 
     |-----------------------+-------------+-----------+-------+---------+----------| 
     | pending_rank_q_reg[4] | CK ^        |           |       |   0.001 |   -0.035 | 
     | pending_rank_q_reg[4] | CK ^ -> Q ^ | DFFHQX1   | 0.168 |   0.169 |    0.133 | 
     | g6987__7410           | B0 ^ -> Y v | AOI2BB1X1 | 0.064 |   0.233 |    0.197 | 
     | g6876__5122           | B0 v -> Y ^ | AOI31XL   | 0.058 |   0.291 |    0.255 | 
     | pending_rank_q_reg[4] | D ^         | DFFHQX1   | 0.000 |   0.291 |    0.255 | 
     +------------------------------------------------------------------------------+ 
Path 35: MET Hold Check with Pin pending_rank_q_reg[11]/CK 
Endpoint:   pending_rank_q_reg[11]/D (^) checked with  leading edge of 'clk'
Beginpoint: pending_rank_q_reg[11]/Q (^) triggered by  leading edge of 'clk'
Path Groups: {clk}
Analysis View: hold_view
Other End Arrival Time          0.086
+ Hold                         -0.033
+ Phase Shift                   0.000
+ Uncertainty                   0.200
= Required Time                 0.253
  Arrival Time                  0.289
  Slack Time                    0.036
     Clock Rise Edge                 0.000
     + Clock Network Latency (Prop)  -0.000
     = Beginpoint Arrival Time       -0.000
     +-------------------------------------------------------------------------------+ 
     |        Instance        |     Arc     |   Cell    | Delay | Arrival | Required | 
     |                        |             |           |       |  Time   |   Time   | 
     |------------------------+-------------+-----------+-------+---------+----------| 
     | pending_rank_q_reg[11] | CK ^        |           |       |  -0.000 |   -0.036 | 
     | pending_rank_q_reg[11] | CK ^ -> Q ^ | DFFHQX1   | 0.173 |   0.172 |    0.137 | 
     | g6995__6783            | B0 ^ -> Y v | AOI2BB1X1 | 0.068 |   0.240 |    0.205 | 
     | g6877__7098            | B0 v -> Y ^ | AOI31X1   | 0.048 |   0.289 |    0.253 | 
     | pending_rank_q_reg[11] | D ^         | DFFHQX1   | 0.000 |   0.289 |    0.253 | 
     +-------------------------------------------------------------------------------+ 
Path 36: MET Hold Check with Pin pending_rank_q_reg[15]/CK 
Endpoint:   pending_rank_q_reg[15]/D (^) checked with  leading edge of 'clk'
Beginpoint: pending_rank_q_reg[15]/Q (^) triggered by  leading edge of 'clk'
Path Groups: {clk}
Analysis View: hold_view
Other End Arrival Time          0.085
+ Hold                         -0.032
+ Phase Shift                   0.000
+ Uncertainty                   0.200
= Required Time                 0.253
  Arrival Time                  0.293
  Slack Time                    0.040
     Clock Rise Edge                 0.000
     + Clock Network Latency (Prop)  -0.001
     = Beginpoint Arrival Time       -0.001
     +-------------------------------------------------------------------------------+ 
     |        Instance        |     Arc     |   Cell    | Delay | Arrival | Required | 
     |                        |             |           |       |  Time   |   Time   | 
     |------------------------+-------------+-----------+-------+---------+----------| 
     | pending_rank_q_reg[15] | CK ^        |           |       |  -0.001 |   -0.041 | 
     | pending_rank_q_reg[15] | CK ^ -> Q ^ | DFFHQX1   | 0.173 |   0.172 |    0.132 | 
     | g6996__8428            | B0 ^ -> Y v | AOI2BB1X1 | 0.063 |   0.235 |    0.195 | 
     | g6881__1881            | B0 v -> Y ^ | AOI31X1   | 0.058 |   0.293 |    0.253 | 
     | pending_rank_q_reg[15] | D ^         | DFFHQX1   | 0.000 |   0.293 |    0.253 | 
     +-------------------------------------------------------------------------------+ 
Path 37: MET Removal Check with Pin reset_release_q_reg[0]/CK 
Endpoint:   reset_release_q_reg[0]/RN (^) checked with  leading edge of 'clk'
Beginpoint: rst_n                     (^) triggered by  leading edge of '@'
Path Groups: {async_default}
Analysis View: hold_view
Other End Arrival Time          0.083
+ Removal                      -0.031
+ Phase Shift                   0.000
+ Uncertainty                   0.200
= Required Time                 0.252
  Arrival Time                  0.292
  Slack Time                    0.040
     Clock Rise Edge                      0.000
     + Input Delay                        0.000
     = Beginpoint Arrival Time            0.000
     +-----------------------------------------------------------------------------+ 
     |        Instance        |    Arc     |   Cell   | Delay | Arrival | Required | 
     |                        |            |          |       |  Time   |   Time   | 
     |------------------------+------------+----------+-------+---------+----------| 
     |                        | rst_n ^    |          |       |   0.000 |   -0.040 | 
     | FE_PHC19_rst_n         | A ^ -> Y ^ | BUFX3    | 0.046 |   0.046 |    0.006 | 
     | FE_PHC1_rst_n          | A ^ -> Y ^ | DLY2X1   | 0.246 |   0.292 |    0.252 | 
     | reset_release_q_reg[0] | RN ^       | DFFRHQX1 | 0.000 |   0.292 |    0.252 | 
     +-----------------------------------------------------------------------------+ 
Path 38: MET Hold Check with Pin pending_rank_q_reg[7]/CK 
Endpoint:   pending_rank_q_reg[7]/D (^) checked with  leading edge of 'clk'
Beginpoint: pending_rank_q_reg[7]/Q (^) triggered by  leading edge of 'clk'
Path Groups: {clk}
Analysis View: hold_view
Other End Arrival Time          0.088
+ Hold                         -0.033
+ Phase Shift                   0.000
+ Uncertainty                   0.200
= Required Time                 0.255
  Arrival Time                  0.296
  Slack Time                    0.041
     Clock Rise Edge                 0.000
     + Clock Network Latency (Prop)  0.001
     = Beginpoint Arrival Time       0.001
     +------------------------------------------------------------------------------+ 
     |       Instance        |     Arc     |   Cell    | Delay | Arrival | Required | 
     |                       |             |           |       |  Time   |   Time   | 
     |-----------------------+-------------+-----------+-------+---------+----------| 
     | pending_rank_q_reg[7] | CK ^        |           |       |   0.001 |   -0.040 | 
     | pending_rank_q_reg[7] | CK ^ -> Q ^ | DFFHQX1   | 0.169 |   0.170 |    0.129 | 
     | g6988__1666           | B0 ^ -> Y v | AOI2BB1X1 | 0.069 |   0.239 |    0.198 | 
     | g6887__4319           | B0 v -> Y ^ | AOI31X1   | 0.057 |   0.296 |    0.255 | 
     | pending_rank_q_reg[7] | D ^         | DFFHQX1   | 0.000 |   0.296 |    0.255 | 
     +------------------------------------------------------------------------------+ 
Path 39: MET Removal Check with Pin reset_release_q_reg[1]/CK 
Endpoint:   reset_release_q_reg[1]/RN (^) checked with  leading edge of 'clk'
Beginpoint: rst_n                     (^) triggered by  leading edge of '@'
Path Groups: {async_default}
Analysis View: hold_view
Other End Arrival Time          0.082
+ Removal                      -0.031
+ Phase Shift                   0.000
+ Uncertainty                   0.200
= Required Time                 0.251
  Arrival Time                  0.292
  Slack Time                    0.041
     Clock Rise Edge                      0.000
     + Input Delay                        0.000
     = Beginpoint Arrival Time            0.000
     +-----------------------------------------------------------------------------+ 
     |        Instance        |    Arc     |   Cell   | Delay | Arrival | Required | 
     |                        |            |          |       |  Time   |   Time   | 
     |------------------------+------------+----------+-------+---------+----------| 
     |                        | rst_n ^    |          |       |   0.000 |   -0.041 | 
     | FE_PHC19_rst_n         | A ^ -> Y ^ | BUFX3    | 0.046 |   0.046 |    0.004 | 
     | FE_PHC1_rst_n          | A ^ -> Y ^ | DLY2X1   | 0.246 |   0.292 |    0.251 | 
     | reset_release_q_reg[1] | RN ^       | DFFRHQX1 | 0.000 |   0.292 |    0.251 | 
     +-----------------------------------------------------------------------------+ 
Path 40: MET Hold Check with Pin pending_rank_q_reg[12]/CK 
Endpoint:   pending_rank_q_reg[12]/D (^) checked with  leading edge of 'clk'
Beginpoint: pending_rank_q_reg[12]/Q (^) triggered by  leading edge of 'clk'
Path Groups: {clk}
Analysis View: hold_view
Other End Arrival Time          0.087
+ Hold                         -0.032
+ Phase Shift                   0.000
+ Uncertainty                   0.200
= Required Time                 0.254
  Arrival Time                  0.297
  Slack Time                    0.043
     Clock Rise Edge                 0.000
     + Clock Network Latency (Prop)  0.000
     = Beginpoint Arrival Time       0.000
     +-------------------------------------------------------------------------------+ 
     |        Instance        |     Arc     |   Cell    | Delay | Arrival | Required | 
     |                        |             |           |       |  Time   |   Time   | 
     |------------------------+-------------+-----------+-------+---------+----------| 
     | pending_rank_q_reg[12] | CK ^        |           |       |   0.000 |   -0.042 | 
     | pending_rank_q_reg[12] | CK ^ -> Q ^ | DFFHQX1   | 0.174 |   0.174 |    0.131 | 
     | g6997__5526            | B0 ^ -> Y v | AOI2BB1X1 | 0.066 |   0.240 |    0.197 | 
     | g6879__6783            | B0 v -> Y ^ | AOI31XL   | 0.058 |   0.297 |    0.254 | 
     | pending_rank_q_reg[12] | D ^         | DFFHQX1   | 0.000 |   0.297 |    0.254 | 
     +-------------------------------------------------------------------------------+ 
Path 41: MET Hold Check with Pin pending_rank_q_reg[13]/CK 
Endpoint:   pending_rank_q_reg[13]/D (^) checked with  leading edge of 'clk'
Beginpoint: pending_rank_q_reg[13]/Q (^) triggered by  leading edge of 'clk'
Path Groups: {clk}
Analysis View: hold_view
Other End Arrival Time          0.086
+ Hold                         -0.033
+ Phase Shift                   0.000
+ Uncertainty                   0.200
= Required Time                 0.253
  Arrival Time                  0.298
  Slack Time                    0.045
     Clock Rise Edge                 0.000
     + Clock Network Latency (Prop)  -0.000
     = Beginpoint Arrival Time       -0.000
     +-------------------------------------------------------------------------------+ 
     |        Instance        |     Arc     |   Cell    | Delay | Arrival | Required | 
     |                        |             |           |       |  Time   |   Time   | 
     |------------------------+-------------+-----------+-------+---------+----------| 
     | pending_rank_q_reg[13] | CK ^        |           |       |  -0.000 |   -0.045 | 
     | pending_rank_q_reg[13] | CK ^ -> Q ^ | DFFHQX1   | 0.169 |   0.169 |    0.124 | 
     | g6998__2802            | B0 ^ -> Y v | AOI2BB1X1 | 0.075 |   0.243 |    0.198 | 
     | g6878__8246            | B0 v -> Y ^ | AOI31X1   | 0.055 |   0.298 |    0.253 | 
     | pending_rank_q_reg[13] | D ^         | DFFHQX1   | 0.000 |   0.298 |    0.253 | 
     +-------------------------------------------------------------------------------+ 
Path 42: MET Hold Check with Pin req_sync_q_reg[3]/CK 
Endpoint:   req_sync_q_reg[3]/D (^) checked with  leading edge of 'clk'
Beginpoint: req_meta_q_reg[3]/Q (^) triggered by  leading edge of 'clk'
Path Groups: {clk}
Analysis View: hold_view
Other End Arrival Time          0.085
+ Hold                         -0.033
+ Phase Shift                   0.000
+ Uncertainty                   0.200
= Required Time                 0.252
  Arrival Time                  0.299
  Slack Time                    0.048
     Clock Rise Edge                 0.000
     + Clock Network Latency (Prop)  -0.003
     = Beginpoint Arrival Time       -0.003
     +-----------------------------------------------------------------------------+ 
     |       Instance        |     Arc     |   Cell   | Delay | Arrival | Required | 
     |                       |             |          |       |  Time   |   Time   | 
     |-----------------------+-------------+----------+-------+---------+----------| 
     | req_meta_q_reg[3]     | CK ^        |          |       |  -0.003 |   -0.051 | 
     | req_meta_q_reg[3]     | CK ^ -> Q ^ | DFFHQX1  | 0.148 |   0.145 |    0.097 | 
     | FE_PHC11_req_meta_q_3 | A ^ -> Y ^  | BUFX3    | 0.053 |   0.198 |    0.151 | 
     | FE_PHC53_req_meta_q_3 | A ^ -> Y ^  | BUFX3    | 0.048 |   0.247 |    0.199 | 
     | FE_PHC31_req_meta_q_3 | A ^ -> Y ^  | CLKBUFX1 | 0.053 |   0.299 |    0.252 | 
     | req_sync_q_reg[3]     | D ^         | DFFX1    | 0.000 |   0.299 |    0.252 | 
     +-----------------------------------------------------------------------------+ 
Path 43: MET Hold Check with Pin pending_rank_q_reg[1]/CK 
Endpoint:   pending_rank_q_reg[1]/D (^) checked with  leading edge of 'clk'
Beginpoint: pending_rank_q_reg[1]/Q (^) triggered by  leading edge of 'clk'
Path Groups: {clk}
Analysis View: hold_view
Other End Arrival Time          0.088
+ Hold                         -0.033
+ Phase Shift                   0.000
+ Uncertainty                   0.200
= Required Time                 0.255
  Arrival Time                  0.306
  Slack Time                    0.051
     Clock Rise Edge                 0.000
     + Clock Network Latency (Prop)  0.002
     = Beginpoint Arrival Time       0.002
     +------------------------------------------------------------------------------+ 
     |       Instance        |     Arc     |   Cell    | Delay | Arrival | Required | 
     |                       |             |           |       |  Time   |   Time   | 
     |-----------------------+-------------+-----------+-------+---------+----------| 
     | pending_rank_q_reg[1] | CK ^        |           |       |   0.002 |   -0.049 | 
     | pending_rank_q_reg[1] | CK ^ -> Q ^ | DFFHQX1   | 0.172 |   0.174 |    0.123 | 
     | g6991__2398           | B0 ^ -> Y v | AOI2BB1X1 | 0.080 |   0.254 |    0.203 | 
     | g6880__8428           | B0 v -> Y ^ | AOI31X1   | 0.052 |   0.306 |    0.255 | 
     | pending_rank_q_reg[1] | D ^         | DFFHQX1   | 0.000 |   0.306 |    0.255 | 
     +------------------------------------------------------------------------------+ 
Path 44: MET Hold Check with Pin pending_rank_q_reg[0]/CK 
Endpoint:   pending_rank_q_reg[0]/D (^) checked with  leading edge of 'clk'
Beginpoint: pending_rank_q_reg[0]/Q (^) triggered by  leading edge of 'clk'
Path Groups: {clk}
Analysis View: hold_view
Other End Arrival Time          0.088
+ Hold                         -0.032
+ Phase Shift                   0.000
+ Uncertainty                   0.200
= Required Time                 0.256
  Arrival Time                  0.309
  Slack Time                    0.053
     Clock Rise Edge                 0.000
     + Clock Network Latency (Prop)  0.002
     = Beginpoint Arrival Time       0.002
     +------------------------------------------------------------------------------+ 
     |       Instance        |     Arc     |   Cell    | Delay | Arrival | Required | 
     |                       |             |           |       |  Time   |   Time   | 
     |-----------------------+-------------+-----------+-------+---------+----------| 
     | pending_rank_q_reg[0] | CK ^        |           |       |   0.002 |   -0.051 | 
     | pending_rank_q_reg[0] | CK ^ -> Q ^ | DFFHQX1   | 0.173 |   0.175 |    0.122 | 
     | g6994__4319           | B0 ^ -> Y v | AOI2BB1X1 | 0.070 |   0.245 |    0.192 | 
     | g6882__1705           | B0 v -> Y ^ | AOI31XL   | 0.064 |   0.309 |    0.256 | 
     | pending_rank_q_reg[0] | D ^         | DFFHQX1   | 0.000 |   0.309 |    0.256 | 
     +------------------------------------------------------------------------------+ 
Path 45: MET Hold Check with Pin pending_rank_q_reg[14]/CK 
Endpoint:   pending_rank_q_reg[14]/D (^) checked with  leading edge of 'clk'
Beginpoint: pending_rank_q_reg[14]/Q (^) triggered by  leading edge of 'clk'
Path Groups: {clk}
Analysis View: hold_view
Other End Arrival Time          0.085
+ Hold                         -0.032
+ Phase Shift                   0.000
+ Uncertainty                   0.200
= Required Time                 0.253
  Arrival Time                  0.306
  Slack Time                    0.053
     Clock Rise Edge                 0.000
     + Clock Network Latency (Prop)  -0.001
     = Beginpoint Arrival Time       -0.001
     +-------------------------------------------------------------------------------+ 
     |        Instance        |     Arc     |   Cell    | Delay | Arrival | Required | 
     |                        |             |           |       |  Time   |   Time   | 
     |------------------------+-------------+-----------+-------+---------+----------| 
     | pending_rank_q_reg[14] | CK ^        |           |       |  -0.001 |   -0.055 | 
     | pending_rank_q_reg[14] | CK ^ -> Q ^ | DFFHQX1   | 0.172 |   0.170 |    0.117 | 
     | g7001__1617            | B0 ^ -> Y v | AOI2BB1X1 | 0.074 |   0.244 |    0.191 | 
     | g6884__2398            | B0 v -> Y ^ | AOI31XL   | 0.062 |   0.306 |    0.253 | 
     | pending_rank_q_reg[14] | D ^         | DFFHQX1   | 0.000 |   0.306 |    0.253 | 
     +-------------------------------------------------------------------------------+ 
Path 46: MET Hold Check with Pin req_sync_q_reg[2]/CK 
Endpoint:   req_sync_q_reg[2]/D (^) checked with  leading edge of 'clk'
Beginpoint: req_meta_q_reg[2]/Q (^) triggered by  leading edge of 'clk'
Path Groups: {clk}
Analysis View: hold_view
Other End Arrival Time          0.085
+ Hold                         -0.033
+ Phase Shift                   0.000
+ Uncertainty                   0.200
= Required Time                 0.252
  Arrival Time                  0.306
  Slack Time                    0.054
     Clock Rise Edge                 0.000
     + Clock Network Latency (Prop)  -0.003
     = Beginpoint Arrival Time       -0.003
     +-----------------------------------------------------------------------------+ 
     |       Instance        |     Arc     |   Cell   | Delay | Arrival | Required | 
     |                       |             |          |       |  Time   |   Time   | 
     |-----------------------+-------------+----------+-------+---------+----------| 
     | req_meta_q_reg[2]     | CK ^        |          |       |  -0.003 |   -0.058 | 
     | req_meta_q_reg[2]     | CK ^ -> Q ^ | DFFHQX1  | 0.149 |   0.145 |    0.091 | 
     | FE_PHC12_req_meta_q_2 | A ^ -> Y ^  | BUFX3    | 0.053 |   0.199 |    0.145 | 
     | FE_PHC54_req_meta_q_2 | A ^ -> Y ^  | BUFX3    | 0.051 |   0.250 |    0.195 | 
     | FE_PHC32_req_meta_q_2 | A ^ -> Y ^  | CLKBUFX1 | 0.056 |   0.306 |    0.252 | 
     | req_sync_q_reg[2]     | D ^         | DFFX1    | 0.000 |   0.306 |    0.252 | 
     +-----------------------------------------------------------------------------+ 
Path 47: MET Hold Check with Pin req_sync_q_reg[9]/CK 
Endpoint:   req_sync_q_reg[9]/D (^) checked with  leading edge of 'clk'
Beginpoint: req_meta_q_reg[9]/Q (^) triggered by  leading edge of 'clk'
Path Groups: {clk}
Analysis View: hold_view
Other End Arrival Time          0.086
+ Hold                         -0.032
+ Phase Shift                   0.000
+ Uncertainty                   0.200
= Required Time                 0.253
  Arrival Time                  0.310
  Slack Time                    0.057
     Clock Rise Edge                 0.000
     + Clock Network Latency (Prop)  -0.003
     = Beginpoint Arrival Time       -0.003
     +----------------------------------------------------------------------------+ 
     |       Instance        |     Arc     |  Cell   | Delay | Arrival | Required | 
     |                       |             |         |       |  Time   |   Time   | 
     |-----------------------+-------------+---------+-------+---------+----------| 
     | req_meta_q_reg[9]     | CK ^        |         |       |  -0.003 |   -0.060 | 
     | req_meta_q_reg[9]     | CK ^ -> Q ^ | DFFHQX1 | 0.148 |   0.146 |    0.088 | 
     | FE_PHC10_req_meta_q_9 | A ^ -> Y ^  | BUFX3   | 0.054 |   0.200 |    0.143 | 
     | FE_PHC56_req_meta_q_9 | A ^ -> Y ^  | BUFX3   | 0.051 |   0.251 |    0.193 | 
     | FE_PHC35_req_meta_q_9 | A ^ -> Y ^  | BUFXL   | 0.059 |   0.310 |    0.253 | 
     | req_sync_q_reg[9]     | D ^         | DFFX1   | 0.000 |   0.310 |    0.253 | 
     +----------------------------------------------------------------------------+ 
Path 48: MET Hold Check with Pin pending_rank_q_reg[2]/CK 
Endpoint:   pending_rank_q_reg[2]/D (^) checked with  leading edge of 'clk'
Beginpoint: pending_rank_q_reg[2]/Q (^) triggered by  leading edge of 'clk'
Path Groups: {clk}
Analysis View: hold_view
Other End Arrival Time          0.088
+ Hold                         -0.032
+ Phase Shift                   0.000
+ Uncertainty                   0.200
= Required Time                 0.256
  Arrival Time                  0.314
  Slack Time                    0.058
     Clock Rise Edge                 0.000
     + Clock Network Latency (Prop)  0.002
     = Beginpoint Arrival Time       0.002
     +------------------------------------------------------------------------------+ 
     |       Instance        |     Arc     |   Cell    | Delay | Arrival | Required | 
     |                       |             |           |       |  Time   |   Time   | 
     |-----------------------+-------------+-----------+-------+---------+----------| 
     | pending_rank_q_reg[2] | CK ^        |           |       |   0.002 |   -0.056 | 
     | pending_rank_q_reg[2] | CK ^ -> Q ^ | DFFHQX1   | 0.169 |   0.171 |    0.113 | 
     | g6990__5477           | B0 ^ -> Y v | AOI2BB1X1 | 0.081 |   0.252 |    0.194 | 
     | g6885__1617           | B0 v -> Y ^ | AOI31XL   | 0.062 |   0.314 |    0.256 | 
     | pending_rank_q_reg[2] | D ^         | DFFHQX1   | 0.000 |   0.314 |    0.256 | 
     +------------------------------------------------------------------------------+ 
Path 49: MET Hold Check with Pin pending_rank_q_reg[6]/CK 
Endpoint:   pending_rank_q_reg[6]/D (^) checked with  leading edge of 'clk'
Beginpoint: pending_rank_q_reg[6]/Q (^) triggered by  leading edge of 'clk'
Path Groups: {clk}
Analysis View: hold_view
Other End Arrival Time          0.087
+ Hold                         -0.032
+ Phase Shift                   0.000
+ Uncertainty                   0.200
= Required Time                 0.255
  Arrival Time                  0.318
  Slack Time                    0.063
     Clock Rise Edge                 0.000
     + Clock Network Latency (Prop)  0.001
     = Beginpoint Arrival Time       0.001
     +------------------------------------------------------------------------------+ 
     |       Instance        |     Arc     |   Cell    | Delay | Arrival | Required | 
     |                       |             |           |       |  Time   |   Time   | 
     |-----------------------+-------------+-----------+-------+---------+----------| 
     | pending_rank_q_reg[6] | CK ^        |           |       |   0.001 |   -0.061 | 
     | pending_rank_q_reg[6] | CK ^ -> Q ^ | DFFHQX1   | 0.174 |   0.175 |    0.113 | 
     | g6989__6260           | B0 ^ -> Y v | AOI2BB1X1 | 0.080 |   0.255 |    0.192 | 
     | g6886__6131           | B0 v -> Y ^ | AOI31XL   | 0.063 |   0.318 |    0.255 | 
     | pending_rank_q_reg[6] | D ^         | DFFHQX1   | 0.000 |   0.318 |    0.255 | 
     +------------------------------------------------------------------------------+ 
Path 50: MET Hold Check with Pin req_sync_q_reg[6]/CK 
Endpoint:   req_sync_q_reg[6]/D (^) checked with  leading edge of 'clk'
Beginpoint: req_meta_q_reg[6]/Q (^) triggered by  leading edge of 'clk'
Path Groups: {clk}
Analysis View: hold_view
Other End Arrival Time          0.085
+ Hold                         -0.034
+ Phase Shift                   0.000
+ Uncertainty                   0.200
= Required Time                 0.251
  Arrival Time                  0.314
  Slack Time                    0.063
     Clock Rise Edge                 0.000
     + Clock Network Latency (Prop)  -0.003
     = Beginpoint Arrival Time       -0.003
     +-----------------------------------------------------------------------------+ 
     |       Instance        |     Arc     |   Cell   | Delay | Arrival | Required | 
     |                       |             |          |       |  Time   |   Time   | 
     |-----------------------+-------------+----------+-------+---------+----------| 
     | req_meta_q_reg[6]     | CK ^        |          |       |  -0.003 |   -0.066 | 
     | req_meta_q_reg[6]     | CK ^ -> Q ^ | DFFHQX1  | 0.145 |   0.142 |    0.079 | 
     | FE_PHC9_req_meta_q_6  | A ^ -> Y ^  | CLKBUFX1 | 0.068 |   0.210 |    0.147 | 
     | FE_PHC43_req_meta_q_6 | A ^ -> Y ^  | BUFX3    | 0.055 |   0.266 |    0.203 | 
     | FE_PHC55_req_meta_q_6 | A ^ -> Y ^  | BUFX3    | 0.049 |   0.314 |    0.251 | 
     | req_sync_q_reg[6]     | D ^         | DFFX1    | 0.000 |   0.314 |    0.251 | 
     +-----------------------------------------------------------------------------+ 

