Copyright 1986-2020 Xilinx, Inc. All Rights Reserved.
-----------------------------------------------------------------------------------------------------
| Tool Version : Vivado v.2020.2 (win64) Build 3064766 Wed Nov 18 09:12:45 MST 2020
| Date         : Wed Aug 19 03:17:18 2026
| Host         : DESKTOP-F81OJT8 running 64-bit major release  (build 9200)
| Command      : check_timing -verbose -file reports/traditional_async/vivado_probe/check_timing.rpt
| Design       : aer_traditional_structural
| Device       : 7a35t-cpg236
| Speed File   : -1  PRODUCTION 1.23 2018-06-13
-----------------------------------------------------------------------------------------------------


check_timing report

Table of Contents
-----------------
1. checking no_clock (0)
2. checking constant_clock (0)
3. checking pulse_width_clock (0)
4. checking unconstrained_internal_endpoints (0)
5. checking no_input_delay (0)
6. checking no_output_delay (0)
7. checking multiple_clock (0)
8. checking generated_clocks (0)
9. checking loops (8)
10. checking partial_input_delay (0)
11. checking partial_output_delay (0)
12. checking latch_loops (0)

1. checking no_clock (0)
------------------------
 There are 0 register/latch pins with no clock.


2. checking constant_clock (0)
------------------------------
 There are 0 register/latch pins with constant_clock.


3. checking pulse_width_clock (0)
---------------------------------
 There are 0 register/latch pins which need pulse_width check


4. checking unconstrained_internal_endpoints (0)
------------------------------------------------
 There are 0 pins that are not constrained for maximum delay.

 There are 0 pins that are not constrained for maximum delay due to constant clock.


5. checking no_input_delay (0)
------------------------------
 There are 0 input ports with no input delay specified.

 There are 0 input ports with no input delay but user has a false path constraint.


6. checking no_output_delay (0)
-------------------------------
 There are 0 ports with no output delay specified.

 There are 0 ports with no output delay but user has a false path constraint

 There are 0 ports with no output delay but with a timing clock defined on it or propagating through it


7. checking multiple_clock (0)
------------------------------
 There are 0 register/latch pins with multiple clocks.


8. checking generated_clocks (0)
--------------------------------
 There are 0 generated clocks that are not connected to a clock source.


9. checking loops (8)
---------------------
 There are 8 combinational loops in the design. (HIGH)

g_grant_latch[0].grant_latch_i_2/O
busy_latch/set_safe_inferred_i_1/I0
busy_latch/set_safe_inferred_i_1/O
busy_latch/q_n_inferred_i_1/I0
busy_latch/q_n_inferred_i_1/O
busy_latch/q_o_INST_0/I1
busy_latch/q_o_INST_0/O
g_grant_latch[0].grant_latch_i_2/I3
g_grant_latch[0].grant_latch_i_2/O


busy_latch/q_n_inferred_i_1/O
busy_latch/q_o_INST_0/I1
busy_latch/q_o_INST_0/O
busy_latch_i_1/I1
busy_latch_i_1/O
busy_latch/reset_safe_inferred_i_1/I0
busy_latch/reset_safe_inferred_i_1/O
busy_latch/q_n_inferred_i_1/I2
busy_latch/q_n_inferred_i_1/O


busy_latch/q_o_INST_0/O
busy_latch_i_1/I1
busy_latch_i_1/O
busy_latch/reset_safe_inferred_i_1/I0
busy_latch/reset_safe_inferred_i_1/O
busy_latch/q_o_INST_0/I0
busy_latch/q_o_INST_0/O


busy_latch/q_n_inferred_i_1/O
busy_latch/q_n_inferred_i_1/I1
busy_latch/q_n_inferred_i_1/O


g_grant_latch[3].grant_latch/storage/q_n_inferred_i_1/O
g_grant_latch[3].grant_latch/storage/q_n_inferred_i_1/I1
g_grant_latch[3].grant_latch/storage/q_n_inferred_i_1/O


g_grant_latch[2].grant_latch/storage/q_n_inferred_i_1/O
g_grant_latch[2].grant_latch/storage/q_n_inferred_i_1/I1
g_grant_latch[2].grant_latch/storage/q_n_inferred_i_1/O


g_grant_latch[1].grant_latch/storage/q_n_inferred_i_1/O
g_grant_latch[1].grant_latch/storage/q_n_inferred_i_1/I1
g_grant_latch[1].grant_latch/storage/q_n_inferred_i_1/O


g_grant_latch[0].grant_latch/storage/q_n_inferred_i_1/O
g_grant_latch[0].grant_latch/storage/q_n_inferred_i_1/I1
g_grant_latch[0].grant_latch/storage/q_n_inferred_i_1/O




10. checking partial_input_delay (0)
------------------------------------
 There are 0 input ports with partial input delay specified.


11. checking partial_output_delay (0)
-------------------------------------
 There are 0 ports with partial output delay specified.


12. checking latch_loops (0)
----------------------------
 There are 0 combinational latch loops in the design through latch input


