Copyright 1986-2020 Xilinx, Inc. All Rights Reserved.
------------------------------------------------------------------------------------
| Tool Version : Vivado v.2020.2 (win64) Build 3064766 Wed Nov 18 09:12:45 MST 2020
| Date         : Wed Aug 19 03:17:19 2026
| Host         : DESKTOP-F81OJT8 running 64-bit major release  (build 9200)
| Command      : report_drc -file reports/traditional_async/vivado_probe/drc.rpt
| Design       : aer_traditional_structural
| Device       : xc7a35tcpg236-1
| Speed File   : -1
| Design State : Synthesized
------------------------------------------------------------------------------------

Report DRC

Table of Contents
-----------------
1. REPORT SUMMARY
2. REPORT DETAILS

1. REPORT SUMMARY
-----------------
            Netlist: aer_traditional_structural
          Floorplan: design_1
      Design limits: <entire design considered>
           Ruledeck: default
             Max violations: <unlimited>
             Violations found: 9
+----------+------------------+-----------------------------------------------------+------------+
| Rule     | Severity         | Description                                         | Violations |
+----------+------------------+-----------------------------------------------------+------------+
| LUTLP-1  | Critical Warning | Combinatorial Loop Alert                            | 6          |
| NSTD-1   | Critical Warning | Unspecified I/O Standard                            | 1          |
| UCIO-1   | Critical Warning | Unconstrained Logical Port                          | 1          |
| CFGBVS-1 | Warning          | Missing CFGBVS and CONFIG_VOLTAGE Design Properties | 1          |
+----------+------------------+-----------------------------------------------------+------------+

2. REPORT DETAILS
-----------------
LUTLP-1#1 Critical Warning
Combinatorial Loop Alert  
1 LUT cells form a combinatorial loop. This can create a race condition. Timing analysis may not be accurate. The preferred resolution is to modify the design to remove combinatorial logic loops. If the loop is known and understood, this DRC can be bypassed by acknowledging the condition and setting the following XDC constraint on any one of the nets in the loop: 'set_property ALLOW_COMBINATORIAL_LOOPS TRUE [get_nets <myHier/myNet>]'. One net in the loop is busy_latch/q_n. Please evaluate your design. The cells in the loop are: busy_latch/q_n_inferred_i_1.
Related violations: <none>

LUTLP-1#2 Critical Warning
Combinatorial Loop Alert  
1 LUT cells form a combinatorial loop. This can create a race condition. Timing analysis may not be accurate. The preferred resolution is to modify the design to remove combinatorial logic loops. If the loop is known and understood, this DRC can be bypassed by acknowledging the condition and setting the following XDC constraint on any one of the nets in the loop: 'set_property ALLOW_COMBINATORIAL_LOOPS TRUE [get_nets <myHier/myNet>]'. One net in the loop is g_grant_latch[0].grant_latch/storage/q_n. Please evaluate your design. The cells in the loop are: g_grant_latch[0].grant_latch/storage/q_n_inferred_i_1.
Related violations: <none>

LUTLP-1#3 Critical Warning
Combinatorial Loop Alert  
1 LUT cells form a combinatorial loop. This can create a race condition. Timing analysis may not be accurate. The preferred resolution is to modify the design to remove combinatorial logic loops. If the loop is known and understood, this DRC can be bypassed by acknowledging the condition and setting the following XDC constraint on any one of the nets in the loop: 'set_property ALLOW_COMBINATORIAL_LOOPS TRUE [get_nets <myHier/myNet>]'. One net in the loop is g_grant_latch[1].grant_latch/storage/q_n. Please evaluate your design. The cells in the loop are: g_grant_latch[1].grant_latch/storage/q_n_inferred_i_1.
Related violations: <none>

LUTLP-1#4 Critical Warning
Combinatorial Loop Alert  
1 LUT cells form a combinatorial loop. This can create a race condition. Timing analysis may not be accurate. The preferred resolution is to modify the design to remove combinatorial logic loops. If the loop is known and understood, this DRC can be bypassed by acknowledging the condition and setting the following XDC constraint on any one of the nets in the loop: 'set_property ALLOW_COMBINATORIAL_LOOPS TRUE [get_nets <myHier/myNet>]'. One net in the loop is g_grant_latch[2].grant_latch/storage/q_n. Please evaluate your design. The cells in the loop are: g_grant_latch[2].grant_latch/storage/q_n_inferred_i_1.
Related violations: <none>

LUTLP-1#5 Critical Warning
Combinatorial Loop Alert  
1 LUT cells form a combinatorial loop. This can create a race condition. Timing analysis may not be accurate. The preferred resolution is to modify the design to remove combinatorial logic loops. If the loop is known and understood, this DRC can be bypassed by acknowledging the condition and setting the following XDC constraint on any one of the nets in the loop: 'set_property ALLOW_COMBINATORIAL_LOOPS TRUE [get_nets <myHier/myNet>]'. One net in the loop is g_grant_latch[3].grant_latch/storage/q_n. Please evaluate your design. The cells in the loop are: g_grant_latch[3].grant_latch/storage/q_n_inferred_i_1.
Related violations: <none>

LUTLP-1#6 Critical Warning
Combinatorial Loop Alert  
41 LUT cells form a combinatorial loop. This can create a race condition. Timing analysis may not be accurate. The preferred resolution is to modify the design to remove combinatorial logic loops. If the loop is known and understood, this DRC can be bypassed by acknowledging the condition and setting the following XDC constraint on any one of the nets in the loop: 'set_property ALLOW_COMBINATORIAL_LOOPS TRUE [get_nets <myHier/myNet>]'. One net in the loop is busy_latch/q_n. Please evaluate your design. The cells in the loop are: busy_latch/q_n_inferred_i_1, busy_latch/q_o_INST_0,
busy_latch/reset_safe_inferred_i_1, busy_latch_i_1,
g_grant_latch[0].grant_latch/storage/q_n_inferred_i_1,
g_grant_latch[0].grant_latch/storage/q_o_INST_0,
g_grant_latch[0].grant_latch/storage/reset_safe_inferred_i_1,
g_grant_latch[0].grant_latch_i_2,
g_grant_latch[1].grant_latch/storage/q_n_inferred_i_1,
g_grant_latch[1].grant_latch/storage/q_o_INST_0,
g_grant_latch[2].grant_latch/storage/q_n_inferred_i_1,
g_grant_latch[2].grant_latch/storage/q_o_INST_0,
g_grant_latch[2].grant_latch/storage/reset_safe_inferred_i_1,
g_grant_latch[3].grant_latch/storage/q_n_inferred_i_1,
g_grant_latch[3].grant_latch/storage/q_o_INST_0
 (the first 15 of 41 listed).
Related violations: <none>

NSTD-1#1 Critical Warning
Unspecified I/O Standard  
39 out of 39 logical ports use I/O standard (IOSTANDARD) value 'DEFAULT', instead of a user assigned specific value. This may cause I/O contention or incompatibility with the board power or connectivity affecting performance, signal integrity or in extreme cases cause damage to the device or the components to which it is connected. To correct this violation, specify all I/O standards. This design will fail to generate a bitstream unless all logical ports have a user specified I/O standard value defined. To allow bitstream creation with unspecified I/O standard values (not recommended), use this command: set_property SEVERITY {Warning} [get_drc_checks NSTD-1].  NOTE: When using the Vivado Runs infrastructure (e.g. launch_runs Tcl command), add this command to a .tcl file and add that file as a pre-hook for write_bitstream step for the implementation run. Problem ports: aer_ack, aer_addr[3:0], aer_req, rst_n, src_ack[15:0], src_req[15:0].
Related violations: <none>

UCIO-1#1 Critical Warning
Unconstrained Logical Port  
39 out of 39 logical ports have no user assigned specific location constraint (LOC). This may cause I/O contention or incompatibility with the board power or connectivity affecting performance, signal integrity or in extreme cases cause damage to the device or the components to which it is connected. To correct this violation, specify all pin locations. This design will fail to generate a bitstream unless all logical ports have a user specified site LOC constraint defined.  To allow bitstream creation with unspecified pin locations (not recommended), use this command: set_property SEVERITY {Warning} [get_drc_checks UCIO-1].  NOTE: When using the Vivado Runs infrastructure (e.g. launch_runs Tcl command), add this command to a .tcl file and add that file as a pre-hook for write_bitstream step for the implementation run.  Problem ports: aer_ack, aer_addr[3:0], aer_req, rst_n, src_ack[15:0], src_req[15:0].
Related violations: <none>

CFGBVS-1#1 Warning
Missing CFGBVS and CONFIG_VOLTAGE Design Properties  
Neither the CFGBVS nor CONFIG_VOLTAGE voltage property is set in the current_design.  Configuration bank voltage select (CFGBVS) must be set to VCCO or GND, and CONFIG_VOLTAGE must be set to the correct configuration voltage, in order to determine the I/O voltage support for the pins in bank 0.  It is suggested to specify these either using the 'Edit Device Properties' function in the GUI or directly in the XDC file using the following syntax:

 set_property CFGBVS value1 [current_design]
 #where value1 is either VCCO or GND

 set_property CONFIG_VOLTAGE value2 [current_design]
 #where value2 is the voltage provided to configuration bank 0

Refer to the device configuration user guide for more information.
Related violations: <none>


