Copyright 1986-2020 Xilinx, Inc. All Rights Reserved.
---------------------------------------------------------------------------------------------------------------
| Tool Version : Vivado v.2020.2 (win64) Build 3064766 Wed Nov 18 09:12:45 MST 2020
| Date         : Wed Aug 19 03:17:14 2026
| Host         : DESKTOP-F81OJT8 running 64-bit major release  (build 9200)
| Command      : report_utilization -hierarchical -file reports/traditional_async/vivado_probe/utilization.rpt
| Design       : aer_traditional_structural
| Device       : 7a35tcpg236-1
| Design State : Synthesized
---------------------------------------------------------------------------------------------------------------

Utilization Design Information

Table of Contents
-----------------
1. Utilization by Hierarchy

1. Utilization by Hierarchy
---------------------------

+------------------------------------+-----------------------+------------+------------+---------+------+-----+--------+--------+------------+
|              Instance              |         Module        | Total LUTs | Logic LUTs | LUTRAMs | SRLs | FFs | RAMB36 | RAMB18 | DSP Blocks |
+------------------------------------+-----------------------+------------+------------+---------+------+-----+--------+--------+------------+
| aer_traditional_structural         |                 (top) |         70 |         70 |       0 |    0 |   0 |      0 |      0 |          0 |
|   (aer_traditional_structural)     |                 (top) |         46 |         46 |       0 |    0 |   0 |      0 |      0 |          0 |
|   busy_latch                       |    aer_async_sr_latch |          4 |          4 |       0 |    0 |   0 |      0 |      0 |          0 |
|   g_grant_latch[0].grant_latch     |  aer_async_d_latch__1 |          5 |          5 |       0 |    0 |   0 |      0 |      0 |          0 |
|     (g_grant_latch[0].grant_latch) |  aer_async_d_latch__1 |          1 |          1 |       0 |    0 |   0 |      0 |      0 |          0 |
|     storage                        | aer_async_sr_latch__2 |          4 |          4 |       0 |    0 |   0 |      0 |      0 |          0 |
|   g_grant_latch[1].grant_latch     |  aer_async_d_latch__2 |          5 |          5 |       0 |    0 |   0 |      0 |      0 |          0 |
|     (g_grant_latch[1].grant_latch) |  aer_async_d_latch__2 |          1 |          1 |       0 |    0 |   0 |      0 |      0 |          0 |
|     storage                        | aer_async_sr_latch__3 |          4 |          4 |       0 |    0 |   0 |      0 |      0 |          0 |
|   g_grant_latch[2].grant_latch     |  aer_async_d_latch__3 |          5 |          5 |       0 |    0 |   0 |      0 |      0 |          0 |
|     (g_grant_latch[2].grant_latch) |  aer_async_d_latch__3 |          1 |          1 |       0 |    0 |   0 |      0 |      0 |          0 |
|     storage                        | aer_async_sr_latch__4 |          4 |          4 |       0 |    0 |   0 |      0 |      0 |          0 |
|   g_grant_latch[3].grant_latch     |     aer_async_d_latch |          5 |          5 |       0 |    0 |   0 |      0 |      0 |          0 |
|     (g_grant_latch[3].grant_latch) |     aer_async_d_latch |          1 |          1 |       0 |    0 |   0 |      0 |      0 |          0 |
|     storage                        | aer_async_sr_latch__1 |          4 |          4 |       0 |    0 |   0 |      0 |      0 |          0 |
+------------------------------------+-----------------------+------------+------------+---------+------+-----+--------+--------+------------+


