============================================================
  Generated by:           Genus(TM) Synthesis Solution 23.14-s090_1
  Generated on:           Aug 26 2026  02:50:06 pm
  Module:                 aer_pending_gray_rank_reuse_sync_core_reset
  Technology library:     slow_vdd1v0 1.0
  Operating conditions:   PVT_0P9V_125C (balanced_tree)
  Wireload mode:          enclosed
  Area mode:              timing library
============================================================

                              
   Gate    Instances   Area       Library    
---------------------------------------------
AND2X1             1    1.368    slow_vdd1v0 
AND2XL             1    1.368    slow_vdd1v0 
AO21X1             1    2.394    slow_vdd1v0 
AO22XL             1    2.736    slow_vdd1v0 
AOI211XL          16   32.832    slow_vdd1v0 
AOI21X1           22   37.620    slow_vdd1v0 
AOI21XL           16   27.360    slow_vdd1v0 
AOI22X1            6   12.312    slow_vdd1v0 
AOI32X1            1    2.394    slow_vdd1v0 
BUFX2              3    5.130    slow_vdd1v0 
DFFHQX1           21  114.912    slow_vdd1v0 
DFFQXL            48  262.656    slow_vdd1v0 
DFFRHQX1           2   12.312    slow_vdd1v0 
INVX1             28   19.152    slow_vdd1v0 
INVXL             18   12.312    slow_vdd1v0 
MX2XL              1    2.394    slow_vdd1v0 
NAND2BX1           1    1.368    slow_vdd1v0 
NAND2BXL           2    2.736    slow_vdd1v0 
NAND2X1           14   14.364    slow_vdd1v0 
NAND2XL            1    1.026    slow_vdd1v0 
NAND4X1            1    2.052    slow_vdd1v0 
NAND4XL            3    5.130    slow_vdd1v0 
NOR2BX1            3    4.104    slow_vdd1v0 
NOR2X1             4    4.104    slow_vdd1v0 
NOR2XL            17   17.442    slow_vdd1v0 
OAI211X1           1    1.710    slow_vdd1v0 
OAI21X1            5    8.550    slow_vdd1v0 
OAI221X1           2    4.788    slow_vdd1v0 
OAI22X1           11   22.572    slow_vdd1v0 
OAI22XL            2    4.104    slow_vdd1v0 
OAI2BB1X1          7   11.970    slow_vdd1v0 
---------------------------------------------
total            260  655.272                


                                        
     Type      Instances   Area  Area % 
----------------------------------------
sequential            71 389.880   59.5 
inverter              46  31.464    4.8 
buffer                 3   5.130    0.8 
logic                140 228.798   34.9 
physical_cells         0   0.000    0.0 
----------------------------------------
total                260 655.272  100.0 

