#-----------------------------------------------------------
# xsim v2020.2 (64-bit)
# SW Build 3064766 on Wed Nov 18 09:12:45 MST 2020
# IP Build 3064653 on Wed Nov 18 14:17:31 MST 2020
# Start of session at: Wed Aug 19 03:01:29 2026
# Process ID: 39152
# Current directory: C:/Users/YangGeon/Documents/2026_AI_SEMI/sim/async_race_gate_work
# Command line: xsim.exe -log ../logs/async_race_gate_functional.log -mode tcl -source {xsim.dir/aer_traditional_async_race_gate_functional_sim/xsim_script.tcl}
# Log file: C:/Users/YangGeon/Documents/2026_AI_SEMI/sim/async_race_gate_work/../logs/async_race_gate_functional.log
# Journal file: C:/Users/YangGeon/Documents/2026_AI_SEMI/sim/async_race_gate_work\xsim.jou
#-----------------------------------------------------------
source xsim.dir/aer_traditional_async_race_gate_functional_sim/xsim_script.tcl
# xsim {aer_traditional_async_race_gate_functional_sim} -autoloadwcfg -runall
Vivado Simulator 2020.2
Time resolution is 1 ps
run -all
TEST_START async_race_skew_sweep
RACE_ASSERT_FAIL time_ps=102603 message=trial did not complete two events received=0
RACE_ASSERT_FAIL time_ps=102603 message=lost/duplicate pair a=0 b=15 got=-1,-1
RACE_WINNER_SHIFT pair=0,15 skew_ps=-20 expected=15 observed=-1
RACE_ASSERT_FAIL time_ps=112306 message=trial did not complete two events received=0
RACE_ASSERT_FAIL time_ps=112306 message=lost/duplicate pair a=3 b=7 got=-1,-1
RACE_WINNER_SHIFT pair=3,7 skew_ps=-20 expected=7 observed=-1
RACE_ASSERT_FAIL time_ps=122009 message=trial did not complete two events received=0
RACE_ASSERT_FAIL time_ps=122009 message=lost/duplicate pair a=0 b=15 got=-1,-1
RACE_WINNER_SHIFT pair=0,15 skew_ps=-19 expected=15 observed=-1
RACE_ASSERT_FAIL time_ps=131712 message=trial did not complete two events received=0
RACE_ASSERT_FAIL time_ps=131712 message=lost/duplicate pair a=3 b=7 got=-1,-1
RACE_WINNER_SHIFT pair=3,7 skew_ps=-19 expected=7 observed=-1
RACE_ASSERT_FAIL time_ps=141415 message=trial did not complete two events received=0
RACE_ASSERT_FAIL time_ps=141415 message=lost/duplicate pair a=0 b=15 got=-1,-1
RACE_WINNER_SHIFT pair=0,15 skew_ps=-18 expected=15 observed=-1
RACE_ASSERT_FAIL time_ps=151118 message=trial did not complete two events received=0
RACE_ASSERT_FAIL time_ps=151118 message=lost/duplicate pair a=3 b=7 got=-1,-1
RACE_WINNER_SHIFT pair=3,7 skew_ps=-18 expected=7 observed=-1
RACE_ASSERT_FAIL time_ps=160821 message=trial did not complete two events received=0
RACE_ASSERT_FAIL time_ps=160821 message=lost/duplicate pair a=0 b=15 got=-1,-1
RACE_WINNER_SHIFT pair=0,15 skew_ps=-17 expected=15 observed=-1
RACE_ASSERT_FAIL time_ps=170524 message=trial did not complete two events received=0
RACE_ASSERT_FAIL time_ps=170524 message=lost/duplicate pair a=3 b=7 got=-1,-1
RACE_WINNER_SHIFT pair=3,7 skew_ps=-17 expected=7 observed=-1
RACE_ASSERT_FAIL time_ps=180227 message=trial did not complete two events received=0
RACE_ASSERT_FAIL time_ps=180227 message=lost/duplicate pair a=0 b=15 got=-1,-1
RACE_WINNER_SHIFT pair=0,15 skew_ps=-16 expected=15 observed=-1
RACE_ASSERT_FAIL time_ps=189930 message=trial did not complete two events received=0
RACE_ASSERT_FAIL time_ps=189930 message=lost/duplicate pair a=3 b=7 got=-1,-1
RACE_WINNER_SHIFT pair=3,7 skew_ps=-16 expected=7 observed=-1
RACE_ASSERT_FAIL time_ps=199633 message=trial did not complete two events received=0
RACE_ASSERT_FAIL time_ps=199633 message=lost/duplicate pair a=0 b=15 got=-1,-1
RACE_WINNER_SHIFT pair=0,15 skew_ps=-15 expected=15 observed=-1
RACE_ASSERT_FAIL time_ps=209336 message=trial did not complete two events received=0
RACE_ASSERT_FAIL time_ps=209336 message=lost/duplicate pair a=3 b=7 got=-1,-1
RACE_WINNER_SHIFT pair=3,7 skew_ps=-15 expected=7 observed=-1
RACE_ASSERT_FAIL time_ps=219039 message=trial did not complete two events received=0
RACE_ASSERT_FAIL time_ps=219039 message=lost/duplicate pair a=0 b=15 got=-1,-1
RACE_WINNER_SHIFT pair=0,15 skew_ps=-14 expected=15 observed=-1
RACE_ASSERT_FAIL time_ps=228742 message=trial did not complete two events received=0
RACE_ASSERT_FAIL time_ps=228742 message=lost/duplicate pair a=3 b=7 got=-1,-1
RACE_WINNER_SHIFT pair=3,7 skew_ps=-14 expected=7 observed=-1
RACE_ASSERT_FAIL time_ps=238445 message=trial did not complete two events received=0
RACE_ASSERT_FAIL time_ps=238445 message=lost/duplicate pair a=0 b=15 got=-1,-1
RACE_WINNER_SHIFT pair=0,15 skew_ps=-13 expected=15 observed=-1
RACE_ASSERT_FAIL time_ps=248148 message=trial did not complete two events received=0
RACE_ASSERT_FAIL time_ps=248148 message=lost/duplicate pair a=3 b=7 got=-1,-1
RACE_WINNER_SHIFT pair=3,7 skew_ps=-13 expected=7 observed=-1
RACE_ASSERT_FAIL time_ps=257851 message=trial did not complete two events received=0
RACE_ASSERT_FAIL time_ps=257851 message=lost/duplicate pair a=0 b=15 got=-1,-1
RACE_WINNER_SHIFT pair=0,15 skew_ps=-12 expected=15 observed=-1
RACE_ASSERT_FAIL time_ps=267554 message=trial did not complete two events received=0
RACE_ASSERT_FAIL time_ps=267554 message=lost/duplicate pair a=3 b=7 got=-1,-1
RACE_WINNER_SHIFT pair=3,7 skew_ps=-12 expected=7 observed=-1
RACE_ASSERT_FAIL time_ps=277257 message=trial did not complete two events received=0
RACE_ASSERT_FAIL time_ps=277257 message=lost/duplicate pair a=0 b=15 got=-1,-1
RACE_WINNER_SHIFT pair=0,15 skew_ps=-11 expected=15 observed=-1
RACE_ASSERT_FAIL time_ps=286960 message=trial did not complete two events received=0
RACE_ASSERT_FAIL time_ps=286960 message=lost/duplicate pair a=3 b=7 got=-1,-1
RACE_WINNER_SHIFT pair=3,7 skew_ps=-11 expected=7 observed=-1
RACE_ASSERT_FAIL time_ps=296663 message=trial did not complete two events received=0
RACE_ASSERT_FAIL time_ps=296663 message=lost/duplicate pair a=0 b=15 got=-1,-1
RACE_WINNER_SHIFT pair=0,15 skew_ps=-10 expected=15 observed=-1
RACE_ASSERT_FAIL time_ps=306366 message=trial did not complete two events received=0
RACE_ASSERT_FAIL time_ps=306366 message=lost/duplicate pair a=3 b=7 got=-1,-1
RACE_WINNER_SHIFT pair=3,7 skew_ps=-10 expected=7 observed=-1
RACE_ASSERT_FAIL time_ps=316069 message=trial did not complete two events received=0
RACE_ASSERT_FAIL time_ps=316069 message=lost/duplicate pair a=0 b=15 got=-1,-1
RACE_WINNER_SHIFT pair=0,15 skew_ps=-9 expected=15 observed=-1
RACE_ASSERT_FAIL time_ps=325772 message=trial did not complete two events received=0
RACE_ASSERT_FAIL time_ps=325772 message=lost/duplicate pair a=3 b=7 got=-1,-1
RACE_WINNER_SHIFT pair=3,7 skew_ps=-9 expected=7 observed=-1
RACE_ASSERT_FAIL time_ps=335475 message=trial did not complete two events received=0
RACE_ASSERT_FAIL time_ps=335475 message=lost/duplicate pair a=0 b=15 got=-1,-1
RACE_WINNER_SHIFT pair=0,15 skew_ps=-8 expected=15 observed=-1
RACE_ASSERT_FAIL time_ps=345178 message=trial did not complete two events received=0
RACE_ASSERT_FAIL time_ps=345178 message=lost/duplicate pair a=3 b=7 got=-1,-1
RACE_WINNER_SHIFT pair=3,7 skew_ps=-8 expected=7 observed=-1
RACE_ASSERT_FAIL time_ps=354881 message=trial did not complete two events received=0
RACE_ASSERT_FAIL time_ps=354881 message=lost/duplicate pair a=0 b=15 got=-1,-1
RACE_WINNER_SHIFT pair=0,15 skew_ps=-7 expected=15 observed=-1
RACE_ASSERT_FAIL time_ps=364584 message=trial did not complete two events received=0
RACE_ASSERT_FAIL time_ps=364584 message=lost/duplicate pair a=3 b=7 got=-1,-1
RACE_WINNER_SHIFT pair=3,7 skew_ps=-7 expected=7 observed=-1
RACE_ASSERT_FAIL time_ps=374287 message=trial did not complete two events received=0
RACE_ASSERT_FAIL time_ps=374287 message=lost/duplicate pair a=0 b=15 got=-1,-1
RACE_WINNER_SHIFT pair=0,15 skew_ps=-6 expected=15 observed=-1
RACE_ASSERT_FAIL time_ps=383990 message=trial did not complete two events received=0
RACE_ASSERT_FAIL time_ps=383990 message=lost/duplicate pair a=3 b=7 got=-1,-1
RACE_WINNER_SHIFT pair=3,7 skew_ps=-6 expected=7 observed=-1
RACE_ASSERT_FAIL time_ps=393693 message=trial did not complete two events received=0
RACE_ASSERT_FAIL time_ps=393693 message=lost/duplicate pair a=0 b=15 got=-1,-1
RACE_WINNER_SHIFT pair=0,15 skew_ps=-5 expected=15 observed=-1
RACE_ASSERT_FAIL time_ps=403396 message=trial did not complete two events received=0
RACE_ASSERT_FAIL time_ps=403396 message=lost/duplicate pair a=3 b=7 got=-1,-1
RACE_WINNER_SHIFT pair=3,7 skew_ps=-5 expected=7 observed=-1
RACE_ASSERT_FAIL time_ps=413099 message=trial did not complete two events received=0
RACE_ASSERT_FAIL time_ps=413099 message=lost/duplicate pair a=0 b=15 got=-1,-1
RACE_WINNER_SHIFT pair=0,15 skew_ps=-4 expected=15 observed=-1
RACE_ASSERT_FAIL time_ps=422802 message=trial did not complete two events received=0
RACE_ASSERT_FAIL time_ps=422802 message=lost/duplicate pair a=3 b=7 got=-1,-1
RACE_WINNER_SHIFT pair=3,7 skew_ps=-4 expected=7 observed=-1
RACE_ASSERT_FAIL time_ps=432505 message=trial did not complete two events received=0
RACE_ASSERT_FAIL time_ps=432505 message=lost/duplicate pair a=0 b=15 got=-1,-1
RACE_WINNER_SHIFT pair=0,15 skew_ps=-3 expected=15 observed=-1
RACE_ASSERT_FAIL time_ps=442208 message=trial did not complete two events received=0
RACE_ASSERT_FAIL time_ps=442208 message=lost/duplicate pair a=3 b=7 got=-1,-1
RACE_WINNER_SHIFT pair=3,7 skew_ps=-3 expected=7 observed=-1
RACE_ASSERT_FAIL time_ps=451911 message=trial did not complete two events received=0
RACE_ASSERT_FAIL time_ps=451911 message=lost/duplicate pair a=0 b=15 got=-1,-1
RACE_WINNER_SHIFT pair=0,15 skew_ps=-2 expected=15 observed=-1
RACE_ASSERT_FAIL time_ps=461614 message=trial did not complete two events received=0
RACE_ASSERT_FAIL time_ps=461614 message=lost/duplicate pair a=3 b=7 got=-1,-1
RACE_WINNER_SHIFT pair=3,7 skew_ps=-2 expected=7 observed=-1
RACE_ASSERT_FAIL time_ps=471317 message=trial did not complete two events received=0
RACE_ASSERT_FAIL time_ps=471317 message=lost/duplicate pair a=0 b=15 got=-1,-1
RACE_WINNER_SHIFT pair=0,15 skew_ps=-1 expected=15 observed=-1
RACE_ASSERT_FAIL time_ps=481020 message=trial did not complete two events received=0
RACE_ASSERT_FAIL time_ps=481020 message=lost/duplicate pair a=3 b=7 got=-1,-1
RACE_WINNER_SHIFT pair=3,7 skew_ps=-1 expected=7 observed=-1
RACE_ASSERT_FAIL time_ps=490723 message=trial did not complete two events received=0
RACE_ASSERT_FAIL time_ps=490723 message=lost/duplicate pair a=0 b=15 got=-1,-1
RACE_WINNER_SHIFT pair=0,15 skew_ps=0 expected=0 observed=-1
RACE_ASSERT_FAIL time_ps=500426 message=trial did not complete two events received=0
RACE_ASSERT_FAIL time_ps=500426 message=lost/duplicate pair a=3 b=7 got=-1,-1
RACE_WINNER_SHIFT pair=3,7 skew_ps=0 expected=3 observed=-1
RACE_ASSERT_FAIL time_ps=510129 message=trial did not complete two events received=0
RACE_ASSERT_FAIL time_ps=510129 message=lost/duplicate pair a=0 b=15 got=-1,-1
RACE_WINNER_SHIFT pair=0,15 skew_ps=1 expected=0 observed=-1
RACE_ASSERT_FAIL time_ps=519832 message=trial did not complete two events received=0
RACE_ASSERT_FAIL time_ps=519832 message=lost/duplicate pair a=3 b=7 got=-1,-1
RACE_WINNER_SHIFT pair=3,7 skew_ps=1 expected=3 observed=-1
RACE_ASSERT_FAIL time_ps=529535 message=trial did not complete two events received=0
RACE_ASSERT_FAIL time_ps=529535 message=lost/duplicate pair a=0 b=15 got=-1,-1
RACE_WINNER_SHIFT pair=0,15 skew_ps=2 expected=0 observed=-1
RACE_ASSERT_FAIL time_ps=539238 message=trial did not complete two events received=0
RACE_ASSERT_FAIL time_ps=539238 message=lost/duplicate pair a=3 b=7 got=-1,-1
RACE_WINNER_SHIFT pair=3,7 skew_ps=2 expected=3 observed=-1
RACE_ASSERT_FAIL time_ps=548941 message=trial did not complete two events received=0
RACE_ASSERT_FAIL time_ps=548941 message=lost/duplicate pair a=0 b=15 got=-1,-1
RACE_WINNER_SHIFT pair=0,15 skew_ps=3 expected=0 observed=-1
RACE_ASSERT_FAIL time_ps=558644 message=trial did not complete two events received=0
RACE_ASSERT_FAIL time_ps=558644 message=lost/duplicate pair a=3 b=7 got=-1,-1
RACE_WINNER_SHIFT pair=3,7 skew_ps=3 expected=3 observed=-1
RACE_ASSERT_FAIL time_ps=568347 message=trial did not complete two events received=0
RACE_ASSERT_FAIL time_ps=568347 message=lost/duplicate pair a=0 b=15 got=-1,-1
RACE_WINNER_SHIFT pair=0,15 skew_ps=4 expected=0 observed=-1
RACE_ASSERT_FAIL time_ps=578050 message=trial did not complete two events received=0
RACE_ASSERT_FAIL time_ps=578050 message=lost/duplicate pair a=3 b=7 got=-1,-1
RACE_WINNER_SHIFT pair=3,7 skew_ps=4 expected=3 observed=-1
RACE_ASSERT_FAIL time_ps=587753 message=trial did not complete two events received=0
RACE_ASSERT_FAIL time_ps=587753 message=lost/duplicate pair a=0 b=15 got=-1,-1
RACE_WINNER_SHIFT pair=0,15 skew_ps=5 expected=0 observed=-1
RACE_ASSERT_FAIL time_ps=597456 message=trial did not complete two events received=0
RACE_ASSERT_FAIL time_ps=597456 message=lost/duplicate pair a=3 b=7 got=-1,-1
RACE_WINNER_SHIFT pair=3,7 skew_ps=5 expected=3 observed=-1
RACE_ASSERT_FAIL time_ps=607159 message=trial did not complete two events received=0
RACE_ASSERT_FAIL time_ps=607159 message=lost/duplicate pair a=0 b=15 got=-1,-1
RACE_WINNER_SHIFT pair=0,15 skew_ps=6 expected=0 observed=-1
RACE_ASSERT_FAIL time_ps=616862 message=trial did not complete two events received=0
RACE_ASSERT_FAIL time_ps=616862 message=lost/duplicate pair a=3 b=7 got=-1,-1
RACE_WINNER_SHIFT pair=3,7 skew_ps=6 expected=3 observed=-1
RACE_ASSERT_FAIL time_ps=626565 message=trial did not complete two events received=0
RACE_ASSERT_FAIL time_ps=626565 message=lost/duplicate pair a=0 b=15 got=-1,-1
RACE_WINNER_SHIFT pair=0,15 skew_ps=7 expected=0 observed=-1
RACE_ASSERT_FAIL time_ps=636268 message=trial did not complete two events received=0
RACE_ASSERT_FAIL time_ps=636268 message=lost/duplicate pair a=3 b=7 got=-1,-1
RACE_WINNER_SHIFT pair=3,7 skew_ps=7 expected=3 observed=-1
RACE_ASSERT_FAIL time_ps=645971 message=trial did not complete two events received=0
RACE_ASSERT_FAIL time_ps=645971 message=lost/duplicate pair a=0 b=15 got=-1,-1
RACE_WINNER_SHIFT pair=0,15 skew_ps=8 expected=0 observed=-1
RACE_ASSERT_FAIL time_ps=655674 message=trial did not complete two events received=0
RACE_ASSERT_FAIL time_ps=655674 message=lost/duplicate pair a=3 b=7 got=-1,-1
RACE_WINNER_SHIFT pair=3,7 skew_ps=8 expected=3 observed=-1
RACE_ASSERT_FAIL time_ps=665377 message=trial did not complete two events received=0
RACE_ASSERT_FAIL time_ps=665377 message=lost/duplicate pair a=0 b=15 got=-1,-1
RACE_WINNER_SHIFT pair=0,15 skew_ps=9 expected=0 observed=-1
RACE_ASSERT_FAIL time_ps=675080 message=trial did not complete two events received=0
RACE_ASSERT_FAIL time_ps=675080 message=lost/duplicate pair a=3 b=7 got=-1,-1
RACE_WINNER_SHIFT pair=3,7 skew_ps=9 expected=3 observed=-1
RACE_ASSERT_FAIL time_ps=684783 message=trial did not complete two events received=0
RACE_ASSERT_FAIL time_ps=684783 message=lost/duplicate pair a=0 b=15 got=-1,-1
RACE_WINNER_SHIFT pair=0,15 skew_ps=10 expected=0 observed=-1
RACE_ASSERT_FAIL time_ps=694486 message=trial did not complete two events received=0
RACE_ASSERT_FAIL time_ps=694486 message=lost/duplicate pair a=3 b=7 got=-1,-1
RACE_WINNER_SHIFT pair=3,7 skew_ps=10 expected=3 observed=-1
RACE_ASSERT_FAIL time_ps=704189 message=trial did not complete two events received=0
RACE_ASSERT_FAIL time_ps=704189 message=lost/duplicate pair a=0 b=15 got=-1,-1
RACE_WINNER_SHIFT pair=0,15 skew_ps=11 expected=0 observed=-1
RACE_ASSERT_FAIL time_ps=713892 message=trial did not complete two events received=0
RACE_ASSERT_FAIL time_ps=713892 message=lost/duplicate pair a=3 b=7 got=-1,-1
RACE_WINNER_SHIFT pair=3,7 skew_ps=11 expected=3 observed=-1
RACE_ASSERT_FAIL time_ps=723595 message=trial did not complete two events received=0
RACE_ASSERT_FAIL time_ps=723595 message=lost/duplicate pair a=0 b=15 got=-1,-1
RACE_WINNER_SHIFT pair=0,15 skew_ps=12 expected=0 observed=-1
RACE_ASSERT_FAIL time_ps=733298 message=trial did not complete two events received=0
RACE_ASSERT_FAIL time_ps=733298 message=lost/duplicate pair a=3 b=7 got=-1,-1
RACE_WINNER_SHIFT pair=3,7 skew_ps=12 expected=3 observed=-1
RACE_ASSERT_FAIL time_ps=743001 message=trial did not complete two events received=0
RACE_ASSERT_FAIL time_ps=743001 message=lost/duplicate pair a=0 b=15 got=-1,-1
RACE_WINNER_SHIFT pair=0,15 skew_ps=13 expected=0 observed=-1
RACE_ASSERT_FAIL time_ps=752704 message=trial did not complete two events received=0
RACE_ASSERT_FAIL time_ps=752704 message=lost/duplicate pair a=3 b=7 got=-1,-1
RACE_WINNER_SHIFT pair=3,7 skew_ps=13 expected=3 observed=-1
RACE_ASSERT_FAIL time_ps=762407 message=trial did not complete two events received=0
RACE_ASSERT_FAIL time_ps=762407 message=lost/duplicate pair a=0 b=15 got=-1,-1
RACE_WINNER_SHIFT pair=0,15 skew_ps=14 expected=0 observed=-1
RACE_ASSERT_FAIL time_ps=772110 message=trial did not complete two events received=0
RACE_ASSERT_FAIL time_ps=772110 message=lost/duplicate pair a=3 b=7 got=-1,-1
RACE_WINNER_SHIFT pair=3,7 skew_ps=14 expected=3 observed=-1
RACE_ASSERT_FAIL time_ps=781813 message=trial did not complete two events received=0
RACE_ASSERT_FAIL time_ps=781813 message=lost/duplicate pair a=0 b=15 got=-1,-1
RACE_WINNER_SHIFT pair=0,15 skew_ps=15 expected=0 observed=-1
RACE_ASSERT_FAIL time_ps=791516 message=trial did not complete two events received=0
RACE_ASSERT_FAIL time_ps=791516 message=lost/duplicate pair a=3 b=7 got=-1,-1
RACE_WINNER_SHIFT pair=3,7 skew_ps=15 expected=3 observed=-1
RACE_ASSERT_FAIL time_ps=801219 message=trial did not complete two events received=0
RACE_ASSERT_FAIL time_ps=801219 message=lost/duplicate pair a=0 b=15 got=-1,-1
RACE_WINNER_SHIFT pair=0,15 skew_ps=16 expected=0 observed=-1
RACE_ASSERT_FAIL time_ps=810922 message=trial did not complete two events received=0
RACE_ASSERT_FAIL time_ps=810922 message=lost/duplicate pair a=3 b=7 got=-1,-1
RACE_WINNER_SHIFT pair=3,7 skew_ps=16 expected=3 observed=-1
RACE_ASSERT_FAIL time_ps=820625 message=trial did not complete two events received=0
RACE_ASSERT_FAIL time_ps=820625 message=lost/duplicate pair a=0 b=15 got=-1,-1
RACE_WINNER_SHIFT pair=0,15 skew_ps=17 expected=0 observed=-1
RACE_ASSERT_FAIL time_ps=830328 message=trial did not complete two events received=0
RACE_ASSERT_FAIL time_ps=830328 message=lost/duplicate pair a=3 b=7 got=-1,-1
RACE_WINNER_SHIFT pair=3,7 skew_ps=17 expected=3 observed=-1
RACE_ASSERT_FAIL time_ps=840031 message=trial did not complete two events received=0
RACE_ASSERT_FAIL time_ps=840031 message=lost/duplicate pair a=0 b=15 got=-1,-1
RACE_WINNER_SHIFT pair=0,15 skew_ps=18 expected=0 observed=-1
RACE_ASSERT_FAIL time_ps=849734 message=trial did not complete two events received=0
RACE_ASSERT_FAIL time_ps=849734 message=lost/duplicate pair a=3 b=7 got=-1,-1
RACE_WINNER_SHIFT pair=3,7 skew_ps=18 expected=3 observed=-1
RACE_ASSERT_FAIL time_ps=859437 message=trial did not complete two events received=0
RACE_ASSERT_FAIL time_ps=859437 message=lost/duplicate pair a=0 b=15 got=-1,-1
RACE_WINNER_SHIFT pair=0,15 skew_ps=19 expected=0 observed=-1
RACE_ASSERT_FAIL time_ps=869140 message=trial did not complete two events received=0
RACE_ASSERT_FAIL time_ps=869140 message=lost/duplicate pair a=3 b=7 got=-1,-1
RACE_WINNER_SHIFT pair=3,7 skew_ps=19 expected=3 observed=-1
RACE_ASSERT_FAIL time_ps=878843 message=trial did not complete two events received=0
RACE_ASSERT_FAIL time_ps=878843 message=lost/duplicate pair a=0 b=15 got=-1,-1
RACE_WINNER_SHIFT pair=0,15 skew_ps=20 expected=0 observed=-1
RACE_ASSERT_FAIL time_ps=888546 message=trial did not complete two events received=0
RACE_ASSERT_FAIL time_ps=888546 message=lost/duplicate pair a=3 b=7 got=-1,-1
RACE_WINNER_SHIFT pair=3,7 skew_ps=20 expected=3 observed=-1
TEST_START async_race_x_window
RACE_ASSERT_FAIL time_ps=895646 message=unknown propagated to controller outputs
RACE_ASSERT_FAIL time_ps=898249 message=trial did not complete two events received=0
RACE_ASSERT_FAIL time_ps=898249 message=lost/duplicate pair a=0 b=15 got=-1,-1
RACE_WINNER_SHIFT pair=0,15 skew_ps=1 expected=15 observed=-1
METRIC x_window_pair=0,15 first_grant=-1
RACE_ASSERT_FAIL time_ps=905349 message=unknown propagated to controller outputs
RACE_ASSERT_FAIL time_ps=907952 message=trial did not complete two events received=0
RACE_ASSERT_FAIL time_ps=907952 message=lost/duplicate pair a=3 b=7 got=-1,-1
RACE_WINNER_SHIFT pair=3,7 skew_ps=1 expected=7 observed=-1
METRIC x_window_pair=3,7 first_grant=-1
METRIC race_trials=84
METRIC race_first_wins_earlier_or_low_path=0
METRIC race_first_wins_other_path=0
METRIC race_unexpected_first_count=84
METRIC race_output_unknown_count=2
METRIC race_short_req_pulse_count=0
METRIC race_errors=170
RACE_TEST_FAIL digital_model errors=170 trials=84
$finish called at time : 908152 ps : File "C:/Users/YangGeon/Documents/2026_AI_SEMI/tb/aer_traditional_async_race_tb.sv" Line 309
exit
INFO: [Common 17-206] Exiting xsim at Wed Aug 19 03:01:34 2026...
