###############################################################
#  Generated by:      Cadence Innovus 23.14-s088_1
#  OS:                Linux x86_64(Host ID sanitized)
#  Generated on:      Thu Aug 20 02:20:02 2026
#  Design:            aer_improved_cutthrough
#  Command:           report_timing -max_paths 20 > reports/p4c_pnr/postroute_hold_timing.rpt
###############################################################
Path 1: MET Hold Check with Pin req_sync_q_reg[13]/CK 
Endpoint:   req_sync_q_reg[13]/D (v) checked with  leading edge of 'clk'
Beginpoint: req_meta_q_reg[13]/Q (v) triggered by  leading edge of 'clk'
Path Groups: {clk}
Analysis View: hold_view
Other End Arrival Time          0.088
+ Hold                         -0.028
+ Phase Shift                   0.000
+ Uncertainty                   0.200
= Required Time                 0.260
  Arrival Time                  0.264
  Slack Time                    0.004
     Clock Rise Edge                 0.000
     + Clock Network Latency (Prop)  -0.003
     = Beginpoint Arrival Time       -0.003
     +------------------------------------------------------------------------------+ 
     |        Instance        |     Arc     |   Cell   | Delay | Arrival | Required | 
     |                        |             |          |       |  Time   |   Time   | 
     |------------------------+-------------+----------+-------+---------+----------| 
     | req_meta_q_reg[13]     | CK ^        |          |       |  -0.003 |   -0.007 | 
     | req_meta_q_reg[13]     | CK ^ -> Q v | DFFRHQX1 | 0.144 |   0.141 |    0.137 | 
     | FE_PHC14_req_meta_q_13 | A v -> Y v  | BUFX3    | 0.066 |   0.207 |    0.203 | 
     | FE_PHC30_req_meta_q_13 | A v -> Y v  | BUFX3    | 0.057 |   0.264 |    0.260 | 
     | req_sync_q_reg[13]     | D v         | DFFRHQX1 | 0.000 |   0.264 |    0.260 | 
     +------------------------------------------------------------------------------+ 
Path 2: MET Hold Check with Pin req_sync_q_reg[15]/CK 
Endpoint:   req_sync_q_reg[15]/D (v) checked with  leading edge of 'clk'
Beginpoint: req_meta_q_reg[15]/Q (v) triggered by  leading edge of 'clk'
Path Groups: {clk}
Analysis View: hold_view
Other End Arrival Time          0.092
+ Hold                         -0.028
+ Phase Shift                   0.000
+ Uncertainty                   0.200
= Required Time                 0.264
  Arrival Time                  0.269
  Slack Time                    0.005
     Clock Rise Edge                 0.000
     + Clock Network Latency (Prop)  -0.002
     = Beginpoint Arrival Time       -0.002
     +------------------------------------------------------------------------------+ 
     |        Instance        |     Arc     |   Cell   | Delay | Arrival | Required | 
     |                        |             |          |       |  Time   |   Time   | 
     |------------------------+-------------+----------+-------+---------+----------| 
     | req_meta_q_reg[15]     | CK ^        |          |       |  -0.002 |   -0.007 | 
     | req_meta_q_reg[15]     | CK ^ -> Q v | DFFRHQX1 | 0.146 |   0.145 |    0.139 | 
     | FE_PHC5_req_meta_q_15  | A v -> Y v  | BUFX3    | 0.067 |   0.212 |    0.206 | 
     | FE_PHC29_req_meta_q_15 | A v -> Y v  | BUFX3    | 0.057 |   0.269 |    0.264 | 
     | req_sync_q_reg[15]     | D v         | DFFRHQX1 | 0.000 |   0.269 |    0.264 | 
     +------------------------------------------------------------------------------+ 
Path 3: MET Hold Check with Pin pending_q_reg[11]/CK 
Endpoint:   pending_q_reg[11]/D (v) checked with  leading edge of 'clk'
Beginpoint: pending_q_reg[11]/Q (v) triggered by  leading edge of 'clk'
Path Groups: {clk}
Analysis View: hold_view
Other End Arrival Time          0.093
+ Hold                         -0.033
+ Phase Shift                   0.000
+ Uncertainty                   0.200
= Required Time                 0.260
  Arrival Time                  0.270
  Slack Time                    0.010
     Clock Rise Edge                 0.000
     + Clock Network Latency (Prop)  0.002
     = Beginpoint Arrival Time       0.002
     +-------------------------------------------------------------------------+ 
     |     Instance      |     Arc     |   Cell   | Delay | Arrival | Required | 
     |                   |             |          |       |  Time   |   Time   | 
     |-------------------+-------------+----------+-------+---------+----------| 
     | pending_q_reg[11] | CK ^        |          |       |   0.002 |   -0.008 | 
     | pending_q_reg[11] | CK ^ -> Q v | DFFRHQX1 | 0.155 |   0.157 |    0.147 | 
     | g10201__5526      | B0 v -> Y ^ | AOI21X1  | 0.088 |   0.245 |    0.235 | 
     | g10020__6131      | B0 ^ -> Y v | AOI21XL  | 0.025 |   0.270 |    0.260 | 
     | pending_q_reg[11] | D v         | DFFRHQX1 | 0.000 |   0.270 |    0.260 | 
     +-------------------------------------------------------------------------+ 
Path 4: MET Hold Check with Pin pending_q_reg[8]/CK 
Endpoint:   pending_q_reg[8]/D (v) checked with  leading edge of 'clk'
Beginpoint: pending_q_reg[8]/Q (v) triggered by  leading edge of 'clk'
Path Groups: {clk}
Analysis View: hold_view
Other End Arrival Time          0.093
+ Hold                         -0.034
+ Phase Shift                   0.000
+ Uncertainty                   0.200
= Required Time                 0.259
  Arrival Time                  0.276
  Slack Time                    0.016
     Clock Rise Edge                 0.000
     + Clock Network Latency (Prop)  0.002
     = Beginpoint Arrival Time       0.002
     +------------------------------------------------------------------------+ 
     |     Instance     |     Arc     |   Cell   | Delay | Arrival | Required | 
     |                  |             |          |       |  Time   |   Time   | 
     |------------------+-------------+----------+-------+---------+----------| 
     | pending_q_reg[8] | CK ^        |          |       |   0.002 |   -0.014 | 
     | pending_q_reg[8] | CK ^ -> Q v | DFFRHQX1 | 0.152 |   0.154 |    0.138 | 
     | g10204__1617     | B0 v -> Y ^ | AOI21X1  | 0.095 |   0.249 |    0.233 | 
     | g10030__5122     | B0 ^ -> Y v | AOI21XL  | 0.027 |   0.276 |    0.259 | 
     | pending_q_reg[8] | D v         | DFFRHQX1 | 0.000 |   0.276 |    0.259 | 
     +------------------------------------------------------------------------+ 
Path 5: MET Hold Check with Pin pending_q_reg[2]/CK 
Endpoint:   pending_q_reg[2]/D (v) checked with  leading edge of 'clk'
Beginpoint: pending_q_reg[2]/Q (v) triggered by  leading edge of 'clk'
Path Groups: {clk}
Analysis View: hold_view
Other End Arrival Time          0.092
+ Hold                         -0.034
+ Phase Shift                   0.000
+ Uncertainty                   0.200
= Required Time                 0.258
  Arrival Time                  0.276
  Slack Time                    0.018
     Clock Rise Edge                 0.000
     + Clock Network Latency (Prop)  0.002
     = Beginpoint Arrival Time       0.002
     +------------------------------------------------------------------------+ 
     |     Instance     |     Arc     |   Cell   | Delay | Arrival | Required | 
     |                  |             |          |       |  Time   |   Time   | 
     |------------------+-------------+----------+-------+---------+----------| 
     | pending_q_reg[2] | CK ^        |          |       |   0.002 |   -0.016 | 
     | pending_q_reg[2] | CK ^ -> Q v | DFFRHQX1 | 0.150 |   0.151 |    0.133 | 
     | g10195__5477     | B0 v -> Y ^ | AOI21X1  | 0.095 |   0.247 |    0.229 | 
     | g10024__6783     | B0 ^ -> Y v | AOI21XL  | 0.029 |   0.276 |    0.258 | 
     | pending_q_reg[2] | D v         | DFFRHQX1 | 0.000 |   0.276 |    0.258 | 
     +------------------------------------------------------------------------+ 
Path 6: MET Hold Check with Pin pending_q_reg[0]/CK 
Endpoint:   pending_q_reg[0]/D (v) checked with  leading edge of 'clk'
Beginpoint: pending_q_reg[0]/Q (v) triggered by  leading edge of 'clk'
Path Groups: {clk}
Analysis View: hold_view
Other End Arrival Time          0.092
+ Hold                         -0.034
+ Phase Shift                   0.000
+ Uncertainty                   0.200
= Required Time                 0.258
  Arrival Time                  0.277
  Slack Time                    0.018
     Clock Rise Edge                 0.000
     + Clock Network Latency (Prop)  0.001
     = Beginpoint Arrival Time       0.001
     +------------------------------------------------------------------------+ 
     |     Instance     |     Arc     |   Cell   | Delay | Arrival | Required | 
     |                  |             |          |       |  Time   |   Time   | 
     |------------------+-------------+----------+-------+---------+----------| 
     | pending_q_reg[0] | CK ^        |          |       |   0.001 |   -0.017 | 
     | pending_q_reg[0] | CK ^ -> Q v | DFFRHQX1 | 0.155 |   0.156 |    0.138 | 
     | g10197__5107     | B0 v -> Y ^ | AOI21X1  | 0.089 |   0.246 |    0.227 | 
     | g10025__3680     | B0 ^ -> Y v | AOI21XL  | 0.031 |   0.277 |    0.258 | 
     | pending_q_reg[0] | D v         | DFFRHQX1 | 0.000 |   0.277 |    0.258 | 
     +------------------------------------------------------------------------+ 
Path 7: MET Hold Check with Pin pending_q_reg[10]/CK 
Endpoint:   pending_q_reg[10]/D (v) checked with  leading edge of 'clk'
Beginpoint: pending_q_reg[10]/Q (v) triggered by  leading edge of 'clk'
Path Groups: {clk}
Analysis View: hold_view
Other End Arrival Time          0.093
+ Hold                         -0.034
+ Phase Shift                   0.000
+ Uncertainty                   0.200
= Required Time                 0.259
  Arrival Time                  0.278
  Slack Time                    0.018
     Clock Rise Edge                 0.000
     + Clock Network Latency (Prop)  0.002
     = Beginpoint Arrival Time       0.002
     +-------------------------------------------------------------------------+ 
     |     Instance      |     Arc     |   Cell   | Delay | Arrival | Required | 
     |                   |             |          |       |  Time   |   Time   | 
     |-------------------+-------------+----------+-------+---------+----------| 
     | pending_q_reg[10] | CK ^        |          |       |   0.002 |   -0.016 | 
     | pending_q_reg[10] | CK ^ -> Q v | DFFRHQX1 | 0.155 |   0.157 |    0.139 | 
     | g10203__3680      | B0 v -> Y ^ | AOI21X1  | 0.093 |   0.251 |    0.232 | 
     | g10015__1705      | B0 ^ -> Y v | AOI21XL  | 0.027 |   0.278 |    0.259 | 
     | pending_q_reg[10] | D v         | DFFRHQX1 | 0.000 |   0.278 |    0.259 | 
     +-------------------------------------------------------------------------+ 
Path 8: MET Hold Check with Pin req_sync_q_reg[11]/CK 
Endpoint:   req_sync_q_reg[11]/D (v) checked with  leading edge of 'clk'
Beginpoint: req_meta_q_reg[11]/Q (v) triggered by  leading edge of 'clk'
Path Groups: {clk}
Analysis View: hold_view
Other End Arrival Time          0.088
+ Hold                         -0.028
+ Phase Shift                   0.000
+ Uncertainty                   0.200
= Required Time                 0.261
  Arrival Time                  0.280
  Slack Time                    0.019
     Clock Rise Edge                 0.000
     + Clock Network Latency (Prop)  -0.003
     = Beginpoint Arrival Time       -0.003
     +------------------------------------------------------------------------------+ 
     |        Instance        |     Arc     |   Cell   | Delay | Arrival | Required | 
     |                        |             |          |       |  Time   |   Time   | 
     |------------------------+-------------+----------+-------+---------+----------| 
     | req_meta_q_reg[11]     | CK ^        |          |       |  -0.003 |   -0.022 | 
     | req_meta_q_reg[11]     | CK ^ -> Q v | DFFRHQX1 | 0.153 |   0.151 |    0.132 | 
     | FE_PHC32_req_meta_q_11 | A v -> Y v  | BUFX3    | 0.072 |   0.223 |    0.204 | 
     | FE_PHC16_req_meta_q_11 | A v -> Y v  | BUFX3    | 0.057 |   0.280 |    0.261 | 
     | req_sync_q_reg[11]     | D v         | DFFRHQX1 | 0.000 |   0.280 |    0.261 | 
     +------------------------------------------------------------------------------+ 
Path 9: MET Hold Check with Pin pending_q_reg[12]/CK 
Endpoint:   pending_q_reg[12]/D (v) checked with  leading edge of 'clk'
Beginpoint: pending_q_reg[12]/Q (v) triggered by  leading edge of 'clk'
Path Groups: {clk}
Analysis View: hold_view
Other End Arrival Time          0.091
+ Hold                         -0.034
+ Phase Shift                   0.000
+ Uncertainty                   0.200
= Required Time                 0.256
  Arrival Time                  0.276
  Slack Time                    0.019
     Clock Rise Edge                 0.000
     + Clock Network Latency (Prop)  -0.000
     = Beginpoint Arrival Time       -0.000
     +-------------------------------------------------------------------------+ 
     |     Instance      |     Arc     |   Cell   | Delay | Arrival | Required | 
     |                   |             |          |       |  Time   |   Time   | 
     |-------------------+-------------+----------+-------+---------+----------| 
     | pending_q_reg[12] | CK ^        |          |       |  -0.000 |   -0.019 | 
     | pending_q_reg[12] | CK ^ -> Q v | DFFRHQX1 | 0.155 |   0.155 |    0.136 | 
     | g10208__6417      | B0 v -> Y ^ | AOI21X1  | 0.089 |   0.244 |    0.225 | 
     | g10023__5526      | B0 ^ -> Y v | AOI21XL  | 0.032 |   0.276 |    0.256 | 
     | pending_q_reg[12] | D v         | DFFRHQX1 | 0.000 |   0.276 |    0.256 | 
     +-------------------------------------------------------------------------+ 
Path 10: MET Hold Check with Pin pending_q_reg[7]/CK 
Endpoint:   pending_q_reg[7]/D (v) checked with  leading edge of 'clk'
Beginpoint: pending_q_reg[7]/Q (v) triggered by  leading edge of 'clk'
Path Groups: {clk}
Analysis View: hold_view
Other End Arrival Time          0.092
+ Hold                         -0.034
+ Phase Shift                   0.000
+ Uncertainty                   0.200
= Required Time                 0.258
  Arrival Time                  0.277
  Slack Time                    0.019
     Clock Rise Edge                 0.000
     + Clock Network Latency (Prop)  0.001
     = Beginpoint Arrival Time       0.001
     +------------------------------------------------------------------------+ 
     |     Instance     |     Arc     |   Cell   | Delay | Arrival | Required | 
     |                  |             |          |       |  Time   |   Time   | 
     |------------------+-------------+----------+-------+---------+----------| 
     | pending_q_reg[7] | CK ^        |          |       |   0.001 |   -0.018 | 
     | pending_q_reg[7] | CK ^ -> Q v | DFFRHQX1 | 0.156 |   0.157 |    0.138 | 
     | g10198__6260     | B0 v -> Y ^ | AOI21X1  | 0.090 |   0.248 |    0.229 | 
     | g10017__4733     | B0 ^ -> Y v | AOI21XL  | 0.030 |   0.277 |    0.258 | 
     | pending_q_reg[7] | D v         | DFFRHQX1 | 0.000 |   0.277 |    0.258 | 
     +------------------------------------------------------------------------+ 
Path 11: MET Hold Check with Pin req_sync_q_reg[5]/CK 
Endpoint:   req_sync_q_reg[5]/D (v) checked with  leading edge of 'clk'
Beginpoint: req_meta_q_reg[5]/Q (v) triggered by  leading edge of 'clk'
Path Groups: {clk}
Analysis View: hold_view
Other End Arrival Time          0.089
+ Hold                         -0.028
+ Phase Shift                   0.000
+ Uncertainty                   0.200
= Required Time                 0.261
  Arrival Time                  0.281
  Slack Time                    0.020
     Clock Rise Edge                 0.000
     + Clock Network Latency (Prop)  -0.003
     = Beginpoint Arrival Time       -0.003
     +-----------------------------------------------------------------------------+ 
     |       Instance        |     Arc     |   Cell   | Delay | Arrival | Required | 
     |                       |             |          |       |  Time   |   Time   | 
     |-----------------------+-------------+----------+-------+---------+----------| 
     | req_meta_q_reg[5]     | CK ^        |          |       |  -0.003 |   -0.023 | 
     | req_meta_q_reg[5]     | CK ^ -> Q v | DFFRHQX1 | 0.155 |   0.152 |    0.132 | 
     | FE_PHC15_req_meta_q_5 | A v -> Y v  | BUFX3    | 0.070 |   0.222 |    0.202 | 
     | FE_PHC31_req_meta_q_5 | A v -> Y v  | BUFX3    | 0.059 |   0.281 |    0.261 | 
     | req_sync_q_reg[5]     | D v         | DFFRHQX1 | 0.000 |   0.281 |    0.261 | 
     +-----------------------------------------------------------------------------+ 
Path 12: MET Hold Check with Pin ack_q_reg[6]/CK 
Endpoint:   ack_q_reg[6]/D      (v) checked with  leading edge of 'clk'
Beginpoint: req_sync_q_reg[6]/Q (v) triggered by  leading edge of 'clk'
Path Groups: {clk}
Analysis View: hold_view
Other End Arrival Time          0.091
+ Hold                         -0.028
+ Phase Shift                   0.000
+ Uncertainty                   0.200
= Required Time                 0.263
  Arrival Time                  0.289
  Slack Time                    0.025
     Clock Rise Edge                 0.000
     + Clock Network Latency (Prop)  -0.002
     = Beginpoint Arrival Time       -0.002
     +-------------------------------------------------------------------------+ 
     |     Instance      |     Arc     |   Cell   | Delay | Arrival | Required | 
     |                   |             |          |       |  Time   |   Time   | 
     |-------------------+-------------+----------+-------+---------+----------| 
     | req_sync_q_reg[6] | CK ^        |          |       |  -0.002 |   -0.027 | 
     | req_sync_q_reg[6] | CK ^ -> Q v | DFFRHQX1 | 0.157 |   0.155 |    0.130 | 
     | g10230            | A v -> Y ^  | INVX1    | 0.043 |   0.198 |    0.173 | 
     | g10213__7482      | B0 ^ -> Y v | AOI21XL  | 0.030 |   0.228 |    0.203 | 
     | FE_PHC33_n_39     | A v -> Y v  | BUFX3    | 0.060 |   0.288 |    0.263 | 
     | ack_q_reg[6]      | D v         | DFFRHQX1 | 0.000 |   0.289 |    0.263 | 
     +-------------------------------------------------------------------------+ 
Path 13: MET Hold Check with Pin pending_q_reg[5]/CK 
Endpoint:   pending_q_reg[5]/D (v) checked with  leading edge of 'clk'
Beginpoint: pending_q_reg[5]/Q (v) triggered by  leading edge of 'clk'
Path Groups: {clk}
Analysis View: hold_view
Other End Arrival Time          0.092
+ Hold                         -0.034
+ Phase Shift                   0.000
+ Uncertainty                   0.200
= Required Time                 0.258
  Arrival Time                  0.284
  Slack Time                    0.026
     Clock Rise Edge                 0.000
     + Clock Network Latency (Prop)  0.001
     = Beginpoint Arrival Time       0.001
     +------------------------------------------------------------------------+ 
     |     Instance     |     Arc     |   Cell   | Delay | Arrival | Required | 
     |                  |             |          |       |  Time   |   Time   | 
     |------------------+-------------+----------+-------+---------+----------| 
     | pending_q_reg[5] | CK ^        |          |       |   0.001 |   -0.025 | 
     | pending_q_reg[5] | CK ^ -> Q v | DFFRHQX1 | 0.157 |   0.159 |    0.132 | 
     | g10199__4319     | B0 v -> Y ^ | AOI21X1  | 0.098 |   0.256 |    0.230 | 
     | g10027__7482     | B0 ^ -> Y v | AOI21XL  | 0.028 |   0.284 |    0.258 | 
     | pending_q_reg[5] | D v         | DFFRHQX1 | 0.000 |   0.284 |    0.258 | 
     +------------------------------------------------------------------------+ 
Path 14: MET Hold Check with Pin pending_q_reg[6]/CK 
Endpoint:   pending_q_reg[6]/D (v) checked with  leading edge of 'clk'
Beginpoint: pending_q_reg[6]/Q (v) triggered by  leading edge of 'clk'
Path Groups: {clk}
Analysis View: hold_view
Other End Arrival Time          0.091
+ Hold                         -0.035
+ Phase Shift                   0.000
+ Uncertainty                   0.200
= Required Time                 0.257
  Arrival Time                  0.283
  Slack Time                    0.026
     Clock Rise Edge                 0.000
     + Clock Network Latency (Prop)  0.001
     = Beginpoint Arrival Time       0.001
     +------------------------------------------------------------------------+ 
     |     Instance     |     Arc     |   Cell   | Delay | Arrival | Required | 
     |                  |             |          |       |  Time   |   Time   | 
     |------------------+-------------+----------+-------+---------+----------| 
     | pending_q_reg[6] | CK ^        |          |       |   0.001 |   -0.026 | 
     | pending_q_reg[6] | CK ^ -> Q v | DFFRHQX1 | 0.155 |   0.156 |    0.130 | 
     | g10194__6417     | B0 v -> Y ^ | AOI21X1  | 0.095 |   0.251 |    0.225 | 
     | g10029__1617     | B0 ^ -> Y v | AOI21XL  | 0.032 |   0.283 |    0.257 | 
     | pending_q_reg[6] | D v         | DFFRHQX1 | 0.000 |   0.283 |    0.257 | 
     +------------------------------------------------------------------------+ 
Path 15: MET Hold Check with Pin pending_q_reg[4]/CK 
Endpoint:   pending_q_reg[4]/D (v) checked with  leading edge of 'clk'
Beginpoint: pending_q_reg[4]/Q (v) triggered by  leading edge of 'clk'
Path Groups: {clk}
Analysis View: hold_view
Other End Arrival Time          0.092
+ Hold                         -0.034
+ Phase Shift                   0.000
+ Uncertainty                   0.200
= Required Time                 0.258
  Arrival Time                  0.284
  Slack Time                    0.027
     Clock Rise Edge                 0.000
     + Clock Network Latency (Prop)  0.001
     = Beginpoint Arrival Time       0.001
     +------------------------------------------------------------------------+ 
     |     Instance     |     Arc     |   Cell   | Delay | Arrival | Required | 
     |                  |             |          |       |  Time   |   Time   | 
     |------------------+-------------+----------+-------+---------+----------| 
     | pending_q_reg[4] | CK ^        |          |       |   0.001 |   -0.025 | 
     | pending_q_reg[4] | CK ^ -> Q v | DFFRHQX1 | 0.155 |   0.156 |    0.130 | 
     | g10200__8428     | B0 v -> Y ^ | AOI21X1  | 0.098 |   0.255 |    0.228 | 
     | g10028__2802     | B0 ^ -> Y v | AOI21XL  | 0.029 |   0.284 |    0.258 | 
     | pending_q_reg[4] | D v         | DFFRHQX1 | 0.000 |   0.284 |    0.258 | 
     +------------------------------------------------------------------------+ 
Path 16: MET Hold Check with Pin pending_q_reg[1]/CK 
Endpoint:   pending_q_reg[1]/D (v) checked with  leading edge of 'clk'
Beginpoint: pending_q_reg[1]/Q (v) triggered by  leading edge of 'clk'
Path Groups: {clk}
Analysis View: hold_view
Other End Arrival Time          0.092
+ Hold                         -0.034
+ Phase Shift                   0.000
+ Uncertainty                   0.200
= Required Time                 0.258
  Arrival Time                  0.285
  Slack Time                    0.027
     Clock Rise Edge                 0.000
     + Clock Network Latency (Prop)  0.002
     = Beginpoint Arrival Time       0.002
     +------------------------------------------------------------------------+ 
     |     Instance     |     Arc     |   Cell   | Delay | Arrival | Required | 
     |                  |             |          |       |  Time   |   Time   | 
     |------------------+-------------+----------+-------+---------+----------| 
     | pending_q_reg[1] | CK ^        |          |       |   0.002 |   -0.025 | 
     | pending_q_reg[1] | CK ^ -> Q v | DFFRHQX1 | 0.154 |   0.156 |    0.129 | 
     | g10209__5477     | B0 v -> Y ^ | AOI21X1  | 0.101 |   0.257 |    0.230 | 
     | g10026__8246     | B0 ^ -> Y v | AOI21XL  | 0.028 |   0.285 |    0.258 | 
     | pending_q_reg[1] | D v         | DFFRHQX1 | 0.000 |   0.285 |    0.258 | 
     +------------------------------------------------------------------------+ 
Path 17: MET Hold Check with Pin req_sync_q_reg[0]/CK 
Endpoint:   req_sync_q_reg[0]/D (v) checked with  leading edge of 'clk'
Beginpoint: req_meta_q_reg[0]/Q (v) triggered by  leading edge of 'clk'
Path Groups: {clk}
Analysis View: hold_view
Other End Arrival Time          0.089
+ Hold                         -0.032
+ Phase Shift                   0.000
+ Uncertainty                   0.200
= Required Time                 0.257
  Arrival Time                  0.285
  Slack Time                    0.028
     Clock Rise Edge                 0.000
     + Clock Network Latency (Prop)  -0.004
     = Beginpoint Arrival Time       -0.004
     +-----------------------------------------------------------------------------+ 
     |       Instance        |     Arc     |   Cell   | Delay | Arrival | Required | 
     |                       |             |          |       |  Time   |   Time   | 
     |-----------------------+-------------+----------+-------+---------+----------| 
     | req_meta_q_reg[0]     | CK ^        |          |       |  -0.004 |   -0.032 | 
     | req_meta_q_reg[0]     | CK ^ -> Q v | DFFRHQX1 | 0.142 |   0.138 |    0.110 | 
     | FE_PHC7_req_meta_q_0  | A v -> Y v  | BUFX3    | 0.064 |   0.202 |    0.174 | 
     | FE_PHC22_req_meta_q_0 | A v -> Y v  | CLKBUFXL | 0.083 |   0.285 |    0.257 | 
     | req_sync_q_reg[0]     | D v         | DFFRHQX1 | 0.000 |   0.285 |    0.257 | 
     +-----------------------------------------------------------------------------+ 
Path 18: MET Hold Check with Pin req_sync_q_reg[4]/CK 
Endpoint:   req_sync_q_reg[4]/D (^) checked with  leading edge of 'clk'
Beginpoint: req_meta_q_reg[4]/Q (^) triggered by  leading edge of 'clk'
Path Groups: {clk}
Analysis View: hold_view
Other End Arrival Time          0.089
+ Hold                         -0.042
+ Phase Shift                   0.000
+ Uncertainty                   0.200
= Required Time                 0.247
  Arrival Time                  0.275
  Slack Time                    0.028
     Clock Rise Edge                 0.000
     + Clock Network Latency (Prop)  -0.003
     = Beginpoint Arrival Time       -0.003
     +-----------------------------------------------------------------------------+ 
     |       Instance        |     Arc     |   Cell   | Delay | Arrival | Required | 
     |                       |             |          |       |  Time   |   Time   | 
     |-----------------------+-------------+----------+-------+---------+----------| 
     | req_meta_q_reg[4]     | CK ^        |          |       |  -0.003 |   -0.031 | 
     | req_meta_q_reg[4]     | CK ^ -> Q ^ | DFFRHQX1 | 0.174 |   0.171 |    0.143 | 
     | FE_PHC4_req_meta_q_4  | A ^ -> Y ^  | BUFX3    | 0.055 |   0.226 |    0.198 | 
     | FE_PHC18_req_meta_q_4 | A ^ -> Y ^  | CLKBUFXL | 0.048 |   0.275 |    0.247 | 
     | req_sync_q_reg[4]     | D ^         | DFFRHQX1 | 0.000 |   0.275 |    0.247 | 
     +-----------------------------------------------------------------------------+ 
Path 19: MET Hold Check with Pin pending_q_reg[14]/CK 
Endpoint:   pending_q_reg[14]/D (v) checked with  leading edge of 'clk'
Beginpoint: pending_q_reg[14]/Q (v) triggered by  leading edge of 'clk'
Path Groups: {clk}
Analysis View: hold_view
Other End Arrival Time          0.090
+ Hold                         -0.035
+ Phase Shift                   0.000
+ Uncertainty                   0.200
= Required Time                 0.255
  Arrival Time                  0.284
  Slack Time                    0.029
     Clock Rise Edge                 0.000
     + Clock Network Latency (Prop)  -0.000
     = Beginpoint Arrival Time       -0.000
     +-------------------------------------------------------------------------+ 
     |     Instance      |     Arc     |   Cell   | Delay | Arrival | Required | 
     |                   |             |          |       |  Time   |   Time   | 
     |-------------------+-------------+----------+-------+---------+----------| 
     | pending_q_reg[14] | CK ^        |          |       |  -0.000 |   -0.029 | 
     | pending_q_reg[14] | CK ^ -> Q v | DFFRHQX1 | 0.158 |   0.158 |    0.129 | 
     | g10206__1705      | B0 v -> Y ^ | AOI21X1  | 0.090 |   0.247 |    0.218 | 
     | g10019__8428      | B0 ^ -> Y v | AOI21XL  | 0.037 |   0.284 |    0.255 | 
     | pending_q_reg[14] | D v         | DFFRHQX1 | 0.000 |   0.284 |    0.255 | 
     +-------------------------------------------------------------------------+ 
Path 20: MET Hold Check with Pin req_sync_q_reg[14]/CK 
Endpoint:   req_sync_q_reg[14]/D (^) checked with  leading edge of 'clk'
Beginpoint: req_meta_q_reg[14]/Q (^) triggered by  leading edge of 'clk'
Path Groups: {clk}
Analysis View: hold_view
Other End Arrival Time          0.092
+ Hold                         -0.042
+ Phase Shift                   0.000
+ Uncertainty                   0.200
= Required Time                 0.250
  Arrival Time                  0.279
  Slack Time                    0.029
     Clock Rise Edge                 0.000
     + Clock Network Latency (Prop)  -0.002
     = Beginpoint Arrival Time       -0.002
     +------------------------------------------------------------------------------+ 
     |        Instance        |     Arc     |   Cell   | Delay | Arrival | Required | 
     |                        |             |          |       |  Time   |   Time   | 
     |------------------------+-------------+----------+-------+---------+----------| 
     | req_meta_q_reg[14]     | CK ^        |          |       |  -0.002 |   -0.031 | 
     | req_meta_q_reg[14]     | CK ^ -> Q ^ | DFFRHQX1 | 0.178 |   0.177 |    0.148 | 
     | FE_PHC6_req_meta_q_14  | A ^ -> Y ^  | BUFX3    | 0.054 |   0.230 |    0.201 | 
     | FE_PHC21_req_meta_q_14 | A ^ -> Y ^  | CLKBUFXL | 0.048 |   0.279 |    0.250 | 
     | req_sync_q_reg[14]     | D ^         | DFFRHQX1 | 0.000 |   0.279 |    0.250 | 
     +------------------------------------------------------------------------------+ 
