###############################################################
#  Generated by:      Cadence Innovus 23.14-s088_1
#  OS:                Linux x86_64(Host ID sanitized)
#  Generated on:      Thu Aug 20 02:20:01 2026
#  Design:            aer_improved_cutthrough
#  Command:           report_timing -max_paths 20 > reports/p4c_pnr/postroute_timing.rpt
###############################################################
Path 1: MET Setup Check with Pin local_rr_q_reg[0][1]/CK 
Endpoint:   local_rr_q_reg[0][1]/D (v) checked with  leading edge of 'clk'
Beginpoint: local_rr_q_reg[0][0]/Q (^) triggered by  leading edge of 'clk'
Path Groups: {clk}
Analysis View: setup_view
Other End Arrival Time          0.185
- Setup                         0.250
+ Phase Shift                  10.000
- Uncertainty                   0.200
= Required Time                 9.735
- Arrival Time                  6.188
= Slack Time                    3.547
     Clock Rise Edge                 0.000
     + Clock Network Latency (Prop)  0.005
     = Beginpoint Arrival Time       0.005
     +-----------------------------------------------------------------------------+ 
     |       Instance       |     Arc     |   Cell    | Delay | Arrival | Required | 
     |                      |             |           |       |  Time   |   Time   | 
     |----------------------+-------------+-----------+-------+---------+----------| 
     | local_rr_q_reg[0][0] | CK ^        |           |       |   0.005 |    3.552 | 
     | local_rr_q_reg[0][0] | CK ^ -> Q ^ | DFFRHQX1  | 0.768 |   0.773 |    4.320 | 
     | g10305               | A ^ -> Y v  | INVX1     | 0.268 |   1.041 |    4.589 | 
     | g10162__6131         | B1 v -> Y ^ | OAI22X1   | 0.327 |   1.368 |    4.915 | 
     | g10156__8428         | A ^ -> Y v  | NOR2X1    | 0.181 |   1.549 |    5.096 | 
     | g10154               | A v -> Y ^  | INVX1     | 0.111 |   1.661 |    5.208 | 
     | g10141__9945         | A ^ -> Y v  | NOR3X1    | 0.109 |   1.769 |    5.317 | 
     | g10138               | A v -> Y ^  | INVX1     | 0.112 |   1.881 |    5.428 | 
     | g10131__2802         | A0 ^ -> Y v | AOI22X1   | 0.110 |   1.991 |    5.538 | 
     | g10129__6783         | B v -> Y ^  | NAND2BX1  | 0.238 |   2.229 |    5.776 | 
     | g10121__6260         | S0 ^ -> Y ^ | MXI2X1    | 0.187 |   2.416 |    5.963 | 
     | g10116__6417         | A0 ^ -> Y v | AOI21X1   | 0.118 |   2.534 |    6.081 | 
     | g10113__1666         | A0 v -> Y ^ | OAI21XL   | 0.662 |   3.196 |    6.744 | 
     | g10105__6161         | A ^ -> Y v  | NOR2X1    | 0.289 |   3.485 |    7.033 | 
     | g10101               | A v -> Y ^  | INVX1     | 0.236 |   3.722 |    7.269 | 
     | g10076__1666         | B0 ^ -> Y v | AOI211XL  | 0.122 |   3.843 |    7.390 | 
     | g10060__7098         | D v -> Y v  | OR4X2     | 0.456 |   4.299 |    7.846 | 
     | g10059__5122         | B0 v -> Y ^ | AOI211X1  | 0.189 |   4.488 |    8.035 | 
     | g10058__2802         | B0 ^ -> Y v | OAI2BB1X1 | 0.102 |   4.590 |    8.137 | 
     | g10056__5526         | B0 v -> Y ^ | AOI211X1  | 0.535 |   5.125 |    8.672 | 
     | g10055               | A ^ -> Y v  | INVX1     | 0.360 |   5.484 |    9.031 | 
     | g10032__1666         | A1 v -> Y ^ | AOI22X1   | 0.517 |   6.002 |    9.549 | 
     | g10006__6260         | A ^ -> Y v  | MXI2X1    | 0.186 |   6.188 |    9.735 | 
     | local_rr_q_reg[0][1] | D v         | DFFRX1    | 0.000 |   6.188 |    9.735 | 
     +-----------------------------------------------------------------------------+ 
Path 2: MET Setup Check with Pin local_rr_q_reg[1][1]/CK 
Endpoint:   local_rr_q_reg[1][1]/D (v) checked with  leading edge of 'clk'
Beginpoint: local_rr_q_reg[0][0]/Q (^) triggered by  leading edge of 'clk'
Path Groups: {clk}
Analysis View: setup_view
Other End Arrival Time          0.183
- Setup                         0.249
+ Phase Shift                  10.000
- Uncertainty                   0.200
= Required Time                 9.734
- Arrival Time                  6.183
= Slack Time                    3.551
     Clock Rise Edge                 0.000
     + Clock Network Latency (Prop)  0.005
     = Beginpoint Arrival Time       0.005
     +-----------------------------------------------------------------------------+ 
     |       Instance       |     Arc     |   Cell    | Delay | Arrival | Required | 
     |                      |             |           |       |  Time   |   Time   | 
     |----------------------+-------------+-----------+-------+---------+----------| 
     | local_rr_q_reg[0][0] | CK ^        |           |       |   0.005 |    3.556 | 
     | local_rr_q_reg[0][0] | CK ^ -> Q ^ | DFFRHQX1  | 0.768 |   0.773 |    4.324 | 
     | g10305               | A ^ -> Y v  | INVX1     | 0.268 |   1.041 |    4.593 | 
     | g10162__6131         | B1 v -> Y ^ | OAI22X1   | 0.327 |   1.368 |    4.919 | 
     | g10156__8428         | A ^ -> Y v  | NOR2X1    | 0.181 |   1.549 |    5.101 | 
     | g10154               | A v -> Y ^  | INVX1     | 0.111 |   1.661 |    5.212 | 
     | g10141__9945         | A ^ -> Y v  | NOR3X1    | 0.109 |   1.769 |    5.321 | 
     | g10138               | A v -> Y ^  | INVX1     | 0.112 |   1.881 |    5.432 | 
     | g10131__2802         | A0 ^ -> Y v | AOI22X1   | 0.110 |   1.991 |    5.542 | 
     | g10129__6783         | B v -> Y ^  | NAND2BX1  | 0.238 |   2.229 |    5.780 | 
     | g10121__6260         | S0 ^ -> Y ^ | MXI2X1    | 0.187 |   2.416 |    5.967 | 
     | g10116__6417         | A0 ^ -> Y v | AOI21X1   | 0.118 |   2.534 |    6.085 | 
     | g10113__1666         | A0 v -> Y ^ | OAI21XL   | 0.662 |   3.196 |    6.748 | 
     | g10105__6161         | A ^ -> Y v  | NOR2X1    | 0.289 |   3.485 |    7.037 | 
     | g10101               | A v -> Y ^  | INVX1     | 0.236 |   3.722 |    7.273 | 
     | g10076__1666         | B0 ^ -> Y v | AOI211XL  | 0.122 |   3.843 |    7.395 | 
     | g10060__7098         | D v -> Y v  | OR4X2     | 0.456 |   4.299 |    7.850 | 
     | g10059__5122         | B0 v -> Y ^ | AOI211X1  | 0.189 |   4.488 |    8.039 | 
     | g10058__2802         | B0 ^ -> Y v | OAI2BB1X1 | 0.102 |   4.590 |    8.141 | 
     | g10056__5526         | B0 v -> Y ^ | AOI211X1  | 0.535 |   5.125 |    8.676 | 
     | g10055               | A ^ -> Y v  | INVX1     | 0.360 |   5.484 |    9.035 | 
     | g10032__1666         | A1 v -> Y ^ | AOI22X1   | 0.517 |   6.002 |    9.553 | 
     | g10007__5107         | A ^ -> Y v  | MXI2X1    | 0.181 |   6.183 |    9.734 | 
     | local_rr_q_reg[1][1] | D v         | DFFRX1    | 0.000 |   6.183 |    9.734 | 
     +-----------------------------------------------------------------------------+ 
Path 3: MET Setup Check with Pin pending_q_reg[6]/CK 
Endpoint:   pending_q_reg[6]/D     (v) checked with  leading edge of 'clk'
Beginpoint: local_rr_q_reg[0][0]/Q (^) triggered by  leading edge of 'clk'
Path Groups: {clk}
Analysis View: setup_view
Other End Arrival Time          0.183
- Setup                         0.363
+ Phase Shift                  10.000
- Uncertainty                   0.200
= Required Time                 9.619
- Arrival Time                  6.068
= Slack Time                    3.552
     Clock Rise Edge                 0.000
     + Clock Network Latency (Prop)  0.005
     = Beginpoint Arrival Time       0.005
     +-----------------------------------------------------------------------------+ 
     |       Instance       |     Arc     |   Cell    | Delay | Arrival | Required | 
     |                      |             |           |       |  Time   |   Time   | 
     |----------------------+-------------+-----------+-------+---------+----------| 
     | local_rr_q_reg[0][0] | CK ^        |           |       |   0.005 |    3.557 | 
     | local_rr_q_reg[0][0] | CK ^ -> Q ^ | DFFRHQX1  | 0.768 |   0.773 |    4.325 | 
     | g10305               | A ^ -> Y v  | INVX1     | 0.268 |   1.041 |    4.593 | 
     | g10162__6131         | B1 v -> Y ^ | OAI22X1   | 0.327 |   1.368 |    4.920 | 
     | g10156__8428         | A ^ -> Y v  | NOR2X1    | 0.181 |   1.549 |    5.101 | 
     | g10154               | A v -> Y ^  | INVX1     | 0.111 |   1.661 |    5.212 | 
     | g10141__9945         | A ^ -> Y v  | NOR3X1    | 0.109 |   1.769 |    5.321 | 
     | g10138               | A v -> Y ^  | INVX1     | 0.112 |   1.881 |    5.433 | 
     | g10131__2802         | A0 ^ -> Y v | AOI22X1   | 0.110 |   1.991 |    5.542 | 
     | g10129__6783         | B v -> Y ^  | NAND2BX1  | 0.238 |   2.229 |    5.780 | 
     | g10121__6260         | S0 ^ -> Y ^ | MXI2X1    | 0.187 |   2.416 |    5.967 | 
     | g10116__6417         | A0 ^ -> Y v | AOI21X1   | 0.118 |   2.534 |    6.086 | 
     | g10113__1666         | A0 v -> Y ^ | OAI21XL   | 0.662 |   3.196 |    6.748 | 
     | g10105__6161         | A ^ -> Y v  | NOR2X1    | 0.289 |   3.485 |    7.037 | 
     | g10101               | A v -> Y ^  | INVX1     | 0.236 |   3.722 |    7.273 | 
     | g10076__1666         | B0 ^ -> Y v | AOI211XL  | 0.122 |   3.843 |    7.395 | 
     | g10060__7098         | D v -> Y v  | OR4X2     | 0.456 |   4.299 |    7.851 | 
     | g10059__5122         | B0 v -> Y ^ | AOI211X1  | 0.189 |   4.488 |    8.039 | 
     | g10058__2802         | B0 ^ -> Y v | OAI2BB1X1 | 0.102 |   4.590 |    8.141 | 
     | g10056__5526         | B0 v -> Y ^ | AOI211X1  | 0.535 |   5.125 |    8.676 | 
     | g10055               | A ^ -> Y v  | INVX1     | 0.360 |   5.484 |    9.036 | 
     | g10050__6417         | A v -> Y ^  | NOR2X1    | 0.423 |   5.907 |    9.459 | 
     | g10029__1617         | A1 ^ -> Y v | AOI21XL   | 0.161 |   6.068 |    9.619 | 
     | pending_q_reg[6]     | D v         | DFFRHQX1  | 0.000 |   6.068 |    9.619 | 
     +-----------------------------------------------------------------------------+ 
Path 4: MET Setup Check with Pin pending_q_reg[0]/CK 
Endpoint:   pending_q_reg[0]/D     (v) checked with  leading edge of 'clk'
Beginpoint: local_rr_q_reg[0][0]/Q (^) triggered by  leading edge of 'clk'
Path Groups: {clk}
Analysis View: setup_view
Other End Arrival Time          0.183
- Setup                         0.363
+ Phase Shift                  10.000
- Uncertainty                   0.200
= Required Time                 9.620
- Arrival Time                  6.066
= Slack Time                    3.554
     Clock Rise Edge                 0.000
     + Clock Network Latency (Prop)  0.005
     = Beginpoint Arrival Time       0.005
     +-----------------------------------------------------------------------------+ 
     |       Instance       |     Arc     |   Cell    | Delay | Arrival | Required | 
     |                      |             |           |       |  Time   |   Time   | 
     |----------------------+-------------+-----------+-------+---------+----------| 
     | local_rr_q_reg[0][0] | CK ^        |           |       |   0.005 |    3.559 | 
     | local_rr_q_reg[0][0] | CK ^ -> Q ^ | DFFRHQX1  | 0.768 |   0.773 |    4.327 | 
     | g10305               | A ^ -> Y v  | INVX1     | 0.268 |   1.041 |    4.596 | 
     | g10162__6131         | B1 v -> Y ^ | OAI22X1   | 0.327 |   1.368 |    4.922 | 
     | g10156__8428         | A ^ -> Y v  | NOR2X1    | 0.181 |   1.549 |    5.104 | 
     | g10154               | A v -> Y ^  | INVX1     | 0.111 |   1.661 |    5.215 | 
     | g10141__9945         | A ^ -> Y v  | NOR3X1    | 0.109 |   1.769 |    5.324 | 
     | g10138               | A v -> Y ^  | INVX1     | 0.112 |   1.881 |    5.435 | 
     | g10131__2802         | A0 ^ -> Y v | AOI22X1   | 0.110 |   1.991 |    5.545 | 
     | g10129__6783         | B v -> Y ^  | NAND2BX1  | 0.238 |   2.229 |    5.783 | 
     | g10121__6260         | S0 ^ -> Y ^ | MXI2X1    | 0.187 |   2.416 |    5.970 | 
     | g10116__6417         | A0 ^ -> Y v | AOI21X1   | 0.118 |   2.534 |    6.088 | 
     | g10113__1666         | A0 v -> Y ^ | OAI21XL   | 0.662 |   3.196 |    6.751 | 
     | g10105__6161         | A ^ -> Y v  | NOR2X1    | 0.289 |   3.485 |    7.040 | 
     | g10101               | A v -> Y ^  | INVX1     | 0.236 |   3.722 |    7.276 | 
     | g10076__1666         | B0 ^ -> Y v | AOI211XL  | 0.122 |   3.843 |    7.398 | 
     | g10060__7098         | D v -> Y v  | OR4X2     | 0.456 |   4.299 |    7.853 | 
     | g10059__5122         | B0 v -> Y ^ | AOI211X1  | 0.189 |   4.488 |    8.042 | 
     | g10058__2802         | B0 ^ -> Y v | OAI2BB1X1 | 0.102 |   4.590 |    8.144 | 
     | g10056__5526         | B0 v -> Y ^ | AOI211X1  | 0.535 |   5.125 |    8.679 | 
     | g10055               | A ^ -> Y v  | INVX1     | 0.360 |   5.484 |    9.039 | 
     | g10050__6417         | A v -> Y ^  | NOR2X1    | 0.423 |   5.907 |    9.461 | 
     | g10025__3680         | A1 ^ -> Y v | AOI21XL   | 0.159 |   6.066 |    9.620 | 
     | pending_q_reg[0]     | D v         | DFFRHQX1  | 0.000 |   6.066 |    9.620 | 
     +-----------------------------------------------------------------------------+ 
Path 5: MET Setup Check with Pin local_rr_q_reg[3][1]/CK 
Endpoint:   local_rr_q_reg[3][1]/D (v) checked with  leading edge of 'clk'
Beginpoint: local_rr_q_reg[0][0]/Q (^) triggered by  leading edge of 'clk'
Path Groups: {clk}
Analysis View: setup_view
Other End Arrival Time          0.182
- Setup                         0.249
+ Phase Shift                  10.000
- Uncertainty                   0.200
= Required Time                 9.733
- Arrival Time                  6.177
= Slack Time                    3.556
     Clock Rise Edge                 0.000
     + Clock Network Latency (Prop)  0.005
     = Beginpoint Arrival Time       0.005
     +-----------------------------------------------------------------------------+ 
     |       Instance       |     Arc     |   Cell    | Delay | Arrival | Required | 
     |                      |             |           |       |  Time   |   Time   | 
     |----------------------+-------------+-----------+-------+---------+----------| 
     | local_rr_q_reg[0][0] | CK ^        |           |       |   0.005 |    3.561 | 
     | local_rr_q_reg[0][0] | CK ^ -> Q ^ | DFFRHQX1  | 0.768 |   0.773 |    4.329 | 
     | g10305               | A ^ -> Y v  | INVX1     | 0.268 |   1.041 |    4.597 | 
     | g10162__6131         | B1 v -> Y ^ | OAI22X1   | 0.327 |   1.368 |    4.924 | 
     | g10156__8428         | A ^ -> Y v  | NOR2X1    | 0.181 |   1.549 |    5.105 | 
     | g10154               | A v -> Y ^  | INVX1     | 0.111 |   1.661 |    5.216 | 
     | g10141__9945         | A ^ -> Y v  | NOR3X1    | 0.109 |   1.769 |    5.325 | 
     | g10138               | A v -> Y ^  | INVX1     | 0.112 |   1.881 |    5.437 | 
     | g10131__2802         | A0 ^ -> Y v | AOI22X1   | 0.110 |   1.991 |    5.546 | 
     | g10129__6783         | B v -> Y ^  | NAND2BX1  | 0.238 |   2.229 |    5.784 | 
     | g10121__6260         | S0 ^ -> Y ^ | MXI2X1    | 0.187 |   2.416 |    5.971 | 
     | g10116__6417         | A0 ^ -> Y v | AOI21X1   | 0.118 |   2.534 |    6.090 | 
     | g10113__1666         | A0 v -> Y ^ | OAI21XL   | 0.662 |   3.196 |    6.752 | 
     | g10105__6161         | A ^ -> Y v  | NOR2X1    | 0.289 |   3.485 |    7.041 | 
     | g10101               | A v -> Y ^  | INVX1     | 0.236 |   3.722 |    7.277 | 
     | g10076__1666         | B0 ^ -> Y v | AOI211XL  | 0.122 |   3.843 |    7.399 | 
     | g10060__7098         | D v -> Y v  | OR4X2     | 0.456 |   4.299 |    7.855 | 
     | g10059__5122         | B0 v -> Y ^ | AOI211X1  | 0.189 |   4.488 |    8.043 | 
     | g10058__2802         | B0 ^ -> Y v | OAI2BB1X1 | 0.102 |   4.590 |    8.145 | 
     | g10056__5526         | B0 v -> Y ^ | AOI211X1  | 0.535 |   5.125 |    8.680 | 
     | g10055               | A ^ -> Y v  | INVX1     | 0.360 |   5.484 |    9.040 | 
     | g10032__1666         | A1 v -> Y ^ | AOI22X1   | 0.517 |   6.002 |    9.557 | 
     | g10008__4319         | B ^ -> Y v  | MXI2X1    | 0.176 |   6.177 |    9.733 | 
     | local_rr_q_reg[3][1] | D v         | DFFRX1    | 0.000 |   6.177 |    9.733 | 
     +-----------------------------------------------------------------------------+ 
Path 6: MET Setup Check with Pin pending_q_reg[4]/CK 
Endpoint:   pending_q_reg[4]/D     (v) checked with  leading edge of 'clk'
Beginpoint: local_rr_q_reg[0][0]/Q (^) triggered by  leading edge of 'clk'
Path Groups: {clk}
Analysis View: setup_view
Other End Arrival Time          0.183
- Setup                         0.364
+ Phase Shift                  10.000
- Uncertainty                   0.200
= Required Time                 9.620
- Arrival Time                  6.062
= Slack Time                    3.557
     Clock Rise Edge                 0.000
     + Clock Network Latency (Prop)  0.005
     = Beginpoint Arrival Time       0.005
     +-----------------------------------------------------------------------------+ 
     |       Instance       |     Arc     |   Cell    | Delay | Arrival | Required | 
     |                      |             |           |       |  Time   |   Time   | 
     |----------------------+-------------+-----------+-------+---------+----------| 
     | local_rr_q_reg[0][0] | CK ^        |           |       |   0.005 |    3.562 | 
     | local_rr_q_reg[0][0] | CK ^ -> Q ^ | DFFRHQX1  | 0.768 |   0.773 |    4.330 | 
     | g10305               | A ^ -> Y v  | INVX1     | 0.268 |   1.041 |    4.599 | 
     | g10162__6131         | B1 v -> Y ^ | OAI22X1   | 0.327 |   1.368 |    4.925 | 
     | g10156__8428         | A ^ -> Y v  | NOR2X1    | 0.181 |   1.549 |    5.107 | 
     | g10154               | A v -> Y ^  | INVX1     | 0.111 |   1.661 |    5.218 | 
     | g10141__9945         | A ^ -> Y v  | NOR3X1    | 0.109 |   1.769 |    5.327 | 
     | g10138               | A v -> Y ^  | INVX1     | 0.112 |   1.881 |    5.439 | 
     | g10131__2802         | A0 ^ -> Y v | AOI22X1   | 0.110 |   1.991 |    5.548 | 
     | g10129__6783         | B v -> Y ^  | NAND2BX1  | 0.238 |   2.229 |    5.786 | 
     | g10121__6260         | S0 ^ -> Y ^ | MXI2X1    | 0.187 |   2.416 |    5.973 | 
     | g10116__6417         | A0 ^ -> Y v | AOI21X1   | 0.118 |   2.534 |    6.092 | 
     | g10113__1666         | A0 v -> Y ^ | OAI21XL   | 0.662 |   3.196 |    6.754 | 
     | g10105__6161         | A ^ -> Y v  | NOR2X1    | 0.289 |   3.485 |    7.043 | 
     | g10101               | A v -> Y ^  | INVX1     | 0.236 |   3.722 |    7.279 | 
     | g10076__1666         | B0 ^ -> Y v | AOI211XL  | 0.122 |   3.843 |    7.401 | 
     | g10060__7098         | D v -> Y v  | OR4X2     | 0.456 |   4.299 |    7.856 | 
     | g10059__5122         | B0 v -> Y ^ | AOI211X1  | 0.189 |   4.488 |    8.045 | 
     | g10058__2802         | B0 ^ -> Y v | OAI2BB1X1 | 0.102 |   4.590 |    8.147 | 
     | g10056__5526         | B0 v -> Y ^ | AOI211X1  | 0.535 |   5.125 |    8.682 | 
     | g10055               | A ^ -> Y v  | INVX1     | 0.360 |   5.484 |    9.042 | 
     | g10050__6417         | A v -> Y ^  | NOR2X1    | 0.423 |   5.907 |    9.465 | 
     | g10028__2802         | A1 ^ -> Y v | AOI21XL   | 0.155 |   6.062 |    9.620 | 
     | pending_q_reg[4]     | D v         | DFFRHQX1  | 0.000 |   6.062 |    9.620 | 
     +-----------------------------------------------------------------------------+ 
Path 7: MET Setup Check with Pin pending_q_reg[2]/CK 
Endpoint:   pending_q_reg[2]/D     (v) checked with  leading edge of 'clk'
Beginpoint: local_rr_q_reg[0][0]/Q (^) triggered by  leading edge of 'clk'
Path Groups: {clk}
Analysis View: setup_view
Other End Arrival Time          0.184
- Setup                         0.362
+ Phase Shift                  10.000
- Uncertainty                   0.200
= Required Time                 9.622
- Arrival Time                  6.062
= Slack Time                    3.560
     Clock Rise Edge                 0.000
     + Clock Network Latency (Prop)  0.005
     = Beginpoint Arrival Time       0.005
     +-----------------------------------------------------------------------------+ 
     |       Instance       |     Arc     |   Cell    | Delay | Arrival | Required | 
     |                      |             |           |       |  Time   |   Time   | 
     |----------------------+-------------+-----------+-------+---------+----------| 
     | local_rr_q_reg[0][0] | CK ^        |           |       |   0.005 |    3.565 | 
     | local_rr_q_reg[0][0] | CK ^ -> Q ^ | DFFRHQX1  | 0.768 |   0.773 |    4.333 | 
     | g10305               | A ^ -> Y v  | INVX1     | 0.268 |   1.041 |    4.601 | 
     | g10162__6131         | B1 v -> Y ^ | OAI22X1   | 0.327 |   1.368 |    4.928 | 
     | g10156__8428         | A ^ -> Y v  | NOR2X1    | 0.181 |   1.549 |    5.109 | 
     | g10154               | A v -> Y ^  | INVX1     | 0.111 |   1.661 |    5.220 | 
     | g10141__9945         | A ^ -> Y v  | NOR3X1    | 0.109 |   1.769 |    5.329 | 
     | g10138               | A v -> Y ^  | INVX1     | 0.112 |   1.881 |    5.441 | 
     | g10131__2802         | A0 ^ -> Y v | AOI22X1   | 0.110 |   1.991 |    5.550 | 
     | g10129__6783         | B v -> Y ^  | NAND2BX1  | 0.238 |   2.229 |    5.788 | 
     | g10121__6260         | S0 ^ -> Y ^ | MXI2X1    | 0.187 |   2.416 |    5.975 | 
     | g10116__6417         | A0 ^ -> Y v | AOI21X1   | 0.118 |   2.534 |    6.094 | 
     | g10113__1666         | A0 v -> Y ^ | OAI21XL   | 0.662 |   3.196 |    6.756 | 
     | g10105__6161         | A ^ -> Y v  | NOR2X1    | 0.289 |   3.485 |    7.045 | 
     | g10101               | A v -> Y ^  | INVX1     | 0.236 |   3.722 |    7.281 | 
     | g10076__1666         | B0 ^ -> Y v | AOI211XL  | 0.122 |   3.843 |    7.403 | 
     | g10060__7098         | D v -> Y v  | OR4X2     | 0.456 |   4.299 |    7.859 | 
     | g10059__5122         | B0 v -> Y ^ | AOI211X1  | 0.189 |   4.488 |    8.047 | 
     | g10058__2802         | B0 ^ -> Y v | OAI2BB1X1 | 0.102 |   4.590 |    8.149 | 
     | g10056__5526         | B0 v -> Y ^ | AOI211X1  | 0.535 |   5.125 |    8.684 | 
     | g10055               | A ^ -> Y v  | INVX1     | 0.360 |   5.484 |    9.044 | 
     | g10050__6417         | A v -> Y ^  | NOR2X1    | 0.423 |   5.907 |    9.467 | 
     | g10024__6783         | A1 ^ -> Y v | AOI21XL   | 0.155 |   6.062 |    9.622 | 
     | pending_q_reg[2]     | D v         | DFFRHQX1  | 0.000 |   6.062 |    9.622 | 
     +-----------------------------------------------------------------------------+ 
Path 8: MET Setup Check with Pin pending_q_reg[14]/CK 
Endpoint:   pending_q_reg[14]/D    (v) checked with  leading edge of 'clk'
Beginpoint: local_rr_q_reg[0][0]/Q (^) triggered by  leading edge of 'clk'
Path Groups: {clk}
Analysis View: setup_view
Other End Arrival Time          0.182
- Setup                         0.366
+ Phase Shift                  10.000
- Uncertainty                   0.200
= Required Time                 9.616
- Arrival Time                  6.054
= Slack Time                    3.562
     Clock Rise Edge                 0.000
     + Clock Network Latency (Prop)  0.005
     = Beginpoint Arrival Time       0.005
     +-----------------------------------------------------------------------------+ 
     |       Instance       |     Arc     |   Cell    | Delay | Arrival | Required | 
     |                      |             |           |       |  Time   |   Time   | 
     |----------------------+-------------+-----------+-------+---------+----------| 
     | local_rr_q_reg[0][0] | CK ^        |           |       |   0.005 |    3.567 | 
     | local_rr_q_reg[0][0] | CK ^ -> Q ^ | DFFRHQX1  | 0.768 |   0.773 |    4.335 | 
     | g10305               | A ^ -> Y v  | INVX1     | 0.268 |   1.041 |    4.604 | 
     | g10162__6131         | B1 v -> Y ^ | OAI22X1   | 0.327 |   1.368 |    4.930 | 
     | g10156__8428         | A ^ -> Y v  | NOR2X1    | 0.181 |   1.549 |    5.112 | 
     | g10154               | A v -> Y ^  | INVX1     | 0.111 |   1.661 |    5.223 | 
     | g10141__9945         | A ^ -> Y v  | NOR3X1    | 0.109 |   1.769 |    5.332 | 
     | g10138               | A v -> Y ^  | INVX1     | 0.112 |   1.881 |    5.443 | 
     | g10131__2802         | A0 ^ -> Y v | AOI22X1   | 0.110 |   1.991 |    5.553 | 
     | g10129__6783         | B v -> Y ^  | NAND2BX1  | 0.238 |   2.229 |    5.791 | 
     | g10121__6260         | S0 ^ -> Y ^ | MXI2X1    | 0.187 |   2.416 |    5.978 | 
     | g10116__6417         | A0 ^ -> Y v | AOI21X1   | 0.118 |   2.534 |    6.096 | 
     | g10113__1666         | A0 v -> Y ^ | OAI21XL   | 0.662 |   3.196 |    6.759 | 
     | g10105__6161         | A ^ -> Y v  | NOR2X1    | 0.289 |   3.485 |    7.048 | 
     | g10101               | A v -> Y ^  | INVX1     | 0.236 |   3.722 |    7.284 | 
     | g10076__1666         | B0 ^ -> Y v | AOI211XL  | 0.122 |   3.843 |    7.406 | 
     | g10060__7098         | D v -> Y v  | OR4X2     | 0.456 |   4.299 |    7.861 | 
     | g10059__5122         | B0 v -> Y ^ | AOI211X1  | 0.189 |   4.488 |    8.050 | 
     | g10058__2802         | B0 ^ -> Y v | OAI2BB1X1 | 0.102 |   4.590 |    8.152 | 
     | g10056__5526         | B0 v -> Y ^ | AOI211X1  | 0.535 |   5.125 |    8.687 | 
     | g10055               | A ^ -> Y v  | INVX1     | 0.360 |   5.484 |    9.047 | 
     | g10053__5477         | A v -> Y ^  | NOR2X1    | 0.400 |   5.884 |    9.447 | 
     | g10019__8428         | A1 ^ -> Y v | AOI21XL   | 0.169 |   6.053 |    9.616 | 
     | pending_q_reg[14]    | D v         | DFFRHQX1  | 0.000 |   6.054 |    9.616 | 
     +-----------------------------------------------------------------------------+ 
Path 9: MET Setup Check with Pin pending_q_reg[12]/CK 
Endpoint:   pending_q_reg[12]/D    (v) checked with  leading edge of 'clk'
Beginpoint: local_rr_q_reg[0][0]/Q (^) triggered by  leading edge of 'clk'
Path Groups: {clk}
Analysis View: setup_view
Other End Arrival Time          0.182
- Setup                         0.365
+ Phase Shift                  10.000
- Uncertainty                   0.200
= Required Time                 9.617
- Arrival Time                  6.040
= Slack Time                    3.577
     Clock Rise Edge                 0.000
     + Clock Network Latency (Prop)  0.005
     = Beginpoint Arrival Time       0.005
     +-----------------------------------------------------------------------------+ 
     |       Instance       |     Arc     |   Cell    | Delay | Arrival | Required | 
     |                      |             |           |       |  Time   |   Time   | 
     |----------------------+-------------+-----------+-------+---------+----------| 
     | local_rr_q_reg[0][0] | CK ^        |           |       |   0.005 |    3.582 | 
     | local_rr_q_reg[0][0] | CK ^ -> Q ^ | DFFRHQX1  | 0.768 |   0.773 |    4.350 | 
     | g10305               | A ^ -> Y v  | INVX1     | 0.268 |   1.041 |    4.619 | 
     | g10162__6131         | B1 v -> Y ^ | OAI22X1   | 0.327 |   1.368 |    4.945 | 
     | g10156__8428         | A ^ -> Y v  | NOR2X1    | 0.181 |   1.549 |    5.126 | 
     | g10154               | A v -> Y ^  | INVX1     | 0.111 |   1.661 |    5.238 | 
     | g10141__9945         | A ^ -> Y v  | NOR3X1    | 0.109 |   1.769 |    5.347 | 
     | g10138               | A v -> Y ^  | INVX1     | 0.112 |   1.881 |    5.458 | 
     | g10131__2802         | A0 ^ -> Y v | AOI22X1   | 0.110 |   1.991 |    5.568 | 
     | g10129__6783         | B v -> Y ^  | NAND2BX1  | 0.238 |   2.229 |    5.806 | 
     | g10121__6260         | S0 ^ -> Y ^ | MXI2X1    | 0.187 |   2.416 |    5.993 | 
     | g10116__6417         | A0 ^ -> Y v | AOI21X1   | 0.118 |   2.534 |    6.111 | 
     | g10113__1666         | A0 v -> Y ^ | OAI21XL   | 0.662 |   3.196 |    6.774 | 
     | g10105__6161         | A ^ -> Y v  | NOR2X1    | 0.289 |   3.485 |    7.063 | 
     | g10101               | A v -> Y ^  | INVX1     | 0.236 |   3.722 |    7.299 | 
     | g10076__1666         | B0 ^ -> Y v | AOI211XL  | 0.122 |   3.843 |    7.420 | 
     | g10060__7098         | D v -> Y v  | OR4X2     | 0.456 |   4.299 |    7.876 | 
     | g10059__5122         | B0 v -> Y ^ | AOI211X1  | 0.189 |   4.488 |    8.065 | 
     | g10058__2802         | B0 ^ -> Y v | OAI2BB1X1 | 0.102 |   4.590 |    8.167 | 
     | g10056__5526         | B0 v -> Y ^ | AOI211X1  | 0.535 |   5.125 |    8.702 | 
     | g10055               | A ^ -> Y v  | INVX1     | 0.360 |   5.484 |    9.061 | 
     | g10053__5477         | A v -> Y ^  | NOR2X1    | 0.400 |   5.884 |    9.462 | 
     | g10023__5526         | A1 ^ -> Y v | AOI21XL   | 0.156 |   6.040 |    9.617 | 
     | pending_q_reg[12]    | D v         | DFFRHQX1  | 0.000 |   6.040 |    9.617 | 
     +-----------------------------------------------------------------------------+ 
Path 10: MET Setup Check with Pin local_rr_q_reg[2][1]/CK 
Endpoint:   local_rr_q_reg[2][1]/D (v) checked with  leading edge of 'clk'
Beginpoint: local_rr_q_reg[0][0]/Q (^) triggered by  leading edge of 'clk'
Path Groups: {clk}
Analysis View: setup_view
Other End Arrival Time          0.183
- Setup                         0.246
+ Phase Shift                  10.000
- Uncertainty                   0.200
= Required Time                 9.738
- Arrival Time                  6.159
= Slack Time                    3.579
     Clock Rise Edge                 0.000
     + Clock Network Latency (Prop)  0.005
     = Beginpoint Arrival Time       0.005
     +-----------------------------------------------------------------------------+ 
     |       Instance       |     Arc     |   Cell    | Delay | Arrival | Required | 
     |                      |             |           |       |  Time   |   Time   | 
     |----------------------+-------------+-----------+-------+---------+----------| 
     | local_rr_q_reg[0][0] | CK ^        |           |       |   0.005 |    3.584 | 
     | local_rr_q_reg[0][0] | CK ^ -> Q ^ | DFFRHQX1  | 0.768 |   0.773 |    4.352 | 
     | g10305               | A ^ -> Y v  | INVX1     | 0.268 |   1.041 |    4.620 | 
     | g10162__6131         | B1 v -> Y ^ | OAI22X1   | 0.327 |   1.368 |    4.947 | 
     | g10156__8428         | A ^ -> Y v  | NOR2X1    | 0.181 |   1.549 |    5.128 | 
     | g10154               | A v -> Y ^  | INVX1     | 0.111 |   1.661 |    5.239 | 
     | g10141__9945         | A ^ -> Y v  | NOR3X1    | 0.109 |   1.769 |    5.348 | 
     | g10138               | A v -> Y ^  | INVX1     | 0.112 |   1.881 |    5.460 | 
     | g10131__2802         | A0 ^ -> Y v | AOI22X1   | 0.110 |   1.991 |    5.569 | 
     | g10129__6783         | B v -> Y ^  | NAND2BX1  | 0.238 |   2.229 |    5.807 | 
     | g10121__6260         | S0 ^ -> Y ^ | MXI2X1    | 0.187 |   2.416 |    5.994 | 
     | g10116__6417         | A0 ^ -> Y v | AOI21X1   | 0.118 |   2.534 |    6.113 | 
     | g10113__1666         | A0 v -> Y ^ | OAI21XL   | 0.662 |   3.196 |    6.775 | 
     | g10105__6161         | A ^ -> Y v  | NOR2X1    | 0.289 |   3.485 |    7.064 | 
     | g10101               | A v -> Y ^  | INVX1     | 0.236 |   3.722 |    7.300 | 
     | g10076__1666         | B0 ^ -> Y v | AOI211XL  | 0.122 |   3.843 |    7.422 | 
     | g10060__7098         | D v -> Y v  | OR4X2     | 0.456 |   4.299 |    7.878 | 
     | g10059__5122         | B0 v -> Y ^ | AOI211X1  | 0.189 |   4.488 |    8.066 | 
     | g10058__2802         | B0 ^ -> Y v | OAI2BB1X1 | 0.102 |   4.590 |    8.168 | 
     | g10056__5526         | B0 v -> Y ^ | AOI211X1  | 0.535 |   5.125 |    8.703 | 
     | g10055               | A ^ -> Y v  | INVX1     | 0.360 |   5.484 |    9.063 | 
     | g10032__1666         | A1 v -> Y ^ | AOI22X1   | 0.517 |   6.002 |    9.580 | 
     | g10005__2398         | B ^ -> Y v  | MXI2X1    | 0.158 |   6.159 |    9.738 | 
     | local_rr_q_reg[2][1] | D v         | DFFRX1    | 0.000 |   6.159 |    9.738 | 
     +-----------------------------------------------------------------------------+ 
Path 11: MET Setup Check with Pin pending_q_reg[8]/CK 
Endpoint:   pending_q_reg[8]/D     (v) checked with  leading edge of 'clk'
Beginpoint: local_rr_q_reg[0][0]/Q (^) triggered by  leading edge of 'clk'
Path Groups: {clk}
Analysis View: setup_view
Other End Arrival Time          0.184
- Setup                         0.361
+ Phase Shift                  10.000
- Uncertainty                   0.200
= Required Time                 9.623
- Arrival Time                  6.029
= Slack Time                    3.594
     Clock Rise Edge                 0.000
     + Clock Network Latency (Prop)  0.005
     = Beginpoint Arrival Time       0.005
     +-----------------------------------------------------------------------------+ 
     |       Instance       |     Arc     |   Cell    | Delay | Arrival | Required | 
     |                      |             |           |       |  Time   |   Time   | 
     |----------------------+-------------+-----------+-------+---------+----------| 
     | local_rr_q_reg[0][0] | CK ^        |           |       |   0.005 |    3.599 | 
     | local_rr_q_reg[0][0] | CK ^ -> Q ^ | DFFRHQX1  | 0.768 |   0.773 |    4.367 | 
     | g10305               | A ^ -> Y v  | INVX1     | 0.268 |   1.041 |    4.636 | 
     | g10162__6131         | B1 v -> Y ^ | OAI22X1   | 0.327 |   1.368 |    4.962 | 
     | g10156__8428         | A ^ -> Y v  | NOR2X1    | 0.181 |   1.549 |    5.144 | 
     | g10154               | A v -> Y ^  | INVX1     | 0.111 |   1.661 |    5.255 | 
     | g10141__9945         | A ^ -> Y v  | NOR3X1    | 0.109 |   1.769 |    5.364 | 
     | g10138               | A v -> Y ^  | INVX1     | 0.112 |   1.881 |    5.475 | 
     | g10131__2802         | A0 ^ -> Y v | AOI22X1   | 0.110 |   1.991 |    5.585 | 
     | g10129__6783         | B v -> Y ^  | NAND2BX1  | 0.238 |   2.229 |    5.823 | 
     | g10121__6260         | S0 ^ -> Y ^ | MXI2X1    | 0.187 |   2.416 |    6.010 | 
     | g10116__6417         | A0 ^ -> Y v | AOI21X1   | 0.118 |   2.534 |    6.128 | 
     | g10113__1666         | A0 v -> Y ^ | OAI21XL   | 0.662 |   3.196 |    6.791 | 
     | g10105__6161         | A ^ -> Y v  | NOR2X1    | 0.289 |   3.485 |    7.080 | 
     | g10101               | A v -> Y ^  | INVX1     | 0.236 |   3.722 |    7.316 | 
     | g10076__1666         | B0 ^ -> Y v | AOI211XL  | 0.122 |   3.843 |    7.438 | 
     | g10060__7098         | D v -> Y v  | OR4X2     | 0.456 |   4.299 |    7.893 | 
     | g10059__5122         | B0 v -> Y ^ | AOI211X1  | 0.189 |   4.488 |    8.082 | 
     | g10058__2802         | B0 ^ -> Y v | OAI2BB1X1 | 0.102 |   4.590 |    8.184 | 
     | g10056__5526         | B0 v -> Y ^ | AOI211X1  | 0.535 |   5.125 |    8.719 | 
     | g10055               | A ^ -> Y v  | INVX1     | 0.360 |   5.484 |    9.078 | 
     | g10053__5477         | A v -> Y ^  | NOR2X1    | 0.400 |   5.884 |    9.479 | 
     | g10030__5122         | A1 ^ -> Y v | AOI21XL   | 0.145 |   6.029 |    9.623 | 
     | pending_q_reg[8]     | D v         | DFFRHQX1  | 0.000 |   6.029 |    9.623 | 
     +-----------------------------------------------------------------------------+ 
Path 12: MET Setup Check with Pin pending_q_reg[10]/CK 
Endpoint:   pending_q_reg[10]/D    (v) checked with  leading edge of 'clk'
Beginpoint: local_rr_q_reg[0][0]/Q (^) triggered by  leading edge of 'clk'
Path Groups: {clk}
Analysis View: setup_view
Other End Arrival Time          0.184
- Setup                         0.361
+ Phase Shift                  10.000
- Uncertainty                   0.200
= Required Time                 9.623
- Arrival Time                  6.029
= Slack Time                    3.594
     Clock Rise Edge                 0.000
     + Clock Network Latency (Prop)  0.005
     = Beginpoint Arrival Time       0.005
     +-----------------------------------------------------------------------------+ 
     |       Instance       |     Arc     |   Cell    | Delay | Arrival | Required | 
     |                      |             |           |       |  Time   |   Time   | 
     |----------------------+-------------+-----------+-------+---------+----------| 
     | local_rr_q_reg[0][0] | CK ^        |           |       |   0.005 |    3.599 | 
     | local_rr_q_reg[0][0] | CK ^ -> Q ^ | DFFRHQX1  | 0.768 |   0.773 |    4.367 | 
     | g10305               | A ^ -> Y v  | INVX1     | 0.268 |   1.041 |    4.636 | 
     | g10162__6131         | B1 v -> Y ^ | OAI22X1   | 0.327 |   1.368 |    4.962 | 
     | g10156__8428         | A ^ -> Y v  | NOR2X1    | 0.181 |   1.549 |    5.144 | 
     | g10154               | A v -> Y ^  | INVX1     | 0.111 |   1.661 |    5.255 | 
     | g10141__9945         | A ^ -> Y v  | NOR3X1    | 0.109 |   1.769 |    5.364 | 
     | g10138               | A v -> Y ^  | INVX1     | 0.112 |   1.881 |    5.475 | 
     | g10131__2802         | A0 ^ -> Y v | AOI22X1   | 0.110 |   1.991 |    5.585 | 
     | g10129__6783         | B v -> Y ^  | NAND2BX1  | 0.238 |   2.229 |    5.823 | 
     | g10121__6260         | S0 ^ -> Y ^ | MXI2X1    | 0.187 |   2.416 |    6.010 | 
     | g10116__6417         | A0 ^ -> Y v | AOI21X1   | 0.118 |   2.534 |    6.128 | 
     | g10113__1666         | A0 v -> Y ^ | OAI21XL   | 0.662 |   3.196 |    6.791 | 
     | g10105__6161         | A ^ -> Y v  | NOR2X1    | 0.289 |   3.485 |    7.080 | 
     | g10101               | A v -> Y ^  | INVX1     | 0.236 |   3.722 |    7.316 | 
     | g10076__1666         | B0 ^ -> Y v | AOI211XL  | 0.122 |   3.843 |    7.438 | 
     | g10060__7098         | D v -> Y v  | OR4X2     | 0.456 |   4.299 |    7.893 | 
     | g10059__5122         | B0 v -> Y ^ | AOI211X1  | 0.189 |   4.488 |    8.082 | 
     | g10058__2802         | B0 ^ -> Y v | OAI2BB1X1 | 0.102 |   4.590 |    8.184 | 
     | g10056__5526         | B0 v -> Y ^ | AOI211X1  | 0.535 |   5.125 |    8.719 | 
     | g10055               | A ^ -> Y v  | INVX1     | 0.360 |   5.484 |    9.078 | 
     | g10053__5477         | A v -> Y ^  | NOR2X1    | 0.400 |   5.884 |    9.479 | 
     | g10015__1705         | A1 ^ -> Y v | AOI21XL   | 0.145 |   6.029 |    9.623 | 
     | pending_q_reg[10]    | D v         | DFFRHQX1  | 0.000 |   6.029 |    9.623 | 
     +-----------------------------------------------------------------------------+ 
Path 13: MET Setup Check with Pin pending_q_reg[13]/CK 
Endpoint:   pending_q_reg[13]/D    (v) checked with  leading edge of 'clk'
Beginpoint: local_rr_q_reg[0][0]/Q (^) triggered by  leading edge of 'clk'
Path Groups: {clk}
Analysis View: setup_view
Other End Arrival Time          0.179
- Setup                         0.371
+ Phase Shift                  10.000
- Uncertainty                   0.200
= Required Time                 9.608
- Arrival Time                  5.783
= Slack Time                    3.825
     Clock Rise Edge                 0.000
     + Clock Network Latency (Prop)  0.005
     = Beginpoint Arrival Time       0.005
     +----------------------------------------------------------------------------+ 
     |       Instance       |     Arc     |   Cell   | Delay | Arrival | Required | 
     |                      |             |          |       |  Time   |   Time   | 
     |----------------------+-------------+----------+-------+---------+----------| 
     | local_rr_q_reg[0][0] | CK ^        |          |       |   0.005 |    3.830 | 
     | local_rr_q_reg[0][0] | CK ^ -> Q ^ | DFFRHQX1 | 0.768 |   0.773 |    4.598 | 
     | g10305               | A ^ -> Y v  | INVX1    | 0.268 |   1.041 |    4.866 | 
     | g10162__6131         | B1 v -> Y ^ | OAI22X1  | 0.327 |   1.368 |    5.193 | 
     | g10156__8428         | A ^ -> Y v  | NOR2X1   | 0.181 |   1.549 |    5.374 | 
     | g10154               | A v -> Y ^  | INVX1    | 0.111 |   1.661 |    5.486 | 
     | g10141__9945         | A ^ -> Y v  | NOR3X1   | 0.109 |   1.769 |    5.594 | 
     | g10138               | A v -> Y ^  | INVX1    | 0.112 |   1.881 |    5.706 | 
     | g10131__2802         | A0 ^ -> Y v | AOI22X1  | 0.110 |   1.991 |    5.816 | 
     | g10129__6783         | B v -> Y ^  | NAND2BX1 | 0.238 |   2.229 |    6.054 | 
     | g10121__6260         | S0 ^ -> Y ^ | MXI2X1   | 0.187 |   2.416 |    6.241 | 
     | g10116__6417         | A0 ^ -> Y v | AOI21X1  | 0.118 |   2.534 |    6.359 | 
     | g10113__1666         | A0 v -> Y ^ | OAI21XL  | 0.662 |   3.196 |    7.021 | 
     | g10106__2883         | A ^ -> Y v  | NOR2X1   | 0.328 |   3.524 |    7.349 | 
     | g10099__6783         | B v -> Y ^  | NAND3BX1 | 0.231 |   3.755 |    7.580 | 
     | g10062__1881         | C1 ^ -> Y v | OAI222XL | 0.212 |   3.967 |    7.792 | 
     | g10057__8246         | A v -> Y ^  | NOR4X1   | 0.224 |   4.191 |    8.016 | 
     | g10052__1705         | A ^ -> Y v  | NAND4X1  | 0.142 |   4.333 |    8.158 | 
     | g10042__1617         | B0 v -> Y ^ | AOI211X1 | 0.617 |   4.950 |    8.775 | 
     | g10041               | A ^ -> Y v  | INVX1    | 0.215 |   5.165 |    8.990 | 
     | g10036__8428         | A v -> Y ^  | NOR2X1   | 0.406 |   5.571 |    9.396 | 
     | g10021__7098         | A0 ^ -> Y v | AOI21XL  | 0.212 |   5.783 |    9.608 | 
     | pending_q_reg[13]    | D v         | DFFRHQX1 | 0.000 |   5.783 |    9.608 | 
     +----------------------------------------------------------------------------+ 
Path 14: MET Setup Check with Pin pending_q_reg[9]/CK 
Endpoint:   pending_q_reg[9]/D     (v) checked with  leading edge of 'clk'
Beginpoint: local_rr_q_reg[0][0]/Q (^) triggered by  leading edge of 'clk'
Path Groups: {clk}
Analysis View: setup_view
Other End Arrival Time          0.184
- Setup                         0.366
+ Phase Shift                  10.000
- Uncertainty                   0.200
= Required Time                 9.618
- Arrival Time                  5.739
= Slack Time                    3.880
     Clock Rise Edge                 0.000
     + Clock Network Latency (Prop)  0.005
     = Beginpoint Arrival Time       0.005
     +----------------------------------------------------------------------------+ 
     |       Instance       |     Arc     |   Cell   | Delay | Arrival | Required | 
     |                      |             |          |       |  Time   |   Time   | 
     |----------------------+-------------+----------+-------+---------+----------| 
     | local_rr_q_reg[0][0] | CK ^        |          |       |   0.005 |    3.884 | 
     | local_rr_q_reg[0][0] | CK ^ -> Q ^ | DFFRHQX1 | 0.768 |   0.773 |    4.653 | 
     | g10305               | A ^ -> Y v  | INVX1    | 0.268 |   1.041 |    4.921 | 
     | g10162__6131         | B1 v -> Y ^ | OAI22X1  | 0.327 |   1.368 |    5.247 | 
     | g10156__8428         | A ^ -> Y v  | NOR2X1   | 0.181 |   1.549 |    5.429 | 
     | g10154               | A v -> Y ^  | INVX1    | 0.111 |   1.661 |    5.540 | 
     | g10141__9945         | A ^ -> Y v  | NOR3X1   | 0.109 |   1.769 |    5.649 | 
     | g10138               | A v -> Y ^  | INVX1    | 0.112 |   1.881 |    5.761 | 
     | g10131__2802         | A0 ^ -> Y v | AOI22X1  | 0.110 |   1.991 |    5.870 | 
     | g10129__6783         | B v -> Y ^  | NAND2BX1 | 0.238 |   2.229 |    6.108 | 
     | g10121__6260         | S0 ^ -> Y ^ | MXI2X1   | 0.187 |   2.416 |    6.295 | 
     | g10116__6417         | A0 ^ -> Y v | AOI21X1  | 0.118 |   2.534 |    6.414 | 
     | g10113__1666         | A0 v -> Y ^ | OAI21XL  | 0.662 |   3.196 |    7.076 | 
     | g10106__2883         | A ^ -> Y v  | NOR2X1   | 0.328 |   3.524 |    7.404 | 
     | g10099__6783         | B v -> Y ^  | NAND3BX1 | 0.231 |   3.755 |    7.634 | 
     | g10062__1881         | C1 ^ -> Y v | OAI222XL | 0.212 |   3.967 |    7.846 | 
     | g10057__8246         | A v -> Y ^  | NOR4X1   | 0.224 |   4.191 |    8.070 | 
     | g10052__1705         | A ^ -> Y v  | NAND4X1  | 0.142 |   4.333 |    8.212 | 
     | g10042__1617         | B0 v -> Y ^ | AOI211X1 | 0.617 |   4.950 |    8.829 | 
     | g10041               | A ^ -> Y v  | INVX1    | 0.215 |   5.165 |    9.044 | 
     | g10034__4319         | A v -> Y ^  | NOR2X1   | 0.384 |   5.549 |    9.429 | 
     | g10018__6161         | A0 ^ -> Y v | AOI21XL  | 0.190 |   5.739 |    9.618 | 
     | pending_q_reg[9]     | D v         | DFFRHQX1 | 0.000 |   5.739 |    9.618 | 
     +----------------------------------------------------------------------------+ 
Path 15: MET Setup Check with Pin pending_q_reg[5]/CK 
Endpoint:   pending_q_reg[5]/D     (v) checked with  leading edge of 'clk'
Beginpoint: local_rr_q_reg[0][0]/Q (^) triggered by  leading edge of 'clk'
Path Groups: {clk}
Analysis View: setup_view
Other End Arrival Time          0.183
- Setup                         0.363
+ Phase Shift                  10.000
- Uncertainty                   0.200
= Required Time                 9.621
- Arrival Time                  5.738
= Slack Time                    3.883
     Clock Rise Edge                 0.000
     + Clock Network Latency (Prop)  0.005
     = Beginpoint Arrival Time       0.005
     +----------------------------------------------------------------------------+ 
     |       Instance       |     Arc     |   Cell   | Delay | Arrival | Required | 
     |                      |             |          |       |  Time   |   Time   | 
     |----------------------+-------------+----------+-------+---------+----------| 
     | local_rr_q_reg[0][0] | CK ^        |          |       |   0.005 |    3.888 | 
     | local_rr_q_reg[0][0] | CK ^ -> Q ^ | DFFRHQX1 | 0.768 |   0.773 |    4.656 | 
     | g10305               | A ^ -> Y v  | INVX1    | 0.268 |   1.041 |    4.924 | 
     | g10162__6131         | B1 v -> Y ^ | OAI22X1  | 0.327 |   1.368 |    5.251 | 
     | g10156__8428         | A ^ -> Y v  | NOR2X1   | 0.181 |   1.549 |    5.432 | 
     | g10154               | A v -> Y ^  | INVX1    | 0.111 |   1.661 |    5.543 | 
     | g10141__9945         | A ^ -> Y v  | NOR3X1   | 0.109 |   1.769 |    5.652 | 
     | g10138               | A v -> Y ^  | INVX1    | 0.112 |   1.881 |    5.764 | 
     | g10131__2802         | A0 ^ -> Y v | AOI22X1  | 0.110 |   1.991 |    5.874 | 
     | g10129__6783         | B v -> Y ^  | NAND2BX1 | 0.238 |   2.229 |    6.112 | 
     | g10121__6260         | S0 ^ -> Y ^ | MXI2X1   | 0.187 |   2.416 |    6.298 | 
     | g10116__6417         | A0 ^ -> Y v | AOI21X1  | 0.118 |   2.534 |    6.417 | 
     | g10113__1666         | A0 v -> Y ^ | OAI21XL  | 0.662 |   3.196 |    7.079 | 
     | g10106__2883         | A ^ -> Y v  | NOR2X1   | 0.328 |   3.524 |    7.407 | 
     | g10099__6783         | B v -> Y ^  | NAND3BX1 | 0.231 |   3.755 |    7.638 | 
     | g10062__1881         | C1 ^ -> Y v | OAI222XL | 0.212 |   3.967 |    7.850 | 
     | g10057__8246         | A v -> Y ^  | NOR4X1   | 0.224 |   4.191 |    8.073 | 
     | g10052__1705         | A ^ -> Y v  | NAND4X1  | 0.142 |   4.333 |    8.215 | 
     | g10042__1617         | B0 v -> Y ^ | AOI211X1 | 0.617 |   4.950 |    8.833 | 
     | g10041               | A ^ -> Y v  | INVX1    | 0.215 |   5.165 |    9.048 | 
     | g10036__8428         | A v -> Y ^  | NOR2X1   | 0.406 |   5.571 |    9.454 | 
     | g10027__7482         | A0 ^ -> Y v | AOI21XL  | 0.167 |   5.738 |    9.621 | 
     | pending_q_reg[5]     | D v         | DFFRHQX1 | 0.000 |   5.738 |    9.621 | 
     +----------------------------------------------------------------------------+ 
Path 16: MET Setup Check with Pin pending_q_reg[1]/CK 
Endpoint:   pending_q_reg[1]/D     (v) checked with  leading edge of 'clk'
Beginpoint: local_rr_q_reg[0][0]/Q (^) triggered by  leading edge of 'clk'
Path Groups: {clk}
Analysis View: setup_view
Other End Arrival Time          0.184
- Setup                         0.362
+ Phase Shift                  10.000
- Uncertainty                   0.200
= Required Time                 9.622
- Arrival Time                  5.712
= Slack Time                    3.909
     Clock Rise Edge                 0.000
     + Clock Network Latency (Prop)  0.005
     = Beginpoint Arrival Time       0.005
     +----------------------------------------------------------------------------+ 
     |       Instance       |     Arc     |   Cell   | Delay | Arrival | Required | 
     |                      |             |          |       |  Time   |   Time   | 
     |----------------------+-------------+----------+-------+---------+----------| 
     | local_rr_q_reg[0][0] | CK ^        |          |       |   0.005 |    3.914 | 
     | local_rr_q_reg[0][0] | CK ^ -> Q ^ | DFFRHQX1 | 0.768 |   0.773 |    4.682 | 
     | g10305               | A ^ -> Y v  | INVX1    | 0.268 |   1.041 |    4.951 | 
     | g10162__6131         | B1 v -> Y ^ | OAI22X1  | 0.327 |   1.368 |    5.277 | 
     | g10156__8428         | A ^ -> Y v  | NOR2X1   | 0.181 |   1.549 |    5.459 | 
     | g10154               | A v -> Y ^  | INVX1    | 0.111 |   1.661 |    5.570 | 
     | g10141__9945         | A ^ -> Y v  | NOR3X1   | 0.109 |   1.769 |    5.679 | 
     | g10138               | A v -> Y ^  | INVX1    | 0.112 |   1.881 |    5.790 | 
     | g10131__2802         | A0 ^ -> Y v | AOI22X1  | 0.110 |   1.991 |    5.900 | 
     | g10129__6783         | B v -> Y ^  | NAND2BX1 | 0.238 |   2.229 |    6.138 | 
     | g10121__6260         | S0 ^ -> Y ^ | MXI2X1   | 0.187 |   2.416 |    6.325 | 
     | g10116__6417         | A0 ^ -> Y v | AOI21X1  | 0.118 |   2.534 |    6.443 | 
     | g10113__1666         | A0 v -> Y ^ | OAI21XL  | 0.662 |   3.196 |    7.106 | 
     | g10106__2883         | A ^ -> Y v  | NOR2X1   | 0.328 |   3.524 |    7.434 | 
     | g10099__6783         | B v -> Y ^  | NAND3BX1 | 0.231 |   3.755 |    7.664 | 
     | g10062__1881         | C1 ^ -> Y v | OAI222XL | 0.212 |   3.967 |    7.876 | 
     | g10057__8246         | A v -> Y ^  | NOR4X1   | 0.224 |   4.191 |    8.100 | 
     | g10052__1705         | A ^ -> Y v  | NAND4X1  | 0.142 |   4.333 |    8.242 | 
     | g10042__1617         | B0 v -> Y ^ | AOI211X1 | 0.617 |   4.950 |    8.859 | 
     | g10041               | A ^ -> Y v  | INVX1    | 0.215 |   5.165 |    9.074 | 
     | g10034__4319         | A v -> Y ^  | NOR2X1   | 0.384 |   5.549 |    9.459 | 
     | g10026__8246         | A0 ^ -> Y v | AOI21XL  | 0.163 |   5.712 |    9.622 | 
     | pending_q_reg[1]     | D v         | DFFRHQX1 | 0.000 |   5.712 |    9.622 | 
     +----------------------------------------------------------------------------+ 
Path 17: MET Setup Check with Pin local_rr_q_reg[3][0]/CK 
Endpoint:   local_rr_q_reg[3][0]/D (^) checked with  leading edge of 'clk'
Beginpoint: local_rr_q_reg[0][0]/Q (^) triggered by  leading edge of 'clk'
Path Groups: {clk}
Analysis View: setup_view
Other End Arrival Time          0.182
- Setup                         0.154
+ Phase Shift                  10.000
- Uncertainty                   0.200
= Required Time                 9.828
- Arrival Time                  5.835
= Slack Time                    3.992
     Clock Rise Edge                 0.000
     + Clock Network Latency (Prop)  0.005
     = Beginpoint Arrival Time       0.005
     +-----------------------------------------------------------------------------+ 
     |       Instance       |     Arc     |   Cell    | Delay | Arrival | Required | 
     |                      |             |           |       |  Time   |   Time   | 
     |----------------------+-------------+-----------+-------+---------+----------| 
     | local_rr_q_reg[0][0] | CK ^        |           |       |   0.005 |    3.997 | 
     | local_rr_q_reg[0][0] | CK ^ -> Q ^ | DFFRHQX1  | 0.768 |   0.773 |    4.765 | 
     | g10305               | A ^ -> Y v  | INVX1     | 0.268 |   1.041 |    5.034 | 
     | g10162__6131         | B1 v -> Y ^ | OAI22X1   | 0.327 |   1.368 |    5.360 | 
     | g10156__8428         | A ^ -> Y v  | NOR2X1    | 0.181 |   1.549 |    5.542 | 
     | g10154               | A v -> Y ^  | INVX1     | 0.111 |   1.661 |    5.653 | 
     | g10141__9945         | A ^ -> Y v  | NOR3X1    | 0.109 |   1.769 |    5.762 | 
     | g10138               | A v -> Y ^  | INVX1     | 0.112 |   1.881 |    5.873 | 
     | g10131__2802         | A0 ^ -> Y v | AOI22X1   | 0.110 |   1.991 |    5.983 | 
     | g10129__6783         | B v -> Y ^  | NAND2BX1  | 0.238 |   2.229 |    6.221 | 
     | g10121__6260         | S0 ^ -> Y ^ | MXI2X1    | 0.187 |   2.416 |    6.408 | 
     | g10116__6417         | A0 ^ -> Y v | AOI21X1   | 0.118 |   2.534 |    6.526 | 
     | g10113__1666         | A0 v -> Y ^ | OAI21XL   | 0.662 |   3.196 |    7.189 | 
     | g10105__6161         | A ^ -> Y v  | NOR2X1    | 0.289 |   3.485 |    7.478 | 
     | g10101               | A v -> Y ^  | INVX1     | 0.236 |   3.722 |    7.714 | 
     | g10076__1666         | B0 ^ -> Y v | AOI211XL  | 0.122 |   3.843 |    7.836 | 
     | g10060__7098         | D v -> Y v  | OR4X2     | 0.456 |   4.299 |    8.291 | 
     | g10059__5122         | B0 v -> Y ^ | AOI211X1  | 0.189 |   4.488 |    8.480 | 
     | g10058__2802         | B0 ^ -> Y v | OAI2BB1X1 | 0.102 |   4.590 |    8.582 | 
     | g10056__5526         | B0 v -> Y ^ | AOI211X1  | 0.535 |   5.125 |    9.117 | 
     | g10055               | A ^ -> Y v  | INVX1     | 0.360 |   5.484 |    9.477 | 
     | g10046__9945         | B v -> Y ^  | MXI2XL    | 0.351 |   5.835 |    9.827 | 
     | local_rr_q_reg[3][0] | D ^         | DFFRX1    | 0.000 |   5.835 |    9.828 | 
     +-----------------------------------------------------------------------------+ 
Path 18: MET Setup Check with Pin local_rr_q_reg[0][0]/CK 
Endpoint:   local_rr_q_reg[0][0]/D (^) checked with  leading edge of 'clk'
Beginpoint: local_rr_q_reg[0][0]/Q (^) triggered by  leading edge of 'clk'
Path Groups: {clk}
Analysis View: setup_view
Other End Arrival Time          0.185
- Setup                         0.219
+ Phase Shift                  10.000
- Uncertainty                   0.200
= Required Time                 9.766
- Arrival Time                  5.764
= Slack Time                    4.002
     Clock Rise Edge                 0.000
     + Clock Network Latency (Prop)  0.005
     = Beginpoint Arrival Time       0.005
     +-----------------------------------------------------------------------------+ 
     |       Instance       |     Arc     |   Cell    | Delay | Arrival | Required | 
     |                      |             |           |       |  Time   |   Time   | 
     |----------------------+-------------+-----------+-------+---------+----------| 
     | local_rr_q_reg[0][0] | CK ^        |           |       |   0.005 |    4.007 | 
     | local_rr_q_reg[0][0] | CK ^ -> Q ^ | DFFRHQX1  | 0.768 |   0.773 |    4.775 | 
     | g10305               | A ^ -> Y v  | INVX1     | 0.268 |   1.041 |    5.043 | 
     | g10162__6131         | B1 v -> Y ^ | OAI22X1   | 0.327 |   1.368 |    5.370 | 
     | g10156__8428         | A ^ -> Y v  | NOR2X1    | 0.181 |   1.549 |    5.551 | 
     | g10154               | A v -> Y ^  | INVX1     | 0.111 |   1.661 |    5.662 | 
     | g10141__9945         | A ^ -> Y v  | NOR3X1    | 0.109 |   1.769 |    5.771 | 
     | g10138               | A v -> Y ^  | INVX1     | 0.112 |   1.881 |    5.883 | 
     | g10131__2802         | A0 ^ -> Y v | AOI22X1   | 0.110 |   1.991 |    5.992 | 
     | g10129__6783         | B v -> Y ^  | NAND2BX1  | 0.238 |   2.229 |    6.230 | 
     | g10121__6260         | S0 ^ -> Y ^ | MXI2X1    | 0.187 |   2.416 |    6.417 | 
     | g10116__6417         | A0 ^ -> Y v | AOI21X1   | 0.118 |   2.534 |    6.536 | 
     | g10113__1666         | A0 v -> Y ^ | OAI21XL   | 0.662 |   3.196 |    7.198 | 
     | g10105__6161         | A ^ -> Y v  | NOR2X1    | 0.289 |   3.485 |    7.487 | 
     | g10101               | A v -> Y ^  | INVX1     | 0.236 |   3.722 |    7.723 | 
     | g10076__1666         | B0 ^ -> Y v | AOI211XL  | 0.122 |   3.843 |    7.845 | 
     | g10060__7098         | D v -> Y v  | OR4X2     | 0.456 |   4.299 |    8.301 | 
     | g10059__5122         | B0 v -> Y ^ | AOI211X1  | 0.189 |   4.488 |    8.489 | 
     | g10058__2802         | B0 ^ -> Y v | OAI2BB1X1 | 0.102 |   4.590 |    8.591 | 
     | g10056__5526         | B0 v -> Y ^ | AOI211X1  | 0.535 |   5.125 |    9.126 | 
     | g10055               | A ^ -> Y v  | INVX1     | 0.360 |   5.484 |    9.486 | 
     | g10048__2883         | B0 v -> Y ^ | OAI2BB2XL | 0.280 |   5.764 |    9.766 | 
     | local_rr_q_reg[0][0] | D ^         | DFFRHQX1  | 0.000 |   5.764 |    9.766 | 
     +-----------------------------------------------------------------------------+ 
Path 19: MET Setup Check with Pin local_rr_q_reg[2][0]/CK 
Endpoint:   local_rr_q_reg[2][0]/D (^) checked with  leading edge of 'clk'
Beginpoint: local_rr_q_reg[0][0]/Q (^) triggered by  leading edge of 'clk'
Path Groups: {clk}
Analysis View: setup_view
Other End Arrival Time          0.183
- Setup                         0.149
+ Phase Shift                  10.000
- Uncertainty                   0.200
= Required Time                 9.833
- Arrival Time                  5.773
= Slack Time                    4.060
     Clock Rise Edge                 0.000
     + Clock Network Latency (Prop)  0.005
     = Beginpoint Arrival Time       0.005
     +-----------------------------------------------------------------------------+ 
     |       Instance       |     Arc     |   Cell    | Delay | Arrival | Required | 
     |                      |             |           |       |  Time   |   Time   | 
     |----------------------+-------------+-----------+-------+---------+----------| 
     | local_rr_q_reg[0][0] | CK ^        |           |       |   0.005 |    4.065 | 
     | local_rr_q_reg[0][0] | CK ^ -> Q ^ | DFFRHQX1  | 0.768 |   0.773 |    4.833 | 
     | g10305               | A ^ -> Y v  | INVX1     | 0.268 |   1.041 |    5.102 | 
     | g10162__6131         | B1 v -> Y ^ | OAI22X1   | 0.327 |   1.368 |    5.428 | 
     | g10156__8428         | A ^ -> Y v  | NOR2X1    | 0.181 |   1.549 |    5.610 | 
     | g10154               | A v -> Y ^  | INVX1     | 0.111 |   1.661 |    5.721 | 
     | g10141__9945         | A ^ -> Y v  | NOR3X1    | 0.109 |   1.769 |    5.830 | 
     | g10138               | A v -> Y ^  | INVX1     | 0.112 |   1.881 |    5.941 | 
     | g10131__2802         | A0 ^ -> Y v | AOI22X1   | 0.110 |   1.991 |    6.051 | 
     | g10129__6783         | B v -> Y ^  | NAND2BX1  | 0.238 |   2.229 |    6.289 | 
     | g10121__6260         | S0 ^ -> Y ^ | MXI2X1    | 0.187 |   2.416 |    6.476 | 
     | g10116__6417         | A0 ^ -> Y v | AOI21X1   | 0.118 |   2.534 |    6.594 | 
     | g10113__1666         | A0 v -> Y ^ | OAI21XL   | 0.662 |   3.196 |    7.257 | 
     | g10105__6161         | A ^ -> Y v  | NOR2X1    | 0.289 |   3.485 |    7.546 | 
     | g10101               | A v -> Y ^  | INVX1     | 0.236 |   3.722 |    7.782 | 
     | g10076__1666         | B0 ^ -> Y v | AOI211XL  | 0.122 |   3.843 |    7.904 | 
     | g10060__7098         | D v -> Y v  | OR4X2     | 0.456 |   4.299 |    8.359 | 
     | g10059__5122         | B0 v -> Y ^ | AOI211X1  | 0.189 |   4.488 |    8.548 | 
     | g10058__2802         | B0 ^ -> Y v | OAI2BB1X1 | 0.102 |   4.590 |    8.650 | 
     | g10056__5526         | B0 v -> Y ^ | AOI211X1  | 0.535 |   5.125 |    9.185 | 
     | g10055               | A ^ -> Y v  | INVX1     | 0.360 |   5.484 |    9.545 | 
     | g10045__9315         | B v -> Y ^  | MXI2XL    | 0.289 |   5.773 |    9.833 | 
     | local_rr_q_reg[2][0] | D ^         | DFFRX1    | 0.000 |   5.773 |    9.833 | 
     +-----------------------------------------------------------------------------+ 
Path 20: MET Setup Check with Pin local_rr_q_reg[1][0]/CK 
Endpoint:   local_rr_q_reg[1][0]/D (^) checked with  leading edge of 'clk'
Beginpoint: local_rr_q_reg[0][0]/Q (^) triggered by  leading edge of 'clk'
Path Groups: {clk}
Analysis View: setup_view
Other End Arrival Time          0.182
- Setup                         0.154
+ Phase Shift                  10.000
- Uncertainty                   0.200
= Required Time                 9.828
- Arrival Time                  5.754
= Slack Time                    4.074
     Clock Rise Edge                 0.000
     + Clock Network Latency (Prop)  0.005
     = Beginpoint Arrival Time       0.005
     +-----------------------------------------------------------------------------+ 
     |       Instance       |     Arc     |   Cell    | Delay | Arrival | Required | 
     |                      |             |           |       |  Time   |   Time   | 
     |----------------------+-------------+-----------+-------+---------+----------| 
     | local_rr_q_reg[0][0] | CK ^        |           |       |   0.005 |    4.079 | 
     | local_rr_q_reg[0][0] | CK ^ -> Q ^ | DFFRHQX1  | 0.768 |   0.773 |    4.847 | 
     | g10305               | A ^ -> Y v  | INVX1     | 0.268 |   1.041 |    5.116 | 
     | g10162__6131         | B1 v -> Y ^ | OAI22X1   | 0.327 |   1.368 |    5.442 | 
     | g10156__8428         | A ^ -> Y v  | NOR2X1    | 0.181 |   1.549 |    5.624 | 
     | g10154               | A v -> Y ^  | INVX1     | 0.111 |   1.661 |    5.735 | 
     | g10141__9945         | A ^ -> Y v  | NOR3X1    | 0.109 |   1.769 |    5.844 | 
     | g10138               | A v -> Y ^  | INVX1     | 0.112 |   1.881 |    5.955 | 
     | g10131__2802         | A0 ^ -> Y v | AOI22X1   | 0.110 |   1.991 |    6.065 | 
     | g10129__6783         | B v -> Y ^  | NAND2BX1  | 0.238 |   2.229 |    6.303 | 
     | g10121__6260         | S0 ^ -> Y ^ | MXI2X1    | 0.187 |   2.416 |    6.490 | 
     | g10116__6417         | A0 ^ -> Y v | AOI21X1   | 0.118 |   2.534 |    6.608 | 
     | g10113__1666         | A0 v -> Y ^ | OAI21XL   | 0.662 |   3.196 |    7.271 | 
     | g10105__6161         | A ^ -> Y v  | NOR2X1    | 0.289 |   3.485 |    7.560 | 
     | g10101               | A v -> Y ^  | INVX1     | 0.236 |   3.722 |    7.796 | 
     | g10076__1666         | B0 ^ -> Y v | AOI211XL  | 0.122 |   3.843 |    7.918 | 
     | g10060__7098         | D v -> Y v  | OR4X2     | 0.456 |   4.299 |    8.373 | 
     | g10059__5122         | B0 v -> Y ^ | AOI211X1  | 0.189 |   4.488 |    8.562 | 
     | g10058__2802         | B0 ^ -> Y v | OAI2BB1X1 | 0.102 |   4.590 |    8.664 | 
     | g10056__5526         | B0 v -> Y ^ | AOI211X1  | 0.535 |   5.125 |    9.199 | 
     | g10055               | A ^ -> Y v  | INVX1     | 0.360 |   5.484 |    9.559 | 
     | g10049__2346         | A v -> Y ^  | MXI2XL    | 0.269 |   5.754 |    9.828 | 
     | local_rr_q_reg[1][0] | D ^         | DFFRX1    | 0.000 |   5.754 |    9.828 | 
     +-----------------------------------------------------------------------------+ 
