Copyright 1986-2020 Xilinx, Inc. All Rights Reserved.
----------------------------------------------------------------------------------------------------------------------------------------------------------
| Tool Version : Vivado v.2020.2 (win64) Build 3064766 Wed Nov 18 09:12:45 MST 2020
| Date         : Wed Aug 19 15:35:59 2026
| Host         : DESKTOP-F81OJT8 running 64-bit major release  (build 9200)
| Command      : report_timing_summary -delay_type max -max_paths 10 -report_unconstrained -file reports/improved_depth1/vivado_sanity/timing_summary.rpt
| Design       : aer_improved_depth1
| Device       : 7a35t-cpg236
| Speed File   : -1  PRODUCTION 1.23 2018-06-13
----------------------------------------------------------------------------------------------------------------------------------------------------------

Timing Summary Report

------------------------------------------------------------------------------------------------
| Timer Settings
| --------------
------------------------------------------------------------------------------------------------

  Enable Multi Corner Analysis               :  Yes
  Enable Pessimism Removal                   :  Yes
  Pessimism Removal Resolution               :  Nearest Common Node
  Enable Input Delay Default Clock           :  No
  Enable Preset / Clear Arcs                 :  No
  Disable Flight Delays                      :  No
  Ignore I/O Paths                           :  No
  Timing Early Launch at Borrowing Latches   :  No
  Borrow Time for Max Delay Exceptions       :  Yes
  Merge Timing Exceptions                    :  Yes

  Corner  Analyze    Analyze    
  Name    Max Paths  Min Paths  
  ------  ---------  ---------  
  Slow    Yes        Yes        
  Fast    Yes        Yes        



check_timing report

Table of Contents
-----------------
1. checking no_clock (0)
2. checking constant_clock (0)
3. checking pulse_width_clock (0)
4. checking unconstrained_internal_endpoints (0)
5. checking no_input_delay (17)
6. checking no_output_delay (0)
7. checking multiple_clock (0)
8. checking generated_clocks (0)
9. checking loops (0)
10. checking partial_input_delay (0)
11. checking partial_output_delay (0)
12. checking latch_loops (0)

1. checking no_clock (0)
------------------------
 There are 0 register/latch pins with no clock.


2. checking constant_clock (0)
------------------------------
 There are 0 register/latch pins with constant_clock.


3. checking pulse_width_clock (0)
---------------------------------
 There are 0 register/latch pins which need pulse_width check


4. checking unconstrained_internal_endpoints (0)
------------------------------------------------
 There are 0 pins that are not constrained for maximum delay.

 There are 0 pins that are not constrained for maximum delay due to constant clock.


5. checking no_input_delay (17)
-------------------------------
 There are 0 input ports with no input delay specified.

 There are 17 input ports with no input delay but user has a false path constraint. (MEDIUM)


6. checking no_output_delay (0)
-------------------------------
 There are 0 ports with no output delay specified.

 There are 0 ports with no output delay but user has a false path constraint

 There are 0 ports with no output delay but with a timing clock defined on it or propagating through it


7. checking multiple_clock (0)
------------------------------
 There are 0 register/latch pins with multiple clocks.


8. checking generated_clocks (0)
--------------------------------
 There are 0 generated clocks that are not connected to a clock source.


9. checking loops (0)
---------------------
 There are 0 combinational loops in the design.


10. checking partial_input_delay (0)
------------------------------------
 There are 0 input ports with partial input delay specified.


11. checking partial_output_delay (0)
-------------------------------------
 There are 0 ports with partial output delay specified.


12. checking latch_loops (0)
----------------------------
 There are 0 combinational latch loops in the design through latch input



------------------------------------------------------------------------------------------------
| Design Timing Summary
| ---------------------
------------------------------------------------------------------------------------------------

    WNS(ns)      TNS(ns)  TNS Failing Endpoints  TNS Total Endpoints     WPWS(ns)     TPWS(ns)  TPWS Failing Endpoints  TPWS Total Endpoints  
    -------      -------  ---------------------  -------------------     --------     --------  ----------------------  --------------------  
      2.546        0.000                      0                   88        4.500        0.000                       0                    80  


All user specified timing constraints are met.


------------------------------------------------------------------------------------------------
| Clock Summary
| -------------
------------------------------------------------------------------------------------------------

Clock  Waveform(ns)       Period(ns)      Frequency(MHz)
-----  ------------       ----------      --------------
clk    {0.000 5.000}      10.000          100.000         


------------------------------------------------------------------------------------------------
| Intra Clock Table
| -----------------
------------------------------------------------------------------------------------------------

Clock             WNS(ns)      TNS(ns)  TNS Failing Endpoints  TNS Total Endpoints     WPWS(ns)     TPWS(ns)  TPWS Failing Endpoints  TPWS Total Endpoints  
-----             -------      -------  ---------------------  -------------------     --------     --------  ----------------------  --------------------  
clk                 2.546        0.000                      0                   88        4.500        0.000                       0                    80  


------------------------------------------------------------------------------------------------
| Inter Clock Table
| -----------------
------------------------------------------------------------------------------------------------

From Clock    To Clock          WNS(ns)      TNS(ns)  TNS Failing Endpoints  TNS Total Endpoints  
----------    --------          -------      -------  ---------------------  -------------------  


------------------------------------------------------------------------------------------------
| Other Path Groups Table
| -----------------------
------------------------------------------------------------------------------------------------

Path Group    From Clock    To Clock          WNS(ns)      TNS(ns)  TNS Failing Endpoints  TNS Total Endpoints  
----------    ----------    --------          -------      -------  ---------------------  -------------------  


------------------------------------------------------------------------------------------------
| User Ignored Path Table
| -----------------------
------------------------------------------------------------------------------------------------

Path Group    From Clock    To Clock    
----------    ----------    --------    
(none)                      clk           


------------------------------------------------------------------------------------------------
| Unconstrained Path Table
| ------------------------
------------------------------------------------------------------------------------------------

Path Group    From Clock    To Clock    
----------    ----------    --------    


------------------------------------------------------------------------------------------------
| Timing Details
| --------------
------------------------------------------------------------------------------------------------


---------------------------------------------------------------------------------------------------
From Clock:  clk
  To Clock:  clk

Setup :            0  Failing Endpoints,  Worst Slack        2.546ns,  Total Violation        0.000ns
Hold  :           NA  Failing Endpoints,  Worst Slack           NA  ,  Total Violation           NA
PW    :            0  Failing Endpoints,  Worst Slack        4.500ns,  Total Violation        0.000ns
---------------------------------------------------------------------------------------------------


Max Delay Paths
--------------------------------------------------------------------------------------
Slack (MET) :             2.546ns  (required time - arrival time)
  Source:                 out_addr_q_reg[0]/C
                            (rising edge-triggered cell FDCE clocked by clk  {rise@0.000ns fall@5.000ns period=10.000ns})
  Destination:            out_addr[0]
                            (output port clocked by clk  {rise@0.000ns fall@5.000ns period=10.000ns})
  Path Group:             clk
  Path Type:              Max at Slow Process Corner
  Requirement:            10.000ns  (clk rise@10.000ns - clk rise@0.000ns)
  Data Path Delay:        4.016ns  (logic 3.216ns (80.087%)  route 0.800ns (19.913%))
  Logic Levels:           1  (OBUF=1)
  Output Delay:           1.000ns
  Clock Path Skew:        -2.402ns (DCD - SCD + CPR)
    Destination Clock Delay (DCD):    0.000ns = ( 10.000 - 10.000 ) 
    Source Clock Delay      (SCD):    2.402ns
    Clock Pessimism Removal (CPR):    0.000ns
  Clock Uncertainty:      0.035ns  ((TSJ^2 + TIJ^2)^1/2 + DJ) / 2 + PE
    Total System Jitter     (TSJ):    0.071ns
    Total Input Jitter      (TIJ):    0.000ns
    Discrete Jitter          (DJ):    0.000ns
    Phase Error              (PE):    0.000ns

    Location             Delay type                Incr(ns)  Path(ns)    Netlist Resource(s)
  -------------------------------------------------------------------    -------------------
                         (clock clk rise edge)        0.000     0.000 r  
                                                      0.000     0.000 r  clk (IN)
                         net (fo=0)                   0.000     0.000    clk
                         IBUF (Prop_ibuf_I_O)         0.923     0.923 r  clk_IBUF_inst/O
                         net (fo=1, unplaced)         0.800     1.722    clk_IBUF
                         BUFG (Prop_bufg_I_O)         0.096     1.818 r  clk_IBUF_BUFG_inst/O
                         net (fo=79, unplaced)        0.584     2.402    clk_IBUF_BUFG
                         FDCE                                         r  out_addr_q_reg[0]/C
  -------------------------------------------------------------------    -------------------
                         FDCE (Prop_fdce_C_Q)         0.456     2.858 r  out_addr_q_reg[0]/Q
                         net (fo=1, unplaced)         0.800     3.658    out_addr_OBUF[0]
                         OBUF (Prop_obuf_I_O)         2.760     6.418 r  out_addr_OBUF[0]_inst/O
                         net (fo=0)                   0.000     6.418    out_addr[0]
                                                                      r  out_addr[0] (OUT)
  -------------------------------------------------------------------    -------------------

                         (clock clk rise edge)       10.000    10.000 r  
                         clock pessimism              0.000    10.000    
                         clock uncertainty           -0.035     9.965    
                         output delay                -1.000     8.965    
  -------------------------------------------------------------------
                         required time                          8.965    
                         arrival time                          -6.418    
  -------------------------------------------------------------------
                         slack                                  2.546    

Slack (MET) :             2.546ns  (required time - arrival time)
  Source:                 out_addr_q_reg[1]/C
                            (rising edge-triggered cell FDCE clocked by clk  {rise@0.000ns fall@5.000ns period=10.000ns})
  Destination:            out_addr[1]
                            (output port clocked by clk  {rise@0.000ns fall@5.000ns period=10.000ns})
  Path Group:             clk
  Path Type:              Max at Slow Process Corner
  Requirement:            10.000ns  (clk rise@10.000ns - clk rise@0.000ns)
  Data Path Delay:        4.016ns  (logic 3.216ns (80.087%)  route 0.800ns (19.913%))
  Logic Levels:           1  (OBUF=1)
  Output Delay:           1.000ns
  Clock Path Skew:        -2.402ns (DCD - SCD + CPR)
    Destination Clock Delay (DCD):    0.000ns = ( 10.000 - 10.000 ) 
    Source Clock Delay      (SCD):    2.402ns
    Clock Pessimism Removal (CPR):    0.000ns
  Clock Uncertainty:      0.035ns  ((TSJ^2 + TIJ^2)^1/2 + DJ) / 2 + PE
    Total System Jitter     (TSJ):    0.071ns
    Total Input Jitter      (TIJ):    0.000ns
    Discrete Jitter          (DJ):    0.000ns
    Phase Error              (PE):    0.000ns

    Location             Delay type                Incr(ns)  Path(ns)    Netlist Resource(s)
  -------------------------------------------------------------------    -------------------
                         (clock clk rise edge)        0.000     0.000 r  
                                                      0.000     0.000 r  clk (IN)
                         net (fo=0)                   0.000     0.000    clk
                         IBUF (Prop_ibuf_I_O)         0.923     0.923 r  clk_IBUF_inst/O
                         net (fo=1, unplaced)         0.800     1.722    clk_IBUF
                         BUFG (Prop_bufg_I_O)         0.096     1.818 r  clk_IBUF_BUFG_inst/O
                         net (fo=79, unplaced)        0.584     2.402    clk_IBUF_BUFG
                         FDCE                                         r  out_addr_q_reg[1]/C
  -------------------------------------------------------------------    -------------------
                         FDCE (Prop_fdce_C_Q)         0.456     2.858 r  out_addr_q_reg[1]/Q
                         net (fo=1, unplaced)         0.800     3.658    out_addr_OBUF[1]
                         OBUF (Prop_obuf_I_O)         2.760     6.418 r  out_addr_OBUF[1]_inst/O
                         net (fo=0)                   0.000     6.418    out_addr[1]
                                                                      r  out_addr[1] (OUT)
  -------------------------------------------------------------------    -------------------

                         (clock clk rise edge)       10.000    10.000 r  
                         clock pessimism              0.000    10.000    
                         clock uncertainty           -0.035     9.965    
                         output delay                -1.000     8.965    
  -------------------------------------------------------------------
                         required time                          8.965    
                         arrival time                          -6.418    
  -------------------------------------------------------------------
                         slack                                  2.546    

Slack (MET) :             2.546ns  (required time - arrival time)
  Source:                 out_addr_q_reg[2]/C
                            (rising edge-triggered cell FDCE clocked by clk  {rise@0.000ns fall@5.000ns period=10.000ns})
  Destination:            out_addr[2]
                            (output port clocked by clk  {rise@0.000ns fall@5.000ns period=10.000ns})
  Path Group:             clk
  Path Type:              Max at Slow Process Corner
  Requirement:            10.000ns  (clk rise@10.000ns - clk rise@0.000ns)
  Data Path Delay:        4.016ns  (logic 3.216ns (80.087%)  route 0.800ns (19.913%))
  Logic Levels:           1  (OBUF=1)
  Output Delay:           1.000ns
  Clock Path Skew:        -2.402ns (DCD - SCD + CPR)
    Destination Clock Delay (DCD):    0.000ns = ( 10.000 - 10.000 ) 
    Source Clock Delay      (SCD):    2.402ns
    Clock Pessimism Removal (CPR):    0.000ns
  Clock Uncertainty:      0.035ns  ((TSJ^2 + TIJ^2)^1/2 + DJ) / 2 + PE
    Total System Jitter     (TSJ):    0.071ns
    Total Input Jitter      (TIJ):    0.000ns
    Discrete Jitter          (DJ):    0.000ns
    Phase Error              (PE):    0.000ns

    Location             Delay type                Incr(ns)  Path(ns)    Netlist Resource(s)
  -------------------------------------------------------------------    -------------------
                         (clock clk rise edge)        0.000     0.000 r  
                                                      0.000     0.000 r  clk (IN)
                         net (fo=0)                   0.000     0.000    clk
                         IBUF (Prop_ibuf_I_O)         0.923     0.923 r  clk_IBUF_inst/O
                         net (fo=1, unplaced)         0.800     1.722    clk_IBUF
                         BUFG (Prop_bufg_I_O)         0.096     1.818 r  clk_IBUF_BUFG_inst/O
                         net (fo=79, unplaced)        0.584     2.402    clk_IBUF_BUFG
                         FDCE                                         r  out_addr_q_reg[2]/C
  -------------------------------------------------------------------    -------------------
                         FDCE (Prop_fdce_C_Q)         0.456     2.858 r  out_addr_q_reg[2]/Q
                         net (fo=1, unplaced)         0.800     3.658    out_addr_OBUF[2]
                         OBUF (Prop_obuf_I_O)         2.760     6.418 r  out_addr_OBUF[2]_inst/O
                         net (fo=0)                   0.000     6.418    out_addr[2]
                                                                      r  out_addr[2] (OUT)
  -------------------------------------------------------------------    -------------------

                         (clock clk rise edge)       10.000    10.000 r  
                         clock pessimism              0.000    10.000    
                         clock uncertainty           -0.035     9.965    
                         output delay                -1.000     8.965    
  -------------------------------------------------------------------
                         required time                          8.965    
                         arrival time                          -6.418    
  -------------------------------------------------------------------
                         slack                                  2.546    

Slack (MET) :             2.546ns  (required time - arrival time)
  Source:                 out_addr_q_reg[3]/C
                            (rising edge-triggered cell FDCE clocked by clk  {rise@0.000ns fall@5.000ns period=10.000ns})
  Destination:            out_addr[3]
                            (output port clocked by clk  {rise@0.000ns fall@5.000ns period=10.000ns})
  Path Group:             clk
  Path Type:              Max at Slow Process Corner
  Requirement:            10.000ns  (clk rise@10.000ns - clk rise@0.000ns)
  Data Path Delay:        4.016ns  (logic 3.216ns (80.087%)  route 0.800ns (19.913%))
  Logic Levels:           1  (OBUF=1)
  Output Delay:           1.000ns
  Clock Path Skew:        -2.402ns (DCD - SCD + CPR)
    Destination Clock Delay (DCD):    0.000ns = ( 10.000 - 10.000 ) 
    Source Clock Delay      (SCD):    2.402ns
    Clock Pessimism Removal (CPR):    0.000ns
  Clock Uncertainty:      0.035ns  ((TSJ^2 + TIJ^2)^1/2 + DJ) / 2 + PE
    Total System Jitter     (TSJ):    0.071ns
    Total Input Jitter      (TIJ):    0.000ns
    Discrete Jitter          (DJ):    0.000ns
    Phase Error              (PE):    0.000ns

    Location             Delay type                Incr(ns)  Path(ns)    Netlist Resource(s)
  -------------------------------------------------------------------    -------------------
                         (clock clk rise edge)        0.000     0.000 r  
                                                      0.000     0.000 r  clk (IN)
                         net (fo=0)                   0.000     0.000    clk
                         IBUF (Prop_ibuf_I_O)         0.923     0.923 r  clk_IBUF_inst/O
                         net (fo=1, unplaced)         0.800     1.722    clk_IBUF
                         BUFG (Prop_bufg_I_O)         0.096     1.818 r  clk_IBUF_BUFG_inst/O
                         net (fo=79, unplaced)        0.584     2.402    clk_IBUF_BUFG
                         FDCE                                         r  out_addr_q_reg[3]/C
  -------------------------------------------------------------------    -------------------
                         FDCE (Prop_fdce_C_Q)         0.456     2.858 r  out_addr_q_reg[3]/Q
                         net (fo=1, unplaced)         0.800     3.658    out_addr_OBUF[3]
                         OBUF (Prop_obuf_I_O)         2.760     6.418 r  out_addr_OBUF[3]_inst/O
                         net (fo=0)                   0.000     6.418    out_addr[3]
                                                                      r  out_addr[3] (OUT)
  -------------------------------------------------------------------    -------------------

                         (clock clk rise edge)       10.000    10.000 r  
                         clock pessimism              0.000    10.000    
                         clock uncertainty           -0.035     9.965    
                         output delay                -1.000     8.965    
  -------------------------------------------------------------------
                         required time                          8.965    
                         arrival time                          -6.418    
  -------------------------------------------------------------------
                         slack                                  2.546    

Slack (MET) :             2.546ns  (required time - arrival time)
  Source:                 out_valid_q_reg/C
                            (rising edge-triggered cell FDCE clocked by clk  {rise@0.000ns fall@5.000ns period=10.000ns})
  Destination:            out_valid
                            (output port clocked by clk  {rise@0.000ns fall@5.000ns period=10.000ns})
  Path Group:             clk
  Path Type:              Max at Slow Process Corner
  Requirement:            10.000ns  (clk rise@10.000ns - clk rise@0.000ns)
  Data Path Delay:        4.016ns  (logic 3.216ns (80.087%)  route 0.800ns (19.913%))
  Logic Levels:           1  (OBUF=1)
  Output Delay:           1.000ns
  Clock Path Skew:        -2.402ns (DCD - SCD + CPR)
    Destination Clock Delay (DCD):    0.000ns = ( 10.000 - 10.000 ) 
    Source Clock Delay      (SCD):    2.402ns
    Clock Pessimism Removal (CPR):    0.000ns
  Clock Uncertainty:      0.035ns  ((TSJ^2 + TIJ^2)^1/2 + DJ) / 2 + PE
    Total System Jitter     (TSJ):    0.071ns
    Total Input Jitter      (TIJ):    0.000ns
    Discrete Jitter          (DJ):    0.000ns
    Phase Error              (PE):    0.000ns

    Location             Delay type                Incr(ns)  Path(ns)    Netlist Resource(s)
  -------------------------------------------------------------------    -------------------
                         (clock clk rise edge)        0.000     0.000 r  
                                                      0.000     0.000 r  clk (IN)
                         net (fo=0)                   0.000     0.000    clk
                         IBUF (Prop_ibuf_I_O)         0.923     0.923 r  clk_IBUF_inst/O
                         net (fo=1, unplaced)         0.800     1.722    clk_IBUF
                         BUFG (Prop_bufg_I_O)         0.096     1.818 r  clk_IBUF_BUFG_inst/O
                         net (fo=79, unplaced)        0.584     2.402    clk_IBUF_BUFG
                         FDCE                                         r  out_valid_q_reg/C
  -------------------------------------------------------------------    -------------------
                         FDCE (Prop_fdce_C_Q)         0.456     2.858 r  out_valid_q_reg/Q
                         net (fo=3, unplaced)         0.800     3.658    out_valid_OBUF
                         OBUF (Prop_obuf_I_O)         2.760     6.418 r  out_valid_OBUF_inst/O
                         net (fo=0)                   0.000     6.418    out_valid
                                                                      r  out_valid (OUT)
  -------------------------------------------------------------------    -------------------

                         (clock clk rise edge)       10.000    10.000 r  
                         clock pessimism              0.000    10.000    
                         clock uncertainty           -0.035     9.965    
                         output delay                -1.000     8.965    
  -------------------------------------------------------------------
                         required time                          8.965    
                         arrival time                          -6.418    
  -------------------------------------------------------------------
                         slack                                  2.546    

Slack (MET) :             2.546ns  (required time - arrival time)
  Source:                 ack_q_reg[0]/C
                            (rising edge-triggered cell FDCE clocked by clk  {rise@0.000ns fall@5.000ns period=10.000ns})
  Destination:            src_ack_async[0]
                            (output port clocked by clk  {rise@0.000ns fall@5.000ns period=10.000ns})
  Path Group:             clk
  Path Type:              Max at Slow Process Corner
  Requirement:            10.000ns  (clk rise@10.000ns - clk rise@0.000ns)
  Data Path Delay:        4.016ns  (logic 3.216ns (80.087%)  route 0.800ns (19.913%))
  Logic Levels:           1  (OBUF=1)
  Output Delay:           1.000ns
  Clock Path Skew:        -2.402ns (DCD - SCD + CPR)
    Destination Clock Delay (DCD):    0.000ns = ( 10.000 - 10.000 ) 
    Source Clock Delay      (SCD):    2.402ns
    Clock Pessimism Removal (CPR):    0.000ns
  Clock Uncertainty:      0.035ns  ((TSJ^2 + TIJ^2)^1/2 + DJ) / 2 + PE
    Total System Jitter     (TSJ):    0.071ns
    Total Input Jitter      (TIJ):    0.000ns
    Discrete Jitter          (DJ):    0.000ns
    Phase Error              (PE):    0.000ns

    Location             Delay type                Incr(ns)  Path(ns)    Netlist Resource(s)
  -------------------------------------------------------------------    -------------------
                         (clock clk rise edge)        0.000     0.000 r  
                                                      0.000     0.000 r  clk (IN)
                         net (fo=0)                   0.000     0.000    clk
                         IBUF (Prop_ibuf_I_O)         0.923     0.923 r  clk_IBUF_inst/O
                         net (fo=1, unplaced)         0.800     1.722    clk_IBUF
                         BUFG (Prop_bufg_I_O)         0.096     1.818 r  clk_IBUF_BUFG_inst/O
                         net (fo=79, unplaced)        0.584     2.402    clk_IBUF_BUFG
                         FDCE                                         r  ack_q_reg[0]/C
  -------------------------------------------------------------------    -------------------
                         FDCE (Prop_fdce_C_Q)         0.456     2.858 r  ack_q_reg[0]/Q
                         net (fo=3, unplaced)         0.800     3.658    src_ack_async_OBUF[0]
                         OBUF (Prop_obuf_I_O)         2.760     6.418 r  src_ack_async_OBUF[0]_inst/O
                         net (fo=0)                   0.000     6.418    src_ack_async[0]
                                                                      r  src_ack_async[0] (OUT)
  -------------------------------------------------------------------    -------------------

                         (clock clk rise edge)       10.000    10.000 r  
                         clock pessimism              0.000    10.000    
                         clock uncertainty           -0.035     9.965    
                         output delay                -1.000     8.965    
  -------------------------------------------------------------------
                         required time                          8.965    
                         arrival time                          -6.418    
  -------------------------------------------------------------------
                         slack                                  2.546    

Slack (MET) :             2.546ns  (required time - arrival time)
  Source:                 ack_q_reg[10]/C
                            (rising edge-triggered cell FDCE clocked by clk  {rise@0.000ns fall@5.000ns period=10.000ns})
  Destination:            src_ack_async[10]
                            (output port clocked by clk  {rise@0.000ns fall@5.000ns period=10.000ns})
  Path Group:             clk
  Path Type:              Max at Slow Process Corner
  Requirement:            10.000ns  (clk rise@10.000ns - clk rise@0.000ns)
  Data Path Delay:        4.016ns  (logic 3.216ns (80.087%)  route 0.800ns (19.913%))
  Logic Levels:           1  (OBUF=1)
  Output Delay:           1.000ns
  Clock Path Skew:        -2.402ns (DCD - SCD + CPR)
    Destination Clock Delay (DCD):    0.000ns = ( 10.000 - 10.000 ) 
    Source Clock Delay      (SCD):    2.402ns
    Clock Pessimism Removal (CPR):    0.000ns
  Clock Uncertainty:      0.035ns  ((TSJ^2 + TIJ^2)^1/2 + DJ) / 2 + PE
    Total System Jitter     (TSJ):    0.071ns
    Total Input Jitter      (TIJ):    0.000ns
    Discrete Jitter          (DJ):    0.000ns
    Phase Error              (PE):    0.000ns

    Location             Delay type                Incr(ns)  Path(ns)    Netlist Resource(s)
  -------------------------------------------------------------------    -------------------
                         (clock clk rise edge)        0.000     0.000 r  
                                                      0.000     0.000 r  clk (IN)
                         net (fo=0)                   0.000     0.000    clk
                         IBUF (Prop_ibuf_I_O)         0.923     0.923 r  clk_IBUF_inst/O
                         net (fo=1, unplaced)         0.800     1.722    clk_IBUF
                         BUFG (Prop_bufg_I_O)         0.096     1.818 r  clk_IBUF_BUFG_inst/O
                         net (fo=79, unplaced)        0.584     2.402    clk_IBUF_BUFG
                         FDCE                                         r  ack_q_reg[10]/C
  -------------------------------------------------------------------    -------------------
                         FDCE (Prop_fdce_C_Q)         0.456     2.858 r  ack_q_reg[10]/Q
                         net (fo=3, unplaced)         0.800     3.658    src_ack_async_OBUF[10]
                         OBUF (Prop_obuf_I_O)         2.760     6.418 r  src_ack_async_OBUF[10]_inst/O
                         net (fo=0)                   0.000     6.418    src_ack_async[10]
                                                                      r  src_ack_async[10] (OUT)
  -------------------------------------------------------------------    -------------------

                         (clock clk rise edge)       10.000    10.000 r  
                         clock pessimism              0.000    10.000    
                         clock uncertainty           -0.035     9.965    
                         output delay                -1.000     8.965    
  -------------------------------------------------------------------
                         required time                          8.965    
                         arrival time                          -6.418    
  -------------------------------------------------------------------
                         slack                                  2.546    

Slack (MET) :             2.546ns  (required time - arrival time)
  Source:                 ack_q_reg[11]/C
                            (rising edge-triggered cell FDCE clocked by clk  {rise@0.000ns fall@5.000ns period=10.000ns})
  Destination:            src_ack_async[11]
                            (output port clocked by clk  {rise@0.000ns fall@5.000ns period=10.000ns})
  Path Group:             clk
  Path Type:              Max at Slow Process Corner
  Requirement:            10.000ns  (clk rise@10.000ns - clk rise@0.000ns)
  Data Path Delay:        4.016ns  (logic 3.216ns (80.087%)  route 0.800ns (19.913%))
  Logic Levels:           1  (OBUF=1)
  Output Delay:           1.000ns
  Clock Path Skew:        -2.402ns (DCD - SCD + CPR)
    Destination Clock Delay (DCD):    0.000ns = ( 10.000 - 10.000 ) 
    Source Clock Delay      (SCD):    2.402ns
    Clock Pessimism Removal (CPR):    0.000ns
  Clock Uncertainty:      0.035ns  ((TSJ^2 + TIJ^2)^1/2 + DJ) / 2 + PE
    Total System Jitter     (TSJ):    0.071ns
    Total Input Jitter      (TIJ):    0.000ns
    Discrete Jitter          (DJ):    0.000ns
    Phase Error              (PE):    0.000ns

    Location             Delay type                Incr(ns)  Path(ns)    Netlist Resource(s)
  -------------------------------------------------------------------    -------------------
                         (clock clk rise edge)        0.000     0.000 r  
                                                      0.000     0.000 r  clk (IN)
                         net (fo=0)                   0.000     0.000    clk
                         IBUF (Prop_ibuf_I_O)         0.923     0.923 r  clk_IBUF_inst/O
                         net (fo=1, unplaced)         0.800     1.722    clk_IBUF
                         BUFG (Prop_bufg_I_O)         0.096     1.818 r  clk_IBUF_BUFG_inst/O
                         net (fo=79, unplaced)        0.584     2.402    clk_IBUF_BUFG
                         FDCE                                         r  ack_q_reg[11]/C
  -------------------------------------------------------------------    -------------------
                         FDCE (Prop_fdce_C_Q)         0.456     2.858 r  ack_q_reg[11]/Q
                         net (fo=3, unplaced)         0.800     3.658    src_ack_async_OBUF[11]
                         OBUF (Prop_obuf_I_O)         2.760     6.418 r  src_ack_async_OBUF[11]_inst/O
                         net (fo=0)                   0.000     6.418    src_ack_async[11]
                                                                      r  src_ack_async[11] (OUT)
  -------------------------------------------------------------------    -------------------

                         (clock clk rise edge)       10.000    10.000 r  
                         clock pessimism              0.000    10.000    
                         clock uncertainty           -0.035     9.965    
                         output delay                -1.000     8.965    
  -------------------------------------------------------------------
                         required time                          8.965    
                         arrival time                          -6.418    
  -------------------------------------------------------------------
                         slack                                  2.546    

Slack (MET) :             2.546ns  (required time - arrival time)
  Source:                 ack_q_reg[12]/C
                            (rising edge-triggered cell FDCE clocked by clk  {rise@0.000ns fall@5.000ns period=10.000ns})
  Destination:            src_ack_async[12]
                            (output port clocked by clk  {rise@0.000ns fall@5.000ns period=10.000ns})
  Path Group:             clk
  Path Type:              Max at Slow Process Corner
  Requirement:            10.000ns  (clk rise@10.000ns - clk rise@0.000ns)
  Data Path Delay:        4.016ns  (logic 3.216ns (80.087%)  route 0.800ns (19.913%))
  Logic Levels:           1  (OBUF=1)
  Output Delay:           1.000ns
  Clock Path Skew:        -2.402ns (DCD - SCD + CPR)
    Destination Clock Delay (DCD):    0.000ns = ( 10.000 - 10.000 ) 
    Source Clock Delay      (SCD):    2.402ns
    Clock Pessimism Removal (CPR):    0.000ns
  Clock Uncertainty:      0.035ns  ((TSJ^2 + TIJ^2)^1/2 + DJ) / 2 + PE
    Total System Jitter     (TSJ):    0.071ns
    Total Input Jitter      (TIJ):    0.000ns
    Discrete Jitter          (DJ):    0.000ns
    Phase Error              (PE):    0.000ns

    Location             Delay type                Incr(ns)  Path(ns)    Netlist Resource(s)
  -------------------------------------------------------------------    -------------------
                         (clock clk rise edge)        0.000     0.000 r  
                                                      0.000     0.000 r  clk (IN)
                         net (fo=0)                   0.000     0.000    clk
                         IBUF (Prop_ibuf_I_O)         0.923     0.923 r  clk_IBUF_inst/O
                         net (fo=1, unplaced)         0.800     1.722    clk_IBUF
                         BUFG (Prop_bufg_I_O)         0.096     1.818 r  clk_IBUF_BUFG_inst/O
                         net (fo=79, unplaced)        0.584     2.402    clk_IBUF_BUFG
                         FDCE                                         r  ack_q_reg[12]/C
  -------------------------------------------------------------------    -------------------
                         FDCE (Prop_fdce_C_Q)         0.456     2.858 r  ack_q_reg[12]/Q
                         net (fo=3, unplaced)         0.800     3.658    src_ack_async_OBUF[12]
                         OBUF (Prop_obuf_I_O)         2.760     6.418 r  src_ack_async_OBUF[12]_inst/O
                         net (fo=0)                   0.000     6.418    src_ack_async[12]
                                                                      r  src_ack_async[12] (OUT)
  -------------------------------------------------------------------    -------------------

                         (clock clk rise edge)       10.000    10.000 r  
                         clock pessimism              0.000    10.000    
                         clock uncertainty           -0.035     9.965    
                         output delay                -1.000     8.965    
  -------------------------------------------------------------------
                         required time                          8.965    
                         arrival time                          -6.418    
  -------------------------------------------------------------------
                         slack                                  2.546    

Slack (MET) :             2.546ns  (required time - arrival time)
  Source:                 ack_q_reg[13]/C
                            (rising edge-triggered cell FDCE clocked by clk  {rise@0.000ns fall@5.000ns period=10.000ns})
  Destination:            src_ack_async[13]
                            (output port clocked by clk  {rise@0.000ns fall@5.000ns period=10.000ns})
  Path Group:             clk
  Path Type:              Max at Slow Process Corner
  Requirement:            10.000ns  (clk rise@10.000ns - clk rise@0.000ns)
  Data Path Delay:        4.016ns  (logic 3.216ns (80.087%)  route 0.800ns (19.913%))
  Logic Levels:           1  (OBUF=1)
  Output Delay:           1.000ns
  Clock Path Skew:        -2.402ns (DCD - SCD + CPR)
    Destination Clock Delay (DCD):    0.000ns = ( 10.000 - 10.000 ) 
    Source Clock Delay      (SCD):    2.402ns
    Clock Pessimism Removal (CPR):    0.000ns
  Clock Uncertainty:      0.035ns  ((TSJ^2 + TIJ^2)^1/2 + DJ) / 2 + PE
    Total System Jitter     (TSJ):    0.071ns
    Total Input Jitter      (TIJ):    0.000ns
    Discrete Jitter          (DJ):    0.000ns
    Phase Error              (PE):    0.000ns

    Location             Delay type                Incr(ns)  Path(ns)    Netlist Resource(s)
  -------------------------------------------------------------------    -------------------
                         (clock clk rise edge)        0.000     0.000 r  
                                                      0.000     0.000 r  clk (IN)
                         net (fo=0)                   0.000     0.000    clk
                         IBUF (Prop_ibuf_I_O)         0.923     0.923 r  clk_IBUF_inst/O
                         net (fo=1, unplaced)         0.800     1.722    clk_IBUF
                         BUFG (Prop_bufg_I_O)         0.096     1.818 r  clk_IBUF_BUFG_inst/O
                         net (fo=79, unplaced)        0.584     2.402    clk_IBUF_BUFG
                         FDCE                                         r  ack_q_reg[13]/C
  -------------------------------------------------------------------    -------------------
                         FDCE (Prop_fdce_C_Q)         0.456     2.858 r  ack_q_reg[13]/Q
                         net (fo=3, unplaced)         0.800     3.658    src_ack_async_OBUF[13]
                         OBUF (Prop_obuf_I_O)         2.760     6.418 r  src_ack_async_OBUF[13]_inst/O
                         net (fo=0)                   0.000     6.418    src_ack_async[13]
                                                                      r  src_ack_async[13] (OUT)
  -------------------------------------------------------------------    -------------------

                         (clock clk rise edge)       10.000    10.000 r  
                         clock pessimism              0.000    10.000    
                         clock uncertainty           -0.035     9.965    
                         output delay                -1.000     8.965    
  -------------------------------------------------------------------
                         required time                          8.965    
                         arrival time                          -6.418    
  -------------------------------------------------------------------
                         slack                                  2.546    





Pulse Width Checks
--------------------------------------------------------------------------------------
Clock Name:         clk
Waveform(ns):       { 0.000 5.000 }
Period(ns):         10.000
Sources:            { clk }

Check Type        Corner  Lib Pin  Reference Pin  Required(ns)  Actual(ns)  Slack(ns)  Location  Pin
Min Period        n/a     BUFG/I   n/a            2.155         10.000      7.845                clk_IBUF_BUFG_inst/I
Min Period        n/a     FDCE/C   n/a            1.000         10.000      9.000                ack_q_reg[0]/C
Min Period        n/a     FDCE/C   n/a            1.000         10.000      9.000                ack_q_reg[10]/C
Min Period        n/a     FDCE/C   n/a            1.000         10.000      9.000                ack_q_reg[11]/C
Min Period        n/a     FDCE/C   n/a            1.000         10.000      9.000                ack_q_reg[12]/C
Min Period        n/a     FDCE/C   n/a            1.000         10.000      9.000                ack_q_reg[13]/C
Min Period        n/a     FDCE/C   n/a            1.000         10.000      9.000                ack_q_reg[14]/C
Min Period        n/a     FDCE/C   n/a            1.000         10.000      9.000                ack_q_reg[15]/C
Min Period        n/a     FDCE/C   n/a            1.000         10.000      9.000                ack_q_reg[1]/C
Min Period        n/a     FDCE/C   n/a            1.000         10.000      9.000                ack_q_reg[2]/C
Low Pulse Width   Slow    FDCE/C   n/a            0.500         5.000       4.500                ack_q_reg[0]/C
Low Pulse Width   Fast    FDCE/C   n/a            0.500         5.000       4.500                ack_q_reg[0]/C
Low Pulse Width   Slow    FDCE/C   n/a            0.500         5.000       4.500                ack_q_reg[10]/C
Low Pulse Width   Fast    FDCE/C   n/a            0.500         5.000       4.500                ack_q_reg[10]/C
Low Pulse Width   Slow    FDCE/C   n/a            0.500         5.000       4.500                ack_q_reg[11]/C
Low Pulse Width   Fast    FDCE/C   n/a            0.500         5.000       4.500                ack_q_reg[11]/C
Low Pulse Width   Slow    FDCE/C   n/a            0.500         5.000       4.500                ack_q_reg[12]/C
Low Pulse Width   Fast    FDCE/C   n/a            0.500         5.000       4.500                ack_q_reg[12]/C
Low Pulse Width   Slow    FDCE/C   n/a            0.500         5.000       4.500                ack_q_reg[13]/C
Low Pulse Width   Fast    FDCE/C   n/a            0.500         5.000       4.500                ack_q_reg[13]/C
High Pulse Width  Slow    FDCE/C   n/a            0.500         5.000       4.500                ack_q_reg[0]/C
High Pulse Width  Slow    FDCE/C   n/a            0.500         5.000       4.500                ack_q_reg[10]/C
High Pulse Width  Slow    FDCE/C   n/a            0.500         5.000       4.500                ack_q_reg[11]/C
High Pulse Width  Slow    FDCE/C   n/a            0.500         5.000       4.500                ack_q_reg[12]/C
High Pulse Width  Slow    FDCE/C   n/a            0.500         5.000       4.500                ack_q_reg[13]/C
High Pulse Width  Slow    FDCE/C   n/a            0.500         5.000       4.500                ack_q_reg[14]/C
High Pulse Width  Slow    FDCE/C   n/a            0.500         5.000       4.500                ack_q_reg[15]/C
High Pulse Width  Slow    FDCE/C   n/a            0.500         5.000       4.500                ack_q_reg[1]/C
High Pulse Width  Slow    FDCE/C   n/a            0.500         5.000       4.500                ack_q_reg[2]/C
High Pulse Width  Slow    FDCE/C   n/a            0.500         5.000       4.500                ack_q_reg[3]/C



--------------------------------------------------------------------------------------
Path Group:  (none)
From Clock:  
  To Clock:  clk

Max Delay            95 Endpoints
Min Delay             0 Endpoints
--------------------------------------------------------------------------------------


Max Delay Paths
--------------------------------------------------------------------------------------
Slack:                    inf
  Source:                 rst_n
                            (input port)
  Destination:            ack_q_reg[0]/CLR
                            (recovery check against rising-edge clock clk  {rise@0.000ns fall@5.000ns period=10.000ns})
  Path Group:             (none)
  Path Type:              Recovery (Max at Slow Process Corner)
  Data Path Delay:        2.716ns  (logic 1.047ns (38.530%)  route 1.670ns (61.470%))
  Logic Levels:           2  (IBUF=1 LUT1=1)
  Clock Path Skew:        2.079ns (DCD - SCD + CPR)
    Destination Clock Delay (DCD):    2.079ns
    Source Clock Delay      (SCD):    0.000ns
    Clock Pessimism Removal (CPR):    0.000ns
  Timing Exception:       False Path

    Location             Delay type                Incr(ns)  Path(ns)    Netlist Resource(s)
  -------------------------------------------------------------------    -------------------
                                                      0.000     0.000 r  rst_n (IN)
                         net (fo=0)                   0.000     0.000    rst_n
                         IBUF (Prop_ibuf_I_O)         0.923     0.923 r  rst_n_IBUF_inst/O
                         net (fo=1, unplaced)         0.800     1.722    rst_n_IBUF
                         LUT1 (Prop_lut1_I0_O)        0.124     1.846 f  group_rr_q[1]_i_2/O
                         net (fo=79, unplaced)        0.870     2.716    group_rr_q[1]_i_2_n_0
                         FDCE                                         f  ack_q_reg[0]/CLR
  -------------------------------------------------------------------    -------------------

                         (clock clk rise edge)        0.000     0.000 r  
                                                      0.000     0.000 r  clk (IN)
                         net (fo=0)                   0.000     0.000    clk
                         IBUF (Prop_ibuf_I_O)         0.789     0.789 r  clk_IBUF_inst/O
                         net (fo=1, unplaced)         0.760     1.549    clk_IBUF
                         BUFG (Prop_bufg_I_O)         0.091     1.640 r  clk_IBUF_BUFG_inst/O
                         net (fo=79, unplaced)        0.439     2.079    clk_IBUF_BUFG
                         FDCE                                         r  ack_q_reg[0]/C

Slack:                    inf
  Source:                 rst_n
                            (input port)
  Destination:            ack_q_reg[10]/CLR
                            (recovery check against rising-edge clock clk  {rise@0.000ns fall@5.000ns period=10.000ns})
  Path Group:             (none)
  Path Type:              Recovery (Max at Slow Process Corner)
  Data Path Delay:        2.716ns  (logic 1.047ns (38.530%)  route 1.670ns (61.470%))
  Logic Levels:           2  (IBUF=1 LUT1=1)
  Clock Path Skew:        2.079ns (DCD - SCD + CPR)
    Destination Clock Delay (DCD):    2.079ns
    Source Clock Delay      (SCD):    0.000ns
    Clock Pessimism Removal (CPR):    0.000ns
  Timing Exception:       False Path

    Location             Delay type                Incr(ns)  Path(ns)    Netlist Resource(s)
  -------------------------------------------------------------------    -------------------
                                                      0.000     0.000 r  rst_n (IN)
                         net (fo=0)                   0.000     0.000    rst_n
                         IBUF (Prop_ibuf_I_O)         0.923     0.923 r  rst_n_IBUF_inst/O
                         net (fo=1, unplaced)         0.800     1.722    rst_n_IBUF
                         LUT1 (Prop_lut1_I0_O)        0.124     1.846 f  group_rr_q[1]_i_2/O
                         net (fo=79, unplaced)        0.870     2.716    group_rr_q[1]_i_2_n_0
                         FDCE                                         f  ack_q_reg[10]/CLR
  -------------------------------------------------------------------    -------------------

                         (clock clk rise edge)        0.000     0.000 r  
                                                      0.000     0.000 r  clk (IN)
                         net (fo=0)                   0.000     0.000    clk
                         IBUF (Prop_ibuf_I_O)         0.789     0.789 r  clk_IBUF_inst/O
                         net (fo=1, unplaced)         0.760     1.549    clk_IBUF
                         BUFG (Prop_bufg_I_O)         0.091     1.640 r  clk_IBUF_BUFG_inst/O
                         net (fo=79, unplaced)        0.439     2.079    clk_IBUF_BUFG
                         FDCE                                         r  ack_q_reg[10]/C

Slack:                    inf
  Source:                 rst_n
                            (input port)
  Destination:            ack_q_reg[11]/CLR
                            (recovery check against rising-edge clock clk  {rise@0.000ns fall@5.000ns period=10.000ns})
  Path Group:             (none)
  Path Type:              Recovery (Max at Slow Process Corner)
  Data Path Delay:        2.716ns  (logic 1.047ns (38.530%)  route 1.670ns (61.470%))
  Logic Levels:           2  (IBUF=1 LUT1=1)
  Clock Path Skew:        2.079ns (DCD - SCD + CPR)
    Destination Clock Delay (DCD):    2.079ns
    Source Clock Delay      (SCD):    0.000ns
    Clock Pessimism Removal (CPR):    0.000ns
  Timing Exception:       False Path

    Location             Delay type                Incr(ns)  Path(ns)    Netlist Resource(s)
  -------------------------------------------------------------------    -------------------
                                                      0.000     0.000 r  rst_n (IN)
                         net (fo=0)                   0.000     0.000    rst_n
                         IBUF (Prop_ibuf_I_O)         0.923     0.923 r  rst_n_IBUF_inst/O
                         net (fo=1, unplaced)         0.800     1.722    rst_n_IBUF
                         LUT1 (Prop_lut1_I0_O)        0.124     1.846 f  group_rr_q[1]_i_2/O
                         net (fo=79, unplaced)        0.870     2.716    group_rr_q[1]_i_2_n_0
                         FDCE                                         f  ack_q_reg[11]/CLR
  -------------------------------------------------------------------    -------------------

                         (clock clk rise edge)        0.000     0.000 r  
                                                      0.000     0.000 r  clk (IN)
                         net (fo=0)                   0.000     0.000    clk
                         IBUF (Prop_ibuf_I_O)         0.789     0.789 r  clk_IBUF_inst/O
                         net (fo=1, unplaced)         0.760     1.549    clk_IBUF
                         BUFG (Prop_bufg_I_O)         0.091     1.640 r  clk_IBUF_BUFG_inst/O
                         net (fo=79, unplaced)        0.439     2.079    clk_IBUF_BUFG
                         FDCE                                         r  ack_q_reg[11]/C

Slack:                    inf
  Source:                 rst_n
                            (input port)
  Destination:            ack_q_reg[12]/CLR
                            (recovery check against rising-edge clock clk  {rise@0.000ns fall@5.000ns period=10.000ns})
  Path Group:             (none)
  Path Type:              Recovery (Max at Slow Process Corner)
  Data Path Delay:        2.716ns  (logic 1.047ns (38.530%)  route 1.670ns (61.470%))
  Logic Levels:           2  (IBUF=1 LUT1=1)
  Clock Path Skew:        2.079ns (DCD - SCD + CPR)
    Destination Clock Delay (DCD):    2.079ns
    Source Clock Delay      (SCD):    0.000ns
    Clock Pessimism Removal (CPR):    0.000ns
  Timing Exception:       False Path

    Location             Delay type                Incr(ns)  Path(ns)    Netlist Resource(s)
  -------------------------------------------------------------------    -------------------
                                                      0.000     0.000 r  rst_n (IN)
                         net (fo=0)                   0.000     0.000    rst_n
                         IBUF (Prop_ibuf_I_O)         0.923     0.923 r  rst_n_IBUF_inst/O
                         net (fo=1, unplaced)         0.800     1.722    rst_n_IBUF
                         LUT1 (Prop_lut1_I0_O)        0.124     1.846 f  group_rr_q[1]_i_2/O
                         net (fo=79, unplaced)        0.870     2.716    group_rr_q[1]_i_2_n_0
                         FDCE                                         f  ack_q_reg[12]/CLR
  -------------------------------------------------------------------    -------------------

                         (clock clk rise edge)        0.000     0.000 r  
                                                      0.000     0.000 r  clk (IN)
                         net (fo=0)                   0.000     0.000    clk
                         IBUF (Prop_ibuf_I_O)         0.789     0.789 r  clk_IBUF_inst/O
                         net (fo=1, unplaced)         0.760     1.549    clk_IBUF
                         BUFG (Prop_bufg_I_O)         0.091     1.640 r  clk_IBUF_BUFG_inst/O
                         net (fo=79, unplaced)        0.439     2.079    clk_IBUF_BUFG
                         FDCE                                         r  ack_q_reg[12]/C

Slack:                    inf
  Source:                 rst_n
                            (input port)
  Destination:            ack_q_reg[13]/CLR
                            (recovery check against rising-edge clock clk  {rise@0.000ns fall@5.000ns period=10.000ns})
  Path Group:             (none)
  Path Type:              Recovery (Max at Slow Process Corner)
  Data Path Delay:        2.716ns  (logic 1.047ns (38.530%)  route 1.670ns (61.470%))
  Logic Levels:           2  (IBUF=1 LUT1=1)
  Clock Path Skew:        2.079ns (DCD - SCD + CPR)
    Destination Clock Delay (DCD):    2.079ns
    Source Clock Delay      (SCD):    0.000ns
    Clock Pessimism Removal (CPR):    0.000ns
  Timing Exception:       False Path

    Location             Delay type                Incr(ns)  Path(ns)    Netlist Resource(s)
  -------------------------------------------------------------------    -------------------
                                                      0.000     0.000 r  rst_n (IN)
                         net (fo=0)                   0.000     0.000    rst_n
                         IBUF (Prop_ibuf_I_O)         0.923     0.923 r  rst_n_IBUF_inst/O
                         net (fo=1, unplaced)         0.800     1.722    rst_n_IBUF
                         LUT1 (Prop_lut1_I0_O)        0.124     1.846 f  group_rr_q[1]_i_2/O
                         net (fo=79, unplaced)        0.870     2.716    group_rr_q[1]_i_2_n_0
                         FDCE                                         f  ack_q_reg[13]/CLR
  -------------------------------------------------------------------    -------------------

                         (clock clk rise edge)        0.000     0.000 r  
                                                      0.000     0.000 r  clk (IN)
                         net (fo=0)                   0.000     0.000    clk
                         IBUF (Prop_ibuf_I_O)         0.789     0.789 r  clk_IBUF_inst/O
                         net (fo=1, unplaced)         0.760     1.549    clk_IBUF
                         BUFG (Prop_bufg_I_O)         0.091     1.640 r  clk_IBUF_BUFG_inst/O
                         net (fo=79, unplaced)        0.439     2.079    clk_IBUF_BUFG
                         FDCE                                         r  ack_q_reg[13]/C

Slack:                    inf
  Source:                 rst_n
                            (input port)
  Destination:            ack_q_reg[14]/CLR
                            (recovery check against rising-edge clock clk  {rise@0.000ns fall@5.000ns period=10.000ns})
  Path Group:             (none)
  Path Type:              Recovery (Max at Slow Process Corner)
  Data Path Delay:        2.716ns  (logic 1.047ns (38.530%)  route 1.670ns (61.470%))
  Logic Levels:           2  (IBUF=1 LUT1=1)
  Clock Path Skew:        2.079ns (DCD - SCD + CPR)
    Destination Clock Delay (DCD):    2.079ns
    Source Clock Delay      (SCD):    0.000ns
    Clock Pessimism Removal (CPR):    0.000ns
  Timing Exception:       False Path

    Location             Delay type                Incr(ns)  Path(ns)    Netlist Resource(s)
  -------------------------------------------------------------------    -------------------
                                                      0.000     0.000 r  rst_n (IN)
                         net (fo=0)                   0.000     0.000    rst_n
                         IBUF (Prop_ibuf_I_O)         0.923     0.923 r  rst_n_IBUF_inst/O
                         net (fo=1, unplaced)         0.800     1.722    rst_n_IBUF
                         LUT1 (Prop_lut1_I0_O)        0.124     1.846 f  group_rr_q[1]_i_2/O
                         net (fo=79, unplaced)        0.870     2.716    group_rr_q[1]_i_2_n_0
                         FDCE                                         f  ack_q_reg[14]/CLR
  -------------------------------------------------------------------    -------------------

                         (clock clk rise edge)        0.000     0.000 r  
                                                      0.000     0.000 r  clk (IN)
                         net (fo=0)                   0.000     0.000    clk
                         IBUF (Prop_ibuf_I_O)         0.789     0.789 r  clk_IBUF_inst/O
                         net (fo=1, unplaced)         0.760     1.549    clk_IBUF
                         BUFG (Prop_bufg_I_O)         0.091     1.640 r  clk_IBUF_BUFG_inst/O
                         net (fo=79, unplaced)        0.439     2.079    clk_IBUF_BUFG
                         FDCE                                         r  ack_q_reg[14]/C

Slack:                    inf
  Source:                 rst_n
                            (input port)
  Destination:            ack_q_reg[15]/CLR
                            (recovery check against rising-edge clock clk  {rise@0.000ns fall@5.000ns period=10.000ns})
  Path Group:             (none)
  Path Type:              Recovery (Max at Slow Process Corner)
  Data Path Delay:        2.716ns  (logic 1.047ns (38.530%)  route 1.670ns (61.470%))
  Logic Levels:           2  (IBUF=1 LUT1=1)
  Clock Path Skew:        2.079ns (DCD - SCD + CPR)
    Destination Clock Delay (DCD):    2.079ns
    Source Clock Delay      (SCD):    0.000ns
    Clock Pessimism Removal (CPR):    0.000ns
  Timing Exception:       False Path

    Location             Delay type                Incr(ns)  Path(ns)    Netlist Resource(s)
  -------------------------------------------------------------------    -------------------
                                                      0.000     0.000 r  rst_n (IN)
                         net (fo=0)                   0.000     0.000    rst_n
                         IBUF (Prop_ibuf_I_O)         0.923     0.923 r  rst_n_IBUF_inst/O
                         net (fo=1, unplaced)         0.800     1.722    rst_n_IBUF
                         LUT1 (Prop_lut1_I0_O)        0.124     1.846 f  group_rr_q[1]_i_2/O
                         net (fo=79, unplaced)        0.870     2.716    group_rr_q[1]_i_2_n_0
                         FDCE                                         f  ack_q_reg[15]/CLR
  -------------------------------------------------------------------    -------------------

                         (clock clk rise edge)        0.000     0.000 r  
                                                      0.000     0.000 r  clk (IN)
                         net (fo=0)                   0.000     0.000    clk
                         IBUF (Prop_ibuf_I_O)         0.789     0.789 r  clk_IBUF_inst/O
                         net (fo=1, unplaced)         0.760     1.549    clk_IBUF
                         BUFG (Prop_bufg_I_O)         0.091     1.640 r  clk_IBUF_BUFG_inst/O
                         net (fo=79, unplaced)        0.439     2.079    clk_IBUF_BUFG
                         FDCE                                         r  ack_q_reg[15]/C

Slack:                    inf
  Source:                 rst_n
                            (input port)
  Destination:            ack_q_reg[1]/CLR
                            (recovery check against rising-edge clock clk  {rise@0.000ns fall@5.000ns period=10.000ns})
  Path Group:             (none)
  Path Type:              Recovery (Max at Slow Process Corner)
  Data Path Delay:        2.716ns  (logic 1.047ns (38.530%)  route 1.670ns (61.470%))
  Logic Levels:           2  (IBUF=1 LUT1=1)
  Clock Path Skew:        2.079ns (DCD - SCD + CPR)
    Destination Clock Delay (DCD):    2.079ns
    Source Clock Delay      (SCD):    0.000ns
    Clock Pessimism Removal (CPR):    0.000ns
  Timing Exception:       False Path

    Location             Delay type                Incr(ns)  Path(ns)    Netlist Resource(s)
  -------------------------------------------------------------------    -------------------
                                                      0.000     0.000 r  rst_n (IN)
                         net (fo=0)                   0.000     0.000    rst_n
                         IBUF (Prop_ibuf_I_O)         0.923     0.923 r  rst_n_IBUF_inst/O
                         net (fo=1, unplaced)         0.800     1.722    rst_n_IBUF
                         LUT1 (Prop_lut1_I0_O)        0.124     1.846 f  group_rr_q[1]_i_2/O
                         net (fo=79, unplaced)        0.870     2.716    group_rr_q[1]_i_2_n_0
                         FDCE                                         f  ack_q_reg[1]/CLR
  -------------------------------------------------------------------    -------------------

                         (clock clk rise edge)        0.000     0.000 r  
                                                      0.000     0.000 r  clk (IN)
                         net (fo=0)                   0.000     0.000    clk
                         IBUF (Prop_ibuf_I_O)         0.789     0.789 r  clk_IBUF_inst/O
                         net (fo=1, unplaced)         0.760     1.549    clk_IBUF
                         BUFG (Prop_bufg_I_O)         0.091     1.640 r  clk_IBUF_BUFG_inst/O
                         net (fo=79, unplaced)        0.439     2.079    clk_IBUF_BUFG
                         FDCE                                         r  ack_q_reg[1]/C

Slack:                    inf
  Source:                 rst_n
                            (input port)
  Destination:            ack_q_reg[2]/CLR
                            (recovery check against rising-edge clock clk  {rise@0.000ns fall@5.000ns period=10.000ns})
  Path Group:             (none)
  Path Type:              Recovery (Max at Slow Process Corner)
  Data Path Delay:        2.716ns  (logic 1.047ns (38.530%)  route 1.670ns (61.470%))
  Logic Levels:           2  (IBUF=1 LUT1=1)
  Clock Path Skew:        2.079ns (DCD - SCD + CPR)
    Destination Clock Delay (DCD):    2.079ns
    Source Clock Delay      (SCD):    0.000ns
    Clock Pessimism Removal (CPR):    0.000ns
  Timing Exception:       False Path

    Location             Delay type                Incr(ns)  Path(ns)    Netlist Resource(s)
  -------------------------------------------------------------------    -------------------
                                                      0.000     0.000 r  rst_n (IN)
                         net (fo=0)                   0.000     0.000    rst_n
                         IBUF (Prop_ibuf_I_O)         0.923     0.923 r  rst_n_IBUF_inst/O
                         net (fo=1, unplaced)         0.800     1.722    rst_n_IBUF
                         LUT1 (Prop_lut1_I0_O)        0.124     1.846 f  group_rr_q[1]_i_2/O
                         net (fo=79, unplaced)        0.870     2.716    group_rr_q[1]_i_2_n_0
                         FDCE                                         f  ack_q_reg[2]/CLR
  -------------------------------------------------------------------    -------------------

                         (clock clk rise edge)        0.000     0.000 r  
                                                      0.000     0.000 r  clk (IN)
                         net (fo=0)                   0.000     0.000    clk
                         IBUF (Prop_ibuf_I_O)         0.789     0.789 r  clk_IBUF_inst/O
                         net (fo=1, unplaced)         0.760     1.549    clk_IBUF
                         BUFG (Prop_bufg_I_O)         0.091     1.640 r  clk_IBUF_BUFG_inst/O
                         net (fo=79, unplaced)        0.439     2.079    clk_IBUF_BUFG
                         FDCE                                         r  ack_q_reg[2]/C

Slack:                    inf
  Source:                 rst_n
                            (input port)
  Destination:            ack_q_reg[3]/CLR
                            (recovery check against rising-edge clock clk  {rise@0.000ns fall@5.000ns period=10.000ns})
  Path Group:             (none)
  Path Type:              Recovery (Max at Slow Process Corner)
  Data Path Delay:        2.716ns  (logic 1.047ns (38.530%)  route 1.670ns (61.470%))
  Logic Levels:           2  (IBUF=1 LUT1=1)
  Clock Path Skew:        2.079ns (DCD - SCD + CPR)
    Destination Clock Delay (DCD):    2.079ns
    Source Clock Delay      (SCD):    0.000ns
    Clock Pessimism Removal (CPR):    0.000ns
  Timing Exception:       False Path

    Location             Delay type                Incr(ns)  Path(ns)    Netlist Resource(s)
  -------------------------------------------------------------------    -------------------
                                                      0.000     0.000 r  rst_n (IN)
                         net (fo=0)                   0.000     0.000    rst_n
                         IBUF (Prop_ibuf_I_O)         0.923     0.923 r  rst_n_IBUF_inst/O
                         net (fo=1, unplaced)         0.800     1.722    rst_n_IBUF
                         LUT1 (Prop_lut1_I0_O)        0.124     1.846 f  group_rr_q[1]_i_2/O
                         net (fo=79, unplaced)        0.870     2.716    group_rr_q[1]_i_2_n_0
                         FDCE                                         f  ack_q_reg[3]/CLR
  -------------------------------------------------------------------    -------------------

                         (clock clk rise edge)        0.000     0.000 r  
                                                      0.000     0.000 r  clk (IN)
                         net (fo=0)                   0.000     0.000    clk
                         IBUF (Prop_ibuf_I_O)         0.789     0.789 r  clk_IBUF_inst/O
                         net (fo=1, unplaced)         0.760     1.549    clk_IBUF
                         BUFG (Prop_bufg_I_O)         0.091     1.640 r  clk_IBUF_BUFG_inst/O
                         net (fo=79, unplaced)        0.439     2.079    clk_IBUF_BUFG
                         FDCE                                         r  ack_q_reg[3]/C





