###############################################################
#  Generated by:      Cadence Innovus 23.14-s088_1
#  OS:                Linux x86_64(Host ID <REMOTE_HOST>)
#  Generated on:      Wed Aug 26 16:56:20 2026
#  Design:            aer_pending_direct_gray_scr_onehot_tree
#  Command:           report_timing -from [get_pins -hierarchical *req_meta_q_reg*/Q] -to [get_pins -hierarchical *req_sync_q_reg*/D] -max_paths 256 > [file join $report_dir postroute_cdc_hold_timing.rpt]
###############################################################
Path 1: MET Hold Check with Pin req_sync_q_reg[0]/CK 
Endpoint:   req_sync_q_reg[0]/D (v) checked with  leading edge of 'clk'
Beginpoint: req_meta_q_reg[0]/Q (v) triggered by  leading edge of 'clk'
Path Groups: {clk}
Analysis View: hold_view
Other End Arrival Time          0.001
+ Hold                         -0.001
+ Phase Shift                   0.000
+ Uncertainty                   0.020
= Required Time                 0.020
  Arrival Time                  0.045
  Slack Time                    0.024
     Clock Rise Edge                 0.000
     + Clock Network Latency (Prop)  -0.001
     = Beginpoint Arrival Time       -0.001
     +------------------------------------------------------------------------+ 
     |     Instance      |     Arc     |  Cell   | Delay | Arrival | Required | 
     |                   |             |         |       |  Time   |   Time   | 
     |-------------------+-------------+---------+-------+---------+----------| 
     | req_meta_q_reg[0] | CK ^        |         |       |  -0.001 |   -0.025 | 
     | req_meta_q_reg[0] | CK ^ -> Q v | DFFQXL  | 0.045 |   0.045 |    0.020 | 
     | req_sync_q_reg[0] | D v         | DFFHQX1 | 0.000 |   0.045 |    0.020 | 
     +------------------------------------------------------------------------+ 
Path 2: MET Hold Check with Pin req_sync_q_reg[6]/CK 
Endpoint:   req_sync_q_reg[6]/D (v) checked with  leading edge of 'clk'
Beginpoint: req_meta_q_reg[6]/Q (v) triggered by  leading edge of 'clk'
Path Groups: {clk}
Analysis View: hold_view
Other End Arrival Time          0.001
+ Hold                         -0.000
+ Phase Shift                   0.000
+ Uncertainty                   0.020
= Required Time                 0.020
  Arrival Time                  0.045
  Slack Time                    0.025
     Clock Rise Edge                 0.000
     + Clock Network Latency (Prop)  -0.000
     = Beginpoint Arrival Time       -0.000
     +------------------------------------------------------------------------+ 
     |     Instance      |     Arc     |  Cell   | Delay | Arrival | Required | 
     |                   |             |         |       |  Time   |   Time   | 
     |-------------------+-------------+---------+-------+---------+----------| 
     | req_meta_q_reg[6] | CK ^        |         |       |  -0.000 |   -0.025 | 
     | req_meta_q_reg[6] | CK ^ -> Q v | DFFQXL  | 0.045 |   0.045 |    0.020 | 
     | req_sync_q_reg[6] | D v         | DFFHQX1 | 0.000 |   0.045 |    0.020 | 
     +------------------------------------------------------------------------+ 
Path 3: MET Hold Check with Pin req_sync_q_reg[3]/CK 
Endpoint:   req_sync_q_reg[3]/D (v) checked with  leading edge of 'clk'
Beginpoint: req_meta_q_reg[3]/Q (v) triggered by  leading edge of 'clk'
Path Groups: {clk}
Analysis View: hold_view
Other End Arrival Time          0.001
+ Hold                         -0.001
+ Phase Shift                   0.000
+ Uncertainty                   0.020
= Required Time                 0.020
  Arrival Time                  0.045
  Slack Time                    0.025
     Clock Rise Edge                 0.000
     + Clock Network Latency (Prop)  -0.001
     = Beginpoint Arrival Time       -0.001
     +------------------------------------------------------------------------+ 
     |     Instance      |     Arc     |  Cell   | Delay | Arrival | Required | 
     |                   |             |         |       |  Time   |   Time   | 
     |-------------------+-------------+---------+-------+---------+----------| 
     | req_meta_q_reg[3] | CK ^        |         |       |  -0.001 |   -0.025 | 
     | req_meta_q_reg[3] | CK ^ -> Q v | DFFQXL  | 0.046 |   0.045 |    0.020 | 
     | req_sync_q_reg[3] | D v         | DFFHQX1 | 0.000 |   0.045 |    0.020 | 
     +------------------------------------------------------------------------+ 
Path 4: MET Hold Check with Pin req_sync_q_reg[13]/CK 
Endpoint:   req_sync_q_reg[13]/D (v) checked with  leading edge of 'clk'
Beginpoint: req_meta_q_reg[13]/Q (v) triggered by  leading edge of 'clk'
Path Groups: {clk}
Analysis View: hold_view
Other End Arrival Time          0.001
+ Hold                         -0.000
+ Phase Shift                   0.000
+ Uncertainty                   0.020
= Required Time                 0.021
  Arrival Time                  0.046
  Slack Time                    0.025
     Clock Rise Edge                 0.000
     + Clock Network Latency (Prop)  -0.000
     = Beginpoint Arrival Time       -0.000
     +-------------------------------------------------------------------------+ 
     |      Instance      |     Arc     |  Cell   | Delay | Arrival | Required | 
     |                    |             |         |       |  Time   |   Time   | 
     |--------------------+-------------+---------+-------+---------+----------| 
     | req_meta_q_reg[13] | CK ^        |         |       |  -0.000 |   -0.025 | 
     | req_meta_q_reg[13] | CK ^ -> Q v | DFFQXL  | 0.046 |   0.046 |    0.021 | 
     | req_sync_q_reg[13] | D v         | DFFHQX1 | 0.000 |   0.046 |    0.021 | 
     +-------------------------------------------------------------------------+ 
Path 5: MET Hold Check with Pin req_sync_q_reg[14]/CK 
Endpoint:   req_sync_q_reg[14]/D (v) checked with  leading edge of 'clk'
Beginpoint: req_meta_q_reg[14]/Q (v) triggered by  leading edge of 'clk'
Path Groups: {clk}
Analysis View: hold_view
Other End Arrival Time          0.001
+ Hold                         -0.000
+ Phase Shift                   0.000
+ Uncertainty                   0.020
= Required Time                 0.021
  Arrival Time                  0.047
  Slack Time                    0.026
     Clock Rise Edge                 0.000
     + Clock Network Latency (Prop)  -0.000
     = Beginpoint Arrival Time       -0.000
     +-------------------------------------------------------------------------+ 
     |      Instance      |     Arc     |  Cell   | Delay | Arrival | Required | 
     |                    |             |         |       |  Time   |   Time   | 
     |--------------------+-------------+---------+-------+---------+----------| 
     | req_meta_q_reg[14] | CK ^        |         |       |  -0.000 |   -0.026 | 
     | req_meta_q_reg[14] | CK ^ -> Q v | DFFQXL  | 0.047 |   0.047 |    0.021 | 
     | req_sync_q_reg[14] | D v         | DFFHQX1 | 0.000 |   0.047 |    0.021 | 
     +-------------------------------------------------------------------------+ 
Path 6: MET Hold Check with Pin req_sync_q_reg[9]/CK 
Endpoint:   req_sync_q_reg[9]/D (v) checked with  leading edge of 'clk'
Beginpoint: req_meta_q_reg[9]/Q (v) triggered by  leading edge of 'clk'
Path Groups: {clk}
Analysis View: hold_view
Other End Arrival Time          0.001
+ Hold                         -0.001
+ Phase Shift                   0.000
+ Uncertainty                   0.020
= Required Time                 0.020
  Arrival Time                  0.046
  Slack Time                    0.026
     Clock Rise Edge                 0.000
     + Clock Network Latency (Prop)  -0.000
     = Beginpoint Arrival Time       -0.000
     +------------------------------------------------------------------------+ 
     |     Instance      |     Arc     |  Cell   | Delay | Arrival | Required | 
     |                   |             |         |       |  Time   |   Time   | 
     |-------------------+-------------+---------+-------+---------+----------| 
     | req_meta_q_reg[9] | CK ^        |         |       |  -0.000 |   -0.027 | 
     | req_meta_q_reg[9] | CK ^ -> Q v | DFFQXL  | 0.047 |   0.046 |    0.020 | 
     | req_sync_q_reg[9] | D v         | DFFHQX1 | 0.000 |   0.046 |    0.020 | 
     +------------------------------------------------------------------------+ 
Path 7: MET Hold Check with Pin req_sync_q_reg[2]/CK 
Endpoint:   req_sync_q_reg[2]/D (v) checked with  leading edge of 'clk'
Beginpoint: req_meta_q_reg[2]/Q (v) triggered by  leading edge of 'clk'
Path Groups: {clk}
Analysis View: hold_view
Other End Arrival Time          0.001
+ Hold                         -0.000
+ Phase Shift                   0.000
+ Uncertainty                   0.020
= Required Time                 0.021
  Arrival Time                  0.047
  Slack Time                    0.027
     Clock Rise Edge                 0.000
     + Clock Network Latency (Prop)  -0.001
     = Beginpoint Arrival Time       -0.001
     +------------------------------------------------------------------------+ 
     |     Instance      |     Arc     |  Cell   | Delay | Arrival | Required | 
     |                   |             |         |       |  Time   |   Time   | 
     |-------------------+-------------+---------+-------+---------+----------| 
     | req_meta_q_reg[2] | CK ^        |         |       |  -0.001 |   -0.027 | 
     | req_meta_q_reg[2] | CK ^ -> Q v | DFFQXL  | 0.048 |   0.047 |    0.021 | 
     | req_sync_q_reg[2] | D v         | DFFHQX1 | 0.000 |   0.047 |    0.021 | 
     +------------------------------------------------------------------------+ 
Path 8: MET Hold Check with Pin req_sync_q_reg[4]/CK 
Endpoint:   req_sync_q_reg[4]/D (v) checked with  leading edge of 'clk'
Beginpoint: req_meta_q_reg[4]/Q (v) triggered by  leading edge of 'clk'
Path Groups: {clk}
Analysis View: hold_view
Other End Arrival Time          0.001
+ Hold                         -0.001
+ Phase Shift                   0.000
+ Uncertainty                   0.020
= Required Time                 0.020
  Arrival Time                  0.047
  Slack Time                    0.027
     Clock Rise Edge                 0.000
     + Clock Network Latency (Prop)  -0.001
     = Beginpoint Arrival Time       -0.001
     +------------------------------------------------------------------------+ 
     |     Instance      |     Arc     |  Cell   | Delay | Arrival | Required | 
     |                   |             |         |       |  Time   |   Time   | 
     |-------------------+-------------+---------+-------+---------+----------| 
     | req_meta_q_reg[4] | CK ^        |         |       |  -0.001 |   -0.028 | 
     | req_meta_q_reg[4] | CK ^ -> Q v | DFFQXL  | 0.048 |   0.047 |    0.020 | 
     | req_sync_q_reg[4] | D v         | DFFHQX1 | 0.000 |   0.047 |    0.020 | 
     +------------------------------------------------------------------------+ 
Path 9: MET Hold Check with Pin req_sync_q_reg[5]/CK 
Endpoint:   req_sync_q_reg[5]/D (v) checked with  leading edge of 'clk'
Beginpoint: req_meta_q_reg[5]/Q (v) triggered by  leading edge of 'clk'
Path Groups: {clk}
Analysis View: hold_view
Other End Arrival Time          0.001
+ Hold                         -0.001
+ Phase Shift                   0.000
+ Uncertainty                   0.020
= Required Time                 0.020
  Arrival Time                  0.047
  Slack Time                    0.027
     Clock Rise Edge                 0.000
     + Clock Network Latency (Prop)  -0.000
     = Beginpoint Arrival Time       -0.000
     +------------------------------------------------------------------------+ 
     |     Instance      |     Arc     |  Cell   | Delay | Arrival | Required | 
     |                   |             |         |       |  Time   |   Time   | 
     |-------------------+-------------+---------+-------+---------+----------| 
     | req_meta_q_reg[5] | CK ^        |         |       |  -0.000 |   -0.028 | 
     | req_meta_q_reg[5] | CK ^ -> Q v | DFFQXL  | 0.048 |   0.047 |    0.020 | 
     | req_sync_q_reg[5] | D v         | DFFHQX1 | 0.000 |   0.047 |    0.020 | 
     +------------------------------------------------------------------------+ 
Path 10: MET Hold Check with Pin req_sync_q_reg[7]/CK 
Endpoint:   req_sync_q_reg[7]/D (v) checked with  leading edge of 'clk'
Beginpoint: req_meta_q_reg[7]/Q (v) triggered by  leading edge of 'clk'
Path Groups: {clk}
Analysis View: hold_view
Other End Arrival Time          0.001
+ Hold                         -0.000
+ Phase Shift                   0.000
+ Uncertainty                   0.020
= Required Time                 0.021
  Arrival Time                  0.048
  Slack Time                    0.027
     Clock Rise Edge                 0.000
     + Clock Network Latency (Prop)  -0.000
     = Beginpoint Arrival Time       -0.000
     +------------------------------------------------------------------------+ 
     |     Instance      |     Arc     |  Cell   | Delay | Arrival | Required | 
     |                   |             |         |       |  Time   |   Time   | 
     |-------------------+-------------+---------+-------+---------+----------| 
     | req_meta_q_reg[7] | CK ^        |         |       |  -0.000 |   -0.028 | 
     | req_meta_q_reg[7] | CK ^ -> Q v | DFFQXL  | 0.048 |   0.048 |    0.021 | 
     | req_sync_q_reg[7] | D v         | DFFHQX1 | 0.000 |   0.048 |    0.021 | 
     +------------------------------------------------------------------------+ 
Path 11: MET Hold Check with Pin req_sync_q_reg[1]/CK 
Endpoint:   req_sync_q_reg[1]/D (v) checked with  leading edge of 'clk'
Beginpoint: req_meta_q_reg[1]/Q (v) triggered by  leading edge of 'clk'
Path Groups: {clk}
Analysis View: hold_view
Other End Arrival Time          0.001
+ Hold                         -0.000
+ Phase Shift                   0.000
+ Uncertainty                   0.020
= Required Time                 0.021
  Arrival Time                  0.048
  Slack Time                    0.027
     Clock Rise Edge                 0.000
     + Clock Network Latency (Prop)  -0.000
     = Beginpoint Arrival Time       -0.000
     +------------------------------------------------------------------------+ 
     |     Instance      |     Arc     |  Cell   | Delay | Arrival | Required | 
     |                   |             |         |       |  Time   |   Time   | 
     |-------------------+-------------+---------+-------+---------+----------| 
     | req_meta_q_reg[1] | CK ^        |         |       |  -0.000 |   -0.028 | 
     | req_meta_q_reg[1] | CK ^ -> Q v | DFFQXL  | 0.048 |   0.048 |    0.021 | 
     | req_sync_q_reg[1] | D v         | DFFHQX1 | 0.000 |   0.048 |    0.021 | 
     +------------------------------------------------------------------------+ 
Path 12: MET Hold Check with Pin req_sync_q_reg[8]/CK 
Endpoint:   req_sync_q_reg[8]/D (v) checked with  leading edge of 'clk'
Beginpoint: req_meta_q_reg[8]/Q (v) triggered by  leading edge of 'clk'
Path Groups: {clk}
Analysis View: hold_view
Other End Arrival Time          0.001
+ Hold                         -0.001
+ Phase Shift                   0.000
+ Uncertainty                   0.020
= Required Time                 0.020
  Arrival Time                  0.049
  Slack Time                    0.029
     Clock Rise Edge                 0.000
     + Clock Network Latency (Prop)  -0.000
     = Beginpoint Arrival Time       -0.000
     +------------------------------------------------------------------------+ 
     |     Instance      |     Arc     |  Cell   | Delay | Arrival | Required | 
     |                   |             |         |       |  Time   |   Time   | 
     |-------------------+-------------+---------+-------+---------+----------| 
     | req_meta_q_reg[8] | CK ^        |         |       |  -0.000 |   -0.029 | 
     | req_meta_q_reg[8] | CK ^ -> Q v | DFFQXL  | 0.049 |   0.049 |    0.020 | 
     | req_sync_q_reg[8] | D v         | DFFHQX1 | 0.000 |   0.049 |    0.020 | 
     +------------------------------------------------------------------------+ 
Path 13: MET Hold Check with Pin req_sync_q_reg[11]/CK 
Endpoint:   req_sync_q_reg[11]/D (v) checked with  leading edge of 'clk'
Beginpoint: req_meta_q_reg[11]/Q (v) triggered by  leading edge of 'clk'
Path Groups: {clk}
Analysis View: hold_view
Other End Arrival Time          0.001
+ Hold                         -0.001
+ Phase Shift                   0.000
+ Uncertainty                   0.020
= Required Time                 0.020
  Arrival Time                  0.049
  Slack Time                    0.029
     Clock Rise Edge                 0.000
     + Clock Network Latency (Prop)  -0.000
     = Beginpoint Arrival Time       -0.000
     +-------------------------------------------------------------------------+ 
     |      Instance      |     Arc     |  Cell   | Delay | Arrival | Required | 
     |                    |             |         |       |  Time   |   Time   | 
     |--------------------+-------------+---------+-------+---------+----------| 
     | req_meta_q_reg[11] | CK ^        |         |       |  -0.000 |   -0.029 | 
     | req_meta_q_reg[11] | CK ^ -> Q v | DFFQXL  | 0.050 |   0.049 |    0.020 | 
     | req_sync_q_reg[11] | D v         | DFFHQX1 | 0.000 |   0.049 |    0.020 | 
     +-------------------------------------------------------------------------+ 
Path 14: MET Hold Check with Pin req_sync_q_reg[10]/CK 
Endpoint:   req_sync_q_reg[10]/D (v) checked with  leading edge of 'clk'
Beginpoint: req_meta_q_reg[10]/Q (v) triggered by  leading edge of 'clk'
Path Groups: {clk}
Analysis View: hold_view
Other End Arrival Time          0.001
+ Hold                         -0.001
+ Phase Shift                   0.000
+ Uncertainty                   0.020
= Required Time                 0.020
  Arrival Time                  0.051
  Slack Time                    0.031
     Clock Rise Edge                 0.000
     + Clock Network Latency (Prop)  -0.000
     = Beginpoint Arrival Time       -0.000
     +-------------------------------------------------------------------------+ 
     |      Instance      |     Arc     |  Cell   | Delay | Arrival | Required | 
     |                    |             |         |       |  Time   |   Time   | 
     |--------------------+-------------+---------+-------+---------+----------| 
     | req_meta_q_reg[10] | CK ^        |         |       |  -0.000 |   -0.031 | 
     | req_meta_q_reg[10] | CK ^ -> Q v | DFFQXL  | 0.051 |   0.051 |    0.020 | 
     | req_sync_q_reg[10] | D v         | DFFHQX1 | 0.000 |   0.051 |    0.020 | 
     +-------------------------------------------------------------------------+ 
Path 15: MET Hold Check with Pin req_sync_q_reg[12]/CK 
Endpoint:   req_sync_q_reg[12]/D (v) checked with  leading edge of 'clk'
Beginpoint: req_meta_q_reg[12]/Q (v) triggered by  leading edge of 'clk'
Path Groups: {clk}
Analysis View: hold_view
Other End Arrival Time          0.001
+ Hold                         -0.001
+ Phase Shift                   0.000
+ Uncertainty                   0.020
= Required Time                 0.020
  Arrival Time                  0.051
  Slack Time                    0.032
     Clock Rise Edge                 0.000
     + Clock Network Latency (Prop)  -0.000
     = Beginpoint Arrival Time       -0.000
     +-------------------------------------------------------------------------+ 
     |      Instance      |     Arc     |  Cell   | Delay | Arrival | Required | 
     |                    |             |         |       |  Time   |   Time   | 
     |--------------------+-------------+---------+-------+---------+----------| 
     | req_meta_q_reg[12] | CK ^        |         |       |  -0.000 |   -0.032 | 
     | req_meta_q_reg[12] | CK ^ -> Q v | DFFQXL  | 0.052 |   0.051 |    0.020 | 
     | req_sync_q_reg[12] | D v         | DFFHQX1 | 0.000 |   0.051 |    0.020 | 
     +-------------------------------------------------------------------------+ 
Path 16: MET Hold Check with Pin req_sync_q_reg[15]/CK 
Endpoint:   req_sync_q_reg[15]/D (v) checked with  leading edge of 'clk'
Beginpoint: req_meta_q_reg[15]/Q (v) triggered by  leading edge of 'clk'
Path Groups: {clk}
Analysis View: hold_view
Other End Arrival Time          0.001
+ Hold                         -0.002
+ Phase Shift                   0.000
+ Uncertainty                   0.020
= Required Time                 0.019
  Arrival Time                  0.052
  Slack Time                    0.033
     Clock Rise Edge                 0.000
     + Clock Network Latency (Prop)  -0.000
     = Beginpoint Arrival Time       -0.000
     +-------------------------------------------------------------------------+ 
     |      Instance      |     Arc     |  Cell   | Delay | Arrival | Required | 
     |                    |             |         |       |  Time   |   Time   | 
     |--------------------+-------------+---------+-------+---------+----------| 
     | req_meta_q_reg[15] | CK ^        |         |       |  -0.000 |   -0.034 | 
     | req_meta_q_reg[15] | CK ^ -> Q v | DFFQXL  | 0.052 |   0.052 |    0.019 | 
     | req_sync_q_reg[15] | D v         | DFFHQX1 | 0.000 |   0.052 |    0.019 | 
     +-------------------------------------------------------------------------+ 

