###############################################################
#  Generated by:      Cadence Innovus 23.14-s088_1
#  OS:                Linux x86_64(Host ID <REMOTE_HOST>)
#  Generated on:      Wed Aug 26 16:56:19 2026
#  Design:            aer_pending_direct_gray_scr_onehot_tree
#  Command:           report_timing -from [get_pins -hierarchical *req_sync_q_reg*/Q*] -max_paths 100 > [file join $report_dir postroute_core_setup_timing.rpt]
###############################################################
Path 1: MET Setup Check with Pin out_addr_q_reg[0]/CK 
Endpoint:   out_addr_q_reg[0]/D (v) checked with  leading edge of 'clk'
Beginpoint: req_sync_q_reg[1]/Q (v) triggered by  leading edge of 'clk'
Path Groups: {clk}
Analysis View: setup_view
Other End Arrival Time          0.001
- Setup                         0.087
+ Phase Shift                  10.000
- Uncertainty                   0.200
= Required Time                 9.714
- Arrival Time                  2.159
= Slack Time                    7.555
     Clock Rise Edge                 0.000
     + Clock Network Latency (Prop)  -0.000
     = Beginpoint Arrival Time       -0.000
     +--------------------------------------------------------------------------+ 
     |     Instance      |     Arc     |   Cell    | Delay | Arrival | Required | 
     |                   |             |           |       |  Time   |   Time   | 
     |-------------------+-------------+-----------+-------+---------+----------| 
     | req_sync_q_reg[1] | CK ^        |           |       |  -0.000 |    7.554 | 
     | req_sync_q_reg[1] | CK ^ -> Q v | DFFHQX1   | 0.231 |   0.230 |    7.785 | 
     | g6094__8428       | A0 v -> Y ^ | AOI21X1   | 0.129 |   0.359 |    7.914 | 
     | g6068__1666       | B ^ -> Y v  | NAND2X1   | 0.160 |   0.519 |    8.074 | 
     | g6037__5115       | A v -> Y ^  | NOR4X1    | 0.267 |   0.786 |    8.341 | 
     | g6034__5526       | B0 ^ -> Y v | AOI21X1   | 0.158 |   0.943 |    8.498 | 
     | g6031__6260       | B v -> Y ^  | NAND2X1   | 0.106 |   1.050 |    8.605 | 
     | g6030             | A ^ -> Y v  | INVX1     | 0.054 |   1.103 |    8.658 | 
     | g6020__7482       | C0 v -> Y ^ | OAI211X1  | 0.035 |   1.139 |    8.694 | 
     | FE_OFC10_n_157    | A ^ -> Y ^  | BUFX2     | 0.118 |   1.257 |    8.812 | 
     | g5994__5477       | C0 ^ -> Y v | AOI211XL  | 0.055 |   1.312 |    8.867 | 
     | g2                | AN v -> Y v | NAND4BX1  | 0.271 |   1.583 |    9.138 | 
     | g5944__6260       | AN v -> Y v | NAND3BX1  | 0.268 |   1.851 |    9.406 | 
     | g5938__5107       | A2 v -> Y ^ | OAI31X1   | 0.184 |   2.035 |    9.590 | 
     | g5937__2398       | B0 ^ -> Y v | OAI2BB1X1 | 0.124 |   2.159 |    9.714 | 
     | out_addr_q_reg[0] | D v         | DFFQXL    | 0.000 |   2.159 |    9.714 | 
     +--------------------------------------------------------------------------+ 
Path 2: MET Setup Check with Pin out_addr_q_reg[1]/CK 
Endpoint:   out_addr_q_reg[1]/D (^) checked with  leading edge of 'clk'
Beginpoint: req_sync_q_reg[1]/Q (v) triggered by  leading edge of 'clk'
Path Groups: {clk}
Analysis View: setup_view
Other End Arrival Time          0.001
- Setup                         0.122
+ Phase Shift                  10.000
- Uncertainty                   0.200
= Required Time                 9.679
- Arrival Time                  1.986
= Slack Time                    7.694
     Clock Rise Edge                 0.000
     + Clock Network Latency (Prop)  -0.000
     = Beginpoint Arrival Time       -0.000
     +-------------------------------------------------------------------------+ 
     |     Instance      |     Arc     |   Cell   | Delay | Arrival | Required | 
     |                   |             |          |       |  Time   |   Time   | 
     |-------------------+-------------+----------+-------+---------+----------| 
     | req_sync_q_reg[1] | CK ^        |          |       |  -0.000 |    7.693 | 
     | req_sync_q_reg[1] | CK ^ -> Q v | DFFHQX1  | 0.231 |   0.230 |    7.924 | 
     | g6094__8428       | A0 v -> Y ^ | AOI21X1  | 0.129 |   0.359 |    8.053 | 
     | g6068__1666       | B ^ -> Y v  | NAND2X1  | 0.160 |   0.519 |    8.213 | 
     | g6037__5115       | A v -> Y ^  | NOR4X1   | 0.267 |   0.786 |    8.479 | 
     | g6033__6783       | A1 ^ -> Y ^ | OA21X1   | 0.253 |   1.038 |    8.732 | 
     | g6028__5107       | C0 ^ -> Y v | OAI211X1 | 0.138 |   1.176 |    8.870 | 
     | FE_OFC9_n_116     | A v -> Y v  | BUFX2    | 0.129 |   1.305 |    8.999 | 
     | g6025             | A v -> Y ^  | INVX1    | 0.036 |   1.341 |    9.035 | 
     | g6019__4733       | C0 ^ -> Y v | OAI211X1 | 0.119 |   1.460 |    9.154 | 
     | FE_OFC5_n_161     | A v -> Y v  | BUFX2    | 0.137 |   1.598 |    9.291 | 
     | g5987__2346       | B v -> Y ^  | NAND4XL  | 0.057 |   1.655 |    9.348 | 
     | FE_OFC11_n_165    | A ^ -> Y ^  | BUFX2    | 0.106 |   1.760 |    9.454 | 
     | FE_OFC8_n_165     | A ^ -> Y ^  | BUFX2    | 0.081 |   1.842 |    9.535 | 
     | g5954__8428       | B ^ -> Y ^  | MX2XL    | 0.144 |   1.986 |    9.679 | 
     | out_addr_q_reg[1] | D ^         | DFFQXL   | 0.000 |   1.986 |    9.679 | 
     +-------------------------------------------------------------------------+ 
Path 3: MET Setup Check with Pin pending_q_reg[15]/CK 
Endpoint:   pending_q_reg[15]/D (v) checked with  leading edge of 'clk'
Beginpoint: req_sync_q_reg[1]/Q (v) triggered by  leading edge of 'clk'
Path Groups: {clk}
Analysis View: setup_view
Other End Arrival Time          0.001
- Setup                         0.114
+ Phase Shift                  10.000
- Uncertainty                   0.200
= Required Time                 9.687
- Arrival Time                  1.923
= Slack Time                    7.764
     Clock Rise Edge                 0.000
     + Clock Network Latency (Prop)  -0.000
     = Beginpoint Arrival Time       -0.000
     +-------------------------------------------------------------------------+ 
     |     Instance      |     Arc     |   Cell   | Delay | Arrival | Required | 
     |                   |             |          |       |  Time   |   Time   | 
     |-------------------+-------------+----------+-------+---------+----------| 
     | req_sync_q_reg[1] | CK ^        |          |       |  -0.000 |    7.764 | 
     | req_sync_q_reg[1] | CK ^ -> Q v | DFFHQX1  | 0.231 |   0.230 |    7.995 | 
     | g6094__8428       | A0 v -> Y ^ | AOI21X1  | 0.129 |   0.359 |    8.123 | 
     | g6068__1666       | B ^ -> Y v  | NAND2X1  | 0.160 |   0.519 |    8.284 | 
     | g6037__5115       | A v -> Y ^  | NOR4X1   | 0.267 |   0.786 |    8.550 | 
     | g6033__6783       | A1 ^ -> Y ^ | OA21X1   | 0.253 |   1.038 |    8.803 | 
     | g6028__5107       | C0 ^ -> Y v | OAI211X1 | 0.138 |   1.176 |    8.940 | 
     | FE_OFC9_n_116     | A v -> Y v  | BUFX2    | 0.129 |   1.305 |    9.070 | 
     | g6025             | A v -> Y ^  | INVX1    | 0.036 |   1.341 |    9.105 | 
     | g6019__4733       | C0 ^ -> Y v | OAI211X1 | 0.119 |   1.460 |    9.225 | 
     | FE_OFC5_n_161     | A v -> Y v  | BUFX2    | 0.137 |   1.598 |    9.362 | 
     | g5999__7410       | C0 v -> Y ^ | AOI211X1 | 0.132 |   1.729 |    9.494 | 
     | g5959__6783       | A1 ^ -> Y v | AOI211XL | 0.193 |   1.923 |    9.687 | 
     | pending_q_reg[15] | D v         | DFFQXL   | 0.000 |   1.923 |    9.687 | 
     +-------------------------------------------------------------------------+ 
Path 4: MET Setup Check with Pin pending_q_reg[13]/CK 
Endpoint:   pending_q_reg[13]/D (v) checked with  leading edge of 'clk'
Beginpoint: req_sync_q_reg[1]/Q (v) triggered by  leading edge of 'clk'
Path Groups: {clk}
Analysis View: setup_view
Other End Arrival Time          0.001
- Setup                         0.111
+ Phase Shift                  10.000
- Uncertainty                   0.200
= Required Time                 9.690
- Arrival Time                  1.816
= Slack Time                    7.874
     Clock Rise Edge                 0.000
     + Clock Network Latency (Prop)  -0.000
     = Beginpoint Arrival Time       -0.000
     +-------------------------------------------------------------------------+ 
     |     Instance      |     Arc     |   Cell   | Delay | Arrival | Required | 
     |                   |             |          |       |  Time   |   Time   | 
     |-------------------+-------------+----------+-------+---------+----------| 
     | req_sync_q_reg[1] | CK ^        |          |       |  -0.000 |    7.873 | 
     | req_sync_q_reg[1] | CK ^ -> Q v | DFFHQX1  | 0.231 |   0.230 |    8.104 | 
     | g6094__8428       | A0 v -> Y ^ | AOI21X1  | 0.129 |   0.359 |    8.233 | 
     | g6068__1666       | B ^ -> Y v  | NAND2X1  | 0.160 |   0.519 |    8.393 | 
     | g6037__5115       | A v -> Y ^  | NOR4X1   | 0.267 |   0.786 |    8.660 | 
     | g6033__6783       | A1 ^ -> Y ^ | OA21X1   | 0.253 |   1.038 |    8.912 | 
     | g6028__5107       | C0 ^ -> Y v | OAI211X1 | 0.138 |   1.176 |    9.050 | 
     | FE_OFC9_n_116     | A v -> Y v  | BUFX2    | 0.129 |   1.305 |    9.179 | 
     | g6017__1666       | B0 v -> Y ^ | AOI21X1  | 0.076 |   1.381 |    9.255 | 
     | g5993__1617       | C0 ^ -> Y v | OAI211X1 | 0.184 |   1.566 |    9.440 | 
     | g5989             | A v -> Y ^  | INVXL    | 0.125 |   1.691 |    9.565 | 
     | g5956__1705       | A1 ^ -> Y v | AOI211XL | 0.126 |   1.816 |    9.690 | 
     | pending_q_reg[13] | D v         | DFFQXL   | 0.000 |   1.816 |    9.690 | 
     +-------------------------------------------------------------------------+ 
Path 5: MET Setup Check with Pin pending_q_reg[14]/CK 
Endpoint:   pending_q_reg[14]/D (v) checked with  leading edge of 'clk'
Beginpoint: req_sync_q_reg[1]/Q (v) triggered by  leading edge of 'clk'
Path Groups: {clk}
Analysis View: setup_view
Other End Arrival Time          0.001
- Setup                         0.111
+ Phase Shift                  10.000
- Uncertainty                   0.200
= Required Time                 9.690
- Arrival Time                  1.792
= Slack Time                    7.899
     Clock Rise Edge                 0.000
     + Clock Network Latency (Prop)  -0.000
     = Beginpoint Arrival Time       -0.000
     +--------------------------------------------------------------------------+ 
     |     Instance      |     Arc     |   Cell    | Delay | Arrival | Required | 
     |                   |             |           |       |  Time   |   Time   | 
     |-------------------+-------------+-----------+-------+---------+----------| 
     | req_sync_q_reg[1] | CK ^        |           |       |  -0.000 |    7.898 | 
     | req_sync_q_reg[1] | CK ^ -> Q v | DFFHQX1   | 0.231 |   0.230 |    8.129 | 
     | g6094__8428       | A0 v -> Y ^ | AOI21X1   | 0.129 |   0.359 |    8.258 | 
     | g6068__1666       | B ^ -> Y v  | NAND2X1   | 0.160 |   0.519 |    8.418 | 
     | g6037__5115       | A v -> Y ^  | NOR4X1    | 0.267 |   0.786 |    8.684 | 
     | g6033__6783       | A1 ^ -> Y ^ | OA21X1    | 0.253 |   1.038 |    8.937 | 
     | g6028__5107       | C0 ^ -> Y v | OAI211X1  | 0.138 |   1.176 |    9.075 | 
     | FE_OFC9_n_116     | A v -> Y v  | BUFX2     | 0.129 |   1.305 |    9.204 | 
     | g6025             | A v -> Y ^  | INVX1     | 0.036 |   1.341 |    9.240 | 
     | g6019__4733       | C0 ^ -> Y v | OAI211X1  | 0.119 |   1.460 |    9.359 | 
     | FE_OFC5_n_161     | A v -> Y v  | BUFX2     | 0.137 |   1.598 |    9.496 | 
     | g6003__5107       | B0 v -> Y ^ | AOI2BB1XL | 0.067 |   1.665 |    9.564 | 
     | g5971__5122       | A1 ^ -> Y v | AOI211XL  | 0.127 |   1.792 |    9.690 | 
     | pending_q_reg[14] | D v         | DFFQXL    | 0.000 |   1.792 |    9.690 | 
     +--------------------------------------------------------------------------+ 
Path 6: MET Setup Check with Pin pending_q_reg[11]/CK 
Endpoint:   pending_q_reg[11]/D (v) checked with  leading edge of 'clk'
Beginpoint: req_sync_q_reg[1]/Q (v) triggered by  leading edge of 'clk'
Path Groups: {clk}
Analysis View: setup_view
Other End Arrival Time          0.001
- Setup                         0.130
+ Phase Shift                  10.000
- Uncertainty                   0.200
= Required Time                 9.671
- Arrival Time                  1.739
= Slack Time                    7.932
     Clock Rise Edge                 0.000
     + Clock Network Latency (Prop)  -0.000
     = Beginpoint Arrival Time       -0.000
     +-------------------------------------------------------------------------+ 
     |     Instance      |     Arc     |   Cell   | Delay | Arrival | Required | 
     |                   |             |          |       |  Time   |   Time   | 
     |-------------------+-------------+----------+-------+---------+----------| 
     | req_sync_q_reg[1] | CK ^        |          |       |  -0.000 |    7.931 | 
     | req_sync_q_reg[1] | CK ^ -> Q v | DFFHQX1  | 0.231 |   0.230 |    8.162 | 
     | g6094__8428       | A0 v -> Y ^ | AOI21X1  | 0.129 |   0.359 |    8.291 | 
     | g6068__1666       | B ^ -> Y v  | NAND2X1  | 0.160 |   0.519 |    8.451 | 
     | g6037__5115       | A v -> Y ^  | NOR4X1   | 0.267 |   0.786 |    8.718 | 
     | g6033__6783       | A1 ^ -> Y ^ | OA21X1   | 0.253 |   1.038 |    8.970 | 
     | g6023__8428       | B0 ^ -> Y v | OAI21X1  | 0.118 |   1.156 |    9.088 | 
     | g6022             | A v -> Y ^  | INVX1    | 0.074 |   1.230 |    9.162 | 
     | g6014__2883       | C0 ^ -> Y v | OAI211X1 | 0.165 |   1.394 |    9.326 | 
     | g5979__8428       | C v -> Y ^  | NOR3X1   | 0.177 |   1.572 |    9.504 | 
     | g5945__1617       | A1 ^ -> Y v | AOI211XL | 0.167 |   1.739 |    9.671 | 
     | pending_q_reg[11] | D v         | DFFQXL   | 0.000 |   1.739 |    9.671 | 
     +-------------------------------------------------------------------------+ 
Path 7: MET Setup Check with Pin pending_q_reg[9]/CK 
Endpoint:   pending_q_reg[9]/D  (v) checked with  leading edge of 'clk'
Beginpoint: req_sync_q_reg[1]/Q (v) triggered by  leading edge of 'clk'
Path Groups: {clk}
Analysis View: setup_view
Other End Arrival Time          0.001
- Setup                         0.120
+ Phase Shift                  10.000
- Uncertainty                   0.200
= Required Time                 9.681
- Arrival Time                  1.718
= Slack Time                    7.963
     Clock Rise Edge                 0.000
     + Clock Network Latency (Prop)  -0.000
     = Beginpoint Arrival Time       -0.000
     +-------------------------------------------------------------------------+ 
     |     Instance      |     Arc     |   Cell   | Delay | Arrival | Required | 
     |                   |             |          |       |  Time   |   Time   | 
     |-------------------+-------------+----------+-------+---------+----------| 
     | req_sync_q_reg[1] | CK ^        |          |       |  -0.000 |    7.962 | 
     | req_sync_q_reg[1] | CK ^ -> Q v | DFFHQX1  | 0.231 |   0.230 |    8.193 | 
     | g6094__8428       | A0 v -> Y ^ | AOI21X1  | 0.129 |   0.359 |    8.322 | 
     | g6068__1666       | B ^ -> Y v  | NAND2X1  | 0.160 |   0.519 |    8.482 | 
     | g6037__5115       | A v -> Y ^  | NOR4X1   | 0.267 |   0.786 |    8.749 | 
     | g6033__6783       | A1 ^ -> Y ^ | OA21X1   | 0.253 |   1.038 |    9.001 | 
     | g6023__8428       | B0 ^ -> Y v | OAI21X1  | 0.118 |   1.156 |    9.119 | 
     | g6016__5477       | B0 v -> Y ^ | AOI21X1  | 0.110 |   1.266 |    9.229 | 
     | g5992__1881       | C0 ^ -> Y v | OAI211X1 | 0.178 |   1.444 |    9.407 | 
     | g5988             | A v -> Y ^  | INVXL    | 0.130 |   1.574 |    9.537 | 
     | g5958__4733       | A1 ^ -> Y v | AOI211XL | 0.144 |   1.718 |    9.681 | 
     | pending_q_reg[9]  | D v         | DFFQXL   | 0.000 |   1.718 |    9.681 | 
     +-------------------------------------------------------------------------+ 
Path 8: MET Setup Check with Pin pending_q_reg[7]/CK 
Endpoint:   pending_q_reg[7]/D   (v) checked with  leading edge of 'clk'
Beginpoint: req_sync_q_reg[11]/Q (v) triggered by  leading edge of 'clk'
Path Groups: {clk}
Analysis View: setup_view
Other End Arrival Time          0.001
- Setup                         0.116
+ Phase Shift                  10.000
- Uncertainty                   0.200
= Required Time                 9.685
- Arrival Time                  1.712
= Slack Time                    7.973
     Clock Rise Edge                 0.000
     + Clock Network Latency (Prop)  -0.000
     = Beginpoint Arrival Time       -0.000
     +--------------------------------------------------------------------------+ 
     |      Instance      |     Arc     |   Cell   | Delay | Arrival | Required | 
     |                    |             |          |       |  Time   |   Time   | 
     |--------------------+-------------+----------+-------+---------+----------| 
     | req_sync_q_reg[11] | CK ^        |          |       |  -0.000 |    7.973 | 
     | req_sync_q_reg[11] | CK ^ -> Q v | DFFHQX1  | 0.236 |   0.236 |    8.209 | 
     | g6098__4319        | A0 v -> Y ^ | AOI21X1  | 0.135 |   0.371 |    8.344 | 
     | g6072__7410        | B ^ -> Y v  | NAND2X1  | 0.150 |   0.521 |    8.494 | 
     | g6043__8246        | B v -> Y ^  | NOR2BX1  | 0.127 |   0.647 |    8.620 | 
     | g6041__3680        | A ^ -> Y v  | NAND2X1  | 0.119 |   0.767 |    8.740 | 
     | g6034__5526        | A1 v -> Y ^ | AOI21X1  | 0.129 |   0.895 |    8.869 | 
     | g6032__4319        | B ^ -> Y v  | NAND2X1  | 0.135 |   1.031 |    9.004 | 
     | g6029__9945        | C0 v -> Y ^ | AOI211XL | 0.166 |   1.197 |    9.170 | 
     | g6026              | A ^ -> Y v  | INVXL    | 0.144 |   1.340 |    9.314 | 
     | g6013__6417        | C0 v -> Y ^ | AOI211XL | 0.166 |   1.506 |    9.480 | 
     | g5974__3680        | A1 ^ -> Y v | AOI211XL | 0.206 |   1.712 |    9.685 | 
     | pending_q_reg[7]   | D v         | DFFQXL   | 0.000 |   1.712 |    9.685 | 
     +--------------------------------------------------------------------------+ 
Path 9: MET Setup Check with Pin pending_q_reg[10]/CK 
Endpoint:   pending_q_reg[10]/D (v) checked with  leading edge of 'clk'
Beginpoint: req_sync_q_reg[1]/Q (v) triggered by  leading edge of 'clk'
Path Groups: {clk}
Analysis View: setup_view
Other End Arrival Time          0.001
- Setup                         0.118
+ Phase Shift                  10.000
- Uncertainty                   0.200
= Required Time                 9.683
- Arrival Time                  1.693
= Slack Time                    7.989
     Clock Rise Edge                 0.000
     + Clock Network Latency (Prop)  -0.000
     = Beginpoint Arrival Time       -0.000
     +--------------------------------------------------------------------------+ 
     |     Instance      |     Arc     |   Cell    | Delay | Arrival | Required | 
     |                   |             |           |       |  Time   |   Time   | 
     |-------------------+-------------+-----------+-------+---------+----------| 
     | req_sync_q_reg[1] | CK ^        |           |       |  -0.000 |    7.989 | 
     | req_sync_q_reg[1] | CK ^ -> Q v | DFFHQX1   | 0.231 |   0.230 |    8.220 | 
     | g6094__8428       | A0 v -> Y ^ | AOI21X1   | 0.129 |   0.359 |    8.348 | 
     | g6068__1666       | B ^ -> Y v  | NAND2X1   | 0.160 |   0.519 |    8.509 | 
     | g6037__5115       | A v -> Y ^  | NOR4X1    | 0.267 |   0.786 |    8.775 | 
     | g6033__6783       | A1 ^ -> Y ^ | OA21X1    | 0.253 |   1.038 |    9.028 | 
     | g6023__8428       | B0 ^ -> Y v | OAI21X1   | 0.118 |   1.156 |    9.145 | 
     | g6022             | A v -> Y ^  | INVX1     | 0.074 |   1.230 |    9.219 | 
     | g6014__2883       | C0 ^ -> Y v | OAI211X1  | 0.165 |   1.394 |    9.384 | 
     | g5991__6783       | B0 v -> Y ^ | AOI2BB1XL | 0.156 |   1.551 |    9.540 | 
     | g5955__1881       | A1 ^ -> Y v | AOI211XL  | 0.143 |   1.693 |    9.683 | 
     | pending_q_reg[10] | D v         | DFFQXL    | 0.000 |   1.693 |    9.683 | 
     +--------------------------------------------------------------------------+ 
Path 10: MET Setup Check with Pin pending_q_reg[3]/CK 
Endpoint:   pending_q_reg[3]/D   (v) checked with  leading edge of 'clk'
Beginpoint: req_sync_q_reg[11]/Q (v) triggered by  leading edge of 'clk'
Path Groups: {clk}
Analysis View: setup_view
Other End Arrival Time          0.001
- Setup                         0.113
+ Phase Shift                  10.000
- Uncertainty                   0.200
= Required Time                 9.688
- Arrival Time                  1.660
= Slack Time                    8.027
     Clock Rise Edge                 0.000
     + Clock Network Latency (Prop)  -0.000
     = Beginpoint Arrival Time       -0.000
     +--------------------------------------------------------------------------+ 
     |      Instance      |     Arc     |   Cell   | Delay | Arrival | Required | 
     |                    |             |          |       |  Time   |   Time   | 
     |--------------------+-------------+----------+-------+---------+----------| 
     | req_sync_q_reg[11] | CK ^        |          |       |  -0.000 |    8.027 | 
     | req_sync_q_reg[11] | CK ^ -> Q v | DFFHQX1  | 0.236 |   0.236 |    8.263 | 
     | g6098__4319        | A0 v -> Y ^ | AOI21X1  | 0.135 |   0.371 |    8.398 | 
     | g6072__7410        | B ^ -> Y v  | NAND2X1  | 0.150 |   0.521 |    8.548 | 
     | g6043__8246        | B v -> Y ^  | NOR2BX1  | 0.127 |   0.647 |    8.674 | 
     | g6041__3680        | A ^ -> Y v  | NAND2X1  | 0.119 |   0.767 |    8.794 | 
     | g6034__5526        | A1 v -> Y ^ | AOI21X1  | 0.129 |   0.895 |    8.923 | 
     | g6031__6260        | B ^ -> Y v  | NAND2X1  | 0.137 |   1.032 |    9.059 | 
     | g6030              | A v -> Y ^  | INVX1    | 0.077 |   1.109 |    9.136 | 
     | g6020__7482        | C0 ^ -> Y v | OAI211X1 | 0.120 |   1.229 |    9.256 | 
     | FE_OFC10_n_157     | A v -> Y v  | BUFX2    | 0.132 |   1.361 |    9.388 | 
     | g5994__5477        | C0 v -> Y ^ | AOI211XL | 0.116 |   1.477 |    9.504 | 
     | g5957__5526        | A1 ^ -> Y v | AOI211XL | 0.183 |   1.660 |    9.688 | 
     | pending_q_reg[3]   | D v         | DFFQXL   | 0.000 |   1.660 |    9.688 | 
     +--------------------------------------------------------------------------+ 
Path 11: MET Setup Check with Pin pending_q_reg[12]/CK 
Endpoint:   pending_q_reg[12]/D (v) checked with  leading edge of 'clk'
Beginpoint: req_sync_q_reg[1]/Q (v) triggered by  leading edge of 'clk'
Path Groups: {clk}
Analysis View: setup_view
Other End Arrival Time          0.001
- Setup                         0.091
+ Phase Shift                  10.000
- Uncertainty                   0.200
= Required Time                 9.710
- Arrival Time                  1.676
= Slack Time                    8.034
     Clock Rise Edge                 0.000
     + Clock Network Latency (Prop)  -0.000
     = Beginpoint Arrival Time       -0.000
     +-------------------------------------------------------------------------+ 
     |     Instance      |     Arc     |   Cell   | Delay | Arrival | Required | 
     |                   |             |          |       |  Time   |   Time   | 
     |-------------------+-------------+----------+-------+---------+----------| 
     | req_sync_q_reg[1] | CK ^        |          |       |  -0.000 |    8.033 | 
     | req_sync_q_reg[1] | CK ^ -> Q v | DFFHQX1  | 0.231 |   0.230 |    8.264 | 
     | g6094__8428       | A0 v -> Y ^ | AOI21X1  | 0.129 |   0.359 |    8.393 | 
     | g6068__1666       | B ^ -> Y v  | NAND2X1  | 0.160 |   0.519 |    8.553 | 
     | g6037__5115       | A v -> Y ^  | NOR4X1   | 0.267 |   0.786 |    8.820 | 
     | g6033__6783       | A1 ^ -> Y ^ | OA21X1   | 0.253 |   1.038 |    9.072 | 
     | g6028__5107       | C0 ^ -> Y v | OAI211X1 | 0.138 |   1.176 |    9.210 | 
     | FE_OFC9_n_116     | A v -> Y v  | BUFX2    | 0.129 |   1.305 |    9.339 | 
     | g6017__1666       | B0 v -> Y ^ | AOI21X1  | 0.076 |   1.381 |    9.415 | 
     | g5998__2802       | C0 ^ -> Y v | OAI211X1 | 0.165 |   1.546 |    9.580 | 
     | g5970__5115       | AN v -> Y v | NOR3BXL  | 0.131 |   1.676 |    9.710 | 
     | pending_q_reg[12] | D v         | DFFQXL   | 0.000 |   1.676 |    9.710 | 
     +-------------------------------------------------------------------------+ 
Path 12: MET Setup Check with Pin pending_q_reg[5]/CK 
Endpoint:   pending_q_reg[5]/D   (v) checked with  leading edge of 'clk'
Beginpoint: req_sync_q_reg[11]/Q (v) triggered by  leading edge of 'clk'
Path Groups: {clk}
Analysis View: setup_view
Other End Arrival Time          0.001
- Setup                         0.110
+ Phase Shift                  10.000
- Uncertainty                   0.200
= Required Time                 9.691
- Arrival Time                  1.601
= Slack Time                    8.091
     Clock Rise Edge                 0.000
     + Clock Network Latency (Prop)  -0.000
     = Beginpoint Arrival Time       -0.000
     +--------------------------------------------------------------------------+ 
     |      Instance      |     Arc     |   Cell   | Delay | Arrival | Required | 
     |                    |             |          |       |  Time   |   Time   | 
     |--------------------+-------------+----------+-------+---------+----------| 
     | req_sync_q_reg[11] | CK ^        |          |       |  -0.000 |    8.090 | 
     | req_sync_q_reg[11] | CK ^ -> Q v | DFFHQX1  | 0.236 |   0.236 |    8.326 | 
     | g6098__4319        | A0 v -> Y ^ | AOI21X1  | 0.135 |   0.371 |    8.461 | 
     | g6072__7410        | B ^ -> Y v  | NAND2X1  | 0.150 |   0.521 |    8.611 | 
     | g6043__8246        | B v -> Y ^  | NOR2BX1  | 0.127 |   0.647 |    8.738 | 
     | g6041__3680        | A ^ -> Y v  | NAND2X1  | 0.119 |   0.767 |    8.857 | 
     | g6034__5526        | A1 v -> Y ^ | AOI21X1  | 0.129 |   0.895 |    8.986 | 
     | g6032__4319        | B ^ -> Y v  | NAND2X1  | 0.135 |   1.031 |    9.121 | 
     | g6024__7410        | B0 v -> Y ^ | AOI21X1  | 0.121 |   1.152 |    9.242 | 
     | g6004__8246        | C0 ^ -> Y v | OAI211X1 | 0.188 |   1.340 |    9.430 | 
     | g6000              | A v -> Y ^  | INVXL    | 0.136 |   1.476 |    9.566 | 
     | g5973__7098        | A1 ^ -> Y v | AOI211XL | 0.125 |   1.601 |    9.691 | 
     | pending_q_reg[5]   | D v         | DFFQXL   | 0.000 |   1.601 |    9.691 | 
     +--------------------------------------------------------------------------+ 
Path 13: MET Setup Check with Pin epoch_gray_q_reg[0]/CK 
Endpoint:   epoch_gray_q_reg[0]/D (^) checked with  leading edge of 'clk'
Beginpoint: req_sync_q_reg[1]/Q   (v) triggered by  leading edge of 'clk'
Path Groups: {clk}
Analysis View: setup_view
Other End Arrival Time          0.001
- Setup                         0.163
+ Phase Shift                  10.000
- Uncertainty                   0.200
= Required Time                 9.638
- Arrival Time                  1.544
= Slack Time                    8.095
     Clock Rise Edge                 0.000
     + Clock Network Latency (Prop)  -0.000
     = Beginpoint Arrival Time       -0.000
     +---------------------------------------------------------------------------+ 
     |      Instance       |     Arc     |   Cell   | Delay | Arrival | Required | 
     |                     |             |          |       |  Time   |   Time   | 
     |---------------------+-------------+----------+-------+---------+----------| 
     | req_sync_q_reg[1]   | CK ^        |          |       |  -0.000 |    8.094 | 
     | req_sync_q_reg[1]   | CK ^ -> Q v | DFFHQX1  | 0.231 |   0.230 |    8.325 | 
     | g6094__8428         | A0 v -> Y ^ | AOI21X1  | 0.129 |   0.359 |    8.453 | 
     | g6068__1666         | B ^ -> Y v  | NAND2X1  | 0.160 |   0.519 |    8.614 | 
     | g6037__5115         | A v -> Y ^  | NOR4X1   | 0.267 |   0.786 |    8.880 | 
     | g6033__6783         | A1 ^ -> Y ^ | OA21X1   | 0.253 |   1.038 |    9.133 | 
     | g6021__2398         | A1 ^ -> Y ^ | OA21X1   | 0.196 |   1.234 |    9.329 | 
     | g6349               | B ^ -> Y v  | NAND2BX1 | 0.156 |   1.390 |    9.485 | 
     | g5986__2883         | A1 v -> Y ^ | OAI22XL  | 0.154 |   1.544 |    9.638 | 
     | epoch_gray_q_reg[0] | D ^         | DFFHQX1  | 0.000 |   1.544 |    9.638 | 
     +---------------------------------------------------------------------------+ 
Path 14: MET Setup Check with Pin epoch_gray_q_reg[2]/CK 
Endpoint:   epoch_gray_q_reg[2]/D (^) checked with  leading edge of 'clk'
Beginpoint: req_sync_q_reg[1]/Q   (v) triggered by  leading edge of 'clk'
Path Groups: {clk}
Analysis View: setup_view
Other End Arrival Time          0.001
- Setup                         0.162
+ Phase Shift                  10.000
- Uncertainty                   0.200
= Required Time                 9.639
- Arrival Time                  1.543
= Slack Time                    8.096
     Clock Rise Edge                 0.000
     + Clock Network Latency (Prop)  -0.000
     = Beginpoint Arrival Time       -0.000
     +---------------------------------------------------------------------------+ 
     |      Instance       |     Arc     |   Cell   | Delay | Arrival | Required | 
     |                     |             |          |       |  Time   |   Time   | 
     |---------------------+-------------+----------+-------+---------+----------| 
     | req_sync_q_reg[1]   | CK ^        |          |       |  -0.000 |    8.096 | 
     | req_sync_q_reg[1]   | CK ^ -> Q v | DFFHQX1  | 0.231 |   0.230 |    8.327 | 
     | g6094__8428         | A0 v -> Y ^ | AOI21X1  | 0.129 |   0.359 |    8.455 | 
     | g6068__1666         | B ^ -> Y v  | NAND2X1  | 0.160 |   0.519 |    8.616 | 
     | g6037__5115         | A v -> Y ^  | NOR4X1   | 0.267 |   0.786 |    8.882 | 
     | g6033__6783         | A1 ^ -> Y ^ | OA21X1   | 0.253 |   1.038 |    9.135 | 
     | g6021__2398         | A1 ^ -> Y ^ | OA21X1   | 0.196 |   1.234 |    9.331 | 
     | g6349               | B ^ -> Y v  | NAND2BX1 | 0.156 |   1.390 |    9.486 | 
     | g5983__1666         | A1 v -> Y ^ | OAI22XL  | 0.153 |   1.543 |    9.639 | 
     | epoch_gray_q_reg[2] | D ^         | DFFHQX1  | 0.000 |   1.543 |    9.639 | 
     +---------------------------------------------------------------------------+ 
Path 15: MET Setup Check with Pin epoch_gray_q_reg[1]/CK 
Endpoint:   epoch_gray_q_reg[1]/D (^) checked with  leading edge of 'clk'
Beginpoint: req_sync_q_reg[1]/Q   (v) triggered by  leading edge of 'clk'
Path Groups: {clk}
Analysis View: setup_view
Other End Arrival Time          0.001
- Setup                         0.160
+ Phase Shift                  10.000
- Uncertainty                   0.200
= Required Time                 9.641
- Arrival Time                  1.540
= Slack Time                    8.100
     Clock Rise Edge                 0.000
     + Clock Network Latency (Prop)  -0.000
     = Beginpoint Arrival Time       -0.000
     +---------------------------------------------------------------------------+ 
     |      Instance       |     Arc     |   Cell   | Delay | Arrival | Required | 
     |                     |             |          |       |  Time   |   Time   | 
     |---------------------+-------------+----------+-------+---------+----------| 
     | req_sync_q_reg[1]   | CK ^        |          |       |  -0.000 |    8.100 | 
     | req_sync_q_reg[1]   | CK ^ -> Q v | DFFHQX1  | 0.231 |   0.230 |    8.330 | 
     | g6094__8428         | A0 v -> Y ^ | AOI21X1  | 0.129 |   0.359 |    8.459 | 
     | g6068__1666         | B ^ -> Y v  | NAND2X1  | 0.160 |   0.519 |    8.619 | 
     | g6037__5115         | A v -> Y ^  | NOR4X1   | 0.267 |   0.786 |    8.886 | 
     | g6033__6783         | A1 ^ -> Y ^ | OA21X1   | 0.253 |   1.038 |    9.139 | 
     | g6021__2398         | A1 ^ -> Y ^ | OA21X1   | 0.196 |   1.234 |    9.335 | 
     | g6349               | B ^ -> Y v  | NAND2BX1 | 0.156 |   1.390 |    9.490 | 
     | g5985__9945         | A1 v -> Y ^ | OAI22XL  | 0.150 |   1.540 |    9.641 | 
     | epoch_gray_q_reg[1] | D ^         | DFFHQX1  | 0.000 |   1.540 |    9.641 | 
     +---------------------------------------------------------------------------+ 
Path 16: MET Setup Check with Pin epoch_gray_q_reg[3]/CK 
Endpoint:   epoch_gray_q_reg[3]/D (^) checked with  leading edge of 'clk'
Beginpoint: req_sync_q_reg[1]/Q   (v) triggered by  leading edge of 'clk'
Path Groups: {clk}
Analysis View: setup_view
Other End Arrival Time          0.001
- Setup                         0.160
+ Phase Shift                  10.000
- Uncertainty                   0.200
= Required Time                 9.641
- Arrival Time                  1.540
= Slack Time                    8.100
     Clock Rise Edge                 0.000
     + Clock Network Latency (Prop)  -0.000
     = Beginpoint Arrival Time       -0.000
     +---------------------------------------------------------------------------+ 
     |      Instance       |     Arc     |   Cell   | Delay | Arrival | Required | 
     |                     |             |          |       |  Time   |   Time   | 
     |---------------------+-------------+----------+-------+---------+----------| 
     | req_sync_q_reg[1]   | CK ^        |          |       |  -0.000 |    8.100 | 
     | req_sync_q_reg[1]   | CK ^ -> Q v | DFFHQX1  | 0.231 |   0.230 |    8.331 | 
     | g6094__8428         | A0 v -> Y ^ | AOI21X1  | 0.129 |   0.359 |    8.459 | 
     | g6068__1666         | B ^ -> Y v  | NAND2X1  | 0.160 |   0.519 |    8.620 | 
     | g6037__5115         | A v -> Y ^  | NOR4X1   | 0.267 |   0.786 |    8.886 | 
     | g6033__6783         | A1 ^ -> Y ^ | OA21X1   | 0.253 |   1.038 |    9.139 | 
     | g6021__2398         | A1 ^ -> Y ^ | OA21X1   | 0.196 |   1.234 |    9.335 | 
     | g6349               | B ^ -> Y v  | NAND2BX1 | 0.156 |   1.390 |    9.490 | 
     | g5984__9315         | A1 v -> Y ^ | OAI22XL  | 0.150 |   1.540 |    9.641 | 
     | epoch_gray_q_reg[3] | D ^         | DFFHQX1  | 0.000 |   1.540 |    9.641 | 
     +---------------------------------------------------------------------------+ 
Path 17: MET Setup Check with Pin pending_q_reg[1]/CK 
Endpoint:   pending_q_reg[1]/D   (v) checked with  leading edge of 'clk'
Beginpoint: req_sync_q_reg[11]/Q (v) triggered by  leading edge of 'clk'
Path Groups: {clk}
Analysis View: setup_view
Other End Arrival Time          0.001
- Setup                         0.115
+ Phase Shift                  10.000
- Uncertainty                   0.200
= Required Time                 9.686
- Arrival Time                  1.584
= Slack Time                    8.102
     Clock Rise Edge                 0.000
     + Clock Network Latency (Prop)  -0.000
     = Beginpoint Arrival Time       -0.000
     +--------------------------------------------------------------------------+ 
     |      Instance      |     Arc     |   Cell   | Delay | Arrival | Required | 
     |                    |             |          |       |  Time   |   Time   | 
     |--------------------+-------------+----------+-------+---------+----------| 
     | req_sync_q_reg[11] | CK ^        |          |       |  -0.000 |    8.102 | 
     | req_sync_q_reg[11] | CK ^ -> Q v | DFFHQX1  | 0.236 |   0.236 |    8.338 | 
     | g6098__4319        | A0 v -> Y ^ | AOI21X1  | 0.135 |   0.371 |    8.473 | 
     | g6072__7410        | B ^ -> Y v  | NAND2X1  | 0.150 |   0.521 |    8.623 | 
     | g6043__8246        | B v -> Y ^  | NOR2BX1  | 0.127 |   0.647 |    8.749 | 
     | g6041__3680        | A ^ -> Y v  | NAND2X1  | 0.119 |   0.767 |    8.869 | 
     | g6034__5526        | A1 v -> Y ^ | AOI21X1  | 0.129 |   0.895 |    8.997 | 
     | g6031__6260        | B ^ -> Y v  | NAND2X1  | 0.137 |   1.032 |    9.134 | 
     | g6027__6417        | B0 v -> Y ^ | AOI21X1  | 0.121 |   1.153 |    9.255 | 
     | g6005__7098        | C0 ^ -> Y v | OAI211X1 | 0.176 |   1.329 |    9.431 | 
     | g6001              | A v -> Y ^  | INVXL    | 0.123 |   1.451 |    9.554 | 
     | g5968__2802        | A1 ^ -> Y v | AOI211XL | 0.132 |   1.584 |    9.686 | 
     | pending_q_reg[1]   | D v         | DFFQXL   | 0.000 |   1.584 |    9.686 | 
     +--------------------------------------------------------------------------+ 
Path 18: MET Setup Check with Pin pending_q_reg[2]/CK 
Endpoint:   pending_q_reg[2]/D   (v) checked with  leading edge of 'clk'
Beginpoint: req_sync_q_reg[11]/Q (v) triggered by  leading edge of 'clk'
Path Groups: {clk}
Analysis View: setup_view
Other End Arrival Time          0.001
- Setup                         0.114
+ Phase Shift                  10.000
- Uncertainty                   0.200
= Required Time                 9.687
- Arrival Time                  1.567
= Slack Time                    8.121
     Clock Rise Edge                 0.000
     + Clock Network Latency (Prop)  -0.000
     = Beginpoint Arrival Time       -0.000
     +---------------------------------------------------------------------------+ 
     |      Instance      |     Arc     |   Cell    | Delay | Arrival | Required | 
     |                    |             |           |       |  Time   |   Time   | 
     |--------------------+-------------+-----------+-------+---------+----------| 
     | req_sync_q_reg[11] | CK ^        |           |       |  -0.000 |    8.120 | 
     | req_sync_q_reg[11] | CK ^ -> Q v | DFFHQX1   | 0.236 |   0.236 |    8.357 | 
     | g6098__4319        | A0 v -> Y ^ | AOI21X1   | 0.135 |   0.371 |    8.491 | 
     | g6072__7410        | B ^ -> Y v  | NAND2X1   | 0.150 |   0.521 |    8.641 | 
     | g6043__8246        | B v -> Y ^  | NOR2BX1   | 0.127 |   0.647 |    8.768 | 
     | g6041__3680        | A ^ -> Y v  | NAND2X1   | 0.119 |   0.767 |    8.887 | 
     | g6034__5526        | A1 v -> Y ^ | AOI21X1   | 0.129 |   0.895 |    9.016 | 
     | g6031__6260        | B ^ -> Y v  | NAND2X1   | 0.137 |   1.032 |    9.153 | 
     | g6030              | A v -> Y ^  | INVX1     | 0.077 |   1.109 |    9.229 | 
     | g6020__7482        | C0 ^ -> Y v | OAI211X1  | 0.120 |   1.229 |    9.349 | 
     | FE_OFC10_n_157     | A v -> Y v  | BUFX2     | 0.132 |   1.361 |    9.482 | 
     | g6002__6260        | B0 v -> Y ^ | AOI2BB1XL | 0.067 |   1.428 |    9.549 | 
     | g5972__8246        | A1 ^ -> Y v | AOI211XL  | 0.138 |   1.567 |    9.687 | 
     | pending_q_reg[2]   | D v         | DFFQXL    | 0.000 |   1.567 |    9.687 | 
     +---------------------------------------------------------------------------+ 
Path 19: MET Setup Check with Pin out_addr_q_reg[2]/CK 
Endpoint:   out_addr_q_reg[2]/D (^) checked with  leading edge of 'clk'
Beginpoint: req_sync_q_reg[1]/Q (v) triggered by  leading edge of 'clk'
Path Groups: {clk}
Analysis View: setup_view
Other End Arrival Time          0.001
- Setup                         0.123
+ Phase Shift                  10.000
- Uncertainty                   0.200
= Required Time                 9.678
- Arrival Time                  1.536
= Slack Time                    8.143
     Clock Rise Edge                 0.000
     + Clock Network Latency (Prop)  -0.000
     = Beginpoint Arrival Time       -0.000
     +-------------------------------------------------------------------------+ 
     |     Instance      |     Arc     |   Cell   | Delay | Arrival | Required | 
     |                   |             |          |       |  Time   |   Time   | 
     |-------------------+-------------+----------+-------+---------+----------| 
     | req_sync_q_reg[1] | CK ^        |          |       |  -0.000 |    8.142 | 
     | req_sync_q_reg[1] | CK ^ -> Q v | DFFHQX1  | 0.231 |   0.230 |    8.373 | 
     | g6094__8428       | A0 v -> Y ^ | AOI21X1  | 0.129 |   0.359 |    8.501 | 
     | g6068__1666       | B ^ -> Y v  | NAND2X1  | 0.160 |   0.519 |    8.662 | 
     | g6037__5115       | A v -> Y ^  | NOR4X1   | 0.267 |   0.786 |    8.928 | 
     | g6033__6783       | A1 ^ -> Y ^ | OA21X1   | 0.253 |   1.038 |    9.181 | 
     | g6028__5107       | C0 ^ -> Y v | OAI211X1 | 0.138 |   1.176 |    9.319 | 
     | FE_OFC9_n_116     | A v -> Y v  | BUFX2    | 0.129 |   1.305 |    9.448 | 
     | g6015__2346       | B v -> Y ^  | NAND2XL  | 0.059 |   1.364 |    9.507 | 
     | g5996__5526       | B ^ -> Y ^  | MX2XL    | 0.171 |   1.536 |    9.678 | 
     | out_addr_q_reg[2] | D ^         | DFFQXL   | 0.000 |   1.536 |    9.678 | 
     +-------------------------------------------------------------------------+ 
Path 20: MET Setup Check with Pin out_valid_q_reg/CK 
Endpoint:   out_valid_q_reg/D   (^) checked with  leading edge of 'clk'
Beginpoint: req_sync_q_reg[1]/Q (v) triggered by  leading edge of 'clk'
Path Groups: {clk}
Analysis View: setup_view
Other End Arrival Time          0.001
- Setup                         0.150
+ Phase Shift                  10.000
- Uncertainty                   0.200
= Required Time                 9.651
- Arrival Time                  1.507
= Slack Time                    8.144
     Clock Rise Edge                 0.000
     + Clock Network Latency (Prop)  -0.000
     = Beginpoint Arrival Time       -0.000
     +-------------------------------------------------------------------------+ 
     |     Instance      |     Arc     |   Cell   | Delay | Arrival | Required | 
     |                   |             |          |       |  Time   |   Time   | 
     |-------------------+-------------+----------+-------+---------+----------| 
     | req_sync_q_reg[1] | CK ^        |          |       |  -0.000 |    8.143 | 
     | req_sync_q_reg[1] | CK ^ -> Q v | DFFHQX1  | 0.231 |   0.230 |    8.374 | 
     | g6094__8428       | A0 v -> Y ^ | AOI21X1  | 0.129 |   0.359 |    8.503 | 
     | g6068__1666       | B ^ -> Y v  | NAND2X1  | 0.160 |   0.519 |    8.663 | 
     | g6037__5115       | A v -> Y ^  | NOR4X1   | 0.267 |   0.786 |    8.930 | 
     | g6033__6783       | A1 ^ -> Y ^ | OA21X1   | 0.253 |   1.038 |    9.182 | 
     | g6021__2398       | A1 ^ -> Y ^ | OA21X1   | 0.196 |   1.234 |    9.378 | 
     | g6349             | B ^ -> Y v  | NAND2BX1 | 0.156 |   1.390 |    9.534 | 
     | g5997__3680       | B0 v -> Y ^ | OAI21XL  | 0.117 |   1.507 |    9.651 | 
     | out_valid_q_reg   | D ^         | DFFQXL   | 0.000 |   1.507 |    9.651 | 
     +-------------------------------------------------------------------------+ 
Path 21: MET Setup Check with Pin pending_q_reg[8]/CK 
Endpoint:   pending_q_reg[8]/D  (v) checked with  leading edge of 'clk'
Beginpoint: req_sync_q_reg[1]/Q (v) triggered by  leading edge of 'clk'
Path Groups: {clk}
Analysis View: setup_view
Other End Arrival Time          0.001
- Setup                         0.107
+ Phase Shift                  10.000
- Uncertainty                   0.200
= Required Time                 9.693
- Arrival Time                  1.546
= Slack Time                    8.148
     Clock Rise Edge                 0.000
     + Clock Network Latency (Prop)  -0.000
     = Beginpoint Arrival Time       -0.000
     +-------------------------------------------------------------------------+ 
     |     Instance      |     Arc     |   Cell   | Delay | Arrival | Required | 
     |                   |             |          |       |  Time   |   Time   | 
     |-------------------+-------------+----------+-------+---------+----------| 
     | req_sync_q_reg[1] | CK ^        |          |       |  -0.000 |    8.147 | 
     | req_sync_q_reg[1] | CK ^ -> Q v | DFFHQX1  | 0.231 |   0.230 |    8.378 | 
     | g6094__8428       | A0 v -> Y ^ | AOI21X1  | 0.129 |   0.359 |    8.506 | 
     | g6068__1666       | B ^ -> Y v  | NAND2X1  | 0.160 |   0.519 |    8.667 | 
     | g6037__5115       | A v -> Y ^  | NOR4X1   | 0.267 |   0.786 |    8.933 | 
     | g6033__6783       | A1 ^ -> Y ^ | OA21X1   | 0.253 |   1.038 |    9.186 | 
     | g6023__8428       | B0 ^ -> Y v | OAI21X1  | 0.118 |   1.156 |    9.303 | 
     | g6016__5477       | B0 v -> Y ^ | AOI21X1  | 0.110 |   1.266 |    9.414 | 
     | g6009__6161       | B0 ^ -> Y ^ | OA21X1   | 0.171 |   1.437 |    9.585 | 
     | g5969__2398       | A1 ^ -> Y v | AOI211XL | 0.109 |   1.546 |    9.693 | 
     | pending_q_reg[8]  | D v         | DFFQXL   | 0.000 |   1.546 |    9.693 | 
     +-------------------------------------------------------------------------+ 
Path 22: MET Setup Check with Pin pending_q_reg[6]/CK 
Endpoint:   pending_q_reg[6]/D  (^) checked with  leading edge of 'clk'
Beginpoint: req_sync_q_reg[1]/Q (v) triggered by  leading edge of 'clk'
Path Groups: {clk}
Analysis View: setup_view
Other End Arrival Time          0.001
- Setup                         0.194
+ Phase Shift                  10.000
- Uncertainty                   0.200
= Required Time                 9.607
- Arrival Time                  1.416
= Slack Time                    8.190
     Clock Rise Edge                 0.000
     + Clock Network Latency (Prop)  -0.000
     = Beginpoint Arrival Time       -0.000
     +-------------------------------------------------------------------------+ 
     |     Instance      |     Arc     |   Cell   | Delay | Arrival | Required | 
     |                   |             |          |       |  Time   |   Time   | 
     |-------------------+-------------+----------+-------+---------+----------| 
     | req_sync_q_reg[1] | CK ^        |          |       |  -0.000 |    8.190 | 
     | req_sync_q_reg[1] | CK ^ -> Q v | DFFHQX1  | 0.231 |   0.230 |    8.420 | 
     | g6094__8428       | A0 v -> Y ^ | AOI21X1  | 0.129 |   0.359 |    8.549 | 
     | g6068__1666       | B ^ -> Y v  | NAND2X1  | 0.160 |   0.519 |    8.709 | 
     | g6037__5115       | A v -> Y ^  | NOR4X1   | 0.267 |   0.786 |    8.976 | 
     | g6034__5526       | B0 ^ -> Y v | AOI21X1  | 0.158 |   0.943 |    9.134 | 
     | g6032__4319       | B v -> Y ^  | NAND2X1  | 0.106 |   1.050 |    9.240 | 
     | g6029__9945       | C0 ^ -> Y v | AOI211XL | 0.078 |   1.128 |    9.318 | 
     | g6010__4319       | C0 v -> Y ^ | OAI211X1 | 0.106 |   1.234 |    9.425 | 
     | g5982__6131       | AN ^ -> Y ^ | NOR3BXL  | 0.182 |   1.416 |    9.607 | 
     | pending_q_reg[6]  | D ^         | DFFQXL   | 0.000 |   1.416 |    9.607 | 
     +-------------------------------------------------------------------------+ 
Path 23: MET Setup Check with Pin pending_q_reg[4]/CK 
Endpoint:   pending_q_reg[4]/D  (^) checked with  leading edge of 'clk'
Beginpoint: req_sync_q_reg[1]/Q (v) triggered by  leading edge of 'clk'
Path Groups: {clk}
Analysis View: setup_view
Other End Arrival Time          0.001
- Setup                         0.194
+ Phase Shift                  10.000
- Uncertainty                   0.200
= Required Time                 9.607
- Arrival Time                  1.379
= Slack Time                    8.228
     Clock Rise Edge                 0.000
     + Clock Network Latency (Prop)  -0.000
     = Beginpoint Arrival Time       -0.000
     +-------------------------------------------------------------------------+ 
     |     Instance      |     Arc     |   Cell   | Delay | Arrival | Required | 
     |                   |             |          |       |  Time   |   Time   | 
     |-------------------+-------------+----------+-------+---------+----------| 
     | req_sync_q_reg[1] | CK ^        |          |       |  -0.000 |    8.228 | 
     | req_sync_q_reg[1] | CK ^ -> Q v | DFFHQX1  | 0.231 |   0.230 |    8.458 | 
     | g6094__8428       | A0 v -> Y ^ | AOI21X1  | 0.129 |   0.359 |    8.587 | 
     | g6068__1666       | B ^ -> Y v  | NAND2X1  | 0.160 |   0.519 |    8.747 | 
     | g6037__5115       | A v -> Y ^  | NOR4X1   | 0.267 |   0.786 |    9.014 | 
     | g6034__5526       | B0 ^ -> Y v | AOI21X1  | 0.158 |   0.943 |    9.172 | 
     | g6032__4319       | B v -> Y ^  | NAND2X1  | 0.106 |   1.050 |    9.278 | 
     | g6024__7410       | B0 ^ -> Y v | AOI21X1  | 0.066 |   1.116 |    9.344 | 
     | g6011__1705       | C0 v -> Y ^ | OAI211X1 | 0.081 |   1.197 |    9.425 | 
     | g5977__6161       | AN ^ -> Y ^ | NOR3BXL  | 0.182 |   1.379 |    9.607 | 
     | pending_q_reg[4]  | D ^         | DFFQXL   | 0.000 |   1.379 |    9.607 | 
     +-------------------------------------------------------------------------+ 
Path 24: MET Setup Check with Pin pending_q_reg[0]/CK 
Endpoint:   pending_q_reg[0]/D  (^) checked with  leading edge of 'clk'
Beginpoint: req_sync_q_reg[1]/Q (v) triggered by  leading edge of 'clk'
Path Groups: {clk}
Analysis View: setup_view
Other End Arrival Time          0.001
- Setup                         0.155
+ Phase Shift                  10.000
- Uncertainty                   0.200
= Required Time                 9.646
- Arrival Time                  1.360
= Slack Time                    8.286
     Clock Rise Edge                 0.000
     + Clock Network Latency (Prop)  -0.000
     = Beginpoint Arrival Time       -0.000
     +-------------------------------------------------------------------------+ 
     |     Instance      |     Arc     |   Cell   | Delay | Arrival | Required | 
     |                   |             |          |       |  Time   |   Time   | 
     |-------------------+-------------+----------+-------+---------+----------| 
     | req_sync_q_reg[1] | CK ^        |          |       |  -0.000 |    8.285 | 
     | req_sync_q_reg[1] | CK ^ -> Q v | DFFHQX1  | 0.231 |   0.230 |    8.516 | 
     | g6094__8428       | A0 v -> Y ^ | AOI21X1  | 0.129 |   0.359 |    8.644 | 
     | g6068__1666       | B ^ -> Y v  | NAND2X1  | 0.160 |   0.519 |    8.805 | 
     | g6037__5115       | A v -> Y ^  | NOR4X1   | 0.267 |   0.786 |    9.071 | 
     | g6034__5526       | B0 ^ -> Y v | AOI21X1  | 0.158 |   0.943 |    9.229 | 
     | g6031__6260       | B v -> Y ^  | NAND2X1  | 0.106 |   1.050 |    9.335 | 
     | g6027__6417       | B0 ^ -> Y v | AOI21X1  | 0.066 |   1.116 |    9.402 | 
     | g6012__5122       | C0 v -> Y ^ | OAI211X1 | 0.086 |   1.202 |    9.487 | 
     | g5976__7482       | AN ^ -> Y ^ | NOR3BXL  | 0.159 |   1.360 |    9.646 | 
     | pending_q_reg[0]  | D ^         | DFFQXL   | 0.000 |   1.360 |    9.646 | 
     +-------------------------------------------------------------------------+ 
Path 25: MET Setup Check with Pin out_addr_q_reg[3]/CK 
Endpoint:   out_addr_q_reg[3]/D (^) checked with  leading edge of 'clk'
Beginpoint: req_sync_q_reg[1]/Q (v) triggered by  leading edge of 'clk'
Path Groups: {clk}
Analysis View: setup_view
Other End Arrival Time          0.001
- Setup                         0.122
+ Phase Shift                  10.000
- Uncertainty                   0.200
= Required Time                 9.679
- Arrival Time                  1.388
= Slack Time                    8.291
     Clock Rise Edge                 0.000
     + Clock Network Latency (Prop)  -0.000
     = Beginpoint Arrival Time       -0.000
     +------------------------------------------------------------------------+ 
     |     Instance      |     Arc     |  Cell   | Delay | Arrival | Required | 
     |                   |             |         |       |  Time   |   Time   | 
     |-------------------+-------------+---------+-------+---------+----------| 
     | req_sync_q_reg[1] | CK ^        |         |       |  -0.000 |    8.291 | 
     | req_sync_q_reg[1] | CK ^ -> Q v | DFFHQX1 | 0.231 |   0.230 |    8.521 | 
     | g6094__8428       | A0 v -> Y ^ | AOI21X1 | 0.129 |   0.359 |    8.650 | 
     | g6068__1666       | B ^ -> Y v  | NAND2X1 | 0.160 |   0.519 |    8.810 | 
     | g6037__5115       | A v -> Y ^  | NOR4X1  | 0.267 |   0.786 |    9.077 | 
     | g6033__6783       | A1 ^ -> Y ^ | OA21X1  | 0.253 |   1.038 |    9.329 | 
     | g6021__2398       | A1 ^ -> Y ^ | OA21X1  | 0.196 |   1.234 |    9.525 | 
     | g5995__6131       | S0 ^ -> Y ^ | MX2XL   | 0.154 |   1.388 |    9.679 | 
     | out_addr_q_reg[3] | D ^         | DFFQXL  | 0.000 |   1.388 |    9.679 | 
     +------------------------------------------------------------------------+ 
Path 26: MET Setup Check with Pin ack_q_reg[11]/CK 
Endpoint:   ack_q_reg[11]/D      (^) checked with  leading edge of 'clk'
Beginpoint: req_sync_q_reg[11]/Q (^) triggered by  leading edge of 'clk'
Path Groups: {clk}
Analysis View: setup_view
Other End Arrival Time          0.001
- Setup                         0.194
+ Phase Shift                  10.000
- Uncertainty                   0.200
= Required Time                 9.607
- Arrival Time                  0.404
= Slack Time                    9.203
     Clock Rise Edge                 0.000
     + Clock Network Latency (Prop)  -0.000
     = Beginpoint Arrival Time       -0.000
     +--------------------------------------------------------------------------+ 
     |      Instance      |     Arc     |   Cell   | Delay | Arrival | Required | 
     |                    |             |          |       |  Time   |   Time   | 
     |--------------------+-------------+----------+-------+---------+----------| 
     | req_sync_q_reg[11] | CK ^        |          |       |  -0.000 |    9.202 | 
     | req_sync_q_reg[11] | CK ^ -> Q ^ | DFFHQX1  | 0.206 |   0.205 |    9.408 | 
     | g6136              | A ^ -> Y v  | INVXL    | 0.062 |   0.267 |    9.470 | 
     | g6100__4319        | B0 v -> Y ^ | AOI211XL | 0.137 |   0.404 |    9.607 | 
     | ack_q_reg[11]      | D ^         | DFFQXL   | 0.000 |   0.404 |    9.607 | 
     +--------------------------------------------------------------------------+ 
Path 27: MET Setup Check with Pin ack_q_reg[10]/CK 
Endpoint:   ack_q_reg[10]/D      (^) checked with  leading edge of 'clk'
Beginpoint: req_sync_q_reg[10]/Q (^) triggered by  leading edge of 'clk'
Path Groups: {clk}
Analysis View: setup_view
Other End Arrival Time          0.001
- Setup                         0.190
+ Phase Shift                  10.000
- Uncertainty                   0.200
= Required Time                 9.611
- Arrival Time                  0.396
= Slack Time                    9.215
     Clock Rise Edge                 0.000
     + Clock Network Latency (Prop)  -0.000
     = Beginpoint Arrival Time       -0.000
     +--------------------------------------------------------------------------+ 
     |      Instance      |     Arc     |   Cell   | Delay | Arrival | Required | 
     |                    |             |          |       |  Time   |   Time   | 
     |--------------------+-------------+----------+-------+---------+----------| 
     | req_sync_q_reg[10] | CK ^        |          |       |  -0.000 |    9.214 | 
     | req_sync_q_reg[10] | CK ^ -> Q ^ | DFFHQX1  | 0.204 |   0.203 |    9.418 | 
     | g6160              | A ^ -> Y v  | INVXL    | 0.061 |   0.264 |    9.479 | 
     | g6114__5115        | B0 v -> Y ^ | AOI211XL | 0.131 |   0.396 |    9.611 | 
     | ack_q_reg[10]      | D ^         | DFFQXL   | 0.000 |   0.396 |    9.611 | 
     +--------------------------------------------------------------------------+ 
Path 28: MET Setup Check with Pin ack_q_reg[7]/CK 
Endpoint:   ack_q_reg[7]/D      (^) checked with  leading edge of 'clk'
Beginpoint: req_sync_q_reg[7]/Q (^) triggered by  leading edge of 'clk'
Path Groups: {clk}
Analysis View: setup_view
Other End Arrival Time          0.001
- Setup                         0.177
+ Phase Shift                  10.000
- Uncertainty                   0.200
= Required Time                 9.624
- Arrival Time                  0.391
= Slack Time                    9.233
     Clock Rise Edge                 0.000
     + Clock Network Latency (Prop)  -0.000
     = Beginpoint Arrival Time       -0.000
     +-------------------------------------------------------------------------+ 
     |     Instance      |     Arc     |   Cell   | Delay | Arrival | Required | 
     |                   |             |          |       |  Time   |   Time   | 
     |-------------------+-------------+----------+-------+---------+----------| 
     | req_sync_q_reg[7] | CK ^        |          |       |  -0.000 |    9.233 | 
     | req_sync_q_reg[7] | CK ^ -> Q ^ | DFFHQX1  | 0.202 |   0.201 |    9.434 | 
     | g6157             | A ^ -> Y v  | INVXL    | 0.056 |   0.257 |    9.491 | 
     | g6109__5526       | B0 v -> Y ^ | AOI211XL | 0.134 |   0.391 |    9.624 | 
     | ack_q_reg[7]      | D ^         | DFFQXL   | 0.000 |   0.391 |    9.624 | 
     +-------------------------------------------------------------------------+ 
Path 29: MET Setup Check with Pin ack_q_reg[2]/CK 
Endpoint:   ack_q_reg[2]/D      (^) checked with  leading edge of 'clk'
Beginpoint: req_sync_q_reg[2]/Q (^) triggered by  leading edge of 'clk'
Path Groups: {clk}
Analysis View: setup_view
Other End Arrival Time          0.001
- Setup                         0.166
+ Phase Shift                  10.000
- Uncertainty                   0.200
= Required Time                 9.635
- Arrival Time                  0.391
= Slack Time                    9.243
     Clock Rise Edge                 0.000
     + Clock Network Latency (Prop)  -0.001
     = Beginpoint Arrival Time       -0.001
     +-------------------------------------------------------------------------+ 
     |     Instance      |     Arc     |   Cell   | Delay | Arrival | Required | 
     |                   |             |          |       |  Time   |   Time   | 
     |-------------------+-------------+----------+-------+---------+----------| 
     | req_sync_q_reg[2] | CK ^        |          |       |  -0.001 |    9.243 | 
     | req_sync_q_reg[2] | CK ^ -> Q ^ | DFFHQX1  | 0.203 |   0.203 |    9.446 | 
     | g6135             | A ^ -> Y v  | INVXL    | 0.066 |   0.268 |    9.512 | 
     | g6106__1617       | B0 v -> Y ^ | AOI211XL | 0.123 |   0.391 |    9.635 | 
     | ack_q_reg[2]      | D ^         | DFFQXL   | 0.000 |   0.391 |    9.635 | 
     +-------------------------------------------------------------------------+ 
Path 30: MET Setup Check with Pin ack_q_reg[1]/CK 
Endpoint:   ack_q_reg[1]/D      (^) checked with  leading edge of 'clk'
Beginpoint: req_sync_q_reg[1]/Q (^) triggered by  leading edge of 'clk'
Path Groups: {clk}
Analysis View: setup_view
Other End Arrival Time          0.001
- Setup                         0.163
+ Phase Shift                  10.000
- Uncertainty                   0.200
= Required Time                 9.638
- Arrival Time                  0.389
= Slack Time                    9.248
     Clock Rise Edge                 0.000
     + Clock Network Latency (Prop)  -0.000
     = Beginpoint Arrival Time       -0.000
     +-------------------------------------------------------------------------+ 
     |     Instance      |     Arc     |   Cell   | Delay | Arrival | Required | 
     |                   |             |          |       |  Time   |   Time   | 
     |-------------------+-------------+----------+-------+---------+----------| 
     | req_sync_q_reg[1] | CK ^        |          |       |  -0.000 |    9.248 | 
     | req_sync_q_reg[1] | CK ^ -> Q ^ | DFFHQX1  | 0.201 |   0.201 |    9.449 | 
     | g6138             | A ^ -> Y v  | INVXL    | 0.065 |   0.266 |    9.514 | 
     | g6115__6260       | B0 v -> Y ^ | AOI211XL | 0.124 |   0.389 |    9.638 | 
     | ack_q_reg[1]      | D ^         | DFFQXL   | 0.000 |   0.389 |    9.638 | 
     +-------------------------------------------------------------------------+ 
Path 31: MET Setup Check with Pin ack_q_reg[4]/CK 
Endpoint:   ack_q_reg[4]/D      (^) checked with  leading edge of 'clk'
Beginpoint: req_sync_q_reg[4]/Q (^) triggered by  leading edge of 'clk'
Path Groups: {clk}
Analysis View: setup_view
Other End Arrival Time          0.001
- Setup                         0.168
+ Phase Shift                  10.000
- Uncertainty                   0.200
= Required Time                 9.633
- Arrival Time                  0.383
= Slack Time                    9.250
     Clock Rise Edge                 0.000
     + Clock Network Latency (Prop)  -0.000
     = Beginpoint Arrival Time       -0.000
     +-------------------------------------------------------------------------+ 
     |     Instance      |     Arc     |   Cell   | Delay | Arrival | Required | 
     |                   |             |          |       |  Time   |   Time   | 
     |-------------------+-------------+----------+-------+---------+----------| 
     | req_sync_q_reg[4] | CK ^        |          |       |  -0.000 |    9.250 | 
     | req_sync_q_reg[4] | CK ^ -> Q ^ | DFFHQX1  | 0.200 |   0.199 |    9.450 | 
     | g6140             | A ^ -> Y v  | INVXL    | 0.060 |   0.260 |    9.510 | 
     | g6108__1705       | B0 v -> Y ^ | AOI211XL | 0.123 |   0.383 |    9.633 | 
     | ack_q_reg[4]      | D ^         | DFFQXL   | 0.000 |   0.383 |    9.633 | 
     +-------------------------------------------------------------------------+ 
Path 32: MET Setup Check with Pin ack_q_reg[3]/CK 
Endpoint:   ack_q_reg[3]/D      (^) checked with  leading edge of 'clk'
Beginpoint: req_sync_q_reg[3]/Q (^) triggered by  leading edge of 'clk'
Path Groups: {clk}
Analysis View: setup_view
Other End Arrival Time          0.001
- Setup                         0.167
+ Phase Shift                  10.000
- Uncertainty                   0.200
= Required Time                 9.634
- Arrival Time                  0.382
= Slack Time                    9.251
     Clock Rise Edge                 0.000
     + Clock Network Latency (Prop)  -0.001
     = Beginpoint Arrival Time       -0.001
     +-------------------------------------------------------------------------+ 
     |     Instance      |     Arc     |   Cell   | Delay | Arrival | Required | 
     |                   |             |          |       |  Time   |   Time   | 
     |-------------------+-------------+----------+-------+---------+----------| 
     | req_sync_q_reg[3] | CK ^        |          |       |  -0.001 |    9.251 | 
     | req_sync_q_reg[3] | CK ^ -> Q ^ | DFFHQX1  | 0.201 |   0.201 |    9.452 | 
     | g6134             | A ^ -> Y v  | INVXL    | 0.059 |   0.260 |    9.511 | 
     | g6107__2802       | B0 v -> Y ^ | AOI211XL | 0.123 |   0.382 |    9.634 | 
     | ack_q_reg[3]      | D ^         | DFFQXL   | 0.000 |   0.382 |    9.634 | 
     +-------------------------------------------------------------------------+ 
Path 33: MET Setup Check with Pin ack_q_reg[0]/CK 
Endpoint:   ack_q_reg[0]/D      (^) checked with  leading edge of 'clk'
Beginpoint: req_sync_q_reg[0]/Q (^) triggered by  leading edge of 'clk'
Path Groups: {clk}
Analysis View: setup_view
Other End Arrival Time          0.001
- Setup                         0.168
+ Phase Shift                  10.000
- Uncertainty                   0.200
= Required Time                 9.633
- Arrival Time                  0.380
= Slack Time                    9.253
     Clock Rise Edge                 0.000
     + Clock Network Latency (Prop)  -0.000
     = Beginpoint Arrival Time       -0.000
     +-------------------------------------------------------------------------+ 
     |     Instance      |     Arc     |   Cell   | Delay | Arrival | Required | 
     |                   |             |          |       |  Time   |   Time   | 
     |-------------------+-------------+----------+-------+---------+----------| 
     | req_sync_q_reg[0] | CK ^        |          |       |  -0.000 |    9.252 | 
     | req_sync_q_reg[0] | CK ^ -> Q ^ | DFFHQX1  | 0.199 |   0.199 |    9.452 | 
     | g6141             | A ^ -> Y v  | INVXL    | 0.059 |   0.258 |    9.511 | 
     | g6103__5122       | B0 v -> Y ^ | AOI211XL | 0.123 |   0.380 |    9.633 | 
     | ack_q_reg[0]      | D ^         | DFFQXL   | 0.000 |   0.380 |    9.633 | 
     +-------------------------------------------------------------------------+ 
Path 34: MET Setup Check with Pin ack_q_reg[6]/CK 
Endpoint:   ack_q_reg[6]/D      (^) checked with  leading edge of 'clk'
Beginpoint: req_sync_q_reg[6]/Q (^) triggered by  leading edge of 'clk'
Path Groups: {clk}
Analysis View: setup_view
Other End Arrival Time          0.001
- Setup                         0.160
+ Phase Shift                  10.000
- Uncertainty                   0.200
= Required Time                 9.641
- Arrival Time                  0.372
= Slack Time                    9.269
     Clock Rise Edge                 0.000
     + Clock Network Latency (Prop)  -0.000
     = Beginpoint Arrival Time       -0.000
     +-------------------------------------------------------------------------+ 
     |     Instance      |     Arc     |   Cell   | Delay | Arrival | Required | 
     |                   |             |          |       |  Time   |   Time   | 
     |-------------------+-------------+----------+-------+---------+----------| 
     | req_sync_q_reg[6] | CK ^        |          |       |  -0.000 |    9.269 | 
     | req_sync_q_reg[6] | CK ^ -> Q ^ | DFFHQX1  | 0.202 |   0.202 |    9.471 | 
     | g6156             | A ^ -> Y v  | INVXL    | 0.058 |   0.260 |    9.529 | 
     | g6110__8246       | B0 v -> Y ^ | AOI211XL | 0.112 |   0.372 |    9.641 | 
     | ack_q_reg[6]      | D ^         | DFFQXL   | 0.000 |   0.372 |    9.641 | 
     +-------------------------------------------------------------------------+ 
Path 35: MET Setup Check with Pin ack_q_reg[5]/CK 
Endpoint:   ack_q_reg[5]/D      (^) checked with  leading edge of 'clk'
Beginpoint: req_sync_q_reg[5]/Q (^) triggered by  leading edge of 'clk'
Path Groups: {clk}
Analysis View: setup_view
Other End Arrival Time          0.001
- Setup                         0.159
+ Phase Shift                  10.000
- Uncertainty                   0.200
= Required Time                 9.642
- Arrival Time                  0.368
= Slack Time                    9.274
     Clock Rise Edge                 0.000
     + Clock Network Latency (Prop)  -0.000
     = Beginpoint Arrival Time       -0.000
     +-------------------------------------------------------------------------+ 
     |     Instance      |     Arc     |   Cell   | Delay | Arrival | Required | 
     |                   |             |          |       |  Time   |   Time   | 
     |-------------------+-------------+----------+-------+---------+----------| 
     | req_sync_q_reg[5] | CK ^        |          |       |  -0.000 |    9.273 | 
     | req_sync_q_reg[5] | CK ^ -> Q ^ | DFFHQX1  | 0.199 |   0.199 |    9.473 | 
     | g6155             | A ^ -> Y v  | INVXL    | 0.058 |   0.257 |    9.531 | 
     | g6113__1881       | B0 v -> Y ^ | AOI211XL | 0.111 |   0.368 |    9.642 | 
     | ack_q_reg[5]      | D ^         | DFFQXL   | 0.000 |   0.368 |    9.642 | 
     +-------------------------------------------------------------------------+ 
Path 36: MET Setup Check with Pin ack_q_reg[14]/CK 
Endpoint:   ack_q_reg[14]/D      (^) checked with  leading edge of 'clk'
Beginpoint: req_sync_q_reg[14]/Q (^) triggered by  leading edge of 'clk'
Path Groups: {clk}
Analysis View: setup_view
Other End Arrival Time          0.001
- Setup                         0.159
+ Phase Shift                  10.000
- Uncertainty                   0.200
= Required Time                 9.642
- Arrival Time                  0.367
= Slack Time                    9.275
     Clock Rise Edge                 0.000
     + Clock Network Latency (Prop)  -0.000
     = Beginpoint Arrival Time       -0.000
     +--------------------------------------------------------------------------+ 
     |      Instance      |     Arc     |   Cell   | Delay | Arrival | Required | 
     |                    |             |          |       |  Time   |   Time   | 
     |--------------------+-------------+----------+-------+---------+----------| 
     | req_sync_q_reg[14] | CK ^        |          |       |  -0.000 |    9.274 | 
     | req_sync_q_reg[14] | CK ^ -> Q ^ | DFFHQX1  | 0.196 |   0.195 |    9.470 | 
     | g6139              | A ^ -> Y v  | INVXL    | 0.057 |   0.253 |    9.527 | 
     | g6104__6783        | B0 v -> Y ^ | AOI211XL | 0.114 |   0.367 |    9.642 | 
     | ack_q_reg[14]      | D ^         | DFFQXL   | 0.000 |   0.367 |    9.642 | 
     +--------------------------------------------------------------------------+ 
Path 37: MET Setup Check with Pin ack_q_reg[12]/CK 
Endpoint:   ack_q_reg[12]/D      (^) checked with  leading edge of 'clk'
Beginpoint: req_sync_q_reg[12]/Q (^) triggered by  leading edge of 'clk'
Path Groups: {clk}
Analysis View: setup_view
Other End Arrival Time          0.001
- Setup                         0.158
+ Phase Shift                  10.000
- Uncertainty                   0.200
= Required Time                 9.643
- Arrival Time                  0.357
= Slack Time                    9.286
     Clock Rise Edge                 0.000
     + Clock Network Latency (Prop)  -0.000
     = Beginpoint Arrival Time       -0.000
     +--------------------------------------------------------------------------+ 
     |      Instance      |     Arc     |   Cell   | Delay | Arrival | Required | 
     |                    |             |          |       |  Time   |   Time   | 
     |--------------------+-------------+----------+-------+---------+----------| 
     | req_sync_q_reg[12] | CK ^        |          |       |  -0.000 |    9.286 | 
     | req_sync_q_reg[12] | CK ^ -> Q ^ | DFFHQX1  | 0.192 |   0.192 |    9.478 | 
     | g6137              | A ^ -> Y v  | INVXL    | 0.052 |   0.244 |    9.530 | 
     | g6101__8428        | B0 v -> Y ^ | AOI211XL | 0.113 |   0.357 |    9.643 | 
     | ack_q_reg[12]      | D ^         | DFFQXL   | 0.000 |   0.357 |    9.643 | 
     +--------------------------------------------------------------------------+ 
Path 38: MET Setup Check with Pin ack_q_reg[13]/CK 
Endpoint:   ack_q_reg[13]/D      (^) checked with  leading edge of 'clk'
Beginpoint: req_sync_q_reg[13]/Q (^) triggered by  leading edge of 'clk'
Path Groups: {clk}
Analysis View: setup_view
Other End Arrival Time          0.001
- Setup                         0.157
+ Phase Shift                  10.000
- Uncertainty                   0.200
= Required Time                 9.644
- Arrival Time                  0.356
= Slack Time                    9.288
     Clock Rise Edge                 0.000
     + Clock Network Latency (Prop)  -0.000
     = Beginpoint Arrival Time       -0.000
     +--------------------------------------------------------------------------+ 
     |      Instance      |     Arc     |   Cell   | Delay | Arrival | Required | 
     |                    |             |          |       |  Time   |   Time   | 
     |--------------------+-------------+----------+-------+---------+----------| 
     | req_sync_q_reg[13] | CK ^        |          |       |  -0.000 |    9.287 | 
     | req_sync_q_reg[13] | CK ^ -> Q ^ | DFFHQX1  | 0.194 |   0.193 |    9.481 | 
     | g6161              | A ^ -> Y v  | INVXL    | 0.053 |   0.246 |    9.534 | 
     | g6102__5107        | B0 v -> Y ^ | AOI211XL | 0.110 |   0.356 |    9.644 | 
     | ack_q_reg[13]      | D ^         | DFFQXL   | 0.000 |   0.356 |    9.644 | 
     +--------------------------------------------------------------------------+ 
Path 39: MET Setup Check with Pin ack_q_reg[15]/CK 
Endpoint:   ack_q_reg[15]/D      (^) checked with  leading edge of 'clk'
Beginpoint: req_sync_q_reg[15]/Q (^) triggered by  leading edge of 'clk'
Path Groups: {clk}
Analysis View: setup_view
Other End Arrival Time          0.001
- Setup                         0.160
+ Phase Shift                  10.000
- Uncertainty                   0.200
= Required Time                 9.641
- Arrival Time                  0.347
= Slack Time                    9.294
     Clock Rise Edge                 0.000
     + Clock Network Latency (Prop)  -0.000
     = Beginpoint Arrival Time       -0.000
     +--------------------------------------------------------------------------+ 
     |      Instance      |     Arc     |   Cell   | Delay | Arrival | Required | 
     |                    |             |          |       |  Time   |   Time   | 
     |--------------------+-------------+----------+-------+---------+----------| 
     | req_sync_q_reg[15] | CK ^        |          |       |  -0.000 |    9.293 | 
     | req_sync_q_reg[15] | CK ^ -> Q ^ | DFFHQX1  | 0.188 |   0.187 |    9.481 | 
     | g6154              | A ^ -> Y v  | INVXL    | 0.046 |   0.234 |    9.527 | 
     | g6105__3680        | B0 v -> Y ^ | AOI211XL | 0.113 |   0.347 |    9.641 | 
     | ack_q_reg[15]      | D ^         | DFFQXL   | 0.000 |   0.347 |    9.641 | 
     +--------------------------------------------------------------------------+ 
Path 40: MET Setup Check with Pin ack_q_reg[9]/CK 
Endpoint:   ack_q_reg[9]/D      (^) checked with  leading edge of 'clk'
Beginpoint: req_sync_q_reg[9]/Q (^) triggered by  leading edge of 'clk'
Path Groups: {clk}
Analysis View: setup_view
Other End Arrival Time          0.001
- Setup                         0.162
+ Phase Shift                  10.000
- Uncertainty                   0.200
= Required Time                 9.639
- Arrival Time                  0.345
= Slack Time                    9.294
     Clock Rise Edge                 0.000
     + Clock Network Latency (Prop)  -0.000
     = Beginpoint Arrival Time       -0.000
     +-------------------------------------------------------------------------+ 
     |     Instance      |     Arc     |   Cell   | Delay | Arrival | Required | 
     |                   |             |          |       |  Time   |   Time   | 
     |-------------------+-------------+----------+-------+---------+----------| 
     | req_sync_q_reg[9] | CK ^        |          |       |  -0.000 |    9.294 | 
     | req_sync_q_reg[9] | CK ^ -> Q ^ | DFFHQX1  | 0.185 |   0.185 |    9.479 | 
     | g6159             | A ^ -> Y v  | INVXL    | 0.045 |   0.230 |    9.524 | 
     | g6112__6131       | B0 v -> Y ^ | AOI211XL | 0.116 |   0.345 |    9.639 | 
     | ack_q_reg[9]      | D ^         | DFFQXL   | 0.000 |   0.345 |    9.639 | 
     +-------------------------------------------------------------------------+ 
Path 41: MET Setup Check with Pin ack_q_reg[8]/CK 
Endpoint:   ack_q_reg[8]/D      (^) checked with  leading edge of 'clk'
Beginpoint: req_sync_q_reg[8]/Q (^) triggered by  leading edge of 'clk'
Path Groups: {clk}
Analysis View: setup_view
Other End Arrival Time          0.001
- Setup                         0.156
+ Phase Shift                  10.000
- Uncertainty                   0.200
= Required Time                 9.645
- Arrival Time                  0.335
= Slack Time                    9.311
     Clock Rise Edge                 0.000
     + Clock Network Latency (Prop)  -0.000
     = Beginpoint Arrival Time       -0.000
     +-------------------------------------------------------------------------+ 
     |     Instance      |     Arc     |   Cell   | Delay | Arrival | Required | 
     |                   |             |          |       |  Time   |   Time   | 
     |-------------------+-------------+----------+-------+---------+----------| 
     | req_sync_q_reg[8] | CK ^        |          |       |  -0.000 |    9.310 | 
     | req_sync_q_reg[8] | CK ^ -> Q ^ | DFFHQX1  | 0.187 |   0.187 |    9.497 | 
     | g6158             | A ^ -> Y v  | INVXL    | 0.043 |   0.229 |    9.540 | 
     | g6111__7098       | B0 v -> Y ^ | AOI211XL | 0.105 |   0.335 |    9.645 | 
     | ack_q_reg[8]      | D ^         | DFFQXL   | 0.000 |   0.335 |    9.645 | 
     +-------------------------------------------------------------------------+ 

