============================================================
  Generated by:           Genus(TM) Synthesis Solution 23.14-s090_1
  Generated on:           Aug 21 2026  04:19:50 am
  Module:                 aer_pending_direct_gray_scr_onehot_tree
  Technology library:     typical 1.0
  Operating conditions:   typical (balanced_tree)
  Wireload mode:          enclosed
  Area mode:              timing library
============================================================

                               
   Gate    Instances    Area     Library  
------------------------------------------
AND2X2             4    53.222    typical 
AOI211X1           4    66.528    typical 
AOI211XL           1    16.632    typical 
AOI21X1           19   252.806    typical 
AOI21XL            7    93.139    typical 
AOI22X1            2    33.264    typical 
AOI2BB1X1         19   316.008    typical 
AOI2BB1XL          3    49.896    typical 
AOI2BB2X1          1    23.285    typical 
AOI31X1            5    83.160    typical 
AOI31XL            1    16.632    typical 
BUFX3              3    39.917    typical 
DFFHQX1           20  1064.448    typical 
DFFRHQX1           1    69.854    typical 
DFFRX1             1    76.507    typical 
DFFTRX1           32  1809.562    typical 
DFFX1             20  1130.976    typical 
EDFFX1             1    76.507    typical 
INVX1             12    79.834    typical 
INVXL              3    19.958    typical 
MXI2X1             2    46.570    typical 
NAND2BX1           5    66.528    typical 
NAND2X1           12   119.750    typical 
NAND3X1            1    13.306    typical 
NAND4X1            1    16.632    typical 
NOR2BX1            1    13.306    typical 
NOR2BXL           17   226.195    typical 
NOR2X1             7    69.854    typical 
NOR2XL             1     9.979    typical 
NOR3X1             3    39.917    typical 
NOR4BX1            1    19.958    typical 
OAI211X1           5    99.792    typical 
OAI21XL            9   119.750    typical 
OAI22XL            4    79.834    typical 
OAI2BB1X1          2    33.264    typical 
OAI2BB2XL          1    23.285    typical 
OR2X2              2    26.611    typical 
OR2XL              1    13.306    typical 
OR4X2              1    19.958    typical 
XNOR2X1            1    26.611    typical 
------------------------------------------
total            236  6456.542            


                                         
     Type      Instances   Area   Area % 
-----------------------------------------
sequential            75 4227.854   65.5 
inverter              15   99.792    1.5 
buffer                 3   39.917    0.6 
logic                143 2088.979   32.4 
physical_cells         0    0.000    0.0 
-----------------------------------------
total                236 6456.542  100.0 

