============================================================
  Generated by:           Genus(TM) Synthesis Solution 23.14-s090_1
  Generated on:           Aug 21 2026  04:19:51 am
  Module:                 aer_pending_direct_gray_scr_onehot_tree
  Operating conditions:   typical (balanced_tree)
  Wireload mode:          enclosed
  Area mode:              timing library
============================================================

Timing
--------

Clock  Period 
--------------
clk   10000.0 


  Cost    Critical         Violating 
 Group   Path Slack  TNS     Paths   
-------------------------------------
clk          7905.3   0.0          0 
default    No paths   0.0            
-------------------------------------
Total                 0.0          0 

Instance Count
--------------
Leaf Instance Count             236 
Physical Instance count           0 
Sequential Instance Count        75 
Combinational Instance Count    161 
Hierarchical Instance Count       0 

Area
----
Cell Area                          6456.542
Physical Cell Area                 0.000
Total Cell Area (Cell+Physical)    6456.542
Net Area                           0.000
Total Area (Cell+Physical+Net)     6456.542

Max Fanout                         75 (clk)
Min Fanout                         0 (rst_n)
Average Fanout                     2.3
Terms to net ratio                 3.2536
Terms to instance ratio            3.8051
Runtime                            27.615934 seconds
Elapsed Runtime                    27 seconds
Genus peak memory usage            1588.58 
Innovus peak memory usage          no_value 
Hostname                           <REMOTE_HOST>
