============================================================
  Generated by:           Genus(TM) Synthesis Solution 23.14-s090_1
  Generated on:           Aug 21 2026  04:19:50 am
  Module:                 aer_pending_direct_gray_scr_onehot_tree
  Operating conditions:   typical (balanced_tree)
  Wireload mode:          enclosed
  Area mode:              timing library
============================================================


Path 1: MET (7905 ps) Setup Check with Pin out_addr_q_reg[3]/CK->E
          Group: clk
     Startpoint: (R) out_ready
          Clock: (R) clk
       Endpoint: (R) out_addr_q_reg[3]/E
          Clock: (R) clk

                     Capture       Launch     
        Clock Edge:+   10000            0     
        Drv Adjust:+       0            0     
       Src Latency:+       0            0     
       Net Latency:+       0 (I)        0 (I) 
           Arrival:=   10000            0     
                                              
             Setup:-     452                  
     Required Time:=    9548                  
      Launch Clock:-       0                  
       Input Delay:-    1000                  
         Data Path:-     643                  
             Slack:=    7905                  

Exceptions/Constraints:
  input_delay             1000            in_del   

#--------------------------------------------------------------------------------------------
#    Timing Point     Flags   Arc   Edge   Cell     Fanout Load Trans Delay Arrival Instance 
#                                                          (fF)  (ps)  (ps)   (ps)  Location 
#--------------------------------------------------------------------------------------------
  out_ready           -       -     R     (arrival)      1  2.2     0     0    1000    (-,-) 
  g6169__6260/Y       -       AN->Y R     NAND2BX1      16 59.4   535   333    1333    (-,-) 
  g6010__2883/Y       -       B0->Y F     OAI21XL        6 16.2   227   170    1503    (-,-) 
  g6007/Y             -       A->Y  R     INVX1          4 14.7   161   140    1643    (-,-) 
  out_addr_q_reg[3]/E -       -     R     EDFFX1         4    -     -     0    1643    (-,-) 
#--------------------------------------------------------------------------------------------



Path 2: MET (7992 ps) Setup Check with Pin out_addr_q_reg[0]/CK->D
          Group: clk
     Startpoint: (R) req_sync_q_reg[7]/CK
          Clock: (R) clk
       Endpoint: (F) out_addr_q_reg[0]/D
          Clock: (R) clk

                     Capture       Launch     
        Clock Edge:+   10000            0     
       Src Latency:+       0            0     
       Net Latency:+       0 (I)        0 (I) 
           Arrival:=   10000            0     
                                              
             Setup:-     205                  
     Required Time:=    9795                  
      Launch Clock:-       0                  
         Data Path:-    1804                  
             Slack:=    7992                  

#----------------------------------------------------------------------------------------------
#    Timing Point      Flags    Arc   Edge   Cell     Fanout Load Trans Delay Arrival Instance 
#                                                            (fF)  (ps)  (ps)   (ps)  Location 
#----------------------------------------------------------------------------------------------
  req_sync_q_reg[7]/CK -       -      R     (arrival)     75    -     0     0       0    (-,-) 
  req_sync_q_reg[7]/QN (P)     CK->QN R     DFFX1          2  7.0    94   258     258    (-,-) 
  g6091__2883/Y        -       A1N->Y R     AOI2BB1X1      4 14.0   226   197     456    (-,-) 
  g6069__6260/Y        -       A->Y   R     AND2X2         3  9.2    72   113     568    (-,-) 
  g6033__1881/Y        -       AN->Y  R     NOR2BX1        3 11.7   196   162     731    (-,-) 
  g6030__1705/Y        -       B->Y   F     NAND2BX1       2  7.8    77    50     780    (-,-) 
  g6024__4319/Y        -       A->Y   F     AND2X2         2  8.9    48   108     889    (-,-) 
  g6021__5107/Y        -       B0->Y  R     AOI21X1        4 15.7   268   167    1056    (-,-) 
  g6016__7410/Y        -       B0->Y  F     AOI211XL       2  7.0   118    71    1127    (-,-) 
  g6013/Y              -       A->Y   R     INVX1          2  9.1   109    87    1214    (-,-) 
  g6008__7482/Y        -       B0->Y  F     AOI2BB1X1      2  7.9    83    58    1272    (-,-) 
  g5999__4319/Y        -       B0->Y  R     OAI21XL        1  4.4   189    78    1350    (-,-) 
  g5987__5115/Y        -       A->Y   F     NOR2X1         2  7.4    86    49    1399    (-,-) 
  g5937__6260/Y        -       D->Y   F     OR4X2          1  3.5    63   258    1658    (-,-) 
  g5935__5107/Y        -       A0->Y  R     OAI21XL        1  3.5   161   115    1773    (-,-) 
  g5934__2398/Y        -       B0->Y  F     OAI2BB1X1      1  2.1    52    31    1804    (-,-) 
  out_addr_q_reg[0]/D  -       -      F     DFFHQX1        1    -     -     0    1804    (-,-) 
#----------------------------------------------------------------------------------------------

(P) : Instance is preserved



Path 3: MET (8044 ps) Setup Check with Pin out_valid_q_reg/CK->D
          Group: clk
     Startpoint: (F) out_ready
          Clock: (R) clk
       Endpoint: (F) out_valid_q_reg/D
          Clock: (R) clk

                     Capture       Launch     
        Clock Edge:+   10000            0     
        Drv Adjust:+       0            0     
       Src Latency:+       0            0     
       Net Latency:+       0 (I)        0 (I) 
           Arrival:=   10000            0     
                                              
             Setup:-     215                  
     Required Time:=    9785                  
      Launch Clock:-       0                  
       Input Delay:-    1000                  
         Data Path:-     741                  
             Slack:=    8044                  

Exceptions/Constraints:
  input_delay             1000            in_del   

#------------------------------------------------------------------------------------------
#   Timing Point    Flags   Arc   Edge   Cell     Fanout Load Trans Delay Arrival Instance 
#                                                        (fF)  (ps)  (ps)   (ps)  Location 
#------------------------------------------------------------------------------------------
  out_ready         -       -     F     (arrival)      1  2.2     0     0    1000    (-,-) 
  g6169__6260/Y     -       AN->Y F     NAND2BX1      16 59.4   299   254    1254    (-,-) 
  g6010__2883/Y     -       B0->Y R     OAI21XL        6 16.2   377   211    1465    (-,-) 
  g6007/Y           -       A->Y  F     INVX1          4 14.7   130    84    1549    (-,-) 
  g5997__1617/Y     -       A->Y  R     NAND2X1        5 16.7   187   132    1681    (-,-) 
  g5992__2883/Y     -       B0->Y F     OAI21XL        1  2.1   106    60    1741    (-,-) 
  out_valid_q_reg/D -       -     F     DFFHQX1        1    -     -     0    1741    (-,-) 
#------------------------------------------------------------------------------------------



Path 4: MET (8062 ps) Setup Check with Pin pending_q_reg[7]/CK->D
          Group: clk
     Startpoint: (R) req_sync_q_reg[7]/CK
          Clock: (R) clk
       Endpoint: (F) pending_q_reg[7]/D
          Clock: (R) clk

                     Capture       Launch     
        Clock Edge:+   10000            0     
       Src Latency:+       0            0     
       Net Latency:+       0 (I)        0 (I) 
           Arrival:=   10000            0     
                                              
             Setup:-     252                  
     Required Time:=    9748                  
      Launch Clock:-       0                  
         Data Path:-    1686                  
             Slack:=    8062                  

#----------------------------------------------------------------------------------------------
#    Timing Point      Flags    Arc   Edge   Cell     Fanout Load Trans Delay Arrival Instance 
#                                                            (fF)  (ps)  (ps)   (ps)  Location 
#----------------------------------------------------------------------------------------------
  req_sync_q_reg[7]/CK -       -      R     (arrival)     75    -     0     0       0    (-,-) 
  req_sync_q_reg[7]/QN (P)     CK->QN F     DFFX1          2  7.0    62   296     296    (-,-) 
  g6091__2883/Y        -       A1N->Y F     AOI2BB1X1      4 14.0   108   213     509    (-,-) 
  g6069__6260/Y        -       A->Y   F     AND2X2         3  9.2    48   116     626    (-,-) 
  g6033__1881/Y        -       AN->Y  F     NOR2BX1        3 11.7    83   137     763    (-,-) 
  g6030__1705/Y        -       B->Y   R     NAND2BX1       2  7.8   115    88     851    (-,-) 
  g6024__4319/Y        -       A->Y   R     AND2X2         2  8.9    70   104     955    (-,-) 
  g6021__5107/Y        -       B0->Y  F     AOI21X1        4 15.7   133    67    1022    (-,-) 
  g6016__7410/Y        -       B0->Y  R     AOI211XL       2  7.0   284   188    1210    (-,-) 
  g6013/Y              -       A->Y   F     INVX1          2  9.1    88    52    1262    (-,-) 
  g6006__7098/Y        -       B0->Y  R     AOI211X1       3 11.0   294   183    1445    (-,-) 
  g6000__5477/Y        -       B0->Y  F     OAI21XL        1  4.4   127    80    1525    (-,-) 
  g5984__1705/Y        -       A->Y   R     NOR2X1         2  6.5   137   105    1630    (-,-) 
  g5961__4319/Y        -       A0->Y  F     AOI21XL        1  2.2   120    56    1686    (-,-) 
  pending_q_reg[7]/D   -       -      F     DFFTRX1        1    -     -     0    1686    (-,-) 
#----------------------------------------------------------------------------------------------

(P) : Instance is preserved



Path 5: MET (8092 ps) Setup Check with Pin epoch_gray_q_reg[0]/CK->D
          Group: clk
     Startpoint: (F) out_ready
          Clock: (R) clk
       Endpoint: (F) epoch_gray_q_reg[0]/D
          Clock: (R) clk

                     Capture       Launch     
        Clock Edge:+   10000            0     
        Drv Adjust:+       0            0     
       Src Latency:+       0            0     
       Net Latency:+       0 (I)        0 (I) 
           Arrival:=   10000            0     
                                              
             Setup:-     169                  
     Required Time:=    9831                  
      Launch Clock:-       0                  
       Input Delay:-    1000                  
         Data Path:-     739                  
             Slack:=    8092                  

Exceptions/Constraints:
  input_delay             1000            in_del   

#----------------------------------------------------------------------------------------------
#     Timing Point      Flags   Arc   Edge   Cell     Fanout Load Trans Delay Arrival Instance 
#                                                            (fF)  (ps)  (ps)   (ps)  Location 
#----------------------------------------------------------------------------------------------
  out_ready             -       -     F     (arrival)      1  2.2     0     0    1000    (-,-) 
  g6169__6260/Y         -       AN->Y F     NAND2BX1      16 59.4   299   254    1254    (-,-) 
  g6010__2883/Y         -       B0->Y R     OAI21XL        6 16.2   377   211    1465    (-,-) 
  g6007/Y               -       A->Y  F     INVX1          4 14.7   130    84    1549    (-,-) 
  g5997__1617/Y         -       A->Y  R     NAND2X1        5 16.7   187   132    1681    (-,-) 
  g5979__6161/Y         -       A0->Y F     OAI22XL        1  2.0    89    58    1739    (-,-) 
  epoch_gray_q_reg[0]/D -       -     F     DFFX1          1    -     -     0    1739    (-,-) 
#----------------------------------------------------------------------------------------------



Path 6: MET (8092 ps) Setup Check with Pin epoch_gray_q_reg[1]/CK->D
          Group: clk
     Startpoint: (F) out_ready
          Clock: (R) clk
       Endpoint: (F) epoch_gray_q_reg[1]/D
          Clock: (R) clk

                     Capture       Launch     
        Clock Edge:+   10000            0     
        Drv Adjust:+       0            0     
       Src Latency:+       0            0     
       Net Latency:+       0 (I)        0 (I) 
           Arrival:=   10000            0     
                                              
             Setup:-     169                  
     Required Time:=    9831                  
      Launch Clock:-       0                  
       Input Delay:-    1000                  
         Data Path:-     739                  
             Slack:=    8092                  

Exceptions/Constraints:
  input_delay             1000            in_del   

#----------------------------------------------------------------------------------------------
#     Timing Point      Flags   Arc   Edge   Cell     Fanout Load Trans Delay Arrival Instance 
#                                                            (fF)  (ps)  (ps)   (ps)  Location 
#----------------------------------------------------------------------------------------------
  out_ready             -       -     F     (arrival)      1  2.2     0     0    1000    (-,-) 
  g6169__6260/Y         -       AN->Y F     NAND2BX1      16 59.4   299   254    1254    (-,-) 
  g6010__2883/Y         -       B0->Y R     OAI21XL        6 16.2   377   211    1465    (-,-) 
  g6007/Y               -       A->Y  F     INVX1          4 14.7   130    84    1549    (-,-) 
  g5997__1617/Y         -       A->Y  R     NAND2X1        5 16.7   187   132    1681    (-,-) 
  g5981__9315/Y         -       A0->Y F     OAI22XL        1  2.0    87    58    1739    (-,-) 
  epoch_gray_q_reg[1]/D -       -     F     DFFX1          1    -     -     0    1739    (-,-) 
#----------------------------------------------------------------------------------------------



Path 7: MET (8094 ps) Setup Check with Pin epoch_gray_q_reg[2]/CK->D
          Group: clk
     Startpoint: (F) out_ready
          Clock: (R) clk
       Endpoint: (F) epoch_gray_q_reg[2]/D
          Clock: (R) clk

                     Capture       Launch     
        Clock Edge:+   10000            0     
        Drv Adjust:+       0            0     
       Src Latency:+       0            0     
       Net Latency:+       0 (I)        0 (I) 
           Arrival:=   10000            0     
                                              
             Setup:-     167                  
     Required Time:=    9833                  
      Launch Clock:-       0                  
       Input Delay:-    1000                  
         Data Path:-     739                  
             Slack:=    8094                  

Exceptions/Constraints:
  input_delay             1000            in_del   

#----------------------------------------------------------------------------------------------
#     Timing Point      Flags   Arc   Edge   Cell     Fanout Load Trans Delay Arrival Instance 
#                                                            (fF)  (ps)  (ps)   (ps)  Location 
#----------------------------------------------------------------------------------------------
  out_ready             -       -     F     (arrival)      1  2.2     0     0    1000    (-,-) 
  g6169__6260/Y         -       AN->Y F     NAND2BX1      16 59.4   299   254    1254    (-,-) 
  g6010__2883/Y         -       B0->Y R     OAI21XL        6 16.2   377   211    1465    (-,-) 
  g6007/Y               -       A->Y  F     INVX1          4 14.7   130    84    1549    (-,-) 
  g5997__1617/Y         -       A->Y  R     NAND2X1        5 16.7   187   132    1681    (-,-) 
  g5980__4733/Y         -       A0->Y F     OAI22XL        1  2.0    78    58    1739    (-,-) 
  epoch_gray_q_reg[2]/D -       -     F     DFFX1          1    -     -     0    1739    (-,-) 
#----------------------------------------------------------------------------------------------



Path 8: MET (8095 ps) Setup Check with Pin epoch_gray_q_reg[3]/CK->D
          Group: clk
     Startpoint: (F) out_ready
          Clock: (R) clk
       Endpoint: (F) epoch_gray_q_reg[3]/D
          Clock: (R) clk

                     Capture       Launch     
        Clock Edge:+   10000            0     
        Drv Adjust:+       0            0     
       Src Latency:+       0            0     
       Net Latency:+       0 (I)        0 (I) 
           Arrival:=   10000            0     
                                              
             Setup:-     166                  
     Required Time:=    9834                  
      Launch Clock:-       0                  
       Input Delay:-    1000                  
         Data Path:-     739                  
             Slack:=    8095                  

Exceptions/Constraints:
  input_delay             1000            in_del   

#----------------------------------------------------------------------------------------------
#     Timing Point      Flags   Arc   Edge   Cell     Fanout Load Trans Delay Arrival Instance 
#                                                            (fF)  (ps)  (ps)   (ps)  Location 
#----------------------------------------------------------------------------------------------
  out_ready             -       -     F     (arrival)      1  2.2     0     0    1000    (-,-) 
  g6169__6260/Y         -       AN->Y F     NAND2BX1      16 59.4   299   254    1254    (-,-) 
  g6010__2883/Y         -       B0->Y R     OAI21XL        6 16.2   377   211    1465    (-,-) 
  g6007/Y               -       A->Y  F     INVX1          4 14.7   130    84    1549    (-,-) 
  g5997__1617/Y         -       A->Y  R     NAND2X1        5 16.7   187   132    1681    (-,-) 
  g5974__7098/Y         -       A0->Y F     OAI22XL        1  2.0    73    58    1739    (-,-) 
  epoch_gray_q_reg[3]/D -       -     F     DFFX1          1    -     -     0    1739    (-,-) 
#----------------------------------------------------------------------------------------------



Path 9: MET (8126 ps) Setup Check with Pin pending_q_reg[6]/CK->D
          Group: clk
     Startpoint: (R) req_sync_q_reg[7]/CK
          Clock: (R) clk
       Endpoint: (F) pending_q_reg[6]/D
          Clock: (R) clk

                     Capture       Launch     
        Clock Edge:+   10000            0     
       Src Latency:+       0            0     
       Net Latency:+       0 (I)        0 (I) 
           Arrival:=   10000            0     
                                              
             Setup:-     252                  
     Required Time:=    9748                  
      Launch Clock:-       0                  
         Data Path:-    1622                  
             Slack:=    8126                  

#----------------------------------------------------------------------------------------------
#    Timing Point      Flags    Arc   Edge   Cell     Fanout Load Trans Delay Arrival Instance 
#                                                            (fF)  (ps)  (ps)   (ps)  Location 
#----------------------------------------------------------------------------------------------
  req_sync_q_reg[7]/CK -       -      R     (arrival)     75    -     0     0       0    (-,-) 
  req_sync_q_reg[7]/QN (P)     CK->QN F     DFFX1          2  7.0    62   296     296    (-,-) 
  g6091__2883/Y        -       A1N->Y F     AOI2BB1X1      4 14.0   108   213     509    (-,-) 
  g6069__6260/Y        -       A->Y   F     AND2X2         3  9.2    48   116     626    (-,-) 
  g6033__1881/Y        -       AN->Y  F     NOR2BX1        3 11.7    83   137     763    (-,-) 
  g6030__1705/Y        -       B->Y   R     NAND2BX1       2  7.8   115    88     851    (-,-) 
  g6024__4319/Y        -       A->Y   R     AND2X2         2  8.9    70   104     955    (-,-) 
  g6021__5107/Y        -       B0->Y  F     AOI21X1        4 15.7   133    67    1022    (-,-) 
  g6016__7410/Y        -       B0->Y  R     AOI211XL       2  7.0   284   188    1210    (-,-) 
  g6013/Y              -       A->Y   F     INVX1          2  9.1    88    52    1262    (-,-) 
  g6006__7098/Y        -       B0->Y  R     AOI211X1       3 11.0   294   183    1445    (-,-) 
  g6002__6417/Y        -       B0->Y  F     OAI21XL        1  3.5   100    74    1519    (-,-) 
  g5998/Y              -       A->Y   R     INVX1          1  3.2    63    56    1575    (-,-) 
  g5969__8428/Y        -       A0->Y  F     AOI21XL        1  2.2   120    47    1622    (-,-) 
  pending_q_reg[6]/D   -       -      F     DFFTRX1        1    -     -     0    1622    (-,-) 
#----------------------------------------------------------------------------------------------

(P) : Instance is preserved



Path 10: MET (8130 ps) Setup Check with Pin pending_q_reg[5]/CK->D
          Group: clk
     Startpoint: (R) req_sync_q_reg[7]/CK
          Clock: (R) clk
       Endpoint: (F) pending_q_reg[5]/D
          Clock: (R) clk

                     Capture       Launch     
        Clock Edge:+   10000            0     
       Src Latency:+       0            0     
       Net Latency:+       0 (I)        0 (I) 
           Arrival:=   10000            0     
                                              
             Setup:-     252                  
     Required Time:=    9748                  
      Launch Clock:-       0                  
         Data Path:-    1618                  
             Slack:=    8130                  

#----------------------------------------------------------------------------------------------
#    Timing Point      Flags    Arc   Edge   Cell     Fanout Load Trans Delay Arrival Instance 
#                                                            (fF)  (ps)  (ps)   (ps)  Location 
#----------------------------------------------------------------------------------------------
  req_sync_q_reg[7]/CK -       -      R     (arrival)     75    -     0     0       0    (-,-) 
  req_sync_q_reg[7]/QN (P)     CK->QN F     DFFX1          2  7.0    62   296     296    (-,-) 
  g6091__2883/Y        -       A1N->Y F     AOI2BB1X1      4 14.0   108   213     509    (-,-) 
  g6069__6260/Y        -       A->Y   F     AND2X2         3  9.2    48   116     626    (-,-) 
  g6033__1881/Y        -       AN->Y  F     NOR2BX1        3 11.7    83   137     763    (-,-) 
  g6030__1705/Y        -       B->Y   R     NAND2BX1       2  7.8   115    88     851    (-,-) 
  g6024__4319/Y        -       A->Y   R     AND2X2         2  8.9    70   104     955    (-,-) 
  g6021__5107/Y        -       B0->Y  F     AOI21X1        4 15.7   133    67    1022    (-,-) 
  g6016__7410/Y        -       B0->Y  R     AOI211XL       2  7.0   284   188    1210    (-,-) 
  g6013/Y              -       A->Y   F     INVX1          2  9.1    88    52    1262    (-,-) 
  g6008__7482/Y        -       B0->Y  R     AOI2BB1X1      2  7.9   154   118    1380    (-,-) 
  g5999__4319/Y        -       B0->Y  F     OAI21XL        1  4.4   127    69    1450    (-,-) 
  g5987__5115/Y        -       A->Y   R     NOR2X1         2  7.4   147   112    1561    (-,-) 
  g5962__5526/Y        -       A0->Y  F     AOI21XL        1  2.2   120    56    1618    (-,-) 
  pending_q_reg[5]/D   -       -      F     DFFTRX1        1    -     -     0    1618    (-,-) 
#----------------------------------------------------------------------------------------------

(P) : Instance is preserved



Path 11: MET (8131 ps) Setup Check with Pin out_addr_q_reg[1]/CK->D
          Group: clk
     Startpoint: (R) out_ready
          Clock: (R) clk
       Endpoint: (F) out_addr_q_reg[1]/D
          Clock: (R) clk

                     Capture       Launch     
        Clock Edge:+   10000            0     
        Drv Adjust:+       0            0     
       Src Latency:+       0            0     
       Net Latency:+       0 (I)        0 (I) 
           Arrival:=   10000            0     
                                              
             Setup:-     213                  
     Required Time:=    9787                  
      Launch Clock:-       0                  
       Input Delay:-    1000                  
         Data Path:-     656                  
             Slack:=    8131                  

Exceptions/Constraints:
  input_delay             1000            in_del   

#---------------------------------------------------------------------------------------------
#    Timing Point     Flags    Arc   Edge   Cell     Fanout Load Trans Delay Arrival Instance 
#                                                           (fF)  (ps)  (ps)   (ps)  Location 
#---------------------------------------------------------------------------------------------
  out_ready           -       -      R     (arrival)      1  2.2     0     0    1000    (-,-) 
  g6169__6260/Y       -       AN->Y  R     NAND2BX1      16 59.4   535   333    1333    (-,-) 
  g6010__2883/Y       -       B0->Y  F     OAI21XL        6 16.2   227   170    1503    (-,-) 
  g5949__6783/Y       -       A1N->Y F     OAI2BB2XL      1  2.1    94   154    1656    (-,-) 
  out_addr_q_reg[1]/D -       -      F     DFFHQX1        1    -     -     0    1656    (-,-) 
#---------------------------------------------------------------------------------------------



Path 12: MET (8132 ps) Setup Check with Pin out_addr_q_reg[2]/CK->D
          Group: clk
     Startpoint: (F) out_ready
          Clock: (R) clk
       Endpoint: (F) out_addr_q_reg[2]/D
          Clock: (R) clk

                     Capture       Launch     
        Clock Edge:+   10000            0     
        Drv Adjust:+       0            0     
       Src Latency:+       0            0     
       Net Latency:+       0 (I)        0 (I) 
           Arrival:=   10000            0     
                                              
             Setup:-     205                  
     Required Time:=    9795                  
      Launch Clock:-       0                  
       Input Delay:-    1000                  
         Data Path:-     663                  
             Slack:=    8132                  

Exceptions/Constraints:
  input_delay             1000            in_del   

#--------------------------------------------------------------------------------------------
#    Timing Point     Flags   Arc   Edge   Cell     Fanout Load Trans Delay Arrival Instance 
#                                                          (fF)  (ps)  (ps)   (ps)  Location 
#--------------------------------------------------------------------------------------------
  out_ready           -       -     F     (arrival)      1  2.2     0     0    1000    (-,-) 
  g6169__6260/Y       -       AN->Y F     NAND2BX1      16 59.4   299   254    1254    (-,-) 
  g6010__2883/Y       -       B0->Y R     OAI21XL        6 16.2   377   211    1465    (-,-) 
  g6007/Y             -       A->Y  F     INVX1          4 14.7   130    84    1549    (-,-) 
  g6001__2802/Y       -       B0->Y R     OAI21XL        1  3.5   162    83    1632    (-,-) 
  g5988__2346/Y       -       B0->Y F     OAI2BB1X1      1  2.1    52    31    1663    (-,-) 
  out_addr_q_reg[2]/D -       -     F     DFFHQX1        1    -     -     0    1663    (-,-) 
#--------------------------------------------------------------------------------------------



Path 13: MET (8156 ps) Setup Check with Pin pending_q_reg[15]/CK->D
          Group: clk
     Startpoint: (R) req_sync_q_reg[7]/CK
          Clock: (R) clk
       Endpoint: (F) pending_q_reg[15]/D
          Clock: (R) clk

                     Capture       Launch     
        Clock Edge:+   10000            0     
       Src Latency:+       0            0     
       Net Latency:+       0 (I)        0 (I) 
           Arrival:=   10000            0     
                                              
             Setup:-     242                  
     Required Time:=    9758                  
      Launch Clock:-       0                  
         Data Path:-    1603                  
             Slack:=    8156                  

#----------------------------------------------------------------------------------------------
#    Timing Point      Flags    Arc   Edge   Cell     Fanout Load Trans Delay Arrival Instance 
#                                                            (fF)  (ps)  (ps)   (ps)  Location 
#----------------------------------------------------------------------------------------------
  req_sync_q_reg[7]/CK -       -      R     (arrival)     75    -     0     0       0    (-,-) 
  req_sync_q_reg[7]/QN (P)     CK->QN R     DFFX1          2  7.0    94   258     258    (-,-) 
  g6091__2883/Y        -       A1N->Y R     AOI2BB1X1      4 14.0   226   197     456    (-,-) 
  g6069__6260/Y        -       A->Y   R     AND2X2         3  9.2    72   113     568    (-,-) 
  g6033__1881/Y        -       AN->Y  R     NOR2BX1        3 11.7   196   162     731    (-,-) 
  g6030__1705/Y        -       B->Y   F     NAND2BX1       2  7.8    77    50     780    (-,-) 
  g6024__4319/Y        -       A->Y   F     AND2X2         2  8.9    48   108     889    (-,-) 
  g6022__6260/Y        -       A->Y   R     NOR2X1         4 12.5   204   129    1018    (-,-) 
  g6018__2398/Y        -       B0->Y  F     OAI21XL        3 12.2   144   114    1132    (-,-) 
  g6012__9315/Y        -       B0->Y  R     AOI211X1       3 14.0   339   222    1353    (-,-) 
  g5995__5107/Y        -       B0->Y  F     OAI211X1       2  7.2   133    89    1442    (-,-) 
  g5977__2802/Y        -       A0N->Y F     AOI2BB1XL      1  2.2    62   161    1603    (-,-) 
  pending_q_reg[15]/D  -       -      F     DFFTRX1        1    -     -     0    1603    (-,-) 
#----------------------------------------------------------------------------------------------

(P) : Instance is preserved



Path 14: MET (8222 ps) Setup Check with Pin pending_q_reg[9]/CK->D
          Group: clk
     Startpoint: (R) out_ready
          Clock: (R) clk
       Endpoint: (F) pending_q_reg[9]/D
          Clock: (R) clk

                     Capture       Launch     
        Clock Edge:+   10000            0     
        Drv Adjust:+       0            0     
       Src Latency:+       0            0     
       Net Latency:+       0 (I)        0 (I) 
           Arrival:=   10000            0     
                                              
             Setup:-     242                  
     Required Time:=    9758                  
      Launch Clock:-       0                  
       Input Delay:-    1000                  
         Data Path:-     536                  
             Slack:=    8222                  

Exceptions/Constraints:
  input_delay             1000            in_del   

#--------------------------------------------------------------------------------------------
#   Timing Point     Flags    Arc   Edge   Cell     Fanout Load Trans Delay Arrival Instance 
#                                                          (fF)  (ps)  (ps)   (ps)  Location 
#--------------------------------------------------------------------------------------------
  out_ready          -       -      R     (arrival)      1  2.2     0     0    1000    (-,-) 
  g6169__6260/Y      -       AN->Y  R     NAND2BX1      16 59.4   535   333    1333    (-,-) 
  g6160/Y            -       A->Y   F     INVX1          3  6.9   113    39    1372    (-,-) 
  g5975__6131/Y      -       A1N->Y F     AOI2BB1XL      1  2.2    62   164    1536    (-,-) 
  pending_q_reg[9]/D -       -      F     DFFTRX1        1    -     -     0    1536    (-,-) 
#--------------------------------------------------------------------------------------------



Path 15: MET (8222 ps) Setup Check with Pin pending_q_reg[13]/CK->D
          Group: clk
     Startpoint: (R) out_ready
          Clock: (R) clk
       Endpoint: (F) pending_q_reg[13]/D
          Clock: (R) clk

                     Capture       Launch     
        Clock Edge:+   10000            0     
        Drv Adjust:+       0            0     
       Src Latency:+       0            0     
       Net Latency:+       0 (I)        0 (I) 
           Arrival:=   10000            0     
                                              
             Setup:-     242                  
     Required Time:=    9758                  
      Launch Clock:-       0                  
       Input Delay:-    1000                  
         Data Path:-     536                  
             Slack:=    8222                  

Exceptions/Constraints:
  input_delay             1000            in_del   

#---------------------------------------------------------------------------------------------
#    Timing Point     Flags    Arc   Edge   Cell     Fanout Load Trans Delay Arrival Instance 
#                                                           (fF)  (ps)  (ps)   (ps)  Location 
#---------------------------------------------------------------------------------------------
  out_ready           -       -      R     (arrival)      1  2.2     0     0    1000    (-,-) 
  g6169__6260/Y       -       AN->Y  R     NAND2BX1      16 59.4   535   333    1333    (-,-) 
  g6160/Y             -       A->Y   F     INVX1          3  6.9   113    39    1372    (-,-) 
  g5976__1881/Y       -       A1N->Y F     AOI2BB1XL      1  2.2    62   164    1536    (-,-) 
  pending_q_reg[13]/D -       -      F     DFFTRX1        1    -     -     0    1536    (-,-) 
#---------------------------------------------------------------------------------------------



Path 16: MET (8239 ps) Setup Check with Pin pending_q_reg[11]/CK->D
          Group: clk
     Startpoint: (R) req_sync_q_reg[7]/CK
          Clock: (R) clk
       Endpoint: (F) pending_q_reg[11]/D
          Clock: (R) clk

                     Capture       Launch     
        Clock Edge:+   10000            0     
       Src Latency:+       0            0     
       Net Latency:+       0 (I)        0 (I) 
           Arrival:=   10000            0     
                                              
             Setup:-     252                  
     Required Time:=    9748                  
      Launch Clock:-       0                  
         Data Path:-    1509                  
             Slack:=    8239                  

#----------------------------------------------------------------------------------------------
#    Timing Point      Flags    Arc   Edge   Cell     Fanout Load Trans Delay Arrival Instance 
#                                                            (fF)  (ps)  (ps)   (ps)  Location 
#----------------------------------------------------------------------------------------------
  req_sync_q_reg[7]/CK -       -      R     (arrival)     75    -     0     0       0    (-,-) 
  req_sync_q_reg[7]/QN (P)     CK->QN R     DFFX1          2  7.0    94   258     258    (-,-) 
  g6091__2883/Y        -       A1N->Y R     AOI2BB1X1      4 14.0   226   197     456    (-,-) 
  g6069__6260/Y        -       A->Y   R     AND2X2         3  9.2    72   113     568    (-,-) 
  g6033__1881/Y        -       AN->Y  R     NOR2BX1        3 11.7   196   162     731    (-,-) 
  g6030__1705/Y        -       B->Y   F     NAND2BX1       2  7.8    77    50     780    (-,-) 
  g6024__4319/Y        -       A->Y   F     AND2X2         2  8.9    48   108     889    (-,-) 
  g6022__6260/Y        -       A->Y   R     NOR2X1         4 12.5   204   129    1018    (-,-) 
  g6020__5477/Y        -       B->Y   F     NAND2BX1       2  9.1    83    55    1072    (-,-) 
  g6005__6161/Y        -       B0->Y  R     AOI211X1       3 11.7   305   188    1261    (-,-) 
  g5993__8428/Y        -       B0->Y  F     OAI21XL        1  4.4   127    80    1341    (-,-) 
  g5985__7410/Y        -       A->Y   R     NOR2X1         2  7.4   147   112    1453    (-,-) 
  g5959__3680/Y        -       A0->Y  F     AOI21XL        1  2.2   120    56    1509    (-,-) 
  pending_q_reg[11]/D  -       -      F     DFFTRX1        1    -     -     0    1509    (-,-) 
#----------------------------------------------------------------------------------------------

(P) : Instance is preserved



Path 17: MET (8315 ps) Setup Check with Pin pending_q_reg[4]/CK->D
          Group: clk
     Startpoint: (R) req_sync_q_reg[7]/CK
          Clock: (R) clk
       Endpoint: (F) pending_q_reg[4]/D
          Clock: (R) clk

                     Capture       Launch     
        Clock Edge:+   10000            0     
       Src Latency:+       0            0     
       Net Latency:+       0 (I)        0 (I) 
           Arrival:=   10000            0     
                                              
             Setup:-     251                  
     Required Time:=    9749                  
      Launch Clock:-       0                  
         Data Path:-    1434                  
             Slack:=    8315                  

#----------------------------------------------------------------------------------------------
#    Timing Point      Flags    Arc   Edge   Cell     Fanout Load Trans Delay Arrival Instance 
#                                                            (fF)  (ps)  (ps)   (ps)  Location 
#----------------------------------------------------------------------------------------------
  req_sync_q_reg[7]/CK -       -      R     (arrival)     75    -     0     0       0    (-,-) 
  req_sync_q_reg[7]/QN (P)     CK->QN F     DFFX1          2  7.0    62   296     296    (-,-) 
  g6091__2883/Y        -       A1N->Y F     AOI2BB1X1      4 14.0   108   213     509    (-,-) 
  g6069__6260/Y        -       A->Y   F     AND2X2         3  9.2    48   116     626    (-,-) 
  g6033__1881/Y        -       AN->Y  F     NOR2BX1        3 11.7    83   137     763    (-,-) 
  g6030__1705/Y        -       B->Y   R     NAND2BX1       2  7.8   115    88     851    (-,-) 
  g6024__4319/Y        -       A->Y   R     AND2X2         2  8.9    70   104     955    (-,-) 
  g6021__5107/Y        -       B0->Y  F     AOI21X1        4 15.7   133    67    1022    (-,-) 
  g6016__7410/Y        -       B0->Y  R     AOI211XL       2  7.0   284   188    1210    (-,-) 
  g6013/Y              -       A->Y   F     INVX1          2  9.1    88    52    1262    (-,-) 
  g6008__7482/Y        -       B0->Y  R     AOI2BB1X1      2  7.9   154   118    1380    (-,-) 
  g5966__1666/Y        -       A0->Y  F     AOI31X1        1  2.2   114    53    1434    (-,-) 
  pending_q_reg[4]/D   -       -      F     DFFTRX1        1    -     -     0    1434    (-,-) 
#----------------------------------------------------------------------------------------------

(P) : Instance is preserved



Path 18: MET (8334 ps) Setup Check with Pin pending_q_reg[14]/CK->D
          Group: clk
     Startpoint: (R) req_sync_q_reg[7]/CK
          Clock: (R) clk
       Endpoint: (F) pending_q_reg[14]/D
          Clock: (R) clk

                     Capture       Launch     
        Clock Edge:+   10000            0     
       Src Latency:+       0            0     
       Net Latency:+       0 (I)        0 (I) 
           Arrival:=   10000            0     
                                              
             Setup:-     251                  
     Required Time:=    9749                  
      Launch Clock:-       0                  
         Data Path:-    1414                  
             Slack:=    8334                  

#----------------------------------------------------------------------------------------------
#    Timing Point      Flags    Arc   Edge   Cell     Fanout Load Trans Delay Arrival Instance 
#                                                            (fF)  (ps)  (ps)   (ps)  Location 
#----------------------------------------------------------------------------------------------
  req_sync_q_reg[7]/CK -       -      R     (arrival)     75    -     0     0       0    (-,-) 
  req_sync_q_reg[7]/QN (P)     CK->QN R     DFFX1          2  7.0    94   258     258    (-,-) 
  g6091__2883/Y        -       A1N->Y R     AOI2BB1X1      4 14.0   226   197     456    (-,-) 
  g6069__6260/Y        -       A->Y   R     AND2X2         3  9.2    72   113     568    (-,-) 
  g6033__1881/Y        -       AN->Y  R     NOR2BX1        3 11.7   196   162     731    (-,-) 
  g6030__1705/Y        -       B->Y   F     NAND2BX1       2  7.8    77    50     780    (-,-) 
  g6024__4319/Y        -       A->Y   F     AND2X2         2  8.9    48   108     889    (-,-) 
  g6022__6260/Y        -       A->Y   R     NOR2X1         4 12.5   204   129    1018    (-,-) 
  g6018__2398/Y        -       B0->Y  F     OAI21XL        3 12.2   144   114    1132    (-,-) 
  g6012__9315/Y        -       B0->Y  R     AOI211X1       3 14.0   339   222    1353    (-,-) 
  g5990__2398/Y        -       A0->Y  F     AOI31X1        1  2.2   114    61    1414    (-,-) 
  pending_q_reg[14]/D  -       -      F     DFFTRX1        1    -     -     0    1414    (-,-) 
#----------------------------------------------------------------------------------------------

(P) : Instance is preserved



Path 19: MET (8345 ps) Setup Check with Pin pending_q_reg[1]/CK->D
          Group: clk
     Startpoint: (R) req_sync_q_reg[7]/CK
          Clock: (R) clk
       Endpoint: (F) pending_q_reg[1]/D
          Clock: (R) clk

                     Capture       Launch     
        Clock Edge:+   10000            0     
       Src Latency:+       0            0     
       Net Latency:+       0 (I)        0 (I) 
           Arrival:=   10000            0     
                                              
             Setup:-     252                  
     Required Time:=    9748                  
      Launch Clock:-       0                  
         Data Path:-    1403                  
             Slack:=    8345                  

#----------------------------------------------------------------------------------------------
#    Timing Point      Flags    Arc   Edge   Cell     Fanout Load Trans Delay Arrival Instance 
#                                                            (fF)  (ps)  (ps)   (ps)  Location 
#----------------------------------------------------------------------------------------------
  req_sync_q_reg[7]/CK -       -      R     (arrival)     75    -     0     0       0    (-,-) 
  req_sync_q_reg[7]/QN (P)     CK->QN F     DFFX1          2  7.0    62   296     296    (-,-) 
  g6091__2883/Y        -       A1N->Y F     AOI2BB1X1      4 14.0   108   213     509    (-,-) 
  g6069__6260/Y        -       A->Y   F     AND2X2         3  9.2    48   116     626    (-,-) 
  g6033__1881/Y        -       AN->Y  F     NOR2BX1        3 11.7    83   137     763    (-,-) 
  g6030__1705/Y        -       B->Y   R     NAND2BX1       2  7.8   115    88     851    (-,-) 
  g6024__4319/Y        -       A->Y   R     AND2X2         2  8.9    70   104     955    (-,-) 
  g6021__5107/Y        -       B0->Y  F     AOI21X1        4 15.7   133    67    1022    (-,-) 
  g6009__1666/Y        -       B0->Y  R     AOI211X1       2  9.2   269   178    1200    (-,-) 
  g5986__6131/Y        -       B0->Y  F     OAI211X1       2  7.3   134    84    1284    (-,-) 
  g5982/Y              -       A->Y   R     INVXL          1  3.2    76    69    1353    (-,-) 
  g5963__8246/Y        -       A0->Y  F     AOI21XL        1  2.2   120    49    1403    (-,-) 
  pending_q_reg[1]/D   -       -      F     DFFTRX1        1    -     -     0    1403    (-,-) 
#----------------------------------------------------------------------------------------------

(P) : Instance is preserved



Path 20: MET (8348 ps) Late External Delay Assertion at pin out_valid
          Group: clk
     Startpoint: (R) reset_release_q_reg[1]/CK
          Clock: (R) clk
       Endpoint: (R) out_valid
          Clock: (R) clk

                     Capture       Launch     
        Clock Edge:+   10000            0     
       Src Latency:+       0            0     
       Net Latency:+       0 (I)        0 (I) 
           Arrival:=   10000            0     
                                              
      Output Delay:-    1000                  
     Required Time:=    9000                  
      Launch Clock:-       0                  
         Data Path:-     652                  
             Slack:=    8348                  

Exceptions/Constraints:
  output_delay             1000            ou_del_20_1   

#---------------------------------------------------------------------------------------------------
#       Timing Point        Flags    Arc   Edge   Cell     Fanout Load Trans Delay Arrival Instance 
#                                                                 (fF)  (ps)  (ps)   (ps)  Location 
#---------------------------------------------------------------------------------------------------
  reset_release_q_reg[1]/CK -       -      R     (arrival)     75    -     0     0       0    (-,-) 
  reset_release_q_reg[1]/QN (P)     CK->QN F     DFFRX1        10 32.7   177   448     448    (-,-) 
  drc_buf_sp6313/Y          -       A->Y   F     BUFX3         10 30.1    65   143     592    (-,-) 
  g6102__2346/Y             -       B->Y   R     NOR2BXL        1  0.0    59    61     652    (-,-) 
  out_valid                 -       -      R     (port)         -    -     -     0     652    (-,-) 
#---------------------------------------------------------------------------------------------------

(P) : Instance is preserved



Path 21: MET (8348 ps) Late External Delay Assertion at pin src_ack_async[0]
          Group: clk
     Startpoint: (R) reset_release_q_reg[1]/CK
          Clock: (R) clk
       Endpoint: (R) src_ack_async[0]
          Clock: (R) clk

                     Capture       Launch     
        Clock Edge:+   10000            0     
       Src Latency:+       0            0     
       Net Latency:+       0 (I)        0 (I) 
           Arrival:=   10000            0     
                                              
      Output Delay:-    1000                  
     Required Time:=    9000                  
      Launch Clock:-       0                  
         Data Path:-     652                  
             Slack:=    8348                  

Exceptions/Constraints:
  output_delay             1000            ou_del_15_1   

#---------------------------------------------------------------------------------------------------
#       Timing Point        Flags    Arc   Edge   Cell     Fanout Load Trans Delay Arrival Instance 
#                                                                 (fF)  (ps)  (ps)   (ps)  Location 
#---------------------------------------------------------------------------------------------------
  reset_release_q_reg[1]/CK -       -      R     (arrival)     75    -     0     0       0    (-,-) 
  reset_release_q_reg[1]/QN (P)     CK->QN F     DFFRX1        10 32.7   177   448     448    (-,-) 
  drc_buf_sp6313/Y          -       A->Y   F     BUFX3         10 30.1    65   143     592    (-,-) 
  g6096__5477/Y             -       B->Y   R     NOR2BXL        1  0.0    59    61     652    (-,-) 
  src_ack_async[0]          -       -      R     (port)         -    -     -     0     652    (-,-) 
#---------------------------------------------------------------------------------------------------

(P) : Instance is preserved



Path 22: MET (8348 ps) Late External Delay Assertion at pin src_ack_async[1]
          Group: clk
     Startpoint: (R) reset_release_q_reg[1]/CK
          Clock: (R) clk
       Endpoint: (R) src_ack_async[1]
          Clock: (R) clk

                     Capture       Launch     
        Clock Edge:+   10000            0     
       Src Latency:+       0            0     
       Net Latency:+       0 (I)        0 (I) 
           Arrival:=   10000            0     
                                              
      Output Delay:-    1000                  
     Required Time:=    9000                  
      Launch Clock:-       0                  
         Data Path:-     652                  
             Slack:=    8348                  

Exceptions/Constraints:
  output_delay             1000            ou_del_14_1   

#---------------------------------------------------------------------------------------------------
#       Timing Point        Flags    Arc   Edge   Cell     Fanout Load Trans Delay Arrival Instance 
#                                                                 (fF)  (ps)  (ps)   (ps)  Location 
#---------------------------------------------------------------------------------------------------
  reset_release_q_reg[1]/CK -       -      R     (arrival)     75    -     0     0       0    (-,-) 
  reset_release_q_reg[1]/QN (P)     CK->QN F     DFFRX1        10 32.7   177   448     448    (-,-) 
  drc_buf_sp6313/Y          -       A->Y   F     BUFX3         10 30.1    65   143     592    (-,-) 
  g6095__5107/Y             -       B->Y   R     NOR2BXL        1  0.0    59    61     652    (-,-) 
  src_ack_async[1]          -       -      R     (port)         -    -     -     0     652    (-,-) 
#---------------------------------------------------------------------------------------------------

(P) : Instance is preserved



Path 23: MET (8348 ps) Late External Delay Assertion at pin src_ack_async[2]
          Group: clk
     Startpoint: (R) reset_release_q_reg[1]/CK
          Clock: (R) clk
       Endpoint: (R) src_ack_async[2]
          Clock: (R) clk

                     Capture       Launch     
        Clock Edge:+   10000            0     
       Src Latency:+       0            0     
       Net Latency:+       0 (I)        0 (I) 
           Arrival:=   10000            0     
                                              
      Output Delay:-    1000                  
     Required Time:=    9000                  
      Launch Clock:-       0                  
         Data Path:-     652                  
             Slack:=    8348                  

Exceptions/Constraints:
  output_delay             1000            ou_del_13_1   

#---------------------------------------------------------------------------------------------------
#       Timing Point        Flags    Arc   Edge   Cell     Fanout Load Trans Delay Arrival Instance 
#                                                                 (fF)  (ps)  (ps)   (ps)  Location 
#---------------------------------------------------------------------------------------------------
  reset_release_q_reg[1]/CK -       -      R     (arrival)     75    -     0     0       0    (-,-) 
  reset_release_q_reg[1]/QN (P)     CK->QN F     DFFRX1        10 32.7   177   448     448    (-,-) 
  drc_buf_sp6313/Y          -       A->Y   F     BUFX3         10 30.1    65   143     592    (-,-) 
  g6109__6417/Y             -       B->Y   R     NOR2BXL        1  0.0    59    61     652    (-,-) 
  src_ack_async[2]          -       -      R     (port)         -    -     -     0     652    (-,-) 
#---------------------------------------------------------------------------------------------------

(P) : Instance is preserved



Path 24: MET (8348 ps) Late External Delay Assertion at pin src_ack_async[6]
          Group: clk
     Startpoint: (R) reset_release_q_reg[1]/CK
          Clock: (R) clk
       Endpoint: (R) src_ack_async[6]
          Clock: (R) clk

                     Capture       Launch     
        Clock Edge:+   10000            0     
       Src Latency:+       0            0     
       Net Latency:+       0 (I)        0 (I) 
           Arrival:=   10000            0     
                                              
      Output Delay:-    1000                  
     Required Time:=    9000                  
      Launch Clock:-       0                  
         Data Path:-     652                  
             Slack:=    8348                  

Exceptions/Constraints:
  output_delay             1000            ou_del_9_1   

#---------------------------------------------------------------------------------------------------
#       Timing Point        Flags    Arc   Edge   Cell     Fanout Load Trans Delay Arrival Instance 
#                                                                 (fF)  (ps)  (ps)   (ps)  Location 
#---------------------------------------------------------------------------------------------------
  reset_release_q_reg[1]/CK -       -      R     (arrival)     75    -     0     0       0    (-,-) 
  reset_release_q_reg[1]/QN (P)     CK->QN F     DFFRX1        10 32.7   177   448     448    (-,-) 
  drc_buf_sp6313/Y          -       A->Y   F     BUFX3         10 30.1    65   143     592    (-,-) 
  g6100__2346/Y             -       B->Y   R     NOR2BXL        1  0.0    59    61     652    (-,-) 
  src_ack_async[6]          -       -      R     (port)         -    -     -     0     652    (-,-) 
#---------------------------------------------------------------------------------------------------

(P) : Instance is preserved



Path 25: MET (8348 ps) Late External Delay Assertion at pin src_ack_async[8]
          Group: clk
     Startpoint: (R) reset_release_q_reg[1]/CK
          Clock: (R) clk
       Endpoint: (R) src_ack_async[8]
          Clock: (R) clk

                     Capture       Launch     
        Clock Edge:+   10000            0     
       Src Latency:+       0            0     
       Net Latency:+       0 (I)        0 (I) 
           Arrival:=   10000            0     
                                              
      Output Delay:-    1000                  
     Required Time:=    9000                  
      Launch Clock:-       0                  
         Data Path:-     652                  
             Slack:=    8348                  

Exceptions/Constraints:
  output_delay             1000            ou_del_7_1   

#---------------------------------------------------------------------------------------------------
#       Timing Point        Flags    Arc   Edge   Cell     Fanout Load Trans Delay Arrival Instance 
#                                                                 (fF)  (ps)  (ps)   (ps)  Location 
#---------------------------------------------------------------------------------------------------
  reset_release_q_reg[1]/CK -       -      R     (arrival)     75    -     0     0       0    (-,-) 
  reset_release_q_reg[1]/QN (P)     CK->QN F     DFFRX1        10 32.7   177   448     448    (-,-) 
  drc_buf_sp6313/Y          -       A->Y   F     BUFX3         10 30.1    65   143     592    (-,-) 
  g6097__8246/Y             -       B->Y   R     NOR2BXL        1  0.0    59    61     652    (-,-) 
  src_ack_async[8]          -       -      R     (port)         -    -     -     0     652    (-,-) 
#---------------------------------------------------------------------------------------------------

(P) : Instance is preserved



Path 26: MET (8348 ps) Late External Delay Assertion at pin src_ack_async[10]
          Group: clk
     Startpoint: (R) reset_release_q_reg[1]/CK
          Clock: (R) clk
       Endpoint: (R) src_ack_async[10]
          Clock: (R) clk

                     Capture       Launch     
        Clock Edge:+   10000            0     
       Src Latency:+       0            0     
       Net Latency:+       0 (I)        0 (I) 
           Arrival:=   10000            0     
                                              
      Output Delay:-    1000                  
     Required Time:=    9000                  
      Launch Clock:-       0                  
         Data Path:-     652                  
             Slack:=    8348                  

Exceptions/Constraints:
  output_delay             1000            ou_del_5_1   

#---------------------------------------------------------------------------------------------------
#       Timing Point        Flags    Arc   Edge   Cell     Fanout Load Trans Delay Arrival Instance 
#                                                                 (fF)  (ps)  (ps)   (ps)  Location 
#---------------------------------------------------------------------------------------------------
  reset_release_q_reg[1]/CK -       -      R     (arrival)     75    -     0     0       0    (-,-) 
  reset_release_q_reg[1]/QN (P)     CK->QN F     DFFRX1        10 32.7   177   448     448    (-,-) 
  drc_buf_sp6313/Y          -       A->Y   F     BUFX3         10 30.1    65   143     592    (-,-) 
  g6106__5477/Y             -       B->Y   R     NOR2BXL        1  0.0    59    61     652    (-,-) 
  src_ack_async[10]         -       -      R     (port)         -    -     -     0     652    (-,-) 
#---------------------------------------------------------------------------------------------------

(P) : Instance is preserved



Path 27: MET (8348 ps) Late External Delay Assertion at pin src_ack_async[11]
          Group: clk
     Startpoint: (R) reset_release_q_reg[1]/CK
          Clock: (R) clk
       Endpoint: (R) src_ack_async[11]
          Clock: (R) clk

                     Capture       Launch     
        Clock Edge:+   10000            0     
       Src Latency:+       0            0     
       Net Latency:+       0 (I)        0 (I) 
           Arrival:=   10000            0     
                                              
      Output Delay:-    1000                  
     Required Time:=    9000                  
      Launch Clock:-       0                  
         Data Path:-     652                  
             Slack:=    8348                  

Exceptions/Constraints:
  output_delay             1000            ou_del_4_1   

#---------------------------------------------------------------------------------------------------
#       Timing Point        Flags    Arc   Edge   Cell     Fanout Load Trans Delay Arrival Instance 
#                                                                 (fF)  (ps)  (ps)   (ps)  Location 
#---------------------------------------------------------------------------------------------------
  reset_release_q_reg[1]/CK -       -      R     (arrival)     75    -     0     0       0    (-,-) 
  reset_release_q_reg[1]/QN (P)     CK->QN F     DFFRX1        10 32.7   177   448     448    (-,-) 
  drc_buf_sp6313/Y          -       A->Y   F     BUFX3         10 30.1    65   143     592    (-,-) 
  g6101__4319/Y             -       B->Y   R     NOR2BXL        1  0.0    59    61     652    (-,-) 
  src_ack_async[11]         -       -      R     (port)         -    -     -     0     652    (-,-) 
#---------------------------------------------------------------------------------------------------

(P) : Instance is preserved



Path 28: MET (8348 ps) Late External Delay Assertion at pin src_ack_async[14]
          Group: clk
     Startpoint: (R) reset_release_q_reg[1]/CK
          Clock: (R) clk
       Endpoint: (R) src_ack_async[14]
          Clock: (R) clk

                     Capture       Launch     
        Clock Edge:+   10000            0     
       Src Latency:+       0            0     
       Net Latency:+       0 (I)        0 (I) 
           Arrival:=   10000            0     
                                              
      Output Delay:-    1000                  
     Required Time:=    9000                  
      Launch Clock:-       0                  
         Data Path:-     652                  
             Slack:=    8348                  

Exceptions/Constraints:
  output_delay             1000            ou_del_1_1   

#---------------------------------------------------------------------------------------------------
#       Timing Point        Flags    Arc   Edge   Cell     Fanout Load Trans Delay Arrival Instance 
#                                                                 (fF)  (ps)  (ps)   (ps)  Location 
#---------------------------------------------------------------------------------------------------
  reset_release_q_reg[1]/CK -       -      R     (arrival)     75    -     0     0       0    (-,-) 
  reset_release_q_reg[1]/QN (P)     CK->QN F     DFFRX1        10 32.7   177   448     448    (-,-) 
  drc_buf_sp6313/Y          -       A->Y   F     BUFX3         10 30.1    65   143     592    (-,-) 
  g6098__7410/Y             -       B->Y   R     NOR2BXL        1  0.0    59    61     652    (-,-) 
  src_ack_async[14]         -       -      R     (port)         -    -     -     0     652    (-,-) 
#---------------------------------------------------------------------------------------------------

(P) : Instance is preserved



Path 29: MET (8349 ps) Setup Check with Pin pending_q_reg[3]/CK->D
          Group: clk
     Startpoint: (R) req_sync_q_reg[7]/CK
          Clock: (R) clk
       Endpoint: (F) pending_q_reg[3]/D
          Clock: (R) clk

                     Capture       Launch     
        Clock Edge:+   10000            0     
       Src Latency:+       0            0     
       Net Latency:+       0 (I)        0 (I) 
           Arrival:=   10000            0     
                                              
             Setup:-     252                  
     Required Time:=    9748                  
      Launch Clock:-       0                  
         Data Path:-    1398                  
             Slack:=    8349                  

#----------------------------------------------------------------------------------------------
#    Timing Point      Flags    Arc   Edge   Cell     Fanout Load Trans Delay Arrival Instance 
#                                                            (fF)  (ps)  (ps)   (ps)  Location 
#----------------------------------------------------------------------------------------------
  req_sync_q_reg[7]/CK -       -      R     (arrival)     75    -     0     0       0    (-,-) 
  req_sync_q_reg[7]/QN (P)     CK->QN F     DFFX1          2  7.0    62   296     296    (-,-) 
  g6091__2883/Y        -       A1N->Y F     AOI2BB1X1      4 14.0   108   213     509    (-,-) 
  g6069__6260/Y        -       A->Y   F     AND2X2         3  9.2    48   116     626    (-,-) 
  g6033__1881/Y        -       AN->Y  F     NOR2BX1        3 11.7    83   137     763    (-,-) 
  g6030__1705/Y        -       B->Y   R     NAND2BX1       2  7.8   115    88     851    (-,-) 
  g6024__4319/Y        -       A->Y   R     AND2X2         2  8.9    70   104     955    (-,-) 
  g6021__5107/Y        -       B0->Y  F     AOI21X1        4 15.7   133    67    1022    (-,-) 
  g6015__6417/Y        -       A->Y   R     NOR2X1         1  4.4   113    92    1114    (-,-) 
  g6004__4733/Y        -       B0->Y  F     OAI211X1       3 11.6   130    87    1201    (-,-) 
  g5972__5122/Y        -       A->Y   R     NOR3X1         2  7.3   205   138    1339    (-,-) 
  g5948__5122/Y        -       A0->Y  F     AOI21XL        1  2.2   120    59    1398    (-,-) 
  pending_q_reg[3]/D   -       -      F     DFFTRX1        1    -     -     0    1398    (-,-) 
#----------------------------------------------------------------------------------------------

(P) : Instance is preserved



Path 30: MET (8359 ps) Setup Check with Pin pending_q_reg[2]/CK->D
          Group: clk
     Startpoint: (R) out_ready
          Clock: (R) clk
       Endpoint: (F) pending_q_reg[2]/D
          Clock: (R) clk

                     Capture       Launch     
        Clock Edge:+   10000            0     
        Drv Adjust:+       0            0     
       Src Latency:+       0            0     
       Net Latency:+       0 (I)        0 (I) 
           Arrival:=   10000            0     
                                              
             Setup:-     252                  
     Required Time:=    9748                  
      Launch Clock:-       0                  
       Input Delay:-    1000                  
         Data Path:-     389                  
             Slack:=    8359                  

Exceptions/Constraints:
  input_delay             1000            in_del   

#-------------------------------------------------------------------------------------------
#   Timing Point     Flags   Arc   Edge   Cell     Fanout Load Trans Delay Arrival Instance 
#                                                         (fF)  (ps)  (ps)   (ps)  Location 
#-------------------------------------------------------------------------------------------
  out_ready          -       -     R     (arrival)      1  2.2     0     0    1000    (-,-) 
  g6169__6260/Y      -       AN->Y R     NAND2BX1      16 59.4   535   333    1333    (-,-) 
  g5960__7482/Y      -       A1->Y F     AOI21XL        1  2.2   120    56    1389    (-,-) 
  pending_q_reg[2]/D -       -     F     DFFTRX1        1    -     -     0    1389    (-,-) 
#-------------------------------------------------------------------------------------------



Path 31: MET (8359 ps) Setup Check with Pin pending_q_reg[10]/CK->D
          Group: clk
     Startpoint: (R) out_ready
          Clock: (R) clk
       Endpoint: (F) pending_q_reg[10]/D
          Clock: (R) clk

                     Capture       Launch     
        Clock Edge:+   10000            0     
        Drv Adjust:+       0            0     
       Src Latency:+       0            0     
       Net Latency:+       0 (I)        0 (I) 
           Arrival:=   10000            0     
                                              
             Setup:-     253                  
     Required Time:=    9747                  
      Launch Clock:-       0                  
       Input Delay:-    1000                  
         Data Path:-     388                  
             Slack:=    8359                  

Exceptions/Constraints:
  input_delay             1000            in_del   

#--------------------------------------------------------------------------------------------
#    Timing Point     Flags   Arc   Edge   Cell     Fanout Load Trans Delay Arrival Instance 
#                                                          (fF)  (ps)  (ps)   (ps)  Location 
#--------------------------------------------------------------------------------------------
  out_ready           -       -     R     (arrival)      1  2.2     0     0    1000    (-,-) 
  g6169__6260/Y       -       AN->Y R     NAND2BX1      16 59.4   535   333    1333    (-,-) 
  g5967__6260/Y       -       A2->Y F     AOI31XL        1  2.2   122    55    1388    (-,-) 
  pending_q_reg[10]/D -       -     F     DFFTRX1        1    -     -     0    1388    (-,-) 
#--------------------------------------------------------------------------------------------



Path 32: MET (8372 ps) Setup Check with Pin pending_q_reg[0]/CK->D
          Group: clk
     Startpoint: (R) out_ready
          Clock: (R) clk
       Endpoint: (F) pending_q_reg[0]/D
          Clock: (R) clk

                     Capture       Launch     
        Clock Edge:+   10000            0     
        Drv Adjust:+       0            0     
       Src Latency:+       0            0     
       Net Latency:+       0 (I)        0 (I) 
           Arrival:=   10000            0     
                                              
             Setup:-     251                  
     Required Time:=    9749                  
      Launch Clock:-       0                  
       Input Delay:-    1000                  
         Data Path:-     376                  
             Slack:=    8372                  

Exceptions/Constraints:
  input_delay             1000            in_del   

#-------------------------------------------------------------------------------------------
#   Timing Point     Flags   Arc   Edge   Cell     Fanout Load Trans Delay Arrival Instance 
#                                                         (fF)  (ps)  (ps)   (ps)  Location 
#-------------------------------------------------------------------------------------------
  out_ready          -       -     R     (arrival)      1  2.2     0     0    1000    (-,-) 
  g6169__6260/Y      -       AN->Y R     NAND2BX1      16 59.4   535   333    1333    (-,-) 
  g5968__5115/Y      -       A2->Y F     AOI31X1        1  2.2   114    44    1376    (-,-) 
  pending_q_reg[0]/D -       -     F     DFFTRX1        1    -     -     0    1376    (-,-) 
#-------------------------------------------------------------------------------------------



Path 33: MET (8372 ps) Setup Check with Pin pending_q_reg[12]/CK->D
          Group: clk
     Startpoint: (R) out_ready
          Clock: (R) clk
       Endpoint: (F) pending_q_reg[12]/D
          Clock: (R) clk

                     Capture       Launch     
        Clock Edge:+   10000            0     
        Drv Adjust:+       0            0     
       Src Latency:+       0            0     
       Net Latency:+       0 (I)        0 (I) 
           Arrival:=   10000            0     
                                              
             Setup:-     251                  
     Required Time:=    9749                  
      Launch Clock:-       0                  
       Input Delay:-    1000                  
         Data Path:-     376                  
             Slack:=    8372                  

Exceptions/Constraints:
  input_delay             1000            in_del   

#--------------------------------------------------------------------------------------------
#    Timing Point     Flags   Arc   Edge   Cell     Fanout Load Trans Delay Arrival Instance 
#                                                          (fF)  (ps)  (ps)   (ps)  Location 
#--------------------------------------------------------------------------------------------
  out_ready           -       -     R     (arrival)      1  2.2     0     0    1000    (-,-) 
  g6169__6260/Y       -       AN->Y R     NAND2BX1      16 59.4   535   333    1333    (-,-) 
  g5989__6783/Y       -       A2->Y F     AOI31X1        1  2.2   114    44    1376    (-,-) 
  pending_q_reg[12]/D -       -     F     DFFTRX1        1    -     -     0    1376    (-,-) 
#--------------------------------------------------------------------------------------------



Path 34: MET (8372 ps) Setup Check with Pin pending_q_reg[8]/CK->D
          Group: clk
     Startpoint: (R) out_ready
          Clock: (R) clk
       Endpoint: (F) pending_q_reg[8]/D
          Clock: (R) clk

                     Capture       Launch     
        Clock Edge:+   10000            0     
        Drv Adjust:+       0            0     
       Src Latency:+       0            0     
       Net Latency:+       0 (I)        0 (I) 
           Arrival:=   10000            0     
                                              
             Setup:-     251                  
     Required Time:=    9749                  
      Launch Clock:-       0                  
       Input Delay:-    1000                  
         Data Path:-     376                  
             Slack:=    8372                  

Exceptions/Constraints:
  input_delay             1000            in_del   

#-------------------------------------------------------------------------------------------
#   Timing Point     Flags   Arc   Edge   Cell     Fanout Load Trans Delay Arrival Instance 
#                                                         (fF)  (ps)  (ps)   (ps)  Location 
#-------------------------------------------------------------------------------------------
  out_ready          -       -     R     (arrival)      1  2.2     0     0    1000    (-,-) 
  g6169__6260/Y      -       AN->Y R     NAND2BX1      16 59.4   535   333    1333    (-,-) 
  g5983__1705/Y      -       A2->Y F     AOI31X1        1  2.2   114    44    1376    (-,-) 
  pending_q_reg[8]/D -       -     F     DFFTRX1        1    -     -     0    1376    (-,-) 
#-------------------------------------------------------------------------------------------



Path 35: MET (8475 ps) Late External Delay Assertion at pin src_ack_async[3]
          Group: clk
     Startpoint: (R) reset_release_q_reg[1]/CK
          Clock: (R) clk
       Endpoint: (R) src_ack_async[3]
          Clock: (R) clk

                     Capture       Launch     
        Clock Edge:+   10000            0     
       Src Latency:+       0            0     
       Net Latency:+       0 (I)        0 (I) 
           Arrival:=   10000            0     
                                              
      Output Delay:-    1000                  
     Required Time:=    9000                  
      Launch Clock:-       0                  
         Data Path:-     525                  
             Slack:=    8475                  

Exceptions/Constraints:
  output_delay             1000            ou_del_12_1   

#---------------------------------------------------------------------------------------------------
#       Timing Point        Flags    Arc   Edge   Cell     Fanout Load Trans Delay Arrival Instance 
#                                                                 (fF)  (ps)  (ps)   (ps)  Location 
#---------------------------------------------------------------------------------------------------
  reset_release_q_reg[1]/CK -       -      R     (arrival)     75    -     0     0       0    (-,-) 
  reset_release_q_reg[1]/QN (P)     CK->QN F     DFFRX1        10 32.7   177   448     448    (-,-) 
  g6105__8428/Y             -       B->Y   R     NOR2BXL        1  0.0    69    77     525    (-,-) 
  src_ack_async[3]          -       -      R     (port)         -    -     -     0     525    (-,-) 
#---------------------------------------------------------------------------------------------------

(P) : Instance is preserved



Path 36: MET (8475 ps) Late External Delay Assertion at pin src_ack_async[4]
          Group: clk
     Startpoint: (R) reset_release_q_reg[1]/CK
          Clock: (R) clk
       Endpoint: (R) src_ack_async[4]
          Clock: (R) clk

                     Capture       Launch     
        Clock Edge:+   10000            0     
       Src Latency:+       0            0     
       Net Latency:+       0 (I)        0 (I) 
           Arrival:=   10000            0     
                                              
      Output Delay:-    1000                  
     Required Time:=    9000                  
      Launch Clock:-       0                  
         Data Path:-     525                  
             Slack:=    8475                  

Exceptions/Constraints:
  output_delay             1000            ou_del_11_1   

#---------------------------------------------------------------------------------------------------
#       Timing Point        Flags    Arc   Edge   Cell     Fanout Load Trans Delay Arrival Instance 
#                                                                 (fF)  (ps)  (ps)   (ps)  Location 
#---------------------------------------------------------------------------------------------------
  reset_release_q_reg[1]/CK -       -      R     (arrival)     75    -     0     0       0    (-,-) 
  reset_release_q_reg[1]/QN (P)     CK->QN F     DFFRX1        10 32.7   177   448     448    (-,-) 
  g6104__7410/Y             -       B->Y   R     NOR2BXL        1  0.0    69    77     525    (-,-) 
  src_ack_async[4]          -       -      R     (port)         -    -     -     0     525    (-,-) 
#---------------------------------------------------------------------------------------------------

(P) : Instance is preserved



Path 37: MET (8475 ps) Late External Delay Assertion at pin src_ack_async[5]
          Group: clk
     Startpoint: (R) reset_release_q_reg[1]/CK
          Clock: (R) clk
       Endpoint: (R) src_ack_async[5]
          Clock: (R) clk

                     Capture       Launch     
        Clock Edge:+   10000            0     
       Src Latency:+       0            0     
       Net Latency:+       0 (I)        0 (I) 
           Arrival:=   10000            0     
                                              
      Output Delay:-    1000                  
     Required Time:=    9000                  
      Launch Clock:-       0                  
         Data Path:-     525                  
             Slack:=    8475                  

Exceptions/Constraints:
  output_delay             1000            ou_del_10_1   

#---------------------------------------------------------------------------------------------------
#       Timing Point        Flags    Arc   Edge   Cell     Fanout Load Trans Delay Arrival Instance 
#                                                                 (fF)  (ps)  (ps)   (ps)  Location 
#---------------------------------------------------------------------------------------------------
  reset_release_q_reg[1]/CK -       -      R     (arrival)     75    -     0     0       0    (-,-) 
  reset_release_q_reg[1]/QN (P)     CK->QN F     DFFRX1        10 32.7   177   448     448    (-,-) 
  g6103__1666/Y             -       B->Y   R     NOR2BXL        1  0.0    69    77     525    (-,-) 
  src_ack_async[5]          -       -      R     (port)         -    -     -     0     525    (-,-) 
#---------------------------------------------------------------------------------------------------

(P) : Instance is preserved



Path 38: MET (8475 ps) Late External Delay Assertion at pin src_ack_async[7]
          Group: clk
     Startpoint: (R) reset_release_q_reg[1]/CK
          Clock: (R) clk
       Endpoint: (R) src_ack_async[7]
          Clock: (R) clk

                     Capture       Launch     
        Clock Edge:+   10000            0     
       Src Latency:+       0            0     
       Net Latency:+       0 (I)        0 (I) 
           Arrival:=   10000            0     
                                              
      Output Delay:-    1000                  
     Required Time:=    9000                  
      Launch Clock:-       0                  
         Data Path:-     525                  
             Slack:=    8475                  

Exceptions/Constraints:
  output_delay             1000            ou_del_8_1   

#---------------------------------------------------------------------------------------------------
#       Timing Point        Flags    Arc   Edge   Cell     Fanout Load Trans Delay Arrival Instance 
#                                                                 (fF)  (ps)  (ps)   (ps)  Location 
#---------------------------------------------------------------------------------------------------
  reset_release_q_reg[1]/CK -       -      R     (arrival)     75    -     0     0       0    (-,-) 
  reset_release_q_reg[1]/QN (P)     CK->QN F     DFFRX1        10 32.7   177   448     448    (-,-) 
  g6099__9315/Y             -       B->Y   R     NOR2BXL        1  0.0    69    77     525    (-,-) 
  src_ack_async[7]          -       -      R     (port)         -    -     -     0     525    (-,-) 
#---------------------------------------------------------------------------------------------------

(P) : Instance is preserved



Path 39: MET (8475 ps) Late External Delay Assertion at pin src_ack_async[9]
          Group: clk
     Startpoint: (R) reset_release_q_reg[1]/CK
          Clock: (R) clk
       Endpoint: (R) src_ack_async[9]
          Clock: (R) clk

                     Capture       Launch     
        Clock Edge:+   10000            0     
       Src Latency:+       0            0     
       Net Latency:+       0 (I)        0 (I) 
           Arrival:=   10000            0     
                                              
      Output Delay:-    1000                  
     Required Time:=    9000                  
      Launch Clock:-       0                  
         Data Path:-     525                  
             Slack:=    8475                  

Exceptions/Constraints:
  output_delay             1000            ou_del_6_1   

#---------------------------------------------------------------------------------------------------
#       Timing Point        Flags    Arc   Edge   Cell     Fanout Load Trans Delay Arrival Instance 
#                                                                 (fF)  (ps)  (ps)   (ps)  Location 
#---------------------------------------------------------------------------------------------------
  reset_release_q_reg[1]/CK -       -      R     (arrival)     75    -     0     0       0    (-,-) 
  reset_release_q_reg[1]/QN (P)     CK->QN F     DFFRX1        10 32.7   177   448     448    (-,-) 
  g6108__1666/Y             -       B->Y   R     NOR2BXL        1  0.0    69    77     525    (-,-) 
  src_ack_async[9]          -       -      R     (port)         -    -     -     0     525    (-,-) 
#---------------------------------------------------------------------------------------------------

(P) : Instance is preserved



Path 40: MET (8475 ps) Late External Delay Assertion at pin src_ack_async[12]
          Group: clk
     Startpoint: (R) reset_release_q_reg[1]/CK
          Clock: (R) clk
       Endpoint: (R) src_ack_async[12]
          Clock: (R) clk

                     Capture       Launch     
        Clock Edge:+   10000            0     
       Src Latency:+       0            0     
       Net Latency:+       0 (I)        0 (I) 
           Arrival:=   10000            0     
                                              
      Output Delay:-    1000                  
     Required Time:=    9000                  
      Launch Clock:-       0                  
         Data Path:-     525                  
             Slack:=    8475                  

Exceptions/Constraints:
  output_delay             1000            ou_del_3_1   

#---------------------------------------------------------------------------------------------------
#       Timing Point        Flags    Arc   Edge   Cell     Fanout Load Trans Delay Arrival Instance 
#                                                                 (fF)  (ps)  (ps)   (ps)  Location 
#---------------------------------------------------------------------------------------------------
  reset_release_q_reg[1]/CK -       -      R     (arrival)     75    -     0     0       0    (-,-) 
  reset_release_q_reg[1]/QN (P)     CK->QN F     DFFRX1        10 32.7   177   448     448    (-,-) 
  g6110__6417/Y             -       B->Y   R     NOR2BXL        1  0.0    69    77     525    (-,-) 
  src_ack_async[12]         -       -      R     (port)         -    -     -     0     525    (-,-) 
#---------------------------------------------------------------------------------------------------

(P) : Instance is preserved



Path 41: MET (8475 ps) Late External Delay Assertion at pin src_ack_async[13]
          Group: clk
     Startpoint: (R) reset_release_q_reg[1]/CK
          Clock: (R) clk
       Endpoint: (R) src_ack_async[13]
          Clock: (R) clk

                     Capture       Launch     
        Clock Edge:+   10000            0     
       Src Latency:+       0            0     
       Net Latency:+       0 (I)        0 (I) 
           Arrival:=   10000            0     
                                              
      Output Delay:-    1000                  
     Required Time:=    9000                  
      Launch Clock:-       0                  
         Data Path:-     525                  
             Slack:=    8475                  

Exceptions/Constraints:
  output_delay             1000            ou_del_2_1   

#---------------------------------------------------------------------------------------------------
#       Timing Point        Flags    Arc   Edge   Cell     Fanout Load Trans Delay Arrival Instance 
#                                                                 (fF)  (ps)  (ps)   (ps)  Location 
#---------------------------------------------------------------------------------------------------
  reset_release_q_reg[1]/CK -       -      R     (arrival)     75    -     0     0       0    (-,-) 
  reset_release_q_reg[1]/QN (P)     CK->QN F     DFFRX1        10 32.7   177   448     448    (-,-) 
  g6107__2398/Y             -       B->Y   R     NOR2BXL        1  0.0    69    77     525    (-,-) 
  src_ack_async[13]         -       -      R     (port)         -    -     -     0     525    (-,-) 
#---------------------------------------------------------------------------------------------------

(P) : Instance is preserved



Path 42: MET (8475 ps) Late External Delay Assertion at pin src_ack_async[15]
          Group: clk
     Startpoint: (R) reset_release_q_reg[1]/CK
          Clock: (R) clk
       Endpoint: (R) src_ack_async[15]
          Clock: (R) clk

                     Capture       Launch     
        Clock Edge:+   10000            0     
       Src Latency:+       0            0     
       Net Latency:+       0 (I)        0 (I) 
           Arrival:=   10000            0     
                                              
      Output Delay:-    1000                  
     Required Time:=    9000                  
      Launch Clock:-       0                  
         Data Path:-     525                  
             Slack:=    8475                  

Exceptions/Constraints:
  output_delay             1000            ou_del   

#---------------------------------------------------------------------------------------------------
#       Timing Point        Flags    Arc   Edge   Cell     Fanout Load Trans Delay Arrival Instance 
#                                                                 (fF)  (ps)  (ps)   (ps)  Location 
#---------------------------------------------------------------------------------------------------
  reset_release_q_reg[1]/CK -       -      R     (arrival)     75    -     0     0       0    (-,-) 
  reset_release_q_reg[1]/QN (P)     CK->QN F     DFFRX1        10 32.7   177   448     448    (-,-) 
  g6111__6260/Y             -       B->Y   R     NOR2BXL        1  0.0    69    77     525    (-,-) 
  src_ack_async[15]         -       -      R     (port)         -    -     -     0     525    (-,-) 
#---------------------------------------------------------------------------------------------------

(P) : Instance is preserved



Path 43: MET (8559 ps) Setup Check with Pin out_addr_q_reg[3]/CK->D
          Group: clk
     Startpoint: (R) req_sync_q_reg[7]/CK
          Clock: (R) clk
       Endpoint: (F) out_addr_q_reg[3]/D
          Clock: (R) clk

                     Capture       Launch     
        Clock Edge:+   10000            0     
       Src Latency:+       0            0     
       Net Latency:+       0 (I)        0 (I) 
           Arrival:=   10000            0     
                                              
             Setup:-     429                  
     Required Time:=    9571                  
      Launch Clock:-       0                  
         Data Path:-    1012                  
             Slack:=    8559                  

#----------------------------------------------------------------------------------------------
#    Timing Point      Flags    Arc   Edge   Cell     Fanout Load Trans Delay Arrival Instance 
#                                                            (fF)  (ps)  (ps)   (ps)  Location 
#----------------------------------------------------------------------------------------------
  req_sync_q_reg[7]/CK -       -      R     (arrival)     75    -     0     0       0    (-,-) 
  req_sync_q_reg[7]/QN (P)     CK->QN F     DFFX1          2  7.0    62   296     296    (-,-) 
  g6091__2883/Y        -       A1N->Y F     AOI2BB1X1      4 14.0   108   213     509    (-,-) 
  g6069__6260/Y        -       A->Y   F     AND2X2         3  9.2    48   116     626    (-,-) 
  g6033__1881/Y        -       AN->Y  F     NOR2BX1        3 11.7    83   137     763    (-,-) 
  g6030__1705/Y        -       B->Y   R     NAND2BX1       2  7.8   115    88     851    (-,-) 
  g6024__4319/Y        -       A->Y   R     AND2X2         2  8.9    70   104     955    (-,-) 
  g6022__6260/Y        -       A->Y   F     NOR2X1         4 12.5   103    56    1012    (-,-) 
  out_addr_q_reg[3]/D  -       -      F     EDFFX1         4    -     -     0    1012    (-,-) 
#----------------------------------------------------------------------------------------------

(P) : Instance is preserved



Path 44: MET (8790 ps) Late External Delay Assertion at pin out_addr[3]
          Group: clk
     Startpoint: (R) out_addr_q_reg[3]/CK
          Clock: (R) clk
       Endpoint: (R) out_addr[3]
          Clock: (R) clk

                     Capture       Launch     
        Clock Edge:+   10000            0     
       Src Latency:+       0            0     
       Net Latency:+       0 (I)        0 (I) 
           Arrival:=   10000            0     
                                              
      Output Delay:-    1000                  
     Required Time:=    9000                  
      Launch Clock:-       0                  
         Data Path:-     210                  
             Slack:=    8790                  

Exceptions/Constraints:
  output_delay             1000            ou_del_16_1   

#---------------------------------------------------------------------------------------------
#    Timing Point      Flags   Arc   Edge   Cell     Fanout Load Trans Delay Arrival Instance 
#                                                           (fF)  (ps)  (ps)   (ps)  Location 
#---------------------------------------------------------------------------------------------
  out_addr_q_reg[3]/CK -       -     R     (arrival)     75    -     0     0       0    (-,-) 
  out_addr_q_reg[3]/Q  -       CK->Q R     EDFFX1         1  0.0    41   210     210    (-,-) 
  out_addr[3]          -       -     R     (port)         -    -     -     0     210    (-,-) 
#---------------------------------------------------------------------------------------------



Path 45: MET (8821 ps) Late External Delay Assertion at pin out_addr[1]
          Group: clk
     Startpoint: (R) out_addr_q_reg[1]/CK
          Clock: (R) clk
       Endpoint: (R) out_addr[1]
          Clock: (R) clk

                     Capture       Launch     
        Clock Edge:+   10000            0     
       Src Latency:+       0            0     
       Net Latency:+       0 (I)        0 (I) 
           Arrival:=   10000            0     
                                              
      Output Delay:-    1000                  
     Required Time:=    9000                  
      Launch Clock:-       0                  
         Data Path:-     179                  
             Slack:=    8821                  

Exceptions/Constraints:
  output_delay             1000            ou_del_18_1   

#---------------------------------------------------------------------------------------------
#    Timing Point      Flags   Arc   Edge   Cell     Fanout Load Trans Delay Arrival Instance 
#                                                           (fF)  (ps)  (ps)   (ps)  Location 
#---------------------------------------------------------------------------------------------
  out_addr_q_reg[1]/CK -       -     R     (arrival)     75    -     0     0       0    (-,-) 
  out_addr_q_reg[1]/Q  -       CK->Q R     DFFHQX1        2  2.0    50   179     179    (-,-) 
  out_addr[1]          -       -     R     (port)         -    -     -     0     179    (-,-) 
#---------------------------------------------------------------------------------------------



Path 46: MET (8821 ps) Late External Delay Assertion at pin out_addr[0]
          Group: clk
     Startpoint: (R) out_addr_q_reg[0]/CK
          Clock: (R) clk
       Endpoint: (R) out_addr[0]
          Clock: (R) clk

                     Capture       Launch     
        Clock Edge:+   10000            0     
       Src Latency:+       0            0     
       Net Latency:+       0 (I)        0 (I) 
           Arrival:=   10000            0     
                                              
      Output Delay:-    1000                  
     Required Time:=    9000                  
      Launch Clock:-       0                  
         Data Path:-     179                  
             Slack:=    8821                  

Exceptions/Constraints:
  output_delay             1000            ou_del_19_1   

#---------------------------------------------------------------------------------------------
#    Timing Point      Flags   Arc   Edge   Cell     Fanout Load Trans Delay Arrival Instance 
#                                                           (fF)  (ps)  (ps)   (ps)  Location 
#---------------------------------------------------------------------------------------------
  out_addr_q_reg[0]/CK -       -     R     (arrival)     75    -     0     0       0    (-,-) 
  out_addr_q_reg[0]/Q  -       CK->Q R     DFFHQX1        2  1.9    50   179     179    (-,-) 
  out_addr[0]          -       -     R     (port)         -    -     -     0     179    (-,-) 
#---------------------------------------------------------------------------------------------



Path 47: MET (8821 ps) Late External Delay Assertion at pin out_addr[2]
          Group: clk
     Startpoint: (R) out_addr_q_reg[2]/CK
          Clock: (R) clk
       Endpoint: (R) out_addr[2]
          Clock: (R) clk

                     Capture       Launch     
        Clock Edge:+   10000            0     
       Src Latency:+       0            0     
       Net Latency:+       0 (I)        0 (I) 
           Arrival:=   10000            0     
                                              
      Output Delay:-    1000                  
     Required Time:=    9000                  
      Launch Clock:-       0                  
         Data Path:-     179                  
             Slack:=    8821                  

Exceptions/Constraints:
  output_delay             1000            ou_del_17_1   

#---------------------------------------------------------------------------------------------
#    Timing Point      Flags   Arc   Edge   Cell     Fanout Load Trans Delay Arrival Instance 
#                                                           (fF)  (ps)  (ps)   (ps)  Location 
#---------------------------------------------------------------------------------------------
  out_addr_q_reg[2]/CK -       -     R     (arrival)     75    -     0     0       0    (-,-) 
  out_addr_q_reg[2]/Q  -       CK->Q R     DFFHQX1        2  1.9    50   179     179    (-,-) 
  out_addr[2]          -       -     R     (port)         -    -     -     0     179    (-,-) 
#---------------------------------------------------------------------------------------------



Path 48: MET (9223 ps) Setup Check with Pin ack_q_reg[8]/CK->RN
          Group: clk
     Startpoint: (R) reset_release_q_reg[1]/CK
          Clock: (R) clk
       Endpoint: (F) ack_q_reg[8]/RN
          Clock: (R) clk

                     Capture       Launch     
        Clock Edge:+   10000            0     
       Src Latency:+       0            0     
       Net Latency:+       0 (I)        0 (I) 
           Arrival:=   10000            0     
                                              
             Setup:-     262                  
     Required Time:=    9738                  
      Launch Clock:-       0                  
         Data Path:-     515                  
             Slack:=    9223                  

#--------------------------------------------------------------------------------------------------
#       Timing Point        Flags   Arc   Edge   Cell     Fanout Load Trans Delay Arrival Instance 
#                                                                (fF)  (ps)  (ps)   (ps)  Location 
#--------------------------------------------------------------------------------------------------
  reset_release_q_reg[1]/CK -       -     R     (arrival)     75    -     0     0       0    (-,-) 
  reset_release_q_reg[1]/Q  (P)     CK->Q F     DFFRX1        10 25.6   127   385     385    (-,-) 
  drc_buf_sp6279/Y          -       A->Y  F     BUFX3         16 28.8    63   130     515    (-,-) 
  ack_q_reg[8]/RN           -       -     F     DFFTRX1       16    -     -     0     515    (-,-) 
#--------------------------------------------------------------------------------------------------

(P) : Instance is preserved



Path 49: MET (9223 ps) Setup Check with Pin ack_q_reg[7]/CK->RN
          Group: clk
     Startpoint: (R) reset_release_q_reg[1]/CK
          Clock: (R) clk
       Endpoint: (F) ack_q_reg[7]/RN
          Clock: (R) clk

                     Capture       Launch     
        Clock Edge:+   10000            0     
       Src Latency:+       0            0     
       Net Latency:+       0 (I)        0 (I) 
           Arrival:=   10000            0     
                                              
             Setup:-     262                  
     Required Time:=    9738                  
      Launch Clock:-       0                  
         Data Path:-     515                  
             Slack:=    9223                  

#--------------------------------------------------------------------------------------------------
#       Timing Point        Flags   Arc   Edge   Cell     Fanout Load Trans Delay Arrival Instance 
#                                                                (fF)  (ps)  (ps)   (ps)  Location 
#--------------------------------------------------------------------------------------------------
  reset_release_q_reg[1]/CK -       -     R     (arrival)     75    -     0     0       0    (-,-) 
  reset_release_q_reg[1]/Q  (P)     CK->Q F     DFFRX1        10 25.6   127   385     385    (-,-) 
  drc_buf_sp6279/Y          -       A->Y  F     BUFX3         16 28.8    63   130     515    (-,-) 
  ack_q_reg[7]/RN           -       -     F     DFFTRX1       16    -     -     0     515    (-,-) 
#--------------------------------------------------------------------------------------------------

(P) : Instance is preserved



Path 50: MET (9223 ps) Setup Check with Pin ack_q_reg[4]/CK->RN
          Group: clk
     Startpoint: (R) reset_release_q_reg[1]/CK
          Clock: (R) clk
       Endpoint: (F) ack_q_reg[4]/RN
          Clock: (R) clk

                     Capture       Launch     
        Clock Edge:+   10000            0     
       Src Latency:+       0            0     
       Net Latency:+       0 (I)        0 (I) 
           Arrival:=   10000            0     
                                              
             Setup:-     262                  
     Required Time:=    9738                  
      Launch Clock:-       0                  
         Data Path:-     515                  
             Slack:=    9223                  

#--------------------------------------------------------------------------------------------------
#       Timing Point        Flags   Arc   Edge   Cell     Fanout Load Trans Delay Arrival Instance 
#                                                                (fF)  (ps)  (ps)   (ps)  Location 
#--------------------------------------------------------------------------------------------------
  reset_release_q_reg[1]/CK -       -     R     (arrival)     75    -     0     0       0    (-,-) 
  reset_release_q_reg[1]/Q  (P)     CK->Q F     DFFRX1        10 25.6   127   385     385    (-,-) 
  drc_buf_sp6279/Y          -       A->Y  F     BUFX3         16 28.8    63   130     515    (-,-) 
  ack_q_reg[4]/RN           -       -     F     DFFTRX1       16    -     -     0     515    (-,-) 
#--------------------------------------------------------------------------------------------------

(P) : Instance is preserved

