============================================================
  Generated by:           Genus(TM) Synthesis Solution 23.14-s090_1
  Generated on:           Aug 26 2026  02:50:34 pm
  Module:                 aer_pending_direct_gray_scr_onehot_tree
  Operating conditions:   PVT_0P9V_125C (balanced_tree)
  Wireload mode:          enclosed
  Area mode:              timing library
============================================================

Timing
--------

Clock  Period 
--------------
clk   10000.0 


  Cost    Critical         Violating 
 Group   Path Slack  TNS     Paths   
-------------------------------------
clk          8288.1   0.0          0 
default    No paths   0.0            
-------------------------------------
Total                 0.0          0 

Instance Count
--------------
Leaf Instance Count             275 
Physical Instance count           0 
Sequential Instance Count        75 
Combinational Instance Count    200 
Hierarchical Instance Count       0 

Area
----
Cell Area                          696.654
Physical Cell Area                 0.000
Total Cell Area (Cell+Physical)    696.654
Net Area                           0.000
Total Area (Cell+Physical+Net)     696.654

Max Fanout                         75 (clk)
Min Fanout                         0 (rst_n)
Average Fanout                     2.3
Terms to net ratio                 3.1327
Terms to instance ratio            3.3491
Runtime                            25.558982 seconds
Elapsed Runtime                    25 seconds
Genus peak memory usage            1584.03 
Innovus peak memory usage          no_value 
Hostname                           <REMOTE_HOST>
