============================================================
  Generated by:           Genus(TM) Synthesis Solution 23.14-s090_1
  Generated on:           Aug 26 2026  02:50:34 pm
  Module:                 aer_pending_direct_gray_scr_onehot_tree
  Technology library:     slow_vdd1v0 1.0
  Operating conditions:   PVT_0P9V_125C (balanced_tree)
  Wireload mode:          enclosed
  Area mode:              timing library
============================================================

                              
   Gate    Instances   Area       Library    
---------------------------------------------
AOI211XL          32   65.664    slow_vdd1v0 
AOI21X1           21   35.910    slow_vdd1v0 
AOI22X1            2    4.104    slow_vdd1v0 
AOI2BB1XL          3    6.156    slow_vdd1v0 
BUFX2              5    8.550    slow_vdd1v0 
DFFHQX1           20  109.440    slow_vdd1v0 
DFFQXL            53  290.016    slow_vdd1v0 
DFFRHQX1           1    6.156    slow_vdd1v0 
DFFRX1             1    6.840    slow_vdd1v0 
INVX1             31   21.204    slow_vdd1v0 
INVXL             26   17.784    slow_vdd1v0 
MX2XL              3    7.182    slow_vdd1v0 
MXI2XL             3    7.182    slow_vdd1v0 
NAND2BX1           3    4.104    slow_vdd1v0 
NAND2X1           10   10.260    slow_vdd1v0 
NAND2XL            1    1.026    slow_vdd1v0 
NAND3BXL           2    3.420    slow_vdd1v0 
NAND4BX1           1    2.394    slow_vdd1v0 
NAND4XL            1    1.710    slow_vdd1v0 
NOR2BX1            5    6.840    slow_vdd1v0 
NOR2XL            17   17.442    slow_vdd1v0 
NOR3BXL            4    8.208    slow_vdd1v0 
NOR3X1             2    3.420    slow_vdd1v0 
NOR4X1             1    1.710    slow_vdd1v0 
OA21X1             4    8.208    slow_vdd1v0 
OAI211X1          12   20.520    slow_vdd1v0 
OAI21X1            3    5.130    slow_vdd1v0 
OAI21XL            1    1.710    slow_vdd1v0 
OAI22XL            4    8.208    slow_vdd1v0 
OAI2BB1X1          1    1.710    slow_vdd1v0 
OAI31X1            1    2.052    slow_vdd1v0 
XNOR2X1            1    2.394    slow_vdd1v0 
---------------------------------------------
total            275  696.654                


                                        
     Type      Instances   Area  Area % 
----------------------------------------
sequential            75 412.452   59.2 
inverter              57  38.988    5.6 
buffer                 5   8.550    1.2 
logic                138 236.664   34.0 
physical_cells         0   0.000    0.0 
----------------------------------------
total                275 696.654  100.0 

