###############################################################
#  Generated by:      Cadence Innovus 23.14-s088_1
#  OS:                Linux x86_64(Host ID <REMOTE_HOST>)
#  Generated on:      Wed Aug 26 16:56:19 2026
#  Design:            aer_pending_direct_gray_scr_onehot_tree
#  Command:           report_timing -check_type recovery -max_paths 20 > [file join $report_dir postroute_recovery_timing.rpt]
###############################################################
Path 1: MET Recovery Check with Pin reset_release_q_reg[1]/CK 
Endpoint:   reset_release_q_reg[1]/RN (^) checked with  leading edge of 'clk'
Beginpoint: rst_n                     (^) triggered by  leading edge of '@'
Path Groups: {async_default}
Analysis View: setup_view
Other End Arrival Time          0.001
- Recovery                     -0.045
+ Phase Shift                  10.000
- Uncertainty                   0.200
= Required Time                 9.846
- Arrival Time                  0.465
= Slack Time                    9.380
     Clock Rise Edge                      0.000
     + Input Delay                        0.000
     = Beginpoint Arrival Time            0.000
     +---------------------------------------------------------------------------+ 
     |        Instance        |    Arc     |  Cell  | Delay | Arrival | Required | 
     |                        |            |        |       |  Time   |   Time   | 
     |------------------------+------------+--------+-------+---------+----------| 
     |                        | rst_n ^    |        |       |   0.000 |    9.380 | 
     | FE_PHC10_rst_n         | A ^ -> Y ^ | DLY3X1 | 0.465 |   0.465 |    9.846 | 
     | reset_release_q_reg[1] | RN ^       | DFFRX1 | 0.000 |   0.465 |    9.846 | 
     +---------------------------------------------------------------------------+ 
Path 2: MET Recovery Check with Pin reset_release_q_reg[0]/CK 
Endpoint:   reset_release_q_reg[0]/RN (^) checked with  leading edge of 'clk'
Beginpoint: rst_n                     (^) triggered by  leading edge of '@'
Path Groups: {async_default}
Analysis View: setup_view
Other End Arrival Time          0.001
- Recovery                     -0.053
+ Phase Shift                  10.000
- Uncertainty                   0.200
= Required Time                 9.854
- Arrival Time                  0.465
= Slack Time                    9.389
     Clock Rise Edge                      0.000
     + Input Delay                        0.000
     = Beginpoint Arrival Time            0.000
     +-----------------------------------------------------------------------------+ 
     |        Instance        |    Arc     |   Cell   | Delay | Arrival | Required | 
     |                        |            |          |       |  Time   |   Time   | 
     |------------------------+------------+----------+-------+---------+----------| 
     |                        | rst_n ^    |          |       |   0.000 |    9.389 | 
     | FE_PHC10_rst_n         | A ^ -> Y ^ | DLY3X1   | 0.465 |   0.465 |    9.854 | 
     | reset_release_q_reg[0] | RN ^       | DFFRHQX1 | 0.000 |   0.465 |    9.854 | 
     +-----------------------------------------------------------------------------+ 

