*----------------------------------------------------------------------------------------
*	Innovus 23.14-s088_1 (64bit) 02/28/2025 12:25 (Linux 3.10.0-693.el7.x86_64)
*	
*
* 	Date & Time:	2026-Aug-26 17:05:53 (2026-Aug-26 08:05:53 GMT)
*
*----------------------------------------------------------------------------------------
*
*	Design: aer_pending_direct_gray_scr_onehot_tree
*
*	Liberty Libraries used: 
*	        setup_view: <REMOTE_WORKSPACE>/pnr/p9oht_h020v4/db/aer_pending_direct_gray_scr_onehot_tree_postroute.enc.dat/libs/mmmc/slow_vdd1v0_basicCells.lib
*
*	Power Domain used: 
*              Rail:        VDD      Voltage:        0.9 
*
*       Power View : setup_view
*
*       User-Defined Activity : N.A.
*
*	Switching Activity File used: 
*	        <REMOTE_WORKSPACE>/reports/p9oht_vcd/mapped_activity.saif
*
*            Total Design annotation coverage: 290/298 = 97.315437% 

*       Hierarchical Global Activity: N.A.
*
*       Global Activity: N.A.
*
*       Sequential Element Activity: N.A.
*
*       Primary Input Activity: N.A.
*
*       Default icg ratio: N.A.
*
*       Global Comb ClockGate Ratio: N.A.
*
*	Power Units = 1mW
*
*	Time Units = 1e-09 secs 
*
*       report_power -outfile <REMOTE_WORKSPACE>/pnr/p9oht_h020v4/reports/postroute_power_saif.rpt
*
-----------------------------------------------------------------------------------------


Total Power 
-----------------------------------------------------------------------------------------
Total Internal Power:        0.01291385 	   93.7154%
Total Switching Power:       0.00085341 	    6.1932%
Total Leakage Power:         0.00001259 	    0.0914%
Total Power:                 0.01377985 
-----------------------------------------------------------------------------------------


Group                           Internal   Switching     Leakage       Total  Percentage 
                                Power      Power         Power         Power  (%)        
-----------------------------------------------------------------------------------------
Sequential                       0.01223   0.0002791   7.135e-06     0.01251       90.79 
Macro                                  0           0           0           0           0 
IO                                     0           0           0           0           0 
Combinational                  0.0006888   0.0005743    5.46e-06    0.001269       9.206 
Clock (Combinational)                  0           0           0           0           0 
Clock (Sequential)                     0           0           0           0           0 
-----------------------------------------------------------------------------------------
Total                            0.01291   0.0008534   1.259e-05     0.01378         100 
-----------------------------------------------------------------------------------------


Rail                  Voltage   Internal   Switching     Leakage       Total  Percentage 
                                Power      Power         Power         Power  (%)        
-----------------------------------------------------------------------------------------
VDD                       0.9    0.01291   0.0008534   1.259e-05     0.01378         100 


-----------------------------------------------------------------------------------------
*	Power Distribution Summary: 
*                Highest Average Power:    reset_release_q_reg[0] (DFFRHQX1):        0.0002804 
*                Highest Leakage Power:    reset_release_q_reg[0] (DFFRHQX1):        1.442e-07 
*          Total Cap:      3.36335e-13 F
*          Total instances in design:   278
*          Total instances in design with no power:     0
*          Total instances in design with no activity:     0
*          Total Fillers and Decap:     0
-----------------------------------------------------------------------------------------

