*----------------------------------------------------------------------------------------
*	Innovus 23.14-s088_1 (64bit) 02/28/2025 12:25 (Linux 3.10.0-693.el7.x86_64)
*	
*
* 	Date & Time:	2026-Aug-26 16:56:21 (2026-Aug-26 07:56:21 GMT)
*
*----------------------------------------------------------------------------------------
*
*	Design: aer_pending_direct_gray_scr_onehot_tree
*
*	Liberty Libraries used: 
*	        setup_view: <REMOTE_HOME>/aer_2026/pdk45_digital/gsclib045/timing/slow_vdd1v0_basicCells.lib
*
*	Power Domain used: 
*              Rail:        VDD      Voltage:        0.9 
*
*       Power View : setup_view
*
*       User-Defined Activity : N.A.
*
*       Activity File: N.A.
*
*       Hierarchical Global Activity: N.A.
*
*       Global Activity: N.A.
*
*       Sequential Element Activity: 0.200000
*
*       Primary Input Activity: 0.200000
*
*       Default icg ratio: N.A.
*
*       Global Comb ClockGate Ratio: N.A.
*
*	Power Units = 1mW
*
*	Time Units = 1e-09 secs 
*
*       report_power -outfile <REMOTE_WORKSPACE>/pnr/p9oht_h020v4/reports/postroute_power.rpt
*
-----------------------------------------------------------------------------------------


Total Power 
-----------------------------------------------------------------------------------------
Total Internal Power:        0.01641175 	   85.3968%
Total Switching Power:       0.00279414 	   14.5390%
Total Leakage Power:         0.00001235 	    0.0642%
Total Power:                 0.01921823 
-----------------------------------------------------------------------------------------


Group                           Internal   Switching     Leakage       Total  Percentage 
                                Power      Power         Power         Power  (%)        
-----------------------------------------------------------------------------------------
Sequential                       0.01441   0.0008593   7.108e-06     0.01527       79.46 
Macro                                  0           0           0           0           0 
IO                                     0           0           0           0           0 
Combinational                   0.002007    0.001935   5.238e-06    0.003947       20.54 
Clock (Combinational)                  0           0           0           0           0 
Clock (Sequential)                     0           0           0           0           0 
-----------------------------------------------------------------------------------------
Total                            0.01641    0.002794   1.235e-05     0.01922         100 
-----------------------------------------------------------------------------------------


Rail                  Voltage   Internal   Switching     Leakage       Total  Percentage 
                                Power      Power         Power         Power  (%)        
-----------------------------------------------------------------------------------------
VDD                       0.9    0.01641    0.002794   1.235e-05     0.01922         100 


-----------------------------------------------------------------------------------------
*	Power Distribution Summary: 
*                Highest Average Power:    reset_release_q_reg[0] (DFFRHQX1):        0.0002954 
*                Highest Leakage Power:    reset_release_q_reg[0] (DFFRHQX1):        1.393e-07 
*          Total Cap:      3.36335e-13 F
*          Total instances in design:   278
*          Total instances in design with no power:     0
*          Total instances in design with no activity:     0
*          Total Fillers and Decap:     0
-----------------------------------------------------------------------------------------

