============================================================
  Generated by:           Genus(TM) Synthesis Solution 23.14-s090_1
  Generated on:           Aug 26 2026  02:49:06 pm
  Module:                 aer_pending_gray_epoch
  Technology library:     slow_vdd1v0 1.0
  Operating conditions:   PVT_0P9V_125C (balanced_tree)
  Wireload mode:          enclosed
  Area mode:              timing library
============================================================

                              
   Gate    Instances   Area       Library    
---------------------------------------------
AOI21X1           33   56.430    slow_vdd1v0 
AOI21XL           16   27.360    slow_vdd1v0 
AOI22X1            6   12.312    slow_vdd1v0 
AOI22XL            2    4.104    slow_vdd1v0 
DFFRHQX1          57  350.892    slow_vdd1v0 
DFFRX1            18  123.120    slow_vdd1v0 
INVX1             23   15.732    slow_vdd1v0 
MX2X1              2    4.788    slow_vdd1v0 
MX2XL              5   11.970    slow_vdd1v0 
MXI2XL             2    4.788    slow_vdd1v0 
NAND2BX1           1    1.368    slow_vdd1v0 
NAND2X1           19   19.494    slow_vdd1v0 
NOR2X1            13   13.338    slow_vdd1v0 
OA21X1             2    4.104    slow_vdd1v0 
OA22X1             4    9.576    slow_vdd1v0 
OAI21X1            1    1.710    slow_vdd1v0 
OAI221X1           4    9.576    slow_vdd1v0 
OAI22X1            3    6.156    slow_vdd1v0 
OAI2BB1X1          1    1.710    slow_vdd1v0 
XNOR2X1            4    9.576    slow_vdd1v0 
---------------------------------------------
total            216  688.104                


                                        
     Type      Instances   Area  Area % 
----------------------------------------
sequential            75 474.012   68.9 
inverter              23  15.732    2.3 
logic                118 198.360   28.8 
physical_cells         0   0.000    0.0 
----------------------------------------
total                216 688.104  100.0 

