============================================================
  Generated by:           Genus(TM) Synthesis Solution 23.14-s090_1
  Generated on:           Aug 26 2026  02:49:06 pm
  Module:                 aer_pending_gray_epoch
  Operating conditions:   PVT_0P9V_125C (balanced_tree)
  Wireload mode:          enclosed
  Area mode:              timing library
============================================================

Timing
--------

Clock  Period 
--------------
clk   10000.0 


  Cost    Critical         Violating 
 Group   Path Slack  TNS     Paths   
-------------------------------------
clk          7501.2   0.0          0 
default    No paths   0.0            
-------------------------------------
Total                 0.0          0 

Instance Count
--------------
Leaf Instance Count             216 
Physical Instance count           0 
Sequential Instance Count        75 
Combinational Instance Count    141 
Hierarchical Instance Count       0 

Area
----
Cell Area                          688.104
Physical Cell Area                 0.000
Total Cell Area (Cell+Physical)    688.104
Net Area                           0.000
Total Area (Cell+Physical+Net)     688.104

Max Fanout                         75 (clk)
Min Fanout                         0 (reset_release_q[1])
Average Fanout                     2.1
Terms to net ratio                 3.2490
Terms to instance ratio            3.8056
Runtime                            26.776460999999998 seconds
Elapsed Runtime                    26 seconds
Genus peak memory usage            1590.01 
Innovus peak memory usage          no_value 
Hostname                           <REMOTE_HOST>
