============================================================
  Generated by:           Genus(TM) Synthesis Solution 23.14-s090_1
  Generated on:           Aug 26 2026  02:48:37 pm
  Module:                 aer_improved_cutthrough
  Technology library:     slow_vdd1v0 1.0
  Operating conditions:   PVT_0P9V_125C (balanced_tree)
  Wireload mode:          enclosed
  Area mode:              timing library
============================================================

                              
   Gate    Instances   Area       Library    
---------------------------------------------
AND2XL             1    1.368    slow_vdd1v0 
AO21X1             1    2.394    slow_vdd1v0 
AOI21X1           47   80.370    slow_vdd1v0 
AOI21XL            7   11.970    slow_vdd1v0 
AOI221X1           2    4.788    slow_vdd1v0 
AOI22X1            4    8.208    slow_vdd1v0 
AOI2BB1XL          1    2.052    slow_vdd1v0 
AOI32X1            1    2.394    slow_vdd1v0 
AOI33XL            1    2.394    slow_vdd1v0 
DFFRHQX1          54  332.424    slow_vdd1v0 
DFFRX1            25  171.000    slow_vdd1v0 
INVX1             30   20.520    slow_vdd1v0 
INVXL              2    1.368    slow_vdd1v0 
MX2X1              1    2.394    slow_vdd1v0 
MX2XL             16   38.304    slow_vdd1v0 
MXI2XL             1    2.394    slow_vdd1v0 
NAND2BX1           2    2.736    slow_vdd1v0 
NAND2BXL           1    1.368    slow_vdd1v0 
NAND2X1           14   14.364    slow_vdd1v0 
NAND3BXL           2    3.420    slow_vdd1v0 
NAND3X1            1    1.710    slow_vdd1v0 
NAND4XL            1    1.710    slow_vdd1v0 
NOR2BX1            9   12.312    slow_vdd1v0 
NOR2X1            12   12.312    slow_vdd1v0 
NOR2XL             1    1.026    slow_vdd1v0 
NOR3BX1            4    8.208    slow_vdd1v0 
NOR3X1             1    1.710    slow_vdd1v0 
NOR3XL             1    1.710    slow_vdd1v0 
NOR4BX1            1    2.394    slow_vdd1v0 
NOR4X1             3    5.130    slow_vdd1v0 
OA21X1             1    2.052    slow_vdd1v0 
OAI211X1           7   11.970    slow_vdd1v0 
OAI21X1            8   13.680    slow_vdd1v0 
OAI21XL            1    1.710    slow_vdd1v0 
OAI221X1           1    2.394    slow_vdd1v0 
OAI22X1           13   26.676    slow_vdd1v0 
OAI2BB1X1          2    3.420    slow_vdd1v0 
OAI31X1            1    2.052    slow_vdd1v0 
OR3X1              2    4.104    slow_vdd1v0 
OR4X1              2    4.104    slow_vdd1v0 
XNOR2X1            2    4.788    slow_vdd1v0 
---------------------------------------------
total            287  831.402                


                                        
     Type      Instances   Area  Area % 
----------------------------------------
sequential            79 503.424   60.6 
inverter              32  21.888    2.6 
logic                176 306.090   36.8 
physical_cells         0   0.000    0.0 
----------------------------------------
total                287 831.402  100.0 

