============================================================
  Generated by:           Genus(TM) Synthesis Solution 23.14-s090_1
  Generated on:           Aug 26 2026  02:48:38 pm
  Module:                 aer_improved_cutthrough
  Operating conditions:   PVT_0P9V_125C (balanced_tree)
  Wireload mode:          enclosed
  Area mode:              timing library
============================================================

Timing
--------

Clock  Period 
--------------
clk   10000.0 


  Cost    Critical         Violating 
 Group   Path Slack  TNS     Paths   
-------------------------------------
clk          7045.7   0.0          0 
default    No paths   0.0            
-------------------------------------
Total                 0.0          0 

Instance Count
--------------
Leaf Instance Count             287 
Physical Instance count           0 
Sequential Instance Count        79 
Combinational Instance Count    208 
Hierarchical Instance Count       0 

Area
----
Cell Area                          831.402
Physical Cell Area                 0.000
Total Cell Area (Cell+Physical)    831.402
Net Area                           0.000
Total Area (Cell+Physical+Net)     831.402

Max Fanout                         79 (clk)
Min Fanout                         0 (rst_n)
Average Fanout                     2.2
Terms to net ratio                 3.3535
Terms to instance ratio            3.8676
Runtime                            57.112999 seconds
Elapsed Runtime                    57 seconds
Genus peak memory usage            1625.86 
Innovus peak memory usage          no_value 
Hostname                           <REMOTE_HOST>
