Copyright 1986-2020 Xilinx, Inc. All Rights Reserved.
---------------------------------------------------------------------------------------------------------------------------------------------------------------------------------------------
| Tool Version : Vivado v.2020.2 (win64) Build 3064766 Wed Nov 18 09:12:45 MST 2020
| Date         : Thu Aug 20 12:44:17 2026
| Host         : <LOCAL_HOST> running 64-bit major release  (build 9200)
| Command      : report_timing -delay_type max -max_paths 20 -from [get_ports out_ready] -to [all_registers] -file reports/pending_gray_epoch_fallthrough/vivado_robust/input2reg_timing.rpt
| Design       : aer_pending_gray_epoch_fallthrough
| Device       : 7a35t-cpg236
| Speed File   : -1  PRODUCTION 1.23 2018-06-13
---------------------------------------------------------------------------------------------------------------------------------------------------------------------------------------------

Timing Report

Slack (MET) :             8.499ns  (required time - arrival time)
  Source:                 out_ready
                            (input port clocked by clk  {rise@0.000ns fall@5.000ns period=10.000ns})
  Destination:            hold_addr_q_reg[0]/CE
                            (rising edge-triggered cell FDCE clocked by clk  {rise@0.000ns fall@5.000ns period=10.000ns})
  Path Group:             clk
  Path Type:              Setup (Max at Slow Process Corner)
  Requirement:            10.000ns  (clk rise@10.000ns - clk rise@0.000ns)
  Data Path Delay:        2.343ns  (logic 1.047ns (44.663%)  route 1.297ns (55.337%))
  Logic Levels:           2  (IBUF=1 LUT4=1)
  Input Delay:            1.000ns
  Clock Path Skew:        2.079ns (DCD - SCD + CPR)
    Destination Clock Delay (DCD):    2.079ns = ( 12.079 - 10.000 ) 
    Source Clock Delay      (SCD):    0.000ns
    Clock Pessimism Removal (CPR):    0.000ns
  Clock Uncertainty:      0.035ns  ((TSJ^2 + TIJ^2)^1/2 + DJ) / 2 + PE
    Total System Jitter     (TSJ):    0.071ns
    Total Input Jitter      (TIJ):    0.000ns
    Discrete Jitter          (DJ):    0.000ns
    Phase Error              (PE):    0.000ns

    Location             Delay type                Incr(ns)  Path(ns)    Netlist Resource(s)
  -------------------------------------------------------------------    -------------------
                         (clock clk rise edge)        0.000     0.000 r  
                         input delay                  1.000     1.000    
                                                      0.000     1.000 f  out_ready (IN)
                         net (fo=0)                   0.000     1.000    out_ready
                         IBUF (Prop_ibuf_I_O)         0.923     1.923 f  out_ready_IBUF_inst/O
                         net (fo=2, unplaced)         0.800     2.722    out_ready_IBUF
                         LUT4 (Prop_lut4_I3_O)        0.124     2.846 r  hold_addr_q[3]_i_1/O
                         net (fo=4, unplaced)         0.497     3.343    hold_addr_d
                         FDCE                                         r  hold_addr_q_reg[0]/CE
  -------------------------------------------------------------------    -------------------

                         (clock clk rise edge)       10.000    10.000 r  
                                                      0.000    10.000 r  clk (IN)
                         net (fo=0)                   0.000    10.000    clk
                         IBUF (Prop_ibuf_I_O)         0.789    10.789 r  clk_IBUF_inst/O
                         net (fo=1, unplaced)         0.760    11.549    clk_IBUF
                         BUFG (Prop_bufg_I_O)         0.091    11.640 r  clk_IBUF_BUFG_inst/O
                         net (fo=75, unplaced)        0.439    12.079    clk_IBUF_BUFG
                         FDCE                                         r  hold_addr_q_reg[0]/C
                         clock pessimism              0.000    12.079    
                         clock uncertainty           -0.035    12.044    
                         FDCE (Setup_fdce_C_CE)      -0.202    11.842    hold_addr_q_reg[0]
  -------------------------------------------------------------------
                         required time                         11.842    
                         arrival time                          -3.343    
  -------------------------------------------------------------------
                         slack                                  8.499    

Slack (MET) :             8.499ns  (required time - arrival time)
  Source:                 out_ready
                            (input port clocked by clk  {rise@0.000ns fall@5.000ns period=10.000ns})
  Destination:            hold_addr_q_reg[1]/CE
                            (rising edge-triggered cell FDCE clocked by clk  {rise@0.000ns fall@5.000ns period=10.000ns})
  Path Group:             clk
  Path Type:              Setup (Max at Slow Process Corner)
  Requirement:            10.000ns  (clk rise@10.000ns - clk rise@0.000ns)
  Data Path Delay:        2.343ns  (logic 1.047ns (44.663%)  route 1.297ns (55.337%))
  Logic Levels:           2  (IBUF=1 LUT4=1)
  Input Delay:            1.000ns
  Clock Path Skew:        2.079ns (DCD - SCD + CPR)
    Destination Clock Delay (DCD):    2.079ns = ( 12.079 - 10.000 ) 
    Source Clock Delay      (SCD):    0.000ns
    Clock Pessimism Removal (CPR):    0.000ns
  Clock Uncertainty:      0.035ns  ((TSJ^2 + TIJ^2)^1/2 + DJ) / 2 + PE
    Total System Jitter     (TSJ):    0.071ns
    Total Input Jitter      (TIJ):    0.000ns
    Discrete Jitter          (DJ):    0.000ns
    Phase Error              (PE):    0.000ns

    Location             Delay type                Incr(ns)  Path(ns)    Netlist Resource(s)
  -------------------------------------------------------------------    -------------------
                         (clock clk rise edge)        0.000     0.000 r  
                         input delay                  1.000     1.000    
                                                      0.000     1.000 f  out_ready (IN)
                         net (fo=0)                   0.000     1.000    out_ready
                         IBUF (Prop_ibuf_I_O)         0.923     1.923 f  out_ready_IBUF_inst/O
                         net (fo=2, unplaced)         0.800     2.722    out_ready_IBUF
                         LUT4 (Prop_lut4_I3_O)        0.124     2.846 r  hold_addr_q[3]_i_1/O
                         net (fo=4, unplaced)         0.497     3.343    hold_addr_d
                         FDCE                                         r  hold_addr_q_reg[1]/CE
  -------------------------------------------------------------------    -------------------

                         (clock clk rise edge)       10.000    10.000 r  
                                                      0.000    10.000 r  clk (IN)
                         net (fo=0)                   0.000    10.000    clk
                         IBUF (Prop_ibuf_I_O)         0.789    10.789 r  clk_IBUF_inst/O
                         net (fo=1, unplaced)         0.760    11.549    clk_IBUF
                         BUFG (Prop_bufg_I_O)         0.091    11.640 r  clk_IBUF_BUFG_inst/O
                         net (fo=75, unplaced)        0.439    12.079    clk_IBUF_BUFG
                         FDCE                                         r  hold_addr_q_reg[1]/C
                         clock pessimism              0.000    12.079    
                         clock uncertainty           -0.035    12.044    
                         FDCE (Setup_fdce_C_CE)      -0.202    11.842    hold_addr_q_reg[1]
  -------------------------------------------------------------------
                         required time                         11.842    
                         arrival time                          -3.343    
  -------------------------------------------------------------------
                         slack                                  8.499    

Slack (MET) :             8.499ns  (required time - arrival time)
  Source:                 out_ready
                            (input port clocked by clk  {rise@0.000ns fall@5.000ns period=10.000ns})
  Destination:            hold_addr_q_reg[2]/CE
                            (rising edge-triggered cell FDCE clocked by clk  {rise@0.000ns fall@5.000ns period=10.000ns})
  Path Group:             clk
  Path Type:              Setup (Max at Slow Process Corner)
  Requirement:            10.000ns  (clk rise@10.000ns - clk rise@0.000ns)
  Data Path Delay:        2.343ns  (logic 1.047ns (44.663%)  route 1.297ns (55.337%))
  Logic Levels:           2  (IBUF=1 LUT4=1)
  Input Delay:            1.000ns
  Clock Path Skew:        2.079ns (DCD - SCD + CPR)
    Destination Clock Delay (DCD):    2.079ns = ( 12.079 - 10.000 ) 
    Source Clock Delay      (SCD):    0.000ns
    Clock Pessimism Removal (CPR):    0.000ns
  Clock Uncertainty:      0.035ns  ((TSJ^2 + TIJ^2)^1/2 + DJ) / 2 + PE
    Total System Jitter     (TSJ):    0.071ns
    Total Input Jitter      (TIJ):    0.000ns
    Discrete Jitter          (DJ):    0.000ns
    Phase Error              (PE):    0.000ns

    Location             Delay type                Incr(ns)  Path(ns)    Netlist Resource(s)
  -------------------------------------------------------------------    -------------------
                         (clock clk rise edge)        0.000     0.000 r  
                         input delay                  1.000     1.000    
                                                      0.000     1.000 f  out_ready (IN)
                         net (fo=0)                   0.000     1.000    out_ready
                         IBUF (Prop_ibuf_I_O)         0.923     1.923 f  out_ready_IBUF_inst/O
                         net (fo=2, unplaced)         0.800     2.722    out_ready_IBUF
                         LUT4 (Prop_lut4_I3_O)        0.124     2.846 r  hold_addr_q[3]_i_1/O
                         net (fo=4, unplaced)         0.497     3.343    hold_addr_d
                         FDCE                                         r  hold_addr_q_reg[2]/CE
  -------------------------------------------------------------------    -------------------

                         (clock clk rise edge)       10.000    10.000 r  
                                                      0.000    10.000 r  clk (IN)
                         net (fo=0)                   0.000    10.000    clk
                         IBUF (Prop_ibuf_I_O)         0.789    10.789 r  clk_IBUF_inst/O
                         net (fo=1, unplaced)         0.760    11.549    clk_IBUF
                         BUFG (Prop_bufg_I_O)         0.091    11.640 r  clk_IBUF_BUFG_inst/O
                         net (fo=75, unplaced)        0.439    12.079    clk_IBUF_BUFG
                         FDCE                                         r  hold_addr_q_reg[2]/C
                         clock pessimism              0.000    12.079    
                         clock uncertainty           -0.035    12.044    
                         FDCE (Setup_fdce_C_CE)      -0.202    11.842    hold_addr_q_reg[2]
  -------------------------------------------------------------------
                         required time                         11.842    
                         arrival time                          -3.343    
  -------------------------------------------------------------------
                         slack                                  8.499    

Slack (MET) :             8.499ns  (required time - arrival time)
  Source:                 out_ready
                            (input port clocked by clk  {rise@0.000ns fall@5.000ns period=10.000ns})
  Destination:            hold_addr_q_reg[3]/CE
                            (rising edge-triggered cell FDCE clocked by clk  {rise@0.000ns fall@5.000ns period=10.000ns})
  Path Group:             clk
  Path Type:              Setup (Max at Slow Process Corner)
  Requirement:            10.000ns  (clk rise@10.000ns - clk rise@0.000ns)
  Data Path Delay:        2.343ns  (logic 1.047ns (44.663%)  route 1.297ns (55.337%))
  Logic Levels:           2  (IBUF=1 LUT4=1)
  Input Delay:            1.000ns
  Clock Path Skew:        2.079ns (DCD - SCD + CPR)
    Destination Clock Delay (DCD):    2.079ns = ( 12.079 - 10.000 ) 
    Source Clock Delay      (SCD):    0.000ns
    Clock Pessimism Removal (CPR):    0.000ns
  Clock Uncertainty:      0.035ns  ((TSJ^2 + TIJ^2)^1/2 + DJ) / 2 + PE
    Total System Jitter     (TSJ):    0.071ns
    Total Input Jitter      (TIJ):    0.000ns
    Discrete Jitter          (DJ):    0.000ns
    Phase Error              (PE):    0.000ns

    Location             Delay type                Incr(ns)  Path(ns)    Netlist Resource(s)
  -------------------------------------------------------------------    -------------------
                         (clock clk rise edge)        0.000     0.000 r  
                         input delay                  1.000     1.000    
                                                      0.000     1.000 f  out_ready (IN)
                         net (fo=0)                   0.000     1.000    out_ready
                         IBUF (Prop_ibuf_I_O)         0.923     1.923 f  out_ready_IBUF_inst/O
                         net (fo=2, unplaced)         0.800     2.722    out_ready_IBUF
                         LUT4 (Prop_lut4_I3_O)        0.124     2.846 r  hold_addr_q[3]_i_1/O
                         net (fo=4, unplaced)         0.497     3.343    hold_addr_d
                         FDCE                                         r  hold_addr_q_reg[3]/CE
  -------------------------------------------------------------------    -------------------

                         (clock clk rise edge)       10.000    10.000 r  
                                                      0.000    10.000 r  clk (IN)
                         net (fo=0)                   0.000    10.000    clk
                         IBUF (Prop_ibuf_I_O)         0.789    10.789 r  clk_IBUF_inst/O
                         net (fo=1, unplaced)         0.760    11.549    clk_IBUF
                         BUFG (Prop_bufg_I_O)         0.091    11.640 r  clk_IBUF_BUFG_inst/O
                         net (fo=75, unplaced)        0.439    12.079    clk_IBUF_BUFG
                         FDCE                                         r  hold_addr_q_reg[3]/C
                         clock pessimism              0.000    12.079    
                         clock uncertainty           -0.035    12.044    
                         FDCE (Setup_fdce_C_CE)      -0.202    11.842    hold_addr_q_reg[3]
  -------------------------------------------------------------------
                         required time                         11.842    
                         arrival time                          -3.343    
  -------------------------------------------------------------------
                         slack                                  8.499    

Slack (MET) :             8.855ns  (required time - arrival time)
  Source:                 out_ready
                            (input port clocked by clk  {rise@0.000ns fall@5.000ns period=10.000ns})
  Destination:            hold_valid_q_reg/D
                            (rising edge-triggered cell FDCE clocked by clk  {rise@0.000ns fall@5.000ns period=10.000ns})
  Path Group:             clk
  Path Type:              Setup (Max at Fast Process Corner)
  Requirement:            10.000ns  (clk rise@10.000ns - clk rise@0.000ns)
  Data Path Delay:        0.751ns  (logic 0.396ns (52.760%)  route 0.355ns (47.240%))
  Logic Levels:           2  (IBUF=1 LUT4=1)
  Input Delay:            1.000ns
  Clock Path Skew:        0.629ns (DCD - SCD + CPR)
    Destination Clock Delay (DCD):    0.629ns = ( 10.629 - 10.000 ) 
    Source Clock Delay      (SCD):    0.000ns
    Clock Pessimism Removal (CPR):    0.000ns
  Clock Uncertainty:      0.035ns  ((TSJ^2 + TIJ^2)^1/2 + DJ) / 2 + PE
    Total System Jitter     (TSJ):    0.071ns
    Total Input Jitter      (TIJ):    0.000ns
    Discrete Jitter          (DJ):    0.000ns
    Phase Error              (PE):    0.000ns

    Location             Delay type                Incr(ns)  Path(ns)    Netlist Resource(s)
  -------------------------------------------------------------------    -------------------
                         (clock clk rise edge)        0.000     0.000 r  
                         input delay                  1.000     1.000    
                                                      0.000     1.000 f  out_ready (IN)
                         net (fo=0)                   0.000     1.000    out_ready
                         IBUF (Prop_ibuf_I_O)         0.340     1.340 f  out_ready_IBUF_inst/O
                         net (fo=2, unplaced)         0.355     1.695    out_ready_IBUF
                         LUT4 (Prop_lut4_I3_O)        0.056     1.751 r  hold_valid_q_i_1/O
                         net (fo=1, unplaced)         0.000     1.751    hold_valid_q_i_1_n_0
                         FDCE                                         r  hold_valid_q_reg/D
  -------------------------------------------------------------------    -------------------

                         (clock clk rise edge)       10.000    10.000 r  
                                                      0.000    10.000 r  clk (IN)
                         net (fo=0)                   0.000    10.000    clk
                         IBUF (Prop_ibuf_I_O)         0.152    10.152 r  clk_IBUF_inst/O
                         net (fo=1, unplaced)         0.337    10.489    clk_IBUF
                         BUFG (Prop_bufg_I_O)         0.026    10.515 r  clk_IBUF_BUFG_inst/O
                         net (fo=75, unplaced)        0.114    10.629    clk_IBUF_BUFG
                         FDCE                                         r  hold_valid_q_reg/C
                         clock pessimism              0.000    10.629    
                         clock uncertainty           -0.035    10.594    
                         FDCE (Setup_fdce_C_D)        0.013    10.607    hold_valid_q_reg
  -------------------------------------------------------------------
                         required time                         10.607    
                         arrival time                          -1.751    
  -------------------------------------------------------------------
                         slack                                  8.855    




