Copyright 1986-2020 Xilinx, Inc. All Rights Reserved.
-------------------------------------------------------------------------------------------------------------------------------------------------------------------------------------------------------
| Tool Version : Vivado v.2020.2 (win64) Build 3064766 Wed Nov 18 09:12:45 MST 2020
| Date         : Thu Aug 20 12:44:17 2026
| Host         : <LOCAL_HOST> running 64-bit major release  (build 9200)
| Command      : report_timing -delay_type max -max_paths 20 -from [all_registers] -to [get_ports {out_addr* out_valid}] -file reports/pending_gray_epoch_fallthrough/vivado_robust/reg2out_timing.rpt
| Design       : aer_pending_gray_epoch_fallthrough
| Device       : 7a35t-cpg236
| Speed File   : -1  PRODUCTION 1.23 2018-06-13
-------------------------------------------------------------------------------------------------------------------------------------------------------------------------------------------------------

Timing Report

Slack (VIOLATED) :        -2.380ns  (required time - arrival time)
  Source:                 req_sync_q_reg[5]/C
                            (rising edge-triggered cell FDCE clocked by clk  {rise@0.000ns fall@5.000ns period=10.000ns})
  Destination:            out_addr[0]
                            (output port clocked by clk  {rise@0.000ns fall@5.000ns period=10.000ns})
  Path Group:             clk
  Path Type:              Max at Slow Process Corner
  Requirement:            10.000ns  (clk rise@10.000ns - clk rise@0.000ns)
  Data Path Delay:        8.942ns  (logic 4.375ns (48.930%)  route 4.567ns (51.070%))
  Logic Levels:           8  (LUT5=1 LUT6=5 MUXF7=1 OBUF=1)
  Output Delay:           1.000ns
  Clock Path Skew:        -2.402ns (DCD - SCD + CPR)
    Destination Clock Delay (DCD):    0.000ns = ( 10.000 - 10.000 ) 
    Source Clock Delay      (SCD):    2.402ns
    Clock Pessimism Removal (CPR):    0.000ns
  Clock Uncertainty:      0.035ns  ((TSJ^2 + TIJ^2)^1/2 + DJ) / 2 + PE
    Total System Jitter     (TSJ):    0.071ns
    Total Input Jitter      (TIJ):    0.000ns
    Discrete Jitter          (DJ):    0.000ns
    Phase Error              (PE):    0.000ns

    Location             Delay type                Incr(ns)  Path(ns)    Netlist Resource(s)
  -------------------------------------------------------------------    -------------------
                         (clock clk rise edge)        0.000     0.000 r  
                                                      0.000     0.000 r  clk (IN)
                         net (fo=0)                   0.000     0.000    clk
                         IBUF (Prop_ibuf_I_O)         0.923     0.923 r  clk_IBUF_inst/O
                         net (fo=1, unplaced)         0.800     1.722    clk_IBUF
                         BUFG (Prop_bufg_I_O)         0.096     1.818 r  clk_IBUF_BUFG_inst/O
                         net (fo=75, unplaced)        0.584     2.402    clk_IBUF_BUFG
                         FDCE                                         r  req_sync_q_reg[5]/C
  -------------------------------------------------------------------    -------------------
                         FDCE (Prop_fdce_C_Q)         0.456     2.858 r  req_sync_q_reg[5]/Q
                         net (fo=4, unplaced)         0.989     3.847    req_sync_q[5]
                         LUT6 (Prop_lut6_I0_O)        0.295     4.142 r  out_valid_OBUF_inst_i_8/O
                         net (fo=3, unplaced)         0.467     4.609    out_valid_OBUF_inst_i_8_n_0
                         LUT5 (Prop_lut5_I4_O)        0.124     4.733 f  hold_addr_q[2]_i_3/O
                         net (fo=1, unplaced)         0.902     5.635    hold_addr_q[2]_i_3_n_0
                         LUT6 (Prop_lut6_I2_O)        0.124     5.759 r  hold_addr_q[2]_i_1/O
                         net (fo=10, unplaced)        0.492     6.251    selected_addr[2]
                         LUT6 (Prop_lut6_I2_O)        0.124     6.375 r  hold_addr_q[1]_i_2/O
                         net (fo=5, unplaced)         0.477     6.852    hold_addr_q[1]_i_2_n_0
                         LUT6 (Prop_lut6_I3_O)        0.124     6.976 r  out_addr_OBUF[0]_inst_i_6/O
                         net (fo=1, unplaced)         0.000     6.976    out_addr_OBUF[0]_inst_i_6_n_0
                         MUXF7 (Prop_muxf7_I1_O)      0.245     7.221 r  out_addr_OBUF[0]_inst_i_2/O
                         net (fo=3, unplaced)         0.440     7.661    out_addr_OBUF[0]_inst_i_2_n_0
                         LUT6 (Prop_lut6_I3_O)        0.298     7.959 r  out_addr_OBUF[0]_inst_i_1/O
                         net (fo=1, unplaced)         0.800     8.759    out_addr_OBUF[0]
                         OBUF (Prop_obuf_I_O)         2.585    11.344 r  out_addr_OBUF[0]_inst/O
                         net (fo=0)                   0.000    11.344    out_addr[0]
                                                                      r  out_addr[0] (OUT)
  -------------------------------------------------------------------    -------------------

                         (clock clk rise edge)       10.000    10.000 r  
                         clock pessimism              0.000    10.000    
                         clock uncertainty           -0.035     9.965    
                         output delay                -1.000     8.965    
  -------------------------------------------------------------------
                         required time                          8.965    
                         arrival time                         -11.344    
  -------------------------------------------------------------------
                         slack                                 -2.380    

Slack (VIOLATED) :        -2.027ns  (required time - arrival time)
  Source:                 req_sync_q_reg[5]/C
                            (rising edge-triggered cell FDCE clocked by clk  {rise@0.000ns fall@5.000ns period=10.000ns})
  Destination:            out_addr[1]
                            (output port clocked by clk  {rise@0.000ns fall@5.000ns period=10.000ns})
  Path Group:             clk
  Path Type:              Max at Slow Process Corner
  Requirement:            10.000ns  (clk rise@10.000ns - clk rise@0.000ns)
  Data Path Delay:        8.589ns  (logic 3.956ns (46.063%)  route 4.633ns (53.937%))
  Logic Levels:           7  (LUT3=1 LUT5=2 LUT6=3 OBUF=1)
  Output Delay:           1.000ns
  Clock Path Skew:        -2.402ns (DCD - SCD + CPR)
    Destination Clock Delay (DCD):    0.000ns = ( 10.000 - 10.000 ) 
    Source Clock Delay      (SCD):    2.402ns
    Clock Pessimism Removal (CPR):    0.000ns
  Clock Uncertainty:      0.035ns  ((TSJ^2 + TIJ^2)^1/2 + DJ) / 2 + PE
    Total System Jitter     (TSJ):    0.071ns
    Total Input Jitter      (TIJ):    0.000ns
    Discrete Jitter          (DJ):    0.000ns
    Phase Error              (PE):    0.000ns

    Location             Delay type                Incr(ns)  Path(ns)    Netlist Resource(s)
  -------------------------------------------------------------------    -------------------
                         (clock clk rise edge)        0.000     0.000 r  
                                                      0.000     0.000 r  clk (IN)
                         net (fo=0)                   0.000     0.000    clk
                         IBUF (Prop_ibuf_I_O)         0.923     0.923 r  clk_IBUF_inst/O
                         net (fo=1, unplaced)         0.800     1.722    clk_IBUF
                         BUFG (Prop_bufg_I_O)         0.096     1.818 r  clk_IBUF_BUFG_inst/O
                         net (fo=75, unplaced)        0.584     2.402    clk_IBUF_BUFG
                         FDCE                                         r  req_sync_q_reg[5]/C
  -------------------------------------------------------------------    -------------------
                         FDCE (Prop_fdce_C_Q)         0.456     2.858 r  req_sync_q_reg[5]/Q
                         net (fo=4, unplaced)         0.989     3.847    req_sync_q[5]
                         LUT6 (Prop_lut6_I0_O)        0.295     4.142 r  out_valid_OBUF_inst_i_8/O
                         net (fo=3, unplaced)         0.467     4.609    out_valid_OBUF_inst_i_8_n_0
                         LUT5 (Prop_lut5_I4_O)        0.124     4.733 f  hold_addr_q[2]_i_3/O
                         net (fo=1, unplaced)         0.902     5.635    hold_addr_q[2]_i_3_n_0
                         LUT6 (Prop_lut6_I2_O)        0.124     5.759 r  hold_addr_q[2]_i_1/O
                         net (fo=10, unplaced)        0.492     6.251    selected_addr[2]
                         LUT6 (Prop_lut6_I2_O)        0.124     6.375 r  hold_addr_q[1]_i_3/O
                         net (fo=5, unplaced)         0.477     6.852    hold_addr_q[1]_i_3_n_0
                         LUT5 (Prop_lut5_I4_O)        0.124     6.976 r  hold_addr_q[1]_i_1/O
                         net (fo=18, unplaced)        0.506     7.482    selected_addr[1]
                         LUT3 (Prop_lut3_I2_O)        0.124     7.606 r  out_addr_OBUF[1]_inst_i_1/O
                         net (fo=1, unplaced)         0.800     8.406    out_addr_OBUF[1]
                         OBUF (Prop_obuf_I_O)         2.585    10.991 r  out_addr_OBUF[1]_inst/O
                         net (fo=0)                   0.000    10.991    out_addr[1]
                                                                      r  out_addr[1] (OUT)
  -------------------------------------------------------------------    -------------------

                         (clock clk rise edge)       10.000    10.000 r  
                         clock pessimism              0.000    10.000    
                         clock uncertainty           -0.035     9.965    
                         output delay                -1.000     8.965    
  -------------------------------------------------------------------
                         required time                          8.965    
                         arrival time                         -10.991    
  -------------------------------------------------------------------
                         slack                                 -2.027    

Slack (VIOLATED) :        -0.836ns  (required time - arrival time)
  Source:                 req_sync_q_reg[7]/C
                            (rising edge-triggered cell FDCE clocked by clk  {rise@0.000ns fall@5.000ns period=10.000ns})
  Destination:            out_addr[3]
                            (output port clocked by clk  {rise@0.000ns fall@5.000ns period=10.000ns})
  Path Group:             clk
  Path Type:              Max at Slow Process Corner
  Requirement:            10.000ns  (clk rise@10.000ns - clk rise@0.000ns)
  Data Path Delay:        7.398ns  (logic 3.702ns (50.045%)  route 3.696ns (49.955%))
  Logic Levels:           5  (LUT3=2 LUT4=1 LUT6=1 OBUF=1)
  Output Delay:           1.000ns
  Clock Path Skew:        -2.402ns (DCD - SCD + CPR)
    Destination Clock Delay (DCD):    0.000ns = ( 10.000 - 10.000 ) 
    Source Clock Delay      (SCD):    2.402ns
    Clock Pessimism Removal (CPR):    0.000ns
  Clock Uncertainty:      0.035ns  ((TSJ^2 + TIJ^2)^1/2 + DJ) / 2 + PE
    Total System Jitter     (TSJ):    0.071ns
    Total Input Jitter      (TIJ):    0.000ns
    Discrete Jitter          (DJ):    0.000ns
    Phase Error              (PE):    0.000ns

    Location             Delay type                Incr(ns)  Path(ns)    Netlist Resource(s)
  -------------------------------------------------------------------    -------------------
                         (clock clk rise edge)        0.000     0.000 r  
                                                      0.000     0.000 r  clk (IN)
                         net (fo=0)                   0.000     0.000    clk
                         IBUF (Prop_ibuf_I_O)         0.923     0.923 r  clk_IBUF_inst/O
                         net (fo=1, unplaced)         0.800     1.722    clk_IBUF
                         BUFG (Prop_bufg_I_O)         0.096     1.818 r  clk_IBUF_BUFG_inst/O
                         net (fo=75, unplaced)        0.584     2.402    clk_IBUF_BUFG
                         FDCE                                         r  req_sync_q_reg[7]/C
  -------------------------------------------------------------------    -------------------
                         FDCE (Prop_fdce_C_Q)         0.456     2.858 f  req_sync_q_reg[7]/Q
                         net (fo=5, unplaced)         0.993     3.851    req_sync_q[7]
                         LUT6 (Prop_lut6_I0_O)        0.295     4.146 r  out_valid_OBUF_inst_i_9/O
                         net (fo=2, unplaced)         0.913     5.059    out_valid_OBUF_inst_i_9_n_0
                         LUT4 (Prop_lut4_I1_O)        0.124     5.183 f  out_valid_OBUF_inst_i_3/O
                         net (fo=9, unplaced)         0.490     5.673    out_valid_OBUF_inst_i_3_n_0
                         LUT3 (Prop_lut3_I2_O)        0.124     5.797 f  out_addr_OBUF[3]_inst_i_2/O
                         net (fo=14, unplaced)        0.500     6.297    out_addr_OBUF[3]_inst_i_2_n_0
                         LUT3 (Prop_lut3_I2_O)        0.118     6.415 r  out_addr_OBUF[3]_inst_i_1/O
                         net (fo=1, unplaced)         0.800     7.215    out_addr_OBUF[3]
                         OBUF (Prop_obuf_I_O)         2.585     9.800 r  out_addr_OBUF[3]_inst/O
                         net (fo=0)                   0.000     9.800    out_addr[3]
                                                                      r  out_addr[3] (OUT)
  -------------------------------------------------------------------    -------------------

                         (clock clk rise edge)       10.000    10.000 r  
                         clock pessimism              0.000    10.000    
                         clock uncertainty           -0.035     9.965    
                         output delay                -1.000     8.965    
  -------------------------------------------------------------------
                         required time                          8.965    
                         arrival time                          -9.800    
  -------------------------------------------------------------------
                         slack                                 -0.836    

Slack (VIOLATED) :        -0.790ns  (required time - arrival time)
  Source:                 req_sync_q_reg[5]/C
                            (rising edge-triggered cell FDCE clocked by clk  {rise@0.000ns fall@5.000ns period=10.000ns})
  Destination:            out_addr[2]
                            (output port clocked by clk  {rise@0.000ns fall@5.000ns period=10.000ns})
  Path Group:             clk
  Path Type:              Max at Slow Process Corner
  Requirement:            10.000ns  (clk rise@10.000ns - clk rise@0.000ns)
  Data Path Delay:        7.352ns  (logic 3.702ns (50.358%)  route 3.650ns (49.642%))
  Logic Levels:           5  (LUT3=1 LUT5=1 LUT6=2 OBUF=1)
  Output Delay:           1.000ns
  Clock Path Skew:        -2.402ns (DCD - SCD + CPR)
    Destination Clock Delay (DCD):    0.000ns = ( 10.000 - 10.000 ) 
    Source Clock Delay      (SCD):    2.402ns
    Clock Pessimism Removal (CPR):    0.000ns
  Clock Uncertainty:      0.035ns  ((TSJ^2 + TIJ^2)^1/2 + DJ) / 2 + PE
    Total System Jitter     (TSJ):    0.071ns
    Total Input Jitter      (TIJ):    0.000ns
    Discrete Jitter          (DJ):    0.000ns
    Phase Error              (PE):    0.000ns

    Location             Delay type                Incr(ns)  Path(ns)    Netlist Resource(s)
  -------------------------------------------------------------------    -------------------
                         (clock clk rise edge)        0.000     0.000 r  
                                                      0.000     0.000 r  clk (IN)
                         net (fo=0)                   0.000     0.000    clk
                         IBUF (Prop_ibuf_I_O)         0.923     0.923 r  clk_IBUF_inst/O
                         net (fo=1, unplaced)         0.800     1.722    clk_IBUF
                         BUFG (Prop_bufg_I_O)         0.096     1.818 r  clk_IBUF_BUFG_inst/O
                         net (fo=75, unplaced)        0.584     2.402    clk_IBUF_BUFG
                         FDCE                                         r  req_sync_q_reg[5]/C
  -------------------------------------------------------------------    -------------------
                         FDCE (Prop_fdce_C_Q)         0.456     2.858 r  req_sync_q_reg[5]/Q
                         net (fo=4, unplaced)         0.989     3.847    req_sync_q[5]
                         LUT6 (Prop_lut6_I0_O)        0.295     4.142 r  out_valid_OBUF_inst_i_8/O
                         net (fo=3, unplaced)         0.467     4.609    out_valid_OBUF_inst_i_8_n_0
                         LUT5 (Prop_lut5_I4_O)        0.124     4.733 f  hold_addr_q[2]_i_3/O
                         net (fo=1, unplaced)         0.902     5.635    hold_addr_q[2]_i_3_n_0
                         LUT6 (Prop_lut6_I2_O)        0.124     5.759 r  hold_addr_q[2]_i_1/O
                         net (fo=10, unplaced)        0.492     6.251    selected_addr[2]
                         LUT3 (Prop_lut3_I2_O)        0.118     6.369 r  out_addr_OBUF[2]_inst_i_1/O
                         net (fo=1, unplaced)         0.800     7.169    out_addr_OBUF[2]
                         OBUF (Prop_obuf_I_O)         2.585     9.754 r  out_addr_OBUF[2]_inst/O
                         net (fo=0)                   0.000     9.754    out_addr[2]
                                                                      r  out_addr[2] (OUT)
  -------------------------------------------------------------------    -------------------

                         (clock clk rise edge)       10.000    10.000 r  
                         clock pessimism              0.000    10.000    
                         clock uncertainty           -0.035     9.965    
                         output delay                -1.000     8.965    
  -------------------------------------------------------------------
                         required time                          8.965    
                         arrival time                          -9.754    
  -------------------------------------------------------------------
                         slack                                 -0.790    

Slack (VIOLATED) :        -0.214ns  (required time - arrival time)
  Source:                 req_sync_q_reg[15]/C
                            (rising edge-triggered cell FDCE clocked by clk  {rise@0.000ns fall@5.000ns period=10.000ns})
  Destination:            out_valid
                            (output port clocked by clk  {rise@0.000ns fall@5.000ns period=10.000ns})
  Path Group:             clk
  Path Type:              Max at Slow Process Corner
  Requirement:            10.000ns  (clk rise@10.000ns - clk rise@0.000ns)
  Data Path Delay:        6.776ns  (logic 3.610ns (53.281%)  route 3.166ns (46.719%))
  Logic Levels:           4  (LUT3=1 LUT4=1 LUT6=1 OBUF=1)
  Output Delay:           1.000ns
  Clock Path Skew:        -2.402ns (DCD - SCD + CPR)
    Destination Clock Delay (DCD):    0.000ns = ( 10.000 - 10.000 ) 
    Source Clock Delay      (SCD):    2.402ns
    Clock Pessimism Removal (CPR):    0.000ns
  Clock Uncertainty:      0.035ns  ((TSJ^2 + TIJ^2)^1/2 + DJ) / 2 + PE
    Total System Jitter     (TSJ):    0.071ns
    Total Input Jitter      (TIJ):    0.000ns
    Discrete Jitter          (DJ):    0.000ns
    Phase Error              (PE):    0.000ns

    Location             Delay type                Incr(ns)  Path(ns)    Netlist Resource(s)
  -------------------------------------------------------------------    -------------------
                         (clock clk rise edge)        0.000     0.000 r  
                                                      0.000     0.000 r  clk (IN)
                         net (fo=0)                   0.000     0.000    clk
                         IBUF (Prop_ibuf_I_O)         0.923     0.923 r  clk_IBUF_inst/O
                         net (fo=1, unplaced)         0.800     1.722    clk_IBUF
                         BUFG (Prop_bufg_I_O)         0.096     1.818 r  clk_IBUF_BUFG_inst/O
                         net (fo=75, unplaced)        0.584     2.402    clk_IBUF_BUFG
                         FDCE                                         r  req_sync_q_reg[15]/C
  -------------------------------------------------------------------    -------------------
                         FDCE (Prop_fdce_C_Q)         0.456     2.858 r  req_sync_q_reg[15]/Q
                         net (fo=5, unplaced)         0.993     3.851    req_sync_q[15]
                         LUT6 (Prop_lut6_I0_O)        0.295     4.146 f  out_valid_OBUF_inst_i_5/O
                         net (fo=2, unplaced)         0.913     5.059    out_valid_OBUF_inst_i_5_n_0
                         LUT4 (Prop_lut4_I1_O)        0.124     5.183 f  out_valid_OBUF_inst_i_2/O
                         net (fo=9, unplaced)         0.460     5.643    out_valid_OBUF_inst_i_2_n_0
                         LUT3 (Prop_lut3_I0_O)        0.150     5.793 r  out_valid_OBUF_inst_i_1/O
                         net (fo=1, unplaced)         0.800     6.593    out_valid_OBUF
                         OBUF (Prop_obuf_I_O)         2.585     9.178 r  out_valid_OBUF_inst/O
                         net (fo=0)                   0.000     9.178    out_valid
                                                                      r  out_valid (OUT)
  -------------------------------------------------------------------    -------------------

                         (clock clk rise edge)       10.000    10.000 r  
                         clock pessimism              0.000    10.000    
                         clock uncertainty           -0.035     9.965    
                         output delay                -1.000     8.965    
  -------------------------------------------------------------------
                         required time                          8.965    
                         arrival time                          -9.178    
  -------------------------------------------------------------------
                         slack                                 -0.214    




