Copyright 1986-2020 Xilinx, Inc. All Rights Reserved.
---------------------------------------------------------------------------------------------------------
| Tool Version : Vivado v.2020.2 (win64) Build 3064766 Wed Nov 18 09:12:45 MST 2020
| Date         : Fri Aug 21 04:13:40 2026
| Host         : <LOCAL_HOST> running 64-bit major release  (build 9200)
| Command      : report_timing -max_paths 10 -file reports/p9_state_compression/selector_mask/timing.rpt
| Design       : aer_gray_rank_mask_selector16
| Device       : 7a35t-cpg236
| Speed File   : -1  PRODUCTION 1.23 2018-06-13
---------------------------------------------------------------------------------------------------------

Timing Report

Slack:                    inf
  Source:                 last_rank[2]
                            (input port)
  Destination:            grant_rank[0]
                            (output port)
  Path Group:             (none)
  Path Type:              Max at Slow Process Corner
  Data Path Delay:        9.806ns  (logic 4.278ns (43.624%)  route 5.528ns (56.376%))
  Logic Levels:           8  (IBUF=1 LUT3=1 LUT4=1 LUT5=1 LUT6=3 OBUF=1)

    Location             Delay type                Incr(ns)  Path(ns)    Netlist Resource(s)
  -------------------------------------------------------------------    -------------------
                                                      0.000     0.000 f  last_rank[2] (IN)
                         net (fo=0)                   0.000     0.000    last_rank[2]
                         IBUF (Prop_ibuf_I_O)         0.923     0.923 f  last_rank_IBUF[2]_inst/O
                         net (fo=22, unplaced)        0.800     1.722    last_rank_IBUF[2]
                         LUT5 (Prop_lut5_I4_O)        0.124     1.846 r  grant_rank_OBUF[3]_inst_i_13/O
                         net (fo=8, unplaced)         0.940     2.786    higher_request[1]
                         LUT4 (Prop_lut4_I1_O)        0.150     2.936 r  grant_rank_OBUF[3]_inst_i_9/O
                         net (fo=6, unplaced)         0.481     3.417    grant_rank_OBUF[3]_inst_i_9_n_0
                         LUT6 (Prop_lut6_I3_O)        0.124     3.541 f  grant_rank_OBUF[3]_inst_i_2/O
                         net (fo=2, unplaced)         1.122     4.663    grant_rank_OBUF[3]_inst_i_2_n_0
                         LUT6 (Prop_lut6_I0_O)        0.124     4.787 r  grant_rank_OBUF[3]_inst_i_1/O
                         net (fo=4, unplaced)         0.473     5.260    grant_rank_OBUF[3]
                         LUT6 (Prop_lut6_I4_O)        0.124     5.384 f  grant_rank_OBUF[1]_inst_i_3/O
                         net (fo=2, unplaced)         0.913     6.297    request[0]
                         LUT3 (Prop_lut3_I0_O)        0.124     6.421 r  grant_rank_OBUF[0]_inst_i_1/O
                         net (fo=1, unplaced)         0.800     7.221    grant_rank_OBUF[0]
                         OBUF (Prop_obuf_I_O)         2.585     9.806 r  grant_rank_OBUF[0]_inst/O
                         net (fo=0)                   0.000     9.806    grant_rank[0]
                                                                      r  grant_rank[0] (OUT)
  -------------------------------------------------------------------    -------------------

Slack:                    inf
  Source:                 last_rank[2]
                            (input port)
  Destination:            grant_rank[1]
                            (output port)
  Path Group:             (none)
  Path Type:              Max at Slow Process Corner
  Data Path Delay:        9.349ns  (logic 4.304ns (46.035%)  route 5.045ns (53.965%))
  Logic Levels:           8  (IBUF=1 LUT2=1 LUT4=1 LUT5=1 LUT6=3 OBUF=1)

    Location             Delay type                Incr(ns)  Path(ns)    Netlist Resource(s)
  -------------------------------------------------------------------    -------------------
                                                      0.000     0.000 f  last_rank[2] (IN)
                         net (fo=0)                   0.000     0.000    last_rank[2]
                         IBUF (Prop_ibuf_I_O)         0.923     0.923 f  last_rank_IBUF[2]_inst/O
                         net (fo=22, unplaced)        0.800     1.722    last_rank_IBUF[2]
                         LUT5 (Prop_lut5_I4_O)        0.124     1.846 r  grant_rank_OBUF[3]_inst_i_13/O
                         net (fo=8, unplaced)         0.940     2.786    higher_request[1]
                         LUT4 (Prop_lut4_I1_O)        0.150     2.936 r  grant_rank_OBUF[3]_inst_i_9/O
                         net (fo=6, unplaced)         0.481     3.417    grant_rank_OBUF[3]_inst_i_9_n_0
                         LUT6 (Prop_lut6_I3_O)        0.124     3.541 f  grant_rank_OBUF[3]_inst_i_2/O
                         net (fo=2, unplaced)         1.122     4.663    grant_rank_OBUF[3]_inst_i_2_n_0
                         LUT6 (Prop_lut6_I0_O)        0.124     4.787 r  grant_rank_OBUF[3]_inst_i_1/O
                         net (fo=4, unplaced)         0.473     5.260    grant_rank_OBUF[3]
                         LUT6 (Prop_lut6_I4_O)        0.124     5.384 f  grant_rank_OBUF[1]_inst_i_2/O
                         net (fo=2, unplaced)         0.430     5.814    request[1]
                         LUT2 (Prop_lut2_I0_O)        0.150     5.964 r  grant_rank_OBUF[1]_inst_i_1/O
                         net (fo=1, unplaced)         0.800     6.764    grant_rank_OBUF[1]
                         OBUF (Prop_obuf_I_O)         2.585     9.349 r  grant_rank_OBUF[1]_inst/O
                         net (fo=0)                   0.000     9.349    grant_rank[1]
                                                                      r  grant_rank[1] (OUT)
  -------------------------------------------------------------------    -------------------

Slack:                    inf
  Source:                 last_rank[2]
                            (input port)
  Destination:            grant_rank[3]
                            (output port)
  Path Group:             (none)
  Path Type:              Max at Slow Process Corner
  Data Path Delay:        8.172ns  (logic 4.030ns (49.312%)  route 4.142ns (50.688%))
  Logic Levels:           6  (IBUF=1 LUT4=1 LUT5=1 LUT6=2 OBUF=1)

    Location             Delay type                Incr(ns)  Path(ns)    Netlist Resource(s)
  -------------------------------------------------------------------    -------------------
                                                      0.000     0.000 f  last_rank[2] (IN)
                         net (fo=0)                   0.000     0.000    last_rank[2]
                         IBUF (Prop_ibuf_I_O)         0.923     0.923 f  last_rank_IBUF[2]_inst/O
                         net (fo=22, unplaced)        0.800     1.722    last_rank_IBUF[2]
                         LUT5 (Prop_lut5_I4_O)        0.124     1.846 r  grant_rank_OBUF[3]_inst_i_13/O
                         net (fo=8, unplaced)         0.940     2.786    higher_request[1]
                         LUT4 (Prop_lut4_I1_O)        0.150     2.936 r  grant_rank_OBUF[3]_inst_i_9/O
                         net (fo=6, unplaced)         0.481     3.417    grant_rank_OBUF[3]_inst_i_9_n_0
                         LUT6 (Prop_lut6_I3_O)        0.124     3.541 f  grant_rank_OBUF[3]_inst_i_2/O
                         net (fo=2, unplaced)         1.122     4.663    grant_rank_OBUF[3]_inst_i_2_n_0
                         LUT6 (Prop_lut6_I0_O)        0.124     4.787 r  grant_rank_OBUF[3]_inst_i_1/O
                         net (fo=4, unplaced)         0.800     5.587    grant_rank_OBUF[3]
                         OBUF (Prop_obuf_I_O)         2.585     8.172 r  grant_rank_OBUF[3]_inst/O
                         net (fo=0)                   0.000     8.172    grant_rank[3]
                                                                      r  grant_rank[3] (OUT)
  -------------------------------------------------------------------    -------------------

Slack:                    inf
  Source:                 last_rank[2]
                            (input port)
  Destination:            grant_rank[2]
                            (output port)
  Path Group:             (none)
  Path Type:              Max at Slow Process Corner
  Data Path Delay:        8.161ns  (logic 4.030ns (49.379%)  route 4.131ns (50.621%))
  Logic Levels:           6  (IBUF=1 LUT4=1 LUT5=1 LUT6=2 OBUF=1)

    Location             Delay type                Incr(ns)  Path(ns)    Netlist Resource(s)
  -------------------------------------------------------------------    -------------------
                                                      0.000     0.000 f  last_rank[2] (IN)
                         net (fo=0)                   0.000     0.000    last_rank[2]
                         IBUF (Prop_ibuf_I_O)         0.923     0.923 f  last_rank_IBUF[2]_inst/O
                         net (fo=22, unplaced)        0.800     1.722    last_rank_IBUF[2]
                         LUT5 (Prop_lut5_I4_O)        0.124     1.846 r  grant_rank_OBUF[3]_inst_i_13/O
                         net (fo=8, unplaced)         0.940     2.786    higher_request[1]
                         LUT4 (Prop_lut4_I1_O)        0.150     2.936 r  grant_rank_OBUF[3]_inst_i_9/O
                         net (fo=6, unplaced)         0.481     3.417    grant_rank_OBUF[3]_inst_i_9_n_0
                         LUT6 (Prop_lut6_I3_O)        0.124     3.541 f  grant_rank_OBUF[2]_inst_i_3/O
                         net (fo=1, unplaced)         1.111     4.652    grant_rank_OBUF[2]_inst_i_3_n_0
                         LUT6 (Prop_lut6_I1_O)        0.124     4.776 r  grant_rank_OBUF[2]_inst_i_1/O
                         net (fo=4, unplaced)         0.800     5.576    grant_rank_OBUF[2]
                         OBUF (Prop_obuf_I_O)         2.585     8.161 r  grant_rank_OBUF[2]_inst/O
                         net (fo=0)                   0.000     8.161    grant_rank[2]
                                                                      r  grant_rank[2] (OUT)
  -------------------------------------------------------------------    -------------------

Slack:                    inf
  Source:                 rank_candidate[14]
                            (input port)
  Destination:            grant_valid
                            (output port)
  Path Group:             (none)
  Path Type:              Max at Slow Process Corner
  Data Path Delay:        6.377ns  (logic 3.880ns (60.840%)  route 2.497ns (39.160%))
  Logic Levels:           5  (IBUF=1 LUT4=1 LUT5=1 LUT6=1 OBUF=1)

    Location             Delay type                Incr(ns)  Path(ns)    Netlist Resource(s)
  -------------------------------------------------------------------    -------------------
                                                      0.000     0.000 r  rank_candidate[14] (IN)
                         net (fo=0)                   0.000     0.000    rank_candidate[14]
                         IBUF (Prop_ibuf_I_O)         0.923     0.923 r  rank_candidate_IBUF[14]_inst/O
                         net (fo=3, unplaced)         0.800     1.722    rank_candidate_IBUF[14]
                         LUT4 (Prop_lut4_I3_O)        0.124     1.846 r  grant_valid_OBUF_inst_i_4/O
                         net (fo=1, unplaced)         0.449     2.295    grant_valid_OBUF_inst_i_4_n_0
                         LUT5 (Prop_lut5_I4_O)        0.124     2.419 r  grant_valid_OBUF_inst_i_3/O
                         net (fo=1, unplaced)         0.449     2.868    grant_valid_OBUF_inst_i_3_n_0
                         LUT6 (Prop_lut6_I5_O)        0.124     2.992 r  grant_valid_OBUF_inst_i_1/O
                         net (fo=1, unplaced)         0.800     3.792    grant_valid_OBUF
                         OBUF (Prop_obuf_I_O)         2.585     6.377 r  grant_valid_OBUF_inst/O
                         net (fo=0)                   0.000     6.377    grant_valid
                                                                      r  grant_valid (OUT)
  -------------------------------------------------------------------    -------------------




