Copyright 1986-2020 Xilinx, Inc. All Rights Reserved.
-------------------------------------------------------------------------------------------------------------------------------
| Tool Version : Vivado v.2020.2 (win64) Build 3064766 Wed Nov 18 09:12:45 MST 2020
| Date         : Tue Aug 18 16:07:56 2026
| Host         : DESKTOP-F81OJT8 running 64-bit major release  (build 9200)
| Command      : report_high_fanout_nets -timing -load_types -max_nets 20 -file reports/baseline/vivado_sanity/high_fanout.rpt
| Design       : aer_traditional
| Device       : xc7a35t
-------------------------------------------------------------------------------------------------------------------------------

High Fan-out Nets Information

1. Fanout Summary
-----------------

+-----------------------------------+--------+-------------+-----------------+-----------------+--------------+-----------+--------------+-------+
| Net Name                          | Fanout | Driver Type | Worst Slack(ns) | Worst Delay(ns) | Clock Enable | Set/Reset | Data & Other | Clock |
+-----------------------------------+--------+-------------+-----------------+-----------------+--------------+-----------+--------------+-------+
| state_q[0]                        |     21 | FDCE        |           1.624 |           0.741 |            0 |         0 |           21 |     0 |
| state_q[1]                        |     21 | FDCE        |           1.699 |           0.741 |            0 |         0 |           21 |     0 |
| aer_addr_OBUF[0]                  |     20 | FDCE        |           1.401 |           0.965 |            0 |         0 |           20 |     0 |
| aer_addr_OBUF[1]                  |     20 | FDCE        |           1.401 |           0.965 |            0 |         0 |           20 |     0 |
| aer_addr_OBUF[2]                  |     18 | FDCE        |           1.899 |           0.470 |            0 |         0 |           18 |     0 |
| aer_addr_OBUF[3]                  |     17 | FDCE        |           1.900 |           0.470 |            0 |         0 |           17 |     0 |
| FSM_sequential_state_q[1]_i_3_n_0 |     10 | LUT1        |             inf |           0.776 |            0 |        10 |            0 |     0 |
| grant_q0                          |      8 | LUT5        |           6.705 |           0.473 |            8 |         0 |            0 |     0 |
| src_req_IBUF[4]                   |      8 | IBUF        |           6.756 |           0.800 |            0 |         0 |            8 |     0 |
| src_req_IBUF[5]                   |      8 | IBUF        |           6.756 |           0.800 |            0 |         0 |            8 |     0 |
| src_req_IBUF[6]                   |      7 | IBUF        |           6.756 |           0.800 |            0 |         0 |            7 |     0 |
| src_req_IBUF[7]                   |      7 | IBUF        |           7.310 |           0.800 |            0 |         0 |            7 |     0 |
| grant_q[2]_i_2_n_0                |      6 | LUT4        |           6.705 |           0.449 |            0 |         0 |            6 |     0 |
| src_req_IBUF[10]                  |      6 | IBUF        |           7.013 |           0.800 |            0 |         0 |            6 |     0 |
| src_req_IBUF[11]                  |      6 | IBUF        |           7.045 |           0.800 |            0 |         0 |            6 |     0 |
| src_req_IBUF[15]                  |      6 | IBUF        |           7.570 |           0.800 |            0 |         0 |            6 |     0 |
| src_req_IBUF[12]                  |      5 | IBUF        |           7.570 |           0.800 |            0 |         0 |            5 |     0 |
| src_req_IBUF[13]                  |      5 | IBUF        |           7.570 |           0.800 |            0 |         0 |            5 |     0 |
| src_req_IBUF[14]                  |      5 | IBUF        |           7.570 |           0.800 |            0 |         0 |            5 |     0 |
| src_req_IBUF[8]                   |      5 | IBUF        |           7.310 |           0.800 |            0 |         0 |            5 |     0 |
+-----------------------------------+--------+-------------+-----------------+-----------------+--------------+-----------+--------------+-------+


