###############################################################
#  Generated by:      Cadence Innovus 23.14-s088_1
#  OS:                Linux x86_64(Host ID <REMOTE_HOST>)
#  Generated on:      Fri Aug 21 04:40:55 2026
#  Design:            aer_pending_direct_gray_scr_onehot_tree
#  Command:           report_timing -max_paths 50 > [file join $report_dir postroute_setup_timing.rpt]
###############################################################
Path 1: MET Setup Check with Pin req_sync_q_reg[12]/CK 
Endpoint:   req_sync_q_reg[12]/D (v) checked with  leading edge of 'clk'
Beginpoint: req_meta_q_reg[12]/Q (v) triggered by  leading edge of '@'
Path Groups: {clk}
Analysis View: setup_view
Other End Arrival Time          0.175
- Setup                         0.260
+ Path Delay                    0.900
- Uncertainty                   0.200
= Required Time                 0.615
- Arrival Time                  0.315
= Slack Time                    0.300
     Clock Rise Edge                      0.000
     = Beginpoint Arrival Time            0.000
     +-----------------------------------------------------------------------------+ 
     |        Instance        |    Arc     |   Cell   | Delay | Arrival | Required | 
     |                        |            |          |       |  Time   |   Time   | 
     |------------------------+------------+----------+-------+---------+----------| 
     | req_meta_q_reg[12]     | Q v        |          |       |   0.000 |    0.300 | 
     | FE_PHC14_req_meta_q_12 | A v -> Y v | BUFX3    | 0.146 |   0.146 |    0.446 | 
     | FE_PHC52_req_meta_q_12 | A v -> Y v | CLKBUFX1 | 0.169 |   0.315 |    0.615 | 
     | req_sync_q_reg[12]     | D v        | DFFX1    | 0.000 |   0.315 |    0.615 | 
     +-----------------------------------------------------------------------------+ 
Path 2: MET Setup Check with Pin req_sync_q_reg[13]/CK 
Endpoint:   req_sync_q_reg[13]/D (v) checked with  leading edge of 'clk'
Beginpoint: req_meta_q_reg[13]/Q (v) triggered by  leading edge of '@'
Path Groups: {clk}
Analysis View: setup_view
Other End Arrival Time          0.175
- Setup                         0.242
+ Path Delay                    0.900
- Uncertainty                   0.200
= Required Time                 0.634
- Arrival Time                  0.334
= Slack Time                    0.300
     Clock Rise Edge                      0.000
     = Beginpoint Arrival Time            0.000
     +-----------------------------------------------------------------------------+ 
     |        Instance        |    Arc     |   Cell   | Delay | Arrival | Required | 
     |                        |            |          |       |  Time   |   Time   | 
     |------------------------+------------+----------+-------+---------+----------| 
     | req_meta_q_reg[13]     | Q v        |          |       |   0.000 |    0.300 | 
     | FE_PHC2_req_meta_q_13  | A v -> Y v | CLKBUFX1 | 0.184 |   0.184 |    0.484 | 
     | FE_PHC51_req_meta_q_13 | A v -> Y v | CLKBUFX8 | 0.150 |   0.334 |    0.634 | 
     | req_sync_q_reg[13]     | D v        | DFFX1    | 0.000 |   0.334 |    0.634 | 
     +-----------------------------------------------------------------------------+ 
Path 3: MET Setup Check with Pin req_sync_q_reg[4]/CK 
Endpoint:   req_sync_q_reg[4]/D (v) checked with  leading edge of 'clk'
Beginpoint: req_meta_q_reg[4]/Q (v) triggered by  leading edge of '@'
Path Groups: {clk}
Analysis View: setup_view
Other End Arrival Time          0.175
- Setup                         0.242
+ Path Delay                    0.900
- Uncertainty                   0.200
= Required Time                 0.633
- Arrival Time                  0.311
= Slack Time                    0.322
     Clock Rise Edge                      0.000
     = Beginpoint Arrival Time            0.000
     +----------------------------------------------------------------------------+ 
     |       Instance        |    Arc     |   Cell   | Delay | Arrival | Required | 
     |                       |            |          |       |  Time   |   Time   | 
     |-----------------------+------------+----------+-------+---------+----------| 
     | req_meta_q_reg[4]     | Q v        |          |       |   0.000 |    0.322 | 
     | FE_PHC13_req_meta_q_4 | A v -> Y v | CLKBUFX1 | 0.164 |   0.164 |    0.486 | 
     | FE_PHC48_req_meta_q_4 | A v -> Y v | BUFX3    | 0.147 |   0.311 |    0.633 | 
     | req_sync_q_reg[4]     | D v        | DFFX1    | 0.000 |   0.311 |    0.633 | 
     +----------------------------------------------------------------------------+ 
Path 4: MET Setup Check with Pin req_sync_q_reg[15]/CK 
Endpoint:   req_sync_q_reg[15]/D (v) checked with  leading edge of 'clk'
Beginpoint: req_meta_q_reg[15]/Q (v) triggered by  leading edge of '@'
Path Groups: {clk}
Analysis View: setup_view
Other End Arrival Time          0.175
- Setup                         0.241
+ Path Delay                    0.900
- Uncertainty                   0.200
= Required Time                 0.634
- Arrival Time                  0.310
= Slack Time                    0.324
     Clock Rise Edge                      0.000
     = Beginpoint Arrival Time            0.000
     +-----------------------------------------------------------------------------+ 
     |        Instance        |    Arc     |   Cell   | Delay | Arrival | Required | 
     |                        |            |          |       |  Time   |   Time   | 
     |------------------------+------------+----------+-------+---------+----------| 
     | req_meta_q_reg[15]     | Q v        |          |       |   0.000 |    0.324 | 
     | FE_PHC1_req_meta_q_15  | A v -> Y v | CLKBUFX1 | 0.167 |   0.167 |    0.491 | 
     | FE_PHC43_req_meta_q_15 | A v -> Y v | CLKBUFX8 | 0.143 |   0.310 |    0.634 | 
     | req_sync_q_reg[15]     | D v        | DFFX1    | 0.000 |   0.310 |    0.634 | 
     +-----------------------------------------------------------------------------+ 
Path 5: MET Setup Check with Pin req_sync_q_reg[9]/CK 
Endpoint:   req_sync_q_reg[9]/D (v) checked with  leading edge of 'clk'
Beginpoint: req_meta_q_reg[9]/Q (v) triggered by  leading edge of '@'
Path Groups: {clk}
Analysis View: setup_view
Other End Arrival Time          0.175
- Setup                         0.242
+ Path Delay                    0.900
- Uncertainty                   0.200
= Required Time                 0.633
- Arrival Time                  0.305
= Slack Time                    0.328
     Clock Rise Edge                      0.000
     = Beginpoint Arrival Time            0.000
     +----------------------------------------------------------------------------+ 
     |       Instance        |    Arc     |   Cell   | Delay | Arrival | Required | 
     |                       |            |          |       |  Time   |   Time   | 
     |-----------------------+------------+----------+-------+---------+----------| 
     | req_meta_q_reg[9]     | Q v        |          |       |   0.000 |    0.328 | 
     | FE_PHC3_req_meta_q_9  | A v -> Y v | CLKBUFX1 | 0.158 |   0.158 |    0.486 | 
     | FE_PHC42_req_meta_q_9 | A v -> Y v | BUFX3    | 0.147 |   0.305 |    0.633 | 
     | req_sync_q_reg[9]     | D v        | DFFX1    | 0.000 |   0.305 |    0.633 | 
     +----------------------------------------------------------------------------+ 
Path 6: MET Setup Check with Pin req_sync_q_reg[14]/CK 
Endpoint:   req_sync_q_reg[14]/D (v) checked with  leading edge of 'clk'
Beginpoint: req_meta_q_reg[14]/Q (v) triggered by  leading edge of '@'
Path Groups: {clk}
Analysis View: setup_view
Other End Arrival Time          0.174
- Setup                         0.247
+ Path Delay                    0.900
- Uncertainty                   0.200
= Required Time                 0.627
- Arrival Time                  0.299
= Slack Time                    0.328
     Clock Rise Edge                      0.000
     = Beginpoint Arrival Time            0.000
     +--------------------------------------------------------------------------+ 
     |        Instance        |    Arc     |  Cell | Delay | Arrival | Required | 
     |                        |            |       |       |  Time   |   Time   | 
     |------------------------+------------+-------+-------+---------+----------| 
     | req_meta_q_reg[14]     | Q v        |       |       |   0.000 |    0.328 | 
     | FE_PHC16_req_meta_q_14 | A v -> Y v | BUFX3 | 0.143 |   0.143 |    0.471 | 
     | FE_PHC41_req_meta_q_14 | A v -> Y v | BUFX2 | 0.156 |   0.298 |    0.626 | 
     | req_sync_q_reg[14]     | D v        | DFFX1 | 0.001 |   0.299 |    0.627 | 
     +--------------------------------------------------------------------------+ 
Path 7: MET Setup Check with Pin req_sync_q_reg[6]/CK 
Endpoint:   req_sync_q_reg[6]/D (v) checked with  leading edge of 'clk'
Beginpoint: req_meta_q_reg[6]/Q (v) triggered by  leading edge of '@'
Path Groups: {clk}
Analysis View: setup_view
Other End Arrival Time          0.175
- Setup                         0.242
+ Path Delay                    0.900
- Uncertainty                   0.200
= Required Time                 0.633
- Arrival Time                  0.302
= Slack Time                    0.331
     Clock Rise Edge                      0.000
     = Beginpoint Arrival Time            0.000
     +----------------------------------------------------------------------------+ 
     |       Instance        |    Arc     |   Cell   | Delay | Arrival | Required | 
     |                       |            |          |       |  Time   |   Time   | 
     |-----------------------+------------+----------+-------+---------+----------| 
     | req_meta_q_reg[6]     | Q v        |          |       |   0.000 |    0.331 | 
     | FE_PHC5_req_meta_q_6  | A v -> Y v | CLKBUFX1 | 0.157 |   0.157 |    0.488 | 
     | FE_PHC50_req_meta_q_6 | A v -> Y v | BUFX3    | 0.145 |   0.302 |    0.633 | 
     | req_sync_q_reg[6]     | D v        | DFFX1    | 0.000 |   0.302 |    0.633 | 
     +----------------------------------------------------------------------------+ 
Path 8: MET Setup Check with Pin req_sync_q_reg[0]/CK 
Endpoint:   req_sync_q_reg[0]/D (v) checked with  leading edge of 'clk'
Beginpoint: req_meta_q_reg[0]/Q (v) triggered by  leading edge of '@'
Path Groups: {clk}
Analysis View: setup_view
Other End Arrival Time          0.174
- Setup                         0.242
+ Path Delay                    0.900
- Uncertainty                   0.200
= Required Time                 0.632
- Arrival Time                  0.301
= Slack Time                    0.331
     Clock Rise Edge                      0.000
     = Beginpoint Arrival Time            0.000
     +----------------------------------------------------------------------------+ 
     |       Instance        |    Arc     |   Cell   | Delay | Arrival | Required | 
     |                       |            |          |       |  Time   |   Time   | 
     |-----------------------+------------+----------+-------+---------+----------| 
     | req_meta_q_reg[0]     | Q v        |          |       |   0.000 |    0.331 | 
     | FE_PHC6_req_meta_q_0  | A v -> Y v | CLKBUFX1 | 0.157 |   0.157 |    0.488 | 
     | FE_PHC38_req_meta_q_0 | A v -> Y v | BUFX3    | 0.144 |   0.301 |    0.632 | 
     | req_sync_q_reg[0]     | D v        | DFFX1    | 0.000 |   0.301 |    0.632 | 
     +----------------------------------------------------------------------------+ 
Path 9: MET Setup Check with Pin req_sync_q_reg[5]/CK 
Endpoint:   req_sync_q_reg[5]/D (v) checked with  leading edge of 'clk'
Beginpoint: req_meta_q_reg[5]/Q (v) triggered by  leading edge of '@'
Path Groups: {clk}
Analysis View: setup_view
Other End Arrival Time          0.175
- Setup                         0.250
+ Path Delay                    0.900
- Uncertainty                   0.200
= Required Time                 0.625
- Arrival Time                  0.294
= Slack Time                    0.331
     Clock Rise Edge                      0.000
     = Beginpoint Arrival Time            0.000
     +----------------------------------------------------------------------------+ 
     |       Instance        |    Arc     |   Cell   | Delay | Arrival | Required | 
     |                       |            |          |       |  Time   |   Time   | 
     |-----------------------+------------+----------+-------+---------+----------| 
     | req_meta_q_reg[5]     | Q v        |          |       |   0.000 |    0.331 | 
     | FE_PHC8_req_meta_q_5  | A v -> Y v | CLKBUFX1 | 0.148 |   0.148 |    0.480 | 
     | FE_PHC53_req_meta_q_5 | A v -> Y v | CLKBUFX1 | 0.146 |   0.294 |    0.625 | 
     | req_sync_q_reg[5]     | D v        | DFFX1    | 0.000 |   0.294 |    0.625 | 
     +----------------------------------------------------------------------------+ 
Path 10: MET Setup Check with Pin req_sync_q_reg[11]/CK 
Endpoint:   req_sync_q_reg[11]/D (v) checked with  leading edge of 'clk'
Beginpoint: req_meta_q_reg[11]/Q (v) triggered by  leading edge of '@'
Path Groups: {clk}
Analysis View: setup_view
Other End Arrival Time          0.175
- Setup                         0.243
+ Path Delay                    0.900
- Uncertainty                   0.200
= Required Time                 0.632
- Arrival Time                  0.297
= Slack Time                    0.335
     Clock Rise Edge                      0.000
     = Beginpoint Arrival Time            0.000
     +-----------------------------------------------------------------------------+ 
     |        Instance        |    Arc     |   Cell   | Delay | Arrival | Required | 
     |                        |            |          |       |  Time   |   Time   | 
     |------------------------+------------+----------+-------+---------+----------| 
     | req_meta_q_reg[11]     | Q v        |          |       |   0.000 |    0.335 | 
     | FE_PHC7_req_meta_q_11  | A v -> Y v | CLKBUFX1 | 0.148 |   0.147 |    0.483 | 
     | FE_PHC47_req_meta_q_11 | A v -> Y v | CLKBUFX4 | 0.150 |   0.297 |    0.632 | 
     | req_sync_q_reg[11]     | D v        | DFFX1    | 0.000 |   0.297 |    0.632 | 
     +-----------------------------------------------------------------------------+ 
Path 11: MET Setup Check with Pin req_sync_q_reg[3]/CK 
Endpoint:   req_sync_q_reg[3]/D (v) checked with  leading edge of 'clk'
Beginpoint: req_meta_q_reg[3]/Q (v) triggered by  leading edge of '@'
Path Groups: {clk}
Analysis View: setup_view
Other End Arrival Time          0.175
- Setup                         0.242
+ Path Delay                    0.900
- Uncertainty                   0.200
= Required Time                 0.633
- Arrival Time                  0.294
= Slack Time                    0.339
     Clock Rise Edge                      0.000
     = Beginpoint Arrival Time            0.000
     +----------------------------------------------------------------------------+ 
     |       Instance        |    Arc     |   Cell   | Delay | Arrival | Required | 
     |                       |            |          |       |  Time   |   Time   | 
     |-----------------------+------------+----------+-------+---------+----------| 
     | req_meta_q_reg[3]     | Q v        |          |       |   0.000 |    0.339 | 
     | FE_PHC15_req_meta_q_3 | A v -> Y v | CLKBUFX1 | 0.153 |   0.153 |    0.492 | 
     | FE_PHC49_req_meta_q_3 | A v -> Y v | BUFX3    | 0.141 |   0.294 |    0.633 | 
     | req_sync_q_reg[3]     | D v        | DFFX1    | 0.000 |   0.294 |    0.633 | 
     +----------------------------------------------------------------------------+ 
Path 12: MET Setup Check with Pin req_sync_q_reg[8]/CK 
Endpoint:   req_sync_q_reg[8]/D (v) checked with  leading edge of 'clk'
Beginpoint: req_meta_q_reg[8]/Q (v) triggered by  leading edge of '@'
Path Groups: {clk}
Analysis View: setup_view
Other End Arrival Time          0.175
- Setup                         0.250
+ Path Delay                    0.900
- Uncertainty                   0.200
= Required Time                 0.625
- Arrival Time                  0.284
= Slack Time                    0.341
     Clock Rise Edge                      0.000
     = Beginpoint Arrival Time            0.000
     +----------------------------------------------------------------------------+ 
     |       Instance        |    Arc     |   Cell   | Delay | Arrival | Required | 
     |                       |            |          |       |  Time   |   Time   | 
     |-----------------------+------------+----------+-------+---------+----------| 
     | req_meta_q_reg[8]     | Q v        |          |       |   0.000 |    0.341 | 
     | FE_PHC4_req_meta_q_8  | A v -> Y v | CLKBUFX1 | 0.141 |   0.141 |    0.482 | 
     | FE_PHC37_req_meta_q_8 | A v -> Y v | CLKBUFX1 | 0.142 |   0.284 |    0.625 | 
     | req_sync_q_reg[8]     | D v        | DFFX1    | 0.000 |   0.284 |    0.625 | 
     +----------------------------------------------------------------------------+ 
Path 13: MET Setup Check with Pin req_sync_q_reg[1]/CK 
Endpoint:   req_sync_q_reg[1]/D (v) checked with  leading edge of 'clk'
Beginpoint: req_meta_q_reg[1]/Q (v) triggered by  leading edge of '@'
Path Groups: {clk}
Analysis View: setup_view
Other End Arrival Time          0.173
- Setup                         0.243
+ Path Delay                    0.900
- Uncertainty                   0.200
= Required Time                 0.630
- Arrival Time                  0.285
= Slack Time                    0.345
     Clock Rise Edge                      0.000
     = Beginpoint Arrival Time            0.000
     +----------------------------------------------------------------------------+ 
     |       Instance        |    Arc     |   Cell   | Delay | Arrival | Required | 
     |                       |            |          |       |  Time   |   Time   | 
     |-----------------------+------------+----------+-------+---------+----------| 
     | req_meta_q_reg[1]     | Q v        |          |       |   0.000 |    0.345 | 
     | FE_PHC11_req_meta_q_1 | A v -> Y v | CLKBUFX1 | 0.141 |   0.140 |    0.486 | 
     | FE_PHC46_req_meta_q_1 | A v -> Y v | CLKBUFX4 | 0.144 |   0.285 |    0.630 | 
     | req_sync_q_reg[1]     | D v        | DFFX1    | 0.000 |   0.285 |    0.630 | 
     +----------------------------------------------------------------------------+ 
Path 14: MET Setup Check with Pin req_sync_q_reg[10]/CK 
Endpoint:   req_sync_q_reg[10]/D (v) checked with  leading edge of 'clk'
Beginpoint: req_meta_q_reg[10]/Q (v) triggered by  leading edge of '@'
Path Groups: {clk}
Analysis View: setup_view
Other End Arrival Time          0.175
- Setup                         0.249
+ Path Delay                    0.900
- Uncertainty                   0.200
= Required Time                 0.627
- Arrival Time                  0.280
= Slack Time                    0.347
     Clock Rise Edge                      0.000
     = Beginpoint Arrival Time            0.000
     +-----------------------------------------------------------------------------+ 
     |        Instance        |    Arc     |   Cell   | Delay | Arrival | Required | 
     |                        |            |          |       |  Time   |   Time   | 
     |------------------------+------------+----------+-------+---------+----------| 
     | req_meta_q_reg[10]     | Q v        |          |       |   0.000 |    0.347 | 
     | FE_PHC10_req_meta_q_10 | A v -> Y v | CLKBUFX1 | 0.143 |   0.143 |    0.491 | 
     | FE_PHC40_req_meta_q_10 | A v -> Y v | CLKBUFX1 | 0.136 |   0.280 |    0.627 | 
     | req_sync_q_reg[10]     | D v        | DFFX1    | 0.000 |   0.280 |    0.627 | 
     +-----------------------------------------------------------------------------+ 
Path 15: MET Setup Check with Pin req_sync_q_reg[2]/CK 
Endpoint:   req_sync_q_reg[2]/D (v) checked with  leading edge of 'clk'
Beginpoint: req_meta_q_reg[2]/Q (v) triggered by  leading edge of '@'
Path Groups: {clk}
Analysis View: setup_view
Other End Arrival Time          0.173
- Setup                         0.248
+ Path Delay                    0.900
- Uncertainty                   0.200
= Required Time                 0.625
- Arrival Time                  0.271
= Slack Time                    0.354
     Clock Rise Edge                      0.000
     = Beginpoint Arrival Time            0.000
     +----------------------------------------------------------------------------+ 
     |       Instance        |    Arc     |   Cell   | Delay | Arrival | Required | 
     |                       |            |          |       |  Time   |   Time   | 
     |-----------------------+------------+----------+-------+---------+----------| 
     | req_meta_q_reg[2]     | Q v        |          |       |   0.000 |    0.354 | 
     | FE_PHC12_req_meta_q_2 | A v -> Y v | CLKBUFX1 | 0.140 |   0.140 |    0.495 | 
     | FE_PHC39_req_meta_q_2 | A v -> Y v | CLKBUFX1 | 0.130 |   0.271 |    0.625 | 
     | req_sync_q_reg[2]     | D v        | DFFX1    | 0.000 |   0.271 |    0.625 | 
     +----------------------------------------------------------------------------+ 
Path 16: MET Setup Check with Pin req_sync_q_reg[7]/CK 
Endpoint:   req_sync_q_reg[7]/D (v) checked with  leading edge of 'clk'
Beginpoint: req_meta_q_reg[7]/Q (v) triggered by  leading edge of '@'
Path Groups: {clk}
Analysis View: setup_view
Other End Arrival Time          0.175
- Setup                         0.241
+ Path Delay                    0.900
- Uncertainty                   0.200
= Required Time                 0.634
- Arrival Time                  0.265
= Slack Time                    0.369
     Clock Rise Edge                      0.000
     = Beginpoint Arrival Time            0.000
     +-------------------------------------------------------------------------+ 
     |       Instance        |    Arc     |  Cell | Delay | Arrival | Required | 
     |                       |            |       |       |  Time   |   Time   | 
     |-----------------------+------------+-------+-------+---------+----------| 
     | req_meta_q_reg[7]     | Q v        |       |       |   0.000 |    0.369 | 
     | FE_PHC45_req_meta_q_7 | A v -> Y v | BUFX8 | 0.142 |   0.142 |    0.511 | 
     | FE_PHC9_req_meta_q_7  | A v -> Y v | BUFX3 | 0.123 |   0.265 |    0.634 | 
     | req_sync_q_reg[7]     | D v        | DFFX1 | 0.000 |   0.265 |    0.634 | 
     +-------------------------------------------------------------------------+ 
Path 17: MET Setup Check with Pin reset_release_q_reg[1]/CK 
Endpoint:   reset_release_q_reg[1]/D (v) checked with  leading edge of 'clk'
Beginpoint: reset_release_q_reg[0]/Q (v) triggered by  leading edge of '@'
Path Groups: {clk}
Analysis View: setup_view
Other End Arrival Time          0.174
- Setup                         0.232
+ Path Delay                    1.000
- Uncertainty                   0.200
= Required Time                 0.742
- Arrival Time                  0.279
= Slack Time                    0.463
     Clock Rise Edge                      0.000
     = Beginpoint Arrival Time            0.000
     +---------------------------------------------------------------------------------+ 
     |          Instance          |    Arc     |   Cell   | Delay | Arrival | Required | 
     |                            |            |          |       |  Time   |   Time   | 
     |----------------------------+------------+----------+-------+---------+----------| 
     | reset_release_q_reg[0]     | Q v        |          |       |   0.000 |    0.463 | 
     | FE_PHC17_reset_release_q_0 | A v -> Y v | CLKBUFX1 | 0.145 |   0.145 |    0.608 | 
     | FE_PHC55_reset_release_q_0 | A v -> Y v | CLKBUFX1 | 0.134 |   0.279 |    0.742 | 
     | reset_release_q_reg[1]     | D v        | DFFRX1   | 0.000 |   0.279 |    0.742 | 
     +---------------------------------------------------------------------------------+ 
Path 18: MET Setup Check with Pin out_addr_q_reg[0]/CK 
Endpoint:   out_addr_q_reg[0]/D  (v) checked with  leading edge of 'clk'
Beginpoint: req_sync_q_reg[2]/QN (^) triggered by  leading edge of 'clk'
Path Groups: {clk}
Analysis View: setup_view
Other End Arrival Time          0.175
- Setup                         0.321
+ Phase Shift                  10.000
- Uncertainty                   0.200
= Required Time                 9.654
- Arrival Time                  3.453
= Slack Time                    6.201
     Clock Rise Edge                 0.000
     + Clock Network Latency (Prop)  -0.001
     = Beginpoint Arrival Time       -0.001
     +---------------------------------------------------------------------------+ 
     |     Instance      |     Arc      |   Cell    | Delay | Arrival | Required | 
     |                   |              |           |       |  Time   |   Time   | 
     |-------------------+--------------+-----------+-------+---------+----------| 
     | req_sync_q_reg[2] | CK ^         |           |       |  -0.001 |    6.200 | 
     | req_sync_q_reg[2] | CK ^ -> QN ^ | DFFX1     | 0.545 |   0.544 |    6.745 | 
     | g6079__2802       | A1N ^ -> Y ^ | AOI2BB1X1 | 0.374 |   0.918 |    7.119 | 
     | g6067__2398       | B ^ -> Y v   | NAND2X1   | 0.159 |   1.077 |    7.278 | 
     | g6035__6131       | AN v -> Y v  | NAND2BX1  | 0.235 |   1.312 |    7.513 | 
     | g6030__1705       | AN v -> Y v  | NAND2BX1  | 0.219 |   1.531 |    7.732 | 
     | g6024__4319       | A v -> Y v   | AND2X2    | 0.184 |   1.716 |    7.916 | 
     | g6021__5107       | B0 v -> Y ^  | AOI21X1   | 0.294 |   2.009 |    8.210 | 
     | g6016__7410       | B0 ^ -> Y v  | AOI211XL  | 0.166 |   2.175 |    8.376 | 
     | g6013             | A v -> Y ^   | INVX1     | 0.157 |   2.332 |    8.533 | 
     | g6008__7482       | B0 ^ -> Y v  | AOI2BB1X1 | 0.115 |   2.447 |    8.648 | 
     | g5999__4319       | B0 v -> Y ^  | OAI21XL   | 0.136 |   2.584 |    8.784 | 
     | g5987__5115       | A ^ -> Y v   | NOR2X1    | 0.122 |   2.705 |    8.906 | 
     | g5937__6260       | D v -> Y v   | OR4X2     | 0.451 |   3.156 |    9.357 | 
     | g5935__5107       | A0 v -> Y ^  | OAI21XL   | 0.218 |   3.374 |    9.575 | 
     | g5934__2398       | B0 ^ -> Y v  | OAI2BB1X1 | 0.080 |   3.453 |    9.654 | 
     | out_addr_q_reg[0] | D v          | DFFHQX1   | 0.000 |   3.453 |    9.654 | 
     +---------------------------------------------------------------------------+ 
Path 19: MET Setup Check with Pin pending_q_reg[15]/CK 
Endpoint:   pending_q_reg[15]/D  (v) checked with  leading edge of 'clk'
Beginpoint: req_sync_q_reg[2]/QN (^) triggered by  leading edge of 'clk'
Path Groups: {clk}
Analysis View: setup_view
Other End Arrival Time          0.174
- Setup                         0.396
+ Phase Shift                  10.000
- Uncertainty                   0.200
= Required Time                 9.578
- Arrival Time                  3.210
= Slack Time                    6.367
     Clock Rise Edge                 0.000
     + Clock Network Latency (Prop)  -0.001
     = Beginpoint Arrival Time       -0.001
     +---------------------------------------------------------------------------+ 
     |     Instance      |     Arc      |   Cell    | Delay | Arrival | Required | 
     |                   |              |           |       |  Time   |   Time   | 
     |-------------------+--------------+-----------+-------+---------+----------| 
     | req_sync_q_reg[2] | CK ^         |           |       |  -0.001 |    6.366 | 
     | req_sync_q_reg[2] | CK ^ -> QN ^ | DFFX1     | 0.545 |   0.544 |    6.911 | 
     | g6079__2802       | A1N ^ -> Y ^ | AOI2BB1X1 | 0.374 |   0.918 |    7.286 | 
     | g6067__2398       | B ^ -> Y v   | NAND2X1   | 0.159 |   1.077 |    7.445 | 
     | g6035__6131       | AN v -> Y v  | NAND2BX1  | 0.235 |   1.312 |    7.680 | 
     | g6030__1705       | AN v -> Y v  | NAND2BX1  | 0.219 |   1.531 |    7.899 | 
     | g6024__4319       | A v -> Y v   | AND2X2    | 0.184 |   1.716 |    8.083 | 
     | g6022__6260       | A v -> Y ^   | NOR2X1    | 0.270 |   1.985 |    8.353 | 
     | g6018__2398       | B0 ^ -> Y v  | OAI21XL   | 0.256 |   2.241 |    8.609 | 
     | g6012__9315       | B0 v -> Y ^  | AOI211X1  | 0.423 |   2.664 |    9.032 | 
     | g5995__5107       | B0 ^ -> Y v  | OAI211X1  | 0.241 |   2.905 |    9.273 | 
     | g5977__2802       | A0N v -> Y v | AOI2BB1XL | 0.305 |   3.210 |    9.578 | 
     | pending_q_reg[15] | D v          | DFFTRX1   | 0.000 |   3.210 |    9.578 | 
     +---------------------------------------------------------------------------+ 
Path 20: MET Setup Check with Pin pending_q_reg[7]/CK 
Endpoint:   pending_q_reg[7]/D   (v) checked with  leading edge of 'clk'
Beginpoint: req_sync_q_reg[2]/QN (v) triggered by  leading edge of 'clk'
Path Groups: {clk}
Analysis View: setup_view
Other End Arrival Time          0.176
- Setup                         0.417
+ Phase Shift                  10.000
- Uncertainty                   0.200
= Required Time                 9.559
- Arrival Time                  3.169
= Slack Time                    6.390
     Clock Rise Edge                 0.000
     + Clock Network Latency (Prop)  -0.001
     = Beginpoint Arrival Time       -0.001
     +---------------------------------------------------------------------------+ 
     |     Instance      |     Arc      |   Cell    | Delay | Arrival | Required | 
     |                   |              |           |       |  Time   |   Time   | 
     |-------------------+--------------+-----------+-------+---------+----------| 
     | req_sync_q_reg[2] | CK ^         |           |       |  -0.001 |    6.389 | 
     | req_sync_q_reg[2] | CK ^ -> QN v | DFFX1     | 0.596 |   0.595 |    6.986 | 
     | g6079__2802       | A1N v -> Y v | AOI2BB1X1 | 0.388 |   0.984 |    7.374 | 
     | g6067__2398       | B v -> Y ^   | NAND2X1   | 0.198 |   1.182 |    7.572 | 
     | g6035__6131       | AN ^ -> Y ^  | NAND2BX1  | 0.197 |   1.379 |    7.769 | 
     | g6030__1705       | AN ^ -> Y ^  | NAND2BX1  | 0.196 |   1.575 |    7.965 | 
     | g6024__4319       | A ^ -> Y ^   | AND2X2    | 0.184 |   1.759 |    8.150 | 
     | g6021__5107       | B0 ^ -> Y v  | AOI21X1   | 0.125 |   1.884 |    8.275 | 
     | g6016__7410       | B0 v -> Y ^  | AOI211XL  | 0.339 |   2.224 |    8.614 | 
     | g6013             | A ^ -> Y v   | INVX1     | 0.135 |   2.359 |    8.749 | 
     | g6006__7098       | B0 v -> Y ^  | AOI211X1  | 0.324 |   2.683 |    9.073 | 
     | g6000__5477       | B0 ^ -> Y v  | OAI21XL   | 0.177 |   2.861 |    9.251 | 
     | g5984__1705       | A v -> Y ^   | NOR2X1    | 0.186 |   3.047 |    9.437 | 
     | g5961__4319       | A0 ^ -> Y v  | AOI21XL   | 0.122 |   3.169 |    9.559 | 
     | pending_q_reg[7]  | D v          | DFFTRX1   | 0.000 |   3.169 |    9.559 | 
     +---------------------------------------------------------------------------+ 
Path 21: MET Setup Check with Pin out_valid_q_reg/CK 
Endpoint:   out_valid_q_reg/D    (v) checked with  leading edge of 'clk'
Beginpoint: req_sync_q_reg[2]/QN (^) triggered by  leading edge of 'clk'
Path Groups: {clk}
Analysis View: setup_view
Other End Arrival Time          0.176
- Setup                         0.343
+ Phase Shift                  10.000
- Uncertainty                   0.200
= Required Time                 9.633
- Arrival Time                  3.191
= Slack Time                    6.441
     Clock Rise Edge                 0.000
     + Clock Network Latency (Prop)  -0.001
     = Beginpoint Arrival Time       -0.001
     +---------------------------------------------------------------------------+ 
     |     Instance      |     Arc      |   Cell    | Delay | Arrival | Required | 
     |                   |              |           |       |  Time   |   Time   | 
     |-------------------+--------------+-----------+-------+---------+----------| 
     | req_sync_q_reg[2] | CK ^         |           |       |  -0.001 |    6.440 | 
     | req_sync_q_reg[2] | CK ^ -> QN ^ | DFFX1     | 0.545 |   0.544 |    6.985 | 
     | g6079__2802       | A1N ^ -> Y ^ | AOI2BB1X1 | 0.374 |   0.918 |    7.359 | 
     | g6067__2398       | B ^ -> Y v   | NAND2X1   | 0.159 |   1.077 |    7.518 | 
     | g6035__6131       | AN v -> Y v  | NAND2BX1  | 0.235 |   1.312 |    7.753 | 
     | g6030__1705       | AN v -> Y v  | NAND2BX1  | 0.219 |   1.531 |    7.972 | 
     | g6024__4319       | A v -> Y v   | AND2X2    | 0.184 |   1.716 |    8.157 | 
     | g6021__5107       | B0 v -> Y ^  | AOI21X1   | 0.294 |   2.009 |    8.450 | 
     | g6019             | A ^ -> Y v   | INVXL     | 0.095 |   2.105 |    8.546 | 
     | g6010__2883       | A1 v -> Y ^  | OAI21XL   | 0.462 |   2.566 |    9.007 | 
     | g6007             | A ^ -> Y v   | INVX1     | 0.209 |   2.775 |    9.216 | 
     | g5997__1617       | A v -> Y ^   | NAND2X1   | 0.269 |   3.044 |    9.485 | 
     | g5992__2883       | B0 ^ -> Y v  | OAI21XL   | 0.148 |   3.191 |    9.632 | 
     | out_valid_q_reg   | D v          | DFFHQX1   | 0.000 |   3.191 |    9.633 | 
     +---------------------------------------------------------------------------+ 
Path 22: MET Setup Check with Pin pending_q_reg[5]/CK 
Endpoint:   pending_q_reg[5]/D   (v) checked with  leading edge of 'clk'
Beginpoint: req_sync_q_reg[2]/QN (v) triggered by  leading edge of 'clk'
Path Groups: {clk}
Analysis View: setup_view
Other End Arrival Time          0.176
- Setup                         0.421
+ Phase Shift                  10.000
- Uncertainty                   0.200
= Required Time                 9.555
- Arrival Time                  3.082
= Slack Time                    6.473
     Clock Rise Edge                 0.000
     + Clock Network Latency (Prop)  -0.001
     = Beginpoint Arrival Time       -0.001
     +---------------------------------------------------------------------------+ 
     |     Instance      |     Arc      |   Cell    | Delay | Arrival | Required | 
     |                   |              |           |       |  Time   |   Time   | 
     |-------------------+--------------+-----------+-------+---------+----------| 
     | req_sync_q_reg[2] | CK ^         |           |       |  -0.001 |    6.472 | 
     | req_sync_q_reg[2] | CK ^ -> QN v | DFFX1     | 0.596 |   0.595 |    7.068 | 
     | g6079__2802       | A1N v -> Y v | AOI2BB1X1 | 0.388 |   0.984 |    7.456 | 
     | g6067__2398       | B v -> Y ^   | NAND2X1   | 0.198 |   1.182 |    7.654 | 
     | g6035__6131       | AN ^ -> Y ^  | NAND2BX1  | 0.197 |   1.379 |    7.851 | 
     | g6030__1705       | AN ^ -> Y ^  | NAND2BX1  | 0.196 |   1.575 |    8.048 | 
     | g6024__4319       | A ^ -> Y ^   | AND2X2    | 0.184 |   1.759 |    8.232 | 
     | g6021__5107       | B0 ^ -> Y v  | AOI21X1   | 0.125 |   1.884 |    8.357 | 
     | g6016__7410       | B0 v -> Y ^  | AOI211XL  | 0.339 |   2.224 |    8.696 | 
     | g6013             | A ^ -> Y v   | INVX1     | 0.135 |   2.359 |    8.831 | 
     | g6008__7482       | B0 v -> Y ^  | AOI2BB1X1 | 0.214 |   2.573 |    9.045 | 
     | g5999__4319       | B0 ^ -> Y v  | OAI21XL   | 0.147 |   2.720 |    9.192 | 
     | g5987__5115       | A v -> Y ^   | NOR2X1    | 0.215 |   2.935 |    9.407 | 
     | g5962__5526       | A0 ^ -> Y v  | AOI21XL   | 0.147 |   3.082 |    9.555 | 
     | pending_q_reg[5]  | D v          | DFFTRX1   | 0.000 |   3.082 |    9.555 | 
     +---------------------------------------------------------------------------+ 
Path 23: MET Setup Check with Pin epoch_gray_q_reg[1]/CK 
Endpoint:   epoch_gray_q_reg[1]/D (v) checked with  leading edge of 'clk'
Beginpoint: req_sync_q_reg[2]/QN  (^) triggered by  leading edge of 'clk'
Path Groups: {clk}
Analysis View: setup_view
Other End Arrival Time          0.175
- Setup                         0.263
+ Phase Shift                  10.000
- Uncertainty                   0.200
= Required Time                 9.711
- Arrival Time                  3.197
= Slack Time                    6.514
     Clock Rise Edge                 0.000
     + Clock Network Latency (Prop)  -0.001
     = Beginpoint Arrival Time       -0.001
     +-----------------------------------------------------------------------------+ 
     |      Instance       |     Arc      |   Cell    | Delay | Arrival | Required | 
     |                     |              |           |       |  Time   |   Time   | 
     |---------------------+--------------+-----------+-------+---------+----------| 
     | req_sync_q_reg[2]   | CK ^         |           |       |  -0.001 |    6.513 | 
     | req_sync_q_reg[2]   | CK ^ -> QN ^ | DFFX1     | 0.545 |   0.544 |    7.058 | 
     | g6079__2802         | A1N ^ -> Y ^ | AOI2BB1X1 | 0.374 |   0.918 |    7.433 | 
     | g6067__2398         | B ^ -> Y v   | NAND2X1   | 0.159 |   1.077 |    7.592 | 
     | g6035__6131         | AN v -> Y v  | NAND2BX1  | 0.235 |   1.312 |    7.827 | 
     | g6030__1705         | AN v -> Y v  | NAND2BX1  | 0.219 |   1.531 |    8.046 | 
     | g6024__4319         | A v -> Y v   | AND2X2    | 0.184 |   1.716 |    8.230 | 
     | g6021__5107         | B0 v -> Y ^  | AOI21X1   | 0.294 |   2.009 |    8.524 | 
     | g6019               | A ^ -> Y v   | INVXL     | 0.095 |   2.105 |    8.619 | 
     | g6010__2883         | A1 v -> Y ^  | OAI21XL   | 0.462 |   2.566 |    9.081 | 
     | g6007               | A ^ -> Y v   | INVX1     | 0.209 |   2.775 |    9.290 | 
     | g5997__1617         | A v -> Y ^   | NAND2X1   | 0.269 |   3.044 |    9.558 | 
     | g5981__9315         | A0 ^ -> Y v  | OAI22XL   | 0.153 |   3.197 |    9.711 | 
     | epoch_gray_q_reg[1] | D v          | DFFX1     | 0.000 |   3.197 |    9.711 | 
     +-----------------------------------------------------------------------------+ 
Path 24: MET Setup Check with Pin pending_q_reg[6]/CK 
Endpoint:   pending_q_reg[6]/D   (v) checked with  leading edge of 'clk'
Beginpoint: req_sync_q_reg[2]/QN (v) triggered by  leading edge of 'clk'
Path Groups: {clk}
Analysis View: setup_view
Other End Arrival Time          0.176
- Setup                         0.416
+ Phase Shift                  10.000
- Uncertainty                   0.200
= Required Time                 9.560
- Arrival Time                  3.043
= Slack Time                    6.517
     Clock Rise Edge                 0.000
     + Clock Network Latency (Prop)  -0.001
     = Beginpoint Arrival Time       -0.001
     +---------------------------------------------------------------------------+ 
     |     Instance      |     Arc      |   Cell    | Delay | Arrival | Required | 
     |                   |              |           |       |  Time   |   Time   | 
     |-------------------+--------------+-----------+-------+---------+----------| 
     | req_sync_q_reg[2] | CK ^         |           |       |  -0.001 |    6.516 | 
     | req_sync_q_reg[2] | CK ^ -> QN v | DFFX1     | 0.596 |   0.595 |    7.112 | 
     | g6079__2802       | A1N v -> Y v | AOI2BB1X1 | 0.388 |   0.984 |    7.501 | 
     | g6067__2398       | B v -> Y ^   | NAND2X1   | 0.198 |   1.182 |    7.698 | 
     | g6035__6131       | AN ^ -> Y ^  | NAND2BX1  | 0.197 |   1.379 |    7.896 | 
     | g6030__1705       | AN ^ -> Y ^  | NAND2BX1  | 0.196 |   1.575 |    8.092 | 
     | g6024__4319       | A ^ -> Y ^   | AND2X2    | 0.184 |   1.759 |    8.276 | 
     | g6021__5107       | B0 ^ -> Y v  | AOI21X1   | 0.125 |   1.884 |    8.401 | 
     | g6016__7410       | B0 v -> Y ^  | AOI211XL  | 0.339 |   2.224 |    8.740 | 
     | g6013             | A ^ -> Y v   | INVX1     | 0.135 |   2.359 |    8.876 | 
     | g6006__7098       | B0 v -> Y ^  | AOI211X1  | 0.324 |   2.683 |    9.200 | 
     | g6002__6417       | B0 ^ -> Y v  | OAI21XL   | 0.169 |   2.852 |    9.369 | 
     | g5998             | A v -> Y ^   | INVX1     | 0.095 |   2.946 |    9.463 | 
     | g5969__8428       | A0 ^ -> Y v  | AOI21XL   | 0.097 |   3.043 |    9.560 | 
     | pending_q_reg[6]  | D v          | DFFTRX1   | 0.000 |   3.043 |    9.560 | 
     +---------------------------------------------------------------------------+ 
Path 25: MET Setup Check with Pin epoch_gray_q_reg[3]/CK 
Endpoint:   epoch_gray_q_reg[3]/D (v) checked with  leading edge of 'clk'
Beginpoint: req_sync_q_reg[2]/QN  (^) triggered by  leading edge of 'clk'
Path Groups: {clk}
Analysis View: setup_view
Other End Arrival Time          0.175
- Setup                         0.261
+ Phase Shift                  10.000
- Uncertainty                   0.200
= Required Time                 9.714
- Arrival Time                  3.196
= Slack Time                    6.519
     Clock Rise Edge                 0.000
     + Clock Network Latency (Prop)  -0.001
     = Beginpoint Arrival Time       -0.001
     +-----------------------------------------------------------------------------+ 
     |      Instance       |     Arc      |   Cell    | Delay | Arrival | Required | 
     |                     |              |           |       |  Time   |   Time   | 
     |---------------------+--------------+-----------+-------+---------+----------| 
     | req_sync_q_reg[2]   | CK ^         |           |       |  -0.001 |    6.518 | 
     | req_sync_q_reg[2]   | CK ^ -> QN ^ | DFFX1     | 0.545 |   0.544 |    7.063 | 
     | g6079__2802         | A1N ^ -> Y ^ | AOI2BB1X1 | 0.374 |   0.918 |    7.437 | 
     | g6067__2398         | B ^ -> Y v   | NAND2X1   | 0.159 |   1.077 |    7.596 | 
     | g6035__6131         | AN v -> Y v  | NAND2BX1  | 0.235 |   1.312 |    7.831 | 
     | g6030__1705         | AN v -> Y v  | NAND2BX1  | 0.219 |   1.531 |    8.050 | 
     | g6024__4319         | A v -> Y v   | AND2X2    | 0.184 |   1.716 |    8.234 | 
     | g6021__5107         | B0 v -> Y ^  | AOI21X1   | 0.294 |   2.009 |    8.528 | 
     | g6019               | A ^ -> Y v   | INVXL     | 0.095 |   2.105 |    8.623 | 
     | g6010__2883         | A1 v -> Y ^  | OAI21XL   | 0.462 |   2.566 |    9.085 | 
     | g6007               | A ^ -> Y v   | INVX1     | 0.209 |   2.775 |    9.294 | 
     | g5997__1617         | A v -> Y ^   | NAND2X1   | 0.269 |   3.044 |    9.562 | 
     | g5974__7098         | A0 ^ -> Y v  | OAI22XL   | 0.152 |   3.196 |    9.714 | 
     | epoch_gray_q_reg[3] | D v          | DFFX1     | 0.000 |   3.196 |    9.714 | 
     +-----------------------------------------------------------------------------+ 
Path 26: MET Setup Check with Pin epoch_gray_q_reg[2]/CK 
Endpoint:   epoch_gray_q_reg[2]/D (v) checked with  leading edge of 'clk'
Beginpoint: req_sync_q_reg[2]/QN  (^) triggered by  leading edge of 'clk'
Path Groups: {clk}
Analysis View: setup_view
Other End Arrival Time          0.175
- Setup                         0.260
+ Phase Shift                  10.000
- Uncertainty                   0.200
= Required Time                 9.715
- Arrival Time                  3.190
= Slack Time                    6.525
     Clock Rise Edge                 0.000
     + Clock Network Latency (Prop)  -0.001
     = Beginpoint Arrival Time       -0.001
     +-----------------------------------------------------------------------------+ 
     |      Instance       |     Arc      |   Cell    | Delay | Arrival | Required | 
     |                     |              |           |       |  Time   |   Time   | 
     |---------------------+--------------+-----------+-------+---------+----------| 
     | req_sync_q_reg[2]   | CK ^         |           |       |  -0.001 |    6.524 | 
     | req_sync_q_reg[2]   | CK ^ -> QN ^ | DFFX1     | 0.545 |   0.544 |    7.069 | 
     | g6079__2802         | A1N ^ -> Y ^ | AOI2BB1X1 | 0.374 |   0.918 |    7.443 | 
     | g6067__2398         | B ^ -> Y v   | NAND2X1   | 0.159 |   1.077 |    7.602 | 
     | g6035__6131         | AN v -> Y v  | NAND2BX1  | 0.235 |   1.312 |    7.837 | 
     | g6030__1705         | AN v -> Y v  | NAND2BX1  | 0.219 |   1.531 |    8.056 | 
     | g6024__4319         | A v -> Y v   | AND2X2    | 0.184 |   1.716 |    8.240 | 
     | g6021__5107         | B0 v -> Y ^  | AOI21X1   | 0.294 |   2.009 |    8.534 | 
     | g6019               | A ^ -> Y v   | INVXL     | 0.095 |   2.105 |    8.629 | 
     | g6010__2883         | A1 v -> Y ^  | OAI21XL   | 0.462 |   2.566 |    9.091 | 
     | g6007               | A ^ -> Y v   | INVX1     | 0.209 |   2.775 |    9.300 | 
     | g5997__1617         | A v -> Y ^   | NAND2X1   | 0.269 |   3.044 |    9.569 | 
     | g5980__4733         | A0 ^ -> Y v  | OAI22XL   | 0.147 |   3.190 |    9.715 | 
     | epoch_gray_q_reg[2] | D v          | DFFX1     | 0.000 |   3.190 |    9.715 | 
     +-----------------------------------------------------------------------------+ 
Path 27: MET Setup Check with Pin epoch_gray_q_reg[0]/CK 
Endpoint:   epoch_gray_q_reg[0]/D (v) checked with  leading edge of 'clk'
Beginpoint: req_sync_q_reg[2]/QN  (^) triggered by  leading edge of 'clk'
Path Groups: {clk}
Analysis View: setup_view
Other End Arrival Time          0.175
- Setup                         0.262
+ Phase Shift                  10.000
- Uncertainty                   0.200
= Required Time                 9.714
- Arrival Time                  3.183
= Slack Time                    6.531
     Clock Rise Edge                 0.000
     + Clock Network Latency (Prop)  -0.001
     = Beginpoint Arrival Time       -0.001
     +-----------------------------------------------------------------------------+ 
     |      Instance       |     Arc      |   Cell    | Delay | Arrival | Required | 
     |                     |              |           |       |  Time   |   Time   | 
     |---------------------+--------------+-----------+-------+---------+----------| 
     | req_sync_q_reg[2]   | CK ^         |           |       |  -0.001 |    6.530 | 
     | req_sync_q_reg[2]   | CK ^ -> QN ^ | DFFX1     | 0.545 |   0.544 |    7.075 | 
     | g6079__2802         | A1N ^ -> Y ^ | AOI2BB1X1 | 0.374 |   0.918 |    7.449 | 
     | g6067__2398         | B ^ -> Y v   | NAND2X1   | 0.159 |   1.077 |    7.608 | 
     | g6035__6131         | AN v -> Y v  | NAND2BX1  | 0.235 |   1.312 |    7.843 | 
     | g6030__1705         | AN v -> Y v  | NAND2BX1  | 0.219 |   1.531 |    8.062 | 
     | g6024__4319         | A v -> Y v   | AND2X2    | 0.184 |   1.716 |    8.246 | 
     | g6021__5107         | B0 v -> Y ^  | AOI21X1   | 0.294 |   2.009 |    8.540 | 
     | g6019               | A ^ -> Y v   | INVXL     | 0.095 |   2.105 |    8.635 | 
     | g6010__2883         | A1 v -> Y ^  | OAI21XL   | 0.462 |   2.566 |    9.097 | 
     | g6007               | A ^ -> Y v   | INVX1     | 0.209 |   2.775 |    9.306 | 
     | g5997__1617         | A v -> Y ^   | NAND2X1   | 0.269 |   3.044 |    9.575 | 
     | g5979__6161         | A0 ^ -> Y v  | OAI22XL   | 0.139 |   3.183 |    9.714 | 
     | epoch_gray_q_reg[0] | D v          | DFFX1     | 0.000 |   3.183 |    9.714 | 
     +-----------------------------------------------------------------------------+ 
Path 28: MET Setup Check with Pin pending_q_reg[11]/CK 
Endpoint:   pending_q_reg[11]/D  (v) checked with  leading edge of 'clk'
Beginpoint: req_sync_q_reg[2]/QN (^) triggered by  leading edge of 'clk'
Path Groups: {clk}
Analysis View: setup_view
Other End Arrival Time          0.177
- Setup                         0.416
+ Phase Shift                  10.000
- Uncertainty                   0.200
= Required Time                 9.561
- Arrival Time                  2.996
= Slack Time                    6.565
     Clock Rise Edge                 0.000
     + Clock Network Latency (Prop)  -0.001
     = Beginpoint Arrival Time       -0.001
     +---------------------------------------------------------------------------+ 
     |     Instance      |     Arc      |   Cell    | Delay | Arrival | Required | 
     |                   |              |           |       |  Time   |   Time   | 
     |-------------------+--------------+-----------+-------+---------+----------| 
     | req_sync_q_reg[2] | CK ^         |           |       |  -0.001 |    6.564 | 
     | req_sync_q_reg[2] | CK ^ -> QN ^ | DFFX1     | 0.545 |   0.544 |    7.109 | 
     | g6079__2802       | A1N ^ -> Y ^ | AOI2BB1X1 | 0.374 |   0.918 |    7.483 | 
     | g6067__2398       | B ^ -> Y v   | NAND2X1   | 0.159 |   1.077 |    7.642 | 
     | g6035__6131       | AN v -> Y v  | NAND2BX1  | 0.235 |   1.312 |    7.877 | 
     | g6030__1705       | AN v -> Y v  | NAND2BX1  | 0.219 |   1.531 |    8.097 | 
     | g6024__4319       | A v -> Y v   | AND2X2    | 0.184 |   1.716 |    8.281 | 
     | g6022__6260       | A v -> Y ^   | NOR2X1    | 0.270 |   1.985 |    8.550 | 
     | g6020__5477       | B ^ -> Y v   | NAND2BX1  | 0.147 |   2.132 |    8.697 | 
     | g6005__6161       | B0 v -> Y ^  | AOI211X1  | 0.360 |   2.492 |    9.057 | 
     | g5993__8428       | B0 ^ -> Y v  | OAI21XL   | 0.182 |   2.674 |    9.239 | 
     | g5985__7410       | A v -> Y ^   | NOR2X1    | 0.198 |   2.872 |    9.437 | 
     | g5959__3680       | A0 ^ -> Y v  | AOI21XL   | 0.124 |   2.996 |    9.561 | 
     | pending_q_reg[11] | D v          | DFFTRX1   | 0.000 |   2.996 |    9.561 | 
     +---------------------------------------------------------------------------+ 
Path 29: MET Setup Check with Pin pending_q_reg[13]/CK 
Endpoint:   pending_q_reg[13]/D  (v) checked with  leading edge of 'clk'
Beginpoint: req_sync_q_reg[2]/QN (^) triggered by  leading edge of 'clk'
Path Groups: {clk}
Analysis View: setup_view
Other End Arrival Time          0.175
- Setup                         0.399
+ Phase Shift                  10.000
- Uncertainty                   0.200
= Required Time                 9.576
- Arrival Time                  3.006
= Slack Time                    6.570
     Clock Rise Edge                 0.000
     + Clock Network Latency (Prop)  -0.001
     = Beginpoint Arrival Time       -0.001
     +---------------------------------------------------------------------------+ 
     |     Instance      |     Arc      |   Cell    | Delay | Arrival | Required | 
     |                   |              |           |       |  Time   |   Time   | 
     |-------------------+--------------+-----------+-------+---------+----------| 
     | req_sync_q_reg[2] | CK ^         |           |       |  -0.001 |    6.569 | 
     | req_sync_q_reg[2] | CK ^ -> QN ^ | DFFX1     | 0.545 |   0.544 |    7.114 | 
     | g6079__2802       | A1N ^ -> Y ^ | AOI2BB1X1 | 0.374 |   0.918 |    7.488 | 
     | g6067__2398       | B ^ -> Y v   | NAND2X1   | 0.159 |   1.077 |    7.647 | 
     | g6035__6131       | AN v -> Y v  | NAND2BX1  | 0.235 |   1.312 |    7.882 | 
     | g6030__1705       | AN v -> Y v  | NAND2BX1  | 0.219 |   1.531 |    8.102 | 
     | g6024__4319       | A v -> Y v   | AND2X2    | 0.184 |   1.716 |    8.286 | 
     | g6022__6260       | A v -> Y ^   | NOR2X1    | 0.270 |   1.985 |    8.555 | 
     | g6018__2398       | B0 ^ -> Y v  | OAI21XL   | 0.256 |   2.241 |    8.812 | 
     | g6011__9945       | B0 v -> Y ^  | AOI21X1   | 0.260 |   2.501 |    9.071 | 
     | g6003__8246       | B0 ^ -> Y v  | OAI211X1  | 0.188 |   2.689 |    9.259 | 
     | g5976__1881       | A0N v -> Y v | AOI2BB1XL | 0.317 |   3.006 |    9.576 | 
     | pending_q_reg[13] | D v          | DFFTRX1   | 0.000 |   3.006 |    9.576 | 
     +---------------------------------------------------------------------------+ 
Path 30: MET Setup Check with Pin out_addr_q_reg[2]/CK 
Endpoint:   out_addr_q_reg[2]/D  (v) checked with  leading edge of 'clk'
Beginpoint: req_sync_q_reg[2]/QN (^) triggered by  leading edge of 'clk'
Path Groups: {clk}
Analysis View: setup_view
Other End Arrival Time          0.175
- Setup                         0.321
+ Phase Shift                  10.000
- Uncertainty                   0.200
= Required Time                 9.654
- Arrival Time                  3.034
= Slack Time                    6.620
     Clock Rise Edge                 0.000
     + Clock Network Latency (Prop)  -0.001
     = Beginpoint Arrival Time       -0.001
     +---------------------------------------------------------------------------+ 
     |     Instance      |     Arc      |   Cell    | Delay | Arrival | Required | 
     |                   |              |           |       |  Time   |   Time   | 
     |-------------------+--------------+-----------+-------+---------+----------| 
     | req_sync_q_reg[2] | CK ^         |           |       |  -0.001 |    6.619 | 
     | req_sync_q_reg[2] | CK ^ -> QN ^ | DFFX1     | 0.545 |   0.544 |    7.164 | 
     | g6079__2802       | A1N ^ -> Y ^ | AOI2BB1X1 | 0.374 |   0.918 |    7.538 | 
     | g6067__2398       | B ^ -> Y v   | NAND2X1   | 0.159 |   1.077 |    7.697 | 
     | g6035__6131       | AN v -> Y v  | NAND2BX1  | 0.235 |   1.312 |    7.932 | 
     | g6030__1705       | AN v -> Y v  | NAND2BX1  | 0.219 |   1.531 |    8.152 | 
     | g6024__4319       | A v -> Y v   | AND2X2    | 0.184 |   1.716 |    8.336 | 
     | g6021__5107       | B0 v -> Y ^  | AOI21X1   | 0.294 |   2.009 |    8.630 | 
     | g6019             | A ^ -> Y v   | INVXL     | 0.095 |   2.105 |    8.725 | 
     | g6010__2883       | A1 v -> Y ^  | OAI21XL   | 0.462 |   2.566 |    9.187 | 
     | g6007             | A ^ -> Y v   | INVX1     | 0.209 |   2.775 |    9.395 | 
     | g6001__2802       | B0 v -> Y ^  | OAI21XL   | 0.179 |   2.954 |    9.575 | 
     | g5988__2346       | B0 ^ -> Y v  | OAI2BB1X1 | 0.079 |   3.034 |    9.654 | 
     | out_addr_q_reg[2] | D v          | DFFHQX1   | 0.000 |   3.034 |    9.654 | 
     +---------------------------------------------------------------------------+ 
Path 31: MET Setup Check with Pin out_addr_q_reg[1]/CK 
Endpoint:   out_addr_q_reg[1]/D  (v) checked with  leading edge of 'clk'
Beginpoint: req_sync_q_reg[2]/QN (^) triggered by  leading edge of 'clk'
Path Groups: {clk}
Analysis View: setup_view
Other End Arrival Time          0.175
- Setup                         0.335
+ Phase Shift                  10.000
- Uncertainty                   0.200
= Required Time                 9.640
- Arrival Time                  3.001
= Slack Time                    6.639
     Clock Rise Edge                 0.000
     + Clock Network Latency (Prop)  -0.001
     = Beginpoint Arrival Time       -0.001
     +---------------------------------------------------------------------------+ 
     |     Instance      |     Arc      |   Cell    | Delay | Arrival | Required | 
     |                   |              |           |       |  Time   |   Time   | 
     |-------------------+--------------+-----------+-------+---------+----------| 
     | req_sync_q_reg[2] | CK ^         |           |       |  -0.001 |    6.638 | 
     | req_sync_q_reg[2] | CK ^ -> QN ^ | DFFX1     | 0.545 |   0.544 |    7.183 | 
     | g6079__2802       | A1N ^ -> Y ^ | AOI2BB1X1 | 0.374 |   0.918 |    7.557 | 
     | g6067__2398       | B ^ -> Y v   | NAND2X1   | 0.159 |   1.077 |    7.716 | 
     | g6035__6131       | AN v -> Y v  | NAND2BX1  | 0.235 |   1.312 |    7.951 | 
     | g6030__1705       | AN v -> Y v  | NAND2BX1  | 0.219 |   1.531 |    8.170 | 
     | g6024__4319       | A v -> Y v   | AND2X2    | 0.184 |   1.716 |    8.354 | 
     | g6021__5107       | B0 v -> Y ^  | AOI21X1   | 0.294 |   2.009 |    8.648 | 
     | g6016__7410       | B0 ^ -> Y v  | AOI211XL  | 0.166 |   2.175 |    8.814 | 
     | g6013             | A v -> Y ^   | INVX1     | 0.157 |   2.332 |    8.971 | 
     | g6006__7098       | B0 ^ -> Y v  | AOI211X1  | 0.127 |   2.459 |    9.098 | 
     | g5978__9945       | D v -> Y ^   | NOR4BX1   | 0.413 |   2.872 |    9.511 | 
     | g5949__6783       | B0 ^ -> Y v  | OAI2BB2XL | 0.129 |   3.001 |    9.640 | 
     | out_addr_q_reg[1] | D v          | DFFHQX1   | 0.000 |   3.001 |    9.640 | 
     +---------------------------------------------------------------------------+ 
Path 32: MET Setup Check with Pin out_addr_q_reg[3]/CK 
Endpoint:   out_addr_q_reg[3]/E  (v) checked with  leading edge of 'clk'
Beginpoint: req_sync_q_reg[2]/QN (^) triggered by  leading edge of 'clk'
Path Groups: {clk}
Analysis View: setup_view
Other End Arrival Time          0.175
- Setup                         0.557
+ Phase Shift                  10.000
- Uncertainty                   0.200
= Required Time                 9.419
- Arrival Time                  2.775
= Slack Time                    6.643
     Clock Rise Edge                 0.000
     + Clock Network Latency (Prop)  -0.001
     = Beginpoint Arrival Time       -0.001
     +---------------------------------------------------------------------------+ 
     |     Instance      |     Arc      |   Cell    | Delay | Arrival | Required | 
     |                   |              |           |       |  Time   |   Time   | 
     |-------------------+--------------+-----------+-------+---------+----------| 
     | req_sync_q_reg[2] | CK ^         |           |       |  -0.001 |    6.642 | 
     | req_sync_q_reg[2] | CK ^ -> QN ^ | DFFX1     | 0.545 |   0.544 |    7.187 | 
     | g6079__2802       | A1N ^ -> Y ^ | AOI2BB1X1 | 0.374 |   0.918 |    7.562 | 
     | g6067__2398       | B ^ -> Y v   | NAND2X1   | 0.159 |   1.077 |    7.721 | 
     | g6035__6131       | AN v -> Y v  | NAND2BX1  | 0.235 |   1.312 |    7.956 | 
     | g6030__1705       | AN v -> Y v  | NAND2BX1  | 0.219 |   1.531 |    8.175 | 
     | g6024__4319       | A v -> Y v   | AND2X2    | 0.184 |   1.716 |    8.359 | 
     | g6021__5107       | B0 v -> Y ^  | AOI21X1   | 0.294 |   2.009 |    8.653 | 
     | g6019             | A ^ -> Y v   | INVXL     | 0.095 |   2.105 |    8.748 | 
     | g6010__2883       | A1 v -> Y ^  | OAI21XL   | 0.462 |   2.566 |    9.210 | 
     | g6007             | A ^ -> Y v   | INVX1     | 0.209 |   2.775 |    9.419 | 
     | out_addr_q_reg[3] | E v          | EDFFX1    | 0.000 |   2.775 |    9.419 | 
     +---------------------------------------------------------------------------+ 
Path 33: MET Setup Check with Pin pending_q_reg[9]/CK 
Endpoint:   pending_q_reg[9]/D   (v) checked with  leading edge of 'clk'
Beginpoint: req_sync_q_reg[2]/QN (^) triggered by  leading edge of 'clk'
Path Groups: {clk}
Analysis View: setup_view
Other End Arrival Time          0.176
- Setup                         0.398
+ Phase Shift                  10.000
- Uncertainty                   0.200
= Required Time                 9.578
- Arrival Time                  2.854
= Slack Time                    6.724
     Clock Rise Edge                 0.000
     + Clock Network Latency (Prop)  -0.001
     = Beginpoint Arrival Time       -0.001
     +---------------------------------------------------------------------------+ 
     |     Instance      |     Arc      |   Cell    | Delay | Arrival | Required | 
     |                   |              |           |       |  Time   |   Time   | 
     |-------------------+--------------+-----------+-------+---------+----------| 
     | req_sync_q_reg[2] | CK ^         |           |       |  -0.001 |    6.723 | 
     | req_sync_q_reg[2] | CK ^ -> QN ^ | DFFX1     | 0.545 |   0.544 |    7.268 | 
     | g6079__2802       | A1N ^ -> Y ^ | AOI2BB1X1 | 0.374 |   0.918 |    7.642 | 
     | g6067__2398       | B ^ -> Y v   | NAND2X1   | 0.159 |   1.077 |    7.801 | 
     | g6035__6131       | AN v -> Y v  | NAND2BX1  | 0.235 |   1.312 |    8.036 | 
     | g6030__1705       | AN v -> Y v  | NAND2BX1  | 0.219 |   1.531 |    8.255 | 
     | g6024__4319       | A v -> Y v   | AND2X2    | 0.184 |   1.716 |    8.440 | 
     | g6022__6260       | A v -> Y ^   | NOR2X1    | 0.270 |   1.985 |    8.709 | 
     | g6020__5477       | B ^ -> Y v   | NAND2BX1  | 0.147 |   2.132 |    8.856 | 
     | g6014__2346       | B0 v -> Y ^  | AOI2BB1X1 | 0.239 |   2.370 |    9.095 | 
     | g5994__3680       | B0 ^ -> Y v  | OAI211X1  | 0.178 |   2.548 |    9.272 | 
     | g5975__6131       | A0N v -> Y v | AOI2BB1XL | 0.306 |   2.854 |    9.578 | 
     | pending_q_reg[9]  | D v          | DFFTRX1   | 0.000 |   2.854 |    9.578 | 
     +---------------------------------------------------------------------------+ 
Path 34: MET Setup Check with Pin pending_q_reg[14]/CK 
Endpoint:   pending_q_reg[14]/D  (v) checked with  leading edge of 'clk'
Beginpoint: req_sync_q_reg[2]/QN (^) triggered by  leading edge of 'clk'
Path Groups: {clk}
Analysis View: setup_view
Other End Arrival Time          0.175
- Setup                         0.415
+ Phase Shift                  10.000
- Uncertainty                   0.200
= Required Time                 9.560
- Arrival Time                  2.834
= Slack Time                    6.726
     Clock Rise Edge                 0.000
     + Clock Network Latency (Prop)  -0.001
     = Beginpoint Arrival Time       -0.001
     +---------------------------------------------------------------------------+ 
     |     Instance      |     Arc      |   Cell    | Delay | Arrival | Required | 
     |                   |              |           |       |  Time   |   Time   | 
     |-------------------+--------------+-----------+-------+---------+----------| 
     | req_sync_q_reg[2] | CK ^         |           |       |  -0.001 |    6.725 | 
     | req_sync_q_reg[2] | CK ^ -> QN ^ | DFFX1     | 0.545 |   0.544 |    7.270 | 
     | g6079__2802       | A1N ^ -> Y ^ | AOI2BB1X1 | 0.374 |   0.918 |    7.644 | 
     | g6067__2398       | B ^ -> Y v   | NAND2X1   | 0.159 |   1.077 |    7.803 | 
     | g6035__6131       | AN v -> Y v  | NAND2BX1  | 0.235 |   1.312 |    8.038 | 
     | g6030__1705       | AN v -> Y v  | NAND2BX1  | 0.219 |   1.531 |    8.258 | 
     | g6024__4319       | A v -> Y v   | AND2X2    | 0.184 |   1.716 |    8.442 | 
     | g6022__6260       | A v -> Y ^   | NOR2X1    | 0.270 |   1.985 |    8.711 | 
     | g6018__2398       | B0 ^ -> Y v  | OAI21XL   | 0.256 |   2.241 |    8.968 | 
     | g6012__9315       | B0 v -> Y ^  | AOI211X1  | 0.423 |   2.664 |    9.390 | 
     | g5990__2398       | A0 ^ -> Y v  | AOI31X1   | 0.169 |   2.834 |    9.560 | 
     | pending_q_reg[14] | D v          | DFFTRX1   | 0.000 |   2.834 |    9.560 | 
     +---------------------------------------------------------------------------+ 
Path 35: MET Setup Check with Pin pending_q_reg[1]/CK 
Endpoint:   pending_q_reg[1]/D   (v) checked with  leading edge of 'clk'
Beginpoint: req_sync_q_reg[2]/QN (v) triggered by  leading edge of 'clk'
Path Groups: {clk}
Analysis View: setup_view
Other End Arrival Time          0.177
- Setup                         0.426
+ Phase Shift                  10.000
- Uncertainty                   0.200
= Required Time                 9.550
- Arrival Time                  2.704
= Slack Time                    6.846
     Clock Rise Edge                 0.000
     + Clock Network Latency (Prop)  -0.001
     = Beginpoint Arrival Time       -0.001
     +---------------------------------------------------------------------------+ 
     |     Instance      |     Arc      |   Cell    | Delay | Arrival | Required | 
     |                   |              |           |       |  Time   |   Time   | 
     |-------------------+--------------+-----------+-------+---------+----------| 
     | req_sync_q_reg[2] | CK ^         |           |       |  -0.001 |    6.845 | 
     | req_sync_q_reg[2] | CK ^ -> QN v | DFFX1     | 0.596 |   0.595 |    7.442 | 
     | g6079__2802       | A1N v -> Y v | AOI2BB1X1 | 0.388 |   0.984 |    7.830 | 
     | g6067__2398       | B v -> Y ^   | NAND2X1   | 0.198 |   1.182 |    8.028 | 
     | g6035__6131       | AN ^ -> Y ^  | NAND2BX1  | 0.197 |   1.379 |    8.225 | 
     | g6030__1705       | AN ^ -> Y ^  | NAND2BX1  | 0.196 |   1.575 |    8.421 | 
     | g6024__4319       | A ^ -> Y ^   | AND2X2    | 0.184 |   1.759 |    8.606 | 
     | g6021__5107       | B0 ^ -> Y v  | AOI21X1   | 0.125 |   1.884 |    8.731 | 
     | g6009__1666       | B0 v -> Y ^  | AOI211X1  | 0.340 |   2.224 |    9.071 | 
     | g5986__6131       | B0 ^ -> Y v  | OAI211X1  | 0.201 |   2.425 |    9.272 | 
     | g5982             | A v -> Y ^   | INVXL     | 0.130 |   2.555 |    9.402 | 
     | g5963__8246       | A0 ^ -> Y v  | AOI21XL   | 0.148 |   2.704 |    9.550 | 
     | pending_q_reg[1]  | D v          | DFFTRX1   | 0.000 |   2.704 |    9.550 | 
     +---------------------------------------------------------------------------+ 
Path 36: MET Setup Check with Pin pending_q_reg[4]/CK 
Endpoint:   pending_q_reg[4]/D   (v) checked with  leading edge of 'clk'
Beginpoint: req_sync_q_reg[2]/QN (v) triggered by  leading edge of 'clk'
Path Groups: {clk}
Analysis View: setup_view
Other End Arrival Time          0.177
- Setup                         0.414
+ Phase Shift                  10.000
- Uncertainty                   0.200
= Required Time                 9.563
- Arrival Time                  2.701
= Slack Time                    6.862
     Clock Rise Edge                 0.000
     + Clock Network Latency (Prop)  -0.001
     = Beginpoint Arrival Time       -0.001
     +---------------------------------------------------------------------------+ 
     |     Instance      |     Arc      |   Cell    | Delay | Arrival | Required | 
     |                   |              |           |       |  Time   |   Time   | 
     |-------------------+--------------+-----------+-------+---------+----------| 
     | req_sync_q_reg[2] | CK ^         |           |       |  -0.001 |    6.861 | 
     | req_sync_q_reg[2] | CK ^ -> QN v | DFFX1     | 0.596 |   0.595 |    7.458 | 
     | g6079__2802       | A1N v -> Y v | AOI2BB1X1 | 0.388 |   0.984 |    7.846 | 
     | g6067__2398       | B v -> Y ^   | NAND2X1   | 0.198 |   1.182 |    8.044 | 
     | g6035__6131       | AN ^ -> Y ^  | NAND2BX1  | 0.197 |   1.379 |    8.241 | 
     | g6030__1705       | AN ^ -> Y ^  | NAND2BX1  | 0.196 |   1.575 |    8.437 | 
     | g6024__4319       | A ^ -> Y ^   | AND2X2    | 0.184 |   1.759 |    8.622 | 
     | g6021__5107       | B0 ^ -> Y v  | AOI21X1   | 0.125 |   1.884 |    8.747 | 
     | g6016__7410       | B0 v -> Y ^  | AOI211XL  | 0.339 |   2.224 |    9.086 | 
     | g6013             | A ^ -> Y v   | INVX1     | 0.135 |   2.359 |    9.221 | 
     | g6008__7482       | B0 v -> Y ^  | AOI2BB1X1 | 0.214 |   2.573 |    9.435 | 
     | g5966__1666       | A0 ^ -> Y v  | AOI31X1   | 0.128 |   2.701 |    9.563 | 
     | pending_q_reg[4]  | D v          | DFFTRX1   | 0.000 |   2.701 |    9.563 | 
     +---------------------------------------------------------------------------+ 
Path 37: MET Setup Check with Pin pending_q_reg[10]/CK 
Endpoint:   pending_q_reg[10]/D  (v) checked with  leading edge of 'clk'
Beginpoint: req_sync_q_reg[2]/QN (^) triggered by  leading edge of 'clk'
Path Groups: {clk}
Analysis View: setup_view
Other End Arrival Time          0.177
- Setup                         0.420
+ Phase Shift                  10.000
- Uncertainty                   0.200
= Required Time                 9.556
- Arrival Time                  2.688
= Slack Time                    6.869
     Clock Rise Edge                 0.000
     + Clock Network Latency (Prop)  -0.001
     = Beginpoint Arrival Time       -0.001
     +---------------------------------------------------------------------------+ 
     |     Instance      |     Arc      |   Cell    | Delay | Arrival | Required | 
     |                   |              |           |       |  Time   |   Time   | 
     |-------------------+--------------+-----------+-------+---------+----------| 
     | req_sync_q_reg[2] | CK ^         |           |       |  -0.001 |    6.868 | 
     | req_sync_q_reg[2] | CK ^ -> QN ^ | DFFX1     | 0.545 |   0.544 |    7.413 | 
     | g6079__2802       | A1N ^ -> Y ^ | AOI2BB1X1 | 0.374 |   0.918 |    7.787 | 
     | g6067__2398       | B ^ -> Y v   | NAND2X1   | 0.159 |   1.077 |    7.946 | 
     | g6035__6131       | AN v -> Y v  | NAND2BX1  | 0.235 |   1.312 |    8.181 | 
     | g6030__1705       | AN v -> Y v  | NAND2BX1  | 0.219 |   1.531 |    8.400 | 
     | g6024__4319       | A v -> Y v   | AND2X2    | 0.184 |   1.716 |    8.584 | 
     | g6022__6260       | A v -> Y ^   | NOR2X1    | 0.270 |   1.985 |    8.854 | 
     | g6020__5477       | B ^ -> Y v   | NAND2BX1  | 0.147 |   2.132 |    9.000 | 
     | g6005__6161       | B0 v -> Y ^  | AOI211X1  | 0.360 |   2.492 |    9.360 | 
     | g5967__6260       | A0 ^ -> Y v  | AOI31XL   | 0.196 |   2.688 |    9.556 | 
     | pending_q_reg[10] | D v          | DFFTRX1   | 0.000 |   2.688 |    9.556 | 
     +---------------------------------------------------------------------------+ 
Path 38: MET Setup Check with Pin pending_q_reg[3]/CK 
Endpoint:   pending_q_reg[3]/D   (v) checked with  leading edge of 'clk'
Beginpoint: req_sync_q_reg[2]/QN (v) triggered by  leading edge of 'clk'
Path Groups: {clk}
Analysis View: setup_view
Other End Arrival Time          0.177
- Setup                         0.422
+ Phase Shift                  10.000
- Uncertainty                   0.200
= Required Time                 9.556
- Arrival Time                  2.644
= Slack Time                    6.911
     Clock Rise Edge                 0.000
     + Clock Network Latency (Prop)  -0.001
     = Beginpoint Arrival Time       -0.001
     +---------------------------------------------------------------------------+ 
     |     Instance      |     Arc      |   Cell    | Delay | Arrival | Required | 
     |                   |              |           |       |  Time   |   Time   | 
     |-------------------+--------------+-----------+-------+---------+----------| 
     | req_sync_q_reg[2] | CK ^         |           |       |  -0.001 |    6.910 | 
     | req_sync_q_reg[2] | CK ^ -> QN v | DFFX1     | 0.596 |   0.595 |    7.507 | 
     | g6079__2802       | A1N v -> Y v | AOI2BB1X1 | 0.388 |   0.984 |    7.895 | 
     | g6067__2398       | B v -> Y ^   | NAND2X1   | 0.198 |   1.182 |    8.093 | 
     | g6035__6131       | AN ^ -> Y ^  | NAND2BX1  | 0.197 |   1.379 |    8.290 | 
     | g6030__1705       | AN ^ -> Y ^  | NAND2BX1  | 0.196 |   1.575 |    8.486 | 
     | g6024__4319       | A ^ -> Y ^   | AND2X2    | 0.184 |   1.759 |    8.671 | 
     | g6021__5107       | B0 ^ -> Y v  | AOI21X1   | 0.125 |   1.884 |    8.796 | 
     | g6015__6417       | A v -> Y ^   | NOR2X1    | 0.159 |   2.044 |    8.955 | 
     | g6004__4733       | B0 ^ -> Y v  | OAI211X1  | 0.186 |   2.229 |    9.141 | 
     | g5972__5122       | A v -> Y ^   | NOR3X1    | 0.252 |   2.481 |    9.393 | 
     | g5948__5122       | A0 ^ -> Y v  | AOI21XL   | 0.163 |   2.644 |    9.555 | 
     | pending_q_reg[3]  | D v          | DFFTRX1   | 0.000 |   2.644 |    9.556 | 
     +---------------------------------------------------------------------------+ 
Path 39: MET Setup Check with Pin pending_q_reg[12]/CK 
Endpoint:   pending_q_reg[12]/D  (v) checked with  leading edge of 'clk'
Beginpoint: req_sync_q_reg[2]/QN (^) triggered by  leading edge of 'clk'
Path Groups: {clk}
Analysis View: setup_view
Other End Arrival Time          0.174
- Setup                         0.415
+ Phase Shift                  10.000
- Uncertainty                   0.200
= Required Time                 9.559
- Arrival Time                  2.640
= Slack Time                    6.919
     Clock Rise Edge                 0.000
     + Clock Network Latency (Prop)  -0.001
     = Beginpoint Arrival Time       -0.001
     +---------------------------------------------------------------------------+ 
     |     Instance      |     Arc      |   Cell    | Delay | Arrival | Required | 
     |                   |              |           |       |  Time   |   Time   | 
     |-------------------+--------------+-----------+-------+---------+----------| 
     | req_sync_q_reg[2] | CK ^         |           |       |  -0.001 |    6.918 | 
     | req_sync_q_reg[2] | CK ^ -> QN ^ | DFFX1     | 0.545 |   0.544 |    7.463 | 
     | g6079__2802       | A1N ^ -> Y ^ | AOI2BB1X1 | 0.374 |   0.918 |    7.837 | 
     | g6067__2398       | B ^ -> Y v   | NAND2X1   | 0.159 |   1.077 |    7.996 | 
     | g6035__6131       | AN v -> Y v  | NAND2BX1  | 0.235 |   1.312 |    8.231 | 
     | g6030__1705       | AN v -> Y v  | NAND2BX1  | 0.219 |   1.531 |    8.451 | 
     | g6024__4319       | A v -> Y v   | AND2X2    | 0.184 |   1.716 |    8.635 | 
     | g6022__6260       | A v -> Y ^   | NOR2X1    | 0.270 |   1.985 |    8.904 | 
     | g6018__2398       | B0 ^ -> Y v  | OAI21XL   | 0.256 |   2.241 |    9.161 | 
     | g6011__9945       | B0 v -> Y ^  | AOI21X1   | 0.260 |   2.501 |    9.420 | 
     | g5989__6783       | A0 ^ -> Y v  | AOI31X1   | 0.139 |   2.640 |    9.559 | 
     | pending_q_reg[12] | D v          | DFFTRX1   | 0.000 |   2.640 |    9.559 | 
     +---------------------------------------------------------------------------+ 
Path 40: MET Setup Check with Pin pending_q_reg[8]/CK 
Endpoint:   pending_q_reg[8]/D   (v) checked with  leading edge of 'clk'
Beginpoint: req_sync_q_reg[2]/QN (^) triggered by  leading edge of 'clk'
Path Groups: {clk}
Analysis View: setup_view
Other End Arrival Time          0.177
- Setup                         0.415
+ Phase Shift                  10.000
- Uncertainty                   0.200
= Required Time                 9.562
- Arrival Time                  2.508
= Slack Time                    7.054
     Clock Rise Edge                 0.000
     + Clock Network Latency (Prop)  -0.001
     = Beginpoint Arrival Time       -0.001
     +---------------------------------------------------------------------------+ 
     |     Instance      |     Arc      |   Cell    | Delay | Arrival | Required | 
     |                   |              |           |       |  Time   |   Time   | 
     |-------------------+--------------+-----------+-------+---------+----------| 
     | req_sync_q_reg[2] | CK ^         |           |       |  -0.001 |    7.053 | 
     | req_sync_q_reg[2] | CK ^ -> QN ^ | DFFX1     | 0.545 |   0.544 |    7.598 | 
     | g6079__2802       | A1N ^ -> Y ^ | AOI2BB1X1 | 0.374 |   0.918 |    7.972 | 
     | g6067__2398       | B ^ -> Y v   | NAND2X1   | 0.159 |   1.077 |    8.131 | 
     | g6035__6131       | AN v -> Y v  | NAND2BX1  | 0.235 |   1.312 |    8.366 | 
     | g6030__1705       | AN v -> Y v  | NAND2BX1  | 0.219 |   1.531 |    8.585 | 
     | g6024__4319       | A v -> Y v   | AND2X2    | 0.184 |   1.716 |    8.770 | 
     | g6022__6260       | A v -> Y ^   | NOR2X1    | 0.270 |   1.985 |    9.039 | 
     | g6020__5477       | B ^ -> Y v   | NAND2BX1  | 0.147 |   2.132 |    9.186 | 
     | g6014__2346       | B0 v -> Y ^  | AOI2BB1X1 | 0.239 |   2.370 |    9.424 | 
     | g5983__1705       | A0 ^ -> Y v  | AOI31X1   | 0.137 |   2.507 |    9.561 | 
     | pending_q_reg[8]  | D v          | DFFTRX1   | 0.000 |   2.508 |    9.562 | 
     +---------------------------------------------------------------------------+ 
Path 41: MET Setup Check with Pin pending_q_reg[2]/CK 
Endpoint:   pending_q_reg[2]/D   (v) checked with  leading edge of 'clk'
Beginpoint: req_sync_q_reg[2]/QN (v) triggered by  leading edge of 'clk'
Path Groups: {clk}
Analysis View: setup_view
Other End Arrival Time          0.177
- Setup                         0.417
+ Phase Shift                  10.000
- Uncertainty                   0.200
= Required Time                 9.561
- Arrival Time                  2.502
= Slack Time                    7.059
     Clock Rise Edge                 0.000
     + Clock Network Latency (Prop)  -0.001
     = Beginpoint Arrival Time       -0.001
     +---------------------------------------------------------------------------+ 
     |     Instance      |     Arc      |   Cell    | Delay | Arrival | Required | 
     |                   |              |           |       |  Time   |   Time   | 
     |-------------------+--------------+-----------+-------+---------+----------| 
     | req_sync_q_reg[2] | CK ^         |           |       |  -0.001 |    7.058 | 
     | req_sync_q_reg[2] | CK ^ -> QN v | DFFX1     | 0.596 |   0.595 |    7.654 | 
     | g6079__2802       | A1N v -> Y v | AOI2BB1X1 | 0.388 |   0.984 |    8.043 | 
     | g6067__2398       | B v -> Y ^   | NAND2X1   | 0.198 |   1.182 |    8.241 | 
     | g6035__6131       | AN ^ -> Y ^  | NAND2BX1  | 0.197 |   1.379 |    8.438 | 
     | g6030__1705       | AN ^ -> Y ^  | NAND2BX1  | 0.196 |   1.575 |    8.634 | 
     | g6024__4319       | A ^ -> Y ^   | AND2X2    | 0.184 |   1.759 |    8.818 | 
     | g6021__5107       | B0 ^ -> Y v  | AOI21X1   | 0.125 |   1.884 |    8.943 | 
     | g6015__6417       | A v -> Y ^   | NOR2X1    | 0.159 |   2.044 |    9.102 | 
     | g6004__4733       | B0 ^ -> Y v  | OAI211X1  | 0.186 |   2.229 |    9.288 | 
     | g5991__5526       | B0 v -> Y ^  | AOI2BB1X1 | 0.161 |   2.391 |    9.450 | 
     | g5960__7482       | A0 ^ -> Y v  | AOI21XL   | 0.111 |   2.502 |    9.561 | 
     | pending_q_reg[2]  | D v          | DFFTRX1   | 0.000 |   2.502 |    9.561 | 
     +---------------------------------------------------------------------------+ 
Path 42: MET Setup Check with Pin pending_q_reg[0]/CK 
Endpoint:   pending_q_reg[0]/D   (v) checked with  leading edge of 'clk'
Beginpoint: req_sync_q_reg[2]/QN (v) triggered by  leading edge of 'clk'
Path Groups: {clk}
Analysis View: setup_view
Other End Arrival Time          0.177
- Setup                         0.416
+ Phase Shift                  10.000
- Uncertainty                   0.200
= Required Time                 9.561
- Arrival Time                  2.387
= Slack Time                    7.174
     Clock Rise Edge                 0.000
     + Clock Network Latency (Prop)  -0.001
     = Beginpoint Arrival Time       -0.001
     +---------------------------------------------------------------------------+ 
     |     Instance      |     Arc      |   Cell    | Delay | Arrival | Required | 
     |                   |              |           |       |  Time   |   Time   | 
     |-------------------+--------------+-----------+-------+---------+----------| 
     | req_sync_q_reg[2] | CK ^         |           |       |  -0.001 |    7.173 | 
     | req_sync_q_reg[2] | CK ^ -> QN v | DFFX1     | 0.596 |   0.595 |    7.770 | 
     | g6079__2802       | A1N v -> Y v | AOI2BB1X1 | 0.388 |   0.984 |    8.158 | 
     | g6067__2398       | B v -> Y ^   | NAND2X1   | 0.198 |   1.182 |    8.356 | 
     | g6035__6131       | AN ^ -> Y ^  | NAND2BX1  | 0.197 |   1.379 |    8.553 | 
     | g6030__1705       | AN ^ -> Y ^  | NAND2BX1  | 0.196 |   1.575 |    8.749 | 
     | g6024__4319       | A ^ -> Y ^   | AND2X2    | 0.184 |   1.759 |    8.934 | 
     | g6021__5107       | B0 ^ -> Y v  | AOI21X1   | 0.125 |   1.884 |    9.059 | 
     | g6009__1666       | B0 v -> Y ^  | AOI211X1  | 0.340 |   2.224 |    9.399 | 
     | g5968__5115       | A0 ^ -> Y v  | AOI31X1   | 0.163 |   2.387 |    9.561 | 
     | pending_q_reg[0]  | D v          | DFFTRX1   | 0.000 |   2.387 |    9.561 | 
     +---------------------------------------------------------------------------+ 
Path 43: MET Setup Check with Pin out_addr_q_reg[3]/CK 
Endpoint:   out_addr_q_reg[3]/D  (v) checked with  leading edge of 'clk'
Beginpoint: req_sync_q_reg[2]/QN (v) triggered by  leading edge of 'clk'
Path Groups: {clk}
Analysis View: setup_view
Other End Arrival Time          0.175
- Setup                         0.715
+ Phase Shift                  10.000
- Uncertainty                   0.200
= Required Time                 9.261
- Arrival Time                  1.883
= Slack Time                    7.377
     Clock Rise Edge                 0.000
     + Clock Network Latency (Prop)  -0.001
     = Beginpoint Arrival Time       -0.001
     +---------------------------------------------------------------------------+ 
     |     Instance      |     Arc      |   Cell    | Delay | Arrival | Required | 
     |                   |              |           |       |  Time   |   Time   | 
     |-------------------+--------------+-----------+-------+---------+----------| 
     | req_sync_q_reg[2] | CK ^         |           |       |  -0.001 |    7.376 | 
     | req_sync_q_reg[2] | CK ^ -> QN v | DFFX1     | 0.596 |   0.595 |    7.973 | 
     | g6079__2802       | A1N v -> Y v | AOI2BB1X1 | 0.388 |   0.984 |    8.361 | 
     | g6067__2398       | B v -> Y ^   | NAND2X1   | 0.198 |   1.182 |    8.559 | 
     | g6035__6131       | AN ^ -> Y ^  | NAND2BX1  | 0.197 |   1.379 |    8.756 | 
     | g6030__1705       | AN ^ -> Y ^  | NAND2BX1  | 0.196 |   1.575 |    8.952 | 
     | g6024__4319       | A ^ -> Y ^   | AND2X2    | 0.184 |   1.759 |    9.137 | 
     | g6022__6260       | A ^ -> Y v   | NOR2X1    | 0.124 |   1.883 |    9.260 | 
     | out_addr_q_reg[3] | D v          | EDFFX1    | 0.000 |   1.883 |    9.261 | 
     +---------------------------------------------------------------------------+ 
Path 44: MET Late External Delay Assertion 
Endpoint:   src_ack_async[0]          (^) checked with  leading edge of 'clk'
Beginpoint: reset_release_q_reg[1]/QN (v) triggered by  leading edge of 'clk'
Path Groups: {clk}
Analysis View: setup_view
Other End Arrival Time          0.000
- External Delay                1.000
+ Phase Shift                  10.000
- Uncertainty                   0.200
= Required Time                 8.800
- Arrival Time                  1.246
= Slack Time                    7.554
     Clock Rise Edge                 0.000
     + Clock Network Latency (Prop)  -0.000
     = Beginpoint Arrival Time       -0.000
     +------------------------------------------------------------------------------------+ 
     |        Instance        |        Arc         |  Cell   | Delay | Arrival | Required | 
     |                        |                    |         |       |  Time   |   Time   | 
     |------------------------+--------------------+---------+-------+---------+----------| 
     | reset_release_q_reg[1] | CK ^               |         |       |  -0.000 |    7.554 | 
     | reset_release_q_reg[1] | CK ^ -> QN v       | DFFRX1  | 0.971 |   0.971 |    8.524 | 
     | g6096__5477            | B v -> Y ^         | NOR2BXL | 0.275 |   1.246 |    8.800 | 
     |                        | src_ack_async[0] ^ |         | 0.000 |   1.246 |    8.800 | 
     +------------------------------------------------------------------------------------+ 
Path 45: MET Late External Delay Assertion 
Endpoint:   out_valid                 (^) checked with  leading edge of 'clk'
Beginpoint: reset_release_q_reg[1]/QN (v) triggered by  leading edge of 'clk'
Path Groups: {clk}
Analysis View: setup_view
Other End Arrival Time          0.000
- External Delay                1.000
+ Phase Shift                  10.000
- Uncertainty                   0.200
= Required Time                 8.800
- Arrival Time                  1.246
= Slack Time                    7.554
     Clock Rise Edge                 0.000
     + Clock Network Latency (Prop)  -0.000
     = Beginpoint Arrival Time       -0.000
     +------------------------------------------------------------------------------+ 
     |        Instance        |     Arc      |  Cell   | Delay | Arrival | Required | 
     |                        |              |         |       |  Time   |   Time   | 
     |------------------------+--------------+---------+-------+---------+----------| 
     | reset_release_q_reg[1] | CK ^         |         |       |  -0.000 |    7.554 | 
     | reset_release_q_reg[1] | CK ^ -> QN v | DFFRX1  | 0.971 |   0.971 |    8.525 | 
     | g6102__2346            | B v -> Y ^   | NOR2BXL | 0.275 |   1.245 |    8.800 | 
     |                        | out_valid ^  |         | 0.000 |   1.246 |    8.800 | 
     +------------------------------------------------------------------------------+ 
Path 46: MET Late External Delay Assertion 
Endpoint:   src_ack_async[2]          (^) checked with  leading edge of 'clk'
Beginpoint: reset_release_q_reg[1]/QN (v) triggered by  leading edge of 'clk'
Path Groups: {clk}
Analysis View: setup_view
Other End Arrival Time          0.000
- External Delay                1.000
+ Phase Shift                  10.000
- Uncertainty                   0.200
= Required Time                 8.800
- Arrival Time                  1.233
= Slack Time                    7.567
     Clock Rise Edge                 0.000
     + Clock Network Latency (Prop)  -0.000
     = Beginpoint Arrival Time       -0.000
     +------------------------------------------------------------------------------------+ 
     |        Instance        |        Arc         |  Cell   | Delay | Arrival | Required | 
     |                        |                    |         |       |  Time   |   Time   | 
     |------------------------+--------------------+---------+-------+---------+----------| 
     | reset_release_q_reg[1] | CK ^               |         |       |  -0.000 |    7.566 | 
     | reset_release_q_reg[1] | CK ^ -> QN v       | DFFRX1  | 0.971 |   0.971 |    8.537 | 
     | g6109__6417            | B v -> Y ^         | NOR2BXL | 0.263 |   1.233 |    8.800 | 
     |                        | src_ack_async[2] ^ |         | 0.000 |   1.233 |    8.800 | 
     +------------------------------------------------------------------------------------+ 
Path 47: MET Late External Delay Assertion 
Endpoint:   src_ack_async[1]          (^) checked with  leading edge of 'clk'
Beginpoint: reset_release_q_reg[1]/QN (v) triggered by  leading edge of 'clk'
Path Groups: {clk}
Analysis View: setup_view
Other End Arrival Time          0.000
- External Delay                1.000
+ Phase Shift                  10.000
- Uncertainty                   0.200
= Required Time                 8.800
- Arrival Time                  1.222
= Slack Time                    7.578
     Clock Rise Edge                 0.000
     + Clock Network Latency (Prop)  -0.000
     = Beginpoint Arrival Time       -0.000
     +------------------------------------------------------------------------------------+ 
     |        Instance        |        Arc         |  Cell   | Delay | Arrival | Required | 
     |                        |                    |         |       |  Time   |   Time   | 
     |------------------------+--------------------+---------+-------+---------+----------| 
     | reset_release_q_reg[1] | CK ^               |         |       |  -0.000 |    7.578 | 
     | reset_release_q_reg[1] | CK ^ -> QN v       | DFFRX1  | 0.971 |   0.971 |    8.549 | 
     | g6095__5107            | B v -> Y ^         | NOR2BXL | 0.251 |   1.222 |    8.800 | 
     |                        | src_ack_async[1] ^ |         | 0.000 |   1.222 |    8.800 | 
     +------------------------------------------------------------------------------------+ 
Path 48: MET Late External Delay Assertion 
Endpoint:   src_ack_async[3]          (^) checked with  leading edge of 'clk'
Beginpoint: reset_release_q_reg[1]/QN (v) triggered by  leading edge of 'clk'
Path Groups: {clk}
Analysis View: setup_view
Other End Arrival Time          0.000
- External Delay                1.000
+ Phase Shift                  10.000
- Uncertainty                   0.200
= Required Time                 8.800
- Arrival Time                  1.199
= Slack Time                    7.601
     Clock Rise Edge                 0.000
     + Clock Network Latency (Prop)  -0.000
     = Beginpoint Arrival Time       -0.000
     +------------------------------------------------------------------------------------+ 
     |        Instance        |        Arc         |  Cell   | Delay | Arrival | Required | 
     |                        |                    |         |       |  Time   |   Time   | 
     |------------------------+--------------------+---------+-------+---------+----------| 
     | reset_release_q_reg[1] | CK ^               |         |       |  -0.000 |    7.601 | 
     | reset_release_q_reg[1] | CK ^ -> QN v       | DFFRX1  | 0.971 |   0.971 |    8.572 | 
     | g6105__8428            | B v -> Y ^         | NOR2BXL | 0.228 |   1.199 |    8.800 | 
     |                        | src_ack_async[3] ^ |         | 0.000 |   1.199 |    8.800 | 
     +------------------------------------------------------------------------------------+ 
Path 49: MET Late External Delay Assertion 
Endpoint:   src_ack_async[4]          (^) checked with  leading edge of 'clk'
Beginpoint: reset_release_q_reg[1]/QN (v) triggered by  leading edge of 'clk'
Path Groups: {clk}
Analysis View: setup_view
Other End Arrival Time          0.000
- External Delay                1.000
+ Phase Shift                  10.000
- Uncertainty                   0.200
= Required Time                 8.800
- Arrival Time                  1.187
= Slack Time                    7.613
     Clock Rise Edge                 0.000
     + Clock Network Latency (Prop)  -0.000
     = Beginpoint Arrival Time       -0.000
     +------------------------------------------------------------------------------------+ 
     |        Instance        |        Arc         |  Cell   | Delay | Arrival | Required | 
     |                        |                    |         |       |  Time   |   Time   | 
     |------------------------+--------------------+---------+-------+---------+----------| 
     | reset_release_q_reg[1] | CK ^               |         |       |  -0.000 |    7.613 | 
     | reset_release_q_reg[1] | CK ^ -> QN v       | DFFRX1  | 0.971 |   0.971 |    8.584 | 
     | g6104__7410            | B v -> Y ^         | NOR2BXL | 0.216 |   1.187 |    8.800 | 
     |                        | src_ack_async[4] ^ |         | 0.000 |   1.187 |    8.800 | 
     +------------------------------------------------------------------------------------+ 
Path 50: MET Late External Delay Assertion 
Endpoint:   src_ack_async[13]         (^) checked with  leading edge of 'clk'
Beginpoint: reset_release_q_reg[1]/QN (v) triggered by  leading edge of 'clk'
Path Groups: {clk}
Analysis View: setup_view
Other End Arrival Time          0.000
- External Delay                1.000
+ Phase Shift                  10.000
- Uncertainty                   0.200
= Required Time                 8.800
- Arrival Time                  1.187
= Slack Time                    7.613
     Clock Rise Edge                 0.000
     + Clock Network Latency (Prop)  -0.000
     = Beginpoint Arrival Time       -0.000
     +-------------------------------------------------------------------------------------+ 
     |        Instance        |         Arc         |  Cell   | Delay | Arrival | Required | 
     |                        |                     |         |       |  Time   |   Time   | 
     |------------------------+---------------------+---------+-------+---------+----------| 
     | reset_release_q_reg[1] | CK ^                |         |       |  -0.000 |    7.613 | 
     | reset_release_q_reg[1] | CK ^ -> QN v        | DFFRX1  | 0.971 |   0.971 |    8.584 | 
     | g6107__2398            | B v -> Y ^          | NOR2BXL | 0.216 |   1.187 |    8.800 | 
     |                        | src_ack_async[13] ^ |         | 0.000 |   1.187 |    8.800 | 
     +-------------------------------------------------------------------------------------+ 

