###############################################################
#  Generated by:      Cadence Innovus 23.14-s088_1
#  OS:                Linux x86_64(Host ID <REMOTE_HOST>)
#  Generated on:      Fri Aug 21 04:40:56 2026
#  Design:            aer_pending_direct_gray_scr_onehot_tree
#  Command:           report_timing \
#    -from [get_pins {req_meta_q_reg*/Q}] \
#    -to [get_pins {req_sync_q_reg*/D}] \
#    -max_paths 32 > [file join $report_dir postroute_cdc_setup_timing.rpt]
###############################################################
Path 1: MET Setup Check with Pin req_sync_q_reg[12]/CK 
Endpoint:   req_sync_q_reg[12]/D (v) checked with  leading edge of 'clk'
Beginpoint: req_meta_q_reg[12]/Q (v) triggered by  leading edge of '@'
Path Groups: {clk}
Analysis View: setup_view
Other End Arrival Time          0.175
- Setup                         0.260
+ Path Delay                    0.900
- Uncertainty                   0.200
= Required Time                 0.615
- Arrival Time                  0.315
= Slack Time                    0.300
     Clock Rise Edge                      0.000
     = Beginpoint Arrival Time            0.000
     +-----------------------------------------------------------------------------+ 
     |        Instance        |    Arc     |   Cell   | Delay | Arrival | Required | 
     |                        |            |          |       |  Time   |   Time   | 
     |------------------------+------------+----------+-------+---------+----------| 
     | req_meta_q_reg[12]     | Q v        |          |       |   0.000 |    0.300 | 
     | FE_PHC14_req_meta_q_12 | A v -> Y v | BUFX3    | 0.146 |   0.146 |    0.446 | 
     | FE_PHC52_req_meta_q_12 | A v -> Y v | CLKBUFX1 | 0.169 |   0.315 |    0.615 | 
     | req_sync_q_reg[12]     | D v        | DFFX1    | 0.000 |   0.315 |    0.615 | 
     +-----------------------------------------------------------------------------+ 
Path 2: MET Setup Check with Pin req_sync_q_reg[13]/CK 
Endpoint:   req_sync_q_reg[13]/D (v) checked with  leading edge of 'clk'
Beginpoint: req_meta_q_reg[13]/Q (v) triggered by  leading edge of '@'
Path Groups: {clk}
Analysis View: setup_view
Other End Arrival Time          0.175
- Setup                         0.242
+ Path Delay                    0.900
- Uncertainty                   0.200
= Required Time                 0.634
- Arrival Time                  0.334
= Slack Time                    0.300
     Clock Rise Edge                      0.000
     = Beginpoint Arrival Time            0.000
     +-----------------------------------------------------------------------------+ 
     |        Instance        |    Arc     |   Cell   | Delay | Arrival | Required | 
     |                        |            |          |       |  Time   |   Time   | 
     |------------------------+------------+----------+-------+---------+----------| 
     | req_meta_q_reg[13]     | Q v        |          |       |   0.000 |    0.300 | 
     | FE_PHC2_req_meta_q_13  | A v -> Y v | CLKBUFX1 | 0.184 |   0.184 |    0.484 | 
     | FE_PHC51_req_meta_q_13 | A v -> Y v | CLKBUFX8 | 0.150 |   0.334 |    0.634 | 
     | req_sync_q_reg[13]     | D v        | DFFX1    | 0.000 |   0.334 |    0.634 | 
     +-----------------------------------------------------------------------------+ 
Path 3: MET Setup Check with Pin req_sync_q_reg[4]/CK 
Endpoint:   req_sync_q_reg[4]/D (v) checked with  leading edge of 'clk'
Beginpoint: req_meta_q_reg[4]/Q (v) triggered by  leading edge of '@'
Path Groups: {clk}
Analysis View: setup_view
Other End Arrival Time          0.175
- Setup                         0.242
+ Path Delay                    0.900
- Uncertainty                   0.200
= Required Time                 0.633
- Arrival Time                  0.311
= Slack Time                    0.322
     Clock Rise Edge                      0.000
     = Beginpoint Arrival Time            0.000
     +----------------------------------------------------------------------------+ 
     |       Instance        |    Arc     |   Cell   | Delay | Arrival | Required | 
     |                       |            |          |       |  Time   |   Time   | 
     |-----------------------+------------+----------+-------+---------+----------| 
     | req_meta_q_reg[4]     | Q v        |          |       |   0.000 |    0.322 | 
     | FE_PHC13_req_meta_q_4 | A v -> Y v | CLKBUFX1 | 0.164 |   0.164 |    0.486 | 
     | FE_PHC48_req_meta_q_4 | A v -> Y v | BUFX3    | 0.147 |   0.311 |    0.633 | 
     | req_sync_q_reg[4]     | D v        | DFFX1    | 0.000 |   0.311 |    0.633 | 
     +----------------------------------------------------------------------------+ 
Path 4: MET Setup Check with Pin req_sync_q_reg[15]/CK 
Endpoint:   req_sync_q_reg[15]/D (v) checked with  leading edge of 'clk'
Beginpoint: req_meta_q_reg[15]/Q (v) triggered by  leading edge of '@'
Path Groups: {clk}
Analysis View: setup_view
Other End Arrival Time          0.175
- Setup                         0.241
+ Path Delay                    0.900
- Uncertainty                   0.200
= Required Time                 0.634
- Arrival Time                  0.310
= Slack Time                    0.324
     Clock Rise Edge                      0.000
     = Beginpoint Arrival Time            0.000
     +-----------------------------------------------------------------------------+ 
     |        Instance        |    Arc     |   Cell   | Delay | Arrival | Required | 
     |                        |            |          |       |  Time   |   Time   | 
     |------------------------+------------+----------+-------+---------+----------| 
     | req_meta_q_reg[15]     | Q v        |          |       |   0.000 |    0.324 | 
     | FE_PHC1_req_meta_q_15  | A v -> Y v | CLKBUFX1 | 0.167 |   0.167 |    0.491 | 
     | FE_PHC43_req_meta_q_15 | A v -> Y v | CLKBUFX8 | 0.143 |   0.310 |    0.634 | 
     | req_sync_q_reg[15]     | D v        | DFFX1    | 0.000 |   0.310 |    0.634 | 
     +-----------------------------------------------------------------------------+ 
Path 5: MET Setup Check with Pin req_sync_q_reg[9]/CK 
Endpoint:   req_sync_q_reg[9]/D (v) checked with  leading edge of 'clk'
Beginpoint: req_meta_q_reg[9]/Q (v) triggered by  leading edge of '@'
Path Groups: {clk}
Analysis View: setup_view
Other End Arrival Time          0.175
- Setup                         0.242
+ Path Delay                    0.900
- Uncertainty                   0.200
= Required Time                 0.633
- Arrival Time                  0.305
= Slack Time                    0.328
     Clock Rise Edge                      0.000
     = Beginpoint Arrival Time            0.000
     +----------------------------------------------------------------------------+ 
     |       Instance        |    Arc     |   Cell   | Delay | Arrival | Required | 
     |                       |            |          |       |  Time   |   Time   | 
     |-----------------------+------------+----------+-------+---------+----------| 
     | req_meta_q_reg[9]     | Q v        |          |       |   0.000 |    0.328 | 
     | FE_PHC3_req_meta_q_9  | A v -> Y v | CLKBUFX1 | 0.158 |   0.158 |    0.486 | 
     | FE_PHC42_req_meta_q_9 | A v -> Y v | BUFX3    | 0.147 |   0.305 |    0.633 | 
     | req_sync_q_reg[9]     | D v        | DFFX1    | 0.000 |   0.305 |    0.633 | 
     +----------------------------------------------------------------------------+ 
Path 6: MET Setup Check with Pin req_sync_q_reg[14]/CK 
Endpoint:   req_sync_q_reg[14]/D (v) checked with  leading edge of 'clk'
Beginpoint: req_meta_q_reg[14]/Q (v) triggered by  leading edge of '@'
Path Groups: {clk}
Analysis View: setup_view
Other End Arrival Time          0.174
- Setup                         0.247
+ Path Delay                    0.900
- Uncertainty                   0.200
= Required Time                 0.627
- Arrival Time                  0.299
= Slack Time                    0.328
     Clock Rise Edge                      0.000
     = Beginpoint Arrival Time            0.000
     +--------------------------------------------------------------------------+ 
     |        Instance        |    Arc     |  Cell | Delay | Arrival | Required | 
     |                        |            |       |       |  Time   |   Time   | 
     |------------------------+------------+-------+-------+---------+----------| 
     | req_meta_q_reg[14]     | Q v        |       |       |   0.000 |    0.328 | 
     | FE_PHC16_req_meta_q_14 | A v -> Y v | BUFX3 | 0.143 |   0.143 |    0.471 | 
     | FE_PHC41_req_meta_q_14 | A v -> Y v | BUFX2 | 0.156 |   0.298 |    0.626 | 
     | req_sync_q_reg[14]     | D v        | DFFX1 | 0.001 |   0.299 |    0.627 | 
     +--------------------------------------------------------------------------+ 
Path 7: MET Setup Check with Pin req_sync_q_reg[6]/CK 
Endpoint:   req_sync_q_reg[6]/D (v) checked with  leading edge of 'clk'
Beginpoint: req_meta_q_reg[6]/Q (v) triggered by  leading edge of '@'
Path Groups: {clk}
Analysis View: setup_view
Other End Arrival Time          0.175
- Setup                         0.242
+ Path Delay                    0.900
- Uncertainty                   0.200
= Required Time                 0.633
- Arrival Time                  0.302
= Slack Time                    0.331
     Clock Rise Edge                      0.000
     = Beginpoint Arrival Time            0.000
     +----------------------------------------------------------------------------+ 
     |       Instance        |    Arc     |   Cell   | Delay | Arrival | Required | 
     |                       |            |          |       |  Time   |   Time   | 
     |-----------------------+------------+----------+-------+---------+----------| 
     | req_meta_q_reg[6]     | Q v        |          |       |   0.000 |    0.331 | 
     | FE_PHC5_req_meta_q_6  | A v -> Y v | CLKBUFX1 | 0.157 |   0.157 |    0.488 | 
     | FE_PHC50_req_meta_q_6 | A v -> Y v | BUFX3    | 0.145 |   0.302 |    0.633 | 
     | req_sync_q_reg[6]     | D v        | DFFX1    | 0.000 |   0.302 |    0.633 | 
     +----------------------------------------------------------------------------+ 
Path 8: MET Setup Check with Pin req_sync_q_reg[0]/CK 
Endpoint:   req_sync_q_reg[0]/D (v) checked with  leading edge of 'clk'
Beginpoint: req_meta_q_reg[0]/Q (v) triggered by  leading edge of '@'
Path Groups: {clk}
Analysis View: setup_view
Other End Arrival Time          0.174
- Setup                         0.242
+ Path Delay                    0.900
- Uncertainty                   0.200
= Required Time                 0.632
- Arrival Time                  0.301
= Slack Time                    0.331
     Clock Rise Edge                      0.000
     = Beginpoint Arrival Time            0.000
     +----------------------------------------------------------------------------+ 
     |       Instance        |    Arc     |   Cell   | Delay | Arrival | Required | 
     |                       |            |          |       |  Time   |   Time   | 
     |-----------------------+------------+----------+-------+---------+----------| 
     | req_meta_q_reg[0]     | Q v        |          |       |   0.000 |    0.331 | 
     | FE_PHC6_req_meta_q_0  | A v -> Y v | CLKBUFX1 | 0.157 |   0.157 |    0.488 | 
     | FE_PHC38_req_meta_q_0 | A v -> Y v | BUFX3    | 0.144 |   0.301 |    0.632 | 
     | req_sync_q_reg[0]     | D v        | DFFX1    | 0.000 |   0.301 |    0.632 | 
     +----------------------------------------------------------------------------+ 
Path 9: MET Setup Check with Pin req_sync_q_reg[5]/CK 
Endpoint:   req_sync_q_reg[5]/D (v) checked with  leading edge of 'clk'
Beginpoint: req_meta_q_reg[5]/Q (v) triggered by  leading edge of '@'
Path Groups: {clk}
Analysis View: setup_view
Other End Arrival Time          0.175
- Setup                         0.250
+ Path Delay                    0.900
- Uncertainty                   0.200
= Required Time                 0.625
- Arrival Time                  0.294
= Slack Time                    0.331
     Clock Rise Edge                      0.000
     = Beginpoint Arrival Time            0.000
     +----------------------------------------------------------------------------+ 
     |       Instance        |    Arc     |   Cell   | Delay | Arrival | Required | 
     |                       |            |          |       |  Time   |   Time   | 
     |-----------------------+------------+----------+-------+---------+----------| 
     | req_meta_q_reg[5]     | Q v        |          |       |   0.000 |    0.331 | 
     | FE_PHC8_req_meta_q_5  | A v -> Y v | CLKBUFX1 | 0.148 |   0.148 |    0.480 | 
     | FE_PHC53_req_meta_q_5 | A v -> Y v | CLKBUFX1 | 0.146 |   0.294 |    0.625 | 
     | req_sync_q_reg[5]     | D v        | DFFX1    | 0.000 |   0.294 |    0.625 | 
     +----------------------------------------------------------------------------+ 
Path 10: MET Setup Check with Pin req_sync_q_reg[11]/CK 
Endpoint:   req_sync_q_reg[11]/D (v) checked with  leading edge of 'clk'
Beginpoint: req_meta_q_reg[11]/Q (v) triggered by  leading edge of '@'
Path Groups: {clk}
Analysis View: setup_view
Other End Arrival Time          0.175
- Setup                         0.243
+ Path Delay                    0.900
- Uncertainty                   0.200
= Required Time                 0.632
- Arrival Time                  0.297
= Slack Time                    0.335
     Clock Rise Edge                      0.000
     = Beginpoint Arrival Time            0.000
     +-----------------------------------------------------------------------------+ 
     |        Instance        |    Arc     |   Cell   | Delay | Arrival | Required | 
     |                        |            |          |       |  Time   |   Time   | 
     |------------------------+------------+----------+-------+---------+----------| 
     | req_meta_q_reg[11]     | Q v        |          |       |   0.000 |    0.335 | 
     | FE_PHC7_req_meta_q_11  | A v -> Y v | CLKBUFX1 | 0.148 |   0.147 |    0.483 | 
     | FE_PHC47_req_meta_q_11 | A v -> Y v | CLKBUFX4 | 0.150 |   0.297 |    0.632 | 
     | req_sync_q_reg[11]     | D v        | DFFX1    | 0.000 |   0.297 |    0.632 | 
     +-----------------------------------------------------------------------------+ 
Path 11: MET Setup Check with Pin req_sync_q_reg[3]/CK 
Endpoint:   req_sync_q_reg[3]/D (v) checked with  leading edge of 'clk'
Beginpoint: req_meta_q_reg[3]/Q (v) triggered by  leading edge of '@'
Path Groups: {clk}
Analysis View: setup_view
Other End Arrival Time          0.175
- Setup                         0.242
+ Path Delay                    0.900
- Uncertainty                   0.200
= Required Time                 0.633
- Arrival Time                  0.294
= Slack Time                    0.339
     Clock Rise Edge                      0.000
     = Beginpoint Arrival Time            0.000
     +----------------------------------------------------------------------------+ 
     |       Instance        |    Arc     |   Cell   | Delay | Arrival | Required | 
     |                       |            |          |       |  Time   |   Time   | 
     |-----------------------+------------+----------+-------+---------+----------| 
     | req_meta_q_reg[3]     | Q v        |          |       |   0.000 |    0.339 | 
     | FE_PHC15_req_meta_q_3 | A v -> Y v | CLKBUFX1 | 0.153 |   0.153 |    0.492 | 
     | FE_PHC49_req_meta_q_3 | A v -> Y v | BUFX3    | 0.141 |   0.294 |    0.633 | 
     | req_sync_q_reg[3]     | D v        | DFFX1    | 0.000 |   0.294 |    0.633 | 
     +----------------------------------------------------------------------------+ 
Path 12: MET Setup Check with Pin req_sync_q_reg[8]/CK 
Endpoint:   req_sync_q_reg[8]/D (v) checked with  leading edge of 'clk'
Beginpoint: req_meta_q_reg[8]/Q (v) triggered by  leading edge of '@'
Path Groups: {clk}
Analysis View: setup_view
Other End Arrival Time          0.175
- Setup                         0.250
+ Path Delay                    0.900
- Uncertainty                   0.200
= Required Time                 0.625
- Arrival Time                  0.284
= Slack Time                    0.341
     Clock Rise Edge                      0.000
     = Beginpoint Arrival Time            0.000
     +----------------------------------------------------------------------------+ 
     |       Instance        |    Arc     |   Cell   | Delay | Arrival | Required | 
     |                       |            |          |       |  Time   |   Time   | 
     |-----------------------+------------+----------+-------+---------+----------| 
     | req_meta_q_reg[8]     | Q v        |          |       |   0.000 |    0.341 | 
     | FE_PHC4_req_meta_q_8  | A v -> Y v | CLKBUFX1 | 0.141 |   0.141 |    0.482 | 
     | FE_PHC37_req_meta_q_8 | A v -> Y v | CLKBUFX1 | 0.142 |   0.284 |    0.625 | 
     | req_sync_q_reg[8]     | D v        | DFFX1    | 0.000 |   0.284 |    0.625 | 
     +----------------------------------------------------------------------------+ 
Path 13: MET Setup Check with Pin req_sync_q_reg[1]/CK 
Endpoint:   req_sync_q_reg[1]/D (v) checked with  leading edge of 'clk'
Beginpoint: req_meta_q_reg[1]/Q (v) triggered by  leading edge of '@'
Path Groups: {clk}
Analysis View: setup_view
Other End Arrival Time          0.173
- Setup                         0.243
+ Path Delay                    0.900
- Uncertainty                   0.200
= Required Time                 0.630
- Arrival Time                  0.285
= Slack Time                    0.345
     Clock Rise Edge                      0.000
     = Beginpoint Arrival Time            0.000
     +----------------------------------------------------------------------------+ 
     |       Instance        |    Arc     |   Cell   | Delay | Arrival | Required | 
     |                       |            |          |       |  Time   |   Time   | 
     |-----------------------+------------+----------+-------+---------+----------| 
     | req_meta_q_reg[1]     | Q v        |          |       |   0.000 |    0.345 | 
     | FE_PHC11_req_meta_q_1 | A v -> Y v | CLKBUFX1 | 0.141 |   0.140 |    0.486 | 
     | FE_PHC46_req_meta_q_1 | A v -> Y v | CLKBUFX4 | 0.144 |   0.285 |    0.630 | 
     | req_sync_q_reg[1]     | D v        | DFFX1    | 0.000 |   0.285 |    0.630 | 
     +----------------------------------------------------------------------------+ 
Path 14: MET Setup Check with Pin req_sync_q_reg[10]/CK 
Endpoint:   req_sync_q_reg[10]/D (v) checked with  leading edge of 'clk'
Beginpoint: req_meta_q_reg[10]/Q (v) triggered by  leading edge of '@'
Path Groups: {clk}
Analysis View: setup_view
Other End Arrival Time          0.175
- Setup                         0.249
+ Path Delay                    0.900
- Uncertainty                   0.200
= Required Time                 0.627
- Arrival Time                  0.280
= Slack Time                    0.347
     Clock Rise Edge                      0.000
     = Beginpoint Arrival Time            0.000
     +-----------------------------------------------------------------------------+ 
     |        Instance        |    Arc     |   Cell   | Delay | Arrival | Required | 
     |                        |            |          |       |  Time   |   Time   | 
     |------------------------+------------+----------+-------+---------+----------| 
     | req_meta_q_reg[10]     | Q v        |          |       |   0.000 |    0.347 | 
     | FE_PHC10_req_meta_q_10 | A v -> Y v | CLKBUFX1 | 0.143 |   0.143 |    0.491 | 
     | FE_PHC40_req_meta_q_10 | A v -> Y v | CLKBUFX1 | 0.136 |   0.280 |    0.627 | 
     | req_sync_q_reg[10]     | D v        | DFFX1    | 0.000 |   0.280 |    0.627 | 
     +-----------------------------------------------------------------------------+ 
Path 15: MET Setup Check with Pin req_sync_q_reg[2]/CK 
Endpoint:   req_sync_q_reg[2]/D (v) checked with  leading edge of 'clk'
Beginpoint: req_meta_q_reg[2]/Q (v) triggered by  leading edge of '@'
Path Groups: {clk}
Analysis View: setup_view
Other End Arrival Time          0.173
- Setup                         0.248
+ Path Delay                    0.900
- Uncertainty                   0.200
= Required Time                 0.625
- Arrival Time                  0.271
= Slack Time                    0.354
     Clock Rise Edge                      0.000
     = Beginpoint Arrival Time            0.000
     +----------------------------------------------------------------------------+ 
     |       Instance        |    Arc     |   Cell   | Delay | Arrival | Required | 
     |                       |            |          |       |  Time   |   Time   | 
     |-----------------------+------------+----------+-------+---------+----------| 
     | req_meta_q_reg[2]     | Q v        |          |       |   0.000 |    0.354 | 
     | FE_PHC12_req_meta_q_2 | A v -> Y v | CLKBUFX1 | 0.140 |   0.140 |    0.495 | 
     | FE_PHC39_req_meta_q_2 | A v -> Y v | CLKBUFX1 | 0.130 |   0.271 |    0.625 | 
     | req_sync_q_reg[2]     | D v        | DFFX1    | 0.000 |   0.271 |    0.625 | 
     +----------------------------------------------------------------------------+ 
Path 16: MET Setup Check with Pin req_sync_q_reg[7]/CK 
Endpoint:   req_sync_q_reg[7]/D (v) checked with  leading edge of 'clk'
Beginpoint: req_meta_q_reg[7]/Q (v) triggered by  leading edge of '@'
Path Groups: {clk}
Analysis View: setup_view
Other End Arrival Time          0.175
- Setup                         0.241
+ Path Delay                    0.900
- Uncertainty                   0.200
= Required Time                 0.634
- Arrival Time                  0.265
= Slack Time                    0.369
     Clock Rise Edge                      0.000
     = Beginpoint Arrival Time            0.000
     +-------------------------------------------------------------------------+ 
     |       Instance        |    Arc     |  Cell | Delay | Arrival | Required | 
     |                       |            |       |       |  Time   |   Time   | 
     |-----------------------+------------+-------+-------+---------+----------| 
     | req_meta_q_reg[7]     | Q v        |       |       |   0.000 |    0.369 | 
     | FE_PHC45_req_meta_q_7 | A v -> Y v | BUFX8 | 0.142 |   0.142 |    0.511 | 
     | FE_PHC9_req_meta_q_7  | A v -> Y v | BUFX3 | 0.123 |   0.265 |    0.634 | 
     | req_sync_q_reg[7]     | D v        | DFFX1 | 0.000 |   0.265 |    0.634 | 
     +-------------------------------------------------------------------------+ 

