###############################################################
#  Generated by:      Cadence Innovus 23.14-s088_1
#  OS:                Linux x86_64(Host ID <REMOTE_HOST>)
#  Generated on:      Fri Aug 21 04:40:57 2026
#  Design:            aer_pending_direct_gray_scr_onehot_tree
#  Command:           report_timing \
#    -from [get_pins {req_meta_q_reg*/Q}] \
#    -to [get_pins {req_sync_q_reg*/D}] \
#    -max_paths 32 > [file join $report_dir postroute_cdc_hold_timing.rpt]
###############################################################
Path 1: MET Hold Check with Pin req_sync_q_reg[1]/CK 
Endpoint:   req_sync_q_reg[1]/D (v) checked with  leading edge of 'clk'
Beginpoint: req_meta_q_reg[1]/Q (v) triggered by  leading edge of 'clk'
Path Groups: {clk}
Analysis View: hold_view
Other End Arrival Time          0.086
+ Hold                         -0.031
+ Phase Shift                   0.000
+ Uncertainty                   0.200
= Required Time                 0.255
  Arrival Time                  0.264
  Slack Time                    0.010
     Clock Rise Edge                 0.000
     + Clock Network Latency (Prop)  -0.001
     = Beginpoint Arrival Time       -0.001
     +-----------------------------------------------------------------------------+ 
     |       Instance        |     Arc     |   Cell   | Delay | Arrival | Required | 
     |                       |             |          |       |  Time   |   Time   | 
     |-----------------------+-------------+----------+-------+---------+----------| 
     | req_meta_q_reg[1]     | CK ^        |          |       |  -0.001 |   -0.011 | 
     | req_meta_q_reg[1]     | CK ^ -> Q v | DFFHQX1  | 0.134 |   0.133 |    0.123 | 
     | FE_PHC11_req_meta_q_1 | A v -> Y v  | CLKBUFX1 | 0.065 |   0.198 |    0.188 | 
     | FE_PHC46_req_meta_q_1 | A v -> Y v  | CLKBUFX4 | 0.066 |   0.264 |    0.255 | 
     | req_sync_q_reg[1]     | D v         | DFFX1    | 0.000 |   0.264 |    0.255 | 
     +-----------------------------------------------------------------------------+ 
Path 2: MET Hold Check with Pin req_sync_q_reg[5]/CK 
Endpoint:   req_sync_q_reg[5]/D (v) checked with  leading edge of 'clk'
Beginpoint: req_meta_q_reg[5]/Q (v) triggered by  leading edge of 'clk'
Path Groups: {clk}
Analysis View: hold_view
Other End Arrival Time          0.088
+ Hold                         -0.035
+ Phase Shift                   0.000
+ Uncertainty                   0.200
= Required Time                 0.252
  Arrival Time                  0.262
  Slack Time                    0.010
     Clock Rise Edge                 0.000
     + Clock Network Latency (Prop)  -0.002
     = Beginpoint Arrival Time       -0.002
     +-----------------------------------------------------------------------------+ 
     |       Instance        |     Arc     |   Cell   | Delay | Arrival | Required | 
     |                       |             |          |       |  Time   |   Time   | 
     |-----------------------+-------------+----------+-------+---------+----------| 
     | req_meta_q_reg[5]     | CK ^        |          |       |  -0.002 |   -0.012 | 
     | req_meta_q_reg[5]     | CK ^ -> Q v | DFFHQX1  | 0.127 |   0.125 |    0.115 | 
     | FE_PHC8_req_meta_q_5  | A v -> Y v  | CLKBUFX1 | 0.070 |   0.195 |    0.184 | 
     | FE_PHC53_req_meta_q_5 | A v -> Y v  | CLKBUFX1 | 0.068 |   0.262 |    0.252 | 
     | req_sync_q_reg[5]     | D v         | DFFX1    | 0.000 |   0.262 |    0.252 | 
     +-----------------------------------------------------------------------------+ 
Path 3: MET Hold Check with Pin req_sync_q_reg[9]/CK 
Endpoint:   req_sync_q_reg[9]/D (v) checked with  leading edge of 'clk'
Beginpoint: req_meta_q_reg[9]/Q (v) triggered by  leading edge of 'clk'
Path Groups: {clk}
Analysis View: hold_view
Other End Arrival Time          0.088
+ Hold                         -0.031
+ Phase Shift                   0.000
+ Uncertainty                   0.200
= Required Time                 0.257
  Arrival Time                  0.267
  Slack Time                    0.010
     Clock Rise Edge                 0.000
     + Clock Network Latency (Prop)  -0.002
     = Beginpoint Arrival Time       -0.002
     +-----------------------------------------------------------------------------+ 
     |       Instance        |     Arc     |   Cell   | Delay | Arrival | Required | 
     |                       |             |          |       |  Time   |   Time   | 
     |-----------------------+-------------+----------+-------+---------+----------| 
     | req_meta_q_reg[9]     | CK ^        |          |       |  -0.002 |   -0.012 | 
     | req_meta_q_reg[9]     | CK ^ -> Q v | DFFHQX1  | 0.130 |   0.128 |    0.118 | 
     | FE_PHC3_req_meta_q_9  | A v -> Y v  | CLKBUFX1 | 0.073 |   0.201 |    0.191 | 
     | FE_PHC42_req_meta_q_9 | A v -> Y v  | BUFX3    | 0.066 |   0.267 |    0.257 | 
     | req_sync_q_reg[9]     | D v         | DFFX1    | 0.000 |   0.267 |    0.257 | 
     +-----------------------------------------------------------------------------+ 
Path 4: MET Hold Check with Pin req_sync_q_reg[6]/CK 
Endpoint:   req_sync_q_reg[6]/D (v) checked with  leading edge of 'clk'
Beginpoint: req_meta_q_reg[6]/Q (v) triggered by  leading edge of 'clk'
Path Groups: {clk}
Analysis View: hold_view
Other End Arrival Time          0.087
+ Hold                         -0.031
+ Phase Shift                   0.000
+ Uncertainty                   0.200
= Required Time                 0.257
  Arrival Time                  0.269
  Slack Time                    0.012
     Clock Rise Edge                 0.000
     + Clock Network Latency (Prop)  -0.002
     = Beginpoint Arrival Time       -0.002
     +-----------------------------------------------------------------------------+ 
     |       Instance        |     Arc     |   Cell   | Delay | Arrival | Required | 
     |                       |             |          |       |  Time   |   Time   | 
     |-----------------------+-------------+----------+-------+---------+----------| 
     | req_meta_q_reg[6]     | CK ^        |          |       |  -0.002 |   -0.014 | 
     | req_meta_q_reg[6]     | CK ^ -> Q v | DFFHQX1  | 0.131 |   0.129 |    0.117 | 
     | FE_PHC5_req_meta_q_6  | A v -> Y v  | CLKBUFX1 | 0.074 |   0.203 |    0.191 | 
     | FE_PHC50_req_meta_q_6 | A v -> Y v  | BUFX3    | 0.066 |   0.269 |    0.257 | 
     | req_sync_q_reg[6]     | D v         | DFFX1    | 0.000 |   0.269 |    0.257 | 
     +-----------------------------------------------------------------------------+ 
Path 5: MET Hold Check with Pin req_sync_q_reg[15]/CK 
Endpoint:   req_sync_q_reg[15]/D (v) checked with  leading edge of 'clk'
Beginpoint: req_meta_q_reg[15]/Q (v) triggered by  leading edge of 'clk'
Path Groups: {clk}
Analysis View: hold_view
Other End Arrival Time          0.088
+ Hold                         -0.030
+ Phase Shift                   0.000
+ Uncertainty                   0.200
= Required Time                 0.258
  Arrival Time                  0.271
  Slack Time                    0.013
     Clock Rise Edge                 0.000
     + Clock Network Latency (Prop)  -0.002
     = Beginpoint Arrival Time       -0.002
     +------------------------------------------------------------------------------+ 
     |        Instance        |     Arc     |   Cell   | Delay | Arrival | Required | 
     |                        |             |          |       |  Time   |   Time   | 
     |------------------------+-------------+----------+-------+---------+----------| 
     | req_meta_q_reg[15]     | CK ^        |          |       |  -0.002 |   -0.015 | 
     | req_meta_q_reg[15]     | CK ^ -> Q v | DFFHQX1  | 0.127 |   0.125 |    0.112 | 
     | FE_PHC1_req_meta_q_15  | A v -> Y v  | CLKBUFX1 | 0.080 |   0.205 |    0.192 | 
     | FE_PHC43_req_meta_q_15 | A v -> Y v  | CLKBUFX8 | 0.066 |   0.271 |    0.258 | 
     | req_sync_q_reg[15]     | D v         | DFFX1    | 0.000 |   0.271 |    0.258 | 
     +------------------------------------------------------------------------------+ 
Path 6: MET Hold Check with Pin req_sync_q_reg[10]/CK 
Endpoint:   req_sync_q_reg[10]/D (v) checked with  leading edge of 'clk'
Beginpoint: req_meta_q_reg[10]/Q (v) triggered by  leading edge of 'clk'
Path Groups: {clk}
Analysis View: hold_view
Other End Arrival Time          0.088
+ Hold                         -0.035
+ Phase Shift                   0.000
+ Uncertainty                   0.200
= Required Time                 0.254
  Arrival Time                  0.267
  Slack Time                    0.013
     Clock Rise Edge                 0.000
     + Clock Network Latency (Prop)  -0.002
     = Beginpoint Arrival Time       -0.002
     +------------------------------------------------------------------------------+ 
     |        Instance        |     Arc     |   Cell   | Delay | Arrival | Required | 
     |                        |             |          |       |  Time   |   Time   | 
     |------------------------+-------------+----------+-------+---------+----------| 
     | req_meta_q_reg[10]     | CK ^        |          |       |  -0.002 |   -0.015 | 
     | req_meta_q_reg[10]     | CK ^ -> Q v | DFFHQX1  | 0.138 |   0.136 |    0.123 | 
     | FE_PHC10_req_meta_q_10 | A v -> Y v  | CLKBUFX1 | 0.067 |   0.203 |    0.190 | 
     | FE_PHC40_req_meta_q_10 | A v -> Y v  | CLKBUFX1 | 0.063 |   0.266 |    0.253 | 
     | req_sync_q_reg[10]     | D v         | DFFX1    | 0.000 |   0.267 |    0.254 | 
     +------------------------------------------------------------------------------+ 
Path 7: MET Hold Check with Pin req_sync_q_reg[8]/CK 
Endpoint:   req_sync_q_reg[8]/D (v) checked with  leading edge of 'clk'
Beginpoint: req_meta_q_reg[8]/Q (v) triggered by  leading edge of 'clk'
Path Groups: {clk}
Analysis View: hold_view
Other End Arrival Time          0.088
+ Hold                         -0.036
+ Phase Shift                   0.000
+ Uncertainty                   0.200
= Required Time                 0.252
  Arrival Time                  0.265
  Slack Time                    0.013
     Clock Rise Edge                 0.000
     + Clock Network Latency (Prop)  -0.002
     = Beginpoint Arrival Time       -0.002
     +-----------------------------------------------------------------------------+ 
     |       Instance        |     Arc     |   Cell   | Delay | Arrival | Required | 
     |                       |             |          |       |  Time   |   Time   | 
     |-----------------------+-------------+----------+-------+---------+----------| 
     | req_meta_q_reg[8]     | CK ^        |          |       |  -0.002 |   -0.015 | 
     | req_meta_q_reg[8]     | CK ^ -> Q v | DFFHQX1  | 0.135 |   0.133 |    0.120 | 
     | FE_PHC4_req_meta_q_8  | A v -> Y v  | CLKBUFX1 | 0.066 |   0.199 |    0.186 | 
     | FE_PHC37_req_meta_q_8 | A v -> Y v  | CLKBUFX1 | 0.067 |   0.265 |    0.252 | 
     | req_sync_q_reg[8]     | D v         | DFFX1    | 0.000 |   0.265 |    0.252 | 
     +-----------------------------------------------------------------------------+ 
Path 8: MET Hold Check with Pin req_sync_q_reg[11]/CK 
Endpoint:   req_sync_q_reg[11]/D (v) checked with  leading edge of 'clk'
Beginpoint: req_meta_q_reg[11]/Q (v) triggered by  leading edge of 'clk'
Path Groups: {clk}
Analysis View: hold_view
Other End Arrival Time          0.088
+ Hold                         -0.031
+ Phase Shift                   0.000
+ Uncertainty                   0.200
= Required Time                 0.257
  Arrival Time                  0.270
  Slack Time                    0.013
     Clock Rise Edge                 0.000
     + Clock Network Latency (Prop)  0.000
     = Beginpoint Arrival Time       0.000
     +------------------------------------------------------------------------------+ 
     |        Instance        |     Arc     |   Cell   | Delay | Arrival | Required | 
     |                        |             |          |       |  Time   |   Time   | 
     |------------------------+-------------+----------+-------+---------+----------| 
     | req_meta_q_reg[11]     | CK ^        |          |       |   0.000 |   -0.013 | 
     | req_meta_q_reg[11]     | CK ^ -> Q v | DFFHQX1  | 0.132 |   0.132 |    0.119 | 
     | FE_PHC7_req_meta_q_11  | A v -> Y v  | CLKBUFX1 | 0.069 |   0.202 |    0.188 | 
     | FE_PHC47_req_meta_q_11 | A v -> Y v  | CLKBUFX4 | 0.069 |   0.270 |    0.257 | 
     | req_sync_q_reg[11]     | D v         | DFFX1    | 0.000 |   0.270 |    0.257 | 
     +------------------------------------------------------------------------------+ 
Path 9: MET Hold Check with Pin req_sync_q_reg[2]/CK 
Endpoint:   req_sync_q_reg[2]/D (v) checked with  leading edge of 'clk'
Beginpoint: req_meta_q_reg[2]/Q (v) triggered by  leading edge of 'clk'
Path Groups: {clk}
Analysis View: hold_view
Other End Arrival Time          0.086
+ Hold                         -0.034
+ Phase Shift                   0.000
+ Uncertainty                   0.200
= Required Time                 0.252
  Arrival Time                  0.265
  Slack Time                    0.014
     Clock Rise Edge                 0.000
     + Clock Network Latency (Prop)  -0.001
     = Beginpoint Arrival Time       -0.001
     +-----------------------------------------------------------------------------+ 
     |       Instance        |     Arc     |   Cell   | Delay | Arrival | Required | 
     |                       |             |          |       |  Time   |   Time   | 
     |-----------------------+-------------+----------+-------+---------+----------| 
     | req_meta_q_reg[2]     | CK ^        |          |       |  -0.001 |   -0.015 | 
     | req_meta_q_reg[2]     | CK ^ -> Q v | DFFHQX1  | 0.141 |   0.140 |    0.126 | 
     | FE_PHC12_req_meta_q_2 | A v -> Y v  | CLKBUFX1 | 0.065 |   0.205 |    0.191 | 
     | FE_PHC39_req_meta_q_2 | A v -> Y v  | CLKBUFX1 | 0.061 |   0.265 |    0.252 | 
     | req_sync_q_reg[2]     | D v         | DFFX1    | 0.000 |   0.265 |    0.252 | 
     +-----------------------------------------------------------------------------+ 
Path 10: MET Hold Check with Pin req_sync_q_reg[0]/CK 
Endpoint:   req_sync_q_reg[0]/D (v) checked with  leading edge of 'clk'
Beginpoint: req_meta_q_reg[0]/Q (v) triggered by  leading edge of 'clk'
Path Groups: {clk}
Analysis View: hold_view
Other End Arrival Time          0.086
+ Hold                         -0.030
+ Phase Shift                   0.000
+ Uncertainty                   0.200
= Required Time                 0.256
  Arrival Time                  0.270
  Slack Time                    0.014
     Clock Rise Edge                 0.000
     + Clock Network Latency (Prop)  -0.003
     = Beginpoint Arrival Time       -0.003
     +-----------------------------------------------------------------------------+ 
     |       Instance        |     Arc     |   Cell   | Delay | Arrival | Required | 
     |                       |             |          |       |  Time   |   Time   | 
     |-----------------------+-------------+----------+-------+---------+----------| 
     | req_meta_q_reg[0]     | CK ^        |          |       |  -0.003 |   -0.017 | 
     | req_meta_q_reg[0]     | CK ^ -> Q v | DFFHQX1  | 0.133 |   0.130 |    0.117 | 
     | FE_PHC6_req_meta_q_0  | A v -> Y v  | CLKBUFX1 | 0.074 |   0.204 |    0.191 | 
     | FE_PHC38_req_meta_q_0 | A v -> Y v  | BUFX3    | 0.065 |   0.270 |    0.256 | 
     | req_sync_q_reg[0]     | D v         | DFFX1    | 0.000 |   0.270 |    0.256 | 
     +-----------------------------------------------------------------------------+ 
Path 11: MET Hold Check with Pin req_sync_q_reg[14]/CK 
Endpoint:   req_sync_q_reg[14]/D (v) checked with  leading edge of 'clk'
Beginpoint: req_meta_q_reg[14]/Q (v) triggered by  leading edge of 'clk'
Path Groups: {clk}
Analysis View: hold_view
Other End Arrival Time          0.087
+ Hold                         -0.034
+ Phase Shift                   0.000
+ Uncertainty                   0.200
= Required Time                 0.253
  Arrival Time                  0.270
  Slack Time                    0.017
     Clock Rise Edge                 0.000
     + Clock Network Latency (Prop)  -0.002
     = Beginpoint Arrival Time       -0.002
     +-----------------------------------------------------------------------------+ 
     |        Instance        |     Arc     |  Cell   | Delay | Arrival | Required | 
     |                        |             |         |       |  Time   |   Time   | 
     |------------------------+-------------+---------+-------+---------+----------| 
     | req_meta_q_reg[14]     | CK ^        |         |       |  -0.002 |   -0.019 | 
     | req_meta_q_reg[14]     | CK ^ -> Q v | DFFHQX1 | 0.137 |   0.136 |    0.119 | 
     | FE_PHC16_req_meta_q_14 | A v -> Y v  | BUFX3   | 0.065 |   0.200 |    0.183 | 
     | FE_PHC41_req_meta_q_14 | A v -> Y v  | BUFX2   | 0.070 |   0.270 |    0.253 | 
     | req_sync_q_reg[14]     | D v         | DFFX1   | 0.000 |   0.270 |    0.253 | 
     +-----------------------------------------------------------------------------+ 
Path 12: MET Hold Check with Pin req_sync_q_reg[7]/CK 
Endpoint:   req_sync_q_reg[7]/D (^) checked with  leading edge of 'clk'
Beginpoint: req_meta_q_reg[7]/Q (^) triggered by  leading edge of 'clk'
Path Groups: {clk}
Analysis View: hold_view
Other End Arrival Time          0.088
+ Hold                         -0.034
+ Phase Shift                   0.000
+ Uncertainty                   0.200
= Required Time                 0.254
  Arrival Time                  0.272
  Slack Time                    0.018
     Clock Rise Edge                 0.000
     + Clock Network Latency (Prop)  -0.002
     = Beginpoint Arrival Time       -0.002
     +----------------------------------------------------------------------------+ 
     |       Instance        |     Arc     |  Cell   | Delay | Arrival | Required | 
     |                       |             |         |       |  Time   |   Time   | 
     |-----------------------+-------------+---------+-------+---------+----------| 
     | req_meta_q_reg[7]     | CK ^        |         |       |  -0.002 |   -0.020 | 
     | req_meta_q_reg[7]     | CK ^ -> Q ^ | DFFHQX1 | 0.178 |   0.177 |    0.159 | 
     | FE_PHC45_req_meta_q_7 | A ^ -> Y ^  | BUFX8   | 0.050 |   0.226 |    0.208 | 
     | FE_PHC9_req_meta_q_7  | A ^ -> Y ^  | BUFX3   | 0.046 |   0.272 |    0.254 | 
     | req_sync_q_reg[7]     | D ^         | DFFX1   | 0.000 |   0.272 |    0.254 | 
     +----------------------------------------------------------------------------+ 
Path 13: MET Hold Check with Pin req_sync_q_reg[13]/CK 
Endpoint:   req_sync_q_reg[13]/D (v) checked with  leading edge of 'clk'
Beginpoint: req_meta_q_reg[13]/Q (v) triggered by  leading edge of 'clk'
Path Groups: {clk}
Analysis View: hold_view
Other End Arrival Time          0.088
+ Hold                         -0.030
+ Phase Shift                   0.000
+ Uncertainty                   0.200
= Required Time                 0.258
  Arrival Time                  0.281
  Slack Time                    0.023
     Clock Rise Edge                 0.000
     + Clock Network Latency (Prop)  -0.002
     = Beginpoint Arrival Time       -0.002
     +------------------------------------------------------------------------------+ 
     |        Instance        |     Arc     |   Cell   | Delay | Arrival | Required | 
     |                        |             |          |       |  Time   |   Time   | 
     |------------------------+-------------+----------+-------+---------+----------| 
     | req_meta_q_reg[13]     | CK ^        |          |       |  -0.002 |   -0.025 | 
     | req_meta_q_reg[13]     | CK ^ -> Q v | DFFHQX1  | 0.128 |   0.126 |    0.103 | 
     | FE_PHC2_req_meta_q_13  | A v -> Y v  | CLKBUFX1 | 0.085 |   0.212 |    0.189 | 
     | FE_PHC51_req_meta_q_13 | A v -> Y v  | CLKBUFX8 | 0.069 |   0.281 |    0.258 | 
     | req_sync_q_reg[13]     | D v         | DFFX1    | 0.000 |   0.281 |    0.258 | 
     +------------------------------------------------------------------------------+ 
Path 14: MET Hold Check with Pin req_sync_q_reg[3]/CK 
Endpoint:   req_sync_q_reg[3]/D (v) checked with  leading edge of 'clk'
Beginpoint: req_meta_q_reg[3]/Q (v) triggered by  leading edge of 'clk'
Path Groups: {clk}
Analysis View: hold_view
Other End Arrival Time          0.088
+ Hold                         -0.031
+ Phase Shift                   0.000
+ Uncertainty                   0.200
= Required Time                 0.257
  Arrival Time                  0.282
  Slack Time                    0.024
     Clock Rise Edge                 0.000
     + Clock Network Latency (Prop)  -0.000
     = Beginpoint Arrival Time       -0.000
     +-----------------------------------------------------------------------------+ 
     |       Instance        |     Arc     |   Cell   | Delay | Arrival | Required | 
     |                       |             |          |       |  Time   |   Time   | 
     |-----------------------+-------------+----------+-------+---------+----------| 
     | req_meta_q_reg[3]     | CK ^        |          |       |  -0.000 |   -0.025 | 
     | req_meta_q_reg[3]     | CK ^ -> Q v | DFFHQX1  | 0.147 |   0.147 |    0.122 | 
     | FE_PHC15_req_meta_q_3 | A v -> Y v  | CLKBUFX1 | 0.071 |   0.218 |    0.193 | 
     | FE_PHC49_req_meta_q_3 | A v -> Y v  | BUFX3    | 0.064 |   0.282 |    0.257 | 
     | req_sync_q_reg[3]     | D v         | DFFX1    | 0.000 |   0.282 |    0.257 | 
     +-----------------------------------------------------------------------------+ 
Path 15: MET Hold Check with Pin req_sync_q_reg[4]/CK 
Endpoint:   req_sync_q_reg[4]/D (v) checked with  leading edge of 'clk'
Beginpoint: req_meta_q_reg[4]/Q (v) triggered by  leading edge of 'clk'
Path Groups: {clk}
Analysis View: hold_view
Other End Arrival Time          0.088
+ Hold                         -0.031
+ Phase Shift                   0.000
+ Uncertainty                   0.200
= Required Time                 0.257
  Arrival Time                  0.285
  Slack Time                    0.028
     Clock Rise Edge                 0.000
     + Clock Network Latency (Prop)  -0.000
     = Beginpoint Arrival Time       -0.000
     +-----------------------------------------------------------------------------+ 
     |       Instance        |     Arc     |   Cell   | Delay | Arrival | Required | 
     |                       |             |          |       |  Time   |   Time   | 
     |-----------------------+-------------+----------+-------+---------+----------| 
     | req_meta_q_reg[4]     | CK ^        |          |       |  -0.000 |   -0.028 | 
     | req_meta_q_reg[4]     | CK ^ -> Q v | DFFHQX1  | 0.142 |   0.142 |    0.114 | 
     | FE_PHC13_req_meta_q_4 | A v -> Y v  | CLKBUFX1 | 0.077 |   0.219 |    0.191 | 
     | FE_PHC48_req_meta_q_4 | A v -> Y v  | BUFX3    | 0.067 |   0.285 |    0.257 | 
     | req_sync_q_reg[4]     | D v         | DFFX1    | 0.000 |   0.285 |    0.257 | 
     +-----------------------------------------------------------------------------+ 
Path 16: MET Hold Check with Pin req_sync_q_reg[12]/CK 
Endpoint:   req_sync_q_reg[12]/D (^) checked with  leading edge of 'clk'
Beginpoint: req_meta_q_reg[12]/Q (^) triggered by  leading edge of 'clk'
Path Groups: {clk}
Analysis View: hold_view
Other End Arrival Time          0.088
+ Hold                         -0.032
+ Phase Shift                   0.000
+ Uncertainty                   0.200
= Required Time                 0.256
  Arrival Time                  0.285
  Slack Time                    0.029
     Clock Rise Edge                 0.000
     + Clock Network Latency (Prop)  -0.002
     = Beginpoint Arrival Time       -0.002
     +------------------------------------------------------------------------------+ 
     |        Instance        |     Arc     |   Cell   | Delay | Arrival | Required | 
     |                        |             |          |       |  Time   |   Time   | 
     |------------------------+-------------+----------+-------+---------+----------| 
     | req_meta_q_reg[12]     | CK ^        |          |       |  -0.002 |   -0.031 | 
     | req_meta_q_reg[12]     | CK ^ -> Q ^ | DFFHQX1  | 0.154 |   0.152 |    0.123 | 
     | FE_PHC14_req_meta_q_12 | A ^ -> Y ^  | BUFX3    | 0.055 |   0.207 |    0.178 | 
     | FE_PHC52_req_meta_q_12 | A ^ -> Y ^  | CLKBUFX1 | 0.078 |   0.285 |    0.256 | 
     | req_sync_q_reg[12]     | D ^         | DFFX1    | 0.000 |   0.285 |    0.256 | 
     +------------------------------------------------------------------------------+ 

