*----------------------------------------------------------------------------------------
*	Innovus 23.14-s088_1 (64bit) 02/28/2025 12:25 (Linux 3.10.0-693.el7.x86_64)
*	
*
* 	Date & Time:	2026-Aug-21 04:40:58 (2026-Aug-20 19:40:58 GMT)
*
*----------------------------------------------------------------------------------------
*
*	Design: aer_pending_direct_gray_scr_onehot_tree
*
*	Liberty Libraries used: 
*	        setup_view: <REMOTE_HOME>/FPR/lib/slow.lib
*
*	Power Domain used: 
*              Rail:        VDD      Voltage:       1.62 
*
*       Power View : setup_view
*
*       User-Defined Activity : N.A.
*
*       Activity File: N.A.
*
*       Hierarchical Global Activity: N.A.
*
*       Global Activity: N.A.
*
*       Sequential Element Activity: 0.200000
*
*       Primary Input Activity: 0.200000
*
*       Default icg ratio: N.A.
*
*       Global Comb ClockGate Ratio: N.A.
*
*	Power Units = 1mW
*
*	Time Units = 1e-09 secs 
*
*       report_power -outfile <REMOTE_HOME>/aer_2026/p9_oht_hold_sweep_20260821_0417/hold_0p012/reports/p9oht_pnr/postroute_power.rpt
*
-----------------------------------------------------------------------------------------


Total Power 
-----------------------------------------------------------------------------------------
Total Internal Power:        0.60588276 	   78.4140%
Total Switching Power:       0.16655425 	   21.5556%
Total Leakage Power:         0.00023485 	    0.0304%
Total Power:                 0.77267187 
-----------------------------------------------------------------------------------------


Group                           Internal   Switching     Leakage       Total  Percentage 
                                Power      Power         Power         Power  (%)        
-----------------------------------------------------------------------------------------
Sequential                        0.4941     0.03572   0.0001225      0.5299       68.58 
Macro                                  0           0           0           0           0 
IO                                     0           0           0           0           0 
Combinational                    0.06478     0.04787   0.0001061      0.1128       14.59 
Clock (Combinational)            0.04704     0.08297   6.339e-06        0.13       16.83 
Clock (Sequential)                     0           0           0           0           0 
-----------------------------------------------------------------------------------------
Total                             0.6059      0.1666   0.0002349      0.7727         100 
-----------------------------------------------------------------------------------------


Rail                  Voltage   Internal   Switching     Leakage       Total  Percentage 
                                Power      Power         Power         Power  (%)        
-----------------------------------------------------------------------------------------
VDD                      1.62     0.6059      0.1666   0.0002349      0.7727         100 


Clock                           Internal   Switching     Leakage       Total  Percentage 
                                Power      Power         Power         Power  (%)        
-----------------------------------------------------------------------------------------
clk                              0.04704     0.08297   6.339e-06        0.13       16.83 
-----------------------------------------------------------------------------------------
Total (excluding duplicates)     0.04704     0.08297   6.339e-06        0.13       16.83 
-----------------------------------------------------------------------------------------
Clock: clk
Clock Period: 0.010000 usec 
Clock Toggle Rate:   200.0000 Mhz 
Clock Static Probability:  0.5000



-----------------------------------------------------------------------------------------
*	Power Distribution Summary: 
*                Highest Average Power:       CTS_ccl_a_buf_00001 (CLKBUFX20):             0.13 
*                Highest Leakage Power:       CTS_ccl_a_buf_00001 (CLKBUFX20):        6.339e-06 
*          Total Cap:      3.37949e-12 F
*          Total instances in design:   290
*          Total instances in design with no power:     0
*          Total instances in design with no activity:     0
*          Total Fillers and Decap:     0
-----------------------------------------------------------------------------------------

