###############################################################
#  Generated by:      Cadence Innovus 23.14-s088_1
#  OS:                Linux x86_64(Host ID <REMOTE_HOST>)
#  Generated on:      Fri Aug 21 04:40:58 2026
#  Design:            aer_pending_direct_gray_scr_onehot_tree
#  Command:           report_ccopt_clock_trees -summary -num_cap_violating_pins 20 -file <REMOTE_HOME>/aer_2026/p9_oht_hold_sweep_20260821_0417/hold_0p012/reports/p9oht_pnr/postroute_clock_tree.rpt
###############################################################

Clock DAG stats:
================

--------------------------------------------------------
Cell type                 Count    Area      Capacitance
--------------------------------------------------------
Buffers                     1      79.834       0.030
Inverters                   0       0.000       0.000
Integrated Clock Gates      0       0.000       0.000
Discrete Clock Gates        0       0.000       0.000
Clock Logic                 0       0.000       0.000
All                         1      79.834       0.030
--------------------------------------------------------

Clock DAG miscellaneous counts:
===============================

------------------------------
Type                     Count
------------------------------
Roots                      1
Preserved Ports            0
Multiple Clock Inputs      0
------------------------------


Clock DAG sink counts:
======================

-------------------------
Sink type           Count
-------------------------
Regular              75
Enable Latch          0
Load Capacitance      0
Antenna Diode         0
Node Sink             0
Total                75
-------------------------


Clock DAG wire lengths:
=======================

--------------------
Type     Wire Length
--------------------
Top          0.000
Trunk       52.810
Leaf       686.080
Total      738.890
--------------------


Clock DAG hp wire lengths:
==========================

-----------------------
Type     hp Wire Length
-----------------------
Top           0.000
Trunk         0.000
Leaf        181.800
Total       181.800
-----------------------


Clock DAG capacitances:
=======================

--------------------------------
Type     Gate     Wire     Total
--------------------------------
Top      0.000    0.000    0.000
Trunk    0.030    0.006    0.037
Leaf     0.216    0.100    0.316
Total    0.247    0.106    0.353
--------------------------------


Clock DAG sink capacitances:
============================

-----------------------------------------------
Total    Average    Std. Dev.    Min      Max
-----------------------------------------------
0.216     0.003       0.000      0.003    0.003
-----------------------------------------------


Clock DAG net violations:
=========================

None


Clock DAG primary half-corner transition distribution:
======================================================

--------------------------------------------------------------------------------------------------------------------------------------------------------------
Net Type    Target    Count    Average    Std. Dev.    Min      Max      Distribution                                                              Over Target
--------------------------------------------------------------------------------------------------------------------------------------------------------------
Trunk       0.398       1       0.004       0.000      0.004    0.004    {1 <= 0.239ns, 0 <= 0.318ns, 0 <= 0.358ns, 0 <= 0.378ns, 0 <= 0.398ns}         -
Leaf        0.398       1       0.150       0.000      0.150    0.150    {1 <= 0.239ns, 0 <= 0.318ns, 0 <= 0.358ns, 0 <= 0.378ns, 0 <= 0.398ns}         -
--------------------------------------------------------------------------------------------------------------------------------------------------------------


Clock DAG library cell distribution:
====================================

------------------------------------------
Name         Type      Inst     Inst Area 
                       Count    (um^2)
------------------------------------------
CLKBUFX20    buffer      1        79.834
------------------------------------------



Please note that the following tables reflect only the defined clock trees, so the flop counts might not include all flops in your design.

Clock Tree Summary:
===================

---------------------------------------------------------------------------------------------------------------------
Clock Tree  Clock  Bufs  Invs  Other  Max       Max     Max     Max          Standard   Wire   Gate   Clock Tree Root
Name        Gates              Clock  Non-leaf  Leaf    Length  Source-sink  cell area  cap    cap    
                               Cells  Fanout    Fanout  (um)    Resistance   (um^2)     (pF)   (pF)   
                                                                (Ohms)                                
---------------------------------------------------------------------------------------------------------------------
clk           0     1     0      0       1        75    139.38    772.273     79.834    0.106  0.247  clk
---------------------------------------------------------------------------------------------------------------------

Clock Sink Summary:
===================

-------------------------------------------------------------------------------------------------------------------------------------------
Clock Tree  Explicit      Implicit      Explicit     Implicit     Explicit   Implicit   Posedge  Negedge  Memory  Enable  Non enable  Other
Name        exclude pins  exclude pins  ignore pins  ignore pins  stop pins  stop pins  Flops    Flops    Clock   Latch   Latch       Sinks
                                                                                                          Pins    Sinks   Sinks       
-------------------------------------------------------------------------------------------------------------------------------------------
clk              0             0             0            0           0          0        75        0       0       0         0         0
-------------------------------------------------------------------------------------------------------------------------------------------

Summary across all clock trees:
===============================

------------------------------------------------------------------------------------------------------------
Clock  Bufs  Invs  Other  Max       Average   Max     Average  Max      Max          Standard   Wire   Gate
Gates              Clock  Non-leaf  Non-leaf  Leaf    Leaf     Length   Source-sink  cell area  cap    cap
                   Cells  Fanout    Fanout    Fanout  Fanout   (um)     Resistance   (um^2)     (pF)   (pF)
                                                                        (Ohms)                         
------------------------------------------------------------------------------------------------------------
  0     1     0      0       1         1        75      75     139.380    77.227      79.834    0.106  0.247
------------------------------------------------------------------------------------------------------------

Clock Sink Summary across all clock trees:
==========================================

-------------------------------------------------------------------------------------------------------------------------------
Explicit      Implicit      Explicit     Implicit     Explicit   Implicit   Posedge  Negedge  Memory  Enable  Non enable  Other
exclude pins  exclude pins  ignore pins  ignore pins  stop pins  stop pins  Flops    Flops    Clock   Latch   Latch       Sinks
                                                                                              Pins    Sinks   Sinks       
-------------------------------------------------------------------------------------------------------------------------------
     0             0             0            0           0          0        75        0       0       0         0         0
-------------------------------------------------------------------------------------------------------------------------------

Physical metrics across all clock trees:
========================================

-----------------------------------------------------------------------
Metric                               Minimum  Average  Maximum  Std.dev
-----------------------------------------------------------------------
Source-sink routed net length (um)   52.810    96.095  139.380  43.285
Source-sink manhattan distance (um)  52.950   100.125  147.300  47.175
Source-sink resistance (Ohm)         27.511    52.369   77.227  24.858
-----------------------------------------------------------------------

Transition distribution for half-corner corner_slow:setup.late:
===============================================================

--------------------------------------------------------------------------------------------------------------------------------------------------------------
Net Type    Target    Count    Average    Std. Dev.    Min      Max      Distribution                                                              Over Target
--------------------------------------------------------------------------------------------------------------------------------------------------------------
Trunk       0.398       1       0.004       0.000      0.004    0.004    {1 <= 0.239ns, 0 <= 0.318ns, 0 <= 0.358ns, 0 <= 0.378ns, 0 <= 0.398ns}         -
Leaf        0.398       1       0.150       0.000      0.150    0.150    {1 <= 0.239ns, 0 <= 0.318ns, 0 <= 0.358ns, 0 <= 0.378ns, 0 <= 0.398ns}         -
--------------------------------------------------------------------------------------------------------------------------------------------------------------

Count of violations across all clock trees:
===========================================

---------------------------------------------------------------------------------------
Clock Tree  # Max capacitance  # Max resistance  # Max length  # Max fanout  # Slew
Name        violations         violations        violations    violations    violations
---------------------------------------------------------------------------------------
clk                 0                 0               0             0            0
---------------------------------------------------------------------------------------
Total               0                 0               0             0            0
---------------------------------------------------------------------------------------

Note the above table per clock tree is based on CCOpt clock tree view. The violations are counted across half corners.

Found a total of 0 clock tree pins with max capacitance violations.
Found a total of 0 clock tree nets with max resistance violations.
Found a total of 0 clock tree nets with max length violations.
Found a total of 0 clock tree nets with max fanout violations.
Found a total of 0 clock tree pins with a slew violation.

Clock Timing Summary:
=====================

Target and measured clock slews (in ns):

--------------------------------------------------------------------------------------------------------------------------------------------------
Clock tree  Timing Corner            Worst Rising  Worst Falling  Worst Rising  Worst Falling  Leaf Slew      Leaf Slew  Trunk Slew     Trunk Slew
                                     Leaf Slew     Leaf Slew      Trunk Slew    Trunk Slew     Target Type    Target     Target Type    Target
--------------------------------------------------------------------------------------------------------------------------------------------------
clk         corner_slow:setup.early     0.150          0.136         0.004          0.004      ignored            -      ignored            -
clk         corner_slow:setup.late      0.150          0.136         0.004          0.004      auto computed   0.398     auto computed   0.398
clk         corner_fast:hold.early      0.081          0.074         0.004          0.004      ignored            -      ignored            -
clk         corner_fast:hold.late       0.081          0.074         0.004          0.004      ignored            -      ignored            -
--------------------------------------------------------------------------------------------------------------------------------------------------

* - indicates that target was not met.

auto extracted - target was extracted from SDC.
auto computed - target was computed when balancing trees.

Total Transition Slacks Summary:
================================

-------------------------------------------------------------------------------------------------
Total       Total Leaf    Total        Total Leaf    Mean        Median      Std.Dev     Worst
Overslew    Overslew      Underslew    Underslew     Overslew    Overslew    Overslew    Overslew
-------------------------------------------------------------------------------------------------
 0.000        0.000        -0.642        -0.248       0.000       0.000       0.000       0.000
-------------------------------------------------------------------------------------------------

Transition times measured in the half-corner corner_slow:setup.late

Top Underslews:

-------------------------------------
Driving node           Underslew (ns)
-------------------------------------
clk                        -0.394
CTS_ccl_a_buf_00001        -0.248
-------------------------------------

