###############################################################
#  Generated by:      Cadence Innovus 23.14-s088_1
#  OS:                Linux x86_64(Host ID <REMOTE_HOST>)
#  Generated on:      Fri Aug 21 04:40:57 2026
#  Design:            aer_pending_direct_gray_scr_onehot_tree
#  Command:           report_timing -check_type removal -max_paths 20 > [file join $report_dir postroute_removal_timing.rpt]
###############################################################
Path 1: MET Removal Check with Pin reset_release_q_reg[1]/CK 
Endpoint:   reset_release_q_reg[1]/RN (^) checked with  leading edge of 'clk'
Beginpoint: rst_n                     (^) triggered by  leading edge of '@'
Path Groups: {async_default}
Analysis View: hold_view
Other End Arrival Time          0.086
+ Removal                      -0.026
+ Phase Shift                   0.000
+ Uncertainty                   0.200
= Required Time                 0.260
  Arrival Time                  0.285
  Slack Time                    0.025
     Clock Rise Edge                      0.000
     + Input Delay                        0.000
     = Beginpoint Arrival Time            0.000
     +---------------------------------------------------------------------------+ 
     |        Instance        |    Arc     |  Cell  | Delay | Arrival | Required | 
     |                        |            |        |       |  Time   |   Time   | 
     |------------------------+------------+--------+-------+---------+----------| 
     |                        | rst_n ^    |        |       |   0.000 |   -0.025 | 
     | FE_PHC18_rst_n         | A ^ -> Y ^ | BUFX3  | 0.045 |   0.045 |    0.020 | 
     | FE_PHC0_rst_n          | A ^ -> Y ^ | DLY2X1 | 0.240 |   0.285 |    0.260 | 
     | reset_release_q_reg[1] | RN ^       | DFFRX1 | 0.000 |   0.285 |    0.260 | 
     +---------------------------------------------------------------------------+ 
Path 2: MET Removal Check with Pin reset_release_q_reg[0]/CK 
Endpoint:   reset_release_q_reg[0]/RN (^) checked with  leading edge of 'clk'
Beginpoint: rst_n                     (^) triggered by  leading edge of '@'
Path Groups: {async_default}
Analysis View: hold_view
Other End Arrival Time          0.084
+ Removal                      -0.031
+ Phase Shift                   0.000
+ Uncertainty                   0.200
= Required Time                 0.253
  Arrival Time                  0.285
  Slack Time                    0.033
     Clock Rise Edge                      0.000
     + Input Delay                        0.000
     = Beginpoint Arrival Time            0.000
     +-----------------------------------------------------------------------------+ 
     |        Instance        |    Arc     |   Cell   | Delay | Arrival | Required | 
     |                        |            |          |       |  Time   |   Time   | 
     |------------------------+------------+----------+-------+---------+----------| 
     |                        | rst_n ^    |          |       |   0.000 |   -0.033 | 
     | FE_PHC18_rst_n         | A ^ -> Y ^ | BUFX3    | 0.045 |   0.045 |    0.013 | 
     | FE_PHC0_rst_n          | A ^ -> Y ^ | DLY2X1   | 0.240 |   0.285 |    0.253 | 
     | reset_release_q_reg[0] | RN ^       | DFFRHQX1 | 0.000 |   0.285 |    0.253 | 
     +-----------------------------------------------------------------------------+ 

