###############################################################
#  Generated by:      Cadence Innovus 23.14-s088_1
#  OS:                Linux x86_64(Host ID <REMOTE_HOST>)
#  Generated on:      Fri Aug 21 04:40:56 2026
#  Design:            aer_pending_direct_gray_scr_onehot_tree
#  Command:           report_timing -max_paths 50 > [file join $report_dir postroute_hold_timing.rpt]
###############################################################
Path 1: MET Hold Check with Pin req_sync_q_reg[1]/CK 
Endpoint:   req_sync_q_reg[1]/D (v) checked with  leading edge of 'clk'
Beginpoint: req_meta_q_reg[1]/Q (v) triggered by  leading edge of 'clk'
Path Groups: {clk}
Analysis View: hold_view
Other End Arrival Time          0.086
+ Hold                         -0.031
+ Phase Shift                   0.000
+ Uncertainty                   0.200
= Required Time                 0.255
  Arrival Time                  0.264
  Slack Time                    0.010
     Clock Rise Edge                 0.000
     + Clock Network Latency (Prop)  -0.001
     = Beginpoint Arrival Time       -0.001
     +-----------------------------------------------------------------------------+ 
     |       Instance        |     Arc     |   Cell   | Delay | Arrival | Required | 
     |                       |             |          |       |  Time   |   Time   | 
     |-----------------------+-------------+----------+-------+---------+----------| 
     | req_meta_q_reg[1]     | CK ^        |          |       |  -0.001 |   -0.011 | 
     | req_meta_q_reg[1]     | CK ^ -> Q v | DFFHQX1  | 0.134 |   0.133 |    0.123 | 
     | FE_PHC11_req_meta_q_1 | A v -> Y v  | CLKBUFX1 | 0.065 |   0.198 |    0.188 | 
     | FE_PHC46_req_meta_q_1 | A v -> Y v  | CLKBUFX4 | 0.066 |   0.264 |    0.255 | 
     | req_sync_q_reg[1]     | D v         | DFFX1    | 0.000 |   0.264 |    0.255 | 
     +-----------------------------------------------------------------------------+ 
Path 2: MET Hold Check with Pin req_sync_q_reg[5]/CK 
Endpoint:   req_sync_q_reg[5]/D (v) checked with  leading edge of 'clk'
Beginpoint: req_meta_q_reg[5]/Q (v) triggered by  leading edge of 'clk'
Path Groups: {clk}
Analysis View: hold_view
Other End Arrival Time          0.088
+ Hold                         -0.035
+ Phase Shift                   0.000
+ Uncertainty                   0.200
= Required Time                 0.252
  Arrival Time                  0.262
  Slack Time                    0.010
     Clock Rise Edge                 0.000
     + Clock Network Latency (Prop)  -0.002
     = Beginpoint Arrival Time       -0.002
     +-----------------------------------------------------------------------------+ 
     |       Instance        |     Arc     |   Cell   | Delay | Arrival | Required | 
     |                       |             |          |       |  Time   |   Time   | 
     |-----------------------+-------------+----------+-------+---------+----------| 
     | req_meta_q_reg[5]     | CK ^        |          |       |  -0.002 |   -0.012 | 
     | req_meta_q_reg[5]     | CK ^ -> Q v | DFFHQX1  | 0.127 |   0.125 |    0.115 | 
     | FE_PHC8_req_meta_q_5  | A v -> Y v  | CLKBUFX1 | 0.070 |   0.195 |    0.184 | 
     | FE_PHC53_req_meta_q_5 | A v -> Y v  | CLKBUFX1 | 0.068 |   0.262 |    0.252 | 
     | req_sync_q_reg[5]     | D v         | DFFX1    | 0.000 |   0.262 |    0.252 | 
     +-----------------------------------------------------------------------------+ 
Path 3: MET Hold Check with Pin req_sync_q_reg[9]/CK 
Endpoint:   req_sync_q_reg[9]/D (v) checked with  leading edge of 'clk'
Beginpoint: req_meta_q_reg[9]/Q (v) triggered by  leading edge of 'clk'
Path Groups: {clk}
Analysis View: hold_view
Other End Arrival Time          0.088
+ Hold                         -0.031
+ Phase Shift                   0.000
+ Uncertainty                   0.200
= Required Time                 0.257
  Arrival Time                  0.267
  Slack Time                    0.010
     Clock Rise Edge                 0.000
     + Clock Network Latency (Prop)  -0.002
     = Beginpoint Arrival Time       -0.002
     +-----------------------------------------------------------------------------+ 
     |       Instance        |     Arc     |   Cell   | Delay | Arrival | Required | 
     |                       |             |          |       |  Time   |   Time   | 
     |-----------------------+-------------+----------+-------+---------+----------| 
     | req_meta_q_reg[9]     | CK ^        |          |       |  -0.002 |   -0.012 | 
     | req_meta_q_reg[9]     | CK ^ -> Q v | DFFHQX1  | 0.130 |   0.128 |    0.118 | 
     | FE_PHC3_req_meta_q_9  | A v -> Y v  | CLKBUFX1 | 0.073 |   0.201 |    0.191 | 
     | FE_PHC42_req_meta_q_9 | A v -> Y v  | BUFX3    | 0.066 |   0.267 |    0.257 | 
     | req_sync_q_reg[9]     | D v         | DFFX1    | 0.000 |   0.267 |    0.257 | 
     +-----------------------------------------------------------------------------+ 
Path 4: MET Hold Check with Pin req_sync_q_reg[6]/CK 
Endpoint:   req_sync_q_reg[6]/D (v) checked with  leading edge of 'clk'
Beginpoint: req_meta_q_reg[6]/Q (v) triggered by  leading edge of 'clk'
Path Groups: {clk}
Analysis View: hold_view
Other End Arrival Time          0.087
+ Hold                         -0.031
+ Phase Shift                   0.000
+ Uncertainty                   0.200
= Required Time                 0.257
  Arrival Time                  0.269
  Slack Time                    0.012
     Clock Rise Edge                 0.000
     + Clock Network Latency (Prop)  -0.002
     = Beginpoint Arrival Time       -0.002
     +-----------------------------------------------------------------------------+ 
     |       Instance        |     Arc     |   Cell   | Delay | Arrival | Required | 
     |                       |             |          |       |  Time   |   Time   | 
     |-----------------------+-------------+----------+-------+---------+----------| 
     | req_meta_q_reg[6]     | CK ^        |          |       |  -0.002 |   -0.014 | 
     | req_meta_q_reg[6]     | CK ^ -> Q v | DFFHQX1  | 0.131 |   0.129 |    0.117 | 
     | FE_PHC5_req_meta_q_6  | A v -> Y v  | CLKBUFX1 | 0.074 |   0.203 |    0.191 | 
     | FE_PHC50_req_meta_q_6 | A v -> Y v  | BUFX3    | 0.066 |   0.269 |    0.257 | 
     | req_sync_q_reg[6]     | D v         | DFFX1    | 0.000 |   0.269 |    0.257 | 
     +-----------------------------------------------------------------------------+ 
Path 5: MET Hold Check with Pin req_sync_q_reg[15]/CK 
Endpoint:   req_sync_q_reg[15]/D (v) checked with  leading edge of 'clk'
Beginpoint: req_meta_q_reg[15]/Q (v) triggered by  leading edge of 'clk'
Path Groups: {clk}
Analysis View: hold_view
Other End Arrival Time          0.088
+ Hold                         -0.030
+ Phase Shift                   0.000
+ Uncertainty                   0.200
= Required Time                 0.258
  Arrival Time                  0.271
  Slack Time                    0.013
     Clock Rise Edge                 0.000
     + Clock Network Latency (Prop)  -0.002
     = Beginpoint Arrival Time       -0.002
     +------------------------------------------------------------------------------+ 
     |        Instance        |     Arc     |   Cell   | Delay | Arrival | Required | 
     |                        |             |          |       |  Time   |   Time   | 
     |------------------------+-------------+----------+-------+---------+----------| 
     | req_meta_q_reg[15]     | CK ^        |          |       |  -0.002 |   -0.015 | 
     | req_meta_q_reg[15]     | CK ^ -> Q v | DFFHQX1  | 0.127 |   0.125 |    0.112 | 
     | FE_PHC1_req_meta_q_15  | A v -> Y v  | CLKBUFX1 | 0.080 |   0.205 |    0.192 | 
     | FE_PHC43_req_meta_q_15 | A v -> Y v  | CLKBUFX8 | 0.066 |   0.271 |    0.258 | 
     | req_sync_q_reg[15]     | D v         | DFFX1    | 0.000 |   0.271 |    0.258 | 
     +------------------------------------------------------------------------------+ 
Path 6: MET Hold Check with Pin req_sync_q_reg[10]/CK 
Endpoint:   req_sync_q_reg[10]/D (v) checked with  leading edge of 'clk'
Beginpoint: req_meta_q_reg[10]/Q (v) triggered by  leading edge of 'clk'
Path Groups: {clk}
Analysis View: hold_view
Other End Arrival Time          0.088
+ Hold                         -0.035
+ Phase Shift                   0.000
+ Uncertainty                   0.200
= Required Time                 0.254
  Arrival Time                  0.267
  Slack Time                    0.013
     Clock Rise Edge                 0.000
     + Clock Network Latency (Prop)  -0.002
     = Beginpoint Arrival Time       -0.002
     +------------------------------------------------------------------------------+ 
     |        Instance        |     Arc     |   Cell   | Delay | Arrival | Required | 
     |                        |             |          |       |  Time   |   Time   | 
     |------------------------+-------------+----------+-------+---------+----------| 
     | req_meta_q_reg[10]     | CK ^        |          |       |  -0.002 |   -0.015 | 
     | req_meta_q_reg[10]     | CK ^ -> Q v | DFFHQX1  | 0.138 |   0.136 |    0.123 | 
     | FE_PHC10_req_meta_q_10 | A v -> Y v  | CLKBUFX1 | 0.067 |   0.203 |    0.190 | 
     | FE_PHC40_req_meta_q_10 | A v -> Y v  | CLKBUFX1 | 0.063 |   0.266 |    0.253 | 
     | req_sync_q_reg[10]     | D v         | DFFX1    | 0.000 |   0.267 |    0.254 | 
     +------------------------------------------------------------------------------+ 
Path 7: MET Hold Check with Pin req_sync_q_reg[8]/CK 
Endpoint:   req_sync_q_reg[8]/D (v) checked with  leading edge of 'clk'
Beginpoint: req_meta_q_reg[8]/Q (v) triggered by  leading edge of 'clk'
Path Groups: {clk}
Analysis View: hold_view
Other End Arrival Time          0.088
+ Hold                         -0.036
+ Phase Shift                   0.000
+ Uncertainty                   0.200
= Required Time                 0.252
  Arrival Time                  0.265
  Slack Time                    0.013
     Clock Rise Edge                 0.000
     + Clock Network Latency (Prop)  -0.002
     = Beginpoint Arrival Time       -0.002
     +-----------------------------------------------------------------------------+ 
     |       Instance        |     Arc     |   Cell   | Delay | Arrival | Required | 
     |                       |             |          |       |  Time   |   Time   | 
     |-----------------------+-------------+----------+-------+---------+----------| 
     | req_meta_q_reg[8]     | CK ^        |          |       |  -0.002 |   -0.015 | 
     | req_meta_q_reg[8]     | CK ^ -> Q v | DFFHQX1  | 0.135 |   0.133 |    0.120 | 
     | FE_PHC4_req_meta_q_8  | A v -> Y v  | CLKBUFX1 | 0.066 |   0.199 |    0.186 | 
     | FE_PHC37_req_meta_q_8 | A v -> Y v  | CLKBUFX1 | 0.067 |   0.265 |    0.252 | 
     | req_sync_q_reg[8]     | D v         | DFFX1    | 0.000 |   0.265 |    0.252 | 
     +-----------------------------------------------------------------------------+ 
Path 8: MET Hold Check with Pin req_sync_q_reg[11]/CK 
Endpoint:   req_sync_q_reg[11]/D (v) checked with  leading edge of 'clk'
Beginpoint: req_meta_q_reg[11]/Q (v) triggered by  leading edge of 'clk'
Path Groups: {clk}
Analysis View: hold_view
Other End Arrival Time          0.088
+ Hold                         -0.031
+ Phase Shift                   0.000
+ Uncertainty                   0.200
= Required Time                 0.257
  Arrival Time                  0.270
  Slack Time                    0.013
     Clock Rise Edge                 0.000
     + Clock Network Latency (Prop)  0.000
     = Beginpoint Arrival Time       0.000
     +------------------------------------------------------------------------------+ 
     |        Instance        |     Arc     |   Cell   | Delay | Arrival | Required | 
     |                        |             |          |       |  Time   |   Time   | 
     |------------------------+-------------+----------+-------+---------+----------| 
     | req_meta_q_reg[11]     | CK ^        |          |       |   0.000 |   -0.013 | 
     | req_meta_q_reg[11]     | CK ^ -> Q v | DFFHQX1  | 0.132 |   0.132 |    0.119 | 
     | FE_PHC7_req_meta_q_11  | A v -> Y v  | CLKBUFX1 | 0.069 |   0.202 |    0.188 | 
     | FE_PHC47_req_meta_q_11 | A v -> Y v  | CLKBUFX4 | 0.069 |   0.270 |    0.257 | 
     | req_sync_q_reg[11]     | D v         | DFFX1    | 0.000 |   0.270 |    0.257 | 
     +------------------------------------------------------------------------------+ 
Path 9: MET Hold Check with Pin req_sync_q_reg[2]/CK 
Endpoint:   req_sync_q_reg[2]/D (v) checked with  leading edge of 'clk'
Beginpoint: req_meta_q_reg[2]/Q (v) triggered by  leading edge of 'clk'
Path Groups: {clk}
Analysis View: hold_view
Other End Arrival Time          0.086
+ Hold                         -0.034
+ Phase Shift                   0.000
+ Uncertainty                   0.200
= Required Time                 0.252
  Arrival Time                  0.265
  Slack Time                    0.014
     Clock Rise Edge                 0.000
     + Clock Network Latency (Prop)  -0.001
     = Beginpoint Arrival Time       -0.001
     +-----------------------------------------------------------------------------+ 
     |       Instance        |     Arc     |   Cell   | Delay | Arrival | Required | 
     |                       |             |          |       |  Time   |   Time   | 
     |-----------------------+-------------+----------+-------+---------+----------| 
     | req_meta_q_reg[2]     | CK ^        |          |       |  -0.001 |   -0.015 | 
     | req_meta_q_reg[2]     | CK ^ -> Q v | DFFHQX1  | 0.141 |   0.140 |    0.126 | 
     | FE_PHC12_req_meta_q_2 | A v -> Y v  | CLKBUFX1 | 0.065 |   0.205 |    0.191 | 
     | FE_PHC39_req_meta_q_2 | A v -> Y v  | CLKBUFX1 | 0.061 |   0.265 |    0.252 | 
     | req_sync_q_reg[2]     | D v         | DFFX1    | 0.000 |   0.265 |    0.252 | 
     +-----------------------------------------------------------------------------+ 
Path 10: MET Hold Check with Pin req_sync_q_reg[0]/CK 
Endpoint:   req_sync_q_reg[0]/D (v) checked with  leading edge of 'clk'
Beginpoint: req_meta_q_reg[0]/Q (v) triggered by  leading edge of 'clk'
Path Groups: {clk}
Analysis View: hold_view
Other End Arrival Time          0.086
+ Hold                         -0.030
+ Phase Shift                   0.000
+ Uncertainty                   0.200
= Required Time                 0.256
  Arrival Time                  0.270
  Slack Time                    0.014
     Clock Rise Edge                 0.000
     + Clock Network Latency (Prop)  -0.003
     = Beginpoint Arrival Time       -0.003
     +-----------------------------------------------------------------------------+ 
     |       Instance        |     Arc     |   Cell   | Delay | Arrival | Required | 
     |                       |             |          |       |  Time   |   Time   | 
     |-----------------------+-------------+----------+-------+---------+----------| 
     | req_meta_q_reg[0]     | CK ^        |          |       |  -0.003 |   -0.017 | 
     | req_meta_q_reg[0]     | CK ^ -> Q v | DFFHQX1  | 0.133 |   0.130 |    0.117 | 
     | FE_PHC6_req_meta_q_0  | A v -> Y v  | CLKBUFX1 | 0.074 |   0.204 |    0.191 | 
     | FE_PHC38_req_meta_q_0 | A v -> Y v  | BUFX3    | 0.065 |   0.270 |    0.256 | 
     | req_sync_q_reg[0]     | D v         | DFFX1    | 0.000 |   0.270 |    0.256 | 
     +-----------------------------------------------------------------------------+ 
Path 11: MET Hold Check with Pin reset_release_q_reg[1]/CK 
Endpoint:   reset_release_q_reg[1]/D (v) checked with  leading edge of 'clk'
Beginpoint: reset_release_q_reg[0]/Q (v) triggered by  leading edge of 'clk'
Path Groups: {clk}
Analysis View: hold_view
Other End Arrival Time          0.086
+ Hold                         -0.031
+ Phase Shift                   0.000
+ Uncertainty                   0.200
= Required Time                 0.255
  Arrival Time                  0.271
  Slack Time                    0.016
     Clock Rise Edge                 0.000
     + Clock Network Latency (Prop)  -0.004
     = Beginpoint Arrival Time       -0.004
     +----------------------------------------------------------------------------------+ 
     |          Instance          |     Arc     |   Cell   | Delay | Arrival | Required | 
     |                            |             |          |       |  Time   |   Time   | 
     |----------------------------+-------------+----------+-------+---------+----------| 
     | reset_release_q_reg[0]     | CK ^        |          |       |  -0.004 |   -0.020 | 
     | reset_release_q_reg[0]     | CK ^ -> Q v | DFFRHQX1 | 0.146 |   0.142 |    0.126 | 
     | FE_PHC17_reset_release_q_0 | A v -> Y v  | CLKBUFX1 | 0.067 |   0.209 |    0.193 | 
     | FE_PHC55_reset_release_q_0 | A v -> Y v  | CLKBUFX1 | 0.062 |   0.271 |    0.255 | 
     | reset_release_q_reg[1]     | D v         | DFFRX1   | 0.000 |   0.271 |    0.255 | 
     +----------------------------------------------------------------------------------+ 
Path 12: MET Hold Check with Pin req_sync_q_reg[14]/CK 
Endpoint:   req_sync_q_reg[14]/D (v) checked with  leading edge of 'clk'
Beginpoint: req_meta_q_reg[14]/Q (v) triggered by  leading edge of 'clk'
Path Groups: {clk}
Analysis View: hold_view
Other End Arrival Time          0.087
+ Hold                         -0.034
+ Phase Shift                   0.000
+ Uncertainty                   0.200
= Required Time                 0.253
  Arrival Time                  0.270
  Slack Time                    0.017
     Clock Rise Edge                 0.000
     + Clock Network Latency (Prop)  -0.002
     = Beginpoint Arrival Time       -0.002
     +-----------------------------------------------------------------------------+ 
     |        Instance        |     Arc     |  Cell   | Delay | Arrival | Required | 
     |                        |             |         |       |  Time   |   Time   | 
     |------------------------+-------------+---------+-------+---------+----------| 
     | req_meta_q_reg[14]     | CK ^        |         |       |  -0.002 |   -0.019 | 
     | req_meta_q_reg[14]     | CK ^ -> Q v | DFFHQX1 | 0.137 |   0.136 |    0.119 | 
     | FE_PHC16_req_meta_q_14 | A v -> Y v  | BUFX3   | 0.065 |   0.200 |    0.183 | 
     | FE_PHC41_req_meta_q_14 | A v -> Y v  | BUFX2   | 0.070 |   0.270 |    0.253 | 
     | req_sync_q_reg[14]     | D v         | DFFX1   | 0.000 |   0.270 |    0.253 | 
     +-----------------------------------------------------------------------------+ 
Path 13: MET Hold Check with Pin ack_q_reg[9]/CK 
Endpoint:   ack_q_reg[9]/D  (v) checked with  leading edge of 'clk'
Beginpoint: ack_q_reg[9]/QN (^) triggered by  leading edge of 'clk'
Path Groups: {clk}
Analysis View: hold_view
Other End Arrival Time          0.089
+ Hold                         -0.088
+ Phase Shift                   0.000
+ Uncertainty                   0.200
= Required Time                 0.201
  Arrival Time                  0.219
  Slack Time                    0.018
     Clock Rise Edge                 0.000
     + Clock Network Latency (Prop)  0.001
     = Beginpoint Arrival Time       0.001
     +--------------------------------------------------------------------+ 
     |   Instance   |     Arc      |  Cell   | Delay | Arrival | Required | 
     |              |              |         |       |  Time   |   Time   | 
     |--------------+--------------+---------+-------+---------+----------| 
     | ack_q_reg[9] | CK ^         |         |       |   0.001 |   -0.017 | 
     | ack_q_reg[9] | CK ^ -> QN ^ | DFFTRX1 | 0.185 |   0.186 |    0.168 | 
     | g6124__4733  | A0 ^ -> Y v  | AOI21X1 | 0.033 |   0.219 |    0.201 | 
     | ack_q_reg[9] | D v          | DFFTRX1 | 0.000 |   0.219 |    0.201 | 
     +--------------------------------------------------------------------+ 
Path 14: MET Hold Check with Pin req_sync_q_reg[7]/CK 
Endpoint:   req_sync_q_reg[7]/D (^) checked with  leading edge of 'clk'
Beginpoint: req_meta_q_reg[7]/Q (^) triggered by  leading edge of 'clk'
Path Groups: {clk}
Analysis View: hold_view
Other End Arrival Time          0.088
+ Hold                         -0.034
+ Phase Shift                   0.000
+ Uncertainty                   0.200
= Required Time                 0.254
  Arrival Time                  0.272
  Slack Time                    0.018
     Clock Rise Edge                 0.000
     + Clock Network Latency (Prop)  -0.002
     = Beginpoint Arrival Time       -0.002
     +----------------------------------------------------------------------------+ 
     |       Instance        |     Arc     |  Cell   | Delay | Arrival | Required | 
     |                       |             |         |       |  Time   |   Time   | 
     |-----------------------+-------------+---------+-------+---------+----------| 
     | req_meta_q_reg[7]     | CK ^        |         |       |  -0.002 |   -0.020 | 
     | req_meta_q_reg[7]     | CK ^ -> Q ^ | DFFHQX1 | 0.178 |   0.177 |    0.159 | 
     | FE_PHC45_req_meta_q_7 | A ^ -> Y ^  | BUFX8   | 0.050 |   0.226 |    0.208 | 
     | FE_PHC9_req_meta_q_7  | A ^ -> Y ^  | BUFX3   | 0.046 |   0.272 |    0.254 | 
     | req_sync_q_reg[7]     | D ^         | DFFX1   | 0.000 |   0.272 |    0.254 | 
     +----------------------------------------------------------------------------+ 
Path 15: MET Hold Check with Pin ack_q_reg[6]/CK 
Endpoint:   ack_q_reg[6]/D  (v) checked with  leading edge of 'clk'
Beginpoint: ack_q_reg[6]/QN (^) triggered by  leading edge of 'clk'
Path Groups: {clk}
Analysis View: hold_view
Other End Arrival Time          0.089
+ Hold                         -0.088
+ Phase Shift                   0.000
+ Uncertainty                   0.200
= Required Time                 0.200
  Arrival Time                  0.219
  Slack Time                    0.019
     Clock Rise Edge                 0.000
     + Clock Network Latency (Prop)  0.001
     = Beginpoint Arrival Time       0.001
     +--------------------------------------------------------------------+ 
     |   Instance   |     Arc      |  Cell   | Delay | Arrival | Required | 
     |              |              |         |       |  Time   |   Time   | 
     |--------------+--------------+---------+-------+---------+----------| 
     | ack_q_reg[6] | CK ^         |         |       |   0.001 |   -0.018 | 
     | ack_q_reg[6] | CK ^ -> QN ^ | DFFTRX1 | 0.185 |   0.186 |    0.167 | 
     | g6125__6161  | A0 ^ -> Y v  | AOI21X1 | 0.033 |   0.219 |    0.200 | 
     | ack_q_reg[6] | D v          | DFFTRX1 | 0.000 |   0.219 |    0.200 | 
     +--------------------------------------------------------------------+ 
Path 16: MET Hold Check with Pin ack_q_reg[0]/CK 
Endpoint:   ack_q_reg[0]/D  (v) checked with  leading edge of 'clk'
Beginpoint: ack_q_reg[0]/QN (^) triggered by  leading edge of 'clk'
Path Groups: {clk}
Analysis View: hold_view
Other End Arrival Time          0.090
+ Hold                         -0.089
+ Phase Shift                   0.000
+ Uncertainty                   0.200
= Required Time                 0.200
  Arrival Time                  0.219
  Slack Time                    0.019
     Clock Rise Edge                 0.000
     + Clock Network Latency (Prop)  0.002
     = Beginpoint Arrival Time       0.002
     +--------------------------------------------------------------------+ 
     |   Instance   |     Arc      |  Cell   | Delay | Arrival | Required | 
     |              |              |         |       |  Time   |   Time   | 
     |--------------+--------------+---------+-------+---------+----------| 
     | ack_q_reg[0] | CK ^         |         |       |   0.002 |   -0.017 | 
     | ack_q_reg[0] | CK ^ -> QN ^ | DFFTRX1 | 0.182 |   0.184 |    0.165 | 
     | g6126__9945  | A0 ^ -> Y v  | AOI21X1 | 0.036 |   0.219 |    0.200 | 
     | ack_q_reg[0] | D v          | DFFTRX1 | 0.000 |   0.219 |    0.200 | 
     +--------------------------------------------------------------------+ 
Path 17: MET Hold Check with Pin ack_q_reg[7]/CK 
Endpoint:   ack_q_reg[7]/D  (v) checked with  leading edge of 'clk'
Beginpoint: ack_q_reg[7]/QN (^) triggered by  leading edge of 'clk'
Path Groups: {clk}
Analysis View: hold_view
Other End Arrival Time          0.089
+ Hold                         -0.089
+ Phase Shift                   0.000
+ Uncertainty                   0.200
= Required Time                 0.199
  Arrival Time                  0.218
  Slack Time                    0.019
     Clock Rise Edge                 0.000
     + Clock Network Latency (Prop)  0.001
     = Beginpoint Arrival Time       0.001
     +--------------------------------------------------------------------+ 
     |   Instance   |     Arc      |  Cell   | Delay | Arrival | Required | 
     |              |              |         |       |  Time   |   Time   | 
     |--------------+--------------+---------+-------+---------+----------| 
     | ack_q_reg[7] | CK ^         |         |       |   0.001 |   -0.018 | 
     | ack_q_reg[7] | CK ^ -> QN ^ | DFFTRX1 | 0.183 |   0.183 |    0.164 | 
     | g6117__2802  | A0 ^ -> Y v  | AOI21X1 | 0.035 |   0.218 |    0.199 | 
     | ack_q_reg[7] | D v          | DFFTRX1 | 0.000 |   0.218 |    0.199 | 
     +--------------------------------------------------------------------+ 
Path 18: MET Hold Check with Pin ack_q_reg[4]/CK 
Endpoint:   ack_q_reg[4]/D  (v) checked with  leading edge of 'clk'
Beginpoint: ack_q_reg[4]/QN (^) triggered by  leading edge of 'clk'
Path Groups: {clk}
Analysis View: hold_view
Other End Arrival Time          0.090
+ Hold                         -0.089
+ Phase Shift                   0.000
+ Uncertainty                   0.200
= Required Time                 0.201
  Arrival Time                  0.220
  Slack Time                    0.019
     Clock Rise Edge                 0.000
     + Clock Network Latency (Prop)  0.002
     = Beginpoint Arrival Time       0.002
     +--------------------------------------------------------------------+ 
     |   Instance   |     Arc      |  Cell   | Delay | Arrival | Required | 
     |              |              |         |       |  Time   |   Time   | 
     |--------------+--------------+---------+-------+---------+----------| 
     | ack_q_reg[4] | CK ^         |         |       |   0.002 |   -0.017 | 
     | ack_q_reg[4] | CK ^ -> QN ^ | DFFTRX1 | 0.183 |   0.185 |    0.166 | 
     | g6119__7098  | A0 ^ -> Y v  | AOI21X1 | 0.035 |   0.220 |    0.201 | 
     | ack_q_reg[4] | D v          | DFFTRX1 | 0.000 |   0.220 |    0.201 | 
     +--------------------------------------------------------------------+ 
Path 19: MET Hold Check with Pin ack_q_reg[14]/CK 
Endpoint:   ack_q_reg[14]/D  (v) checked with  leading edge of 'clk'
Beginpoint: ack_q_reg[14]/QN (^) triggered by  leading edge of 'clk'
Path Groups: {clk}
Analysis View: hold_view
Other End Arrival Time          0.087
+ Hold                         -0.088
+ Phase Shift                   0.000
+ Uncertainty                   0.200
= Required Time                 0.199
  Arrival Time                  0.218
  Slack Time                    0.019
     Clock Rise Edge                 0.000
     + Clock Network Latency (Prop)  -0.001
     = Beginpoint Arrival Time       -0.001
     +---------------------------------------------------------------------+ 
     |   Instance    |     Arc      |  Cell   | Delay | Arrival | Required | 
     |               |              |         |       |  Time   |   Time   | 
     |---------------+--------------+---------+-------+---------+----------| 
     | ack_q_reg[14] | CK ^         |         |       |  -0.001 |   -0.020 | 
     | ack_q_reg[14] | CK ^ -> QN ^ | DFFTRX1 | 0.186 |   0.185 |    0.166 | 
     | g6115__3680   | A0 ^ -> Y v  | AOI21X1 | 0.034 |   0.218 |    0.199 | 
     | ack_q_reg[14] | D v          | DFFTRX1 | 0.000 |   0.218 |    0.199 | 
     +---------------------------------------------------------------------+ 
Path 20: MET Hold Check with Pin ack_q_reg[15]/CK 
Endpoint:   ack_q_reg[15]/D  (v) checked with  leading edge of 'clk'
Beginpoint: ack_q_reg[15]/QN (^) triggered by  leading edge of 'clk'
Path Groups: {clk}
Analysis View: hold_view
Other End Arrival Time          0.087
+ Hold                         -0.088
+ Phase Shift                   0.000
+ Uncertainty                   0.200
= Required Time                 0.198
  Arrival Time                  0.218
  Slack Time                    0.019
     Clock Rise Edge                 0.000
     + Clock Network Latency (Prop)  -0.001
     = Beginpoint Arrival Time       -0.001
     +---------------------------------------------------------------------+ 
     |   Instance    |     Arc      |  Cell   | Delay | Arrival | Required | 
     |               |              |         |       |  Time   |   Time   | 
     |---------------+--------------+---------+-------+---------+----------| 
     | ack_q_reg[15] | CK ^         |         |       |  -0.001 |   -0.021 | 
     | ack_q_reg[15] | CK ^ -> QN ^ | DFFTRX1 | 0.186 |   0.185 |    0.165 | 
     | g6120__6131   | A0 ^ -> Y v  | AOI21X1 | 0.033 |   0.218 |    0.198 | 
     | ack_q_reg[15] | D v          | DFFTRX1 | 0.000 |   0.218 |    0.198 | 
     +---------------------------------------------------------------------+ 
Path 21: MET Hold Check with Pin ack_q_reg[2]/CK 
Endpoint:   ack_q_reg[2]/D  (v) checked with  leading edge of 'clk'
Beginpoint: ack_q_reg[2]/QN (^) triggered by  leading edge of 'clk'
Path Groups: {clk}
Analysis View: hold_view
Other End Arrival Time          0.090
+ Hold                         -0.089
+ Phase Shift                   0.000
+ Uncertainty                   0.200
= Required Time                 0.201
  Arrival Time                  0.221
  Slack Time                    0.020
     Clock Rise Edge                 0.000
     + Clock Network Latency (Prop)  0.002
     = Beginpoint Arrival Time       0.002
     +--------------------------------------------------------------------+ 
     |   Instance   |     Arc      |  Cell   | Delay | Arrival | Required | 
     |              |              |         |       |  Time   |   Time   | 
     |--------------+--------------+---------+-------+---------+----------| 
     | ack_q_reg[2] | CK ^         |         |       |   0.002 |   -0.018 | 
     | ack_q_reg[2] | CK ^ -> QN ^ | DFFTRX1 | 0.186 |   0.188 |    0.167 | 
     | g6116__1617  | A0 ^ -> Y v  | AOI21X1 | 0.034 |   0.221 |    0.201 | 
     | ack_q_reg[2] | D v          | DFFTRX1 | 0.000 |   0.221 |    0.201 | 
     +--------------------------------------------------------------------+ 
Path 22: MET Hold Check with Pin ack_q_reg[5]/CK 
Endpoint:   ack_q_reg[5]/D  (v) checked with  leading edge of 'clk'
Beginpoint: ack_q_reg[5]/QN (^) triggered by  leading edge of 'clk'
Path Groups: {clk}
Analysis View: hold_view
Other End Arrival Time          0.089
+ Hold                         -0.089
+ Phase Shift                   0.000
+ Uncertainty                   0.200
= Required Time                 0.200
  Arrival Time                  0.221
  Slack Time                    0.021
     Clock Rise Edge                 0.000
     + Clock Network Latency (Prop)  0.001
     = Beginpoint Arrival Time       0.001
     +--------------------------------------------------------------------+ 
     |   Instance   |     Arc      |  Cell   | Delay | Arrival | Required | 
     |              |              |         |       |  Time   |   Time   | 
     |--------------+--------------+---------+-------+---------+----------| 
     | ack_q_reg[5] | CK ^         |         |       |   0.001 |   -0.020 | 
     | ack_q_reg[5] | CK ^ -> QN ^ | DFFTRX1 | 0.186 |   0.187 |    0.166 | 
     | g6118__5122  | A0 ^ -> Y v  | AOI21X1 | 0.034 |   0.221 |    0.200 | 
     | ack_q_reg[5] | D v          | DFFTRX1 | 0.000 |   0.221 |    0.200 | 
     +--------------------------------------------------------------------+ 
Path 23: MET Hold Check with Pin ack_q_reg[10]/CK 
Endpoint:   ack_q_reg[10]/D  (v) checked with  leading edge of 'clk'
Beginpoint: ack_q_reg[10]/QN (^) triggered by  leading edge of 'clk'
Path Groups: {clk}
Analysis View: hold_view
Other End Arrival Time          0.090
+ Hold                         -0.088
+ Phase Shift                   0.000
+ Uncertainty                   0.200
= Required Time                 0.201
  Arrival Time                  0.222
  Slack Time                    0.021
     Clock Rise Edge                 0.000
     + Clock Network Latency (Prop)  0.002
     = Beginpoint Arrival Time       0.002
     +---------------------------------------------------------------------+ 
     |   Instance    |     Arc      |  Cell   | Delay | Arrival | Required | 
     |               |              |         |       |  Time   |   Time   | 
     |---------------+--------------+---------+-------+---------+----------| 
     | ack_q_reg[10] | CK ^         |         |       |   0.002 |   -0.019 | 
     | ack_q_reg[10] | CK ^ -> QN ^ | DFFTRX1 | 0.186 |   0.188 |    0.167 | 
     | g6114__6783   | A0 ^ -> Y v  | AOI21X1 | 0.034 |   0.222 |    0.201 | 
     | ack_q_reg[10] | D v          | DFFTRX1 | 0.000 |   0.222 |    0.201 | 
     +---------------------------------------------------------------------+ 
Path 24: MET Hold Check with Pin ack_q_reg[12]/CK 
Endpoint:   ack_q_reg[12]/D  (v) checked with  leading edge of 'clk'
Beginpoint: ack_q_reg[12]/QN (^) triggered by  leading edge of 'clk'
Path Groups: {clk}
Analysis View: hold_view
Other End Arrival Time          0.088
+ Hold                         -0.089
+ Phase Shift                   0.000
+ Uncertainty                   0.200
= Required Time                 0.200
  Arrival Time                  0.221
  Slack Time                    0.021
     Clock Rise Edge                 0.000
     + Clock Network Latency (Prop)  0.000
     = Beginpoint Arrival Time       0.000
     +---------------------------------------------------------------------+ 
     |   Instance    |     Arc      |  Cell   | Delay | Arrival | Required | 
     |               |              |         |       |  Time   |   Time   | 
     |---------------+--------------+---------+-------+---------+----------| 
     | ack_q_reg[12] | CK ^         |         |       |   0.000 |   -0.020 | 
     | ack_q_reg[12] | CK ^ -> QN ^ | DFFTRX1 | 0.184 |   0.184 |    0.164 | 
     | g6121__1881   | A0 ^ -> Y v  | AOI21X1 | 0.036 |   0.221 |    0.200 | 
     | ack_q_reg[12] | D v          | DFFTRX1 | 0.000 |   0.221 |    0.200 | 
     +---------------------------------------------------------------------+ 
Path 25: MET Hold Check with Pin ack_q_reg[13]/CK 
Endpoint:   ack_q_reg[13]/D  (v) checked with  leading edge of 'clk'
Beginpoint: ack_q_reg[13]/QN (^) triggered by  leading edge of 'clk'
Path Groups: {clk}
Analysis View: hold_view
Other End Arrival Time          0.087
+ Hold                         -0.089
+ Phase Shift                   0.000
+ Uncertainty                   0.200
= Required Time                 0.198
  Arrival Time                  0.219
  Slack Time                    0.021
     Clock Rise Edge                 0.000
     + Clock Network Latency (Prop)  -0.001
     = Beginpoint Arrival Time       -0.001
     +---------------------------------------------------------------------+ 
     |   Instance    |     Arc      |  Cell   | Delay | Arrival | Required | 
     |               |              |         |       |  Time   |   Time   | 
     |---------------+--------------+---------+-------+---------+----------| 
     | ack_q_reg[13] | CK ^         |         |       |  -0.001 |   -0.022 | 
     | ack_q_reg[13] | CK ^ -> QN ^ | DFFTRX1 | 0.185 |   0.184 |    0.163 | 
     | g6113__5526   | A0 ^ -> Y v  | AOI21X1 | 0.035 |   0.219 |    0.198 | 
     | ack_q_reg[13] | D v          | DFFTRX1 | 0.000 |   0.219 |    0.198 | 
     +---------------------------------------------------------------------+ 
Path 26: MET Hold Check with Pin ack_q_reg[8]/CK 
Endpoint:   ack_q_reg[8]/D  (v) checked with  leading edge of 'clk'
Beginpoint: ack_q_reg[8]/QN (^) triggered by  leading edge of 'clk'
Path Groups: {clk}
Analysis View: hold_view
Other End Arrival Time          0.089
+ Hold                         -0.088
+ Phase Shift                   0.000
+ Uncertainty                   0.200
= Required Time                 0.201
  Arrival Time                  0.223
  Slack Time                    0.021
     Clock Rise Edge                 0.000
     + Clock Network Latency (Prop)  0.001
     = Beginpoint Arrival Time       0.001
     +--------------------------------------------------------------------+ 
     |   Instance   |     Arc      |  Cell   | Delay | Arrival | Required | 
     |              |              |         |       |  Time   |   Time   | 
     |--------------+--------------+---------+-------+---------+----------| 
     | ack_q_reg[8] | CK ^         |         |       |   0.001 |   -0.020 | 
     | ack_q_reg[8] | CK ^ -> QN ^ | DFFTRX1 | 0.186 |   0.188 |    0.166 | 
     | g6123__7482  | A0 ^ -> Y v  | AOI21X1 | 0.035 |   0.223 |    0.201 | 
     | ack_q_reg[8] | D v          | DFFTRX1 | 0.000 |   0.223 |    0.201 | 
     +--------------------------------------------------------------------+ 
Path 27: MET Hold Check with Pin ack_q_reg[11]/CK 
Endpoint:   ack_q_reg[11]/D  (v) checked with  leading edge of 'clk'
Beginpoint: ack_q_reg[11]/QN (^) triggered by  leading edge of 'clk'
Path Groups: {clk}
Analysis View: hold_view
Other End Arrival Time          0.090
+ Hold                         -0.088
+ Phase Shift                   0.000
+ Uncertainty                   0.200
= Required Time                 0.202
  Arrival Time                  0.224
  Slack Time                    0.022
     Clock Rise Edge                 0.000
     + Clock Network Latency (Prop)  0.002
     = Beginpoint Arrival Time       0.002
     +---------------------------------------------------------------------+ 
     |   Instance    |     Arc      |  Cell   | Delay | Arrival | Required | 
     |               |              |         |       |  Time   |   Time   | 
     |---------------+--------------+---------+-------+---------+----------| 
     | ack_q_reg[11] | CK ^         |         |       |   0.002 |   -0.020 | 
     | ack_q_reg[11] | CK ^ -> QN ^ | DFFTRX1 | 0.188 |   0.190 |    0.168 | 
     | g6127__2883   | A0 ^ -> Y v  | AOI21X1 | 0.034 |   0.224 |    0.202 | 
     | ack_q_reg[11] | D v          | DFFTRX1 | 0.000 |   0.224 |    0.202 | 
     +---------------------------------------------------------------------+ 
Path 28: MET Hold Check with Pin req_sync_q_reg[13]/CK 
Endpoint:   req_sync_q_reg[13]/D (v) checked with  leading edge of 'clk'
Beginpoint: req_meta_q_reg[13]/Q (v) triggered by  leading edge of 'clk'
Path Groups: {clk}
Analysis View: hold_view
Other End Arrival Time          0.088
+ Hold                         -0.030
+ Phase Shift                   0.000
+ Uncertainty                   0.200
= Required Time                 0.258
  Arrival Time                  0.281
  Slack Time                    0.023
     Clock Rise Edge                 0.000
     + Clock Network Latency (Prop)  -0.002
     = Beginpoint Arrival Time       -0.002
     +------------------------------------------------------------------------------+ 
     |        Instance        |     Arc     |   Cell   | Delay | Arrival | Required | 
     |                        |             |          |       |  Time   |   Time   | 
     |------------------------+-------------+----------+-------+---------+----------| 
     | req_meta_q_reg[13]     | CK ^        |          |       |  -0.002 |   -0.025 | 
     | req_meta_q_reg[13]     | CK ^ -> Q v | DFFHQX1  | 0.128 |   0.126 |    0.103 | 
     | FE_PHC2_req_meta_q_13  | A v -> Y v  | CLKBUFX1 | 0.085 |   0.212 |    0.189 | 
     | FE_PHC51_req_meta_q_13 | A v -> Y v  | CLKBUFX8 | 0.069 |   0.281 |    0.258 | 
     | req_sync_q_reg[13]     | D v         | DFFX1    | 0.000 |   0.281 |    0.258 | 
     +------------------------------------------------------------------------------+ 
Path 29: MET Hold Check with Pin ack_q_reg[1]/CK 
Endpoint:   ack_q_reg[1]/D  (v) checked with  leading edge of 'clk'
Beginpoint: ack_q_reg[1]/QN (^) triggered by  leading edge of 'clk'
Path Groups: {clk}
Analysis View: hold_view
Other End Arrival Time          0.089
+ Hold                         -0.089
+ Phase Shift                   0.000
+ Uncertainty                   0.200
= Required Time                 0.201
  Arrival Time                  0.224
  Slack Time                    0.023
     Clock Rise Edge                 0.000
     + Clock Network Latency (Prop)  0.001
     = Beginpoint Arrival Time       0.001
     +--------------------------------------------------------------------+ 
     |   Instance   |     Arc      |  Cell   | Delay | Arrival | Required | 
     |              |              |         |       |  Time   |   Time   | 
     |--------------+--------------+---------+-------+---------+----------| 
     | ack_q_reg[1] | CK ^         |         |       |   0.001 |   -0.022 | 
     | ack_q_reg[1] | CK ^ -> QN ^ | DFFTRX1 | 0.188 |   0.190 |    0.167 | 
     | g6112__1705  | A0 ^ -> Y v  | AOI21X1 | 0.034 |   0.224 |    0.201 | 
     | ack_q_reg[1] | D v          | DFFTRX1 | 0.000 |   0.224 |    0.201 | 
     +--------------------------------------------------------------------+ 
Path 30: MET Hold Check with Pin ack_q_reg[3]/CK 
Endpoint:   ack_q_reg[3]/D  (v) checked with  leading edge of 'clk'
Beginpoint: ack_q_reg[3]/QN (^) triggered by  leading edge of 'clk'
Path Groups: {clk}
Analysis View: hold_view
Other End Arrival Time          0.090
+ Hold                         -0.089
+ Phase Shift                   0.000
+ Uncertainty                   0.200
= Required Time                 0.201
  Arrival Time                  0.225
  Slack Time                    0.023
     Clock Rise Edge                 0.000
     + Clock Network Latency (Prop)  0.002
     = Beginpoint Arrival Time       0.002
     +--------------------------------------------------------------------+ 
     |   Instance   |     Arc      |  Cell   | Delay | Arrival | Required | 
     |              |              |         |       |  Time   |   Time   | 
     |--------------+--------------+---------+-------+---------+----------| 
     | ack_q_reg[3] | CK ^         |         |       |   0.002 |   -0.021 | 
     | ack_q_reg[3] | CK ^ -> QN ^ | DFFTRX1 | 0.188 |   0.190 |    0.167 | 
     | g6122__5115  | A0 ^ -> Y v  | AOI21X1 | 0.035 |   0.225 |    0.201 | 
     | ack_q_reg[3] | D v          | DFFTRX1 | 0.000 |   0.225 |    0.201 | 
     +--------------------------------------------------------------------+ 
Path 31: MET Hold Check with Pin epoch_gray_q_reg[2]/CK 
Endpoint:   epoch_gray_q_reg[2]/D (v) checked with  leading edge of 'clk'
Beginpoint: epoch_gray_q_reg[2]/Q (v) triggered by  leading edge of 'clk'
Path Groups: {clk}
Analysis View: hold_view
Other End Arrival Time          0.088
+ Hold                         -0.036
+ Phase Shift                   0.000
+ Uncertainty                   0.200
= Required Time                 0.252
  Arrival Time                  0.276
  Slack Time                    0.024
     Clock Rise Edge                 0.000
     + Clock Network Latency (Prop)  -0.000
     = Beginpoint Arrival Time       -0.000
     +--------------------------------------------------------------------------+ 
     |      Instance       |     Arc     |  Cell   | Delay | Arrival | Required | 
     |                     |             |         |       |  Time   |   Time   | 
     |---------------------+-------------+---------+-------+---------+----------| 
     | epoch_gray_q_reg[2] | CK ^        |         |       |  -0.000 |   -0.024 | 
     | epoch_gray_q_reg[2] | CK ^ -> Q v | DFFX1   | 0.168 |   0.167 |    0.144 | 
     | g6026__5526         | B v -> Y ^  | MXI2X1  | 0.072 |   0.240 |    0.216 | 
     | g5980__4733         | A1 ^ -> Y v | OAI22XL | 0.036 |   0.276 |    0.252 | 
     | epoch_gray_q_reg[2] | D v         | DFFX1   | 0.000 |   0.276 |    0.252 | 
     +--------------------------------------------------------------------------+ 
Path 32: MET Hold Check with Pin req_sync_q_reg[3]/CK 
Endpoint:   req_sync_q_reg[3]/D (v) checked with  leading edge of 'clk'
Beginpoint: req_meta_q_reg[3]/Q (v) triggered by  leading edge of 'clk'
Path Groups: {clk}
Analysis View: hold_view
Other End Arrival Time          0.088
+ Hold                         -0.031
+ Phase Shift                   0.000
+ Uncertainty                   0.200
= Required Time                 0.257
  Arrival Time                  0.282
  Slack Time                    0.024
     Clock Rise Edge                 0.000
     + Clock Network Latency (Prop)  -0.000
     = Beginpoint Arrival Time       -0.000
     +-----------------------------------------------------------------------------+ 
     |       Instance        |     Arc     |   Cell   | Delay | Arrival | Required | 
     |                       |             |          |       |  Time   |   Time   | 
     |-----------------------+-------------+----------+-------+---------+----------| 
     | req_meta_q_reg[3]     | CK ^        |          |       |  -0.000 |   -0.025 | 
     | req_meta_q_reg[3]     | CK ^ -> Q v | DFFHQX1  | 0.147 |   0.147 |    0.122 | 
     | FE_PHC15_req_meta_q_3 | A v -> Y v  | CLKBUFX1 | 0.071 |   0.218 |    0.193 | 
     | FE_PHC49_req_meta_q_3 | A v -> Y v  | BUFX3    | 0.064 |   0.282 |    0.257 | 
     | req_sync_q_reg[3]     | D v         | DFFX1    | 0.000 |   0.282 |    0.257 | 
     +-----------------------------------------------------------------------------+ 
Path 33: MET Removal Check with Pin reset_release_q_reg[1]/CK 
Endpoint:   reset_release_q_reg[1]/RN (^) checked with  leading edge of 'clk'
Beginpoint: rst_n                     (^) triggered by  leading edge of '@'
Path Groups: {async_default}
Analysis View: hold_view
Other End Arrival Time          0.086
+ Removal                      -0.026
+ Phase Shift                   0.000
+ Uncertainty                   0.200
= Required Time                 0.260
  Arrival Time                  0.285
  Slack Time                    0.025
     Clock Rise Edge                      0.000
     + Input Delay                        0.000
     = Beginpoint Arrival Time            0.000
     +---------------------------------------------------------------------------+ 
     |        Instance        |    Arc     |  Cell  | Delay | Arrival | Required | 
     |                        |            |        |       |  Time   |   Time   | 
     |------------------------+------------+--------+-------+---------+----------| 
     |                        | rst_n ^    |        |       |   0.000 |   -0.025 | 
     | FE_PHC18_rst_n         | A ^ -> Y ^ | BUFX3  | 0.045 |   0.045 |    0.020 | 
     | FE_PHC0_rst_n          | A ^ -> Y ^ | DLY2X1 | 0.240 |   0.285 |    0.260 | 
     | reset_release_q_reg[1] | RN ^       | DFFRX1 | 0.000 |   0.285 |    0.260 | 
     +---------------------------------------------------------------------------+ 
Path 34: MET Hold Check with Pin req_sync_q_reg[4]/CK 
Endpoint:   req_sync_q_reg[4]/D (v) checked with  leading edge of 'clk'
Beginpoint: req_meta_q_reg[4]/Q (v) triggered by  leading edge of 'clk'
Path Groups: {clk}
Analysis View: hold_view
Other End Arrival Time          0.088
+ Hold                         -0.031
+ Phase Shift                   0.000
+ Uncertainty                   0.200
= Required Time                 0.257
  Arrival Time                  0.285
  Slack Time                    0.028
     Clock Rise Edge                 0.000
     + Clock Network Latency (Prop)  -0.000
     = Beginpoint Arrival Time       -0.000
     +-----------------------------------------------------------------------------+ 
     |       Instance        |     Arc     |   Cell   | Delay | Arrival | Required | 
     |                       |             |          |       |  Time   |   Time   | 
     |-----------------------+-------------+----------+-------+---------+----------| 
     | req_meta_q_reg[4]     | CK ^        |          |       |  -0.000 |   -0.028 | 
     | req_meta_q_reg[4]     | CK ^ -> Q v | DFFHQX1  | 0.142 |   0.142 |    0.114 | 
     | FE_PHC13_req_meta_q_4 | A v -> Y v  | CLKBUFX1 | 0.077 |   0.219 |    0.191 | 
     | FE_PHC48_req_meta_q_4 | A v -> Y v  | BUFX3    | 0.067 |   0.285 |    0.257 | 
     | req_sync_q_reg[4]     | D v         | DFFX1    | 0.000 |   0.285 |    0.257 | 
     +-----------------------------------------------------------------------------+ 
Path 35: MET Hold Check with Pin req_sync_q_reg[12]/CK 
Endpoint:   req_sync_q_reg[12]/D (^) checked with  leading edge of 'clk'
Beginpoint: req_meta_q_reg[12]/Q (^) triggered by  leading edge of 'clk'
Path Groups: {clk}
Analysis View: hold_view
Other End Arrival Time          0.088
+ Hold                         -0.032
+ Phase Shift                   0.000
+ Uncertainty                   0.200
= Required Time                 0.256
  Arrival Time                  0.285
  Slack Time                    0.029
     Clock Rise Edge                 0.000
     + Clock Network Latency (Prop)  -0.002
     = Beginpoint Arrival Time       -0.002
     +------------------------------------------------------------------------------+ 
     |        Instance        |     Arc     |   Cell   | Delay | Arrival | Required | 
     |                        |             |          |       |  Time   |   Time   | 
     |------------------------+-------------+----------+-------+---------+----------| 
     | req_meta_q_reg[12]     | CK ^        |          |       |  -0.002 |   -0.031 | 
     | req_meta_q_reg[12]     | CK ^ -> Q ^ | DFFHQX1  | 0.154 |   0.152 |    0.123 | 
     | FE_PHC14_req_meta_q_12 | A ^ -> Y ^  | BUFX3    | 0.055 |   0.207 |    0.178 | 
     | FE_PHC52_req_meta_q_12 | A ^ -> Y ^  | CLKBUFX1 | 0.078 |   0.285 |    0.256 | 
     | req_sync_q_reg[12]     | D ^         | DFFX1    | 0.000 |   0.285 |    0.256 | 
     +------------------------------------------------------------------------------+ 
Path 36: MET Removal Check with Pin reset_release_q_reg[0]/CK 
Endpoint:   reset_release_q_reg[0]/RN (^) checked with  leading edge of 'clk'
Beginpoint: rst_n                     (^) triggered by  leading edge of '@'
Path Groups: {async_default}
Analysis View: hold_view
Other End Arrival Time          0.084
+ Removal                      -0.031
+ Phase Shift                   0.000
+ Uncertainty                   0.200
= Required Time                 0.253
  Arrival Time                  0.285
  Slack Time                    0.033
     Clock Rise Edge                      0.000
     + Input Delay                        0.000
     = Beginpoint Arrival Time            0.000
     +-----------------------------------------------------------------------------+ 
     |        Instance        |    Arc     |   Cell   | Delay | Arrival | Required | 
     |                        |            |          |       |  Time   |   Time   | 
     |------------------------+------------+----------+-------+---------+----------| 
     |                        | rst_n ^    |          |       |   0.000 |   -0.033 | 
     | FE_PHC18_rst_n         | A ^ -> Y ^ | BUFX3    | 0.045 |   0.045 |    0.013 | 
     | FE_PHC0_rst_n          | A ^ -> Y ^ | DLY2X1   | 0.240 |   0.285 |    0.253 | 
     | reset_release_q_reg[0] | RN ^       | DFFRHQX1 | 0.000 |   0.285 |    0.253 | 
     +-----------------------------------------------------------------------------+ 
Path 37: MET Hold Check with Pin out_addr_q_reg[2]/CK 
Endpoint:   out_addr_q_reg[2]/D (^) checked with  leading edge of 'clk'
Beginpoint: out_addr_q_reg[2]/Q (^) triggered by  leading edge of 'clk'
Path Groups: {clk}
Analysis View: hold_view
Other End Arrival Time          0.088
+ Hold                         -0.033
+ Phase Shift                   0.000
+ Uncertainty                   0.200
= Required Time                 0.255
  Arrival Time                  0.295
  Slack Time                    0.041
     Clock Rise Edge                 0.000
     + Clock Network Latency (Prop)  0.000
     = Beginpoint Arrival Time       0.000
     +-----------------------------------------------------------------------------+ 
     |      Instance       |     Arc      |   Cell    | Delay | Arrival | Required | 
     |                     |              |           |       |  Time   |   Time   | 
     |---------------------+--------------+-----------+-------+---------+----------| 
     | out_addr_q_reg[2]   | CK ^         |           |       |   0.000 |   -0.040 | 
     | out_addr_q_reg[2]   | CK ^ -> Q ^  | DFFHQX1   | 0.167 |   0.167 |    0.127 | 
     | FE_PHC21_out_addr_2 | A ^ -> Y ^   | BUFX3     | 0.054 |   0.221 |    0.181 | 
     | g5988__2346         | A0N ^ -> Y ^ | OAI2BB1X1 | 0.074 |   0.295 |    0.255 | 
     | out_addr_q_reg[2]   | D ^          | DFFHQX1   | 0.000 |   0.295 |    0.255 | 
     +-----------------------------------------------------------------------------+ 
Path 38: MET Hold Check with Pin epoch_gray_q_reg[3]/CK 
Endpoint:   epoch_gray_q_reg[3]/D  (v) checked with  leading edge of 'clk'
Beginpoint: epoch_gray_q_reg[3]/QN (^) triggered by  leading edge of 'clk'
Path Groups: {clk}
Analysis View: hold_view
Other End Arrival Time          0.088
+ Hold                         -0.036
+ Phase Shift                   0.000
+ Uncertainty                   0.200
= Required Time                 0.251
  Arrival Time                  0.293
  Slack Time                    0.041
     Clock Rise Edge                 0.000
     + Clock Network Latency (Prop)  -0.000
     = Beginpoint Arrival Time       -0.000
     +---------------------------------------------------------------------------+ 
     |      Instance       |     Arc      |  Cell   | Delay | Arrival | Required | 
     |                     |              |         |       |  Time   |   Time   | 
     |---------------------+--------------+---------+-------+---------+----------| 
     | epoch_gray_q_reg[3] | CK ^         |         |       |  -0.000 |   -0.042 | 
     | epoch_gray_q_reg[3] | CK ^ -> QN ^ | DFFX1   | 0.248 |   0.248 |    0.206 | 
     | g5974__7098         | B1 ^ -> Y v  | OAI22XL | 0.045 |   0.293 |    0.251 | 
     | epoch_gray_q_reg[3] | D v          | DFFX1   | 0.000 |   0.293 |    0.251 | 
     +---------------------------------------------------------------------------+ 
Path 39: MET Hold Check with Pin out_addr_q_reg[1]/CK 
Endpoint:   out_addr_q_reg[1]/D (v) checked with  leading edge of 'clk'
Beginpoint: out_addr_q_reg[1]/Q (v) triggered by  leading edge of 'clk'
Path Groups: {clk}
Analysis View: hold_view
Other End Arrival Time          0.088
+ Hold                         -0.036
+ Phase Shift                   0.000
+ Uncertainty                   0.200
= Required Time                 0.253
  Arrival Time                  0.295
  Slack Time                    0.043
     Clock Rise Edge                 0.000
     + Clock Network Latency (Prop)  0.000
     = Beginpoint Arrival Time       0.000
     +-----------------------------------------------------------------------------+ 
     |      Instance       |     Arc      |   Cell    | Delay | Arrival | Required | 
     |                     |              |           |       |  Time   |   Time   | 
     |---------------------+--------------+-----------+-------+---------+----------| 
     | out_addr_q_reg[1]   | CK ^         |           |       |   0.000 |   -0.043 | 
     | out_addr_q_reg[1]   | CK ^ -> Q v  | DFFHQX1   | 0.146 |   0.146 |    0.104 | 
     | FE_PHC19_out_addr_1 | A v -> Y v   | BUFX3     | 0.067 |   0.213 |    0.170 | 
     | g5949__6783         | A0N v -> Y v | OAI2BB2XL | 0.082 |   0.295 |    0.252 | 
     | out_addr_q_reg[1]   | D v          | DFFHQX1   | 0.000 |   0.295 |    0.253 | 
     +-----------------------------------------------------------------------------+ 
Path 40: MET Hold Check with Pin out_addr_q_reg[0]/CK 
Endpoint:   out_addr_q_reg[0]/D (^) checked with  leading edge of 'clk'
Beginpoint: out_addr_q_reg[0]/Q (^) triggered by  leading edge of 'clk'
Path Groups: {clk}
Analysis View: hold_view
Other End Arrival Time          0.088
+ Hold                         -0.033
+ Phase Shift                   0.000
+ Uncertainty                   0.200
= Required Time                 0.255
  Arrival Time                  0.301
  Slack Time                    0.046
     Clock Rise Edge                 0.000
     + Clock Network Latency (Prop)  -0.000
     = Beginpoint Arrival Time       -0.000
     +-----------------------------------------------------------------------------+ 
     |      Instance       |     Arc      |   Cell    | Delay | Arrival | Required | 
     |                     |              |           |       |  Time   |   Time   | 
     |---------------------+--------------+-----------+-------+---------+----------| 
     | out_addr_q_reg[0]   | CK ^         |           |       |  -0.000 |   -0.046 | 
     | out_addr_q_reg[0]   | CK ^ -> Q ^  | DFFHQX1   | 0.170 |   0.170 |    0.123 | 
     | FE_PHC20_out_addr_0 | A ^ -> Y ^   | BUFX3     | 0.056 |   0.225 |    0.179 | 
     | g5934__2398         | A0N ^ -> Y ^ | OAI2BB1X1 | 0.076 |   0.301 |    0.255 | 
     | out_addr_q_reg[0]   | D ^          | DFFHQX1   | 0.000 |   0.301 |    0.255 | 
     +-----------------------------------------------------------------------------+ 
Path 41: MET Hold Check with Pin pending_q_reg[12]/CK 
Endpoint:   pending_q_reg[12]/D (^) checked with  leading edge of 'clk'
Beginpoint: pending_q_reg[12]/Q (^) triggered by  leading edge of 'clk'
Path Groups: {clk}
Analysis View: hold_view
Other End Arrival Time          0.087
+ Hold                         -0.053
+ Phase Shift                   0.000
+ Uncertainty                   0.200
= Required Time                 0.234
  Arrival Time                  0.309
  Slack Time                    0.075
     Clock Rise Edge                 0.000
     + Clock Network Latency (Prop)  -0.001
     = Beginpoint Arrival Time       -0.001
     +--------------------------------------------------------------------------+ 
     |     Instance      |     Arc     |   Cell    | Delay | Arrival | Required | 
     |                   |             |           |       |  Time   |   Time   | 
     |-------------------+-------------+-----------+-------+---------+----------| 
     | pending_q_reg[12] | CK ^        |           |       |  -0.001 |   -0.076 | 
     | pending_q_reg[12] | CK ^ -> Q ^ | DFFTRX1   | 0.195 |   0.194 |    0.118 | 
     | g6089__5115       | B0 ^ -> Y v | AOI2BB1X1 | 0.063 |   0.257 |    0.182 | 
     | g5989__6783       | B0 v -> Y ^ | AOI31X1   | 0.052 |   0.309 |    0.234 | 
     | pending_q_reg[12] | D ^         | DFFTRX1   | 0.000 |   0.309 |    0.234 | 
     +--------------------------------------------------------------------------+ 
Path 42: MET Hold Check with Pin pending_q_reg[6]/CK 
Endpoint:   pending_q_reg[6]/D (^) checked with  leading edge of 'clk'
Beginpoint: pending_q_reg[6]/Q (^) triggered by  leading edge of 'clk'
Path Groups: {clk}
Analysis View: hold_view
Other End Arrival Time          0.089
+ Hold                         -0.053
+ Phase Shift                   0.000
+ Uncertainty                   0.200
= Required Time                 0.235
  Arrival Time                  0.311
  Slack Time                    0.076
     Clock Rise Edge                 0.000
     + Clock Network Latency (Prop)  0.001
     = Beginpoint Arrival Time       0.001
     +-------------------------------------------------------------------------+ 
     |     Instance     |     Arc     |   Cell    | Delay | Arrival | Required | 
     |                  |             |           |       |  Time   |   Time   | 
     |------------------+-------------+-----------+-------+---------+----------| 
     | pending_q_reg[6] | CK ^        |           |       |   0.001 |   -0.076 | 
     | pending_q_reg[6] | CK ^ -> Q ^ | DFFTRX1   | 0.198 |   0.199 |    0.123 | 
     | g6088__1881      | B0 ^ -> Y v | AOI2BB1X1 | 0.058 |   0.257 |    0.181 | 
     | g5969__8428      | B0 v -> Y ^ | AOI21XL   | 0.054 |   0.311 |    0.235 | 
     | pending_q_reg[6] | D ^         | DFFTRX1   | 0.000 |   0.311 |    0.235 | 
     +-------------------------------------------------------------------------+ 
Path 43: MET Hold Check with Pin pending_q_reg[4]/CK 
Endpoint:   pending_q_reg[4]/D (^) checked with  leading edge of 'clk'
Beginpoint: pending_q_reg[4]/Q (^) triggered by  leading edge of 'clk'
Path Groups: {clk}
Analysis View: hold_view
Other End Arrival Time          0.090
+ Hold                         -0.054
+ Phase Shift                   0.000
+ Uncertainty                   0.200
= Required Time                 0.236
  Arrival Time                  0.314
  Slack Time                    0.077
     Clock Rise Edge                 0.000
     + Clock Network Latency (Prop)  0.002
     = Beginpoint Arrival Time       0.002
     +-------------------------------------------------------------------------+ 
     |     Instance     |     Arc     |   Cell    | Delay | Arrival | Required | 
     |                  |             |           |       |  Time   |   Time   | 
     |------------------+-------------+-----------+-------+---------+----------| 
     | pending_q_reg[4] | CK ^        |           |       |   0.002 |   -0.075 | 
     | pending_q_reg[4] | CK ^ -> Q ^ | DFFTRX1   | 0.195 |   0.197 |    0.120 | 
     | g6087__6131      | B0 ^ -> Y v | AOI2BB1X1 | 0.066 |   0.263 |    0.185 | 
     | g5966__1666      | B0 v -> Y ^ | AOI31X1   | 0.051 |   0.314 |    0.236 | 
     | pending_q_reg[4] | D ^         | DFFTRX1   | 0.000 |   0.314 |    0.236 | 
     +-------------------------------------------------------------------------+ 
Path 44: MET Hold Check with Pin pending_q_reg[8]/CK 
Endpoint:   pending_q_reg[8]/D (^) checked with  leading edge of 'clk'
Beginpoint: pending_q_reg[8]/Q (^) triggered by  leading edge of 'clk'
Path Groups: {clk}
Analysis View: hold_view
Other End Arrival Time          0.089
+ Hold                         -0.053
+ Phase Shift                   0.000
+ Uncertainty                   0.200
= Required Time                 0.236
  Arrival Time                  0.317
  Slack Time                    0.081
     Clock Rise Edge                 0.000
     + Clock Network Latency (Prop)  0.001
     = Beginpoint Arrival Time       0.001
     +-------------------------------------------------------------------------+ 
     |     Instance     |     Arc     |   Cell    | Delay | Arrival | Required | 
     |                  |             |           |       |  Time   |   Time   | 
     |------------------+-------------+-----------+-------+---------+----------| 
     | pending_q_reg[8] | CK ^        |           |       |   0.001 |   -0.080 | 
     | pending_q_reg[8] | CK ^ -> Q ^ | DFFTRX1   | 0.198 |   0.199 |    0.117 | 
     | g6076__1705      | B0 ^ -> Y v | AOI2BB1X1 | 0.066 |   0.265 |    0.183 | 
     | g5983__1705      | B0 v -> Y ^ | AOI31X1   | 0.053 |   0.317 |    0.236 | 
     | pending_q_reg[8] | D ^         | DFFTRX1   | 0.000 |   0.317 |    0.236 | 
     +-------------------------------------------------------------------------+ 
Path 45: MET Hold Check with Pin pending_q_reg[10]/CK 
Endpoint:   pending_q_reg[10]/D (^) checked with  leading edge of 'clk'
Beginpoint: pending_q_reg[10]/Q (^) triggered by  leading edge of 'clk'
Path Groups: {clk}
Analysis View: hold_view
Other End Arrival Time          0.090
+ Hold                         -0.053
+ Phase Shift                   0.000
+ Uncertainty                   0.200
= Required Time                 0.236
  Arrival Time                  0.318
  Slack Time                    0.082
     Clock Rise Edge                 0.000
     + Clock Network Latency (Prop)  0.002
     = Beginpoint Arrival Time       0.002
     +--------------------------------------------------------------------------+ 
     |     Instance      |     Arc     |   Cell    | Delay | Arrival | Required | 
     |                   |             |           |       |  Time   |   Time   | 
     |-------------------+-------------+-----------+-------+---------+----------| 
     | pending_q_reg[10] | CK ^        |           |       |   0.002 |   -0.080 | 
     | pending_q_reg[10] | CK ^ -> Q ^ | DFFTRX1   | 0.201 |   0.202 |    0.120 | 
     | g6078__1617       | B0 ^ -> Y v | AOI2BB1X1 | 0.058 |   0.260 |    0.178 | 
     | g5967__6260       | B0 v -> Y ^ | AOI31XL   | 0.058 |   0.318 |    0.236 | 
     | pending_q_reg[10] | D ^         | DFFTRX1   | 0.000 |   0.318 |    0.236 | 
     +--------------------------------------------------------------------------+ 
Path 46: MET Hold Check with Pin pending_q_reg[0]/CK 
Endpoint:   pending_q_reg[0]/D (^) checked with  leading edge of 'clk'
Beginpoint: pending_q_reg[0]/Q (^) triggered by  leading edge of 'clk'
Path Groups: {clk}
Analysis View: hold_view
Other End Arrival Time          0.090
+ Hold                         -0.053
+ Phase Shift                   0.000
+ Uncertainty                   0.200
= Required Time                 0.236
  Arrival Time                  0.320
  Slack Time                    0.084
     Clock Rise Edge                 0.000
     + Clock Network Latency (Prop)  0.002
     = Beginpoint Arrival Time       0.002
     +-------------------------------------------------------------------------+ 
     |     Instance     |     Arc     |   Cell    | Delay | Arrival | Required | 
     |                  |             |           |       |  Time   |   Time   | 
     |------------------+-------------+-----------+-------+---------+----------| 
     | pending_q_reg[0] | CK ^        |           |       |   0.002 |   -0.082 | 
     | pending_q_reg[0] | CK ^ -> Q ^ | DFFTRX1   | 0.199 |   0.200 |    0.117 | 
     | g6086__6161      | B0 ^ -> Y v | AOI2BB1X1 | 0.065 |   0.266 |    0.182 | 
     | g5968__5115      | B0 v -> Y ^ | AOI31X1   | 0.054 |   0.320 |    0.236 | 
     | pending_q_reg[0] | D ^         | DFFTRX1   | 0.000 |   0.320 |    0.236 | 
     +-------------------------------------------------------------------------+ 
Path 47: MET Hold Check with Pin pending_q_reg[14]/CK 
Endpoint:   pending_q_reg[14]/D (^) checked with  leading edge of 'clk'
Beginpoint: pending_q_reg[14]/Q (^) triggered by  leading edge of 'clk'
Path Groups: {clk}
Analysis View: hold_view
Other End Arrival Time          0.087
+ Hold                         -0.053
+ Phase Shift                   0.000
+ Uncertainty                   0.200
= Required Time                 0.234
  Arrival Time                  0.323
  Slack Time                    0.089
     Clock Rise Edge                 0.000
     + Clock Network Latency (Prop)  -0.001
     = Beginpoint Arrival Time       -0.001
     +--------------------------------------------------------------------------+ 
     |     Instance      |     Arc     |   Cell    | Delay | Arrival | Required | 
     |                   |             |           |       |  Time   |   Time   | 
     |-------------------+-------------+-----------+-------+---------+----------| 
     | pending_q_reg[14] | CK ^        |           |       |  -0.001 |   -0.089 | 
     | pending_q_reg[14] | CK ^ -> Q ^ | DFFTRX1   | 0.207 |   0.207 |    0.118 | 
     | g6077__3680       | B0 ^ -> Y v | AOI2BB1X1 | 0.064 |   0.271 |    0.182 | 
     | g5990__2398       | B0 v -> Y ^ | AOI31X1   | 0.052 |   0.323 |    0.234 | 
     | pending_q_reg[14] | D ^         | DFFTRX1   | 0.000 |   0.323 |    0.234 | 
     +--------------------------------------------------------------------------+ 
Path 48: MET Hold Check with Pin pending_q_reg[7]/CK 
Endpoint:   pending_q_reg[7]/D (^) checked with  leading edge of 'clk'
Beginpoint: pending_q_reg[7]/Q (^) triggered by  leading edge of 'clk'
Path Groups: {clk}
Analysis View: hold_view
Other End Arrival Time          0.088
+ Hold                         -0.053
+ Phase Shift                   0.000
+ Uncertainty                   0.200
= Required Time                 0.235
  Arrival Time                  0.327
  Slack Time                    0.092
     Clock Rise Edge                 0.000
     + Clock Network Latency (Prop)  0.000
     = Beginpoint Arrival Time       0.000
     +-------------------------------------------------------------------------+ 
     |     Instance     |     Arc     |   Cell    | Delay | Arrival | Required | 
     |                  |             |           |       |  Time   |   Time   | 
     |------------------+-------------+-----------+-------+---------+----------| 
     | pending_q_reg[7] | CK ^        |           |       |   0.000 |   -0.091 | 
     | pending_q_reg[7] | CK ^ -> Q ^ | DFFTRX1   | 0.199 |   0.200 |    0.108 | 
     | g6091__2883      | B0 ^ -> Y v | AOI2BB1X1 | 0.069 |   0.269 |    0.177 | 
     | g5961__4319      | B0 v -> Y ^ | AOI21XL   | 0.058 |   0.327 |    0.235 | 
     | pending_q_reg[7] | D ^         | DFFTRX1   | 0.000 |   0.327 |    0.235 | 
     +-------------------------------------------------------------------------+ 
Path 49: MET Hold Check with Pin pending_q_reg[1]/CK 
Endpoint:   pending_q_reg[1]/D (^) checked with  leading edge of 'clk'
Beginpoint: pending_q_reg[1]/Q (^) triggered by  leading edge of 'clk'
Path Groups: {clk}
Analysis View: hold_view
Other End Arrival Time          0.089
+ Hold                         -0.052
+ Phase Shift                   0.000
+ Uncertainty                   0.200
= Required Time                 0.237
  Arrival Time                  0.329
  Slack Time                    0.092
     Clock Rise Edge                 0.000
     + Clock Network Latency (Prop)  0.001
     = Beginpoint Arrival Time       0.001
     +-------------------------------------------------------------------------+ 
     |     Instance     |     Arc     |   Cell    | Delay | Arrival | Required | 
     |                  |             |           |       |  Time   |   Time   | 
     |------------------+-------------+-----------+-------+---------+----------| 
     | pending_q_reg[1] | CK ^        |           |       |   0.001 |   -0.090 | 
     | pending_q_reg[1] | CK ^ -> Q ^ | DFFTRX1   | 0.197 |   0.199 |    0.107 | 
     | g6093__4733      | B0 ^ -> Y v | AOI2BB1X1 | 0.063 |   0.262 |    0.170 | 
     | g5963__8246      | B0 v -> Y ^ | AOI21XL   | 0.067 |   0.329 |    0.237 | 
     | pending_q_reg[1] | D ^         | DFFTRX1   | 0.000 |   0.329 |    0.237 | 
     +-------------------------------------------------------------------------+ 
Path 50: MET Hold Check with Pin pending_q_reg[15]/CK 
Endpoint:   pending_q_reg[15]/D (^) checked with  leading edge of 'clk'
Beginpoint: pending_q_reg[15]/Q (^) triggered by  leading edge of 'clk'
Path Groups: {clk}
Analysis View: hold_view
Other End Arrival Time          0.087
+ Hold                         -0.052
+ Phase Shift                   0.000
+ Uncertainty                   0.200
= Required Time                 0.234
  Arrival Time                  0.327
  Slack Time                    0.093
     Clock Rise Edge                 0.000
     + Clock Network Latency (Prop)  -0.001
     = Beginpoint Arrival Time       -0.001
     +--------------------------------------------------------------------------+ 
     |     Instance      |     Arc     |   Cell    | Delay | Arrival | Required | 
     |                   |             |           |       |  Time   |   Time   | 
     |-------------------+-------------+-----------+-------+---------+----------| 
     | pending_q_reg[15] | CK ^        |           |       |  -0.001 |   -0.094 | 
     | pending_q_reg[15] | CK ^ -> Q ^ | DFFTRX1   | 0.194 |   0.193 |    0.100 | 
     | g6082__8246       | B0 ^ -> Y v | AOI2BB1X1 | 0.055 |   0.248 |    0.155 | 
     | g5977__2802       | B0 v -> Y ^ | AOI2BB1XL | 0.080 |   0.327 |    0.234 | 
     | pending_q_reg[15] | D ^         | DFFTRX1   | 0.000 |   0.327 |    0.234 | 
     +--------------------------------------------------------------------------+ 

