#-----------------------------------------------------------
# xsim v2020.2 (64-bit)
# SW Build 3064766 on Wed Nov 18 09:12:45 MST 2020
# IP Build 3064653 on Wed Nov 18 14:17:31 MST 2020
# Start of session at: Wed Aug 26 14:50:44 2026
# Process ID: 45816
# Current directory: <LOCAL_WORKSPACE>/sim/aer64_rr_work
# Command line: xsim.exe -log <LOCAL_WORKSPACE>\sim\logs\aer64_rr_rtl.log -mode tcl -source {xsim.dir/aer64_rr_sim/xsim_script.tcl}
# Log file: <LOCAL_WORKSPACE>/sim/logs/aer64_rr_rtl.log
# Journal file: <LOCAL_WORKSPACE>/sim/aer64_rr_work\xsim.jou
#-----------------------------------------------------------
source xsim.dir/aer64_rr_sim/xsim_script.tcl
# xsim {aer64_rr_sim} -autoloadwcfg -tclbatch {<LOCAL_WORKSPACE>/scripts/xsim_aer64_vcd.tcl}
Vivado Simulator 2020.2
Time resolution is 1 ps
source <LOCAL_WORKSPACE>/scripts/xsim_aer64_vcd.tcl
## if {![info exists ::env(AER64_VCD_PATH)]} {error "AER64_VCD_PATH is required"}
## open_vcd $::env(AER64_VCD_PATH)
## log_vcd [get_objects -r /aer64_pending_rr_tb/grouped_dut/*]
## log_vcd [get_objects -r /aer64_pending_rr_tb/iprra_dut/*]
## run all
METRIC aer64_selector_cases=36992
METRIC aer64_transfers=68
METRIC aer64_min_gap=1
METRIC aer64_max_gap=4
METRIC aer64_state_ff_expected=265
METRIC aer64_errors=0
AER64_PENDING_RR_TEST_PASS
$finish called at time : 38336 ns : File "<LOCAL_WORKSPACE>/tb/aer64_pending_rr_tb.sv" Line 131
## close_vcd
## quit
INFO: [Common 17-206] Exiting xsim at Wed Aug 26 14:50:50 2026...
