#-----------------------------------------------------------
# xsim v2020.2 (64-bit)
# SW Build 3064766 on Wed Nov 18 09:12:45 MST 2020
# IP Build 3064653 on Wed Nov 18 14:17:31 MST 2020
# Start of session at: Wed Aug 19 12:24:28 2026
# Process ID: 45104
# Current directory: C:/Users/YangGeon/Documents/2026_AI_SEMI/sim/improved_hierarchical_order_rtl_work
# Command line: xsim.exe -log C:\Users\YangGeon\Documents\2026_AI_SEMI\sim\logs\improved_hierarchical_order_rtl.log -mode tcl -source {xsim.dir/improved_hierarchical_order_rtl_sim/xsim_script.tcl}
# Log file: C:/Users/YangGeon/Documents/2026_AI_SEMI/sim/logs/improved_hierarchical_order_rtl.log
# Journal file: C:/Users/YangGeon/Documents/2026_AI_SEMI/sim/improved_hierarchical_order_rtl_work\xsim.jou
#-----------------------------------------------------------
source xsim.dir/improved_hierarchical_order_rtl_sim/xsim_script.tcl
# xsim {improved_hierarchical_order_rtl_sim} -autoloadwcfg -runall
Vivado Simulator 2020.2
Time resolution is 1 ps
run -all
METRIC p2_order_events=16
METRIC p2_order_errors=0
P2_ORDER_TEST_PASS events=16
$finish called at time : 395 ns : File "C:/Users/YangGeon/Documents/2026_AI_SEMI/tb/aer_improved_hierarchical_order_tb.sv" Line 101
exit
INFO: [Common 17-206] Exiting xsim at Wed Aug 19 12:24:33 2026...
