#-----------------------------------------------------------
# xsim v2020.2 (64-bit)
# SW Build 3064766 on Wed Nov 18 09:12:45 MST 2020
# IP Build 3064653 on Wed Nov 18 14:17:31 MST 2020
# Start of session at: Wed Aug 19 15:36:27 2026
# Process ID: 53092
# Current directory: C:/Users/YangGeon/Documents/2026_AI_SEMI/sim/improved_depth1_gate_work
# Command line: xsim.exe -log C:\Users\YangGeon\Documents\2026_AI_SEMI\sim\logs\improved_depth1_gate.log -mode tcl -source {xsim.dir/improved_depth1_gate_sim/xsim_script.tcl}
# Log file: C:/Users/YangGeon/Documents/2026_AI_SEMI/sim/logs/improved_depth1_gate.log
# Journal file: C:/Users/YangGeon/Documents/2026_AI_SEMI/sim/improved_depth1_gate_work\xsim.jou
#-----------------------------------------------------------
source xsim.dir/improved_depth1_gate_sim/xsim_script.tcl
# xsim {improved_depth1_gate_sim} -autoloadwcfg -runall
Vivado Simulator 2020.2
Time resolution is 1 ps
run -all
TEST_START improved_single_event
TEST_START improved_simultaneous_all_sources
TEST_START improved_burst_source_5
TEST_START improved_receiver_stall
TEST_START improved_no_stall_saturation
METRIC improved_saturation_events=64
METRIC improved_saturation_elapsed_cycles=68
METRIC improved_saturation_gap_sum_cycles=63
METRIC improved_saturation_min_gap_cycles=1
METRIC improved_saturation_max_gap_cycles=1
TEST_START improved_hotspot_round_robin
METRIC improved_hotspot_source15_latency_cycles=4
TEST_START improved_reset_held_request
TEST_START improved_independent_streams
METRIC improved_events_offered=139
METRIC improved_events_accepted=139
METRIC improved_events_received=139
METRIC improved_avg_latency_cycles_x1000=16539
METRIC improved_max_latency_cycles=29
METRIC improved_assertion_errors=0
TEST_PASS improved issued=139 received=139
$finish called at time : 2935 ns : File "C:/Users/YangGeon/Documents/2026_AI_SEMI/tb/aer_improved_hybrid_tb.sv" Line 354
exit
INFO: [Common 17-206] Exiting xsim at Wed Aug 19 15:36:32 2026...
