#-----------------------------------------------------------
# xsim v2020.2 (64-bit)
# SW Build 3064766 on Wed Nov 18 09:12:45 MST 2020
# IP Build 3064653 on Wed Nov 18 14:17:31 MST 2020
# Start of session at: Wed Aug 19 15:37:10 2026
# Process ID: 17200
# Current directory: C:/Users/YangGeon/Documents/2026_AI_SEMI/sim/improved_depth1_order_gate_work
# Command line: xsim.exe -log C:\Users\YangGeon\Documents\2026_AI_SEMI\sim\logs\improved_depth1_order_gate.log -mode tcl -source {xsim.dir/improved_depth1_order_gate_sim/xsim_script.tcl}
# Log file: C:/Users/YangGeon/Documents/2026_AI_SEMI/sim/logs/improved_depth1_order_gate.log
# Journal file: C:/Users/YangGeon/Documents/2026_AI_SEMI/sim/improved_depth1_order_gate_work\xsim.jou
#-----------------------------------------------------------
source xsim.dir/improved_depth1_order_gate_sim/xsim_script.tcl
# xsim {improved_depth1_order_gate_sim} -autoloadwcfg -runall
Vivado Simulator 2020.2
Time resolution is 1 ps
run -all
METRIC p2_order_events=16
METRIC p2_order_errors=0
P2_ORDER_TEST_PASS events=16
$finish called at time : 405 ns : File "C:/Users/YangGeon/Documents/2026_AI_SEMI/tb/aer_improved_hierarchical_order_tb.sv" Line 101
exit
INFO: [Common 17-206] Exiting xsim at Wed Aug 19 15:37:15 2026...
