Vivado Simulator 2020.2
Copyright 1986-1999, 2001-2020 Xilinx, Inc. All Rights Reserved.
Running: C:/Xilinx/Vivado/2020.2/bin/unwrapped/win64.o/xelab.exe worklib.aer_improved_hierarchical_order_tb worklib.glbl -s improved_depth1_order_gate_sim --debug typical -L unisims_ver --log C:\Users\YangGeon\Documents\2026_AI_SEMI\sim\logs\improved_depth1_order_gate_elaborate.log 
Multi-threading is on. Using 30 slave threads.
Starting static elaboration
Pass Through NonSizing Optimizer
Completed static elaboration
Starting simulation data flow analysis
Completed simulation data flow analysis
Time Resolution for simulation is 1ps
Compiling module unisims_ver.x_lut3_mux8
Compiling module unisims_ver.LUT3
Compiling module unisims_ver.FDCE_default
Compiling module unisims_ver.BUFG
Compiling module unisims_ver.IBUF
Compiling module unisims_ver.LUT4
Compiling module unisims_ver.x_lut1_mux2
Compiling module unisims_ver.LUT1(INIT=2'b01)
Compiling module unisims_ver.LUT5
Compiling module unisims_ver.LUT6
Compiling module unisims_ver.OBUF
Compiling module unisims_ver.x_lut2_mux4
Compiling module unisims_ver.LUT2(INIT=4'b0111)
Compiling module worklib.aer_improved_depth1
Compiling module worklib.aer_improved_hierarchical_defaul...
Compiling module worklib.aer_improved_hierarchical_order_...
Compiling module worklib.glbl
Built simulation snapshot improved_depth1_order_gate_sim
