#-----------------------------------------------------------
# xsim v2020.2 (64-bit)
# SW Build 3064766 on Wed Nov 18 09:12:45 MST 2020
# IP Build 3064653 on Wed Nov 18 14:17:31 MST 2020
# Start of session at: Fri Aug 21 16:34:17 2026
# Process ID: 37952
# Current directory: <LOCAL_WORKSPACE>/sim/p10_iprra_contract_gate_work
# Command line: xsim.exe -log <LOCAL_WORKSPACE>\sim\logs\p10_iprra_contract_gate.log -mode tcl -source {xsim.dir/p10_iprra_contract_gate_sim/xsim_script.tcl}
# Log file: <LOCAL_WORKSPACE>/sim/logs/p10_iprra_contract_gate.log
# Journal file: <LOCAL_WORKSPACE>/sim/p10_iprra_contract_gate_work\xsim.jou
#-----------------------------------------------------------
source xsim.dir/p10_iprra_contract_gate_sim/xsim_script.tcl
# xsim {p10_iprra_contract_gate_sim} -autoloadwcfg -runall
Vivado Simulator 2020.2
Time resolution is 1 ps
run -all
FAIR_TEST_START sparse
FAIR_TEST_START receiver_stall
FAIR_TEST_START saturation
FAIR_TEST_START hotspot
FAIR_METRIC events=101
FAIR_METRIC address_toggles=114
FAIR_METRIC address_toggles_per_transition_x1000=1140
FAIR_METRIC address_bit_toggles_b0_b1_b2_b3=54,26,18,16
FAIR_METRIC total_source_line_busy_ns=9585
FAIR_METRIC avg_busy_sources_x1000=3536
FAIR_METRIC stall_pre_release_acks=5
FAIR_METRIC stall_not_presented_at_release=0
FAIR_METRIC stall_req_high_at_release=3
FAIR_PHASE phase=0 events=16 internal_toggles=26 output_span_ns=890 avg_demand_to_req_ns_x1000=4000 max_demand_to_req_ns=4 avg_req_to_ack_ns_x1000=25625 max_req_to_ack_ns=35 avg_ack_to_output_ns_x1000=10000 avg_req_to_output_ns_x1000=35625 max_req_to_output_ns=45 avg_demand_to_output_ns_x1000=39625 max_demand_to_output_ns=49 avg_req_to_rearm_ns_x1000=55625
FAIR_PHASE phase=1 events=8 internal_toggles=11 output_span_ns=70 avg_demand_to_req_ns_x1000=34000 max_demand_to_req_ns=64 avg_req_to_ack_ns_x1000=77500 max_req_to_ack_ns=175 avg_ack_to_output_ns_x1000=132500 avg_req_to_output_ns_x1000=210000 max_req_to_output_ns=235 avg_demand_to_output_ns_x1000=244000 max_demand_to_output_ns=279 avg_req_to_rearm_ns_x1000=107500
FAIR_PHASE phase=2 events=64 internal_toggles=63 output_span_ns=630 avg_demand_to_req_ns_x1000=133843 max_demand_to_req_ns=384 avg_req_to_ack_ns_x1000=81250 max_req_to_ack_ns=125 avg_ack_to_output_ns_x1000=138906 avg_req_to_output_ns_x1000=220156 max_req_to_output_ns=285 avg_demand_to_output_ns_x1000=354000 max_demand_to_output_ns=669 avg_req_to_rearm_ns_x1000=111250
FAIR_PHASE phase=3 events=13 internal_toggles=8 output_span_ns=660 avg_demand_to_req_ns_x1000=308615 max_demand_to_req_ns=664 avg_req_to_ack_ns_x1000=25000 max_req_to_ack_ns=25 avg_ack_to_output_ns_x1000=10769 avg_req_to_output_ns_x1000=35769 max_req_to_output_ns=45 avg_demand_to_output_ns_x1000=344384 max_demand_to_output_ns=699 avg_req_to_rearm_ns_x1000=55000
FAIR_METRIC errors=0
AER_CONTRACT_FAIRNESS_PASS
$finish called at time : 2805 ns : File "<LOCAL_WORKSPACE>/tb/aer_contract_fairness_tb.sv" Line 518
exit
INFO: [Common 17-206] Exiting xsim at Fri Aug 21 16:34:22 2026...
