#-----------------------------------------------------------
# xsim v2020.2 (64-bit)
# SW Build 3064766 on Wed Nov 18 09:12:45 MST 2020
# IP Build 3064653 on Wed Nov 18 14:17:31 MST 2020
# Start of session at: Fri Aug 21 16:35:36 2026
# Process ID: 6468
# Current directory: <LOCAL_WORKSPACE>/sim/p10_xor2_broad_gate_work
# Command line: xsim.exe -log <LOCAL_WORKSPACE>\sim\logs\p10_xor2_broad_gate.log -mode tcl -source {xsim.dir/p10_xor2_broad_gate_sim/xsim_script.tcl}
# Log file: <LOCAL_WORKSPACE>/sim/logs/p10_xor2_broad_gate.log
# Journal file: <LOCAL_WORKSPACE>/sim/p10_xor2_broad_gate_work\xsim.jou
#-----------------------------------------------------------
source xsim.dir/p10_xor2_broad_gate_sim/xsim_script.tcl
# xsim {p10_xor2_broad_gate_sim} -autoloadwcfg -runall
Vivado Simulator 2020.2
Time resolution is 1 ps
run -all
TEST_START sr_single
TEST_START sr_simultaneous
TEST_START sr_burst
TEST_START sr_stall
TEST_START sr_saturation
TEST_START sr_hotspot
TEST_START sr_reset_held
TEST_START sr_independent
METRIC sr_events_offered=139
METRIC sr_events_received=139
METRIC sr_avg_latency_x1000=15589
METRIC sr_max_latency=28
METRIC sr_hotspot_latency=3
METRIC sr_address_toggles=149
METRIC sr_saturation_events=64
METRIC sr_saturation_elapsed=67
METRIC sr_saturation_min_gap=1
METRIC sr_saturation_max_gap=1
METRIC sr_errors=0
SOURCE_RESIDENT_TEST_PASS
$finish called at time : 2845 ns : File "<LOCAL_WORKSPACE>/tb/aer_source_resident_tb.sv" Line 135
exit
INFO: [Common 17-206] Exiting xsim at Fri Aug 21 16:35:41 2026...
