#-----------------------------------------------------------
# xsim v2020.2 (64-bit)
# SW Build 3064766 on Wed Nov 18 09:12:45 MST 2020
# IP Build 3064653 on Wed Nov 18 14:17:31 MST 2020
# Start of session at: Fri Aug 21 14:54:34 2026
# Process ID: 34352
# Current directory: <LOCAL_WORKSPACE>/sim/p10_iprra_fair_rtl_work
# Command line: xsim.exe -log <LOCAL_WORKSPACE>\sim\logs\p10_iprra_fair_rtl.log -mode tcl -source {xsim.dir/p10_iprra_fair_rtl_sim/xsim_script.tcl}
# Log file: <LOCAL_WORKSPACE>/sim/logs/p10_iprra_fair_rtl.log
# Journal file: <LOCAL_WORKSPACE>/sim/p10_iprra_fair_rtl_work\xsim.jou
#-----------------------------------------------------------
source xsim.dir/p10_iprra_fair_rtl_sim/xsim_script.tcl
# xsim {p10_iprra_fair_rtl_sim} -autoloadwcfg -runall
Vivado Simulator 2020.2
Time resolution is 1 ps
run -all
METRIC p10_selector_exhaustive_cases=1048576
METRIC p10_full_cycle_toggles=16
METRIC p10_worst_service_decisions=16
METRIC p10_errors=0
P10_CANDIDATE_FAIR_TEST_PASS
$finish called at time : 1048896 ns : File "<LOCAL_WORKSPACE>/tb/aer_p10_candidate_fair_tb.sv" Line 84
run: Time (s): cpu = 00:00:00 ; elapsed = 00:00:10 . Memory (MB): peak = 917.754 ; gain = 0.000
exit
INFO: [Common 17-206] Exiting xsim at Fri Aug 21 14:54:49 2026...
