#-----------------------------------------------------------
# xsim v2020.2 (64-bit)
# SW Build 3064766 on Wed Nov 18 09:12:45 MST 2020
# IP Build 3064653 on Wed Nov 18 14:17:31 MST 2020
# Start of session at: Fri Aug 21 16:34:43 2026
# Process ID: 36496
# Current directory: <LOCAL_WORKSPACE>/sim/p10_xor1_fair_gate_work
# Command line: xsim.exe -log <LOCAL_WORKSPACE>\sim\logs\p10_xor1_fair_gate.log -mode tcl -source {xsim.dir/p10_xor1_fair_gate_sim/xsim_script.tcl}
# Log file: <LOCAL_WORKSPACE>/sim/logs/p10_xor1_fair_gate.log
# Journal file: <LOCAL_WORKSPACE>/sim/p10_xor1_fair_gate_work\xsim.jou
#-----------------------------------------------------------
source xsim.dir/p10_xor1_fair_gate_sim/xsim_script.tcl
# xsim {p10_xor1_fair_gate_sim} -autoloadwcfg -runall
Vivado Simulator 2020.2
Time resolution is 1 ps
run -all
METRIC p10_selector_exhaustive_cases=rtl_only
METRIC p10_full_cycle_toggles=22
METRIC p10_worst_service_decisions=16
METRIC p10_errors=0
P10_CANDIDATE_FAIR_TEST_PASS
$finish called at time : 336 ns : File "<LOCAL_WORKSPACE>/tb/aer_p10_candidate_fair_tb.sv" Line 84
exit
INFO: [Common 17-206] Exiting xsim at Fri Aug 21 16:34:48 2026...
