#-----------------------------------------------------------
# xsim v2020.2 (64-bit)
# SW Build 3064766 on Wed Nov 18 09:12:45 MST 2020
# IP Build 3064653 on Wed Nov 18 14:17:31 MST 2020
# Start of session at: Thu Aug 20 12:43:42 2026
# Process ID: 46980
# Current directory: <WORKSPACE>/sim/p7ge_ft_work
# Command line: xsim.exe -log <WORKSPACE>\sim\logs\p7ge_ft.log -mode tcl -source {xsim.dir/p7ge_ft_sim/xsim_script.tcl}
# Log file: <WORKSPACE>/sim/logs/p7ge_ft.log
# Journal file: <WORKSPACE>/sim/p7ge_ft_work\xsim.jou
#-----------------------------------------------------------
source xsim.dir/p7ge_ft_sim/xsim_script.tcl
# xsim {p7ge_ft_sim} -autoloadwcfg -runall
Vivado Simulator 2020.2
Time resolution is 1 ps
run -all
TEST_START p7_ft_single_latency_delta
METRIC p7_ft_latency_reduction_cycles=1
TEST_START p7_ft_stall_hold
TEST_START p7_ft_saturation
METRIC p7_ft_saturation_events=16
METRIC p7_ft_saturation_min_gap=1
METRIC p7_ft_saturation_max_gap=1
METRIC p7_ft_errors=0
P7_GRAY_EPOCH_FALLTHROUGH_TEST_PASS
$finish called at time : 736 ns : File "<WORKSPACE>/tb/aer_pending_gray_epoch_fallthrough_tb.sv" Line 284
exit
INFO: [Common 17-206] Exiting xsim at Thu Aug 20 12:43:45 2026...
