#-----------------------------------------------------------
# xsim v2020.2 (64-bit)
# SW Build 3064766 on Wed Nov 18 09:12:45 MST 2020
# IP Build 3064653 on Wed Nov 18 14:17:31 MST 2020
# Start of session at: Fri Aug 21 01:38:57 2026
# Process ID: 8812
# Current directory: <WORKSPACE>/sim/p8_dgscr_reset_gate_work
# Command line: xsim.exe -log <WORKSPACE>\sim\logs\p8_dgscr_reset_gate.log -mode tcl -source {xsim.dir/p8_dgscr_reset_gate_sim/xsim_script.tcl}
# Log file: <WORKSPACE>/sim/logs/p8_dgscr_reset_gate.log
# Journal file: <WORKSPACE>/sim/p8_dgscr_reset_gate_work\xsim.jou
#-----------------------------------------------------------
source xsim.dir/p8_dgscr_reset_gate_sim/xsim_script.tcl
# xsim {p8_dgscr_reset_gate_sim} -autoloadwcfg -runall
Vivado Simulator 2020.2
Time resolution is 1 ps
run -all
METRIC p8_dgscr_clockless_reset_checks=4
METRIC p8_dgscr_restart_transfers=2
METRIC p8_dgscr_reset_errors=0
P8_DGSCR_RESET_TEST_PASS
$finish called at time : 246 ns : File "<WORKSPACE>/tb/aer_p8_dgscr_reset_tb.sv" Line 166
exit
INFO: [Common 17-206] Exiting xsim at Fri Aug 21 01:39:03 2026...
