#-----------------------------------------------------------
# xsim v2020.2 (64-bit)
# SW Build 3064766 on Wed Nov 18 09:12:45 MST 2020
# IP Build 3064653 on Wed Nov 18 14:17:31 MST 2020
# Start of session at: Fri Aug 21 03:45:01 2026
# Process ID: 52972
# Current directory: <LOCAL_WORKSPACE>/sim/p9_br_fair_rtl_work
# Command line: xsim.exe -log <LOCAL_WORKSPACE>\sim\logs\p9_br_fair_rtl.log -mode tcl -source {xsim.dir/p9_br_fair_rtl_sim/xsim_script.tcl}
# Log file: <LOCAL_WORKSPACE>/sim/logs/p9_br_fair_rtl.log
# Journal file: <LOCAL_WORKSPACE>/sim/p9_br_fair_rtl_work\xsim.jou
#-----------------------------------------------------------
source xsim.dir/p9_br_fair_rtl_sim/xsim_script.tcl
# xsim {p9_br_fair_rtl_sim} -autoloadwcfg -runall
Vivado Simulator 2020.2
Time resolution is 1 ps
run -all
METRIC p9_br_exhaustive_cases=1048576
METRIC p9_br_full_order=0,1,2,3,4,5,6,7,8,9,10,11,12,13,14,15
METRIC p9_br_worst_service_decisions=16
METRIC p9_br_errors=0
P9_BINARY_RING_FAIR_TEST_PASS
$finish called at time : 1048896 ns : File "<LOCAL_WORKSPACE>/tb/aer_p9_binary_ring_fair_tb.sv" Line 163
exit
INFO: [Common 17-206] Exiting xsim at Fri Aug 21 03:45:11 2026...
