#-----------------------------------------------------------
# xsim v2020.2 (64-bit)
# SW Build 3064766 on Wed Nov 18 09:12:45 MST 2020
# IP Build 3064653 on Wed Nov 18 14:17:31 MST 2020
# Start of session at: Fri Aug 21 05:08:39 2026
# Process ID: 42056
# Current directory: <LOCAL_WORKSPACE>/sim/p9_cycle_equivalence_work
# Command line: xsim.exe -log <LOCAL_WORKSPACE>\sim\logs\p9_cycle_equivalence_rtl.log -mode tcl -source {xsim.dir/p9_cycle_equivalence_sim/xsim_script.tcl}
# Log file: <LOCAL_WORKSPACE>/sim/logs/p9_cycle_equivalence_rtl.log
# Journal file: <LOCAL_WORKSPACE>/sim/p9_cycle_equivalence_work\xsim.jou
#-----------------------------------------------------------
source xsim.dir/p9_cycle_equivalence_sim/xsim_script.tcl
# xsim {p9_cycle_equivalence_sim} -autoloadwcfg -runall
Vivado Simulator 2020.2
Time resolution is 1 ps
run -all
METRIC p9_cycle_equivalence_cycles=4007
METRIC p9_cycle_equivalence_candidates=3
METRIC p9_cycle_equivalence_errors=0
P9_CYCLE_EQUIVALENCE_PASS
$finish called at time : 40070 ns : File "<LOCAL_WORKSPACE>/tb/aer_p9_cycle_equivalence_tb.sv" Line 126
exit
INFO: [Common 17-206] Exiting xsim at Fri Aug 21 05:08:42 2026...
