#-----------------------------------------------------------
# xsim v2020.2 (64-bit)
# SW Build 3064766 on Wed Nov 18 09:12:45 MST 2020
# IP Build 3064653 on Wed Nov 18 14:17:31 MST 2020
# Start of session at: Fri Aug 21 05:05:09 2026
# Process ID: 6720
# Current directory: <LOCAL_WORKSPACE>/sim/p9_grr_cdc_gate_work
# Command line: xsim.exe -log <LOCAL_WORKSPACE>\sim\logs\p9_grr_cdc_gate.log -mode tcl -source {xsim.dir/p9_grr_cdc_gate_sim/xsim_script.tcl}
# Log file: <LOCAL_WORKSPACE>/sim/logs/p9_grr_cdc_gate.log
# Journal file: <LOCAL_WORKSPACE>/sim/p9_grr_cdc_gate_work\xsim.jou
#-----------------------------------------------------------
source xsim.dir/p9_grr_cdc_gate_sim/xsim_script.tcl
# xsim {p9_grr_cdc_gate_sim} -autoloadwcfg -runall
Vivado Simulator 2020.2
Time resolution is 1 ps
run -all
METRIC improved_cdc_phase_trials=192
METRIC improved_cdc_phase_received=192
METRIC improved_cdc_phase_errors=0
CDC_PHASE_TEST_PASS trials=192
$finish called at time : 25075001 ps : File "<LOCAL_WORKSPACE>/tb/aer_improved_cdc_phase_tb.sv" Line 178
exit
INFO: [Common 17-206] Exiting xsim at Fri Aug 21 05:05:11 2026...
