#-----------------------------------------------------------
# xsim v2020.2 (64-bit)
# SW Build 3064766 on Wed Nov 18 09:12:45 MST 2020
# IP Build 3064653 on Wed Nov 18 14:17:31 MST 2020
# Start of session at: Fri Aug 21 05:06:43 2026
# Process ID: 33076
# Current directory: <LOCAL_WORKSPACE>/sim/p9_onehot_tree_reset_gate_work
# Command line: xsim.exe -log <LOCAL_WORKSPACE>\sim\logs\p9_onehot_tree_reset_gate.log -mode tcl -source {xsim.dir/p9_onehot_tree_reset_gate_sim/xsim_script.tcl}
# Log file: <LOCAL_WORKSPACE>/sim/logs/p9_onehot_tree_reset_gate.log
# Journal file: <LOCAL_WORKSPACE>/sim/p9_onehot_tree_reset_gate_work\xsim.jou
#-----------------------------------------------------------
source xsim.dir/p9_onehot_tree_reset_gate_sim/xsim_script.tcl
# xsim {p9_onehot_tree_reset_gate_sim} -autoloadwcfg -runall
Vivado Simulator 2020.2
Time resolution is 1 ps
run -all
METRIC p8_dgscr_clockless_reset_checks=4
METRIC p8_dgscr_restart_transfers=2
METRIC p8_dgscr_reset_errors=0
P8_DGSCR_RESET_TEST_PASS
$finish called at time : 246 ns : File "<LOCAL_WORKSPACE>/tb/aer_p8_dgscr_reset_tb.sv" Line 166
exit
INFO: [Common 17-206] Exiting xsim at Fri Aug 21 05:06:46 2026...
