#-----------------------------------------------------------
# xsim v2020.2 (64-bit)
# SW Build 3064766 on Wed Nov 18 09:12:45 MST 2020
# IP Build 3064653 on Wed Nov 18 14:17:31 MST 2020
# Start of session at: Fri Aug 21 05:04:22 2026
# Process ID: 51084
# Current directory: <LOCAL_WORKSPACE>/sim/p9_onehot_tree_fair_rtl_work
# Command line: xsim.exe -log <LOCAL_WORKSPACE>\sim\logs\p9_onehot_tree_fair_rtl.log -mode tcl -source {xsim.dir/p9_onehot_tree_fair_rtl_sim/xsim_script.tcl}
# Log file: <LOCAL_WORKSPACE>/sim/logs/p9_onehot_tree_fair_rtl.log
# Journal file: <LOCAL_WORKSPACE>/sim/p9_onehot_tree_fair_rtl_work\xsim.jou
#-----------------------------------------------------------
source xsim.dir/p9_onehot_tree_fair_rtl_sim/xsim_script.tcl
# xsim {p9_onehot_tree_fair_rtl_sim} -autoloadwcfg -runall
Vivado Simulator 2020.2
Time resolution is 1 ps
run -all
TEST_START p7_full_backlog_gray_order
METRIC p7_full_order=0,1,3,2,6,7,5,4,12,13,15,14,10,11,9,8
TEST_START p7_starvation_bound
METRIC p7_worst_position_grants=16
TEST_START p7_random_frozen_masks trials=64
METRIC p7_random_trials=64
METRIC p7_errors=0
P7_GRAY_EPOCH_FAIR_TEST_PASS
$finish called at time : 44736 ns : File "<LOCAL_WORKSPACE>/tb/aer_pending_gray_epoch_fair_tb.sv" Line 368
exit
INFO: [Common 17-206] Exiting xsim at Fri Aug 21 05:04:25 2026...
