#-----------------------------------------------------------
# xsim v2020.2 (64-bit)
# SW Build 3064766 on Wed Nov 18 09:12:45 MST 2020
# IP Build 3064653 on Wed Nov 18 14:17:31 MST 2020
# Start of session at: Wed Aug 19 03:19:26 2026
# Process ID: 47116
# Current directory: C:/Users/YangGeon/Documents/2026_AI_SEMI/sim/traditional_async_gate_work
# Command line: xsim.exe -log ../logs/traditional_structural_sdf_race.log -mode tcl -source {xsim.dir/traditional_structural_sdf_race_sim/xsim_script.tcl}
# Log file: C:/Users/YangGeon/Documents/2026_AI_SEMI/sim/traditional_async_gate_work/../logs/traditional_structural_sdf_race.log
# Journal file: C:/Users/YangGeon/Documents/2026_AI_SEMI/sim/traditional_async_gate_work\xsim.jou
#-----------------------------------------------------------
source xsim.dir/traditional_structural_sdf_race_sim/xsim_script.tcl
# xsim {traditional_structural_sdf_race_sim} -autoloadwcfg -runall
Vivado Simulator 2020.2
Time resolution is 1 ps
run -all
TEST_START async_race_skew_sweep
RACE_WINNER_SHIFT pair=0,15 skew_ps=-20 expected=15 observed=0
RACE_WINNER_SHIFT pair=3,7 skew_ps=-20 expected=7 observed=3
RACE_WINNER_SHIFT pair=0,15 skew_ps=-19 expected=15 observed=0
RACE_WINNER_SHIFT pair=3,7 skew_ps=-19 expected=7 observed=3
RACE_WINNER_SHIFT pair=0,15 skew_ps=-18 expected=15 observed=0
RACE_WINNER_SHIFT pair=3,7 skew_ps=-18 expected=7 observed=3
RACE_WINNER_SHIFT pair=0,15 skew_ps=-17 expected=15 observed=0
RACE_WINNER_SHIFT pair=3,7 skew_ps=-17 expected=7 observed=3
RACE_WINNER_SHIFT pair=0,15 skew_ps=-16 expected=15 observed=0
RACE_WINNER_SHIFT pair=3,7 skew_ps=-16 expected=7 observed=3
RACE_WINNER_SHIFT pair=0,15 skew_ps=-15 expected=15 observed=0
RACE_WINNER_SHIFT pair=3,7 skew_ps=-15 expected=7 observed=3
RACE_WINNER_SHIFT pair=0,15 skew_ps=-14 expected=15 observed=0
RACE_WINNER_SHIFT pair=3,7 skew_ps=-14 expected=7 observed=3
RACE_WINNER_SHIFT pair=0,15 skew_ps=-13 expected=15 observed=0
RACE_WINNER_SHIFT pair=3,7 skew_ps=-13 expected=7 observed=3
RACE_WINNER_SHIFT pair=0,15 skew_ps=-12 expected=15 observed=0
RACE_WINNER_SHIFT pair=3,7 skew_ps=-12 expected=7 observed=3
RACE_WINNER_SHIFT pair=0,15 skew_ps=-11 expected=15 observed=0
RACE_WINNER_SHIFT pair=3,7 skew_ps=-11 expected=7 observed=3
RACE_WINNER_SHIFT pair=0,15 skew_ps=-10 expected=15 observed=0
RACE_WINNER_SHIFT pair=3,7 skew_ps=-10 expected=7 observed=3
RACE_WINNER_SHIFT pair=0,15 skew_ps=-9 expected=15 observed=0
RACE_WINNER_SHIFT pair=3,7 skew_ps=-9 expected=7 observed=3
RACE_WINNER_SHIFT pair=0,15 skew_ps=-8 expected=15 observed=0
RACE_WINNER_SHIFT pair=3,7 skew_ps=-8 expected=7 observed=3
RACE_WINNER_SHIFT pair=0,15 skew_ps=-7 expected=15 observed=0
RACE_WINNER_SHIFT pair=3,7 skew_ps=-7 expected=7 observed=3
RACE_WINNER_SHIFT pair=0,15 skew_ps=-6 expected=15 observed=0
RACE_WINNER_SHIFT pair=3,7 skew_ps=-6 expected=7 observed=3
RACE_WINNER_SHIFT pair=0,15 skew_ps=-5 expected=15 observed=0
RACE_WINNER_SHIFT pair=3,7 skew_ps=-5 expected=7 observed=3
RACE_WINNER_SHIFT pair=0,15 skew_ps=-4 expected=15 observed=0
RACE_WINNER_SHIFT pair=3,7 skew_ps=-4 expected=7 observed=3
RACE_WINNER_SHIFT pair=0,15 skew_ps=-3 expected=15 observed=0
RACE_WINNER_SHIFT pair=3,7 skew_ps=-3 expected=7 observed=3
RACE_WINNER_SHIFT pair=0,15 skew_ps=-2 expected=15 observed=0
RACE_WINNER_SHIFT pair=3,7 skew_ps=-2 expected=7 observed=3
RACE_WINNER_SHIFT pair=0,15 skew_ps=-1 expected=15 observed=0
RACE_WINNER_SHIFT pair=3,7 skew_ps=-1 expected=7 observed=3
METRIC race_trials=82
METRIC race_first_wins_earlier_or_low_path=82
METRIC race_first_wins_other_path=0
METRIC race_unexpected_first_count=40
METRIC race_output_unknown_count=0
METRIC race_short_req_pulse_count=0
METRIC race_errors=0
RACE_TEST_PASS digital_model trials=82
$finish called at time : 4378477 ps : File "C:/Users/YangGeon/Documents/2026_AI_SEMI/tb/aer_traditional_structural_race_tb.sv" Line 305
exit
INFO: [Common 17-206] Exiting xsim at Wed Aug 19 03:19:32 2026...
