#-----------------------------------------------------------
# xsim v2020.2 (64-bit)
# SW Build 3064766 on Wed Nov 18 09:12:45 MST 2020
# IP Build 3064653 on Wed Nov 18 14:17:31 MST 2020
# Start of session at: Wed Aug 19 04:28:43 2026
# Process ID: 52952
# Current directory: C:/Users/YangGeon/Documents/2026_AI_SEMI/sim/traditional_async_gate_work
# Command line: xsim.exe -log C:\Users\YangGeon\Documents\2026_AI_SEMI\sim\logs\traditional_structural_gate_race.log -mode tcl -source {xsim.dir/traditional_structural_gate_race_sim/xsim_script.tcl}
# Log file: C:/Users/YangGeon/Documents/2026_AI_SEMI/sim/logs/traditional_structural_gate_race.log
# Journal file: C:/Users/YangGeon/Documents/2026_AI_SEMI/sim/traditional_async_gate_work\xsim.jou
#-----------------------------------------------------------
source xsim.dir/traditional_structural_gate_race_sim/xsim_script.tcl
# xsim {traditional_structural_gate_race_sim} -autoloadwcfg -runall
Vivado Simulator 2020.2
Time resolution is 1 ps
run -all
TEST_START async_race_skew_sweep
METRIC race_trials=82
METRIC race_first_wins_earlier_or_low_path=42
METRIC race_first_wins_other_path=40
METRIC race_unexpected_first_count=0
METRIC race_output_unknown_count=0
METRIC race_short_req_pulse_count=0
METRIC race_errors=0
RACE_TEST_PASS digital_model trials=82
$finish called at time : 2378364 ps : File "C:/Users/YangGeon/Documents/2026_AI_SEMI/tb/aer_traditional_structural_race_tb.sv" Line 305
exit
INFO: [Common 17-206] Exiting xsim at Wed Aug 19 04:28:46 2026...
