#-----------------------------------------------------------
# xsim v2020.2 (64-bit)
# SW Build 3064766 on Wed Nov 18 09:12:45 MST 2020
# IP Build 3064653 on Wed Nov 18 14:17:31 MST 2020
# Start of session at: Wed Aug 19 03:14:19 2026
# Process ID: 42612
# Current directory: C:/Users/YangGeon/Documents/2026_AI_SEMI/sim/traditional_async_work
# Command line: xsim.exe -log ../logs/traditional_structural.log -mode tcl -source {xsim.dir/aer_traditional_structural_sim/xsim_script.tcl}
# Log file: C:/Users/YangGeon/Documents/2026_AI_SEMI/sim/traditional_async_work/../logs/traditional_structural.log
# Journal file: C:/Users/YangGeon/Documents/2026_AI_SEMI/sim/traditional_async_work\xsim.jou
#-----------------------------------------------------------
source xsim.dir/aer_traditional_structural_sim/xsim_script.tcl
# xsim {aer_traditional_structural_sim} -wdb {../waves/aer_traditional_structural.wdb} -autoloadwcfg -tclbatch {../../scripts/xsim_traditional_structural.tcl}
Vivado Simulator 2020.2
Time resolution is 1 ps
source ../../scripts/xsim_traditional_structural.tcl
## log_wave -recursive *
WARNING: [Simtcl 6-197] One or more HDL objects could not be logged because of object type or size limitations.  To see details please rerun the command with -verbose (-v).
## open_vcd ../waves/aer_traditional_structural.vcd
## log_vcd [get_objects -r /aer_traditional_async_tb/*]
INFO: HDL object /aer_traditional_async_tb/received_by_source is an unpacked array. VCD does not support unpacked array type according to IEEE LRM 1800-2009, section21.7.5.
INFO: HDL object /aer_traditional_async_tb/pending is an unpacked array. VCD does not support unpacked array type according to IEEE LRM 1800-2009, section21.7.5.
INFO: HDL object /aer_traditional_async_tb/issue_time is an unpacked array. VCD does not support unpacked array type according to IEEE LRM 1800-2009, section21.7.5.
## run all
TEST_START async_single_event
TEST_START async_simultaneous_all_sources
TEST_START async_burst_source_5
TEST_START async_receiver_backpressure
TEST_START async_no_stall_saturation
METRIC async_saturation_events=64
METRIC async_saturation_elapsed_ns=256
METRIC async_saturation_gap_sum_ns=252
METRIC async_saturation_min_gap_ns=4
METRIC async_saturation_max_gap_ns=4
TEST_START async_fixed_priority_hotspot
METRIC async_hotspot_source15_latency_ns=49
TEST_START async_held_request_across_reset
TEST_START async_independent_streams
METRIC async_events_issued=139
METRIC async_events_received=139
METRIC async_avg_latency_ns_x1000=26877
METRIC async_max_latency_ns=241
METRIC async_assertion_errors=0
TEST_PASS async_baseline issued=139 received=139
$finish called at time : 656 ns : File "C:/Users/YangGeon/Documents/2026_AI_SEMI/tb/aer_traditional_async_tb.sv" Line 387
## close_vcd
## quit
INFO: [Common 17-206] Exiting xsim at Wed Aug 19 03:14:24 2026...
