#-----------------------------------------------------------
# xsim v2020.2 (64-bit)
# SW Build 3064766 on Wed Nov 18 09:12:45 MST 2020
# IP Build 3064653 on Wed Nov 18 14:17:31 MST 2020
# Start of session at: Wed Aug 26 18:33:07 2026
# Process ID: 37052
# Current directory: <LOCAL_WORKSPACE>
# Command line: xsim.exe -log <LOCAL_WORKSPACE>\sim\final\logs\t0_rtl.log -mode tcl -source {xsim.dir/t0_rtl_sim/xsim_script.tcl}
# Log file: <LOCAL_WORKSPACE>/sim/final/logs/t0_rtl.log
# Journal file: <LOCAL_WORKSPACE>/sim/work/t0_rtl\xsim.jou
#-----------------------------------------------------------
source xsim.dir/t0_rtl_sim/xsim_script.tcl
# xsim {t0_rtl_sim} -autoloadwcfg -runall
Vivado Simulator 2020.2
Time resolution is 1 ps
run -all
TEST_START async_single_event
TEST_START async_simultaneous_all_sources
TEST_START async_burst_source_5
TEST_START async_receiver_backpressure
TEST_START async_no_stall_saturation
METRIC async_saturation_events=64
METRIC async_saturation_elapsed_ns=346
METRIC async_saturation_gap_sum_ns=342
METRIC async_saturation_min_gap_ns=4
METRIC async_saturation_max_gap_ns=10
TEST_START async_fixed_priority_hotspot
METRIC async_hotspot_source15_latency_ns=61
TEST_START async_held_request_across_reset
TEST_START async_independent_streams
METRIC async_events_issued=139
METRIC async_events_received=139
METRIC async_avg_latency_ns_x1000=49460
METRIC async_max_latency_ns=331
METRIC async_assertion_errors=0
TEST_PASS async_baseline issued=139 received=139
$finish called at time : 1083 ns : File "<LOCAL_WORKSPACE>/tb/final/aer_t0_tb.sv" Line 387
exit
INFO: [Common 17-206] Exiting xsim at Wed Aug 26 18:33:12 2026...
