============================================================
  Generated by:           Genus(TM) Synthesis Solution 23.14-s090_1
  Generated on:           Aug 26 2026  02:52:15 pm
  Module:                 aer_pending_xor2_rank_reuse_sync_core_reset
  Operating conditions:   PVT_0P9V_125C (balanced_tree)
  Wireload mode:          enclosed
  Area mode:              timing library
============================================================

Timing
--------

Clock  Period 
--------------
clk   10000.0 


  Cost    Critical         Violating 
 Group   Path Slack  TNS     Paths   
-------------------------------------
clk          7807.1   0.0          0 
default    No paths   0.0            
-------------------------------------
Total                 0.0          0 

Instance Count
--------------
Leaf Instance Count             275 
Physical Instance count           0 
Sequential Instance Count        71 
Combinational Instance Count    204 
Hierarchical Instance Count       1 

Area
----
Cell Area                          665.190
Physical Cell Area                 0.000
Total Cell Area (Cell+Physical)    665.190
Net Area                           0.000
Total Area (Cell+Physical+Net)     665.190

Max Fanout                         71 (clk)
Min Fanout                         0 (rst_n)
Average Fanout                     2.2
Terms to net ratio                 3.0646
Terms to instance ratio            3.2764
Runtime                            29.472558 seconds
Elapsed Runtime                    29 seconds
Genus peak memory usage            1646.63 
Innovus peak memory usage          no_value 
Hostname                           <REMOTE_HOST>
