============================================================
  Generated by:           Genus(TM) Synthesis Solution 23.14-s090_1
  Generated on:           Aug 26 2026  02:52:15 pm
  Module:                 aer_pending_xor2_rank_reuse_sync_core_reset
  Technology libraries:   slow_vdd1v0 1.0
                          slow_vdd1v0 1.0
  Operating conditions:   PVT_0P9V_125C (balanced_tree)
  Wireload mode:          enclosed
  Area mode:              timing library
============================================================

                              
   Gate    Instances   Area       Library    
---------------------------------------------
AND2X1             1    1.368    slow_vdd1v0 
AND2XL            18   24.624    slow_vdd1v0 
AOI21X1           20   34.200    slow_vdd1v0 
AOI21XL           15   25.650    slow_vdd1v0 
AOI221X1           1    2.394    slow_vdd1v0 
AOI22X1            4    8.208    slow_vdd1v0 
AOI2BB1X1          1    2.052    slow_vdd1v0 
AOI2BB1XL          1    2.052    slow_vdd1v0 
BUFX2              1    1.710    slow_vdd1v0 
DFFHQX1           53  290.016    slow_vdd1v0 
DFFQXL            16   87.552    slow_vdd1v0 
DFFRHQX1           2   12.312    slow_vdd1v0 
INVX1             63   43.092    slow_vdd1v0 
MX2XL              3    7.182    slow_vdd1v0 
NAND2BX1           4    5.472    slow_vdd1v0 
NAND2X1           10   10.260    slow_vdd1v0 
NAND4X1            2    4.104    slow_vdd1v0 
NAND4XL            2    3.420    slow_vdd1v0 
NOR2BX1            4    5.472    slow_vdd1v0 
NOR2X1             6    6.156    slow_vdd1v0 
NOR2XL             2    2.052    slow_vdd1v0 
OA21X1             1    2.052    slow_vdd1v0 
OAI211X1          21   35.910    slow_vdd1v0 
OAI21X1            5    8.550    slow_vdd1v0 
OAI22X1            8   16.416    slow_vdd1v0 
OAI2BB1X1          5    8.550    slow_vdd1v0 
OAI31X1            1    2.052    slow_vdd1v0 
OAI32X1            2    4.788    slow_vdd1v0 
OR4X1              1    2.052    slow_vdd1v0 
XOR2XL             2    5.472    slow_vdd1v0 
---------------------------------------------
total            275  665.190                


                                        
     Type      Instances   Area  Area % 
----------------------------------------
sequential            71 389.880   58.6 
inverter              63  43.092    6.5 
buffer                 1   1.710    0.3 
logic                140 230.508   34.7 
physical_cells         0   0.000    0.0 
----------------------------------------
total                275 665.190  100.0 

