============================================================
  Generated by:           Genus(TM) Synthesis Solution 23.14-s090_1
  Generated on:           Aug 26 2026  05:30:52 pm
  Module:                 aer_pending_gray_rank_reuse_sync_core_reset
  Operating conditions:   PVT_0P9V_125C (balanced_tree)
  Wireload mode:          enclosed
  Area mode:              timing library
============================================================

Timing
--------

Clock  Period 
--------------
clk   10000.0 


        Cost          Critical         Violating 
       Group         Path Slack  TNS     Paths   
-------------------------------------------------
cg_enable_group_clk      8593.1   0.0          0 
clk                      7591.8   0.0          0 
default                No paths   0.0            
-------------------------------------------------
Total                             0.0          0 

Instance Count
--------------
Leaf Instance Count             285 
Physical Instance count           0 
Sequential Instance Count        73 
Combinational Instance Count    212 
Hierarchical Instance Count       2 

Area
----
Cell Area                          680.922
Physical Cell Area                 0.000
Total Cell Area (Cell+Physical)    680.922
Net Area                           0.000
Total Area (Cell+Physical+Net)     680.922

Max Fanout                         52 (clk)
Min Fanout                         0 (rst_n)
Average Fanout                     2.2
Terms to net ratio                 3.0492
Terms to instance ratio            3.2632
Runtime                            32.574829 seconds
Elapsed Runtime                    33 seconds
Genus peak memory usage            1651.61 
Innovus peak memory usage          no_value 
Hostname                           <REMOTE_HOST>
