============================================================
  Generated by:           Genus(TM) Synthesis Solution 23.14-s090_1
  Generated on:           Aug 21 2026  03:10:49 pm
  Module:                 aer_pending_gray_rank_iprra_sync_core_reset
  Operating conditions:   typical (balanced_tree)
  Wireload mode:          enclosed
  Area mode:              timing library
============================================================

Timing
--------

Clock  Period 
--------------
clk   10000.0 


  Cost    Critical         Violating 
 Group   Path Slack  TNS     Paths   
-------------------------------------
clk          7479.4   0.0          0 
default    No paths   0.0            
-------------------------------------
Total                 0.0          0 

Instance Count
--------------
Leaf Instance Count             274 
Physical Instance count           0 
Sequential Instance Count        71 
Combinational Instance Count    203 
Hierarchical Instance Count       1 

Area
----
Cell Area                          6582.946
Physical Cell Area                 0.000
Total Cell Area (Cell+Physical)    6582.946
Net Area                           0.000
Total Area (Cell+Physical+Net)     6582.946

Max Fanout                         71 (clk)
Min Fanout                         0 (rst_n)
Average Fanout                     2.1
Terms to net ratio                 2.9939
Terms to instance ratio            3.5730
Runtime                            35.635326 seconds
Elapsed Runtime                    36 seconds
Genus peak memory usage            1653.45 
Innovus peak memory usage          no_value 
Hostname                           <REMOTE_HOST>
