============================================================
  Generated by:           Genus(TM) Synthesis Solution 23.14-s090_1
  Generated on:           Aug 21 2026  03:10:49 pm
  Module:                 aer_pending_gray_rank_iprra_sync_core_reset
  Technology libraries:   typical 1.0
                          typical 1.0
  Operating conditions:   typical (balanced_tree)
  Wireload mode:          enclosed
  Area mode:              timing library
============================================================

                               
   Gate    Instances    Area     Library  
------------------------------------------
AND2X2            20   266.112    typical 
AND4X2             4    79.834    typical 
AOI21X1           42   558.835    typical 
AOI21XL           13   172.973    typical 
AOI22X1            2    33.264    typical 
AOI2BB1X1          3    49.896    typical 
AOI2BB1XL          6    99.792    typical 
AOI31X1            2    33.264    typical 
BUFX3              2    26.611    typical 
DFFHQX1           34  1809.562    typical 
DFFRHQX1           2   139.709    typical 
DFFTRX1           17   961.330    typical 
DFFX1             18  1017.878    typical 
INVX1             18   119.750    typical 
INVXL              6    39.917    typical 
NAND2BX1          10   133.056    typical 
NAND2X1            9    89.813    typical 
NAND2XL            2    19.958    typical 
NAND3BX1           2    33.264    typical 
NAND3X1            1    13.306    typical 
NOR2BX1            6    79.834    typical 
NOR2BXL            2    26.611    typical 
NOR2X1            17   169.646    typical 
NOR2XL             1     9.979    typical 
NOR3X1             4    53.222    typical 
NOR4BX1            3    59.875    typical 
NOR4X1             1    19.958    typical 
OAI211X1           1    19.958    typical 
OAI211XL           2    39.917    typical 
OAI21XL           10   133.056    typical 
OAI221XL           1    23.285    typical 
OAI22X1            1    19.958    typical 
OAI2BB1X1          2    33.264    typical 
OAI32X1            1    23.285    typical 
OR2X2              2    26.611    typical 
OR3XL              2    33.264    typical 
OR4X2              3    59.875    typical 
XOR2X1             2    53.222    typical 
------------------------------------------
total            274  6582.946            


                                         
     Type      Instances   Area   Area % 
-----------------------------------------
sequential            71 3928.478   59.7 
inverter              24  159.667    2.4 
buffer                 2   26.611    0.4 
logic                177 2468.189   37.5 
physical_cells         0    0.000    0.0 
-----------------------------------------
total                274 6582.946  100.0 

