###############################################################
#  Generated by:      Cadence Innovus 23.14-s088_1
#  OS:                Linux x86_64(Host ID <REMOTE_HOST>)
#  Generated on:      Fri Aug 21 17:24:31 2026
#  Design:            aer_pending_gray_rank_reuse_sync_core_reset
#  Command:           report_timing \
#    -from [get_pins {req_meta_q_reg*/Q}] \
#    -to [get_pins {req_sync_q_reg*/D}] \
#    -max_paths 32 > \
#    [file join $report_dir postroute_cdc_hold_timing.rpt]
###############################################################
Path 1: MET Hold Check with Pin req_sync_q_reg[11]/CK 
Endpoint:   req_sync_q_reg[11]/D (v) checked with  leading edge of 'clk'
Beginpoint: req_meta_q_reg[11]/Q (v) triggered by  leading edge of 'clk'
Path Groups: {clk}
Analysis View: hold_view
Other End Arrival Time          0.085
+ Hold                         -0.031
+ Phase Shift                   0.000
+ Uncertainty                   0.200
= Required Time                 0.254
  Arrival Time                  0.256
  Slack Time                    0.001
     Clock Rise Edge                 0.000
     + Clock Network Latency (Prop)  -0.001
     = Beginpoint Arrival Time       -0.001
     +------------------------------------------------------------------------------+ 
     |        Instance        |     Arc     |   Cell   | Delay | Arrival | Required | 
     |                        |             |          |       |  Time   |   Time   | 
     |------------------------+-------------+----------+-------+---------+----------| 
     | req_meta_q_reg[11]     | CK ^        |          |       |  -0.001 |   -0.002 | 
     | req_meta_q_reg[11]     | CK ^ -> Q v | DFFHQX1  | 0.127 |   0.126 |    0.124 | 
     | FE_PHC9_req_meta_q_11  | A v -> Y v  | CLKBUFX1 | 0.064 |   0.189 |    0.188 | 
     | FE_PHC36_req_meta_q_11 | A v -> Y v  | CLKBUFX4 | 0.066 |   0.256 |    0.254 | 
     | req_sync_q_reg[11]     | D v         | DFFX1    | 0.000 |   0.256 |    0.254 | 
     +------------------------------------------------------------------------------+ 
Path 2: MET Hold Check with Pin req_sync_q_reg[1]/CK 
Endpoint:   req_sync_q_reg[1]/D (v) checked with  leading edge of 'clk'
Beginpoint: req_meta_q_reg[1]/Q (v) triggered by  leading edge of 'clk'
Path Groups: {clk}
Analysis View: hold_view
Other End Arrival Time          0.085
+ Hold                         -0.030
+ Phase Shift                   0.000
+ Uncertainty                   0.200
= Required Time                 0.255
  Arrival Time                  0.256
  Slack Time                    0.002
     Clock Rise Edge                 0.000
     + Clock Network Latency (Prop)  -0.002
     = Beginpoint Arrival Time       -0.002
     +-----------------------------------------------------------------------------+ 
     |       Instance        |     Arc     |   Cell   | Delay | Arrival | Required | 
     |                       |             |          |       |  Time   |   Time   | 
     |-----------------------+-------------+----------+-------+---------+----------| 
     | req_meta_q_reg[1]     | CK ^        |          |       |  -0.002 |   -0.003 | 
     | req_meta_q_reg[1]     | CK ^ -> Q v | DFFHQX1  | 0.128 |   0.126 |    0.125 | 
     | FE_PHC3_req_meta_q_1  | A v -> Y v  | CLKBUFX1 | 0.068 |   0.194 |    0.192 | 
     | FE_PHC25_req_meta_q_1 | A v -> Y v  | BUFX3    | 0.062 |   0.256 |    0.255 | 
     | req_sync_q_reg[1]     | D v         | DFFX1    | 0.000 |   0.256 |    0.255 | 
     +-----------------------------------------------------------------------------+ 
Path 3: MET Hold Check with Pin req_sync_q_reg[2]/CK 
Endpoint:   req_sync_q_reg[2]/D (v) checked with  leading edge of 'clk'
Beginpoint: req_meta_q_reg[2]/Q (v) triggered by  leading edge of 'clk'
Path Groups: {clk}
Analysis View: hold_view
Other End Arrival Time          0.085
+ Hold                         -0.034
+ Phase Shift                   0.000
+ Uncertainty                   0.200
= Required Time                 0.250
  Arrival Time                  0.254
  Slack Time                    0.004
     Clock Rise Edge                 0.000
     + Clock Network Latency (Prop)  -0.002
     = Beginpoint Arrival Time       -0.002
     +-----------------------------------------------------------------------------+ 
     |       Instance        |     Arc     |   Cell   | Delay | Arrival | Required | 
     |                       |             |          |       |  Time   |   Time   | 
     |-----------------------+-------------+----------+-------+---------+----------| 
     | req_meta_q_reg[2]     | CK ^        |          |       |  -0.002 |   -0.006 | 
     | req_meta_q_reg[2]     | CK ^ -> Q v | DFFHQX1  | 0.133 |   0.131 |    0.127 | 
     | FE_PHC13_req_meta_q_2 | A v -> Y v  | BUFX3    | 0.064 |   0.195 |    0.191 | 
     | FE_PHC37_req_meta_q_2 | A v -> Y v  | CLKBUFX1 | 0.059 |   0.254 |    0.250 | 
     | req_sync_q_reg[2]     | D v         | DFFX1    | 0.000 |   0.254 |    0.250 | 
     +-----------------------------------------------------------------------------+ 
Path 4: MET Hold Check with Pin req_sync_q_reg[0]/CK 
Endpoint:   req_sync_q_reg[0]/D (v) checked with  leading edge of 'clk'
Beginpoint: req_meta_q_reg[0]/Q (v) triggered by  leading edge of 'clk'
Path Groups: {clk}
Analysis View: hold_view
Other End Arrival Time          0.085
+ Hold                         -0.033
+ Phase Shift                   0.000
+ Uncertainty                   0.200
= Required Time                 0.252
  Arrival Time                  0.256
  Slack Time                    0.004
     Clock Rise Edge                 0.000
     + Clock Network Latency (Prop)  -0.002
     = Beginpoint Arrival Time       -0.002
     +-----------------------------------------------------------------------------+ 
     |       Instance        |     Arc     |   Cell   | Delay | Arrival | Required | 
     |                       |             |          |       |  Time   |   Time   | 
     |-----------------------+-------------+----------+-------+---------+----------| 
     | req_meta_q_reg[0]     | CK ^        |          |       |  -0.002 |   -0.006 | 
     | req_meta_q_reg[0]     | CK ^ -> Q v | DFFHQX1  | 0.132 |   0.130 |    0.126 | 
     | FE_PHC10_req_meta_q_0 | A v -> Y v  | CLKBUFX1 | 0.066 |   0.196 |    0.192 | 
     | FE_PHC20_req_meta_q_0 | A v -> Y v  | CLKBUFX1 | 0.060 |   0.256 |    0.252 | 
     | req_sync_q_reg[0]     | D v         | DFFX1    | 0.000 |   0.256 |    0.252 | 
     +-----------------------------------------------------------------------------+ 
Path 5: MET Hold Check with Pin req_sync_q_reg[6]/CK 
Endpoint:   req_sync_q_reg[6]/D (v) checked with  leading edge of 'clk'
Beginpoint: req_meta_q_reg[6]/Q (v) triggered by  leading edge of 'clk'
Path Groups: {clk}
Analysis View: hold_view
Other End Arrival Time          0.085
+ Hold                         -0.034
+ Phase Shift                   0.000
+ Uncertainty                   0.200
= Required Time                 0.251
  Arrival Time                  0.258
  Slack Time                    0.007
     Clock Rise Edge                 0.000
     + Clock Network Latency (Prop)  -0.002
     = Beginpoint Arrival Time       -0.002
     +-----------------------------------------------------------------------------+ 
     |       Instance        |     Arc     |   Cell   | Delay | Arrival | Required | 
     |                       |             |          |       |  Time   |   Time   | 
     |-----------------------+-------------+----------+-------+---------+----------| 
     | req_meta_q_reg[6]     | CK ^        |          |       |  -0.002 |   -0.009 | 
     | req_meta_q_reg[6]     | CK ^ -> Q v | DFFHQX1  | 0.135 |   0.134 |    0.126 | 
     | FE_PHC14_req_meta_q_6 | A v -> Y v  | CLKBUFX1 | 0.063 |   0.197 |    0.189 | 
     | FE_PHC23_req_meta_q_6 | A v -> Y v  | CLKBUFX1 | 0.061 |   0.258 |    0.251 | 
     | req_sync_q_reg[6]     | D v         | DFFX1    | 0.000 |   0.258 |    0.251 | 
     +-----------------------------------------------------------------------------+ 
Path 6: MET Hold Check with Pin req_sync_q_reg[3]/CK 
Endpoint:   req_sync_q_reg[3]/D (v) checked with  leading edge of 'clk'
Beginpoint: req_meta_q_reg[3]/Q (v) triggered by  leading edge of 'clk'
Path Groups: {clk}
Analysis View: hold_view
Other End Arrival Time          0.085
+ Hold                         -0.031
+ Phase Shift                   0.000
+ Uncertainty                   0.200
= Required Time                 0.254
  Arrival Time                  0.262
  Slack Time                    0.008
     Clock Rise Edge                 0.000
     + Clock Network Latency (Prop)  -0.002
     = Beginpoint Arrival Time       -0.002
     +----------------------------------------------------------------------------+ 
     |       Instance        |     Arc     |  Cell   | Delay | Arrival | Required | 
     |                       |             |         |       |  Time   |   Time   | 
     |-----------------------+-------------+---------+-------+---------+----------| 
     | req_meta_q_reg[3]     | CK ^        |         |       |  -0.002 |   -0.009 | 
     | req_meta_q_reg[3]     | CK ^ -> Q v | DFFHQX1 | 0.136 |   0.134 |    0.127 | 
     | FE_PHC15_req_meta_q_3 | A v -> Y v  | BUFX3   | 0.068 |   0.202 |    0.195 | 
     | FE_PHC26_req_meta_q_3 | A v -> Y v  | BUFX3   | 0.059 |   0.261 |    0.254 | 
     | req_sync_q_reg[3]     | D v         | DFFX1   | 0.000 |   0.262 |    0.254 | 
     +----------------------------------------------------------------------------+ 
Path 7: MET Hold Check with Pin req_sync_q_reg[9]/CK 
Endpoint:   req_sync_q_reg[9]/D (v) checked with  leading edge of 'clk'
Beginpoint: req_meta_q_reg[9]/Q (v) triggered by  leading edge of 'clk'
Path Groups: {clk}
Analysis View: hold_view
Other End Arrival Time          0.085
+ Hold                         -0.030
+ Phase Shift                   0.000
+ Uncertainty                   0.200
= Required Time                 0.255
  Arrival Time                  0.263
  Slack Time                    0.008
     Clock Rise Edge                 0.000
     + Clock Network Latency (Prop)  -0.002
     = Beginpoint Arrival Time       -0.002
     +-----------------------------------------------------------------------------+ 
     |       Instance        |     Arc     |   Cell   | Delay | Arrival | Required | 
     |                       |             |          |       |  Time   |   Time   | 
     |-----------------------+-------------+----------+-------+---------+----------| 
     | req_meta_q_reg[9]     | CK ^        |          |       |  -0.002 |   -0.010 | 
     | req_meta_q_reg[9]     | CK ^ -> Q v | DFFHQX1  | 0.127 |   0.125 |    0.117 | 
     | FE_PHC5_req_meta_q_9  | A v -> Y v  | CLKBUFX1 | 0.072 |   0.197 |    0.190 | 
     | FE_PHC27_req_meta_q_9 | A v -> Y v  | BUFX3    | 0.065 |   0.262 |    0.255 | 
     | req_sync_q_reg[9]     | D v         | DFFX1    | 0.000 |   0.263 |    0.255 | 
     +-----------------------------------------------------------------------------+ 
Path 8: MET Hold Check with Pin req_sync_q_reg[8]/CK 
Endpoint:   req_sync_q_reg[8]/D (v) checked with  leading edge of 'clk'
Beginpoint: req_meta_q_reg[8]/Q (v) triggered by  leading edge of 'clk'
Path Groups: {clk}
Analysis View: hold_view
Other End Arrival Time          0.085
+ Hold                         -0.034
+ Phase Shift                   0.000
+ Uncertainty                   0.200
= Required Time                 0.251
  Arrival Time                  0.260
  Slack Time                    0.009
     Clock Rise Edge                 0.000
     + Clock Network Latency (Prop)  -0.002
     = Beginpoint Arrival Time       -0.002
     +-----------------------------------------------------------------------------+ 
     |       Instance        |     Arc     |   Cell   | Delay | Arrival | Required | 
     |                       |             |          |       |  Time   |   Time   | 
     |-----------------------+-------------+----------+-------+---------+----------| 
     | req_meta_q_reg[8]     | CK ^        |          |       |  -0.002 |   -0.011 | 
     | req_meta_q_reg[8]     | CK ^ -> Q v | DFFHQX1  | 0.127 |   0.125 |    0.116 | 
     | FE_PHC4_req_meta_q_8  | A v -> Y v  | CLKBUFX1 | 0.069 |   0.194 |    0.185 | 
     | FE_PHC38_req_meta_q_8 | A v -> Y v  | CLKBUFX1 | 0.065 |   0.260 |    0.250 | 
     | req_sync_q_reg[8]     | D v         | DFFX1    | 0.000 |   0.260 |    0.251 | 
     +-----------------------------------------------------------------------------+ 
Path 9: MET Hold Check with Pin req_sync_q_reg[4]/CK 
Endpoint:   req_sync_q_reg[4]/D (v) checked with  leading edge of 'clk'
Beginpoint: req_meta_q_reg[4]/Q (v) triggered by  leading edge of 'clk'
Path Groups: {clk}
Analysis View: hold_view
Other End Arrival Time          0.085
+ Hold                         -0.031
+ Phase Shift                   0.000
+ Uncertainty                   0.200
= Required Time                 0.254
  Arrival Time                  0.264
  Slack Time                    0.010
     Clock Rise Edge                 0.000
     + Clock Network Latency (Prop)  -0.002
     = Beginpoint Arrival Time       -0.002
     +-----------------------------------------------------------------------------+ 
     |       Instance        |     Arc     |   Cell   | Delay | Arrival | Required | 
     |                       |             |          |       |  Time   |   Time   | 
     |-----------------------+-------------+----------+-------+---------+----------| 
     | req_meta_q_reg[4]     | CK ^        |          |       |  -0.002 |   -0.012 | 
     | req_meta_q_reg[4]     | CK ^ -> Q v | DFFHQX1  | 0.132 |   0.130 |    0.121 | 
     | FE_PHC11_req_meta_q_4 | A v -> Y v  | CLKBUFX1 | 0.069 |   0.199 |    0.189 | 
     | FE_PHC33_req_meta_q_4 | A v -> Y v  | BUFX3    | 0.065 |   0.264 |    0.254 | 
     | req_sync_q_reg[4]     | D v         | DFFX1    | 0.000 |   0.264 |    0.254 | 
     +-----------------------------------------------------------------------------+ 
Path 10: MET Hold Check with Pin req_sync_q_reg[13]/CK 
Endpoint:   req_sync_q_reg[13]/D (v) checked with  leading edge of 'clk'
Beginpoint: req_meta_q_reg[13]/Q (v) triggered by  leading edge of 'clk'
Path Groups: {clk}
Analysis View: hold_view
Other End Arrival Time          0.085
+ Hold                         -0.034
+ Phase Shift                   0.000
+ Uncertainty                   0.200
= Required Time                 0.251
  Arrival Time                  0.261
  Slack Time                    0.011
     Clock Rise Edge                 0.000
     + Clock Network Latency (Prop)  -0.002
     = Beginpoint Arrival Time       -0.002
     +------------------------------------------------------------------------------+ 
     |        Instance        |     Arc     |   Cell   | Delay | Arrival | Required | 
     |                        |             |          |       |  Time   |   Time   | 
     |------------------------+-------------+----------+-------+---------+----------| 
     | req_meta_q_reg[13]     | CK ^        |          |       |  -0.002 |   -0.012 | 
     | req_meta_q_reg[13]     | CK ^ -> Q v | DFFHQX1  | 0.130 |   0.128 |    0.117 | 
     | FE_PHC7_req_meta_q_13  | A v -> Y v  | CLKBUFX1 | 0.069 |   0.197 |    0.186 | 
     | FE_PHC22_req_meta_q_13 | A v -> Y v  | CLKBUFX1 | 0.064 |   0.261 |    0.251 | 
     | req_sync_q_reg[13]     | D v         | DFFX1    | 0.000 |   0.261 |    0.251 | 
     +------------------------------------------------------------------------------+ 
Path 11: MET Hold Check with Pin req_sync_q_reg[14]/CK 
Endpoint:   req_sync_q_reg[14]/D (v) checked with  leading edge of 'clk'
Beginpoint: req_meta_q_reg[14]/Q (v) triggered by  leading edge of 'clk'
Path Groups: {clk}
Analysis View: hold_view
Other End Arrival Time          0.085
+ Hold                         -0.035
+ Phase Shift                   0.000
+ Uncertainty                   0.200
= Required Time                 0.251
  Arrival Time                  0.261
  Slack Time                    0.011
     Clock Rise Edge                 0.000
     + Clock Network Latency (Prop)  -0.002
     = Beginpoint Arrival Time       -0.002
     +------------------------------------------------------------------------------+ 
     |        Instance        |     Arc     |   Cell   | Delay | Arrival | Required | 
     |                        |             |          |       |  Time   |   Time   | 
     |------------------------+-------------+----------+-------+---------+----------| 
     | req_meta_q_reg[14]     | CK ^        |          |       |  -0.002 |   -0.012 | 
     | req_meta_q_reg[14]     | CK ^ -> Q v | DFFHQX1  | 0.129 |   0.127 |    0.116 | 
     | FE_PHC6_req_meta_q_14  | A v -> Y v  | CLKBUFX1 | 0.069 |   0.196 |    0.185 | 
     | FE_PHC21_req_meta_q_14 | A v -> Y v  | CLKBUFX1 | 0.065 |   0.261 |    0.250 | 
     | req_sync_q_reg[14]     | D v         | DFFX1    | 0.000 |   0.261 |    0.251 | 
     +------------------------------------------------------------------------------+ 
Path 12: MET Hold Check with Pin req_sync_q_reg[10]/CK 
Endpoint:   req_sync_q_reg[10]/D (v) checked with  leading edge of 'clk'
Beginpoint: req_meta_q_reg[10]/Q (v) triggered by  leading edge of 'clk'
Path Groups: {clk}
Analysis View: hold_view
Other End Arrival Time          0.085
+ Hold                         -0.030
+ Phase Shift                   0.000
+ Uncertainty                   0.200
= Required Time                 0.255
  Arrival Time                  0.267
  Slack Time                    0.012
     Clock Rise Edge                 0.000
     + Clock Network Latency (Prop)  -0.001
     = Beginpoint Arrival Time       -0.001
     +------------------------------------------------------------------------------+ 
     |        Instance        |     Arc     |   Cell   | Delay | Arrival | Required | 
     |                        |             |          |       |  Time   |   Time   | 
     |------------------------+-------------+----------+-------+---------+----------| 
     | req_meta_q_reg[10]     | CK ^        |          |       |  -0.001 |   -0.013 | 
     | req_meta_q_reg[10]     | CK ^ -> Q v | DFFHQX1  | 0.133 |   0.132 |    0.120 | 
     | FE_PHC12_req_meta_q_10 | A v -> Y v  | CLKBUFX1 | 0.072 |   0.204 |    0.192 | 
     | FE_PHC24_req_meta_q_10 | A v -> Y v  | BUFX3    | 0.063 |   0.267 |    0.255 | 
     | req_sync_q_reg[10]     | D v         | DFFX1    | 0.000 |   0.267 |    0.255 | 
     +------------------------------------------------------------------------------+ 
Path 13: MET Hold Check with Pin req_sync_q_reg[7]/CK 
Endpoint:   req_sync_q_reg[7]/D (v) checked with  leading edge of 'clk'
Beginpoint: req_meta_q_reg[7]/Q (v) triggered by  leading edge of 'clk'
Path Groups: {clk}
Analysis View: hold_view
Other End Arrival Time          0.085
+ Hold                         -0.033
+ Phase Shift                   0.000
+ Uncertainty                   0.200
= Required Time                 0.252
  Arrival Time                  0.266
  Slack Time                    0.014
     Clock Rise Edge                 0.000
     + Clock Network Latency (Prop)  -0.002
     = Beginpoint Arrival Time       -0.002
     +-----------------------------------------------------------------------------+ 
     |       Instance        |     Arc     |   Cell   | Delay | Arrival | Required | 
     |                       |             |          |       |  Time   |   Time   | 
     |-----------------------+-------------+----------+-------+---------+----------| 
     | req_meta_q_reg[7]     | CK ^        |          |       |  -0.002 |   -0.016 | 
     | req_meta_q_reg[7]     | CK ^ -> Q v | DFFHQX1  | 0.126 |   0.125 |    0.110 | 
     | FE_PHC2_req_meta_q_7  | A v -> Y v  | CLKBUFX1 | 0.069 |   0.194 |    0.180 | 
     | FE_PHC29_req_meta_q_7 | A v -> Y v  | CLKBUFX2 | 0.072 |   0.266 |    0.252 | 
     | req_sync_q_reg[7]     | D v         | DFFX1    | 0.000 |   0.266 |    0.252 | 
     +-----------------------------------------------------------------------------+ 
Path 14: MET Hold Check with Pin req_sync_q_reg[5]/CK 
Endpoint:   req_sync_q_reg[5]/D (v) checked with  leading edge of 'clk'
Beginpoint: req_meta_q_reg[5]/Q (v) triggered by  leading edge of 'clk'
Path Groups: {clk}
Analysis View: hold_view
Other End Arrival Time          0.085
+ Hold                         -0.031
+ Phase Shift                   0.000
+ Uncertainty                   0.200
= Required Time                 0.254
  Arrival Time                  0.270
  Slack Time                    0.017
     Clock Rise Edge                 0.000
     + Clock Network Latency (Prop)  -0.002
     = Beginpoint Arrival Time       -0.002
     +-----------------------------------------------------------------------------+ 
     |       Instance        |     Arc     |   Cell   | Delay | Arrival | Required | 
     |                       |             |          |       |  Time   |   Time   | 
     |-----------------------+-------------+----------+-------+---------+----------| 
     | req_meta_q_reg[5]     | CK ^        |          |       |  -0.002 |   -0.018 | 
     | req_meta_q_reg[5]     | CK ^ -> Q v | DFFHQX1  | 0.136 |   0.134 |    0.117 | 
     | FE_PHC8_req_meta_q_5  | A v -> Y v  | CLKBUFX1 | 0.071 |   0.205 |    0.189 | 
     | FE_PHC30_req_meta_q_5 | A v -> Y v  | BUFX3    | 0.065 |   0.270 |    0.254 | 
     | req_sync_q_reg[5]     | D v         | DFFX1    | 0.000 |   0.270 |    0.254 | 
     +-----------------------------------------------------------------------------+ 
Path 15: MET Hold Check with Pin req_sync_q_reg[12]/CK 
Endpoint:   req_sync_q_reg[12]/D (v) checked with  leading edge of 'clk'
Beginpoint: req_meta_q_reg[12]/Q (v) triggered by  leading edge of 'clk'
Path Groups: {clk}
Analysis View: hold_view
Other End Arrival Time          0.084
+ Hold                         -0.031
+ Phase Shift                   0.000
+ Uncertainty                   0.200
= Required Time                 0.253
  Arrival Time                  0.274
  Slack Time                    0.021
     Clock Rise Edge                 0.000
     + Clock Network Latency (Prop)  -0.002
     = Beginpoint Arrival Time       -0.002
     +-----------------------------------------------------------------------------+ 
     |        Instance        |     Arc     |  Cell   | Delay | Arrival | Required | 
     |                        |             |         |       |  Time   |   Time   | 
     |------------------------+-------------+---------+-------+---------+----------| 
     | req_meta_q_reg[12]     | CK ^        |         |       |  -0.002 |   -0.023 | 
     | req_meta_q_reg[12]     | CK ^ -> Q v | DFFHQX1 | 0.149 |   0.148 |    0.127 | 
     | FE_PHC17_req_meta_q_12 | A v -> Y v  | BUFX3   | 0.069 |   0.217 |    0.196 | 
     | FE_PHC32_req_meta_q_12 | A v -> Y v  | BUFX3   | 0.057 |   0.274 |    0.253 | 
     | req_sync_q_reg[12]     | D v         | DFFX1   | 0.000 |   0.274 |    0.253 | 
     +-----------------------------------------------------------------------------+ 
Path 16: MET Hold Check with Pin req_sync_q_reg[15]/CK 
Endpoint:   req_sync_q_reg[15]/D (v) checked with  leading edge of 'clk'
Beginpoint: req_meta_q_reg[15]/Q (v) triggered by  leading edge of 'clk'
Path Groups: {clk}
Analysis View: hold_view
Other End Arrival Time          0.085
+ Hold                         -0.033
+ Phase Shift                   0.000
+ Uncertainty                   0.200
= Required Time                 0.252
  Arrival Time                  0.275
  Slack Time                    0.023
     Clock Rise Edge                 0.000
     + Clock Network Latency (Prop)  -0.002
     = Beginpoint Arrival Time       -0.002
     +------------------------------------------------------------------------------+ 
     |        Instance        |     Arc     |   Cell   | Delay | Arrival | Required | 
     |                        |             |          |       |  Time   |   Time   | 
     |------------------------+-------------+----------+-------+---------+----------| 
     | req_meta_q_reg[15]     | CK ^        |          |       |  -0.002 |   -0.025 | 
     | req_meta_q_reg[15]     | CK ^ -> Q v | DFFHQX1  | 0.145 |   0.143 |    0.120 | 
     | FE_PHC16_req_meta_q_15 | A v -> Y v  | CLKBUFX1 | 0.071 |   0.215 |    0.192 | 
     | FE_PHC28_req_meta_q_15 | A v -> Y v  | CLKBUFX1 | 0.060 |   0.275 |    0.252 | 
     | req_sync_q_reg[15]     | D v         | DFFX1    | 0.000 |   0.275 |    0.252 | 
     +------------------------------------------------------------------------------+ 

