###############################################################
#  Generated by:      Cadence Innovus 23.14-s088_1
#  OS:                Linux x86_64(Host ID <REMOTE_HOST>)
#  Generated on:      Fri Aug 21 17:24:31 2026
#  Design:            aer_pending_gray_rank_reuse_sync_core_reset
#  Command:           report_timing -check_type removal -max_paths 20 >  [file join $report_dir postroute_removal_timing.rpt]
###############################################################
Path 1: MET Removal Check with Pin reset_release_q_reg[1]/CK 
Endpoint:   reset_release_q_reg[1]/RN (^) checked with  leading edge of 'clk'
Beginpoint: rst_n                     (^) triggered by  leading edge of '@'
Path Groups: {async_default}
Analysis View: hold_view
Other End Arrival Time          0.083
+ Removal                      -0.031
+ Phase Shift                   0.000
+ Uncertainty                   0.200
= Required Time                 0.252
  Arrival Time                  0.292
  Slack Time                    0.040
     Clock Rise Edge                      0.000
     + Input Delay                        0.000
     = Beginpoint Arrival Time            0.000
     +-----------------------------------------------------------------------------+ 
     |        Instance        |    Arc     |   Cell   | Delay | Arrival | Required | 
     |                        |            |          |       |  Time   |   Time   | 
     |------------------------+------------+----------+-------+---------+----------| 
     |                        | rst_n ^    |          |       |   0.000 |   -0.040 | 
     | FE_PHC19_rst_n         | A ^ -> Y ^ | BUFX3    | 0.046 |   0.046 |    0.005 | 
     | FE_PHC1_rst_n          | A ^ -> Y ^ | DLY2X1   | 0.246 |   0.292 |    0.252 | 
     | reset_release_q_reg[1] | RN ^       | DFFRHQX1 | 0.000 |   0.292 |    0.252 | 
     +-----------------------------------------------------------------------------+ 
Path 2: MET Removal Check with Pin reset_release_q_reg[0]/CK 
Endpoint:   reset_release_q_reg[0]/RN (^) checked with  leading edge of 'clk'
Beginpoint: rst_n                     (^) triggered by  leading edge of '@'
Path Groups: {async_default}
Analysis View: hold_view
Other End Arrival Time          0.083
+ Removal                      -0.031
+ Phase Shift                   0.000
+ Uncertainty                   0.200
= Required Time                 0.251
  Arrival Time                  0.292
  Slack Time                    0.041
     Clock Rise Edge                      0.000
     + Input Delay                        0.000
     = Beginpoint Arrival Time            0.000
     +-----------------------------------------------------------------------------+ 
     |        Instance        |    Arc     |   Cell   | Delay | Arrival | Required | 
     |                        |            |          |       |  Time   |   Time   | 
     |------------------------+------------+----------+-------+---------+----------| 
     |                        | rst_n ^    |          |       |   0.000 |   -0.041 | 
     | FE_PHC19_rst_n         | A ^ -> Y ^ | BUFX3    | 0.046 |   0.046 |    0.005 | 
     | FE_PHC1_rst_n          | A ^ -> Y ^ | DLY2X1   | 0.246 |   0.292 |    0.251 | 
     | reset_release_q_reg[0] | RN ^       | DFFRHQX1 | 0.000 |   0.292 |    0.251 | 
     +-----------------------------------------------------------------------------+ 

