###############################################################
#  Generated by:      Cadence Innovus 23.14-s088_1
#  OS:                Linux x86_64(Host ID <REMOTE_HOST>)
#  Generated on:      Fri Aug 21 17:24:30 2026
#  Design:            aer_pending_gray_rank_reuse_sync_core_reset
#  Command:           report_timing \
#    -from [get_pins {req_meta_q_reg*/Q}] \
#    -to [get_pins {req_sync_q_reg*/D}] \
#    -max_paths 32 > \
#    [file join $report_dir postroute_cdc_setup_timing.rpt]
###############################################################
Path 1: MET Setup Check with Pin req_sync_q_reg[7]/CK 
Endpoint:   req_sync_q_reg[7]/D (v) checked with  leading edge of 'clk'
Beginpoint: req_meta_q_reg[7]/Q (v) triggered by  leading edge of '@'
Path Groups: {clk}
Analysis View: setup_view
Other End Arrival Time          0.170
- Setup                         0.247
+ Path Delay                    0.900
- Uncertainty                   0.200
= Required Time                 0.623
- Arrival Time                  0.305
= Slack Time                    0.317
     Clock Rise Edge                      0.000
     = Beginpoint Arrival Time            0.000
     +----------------------------------------------------------------------------+ 
     |       Instance        |    Arc     |   Cell   | Delay | Arrival | Required | 
     |                       |            |          |       |  Time   |   Time   | 
     |-----------------------+------------+----------+-------+---------+----------| 
     | req_meta_q_reg[7]     | Q v        |          |       |   0.000 |    0.317 | 
     | FE_PHC2_req_meta_q_7  | A v -> Y v | CLKBUFX1 | 0.148 |   0.148 |    0.465 | 
     | FE_PHC29_req_meta_q_7 | A v -> Y v | CLKBUFX2 | 0.158 |   0.305 |    0.623 | 
     | req_sync_q_reg[7]     | D v        | DFFX1    | 0.000 |   0.305 |    0.623 | 
     +----------------------------------------------------------------------------+ 
Path 2: MET Setup Check with Pin req_sync_q_reg[14]/CK 
Endpoint:   req_sync_q_reg[14]/D (v) checked with  leading edge of 'clk'
Beginpoint: req_meta_q_reg[14]/Q (v) triggered by  leading edge of '@'
Path Groups: {clk}
Analysis View: setup_view
Other End Arrival Time          0.170
- Setup                         0.249
+ Path Delay                    0.900
- Uncertainty                   0.200
= Required Time                 0.620
- Arrival Time                  0.291
= Slack Time                    0.329
     Clock Rise Edge                      0.000
     = Beginpoint Arrival Time            0.000
     +-----------------------------------------------------------------------------+ 
     |        Instance        |    Arc     |   Cell   | Delay | Arrival | Required | 
     |                        |            |          |       |  Time   |   Time   | 
     |------------------------+------------+----------+-------+---------+----------| 
     | req_meta_q_reg[14]     | Q v        |          |       |   0.000 |    0.329 | 
     | FE_PHC6_req_meta_q_14  | A v -> Y v | CLKBUFX1 | 0.150 |   0.150 |    0.480 | 
     | FE_PHC21_req_meta_q_14 | A v -> Y v | CLKBUFX1 | 0.141 |   0.291 |    0.620 | 
     | req_sync_q_reg[14]     | D v        | DFFX1    | 0.000 |   0.291 |    0.620 | 
     +-----------------------------------------------------------------------------+ 
Path 3: MET Setup Check with Pin req_sync_q_reg[5]/CK 
Endpoint:   req_sync_q_reg[5]/D (v) checked with  leading edge of 'clk'
Beginpoint: req_meta_q_reg[5]/Q (v) triggered by  leading edge of '@'
Path Groups: {clk}
Analysis View: setup_view
Other End Arrival Time          0.169
- Setup                         0.243
+ Path Delay                    0.900
- Uncertainty                   0.200
= Required Time                 0.626
- Arrival Time                  0.296
= Slack Time                    0.330
     Clock Rise Edge                      0.000
     = Beginpoint Arrival Time            0.000
     +----------------------------------------------------------------------------+ 
     |       Instance        |    Arc     |   Cell   | Delay | Arrival | Required | 
     |                       |            |          |       |  Time   |   Time   | 
     |-----------------------+------------+----------+-------+---------+----------| 
     | req_meta_q_reg[5]     | Q v        |          |       |   0.000 |    0.330 | 
     | FE_PHC8_req_meta_q_5  | A v -> Y v | CLKBUFX1 | 0.152 |   0.152 |    0.482 | 
     | FE_PHC30_req_meta_q_5 | A v -> Y v | BUFX3    | 0.144 |   0.296 |    0.626 | 
     | req_sync_q_reg[5]     | D v        | DFFX1    | 0.000 |   0.296 |    0.626 | 
     +----------------------------------------------------------------------------+ 
Path 4: MET Setup Check with Pin req_sync_q_reg[9]/CK 
Endpoint:   req_sync_q_reg[9]/D (v) checked with  leading edge of 'clk'
Beginpoint: req_meta_q_reg[9]/Q (v) triggered by  leading edge of '@'
Path Groups: {clk}
Analysis View: setup_view
Other End Arrival Time          0.170
- Setup                         0.243
+ Path Delay                    0.900
- Uncertainty                   0.200
= Required Time                 0.627
- Arrival Time                  0.296
= Slack Time                    0.331
     Clock Rise Edge                      0.000
     = Beginpoint Arrival Time            0.000
     +----------------------------------------------------------------------------+ 
     |       Instance        |    Arc     |   Cell   | Delay | Arrival | Required | 
     |                       |            |          |       |  Time   |   Time   | 
     |-----------------------+------------+----------+-------+---------+----------| 
     | req_meta_q_reg[9]     | Q v        |          |       |   0.000 |    0.331 | 
     | FE_PHC5_req_meta_q_9  | A v -> Y v | CLKBUFX1 | 0.153 |   0.153 |    0.484 | 
     | FE_PHC27_req_meta_q_9 | A v -> Y v | BUFX3    | 0.144 |   0.296 |    0.627 | 
     | req_sync_q_reg[9]     | D v        | DFFX1    | 0.000 |   0.296 |    0.627 | 
     +----------------------------------------------------------------------------+ 
Path 5: MET Setup Check with Pin req_sync_q_reg[8]/CK 
Endpoint:   req_sync_q_reg[8]/D (v) checked with  leading edge of 'clk'
Beginpoint: req_meta_q_reg[8]/Q (v) triggered by  leading edge of '@'
Path Groups: {clk}
Analysis View: setup_view
Other End Arrival Time          0.170
- Setup                         0.249
+ Path Delay                    0.900
- Uncertainty                   0.200
= Required Time                 0.620
- Arrival Time                  0.288
= Slack Time                    0.332
     Clock Rise Edge                      0.000
     = Beginpoint Arrival Time            0.000
     +----------------------------------------------------------------------------+ 
     |       Instance        |    Arc     |   Cell   | Delay | Arrival | Required | 
     |                       |            |          |       |  Time   |   Time   | 
     |-----------------------+------------+----------+-------+---------+----------| 
     | req_meta_q_reg[8]     | Q v        |          |       |   0.000 |    0.332 | 
     | FE_PHC4_req_meta_q_8  | A v -> Y v | CLKBUFX1 | 0.148 |   0.148 |    0.480 | 
     | FE_PHC38_req_meta_q_8 | A v -> Y v | CLKBUFX1 | 0.141 |   0.288 |    0.620 | 
     | req_sync_q_reg[8]     | D v        | DFFX1    | 0.000 |   0.288 |    0.620 | 
     +----------------------------------------------------------------------------+ 
Path 6: MET Setup Check with Pin req_sync_q_reg[13]/CK 
Endpoint:   req_sync_q_reg[13]/D (v) checked with  leading edge of 'clk'
Beginpoint: req_meta_q_reg[13]/Q (v) triggered by  leading edge of '@'
Path Groups: {clk}
Analysis View: setup_view
Other End Arrival Time          0.170
- Setup                         0.249
+ Path Delay                    0.900
- Uncertainty                   0.200
= Required Time                 0.621
- Arrival Time                  0.286
= Slack Time                    0.335
     Clock Rise Edge                      0.000
     = Beginpoint Arrival Time            0.000
     +-----------------------------------------------------------------------------+ 
     |        Instance        |    Arc     |   Cell   | Delay | Arrival | Required | 
     |                        |            |          |       |  Time   |   Time   | 
     |------------------------+------------+----------+-------+---------+----------| 
     | req_meta_q_reg[13]     | Q v        |          |       |   0.000 |    0.335 | 
     | FE_PHC7_req_meta_q_13  | A v -> Y v | CLKBUFX1 | 0.147 |   0.147 |    0.482 | 
     | FE_PHC22_req_meta_q_13 | A v -> Y v | CLKBUFX1 | 0.139 |   0.286 |    0.621 | 
     | req_sync_q_reg[13]     | D v        | DFFX1    | 0.000 |   0.286 |    0.621 | 
     +-----------------------------------------------------------------------------+ 
Path 7: MET Setup Check with Pin req_sync_q_reg[10]/CK 
Endpoint:   req_sync_q_reg[10]/D (v) checked with  leading edge of 'clk'
Beginpoint: req_meta_q_reg[10]/Q (v) triggered by  leading edge of '@'
Path Groups: {clk}
Analysis View: setup_view
Other End Arrival Time          0.170
- Setup                         0.242
+ Path Delay                    0.900
- Uncertainty                   0.200
= Required Time                 0.628
- Arrival Time                  0.293
= Slack Time                    0.335
     Clock Rise Edge                      0.000
     = Beginpoint Arrival Time            0.000
     +-----------------------------------------------------------------------------+ 
     |        Instance        |    Arc     |   Cell   | Delay | Arrival | Required | 
     |                        |            |          |       |  Time   |   Time   | 
     |------------------------+------------+----------+-------+---------+----------| 
     | req_meta_q_reg[10]     | Q v        |          |       |   0.000 |    0.335 | 
     | FE_PHC12_req_meta_q_10 | A v -> Y v | CLKBUFX1 | 0.153 |   0.153 |    0.488 | 
     | FE_PHC24_req_meta_q_10 | A v -> Y v | BUFX3    | 0.140 |   0.293 |    0.628 | 
     | req_sync_q_reg[10]     | D v        | DFFX1    | 0.000 |   0.293 |    0.628 | 
     +-----------------------------------------------------------------------------+ 
Path 8: MET Setup Check with Pin req_sync_q_reg[4]/CK 
Endpoint:   req_sync_q_reg[4]/D (v) checked with  leading edge of 'clk'
Beginpoint: req_meta_q_reg[4]/Q (v) triggered by  leading edge of '@'
Path Groups: {clk}
Analysis View: setup_view
Other End Arrival Time          0.169
- Setup                         0.243
+ Path Delay                    0.900
- Uncertainty                   0.200
= Required Time                 0.626
- Arrival Time                  0.289
= Slack Time                    0.337
     Clock Rise Edge                      0.000
     = Beginpoint Arrival Time            0.000
     +----------------------------------------------------------------------------+ 
     |       Instance        |    Arc     |   Cell   | Delay | Arrival | Required | 
     |                       |            |          |       |  Time   |   Time   | 
     |-----------------------+------------+----------+-------+---------+----------| 
     | req_meta_q_reg[4]     | Q v        |          |       |   0.000 |    0.337 | 
     | FE_PHC11_req_meta_q_4 | A v -> Y v | CLKBUFX1 | 0.147 |   0.147 |    0.484 | 
     | FE_PHC33_req_meta_q_4 | A v -> Y v | BUFX3    | 0.142 |   0.289 |    0.626 | 
     | req_sync_q_reg[4]     | D v        | DFFX1    | 0.000 |   0.289 |    0.626 | 
     +----------------------------------------------------------------------------+ 
Path 9: MET Setup Check with Pin req_sync_q_reg[15]/CK 
Endpoint:   req_sync_q_reg[15]/D (v) checked with  leading edge of 'clk'
Beginpoint: req_meta_q_reg[15]/Q (v) triggered by  leading edge of '@'
Path Groups: {clk}
Analysis View: setup_view
Other End Arrival Time          0.170
- Setup                         0.247
+ Path Delay                    0.900
- Uncertainty                   0.200
= Required Time                 0.623
- Arrival Time                  0.284
= Slack Time                    0.339
     Clock Rise Edge                      0.000
     = Beginpoint Arrival Time            0.000
     +-----------------------------------------------------------------------------+ 
     |        Instance        |    Arc     |   Cell   | Delay | Arrival | Required | 
     |                        |            |          |       |  Time   |   Time   | 
     |------------------------+------------+----------+-------+---------+----------| 
     | req_meta_q_reg[15]     | Q v        |          |       |   0.000 |    0.339 | 
     | FE_PHC16_req_meta_q_15 | A v -> Y v | CLKBUFX1 | 0.153 |   0.153 |    0.492 | 
     | FE_PHC28_req_meta_q_15 | A v -> Y v | CLKBUFX1 | 0.131 |   0.284 |    0.623 | 
     | req_sync_q_reg[15]     | D v        | DFFX1    | 0.000 |   0.284 |    0.623 | 
     +-----------------------------------------------------------------------------+ 
Path 10: MET Setup Check with Pin req_sync_q_reg[1]/CK 
Endpoint:   req_sync_q_reg[1]/D (v) checked with  leading edge of 'clk'
Beginpoint: req_meta_q_reg[1]/Q (v) triggered by  leading edge of '@'
Path Groups: {clk}
Analysis View: setup_view
Other End Arrival Time          0.170
- Setup                         0.242
+ Path Delay                    0.900
- Uncertainty                   0.200
= Required Time                 0.627
- Arrival Time                  0.282
= Slack Time                    0.345
     Clock Rise Edge                      0.000
     = Beginpoint Arrival Time            0.000
     +----------------------------------------------------------------------------+ 
     |       Instance        |    Arc     |   Cell   | Delay | Arrival | Required | 
     |                       |            |          |       |  Time   |   Time   | 
     |-----------------------+------------+----------+-------+---------+----------| 
     | req_meta_q_reg[1]     | Q v        |          |       |   0.000 |    0.345 | 
     | FE_PHC3_req_meta_q_1  | A v -> Y v | CLKBUFX1 | 0.144 |   0.144 |    0.490 | 
     | FE_PHC25_req_meta_q_1 | A v -> Y v | BUFX3    | 0.138 |   0.282 |    0.627 | 
     | req_sync_q_reg[1]     | D v        | DFFX1    | 0.000 |   0.282 |    0.627 | 
     +----------------------------------------------------------------------------+ 
Path 11: MET Setup Check with Pin req_sync_q_reg[12]/CK 
Endpoint:   req_sync_q_reg[12]/D (v) checked with  leading edge of 'clk'
Beginpoint: req_meta_q_reg[12]/Q (v) triggered by  leading edge of '@'
Path Groups: {clk}
Analysis View: setup_view
Other End Arrival Time          0.169
- Setup                         0.243
+ Path Delay                    0.900
- Uncertainty                   0.200
= Required Time                 0.626
- Arrival Time                  0.280
= Slack Time                    0.346
     Clock Rise Edge                      0.000
     = Beginpoint Arrival Time            0.000
     +--------------------------------------------------------------------------+ 
     |        Instance        |    Arc     |  Cell | Delay | Arrival | Required | 
     |                        |            |       |       |  Time   |   Time   | 
     |------------------------+------------+-------+-------+---------+----------| 
     | req_meta_q_reg[12]     | Q v        |       |       |   0.000 |    0.346 | 
     | FE_PHC17_req_meta_q_12 | A v -> Y v | BUFX3 | 0.153 |   0.153 |    0.499 | 
     | FE_PHC32_req_meta_q_12 | A v -> Y v | BUFX3 | 0.127 |   0.280 |    0.626 | 
     | req_sync_q_reg[12]     | D v        | DFFX1 | 0.000 |   0.280 |    0.626 | 
     +--------------------------------------------------------------------------+ 
Path 12: MET Setup Check with Pin req_sync_q_reg[11]/CK 
Endpoint:   req_sync_q_reg[11]/D (v) checked with  leading edge of 'clk'
Beginpoint: req_meta_q_reg[11]/Q (v) triggered by  leading edge of '@'
Path Groups: {clk}
Analysis View: setup_view
Other End Arrival Time          0.170
- Setup                         0.243
+ Path Delay                    0.900
- Uncertainty                   0.200
= Required Time                 0.627
- Arrival Time                  0.280
= Slack Time                    0.346
     Clock Rise Edge                      0.000
     = Beginpoint Arrival Time            0.000
     +-----------------------------------------------------------------------------+ 
     |        Instance        |    Arc     |   Cell   | Delay | Arrival | Required | 
     |                        |            |          |       |  Time   |   Time   | 
     |------------------------+------------+----------+-------+---------+----------| 
     | req_meta_q_reg[11]     | Q v        |          |       |   0.000 |    0.346 | 
     | FE_PHC9_req_meta_q_11  | A v -> Y v | CLKBUFX1 | 0.136 |   0.136 |    0.482 | 
     | FE_PHC36_req_meta_q_11 | A v -> Y v | CLKBUFX4 | 0.144 |   0.280 |    0.626 | 
     | req_sync_q_reg[11]     | D v        | DFFX1    | 0.000 |   0.280 |    0.627 | 
     +-----------------------------------------------------------------------------+ 
Path 13: MET Setup Check with Pin req_sync_q_reg[3]/CK 
Endpoint:   req_sync_q_reg[3]/D (v) checked with  leading edge of 'clk'
Beginpoint: req_meta_q_reg[3]/Q (v) triggered by  leading edge of '@'
Path Groups: {clk}
Analysis View: setup_view
Other End Arrival Time          0.169
- Setup                         0.243
+ Path Delay                    0.900
- Uncertainty                   0.200
= Required Time                 0.626
- Arrival Time                  0.280
= Slack Time                    0.346
     Clock Rise Edge                      0.000
     = Beginpoint Arrival Time            0.000
     +-------------------------------------------------------------------------+ 
     |       Instance        |    Arc     |  Cell | Delay | Arrival | Required | 
     |                       |            |       |       |  Time   |   Time   | 
     |-----------------------+------------+-------+-------+---------+----------| 
     | req_meta_q_reg[3]     | Q v        |       |       |   0.000 |    0.346 | 
     | FE_PHC15_req_meta_q_3 | A v -> Y v | BUFX3 | 0.149 |   0.149 |    0.496 | 
     | FE_PHC26_req_meta_q_3 | A v -> Y v | BUFX3 | 0.130 |   0.280 |    0.626 | 
     | req_sync_q_reg[3]     | D v        | DFFX1 | 0.000 |   0.280 |    0.626 | 
     +-------------------------------------------------------------------------+ 
Path 14: MET Setup Check with Pin req_sync_q_reg[0]/CK 
Endpoint:   req_sync_q_reg[0]/D (v) checked with  leading edge of 'clk'
Beginpoint: req_meta_q_reg[0]/Q (v) triggered by  leading edge of '@'
Path Groups: {clk}
Analysis View: setup_view
Other End Arrival Time          0.170
- Setup                         0.247
+ Path Delay                    0.900
- Uncertainty                   0.200
= Required Time                 0.622
- Arrival Time                  0.271
= Slack Time                    0.352
     Clock Rise Edge                      0.000
     = Beginpoint Arrival Time            0.000
     +----------------------------------------------------------------------------+ 
     |       Instance        |    Arc     |   Cell   | Delay | Arrival | Required | 
     |                       |            |          |       |  Time   |   Time   | 
     |-----------------------+------------+----------+-------+---------+----------| 
     | req_meta_q_reg[0]     | Q v        |          |       |   0.000 |    0.352 | 
     | FE_PHC10_req_meta_q_0 | A v -> Y v | CLKBUFX1 | 0.141 |   0.141 |    0.493 | 
     | FE_PHC20_req_meta_q_0 | A v -> Y v | CLKBUFX1 | 0.129 |   0.270 |    0.622 | 
     | req_sync_q_reg[0]     | D v        | DFFX1    | 0.000 |   0.271 |    0.622 | 
     +----------------------------------------------------------------------------+ 
Path 15: MET Setup Check with Pin req_sync_q_reg[6]/CK 
Endpoint:   req_sync_q_reg[6]/D (v) checked with  leading edge of 'clk'
Beginpoint: req_meta_q_reg[6]/Q (v) triggered by  leading edge of '@'
Path Groups: {clk}
Analysis View: setup_view
Other End Arrival Time          0.170
- Setup                         0.249
+ Path Delay                    0.900
- Uncertainty                   0.200
= Required Time                 0.621
- Arrival Time                  0.269
= Slack Time                    0.352
     Clock Rise Edge                      0.000
     = Beginpoint Arrival Time            0.000
     +----------------------------------------------------------------------------+ 
     |       Instance        |    Arc     |   Cell   | Delay | Arrival | Required | 
     |                       |            |          |       |  Time   |   Time   | 
     |-----------------------+------------+----------+-------+---------+----------| 
     | req_meta_q_reg[6]     | Q v        |          |       |   0.000 |    0.352 | 
     | FE_PHC14_req_meta_q_6 | A v -> Y v | CLKBUFX1 | 0.137 |   0.137 |    0.489 | 
     | FE_PHC23_req_meta_q_6 | A v -> Y v | CLKBUFX1 | 0.132 |   0.269 |    0.621 | 
     | req_sync_q_reg[6]     | D v        | DFFX1    | 0.000 |   0.269 |    0.621 | 
     +----------------------------------------------------------------------------+ 
Path 16: MET Setup Check with Pin req_sync_q_reg[2]/CK 
Endpoint:   req_sync_q_reg[2]/D (v) checked with  leading edge of 'clk'
Beginpoint: req_meta_q_reg[2]/Q (v) triggered by  leading edge of '@'
Path Groups: {clk}
Analysis View: setup_view
Other End Arrival Time          0.169
- Setup                         0.249
+ Path Delay                    0.900
- Uncertainty                   0.200
= Required Time                 0.620
- Arrival Time                  0.267
= Slack Time                    0.353
     Clock Rise Edge                      0.000
     = Beginpoint Arrival Time            0.000
     +----------------------------------------------------------------------------+ 
     |       Instance        |    Arc     |   Cell   | Delay | Arrival | Required | 
     |                       |            |          |       |  Time   |   Time   | 
     |-----------------------+------------+----------+-------+---------+----------| 
     | req_meta_q_reg[2]     | Q v        |          |       |   0.000 |    0.353 | 
     | FE_PHC13_req_meta_q_2 | A v -> Y v | BUFX3    | 0.141 |   0.141 |    0.494 | 
     | FE_PHC37_req_meta_q_2 | A v -> Y v | CLKBUFX1 | 0.126 |   0.267 |    0.620 | 
     | req_sync_q_reg[2]     | D v        | DFFX1    | 0.000 |   0.267 |    0.620 | 
     +----------------------------------------------------------------------------+ 

