###############################################################
#  Generated by:      Cadence Innovus 23.14-s088_1
#  OS:                Linux x86_64(Host ID <REMOTE_HOST>)
#  Generated on:      Fri Aug 21 17:24:30 2026
#  Design:            aer_pending_gray_rank_reuse_sync_core_reset
#  Command:           report_timing \
#    -from [get_pins {req_sync_q_reg*/Q*}] \
#    -max_paths 50 > \
#    [file join $report_dir postroute_core_setup_timing.rpt]
###############################################################
Path 1: MET Setup Check with Pin pending_rank_q_reg[10]/CK 
Endpoint:   pending_rank_q_reg[10]/D (v) checked with  leading edge of 'clk'
Beginpoint: req_sync_q_reg[8]/QN     (v) triggered by  leading edge of 'clk'
Path Groups: {clk}
Analysis View: setup_view
Other End Arrival Time          0.171
- Setup                         0.353
+ Phase Shift                  10.000
- Uncertainty                   0.200
= Required Time                 9.618
- Arrival Time                  4.774
= Slack Time                    4.844
     Clock Rise Edge                 0.000
     + Clock Network Latency (Prop)  -0.000
     = Beginpoint Arrival Time       -0.000
     +--------------------------------------------------------------------------------+ 
     |        Instance        |     Arc      |   Cell    | Delay | Arrival | Required | 
     |                        |              |           |       |  Time   |   Time   | 
     |------------------------+--------------+-----------+-------+---------+----------| 
     | req_sync_q_reg[8]      | CK ^         |           |       |  -0.000 |    4.844 | 
     | req_sync_q_reg[8]      | CK ^ -> QN v | DFFX1     | 0.583 |   0.582 |    5.427 | 
     | g6970__8428            | A1N v -> Y v | AOI2BB1X1 | 0.383 |   0.965 |    5.809 | 
     | g6936__7482            | D v -> Y ^   | NAND4X1   | 0.215 |   1.180 |    6.024 | 
     | g6927__2802            | A ^ -> Y ^   | OR2X2     | 0.195 |   1.375 |    6.219 | 
     | g6923__4319            | AN ^ -> Y ^  | NAND2BX1  | 0.174 |   1.549 |    6.393 | 
     | g6918__6417            | A0 ^ -> Y v  | AOI21X1   | 0.134 |   1.683 |    6.527 | 
     | g6909__9315            | B0 v -> Y ^  | AOI211X1  | 0.761 |   2.445 |    7.289 | 
     | g6907                  | A ^ -> Y v   | INVX1     | 0.337 |   2.781 |    7.625 | 
     | g6890__8428            | B1 v -> Y ^  | AOI22X1   | 0.355 |   3.136 |    7.980 | 
     | g6888__4319            | C0 ^ -> Y v  | OAI221XL  | 0.203 |   3.339 |    8.183 | 
     | g6885__5107            | A v -> Y v   | AND3X2    | 0.242 |   3.581 |    8.425 | 
     | g6879__5477            | B0 v -> Y ^  | AOI211X1  | 0.359 |   3.940 |    8.784 | 
     | g6876                  | A ^ -> Y v   | INVX1     | 0.108 |   4.048 |    8.892 | 
     | g6870__7482            | A0 v -> Y ^  | OAI21XL   | 0.482 |   4.530 |    9.374 | 
     | g6852__8428            | A0 ^ -> Y v  | AOI31XL   | 0.244 |   4.774 |    9.618 | 
     | pending_rank_q_reg[10] | D v          | DFFHQX1   | 0.000 |   4.774 |    9.618 | 
     +--------------------------------------------------------------------------------+ 
Path 2: MET Setup Check with Pin pending_rank_q_reg[12]/CK 
Endpoint:   pending_rank_q_reg[12]/D (v) checked with  leading edge of 'clk'
Beginpoint: req_sync_q_reg[8]/QN     (v) triggered by  leading edge of 'clk'
Path Groups: {clk}
Analysis View: setup_view
Other End Arrival Time          0.173
- Setup                         0.350
+ Phase Shift                  10.000
- Uncertainty                   0.200
= Required Time                 9.622
- Arrival Time                  4.760
= Slack Time                    4.863
     Clock Rise Edge                 0.000
     + Clock Network Latency (Prop)  -0.000
     = Beginpoint Arrival Time       -0.000
     +--------------------------------------------------------------------------------+ 
     |        Instance        |     Arc      |   Cell    | Delay | Arrival | Required | 
     |                        |              |           |       |  Time   |   Time   | 
     |------------------------+--------------+-----------+-------+---------+----------| 
     | req_sync_q_reg[8]      | CK ^         |           |       |  -0.000 |    4.862 | 
     | req_sync_q_reg[8]      | CK ^ -> QN v | DFFX1     | 0.583 |   0.582 |    5.445 | 
     | g6970__8428            | A1N v -> Y v | AOI2BB1X1 | 0.383 |   0.965 |    5.828 | 
     | g6936__7482            | D v -> Y ^   | NAND4X1   | 0.215 |   1.180 |    6.043 | 
     | g6927__2802            | A ^ -> Y ^   | OR2X2     | 0.195 |   1.375 |    6.238 | 
     | g6923__4319            | AN ^ -> Y ^  | NAND2BX1  | 0.174 |   1.549 |    6.412 | 
     | g6918__6417            | A0 ^ -> Y v  | AOI21X1   | 0.134 |   1.683 |    6.546 | 
     | g6909__9315            | B0 v -> Y ^  | AOI211X1  | 0.761 |   2.445 |    7.307 | 
     | g6907                  | A ^ -> Y v   | INVX1     | 0.337 |   2.781 |    7.644 | 
     | g6890__8428            | B1 v -> Y ^  | AOI22X1   | 0.355 |   3.136 |    7.999 | 
     | g6888__4319            | C0 ^ -> Y v  | OAI221XL  | 0.203 |   3.339 |    8.202 | 
     | g6885__5107            | A v -> Y v   | AND3X2    | 0.242 |   3.581 |    8.443 | 
     | g6879__5477            | B0 v -> Y ^  | AOI211X1  | 0.359 |   3.940 |    8.803 | 
     | g6876                  | A ^ -> Y v   | INVX1     | 0.108 |   4.048 |    8.911 | 
     | g6870__7482            | A0 v -> Y ^  | OAI21XL   | 0.482 |   4.530 |    9.392 | 
     | g6857__5526            | A0 ^ -> Y v  | AOI31XL   | 0.230 |   4.760 |    9.622 | 
     | pending_rank_q_reg[12] | D v          | DFFHQX1   | 0.000 |   4.760 |    9.622 | 
     +--------------------------------------------------------------------------------+ 
Path 3: MET Setup Check with Pin pending_rank_q_reg[8]/CK 
Endpoint:   pending_rank_q_reg[8]/D (v) checked with  leading edge of 'clk'
Beginpoint: req_sync_q_reg[8]/QN    (v) triggered by  leading edge of 'clk'
Path Groups: {clk}
Analysis View: setup_view
Other End Arrival Time          0.171
- Setup                         0.346
+ Phase Shift                  10.000
- Uncertainty                   0.200
= Required Time                 9.625
- Arrival Time                  4.736
= Slack Time                    4.890
     Clock Rise Edge                 0.000
     + Clock Network Latency (Prop)  -0.000
     = Beginpoint Arrival Time       -0.000
     +-------------------------------------------------------------------------------+ 
     |       Instance        |     Arc      |   Cell    | Delay | Arrival | Required | 
     |                       |              |           |       |  Time   |   Time   | 
     |-----------------------+--------------+-----------+-------+---------+----------| 
     | req_sync_q_reg[8]     | CK ^         |           |       |  -0.000 |    4.889 | 
     | req_sync_q_reg[8]     | CK ^ -> QN v | DFFX1     | 0.583 |   0.582 |    5.472 | 
     | g6970__8428           | A1N v -> Y v | AOI2BB1X1 | 0.383 |   0.965 |    5.855 | 
     | g6936__7482           | D v -> Y ^   | NAND4X1   | 0.215 |   1.180 |    6.070 | 
     | g6927__2802           | A ^ -> Y ^   | OR2X2     | 0.195 |   1.375 |    6.265 | 
     | g6923__4319           | AN ^ -> Y ^  | NAND2BX1  | 0.174 |   1.549 |    6.439 | 
     | g6918__6417           | A0 ^ -> Y v  | AOI21X1   | 0.134 |   1.683 |    6.573 | 
     | g6909__9315           | B0 v -> Y ^  | AOI211X1  | 0.761 |   2.445 |    7.334 | 
     | g6907                 | A ^ -> Y v   | INVX1     | 0.337 |   2.781 |    7.671 | 
     | g6890__8428           | B1 v -> Y ^  | AOI22X1   | 0.355 |   3.136 |    8.026 | 
     | g6888__4319           | C0 ^ -> Y v  | OAI221XL  | 0.203 |   3.339 |    8.229 | 
     | g6885__5107           | A v -> Y v   | AND3X2    | 0.242 |   3.581 |    8.470 | 
     | g6879__5477           | B0 v -> Y ^  | AOI211X1  | 0.359 |   3.940 |    8.830 | 
     | g6876                 | A ^ -> Y v   | INVX1     | 0.108 |   4.048 |    8.938 | 
     | g6870__7482           | A0 v -> Y ^  | OAI21XL   | 0.482 |   4.530 |    9.419 | 
     | g6854__5107           | A0 ^ -> Y v  | AOI31XL   | 0.206 |   4.736 |    9.625 | 
     | pending_rank_q_reg[8] | D v          | DFFHQX1   | 0.000 |   4.736 |    9.625 | 
     +-------------------------------------------------------------------------------+ 
Path 4: MET Setup Check with Pin pending_rank_q_reg[14]/CK 
Endpoint:   pending_rank_q_reg[14]/D (v) checked with  leading edge of 'clk'
Beginpoint: req_sync_q_reg[8]/QN     (v) triggered by  leading edge of 'clk'
Path Groups: {clk}
Analysis View: setup_view
Other End Arrival Time          0.173
- Setup                         0.344
+ Phase Shift                  10.000
- Uncertainty                   0.200
= Required Time                 9.629
- Arrival Time                  4.725
= Slack Time                    4.904
     Clock Rise Edge                 0.000
     + Clock Network Latency (Prop)  -0.000
     = Beginpoint Arrival Time       -0.000
     +--------------------------------------------------------------------------------+ 
     |        Instance        |     Arc      |   Cell    | Delay | Arrival | Required | 
     |                        |              |           |       |  Time   |   Time   | 
     |------------------------+--------------+-----------+-------+---------+----------| 
     | req_sync_q_reg[8]      | CK ^         |           |       |  -0.000 |    4.904 | 
     | req_sync_q_reg[8]      | CK ^ -> QN v | DFFX1     | 0.583 |   0.582 |    5.486 | 
     | g6970__8428            | A1N v -> Y v | AOI2BB1X1 | 0.383 |   0.965 |    5.869 | 
     | g6936__7482            | D v -> Y ^   | NAND4X1   | 0.215 |   1.180 |    6.084 | 
     | g6927__2802            | A ^ -> Y ^   | OR2X2     | 0.195 |   1.375 |    6.279 | 
     | g6923__4319            | AN ^ -> Y ^  | NAND2BX1  | 0.174 |   1.549 |    6.453 | 
     | g6918__6417            | A0 ^ -> Y v  | AOI21X1   | 0.134 |   1.683 |    6.587 | 
     | g6909__9315            | B0 v -> Y ^  | AOI211X1  | 0.761 |   2.445 |    7.348 | 
     | g6907                  | A ^ -> Y v   | INVX1     | 0.337 |   2.781 |    7.685 | 
     | g6890__8428            | B1 v -> Y ^  | AOI22X1   | 0.355 |   3.136 |    8.040 | 
     | g6888__4319            | C0 ^ -> Y v  | OAI221XL  | 0.203 |   3.339 |    8.243 | 
     | g6885__5107            | A v -> Y v   | AND3X2    | 0.242 |   3.581 |    8.485 | 
     | g6879__5477            | B0 v -> Y ^  | AOI211X1  | 0.359 |   3.940 |    8.844 | 
     | g6876                  | A ^ -> Y v   | INVX1     | 0.108 |   4.048 |    8.952 | 
     | g6870__7482            | A0 v -> Y ^  | OAI21XL   | 0.482 |   4.530 |    9.434 | 
     | g6864__2398            | A0 ^ -> Y v  | AOI31XL   | 0.195 |   4.725 |    9.628 | 
     | pending_rank_q_reg[14] | D v          | DFFHQX1   | 0.000 |   4.725 |    9.629 | 
     +--------------------------------------------------------------------------------+ 
Path 5: MET Setup Check with Pin pending_rank_q_reg[6]/CK 
Endpoint:   pending_rank_q_reg[6]/D (v) checked with  leading edge of 'clk'
Beginpoint: req_sync_q_reg[8]/QN    (v) triggered by  leading edge of 'clk'
Path Groups: {clk}
Analysis View: setup_view
Other End Arrival Time          0.172
- Setup                         0.350
+ Phase Shift                  10.000
- Uncertainty                   0.200
= Required Time                 9.622
- Arrival Time                  4.514
= Slack Time                    5.108
     Clock Rise Edge                 0.000
     + Clock Network Latency (Prop)  -0.000
     = Beginpoint Arrival Time       -0.000
     +-------------------------------------------------------------------------------+ 
     |       Instance        |     Arc      |   Cell    | Delay | Arrival | Required | 
     |                       |              |           |       |  Time   |   Time   | 
     |-----------------------+--------------+-----------+-------+---------+----------| 
     | req_sync_q_reg[8]     | CK ^         |           |       |  -0.000 |    5.108 | 
     | req_sync_q_reg[8]     | CK ^ -> QN v | DFFX1     | 0.583 |   0.582 |    5.690 | 
     | g6970__8428           | A1N v -> Y v | AOI2BB1X1 | 0.383 |   0.965 |    6.073 | 
     | g6936__7482           | D v -> Y ^   | NAND4X1   | 0.215 |   1.180 |    6.288 | 
     | g6927__2802           | A ^ -> Y ^   | OR2X2     | 0.195 |   1.375 |    6.483 | 
     | g6923__4319           | AN ^ -> Y ^  | NAND2BX1  | 0.174 |   1.549 |    6.657 | 
     | g6918__6417           | A0 ^ -> Y v  | AOI21X1   | 0.134 |   1.683 |    6.791 | 
     | g6909__9315           | B0 v -> Y ^  | AOI211X1  | 0.761 |   2.445 |    7.553 | 
     | g6907                 | A ^ -> Y v   | INVX1     | 0.337 |   2.781 |    7.889 | 
     | g6890__8428           | B1 v -> Y ^  | AOI22X1   | 0.355 |   3.136 |    8.244 | 
     | g6888__4319           | C0 ^ -> Y v  | OAI221XL  | 0.203 |   3.339 |    8.447 | 
     | g6885__5107           | A v -> Y v   | AND3X2    | 0.242 |   3.581 |    8.689 | 
     | g6879__5477           | B0 v -> Y ^  | AOI211X1  | 0.359 |   3.940 |    9.048 | 
     | g6873__9945           | A1N ^ -> Y ^ | OAI2BB1X1 | 0.393 |   4.333 |    9.441 | 
     | g6866__5122           | A0 ^ -> Y v  | AOI31XL   | 0.181 |   4.514 |    9.622 | 
     | pending_rank_q_reg[6] | D v          | DFFHQX1   | 0.000 |   4.514 |    9.622 | 
     +-------------------------------------------------------------------------------+ 
Path 6: MET Setup Check with Pin pending_rank_q_reg[0]/CK 
Endpoint:   pending_rank_q_reg[0]/D (v) checked with  leading edge of 'clk'
Beginpoint: req_sync_q_reg[8]/QN    (v) triggered by  leading edge of 'clk'
Path Groups: {clk}
Analysis View: setup_view
Other End Arrival Time          0.172
- Setup                         0.347
+ Phase Shift                  10.000
- Uncertainty                   0.200
= Required Time                 9.625
- Arrival Time                  4.502
= Slack Time                    5.123
     Clock Rise Edge                 0.000
     + Clock Network Latency (Prop)  -0.000
     = Beginpoint Arrival Time       -0.000
     +-------------------------------------------------------------------------------+ 
     |       Instance        |     Arc      |   Cell    | Delay | Arrival | Required | 
     |                       |              |           |       |  Time   |   Time   | 
     |-----------------------+--------------+-----------+-------+---------+----------| 
     | req_sync_q_reg[8]     | CK ^         |           |       |  -0.000 |    5.123 | 
     | req_sync_q_reg[8]     | CK ^ -> QN v | DFFX1     | 0.583 |   0.582 |    5.705 | 
     | g6970__8428           | A1N v -> Y v | AOI2BB1X1 | 0.383 |   0.965 |    6.088 | 
     | g6936__7482           | D v -> Y ^   | NAND4X1   | 0.215 |   1.180 |    6.303 | 
     | g6927__2802           | A ^ -> Y ^   | OR2X2     | 0.195 |   1.375 |    6.498 | 
     | g6923__4319           | AN ^ -> Y ^  | NAND2BX1  | 0.174 |   1.549 |    6.672 | 
     | g6918__6417           | A0 ^ -> Y v  | AOI21X1   | 0.134 |   1.683 |    6.806 | 
     | g6909__9315           | B0 v -> Y ^  | AOI211X1  | 0.761 |   2.445 |    7.567 | 
     | g6907                 | A ^ -> Y v   | INVX1     | 0.337 |   2.781 |    7.904 | 
     | g6890__8428           | B1 v -> Y ^  | AOI22X1   | 0.355 |   3.136 |    8.259 | 
     | g6888__4319           | C0 ^ -> Y v  | OAI221XL  | 0.203 |   3.339 |    8.462 | 
     | g6885__5107           | A v -> Y v   | AND3X2    | 0.242 |   3.581 |    8.704 | 
     | g6879__5477           | B0 v -> Y ^  | AOI211X1  | 0.359 |   3.940 |    9.063 | 
     | g6873__9945           | A1N ^ -> Y ^ | OAI2BB1X1 | 0.393 |   4.333 |    9.456 | 
     | g6856__1617           | A0 ^ -> Y v  | AOI31XL   | 0.169 |   4.502 |    9.625 | 
     | pending_rank_q_reg[0] | D v          | DFFHQX1   | 0.000 |   4.502 |    9.625 | 
     +-------------------------------------------------------------------------------+ 
Path 7: MET Setup Check with Pin pending_rank_q_reg[2]/CK 
Endpoint:   pending_rank_q_reg[2]/D (v) checked with  leading edge of 'clk'
Beginpoint: req_sync_q_reg[8]/QN    (v) triggered by  leading edge of 'clk'
Path Groups: {clk}
Analysis View: setup_view
Other End Arrival Time          0.171
- Setup                         0.347
+ Phase Shift                  10.000
- Uncertainty                   0.200
= Required Time                 9.625
- Arrival Time                  4.500
= Slack Time                    5.125
     Clock Rise Edge                 0.000
     + Clock Network Latency (Prop)  -0.000
     = Beginpoint Arrival Time       -0.000
     +-------------------------------------------------------------------------------+ 
     |       Instance        |     Arc      |   Cell    | Delay | Arrival | Required | 
     |                       |              |           |       |  Time   |   Time   | 
     |-----------------------+--------------+-----------+-------+---------+----------| 
     | req_sync_q_reg[8]     | CK ^         |           |       |  -0.000 |    5.125 | 
     | req_sync_q_reg[8]     | CK ^ -> QN v | DFFX1     | 0.583 |   0.582 |    5.708 | 
     | g6970__8428           | A1N v -> Y v | AOI2BB1X1 | 0.383 |   0.965 |    6.091 | 
     | g6936__7482           | D v -> Y ^   | NAND4X1   | 0.215 |   1.180 |    6.305 | 
     | g6927__2802           | A ^ -> Y ^   | OR2X2     | 0.195 |   1.375 |    6.501 | 
     | g6923__4319           | AN ^ -> Y ^  | NAND2BX1  | 0.174 |   1.549 |    6.674 | 
     | g6918__6417           | A0 ^ -> Y v  | AOI21X1   | 0.134 |   1.683 |    6.808 | 
     | g6909__9315           | B0 v -> Y ^  | AOI211X1  | 0.761 |   2.445 |    7.570 | 
     | g6907                 | A ^ -> Y v   | INVX1     | 0.337 |   2.781 |    7.906 | 
     | g6890__8428           | B1 v -> Y ^  | AOI22X1   | 0.355 |   3.136 |    8.261 | 
     | g6888__4319           | C0 ^ -> Y v  | OAI221XL  | 0.203 |   3.339 |    8.465 | 
     | g6885__5107           | A v -> Y v   | AND3X2    | 0.242 |   3.581 |    8.706 | 
     | g6879__5477           | B0 v -> Y ^  | AOI211X1  | 0.359 |   3.940 |    9.065 | 
     | g6873__9945           | A1N ^ -> Y ^ | OAI2BB1X1 | 0.393 |   4.333 |    9.458 | 
     | g6862__1705           | A0 ^ -> Y v  | AOI31XL   | 0.166 |   4.499 |    9.625 | 
     | pending_rank_q_reg[2] | D v          | DFFHQX1   | 0.000 |   4.500 |    9.625 | 
     +-------------------------------------------------------------------------------+ 
Path 8: MET Setup Check with Pin pending_rank_q_reg[4]/CK 
Endpoint:   pending_rank_q_reg[4]/D (v) checked with  leading edge of 'clk'
Beginpoint: req_sync_q_reg[8]/QN    (v) triggered by  leading edge of 'clk'
Path Groups: {clk}
Analysis View: setup_view
Other End Arrival Time          0.172
- Setup                         0.344
+ Phase Shift                  10.000
- Uncertainty                   0.200
= Required Time                 9.629
- Arrival Time                  4.487
= Slack Time                    5.141
     Clock Rise Edge                 0.000
     + Clock Network Latency (Prop)  -0.000
     = Beginpoint Arrival Time       -0.000
     +-------------------------------------------------------------------------------+ 
     |       Instance        |     Arc      |   Cell    | Delay | Arrival | Required | 
     |                       |              |           |       |  Time   |   Time   | 
     |-----------------------+--------------+-----------+-------+---------+----------| 
     | req_sync_q_reg[8]     | CK ^         |           |       |  -0.000 |    5.141 | 
     | req_sync_q_reg[8]     | CK ^ -> QN v | DFFX1     | 0.583 |   0.582 |    5.724 | 
     | g6970__8428           | A1N v -> Y v | AOI2BB1X1 | 0.383 |   0.965 |    6.106 | 
     | g6936__7482           | D v -> Y ^   | NAND4X1   | 0.215 |   1.180 |    6.321 | 
     | g6927__2802           | A ^ -> Y ^   | OR2X2     | 0.195 |   1.375 |    6.516 | 
     | g6923__4319           | AN ^ -> Y ^  | NAND2BX1  | 0.174 |   1.549 |    6.690 | 
     | g6918__6417           | A0 ^ -> Y v  | AOI21X1   | 0.134 |   1.683 |    6.824 | 
     | g6909__9315           | B0 v -> Y ^  | AOI211X1  | 0.761 |   2.445 |    7.586 | 
     | g6907                 | A ^ -> Y v   | INVX1     | 0.337 |   2.781 |    7.922 | 
     | g6890__8428           | B1 v -> Y ^  | AOI22X1   | 0.355 |   3.136 |    8.277 | 
     | g6888__4319           | C0 ^ -> Y v  | OAI221XL  | 0.203 |   3.339 |    8.480 | 
     | g6885__5107           | A v -> Y v   | AND3X2    | 0.242 |   3.581 |    8.722 | 
     | g6879__5477           | B0 v -> Y ^  | AOI211X1  | 0.359 |   3.940 |    9.081 | 
     | g6873__9945           | A1N ^ -> Y ^ | OAI2BB1X1 | 0.393 |   4.333 |    9.474 | 
     | g6860__8246           | A0 ^ -> Y v  | AOI31XL   | 0.154 |   4.487 |    9.629 | 
     | pending_rank_q_reg[4] | D v          | DFFHQX1   | 0.000 |   4.487 |    9.629 | 
     +-------------------------------------------------------------------------------+ 
Path 9: MET Setup Check with Pin pending_rank_q_reg[7]/CK 
Endpoint:   pending_rank_q_reg[7]/D (^) checked with  leading edge of 'clk'
Beginpoint: req_sync_q_reg[8]/QN    (v) triggered by  leading edge of 'clk'
Path Groups: {clk}
Analysis View: setup_view
Other End Arrival Time          0.172
- Setup                         0.167
+ Phase Shift                  10.000
- Uncertainty                   0.200
= Required Time                 9.805
- Arrival Time                  4.623
= Slack Time                    5.182
     Clock Rise Edge                 0.000
     + Clock Network Latency (Prop)  -0.000
     = Beginpoint Arrival Time       -0.000
     +-------------------------------------------------------------------------------+ 
     |       Instance        |     Arc      |   Cell    | Delay | Arrival | Required | 
     |                       |              |           |       |  Time   |   Time   | 
     |-----------------------+--------------+-----------+-------+---------+----------| 
     | req_sync_q_reg[8]     | CK ^         |           |       |  -0.000 |    5.182 | 
     | req_sync_q_reg[8]     | CK ^ -> QN v | DFFX1     | 0.583 |   0.582 |    5.765 | 
     | g6970__8428           | A1N v -> Y v | AOI2BB1X1 | 0.383 |   0.965 |    6.148 | 
     | g6936__7482           | D v -> Y ^   | NAND4X1   | 0.215 |   1.180 |    6.362 | 
     | g6927__2802           | A ^ -> Y ^   | OR2X2     | 0.195 |   1.375 |    6.558 | 
     | g6923__4319           | AN ^ -> Y ^  | NAND2BX1  | 0.174 |   1.549 |    6.731 | 
     | g6918__6417           | A0 ^ -> Y v  | AOI21X1   | 0.134 |   1.683 |    6.865 | 
     | g6909__9315           | B0 v -> Y ^  | AOI211X1  | 0.761 |   2.445 |    7.627 | 
     | g6907                 | A ^ -> Y v   | INVX1     | 0.337 |   2.781 |    7.963 | 
     | g6890__8428           | B1 v -> Y ^  | AOI22X1   | 0.355 |   3.136 |    8.318 | 
     | g6888__4319           | C0 ^ -> Y v  | OAI221XL  | 0.203 |   3.339 |    8.522 | 
     | g6885__5107           | A v -> Y v   | AND3X2    | 0.242 |   3.581 |    8.763 | 
     | g6879__5477           | B0 v -> Y ^  | AOI211X1  | 0.359 |   3.940 |    9.122 | 
     | g6876                 | A ^ -> Y v   | INVX1     | 0.108 |   4.048 |    9.231 | 
     | g6874__4733           | A1N v -> Y v | OAI2BB1X1 | 0.334 |   4.382 |    9.565 | 
     | g6867__6783           | A0 v -> Y ^  | AOI31X1   | 0.241 |   4.623 |    9.805 | 
     | pending_rank_q_reg[7] | D ^          | DFFHQX1   | 0.000 |   4.623 |    9.805 | 
     +-------------------------------------------------------------------------------+ 
Path 10: MET Setup Check with Pin pending_rank_q_reg[9]/CK 
Endpoint:   pending_rank_q_reg[9]/D (v) checked with  leading edge of 'clk'
Beginpoint: req_sync_q_reg[8]/QN    (v) triggered by  leading edge of 'clk'
Path Groups: {clk}
Analysis View: setup_view
Other End Arrival Time          0.170
- Setup                         0.347
+ Phase Shift                  10.000
- Uncertainty                   0.200
= Required Time                 9.623
- Arrival Time                  4.401
= Slack Time                    5.223
     Clock Rise Edge                 0.000
     + Clock Network Latency (Prop)  -0.000
     = Beginpoint Arrival Time       -0.000
     +-------------------------------------------------------------------------------+ 
     |       Instance        |     Arc      |   Cell    | Delay | Arrival | Required | 
     |                       |              |           |       |  Time   |   Time   | 
     |-----------------------+--------------+-----------+-------+---------+----------| 
     | req_sync_q_reg[8]     | CK ^         |           |       |  -0.000 |    5.222 | 
     | req_sync_q_reg[8]     | CK ^ -> QN v | DFFX1     | 0.583 |   0.582 |    5.805 | 
     | g6970__8428           | A1N v -> Y v | AOI2BB1X1 | 0.383 |   0.965 |    6.188 | 
     | g6936__7482           | D v -> Y ^   | NAND4X1   | 0.215 |   1.180 |    6.403 | 
     | g6927__2802           | A ^ -> Y ^   | OR2X2     | 0.195 |   1.375 |    6.598 | 
     | g6923__4319           | AN ^ -> Y ^  | NAND2BX1  | 0.174 |   1.549 |    6.772 | 
     | g6918__6417           | A0 ^ -> Y v  | AOI21X1   | 0.134 |   1.683 |    6.906 | 
     | g6905__6161           | A1 v -> Y ^  | OAI21XL   | 0.636 |   2.319 |    7.542 | 
     | g6904                 | A ^ -> Y v   | INVX1     | 0.261 |   2.580 |    7.803 | 
     | g6895__1617           | B0 v -> Y ^  | OAI22X1   | 0.265 |   2.845 |    8.067 | 
     | g6890__8428           | B0 ^ -> Y v  | AOI22X1   | 0.191 |   3.035 |    8.258 | 
     | g6888__4319           | C0 v -> Y ^  | OAI221XL  | 0.192 |   3.227 |    8.450 | 
     | g6885__5107           | A ^ -> Y ^   | AND3X2    | 0.249 |   3.476 |    8.698 | 
     | g6879__5477           | B0 ^ -> Y v  | AOI211X1  | 0.122 |   3.598 |    8.820 | 
     | g6872__6161           | A0 v -> Y ^  | OAI21XL   | 0.596 |   4.194 |    9.416 | 
     | g6855__2802           | A0 ^ -> Y v  | AOI31X1   | 0.207 |   4.401 |    9.623 | 
     | pending_rank_q_reg[9] | D v          | DFFHQX1   | 0.000 |   4.401 |    9.623 | 
     +-------------------------------------------------------------------------------+ 
Path 11: MET Setup Check with Pin pending_rank_q_reg[3]/CK 
Endpoint:   pending_rank_q_reg[3]/D (^) checked with  leading edge of 'clk'
Beginpoint: req_sync_q_reg[8]/QN    (v) triggered by  leading edge of 'clk'
Path Groups: {clk}
Analysis View: setup_view
Other End Arrival Time          0.171
- Setup                         0.163
+ Phase Shift                  10.000
- Uncertainty                   0.200
= Required Time                 9.808
- Arrival Time                  4.586
= Slack Time                    5.223
     Clock Rise Edge                 0.000
     + Clock Network Latency (Prop)  -0.000
     = Beginpoint Arrival Time       -0.000
     +-------------------------------------------------------------------------------+ 
     |       Instance        |     Arc      |   Cell    | Delay | Arrival | Required | 
     |                       |              |           |       |  Time   |   Time   | 
     |-----------------------+--------------+-----------+-------+---------+----------| 
     | req_sync_q_reg[8]     | CK ^         |           |       |  -0.000 |    5.222 | 
     | req_sync_q_reg[8]     | CK ^ -> QN v | DFFX1     | 0.583 |   0.582 |    5.805 | 
     | g6970__8428           | A1N v -> Y v | AOI2BB1X1 | 0.383 |   0.965 |    6.188 | 
     | g6936__7482           | D v -> Y ^   | NAND4X1   | 0.215 |   1.180 |    6.403 | 
     | g6927__2802           | A ^ -> Y ^   | OR2X2     | 0.195 |   1.375 |    6.598 | 
     | g6923__4319           | AN ^ -> Y ^  | NAND2BX1  | 0.174 |   1.549 |    6.772 | 
     | g6918__6417           | A0 ^ -> Y v  | AOI21X1   | 0.134 |   1.683 |    6.906 | 
     | g6909__9315           | B0 v -> Y ^  | AOI211X1  | 0.761 |   2.445 |    7.667 | 
     | g6907                 | A ^ -> Y v   | INVX1     | 0.337 |   2.781 |    8.004 | 
     | g6890__8428           | B1 v -> Y ^  | AOI22X1   | 0.355 |   3.136 |    8.359 | 
     | g6888__4319           | C0 ^ -> Y v  | OAI221XL  | 0.203 |   3.339 |    8.562 | 
     | g6885__5107           | A v -> Y v   | AND3X2    | 0.242 |   3.581 |    8.803 | 
     | g6879__5477           | B0 v -> Y ^  | AOI211X1  | 0.359 |   3.940 |    9.163 | 
     | g6876                 | A ^ -> Y v   | INVX1     | 0.108 |   4.048 |    9.271 | 
     | g6874__4733           | A1N v -> Y v | OAI2BB1X1 | 0.334 |   4.382 |    9.605 | 
     | g6863__6260           | A0 v -> Y ^  | AOI31X1   | 0.203 |   4.586 |    9.808 | 
     | pending_rank_q_reg[3] | D ^          | DFFHQX1   | 0.000 |   4.586 |    9.808 | 
     +-------------------------------------------------------------------------------+ 
Path 12: MET Setup Check with Pin pending_rank_q_reg[1]/CK 
Endpoint:   pending_rank_q_reg[1]/D (^) checked with  leading edge of 'clk'
Beginpoint: req_sync_q_reg[8]/QN    (v) triggered by  leading edge of 'clk'
Path Groups: {clk}
Analysis View: setup_view
Other End Arrival Time          0.172
- Setup                         0.163
+ Phase Shift                  10.000
- Uncertainty                   0.200
= Required Time                 9.809
- Arrival Time                  4.585
= Slack Time                    5.224
     Clock Rise Edge                 0.000
     + Clock Network Latency (Prop)  -0.000
     = Beginpoint Arrival Time       -0.000
     +-------------------------------------------------------------------------------+ 
     |       Instance        |     Arc      |   Cell    | Delay | Arrival | Required | 
     |                       |              |           |       |  Time   |   Time   | 
     |-----------------------+--------------+-----------+-------+---------+----------| 
     | req_sync_q_reg[8]     | CK ^         |           |       |  -0.000 |    5.224 | 
     | req_sync_q_reg[8]     | CK ^ -> QN v | DFFX1     | 0.583 |   0.582 |    5.806 | 
     | g6970__8428           | A1N v -> Y v | AOI2BB1X1 | 0.383 |   0.965 |    6.189 | 
     | g6936__7482           | D v -> Y ^   | NAND4X1   | 0.215 |   1.180 |    6.404 | 
     | g6927__2802           | A ^ -> Y ^   | OR2X2     | 0.195 |   1.375 |    6.599 | 
     | g6923__4319           | AN ^ -> Y ^  | NAND2BX1  | 0.174 |   1.549 |    6.773 | 
     | g6918__6417           | A0 ^ -> Y v  | AOI21X1   | 0.134 |   1.683 |    6.907 | 
     | g6909__9315           | B0 v -> Y ^  | AOI211X1  | 0.761 |   2.445 |    7.669 | 
     | g6907                 | A ^ -> Y v   | INVX1     | 0.337 |   2.781 |    8.005 | 
     | g6890__8428           | B1 v -> Y ^  | AOI22X1   | 0.355 |   3.136 |    8.360 | 
     | g6888__4319           | C0 ^ -> Y v  | OAI221XL  | 0.203 |   3.339 |    8.563 | 
     | g6885__5107           | A v -> Y v   | AND3X2    | 0.242 |   3.581 |    8.805 | 
     | g6879__5477           | B0 v -> Y ^  | AOI211X1  | 0.359 |   3.940 |    9.164 | 
     | g6876                 | A ^ -> Y v   | INVX1     | 0.108 |   4.048 |    9.272 | 
     | g6874__4733           | A1N v -> Y v | OAI2BB1X1 | 0.334 |   4.382 |    9.606 | 
     | g6853__3680           | A0 v -> Y ^  | AOI31X1   | 0.203 |   4.585 |    9.809 | 
     | pending_rank_q_reg[1] | D ^          | DFFHQX1   | 0.000 |   4.585 |    9.809 | 
     +-------------------------------------------------------------------------------+ 
Path 13: MET Setup Check with Pin pending_rank_q_reg[5]/CK 
Endpoint:   pending_rank_q_reg[5]/D (^) checked with  leading edge of 'clk'
Beginpoint: req_sync_q_reg[8]/QN    (v) triggered by  leading edge of 'clk'
Path Groups: {clk}
Analysis View: setup_view
Other End Arrival Time          0.172
- Setup                         0.163
+ Phase Shift                  10.000
- Uncertainty                   0.200
= Required Time                 9.809
- Arrival Time                  4.584
= Slack Time                    5.225
     Clock Rise Edge                 0.000
     + Clock Network Latency (Prop)  -0.000
     = Beginpoint Arrival Time       -0.000
     +-------------------------------------------------------------------------------+ 
     |       Instance        |     Arc      |   Cell    | Delay | Arrival | Required | 
     |                       |              |           |       |  Time   |   Time   | 
     |-----------------------+--------------+-----------+-------+---------+----------| 
     | req_sync_q_reg[8]     | CK ^         |           |       |  -0.000 |    5.224 | 
     | req_sync_q_reg[8]     | CK ^ -> QN v | DFFX1     | 0.583 |   0.582 |    5.807 | 
     | g6970__8428           | A1N v -> Y v | AOI2BB1X1 | 0.383 |   0.965 |    6.190 | 
     | g6936__7482           | D v -> Y ^   | NAND4X1   | 0.215 |   1.180 |    6.405 | 
     | g6927__2802           | A ^ -> Y ^   | OR2X2     | 0.195 |   1.375 |    6.600 | 
     | g6923__4319           | AN ^ -> Y ^  | NAND2BX1  | 0.174 |   1.549 |    6.774 | 
     | g6918__6417           | A0 ^ -> Y v  | AOI21X1   | 0.134 |   1.683 |    6.908 | 
     | g6909__9315           | B0 v -> Y ^  | AOI211X1  | 0.761 |   2.445 |    7.669 | 
     | g6907                 | A ^ -> Y v   | INVX1     | 0.337 |   2.781 |    8.006 | 
     | g6890__8428           | B1 v -> Y ^  | AOI22X1   | 0.355 |   3.136 |    8.361 | 
     | g6888__4319           | C0 ^ -> Y v  | OAI221XL  | 0.203 |   3.339 |    8.564 | 
     | g6885__5107           | A v -> Y v   | AND3X2    | 0.242 |   3.581 |    8.805 | 
     | g6879__5477           | B0 v -> Y ^  | AOI211X1  | 0.359 |   3.940 |    9.165 | 
     | g6876                 | A ^ -> Y v   | INVX1     | 0.108 |   4.048 |    9.273 | 
     | g6874__4733           | A1N v -> Y v | OAI2BB1X1 | 0.334 |   4.382 |    9.607 | 
     | g6865__4319           | A0 v -> Y ^  | AOI31X1   | 0.202 |   4.584 |    9.809 | 
     | pending_rank_q_reg[5] | D ^          | DFFHQX1   | 0.000 |   4.584 |    9.809 | 
     +-------------------------------------------------------------------------------+ 
Path 14: MET Setup Check with Pin pending_rank_q_reg[13]/CK 
Endpoint:   pending_rank_q_reg[13]/D (v) checked with  leading edge of 'clk'
Beginpoint: req_sync_q_reg[8]/QN     (v) triggered by  leading edge of 'clk'
Path Groups: {clk}
Analysis View: setup_view
Other End Arrival Time          0.172
- Setup                         0.345
+ Phase Shift                  10.000
- Uncertainty                   0.200
= Required Time                 9.628
- Arrival Time                  4.385
= Slack Time                    5.243
     Clock Rise Edge                 0.000
     + Clock Network Latency (Prop)  -0.000
     = Beginpoint Arrival Time       -0.000
     +--------------------------------------------------------------------------------+ 
     |        Instance        |     Arc      |   Cell    | Delay | Arrival | Required | 
     |                        |              |           |       |  Time   |   Time   | 
     |------------------------+--------------+-----------+-------+---------+----------| 
     | req_sync_q_reg[8]      | CK ^         |           |       |  -0.000 |    5.243 | 
     | req_sync_q_reg[8]      | CK ^ -> QN v | DFFX1     | 0.583 |   0.582 |    5.825 | 
     | g6970__8428            | A1N v -> Y v | AOI2BB1X1 | 0.383 |   0.965 |    6.208 | 
     | g6936__7482            | D v -> Y ^   | NAND4X1   | 0.215 |   1.180 |    6.423 | 
     | g6927__2802            | A ^ -> Y ^   | OR2X2     | 0.195 |   1.375 |    6.618 | 
     | g6923__4319            | AN ^ -> Y ^  | NAND2BX1  | 0.174 |   1.549 |    6.792 | 
     | g6918__6417            | A0 ^ -> Y v  | AOI21X1   | 0.134 |   1.683 |    6.926 | 
     | g6905__6161            | A1 v -> Y ^  | OAI21XL   | 0.636 |   2.319 |    7.562 | 
     | g6904                  | A ^ -> Y v   | INVX1     | 0.261 |   2.580 |    7.823 | 
     | g6895__1617            | B0 v -> Y ^  | OAI22X1   | 0.265 |   2.845 |    8.088 | 
     | g6890__8428            | B0 ^ -> Y v  | AOI22X1   | 0.191 |   3.035 |    8.278 | 
     | g6888__4319            | C0 v -> Y ^  | OAI221XL  | 0.192 |   3.227 |    8.470 | 
     | g6885__5107            | A ^ -> Y ^   | AND3X2    | 0.249 |   3.476 |    8.718 | 
     | g6879__5477            | B0 ^ -> Y v  | AOI211X1  | 0.122 |   3.598 |    8.841 | 
     | g6872__6161            | A0 v -> Y ^  | OAI21XL   | 0.596 |   4.194 |    9.437 | 
     | g6859__7098            | A0 ^ -> Y v  | AOI31X1   | 0.191 |   4.385 |    9.628 | 
     | pending_rank_q_reg[13] | D v          | DFFHQX1   | 0.000 |   4.385 |    9.628 | 
     +--------------------------------------------------------------------------------+ 
Path 15: MET Setup Check with Pin pending_rank_q_reg[11]/CK 
Endpoint:   pending_rank_q_reg[11]/D (v) checked with  leading edge of 'clk'
Beginpoint: req_sync_q_reg[8]/QN     (v) triggered by  leading edge of 'clk'
Path Groups: {clk}
Analysis View: setup_view
Other End Arrival Time          0.170
- Setup                         0.344
+ Phase Shift                  10.000
- Uncertainty                   0.200
= Required Time                 9.626
- Arrival Time                  4.381
= Slack Time                    5.245
     Clock Rise Edge                 0.000
     + Clock Network Latency (Prop)  -0.000
     = Beginpoint Arrival Time       -0.000
     +--------------------------------------------------------------------------------+ 
     |        Instance        |     Arc      |   Cell    | Delay | Arrival | Required | 
     |                        |              |           |       |  Time   |   Time   | 
     |------------------------+--------------+-----------+-------+---------+----------| 
     | req_sync_q_reg[8]      | CK ^         |           |       |  -0.000 |    5.245 | 
     | req_sync_q_reg[8]      | CK ^ -> QN v | DFFX1     | 0.583 |   0.582 |    5.828 | 
     | g6970__8428            | A1N v -> Y v | AOI2BB1X1 | 0.383 |   0.965 |    6.211 | 
     | g6936__7482            | D v -> Y ^   | NAND4X1   | 0.215 |   1.180 |    6.425 | 
     | g6927__2802            | A ^ -> Y ^   | OR2X2     | 0.195 |   1.375 |    6.620 | 
     | g6923__4319            | AN ^ -> Y ^  | NAND2BX1  | 0.174 |   1.549 |    6.794 | 
     | g6918__6417            | A0 ^ -> Y v  | AOI21X1   | 0.134 |   1.683 |    6.928 | 
     | g6905__6161            | A1 v -> Y ^  | OAI21XL   | 0.636 |   2.319 |    7.564 | 
     | g6904                  | A ^ -> Y v   | INVX1     | 0.261 |   2.580 |    7.825 | 
     | g6895__1617            | B0 v -> Y ^  | OAI22X1   | 0.265 |   2.845 |    8.090 | 
     | g6890__8428            | B0 ^ -> Y v  | AOI22X1   | 0.191 |   3.035 |    8.281 | 
     | g6888__4319            | C0 v -> Y ^  | OAI221XL  | 0.192 |   3.227 |    8.472 | 
     | g6885__5107            | A ^ -> Y ^   | AND3X2    | 0.249 |   3.476 |    8.721 | 
     | g6879__5477            | B0 ^ -> Y v  | AOI211X1  | 0.122 |   3.598 |    8.843 | 
     | g6872__6161            | A0 v -> Y ^  | OAI21XL   | 0.596 |   4.194 |    9.439 | 
     | g6858__6131            | A0 ^ -> Y v  | AOI31X1   | 0.187 |   4.381 |    9.626 | 
     | pending_rank_q_reg[11] | D v          | DFFHQX1   | 0.000 |   4.381 |    9.626 | 
     +--------------------------------------------------------------------------------+ 
Path 16: MET Setup Check with Pin pending_rank_q_reg[15]/CK 
Endpoint:   pending_rank_q_reg[15]/D (v) checked with  leading edge of 'clk'
Beginpoint: req_sync_q_reg[8]/QN     (v) triggered by  leading edge of 'clk'
Path Groups: {clk}
Analysis View: setup_view
Other End Arrival Time          0.173
- Setup                         0.342
+ Phase Shift                  10.000
- Uncertainty                   0.200
= Required Time                 9.631
- Arrival Time                  4.366
= Slack Time                    5.265
     Clock Rise Edge                 0.000
     + Clock Network Latency (Prop)  -0.000
     = Beginpoint Arrival Time       -0.000
     +--------------------------------------------------------------------------------+ 
     |        Instance        |     Arc      |   Cell    | Delay | Arrival | Required | 
     |                        |              |           |       |  Time   |   Time   | 
     |------------------------+--------------+-----------+-------+---------+----------| 
     | req_sync_q_reg[8]      | CK ^         |           |       |  -0.000 |    5.265 | 
     | req_sync_q_reg[8]      | CK ^ -> QN v | DFFX1     | 0.583 |   0.582 |    5.847 | 
     | g6970__8428            | A1N v -> Y v | AOI2BB1X1 | 0.383 |   0.965 |    6.230 | 
     | g6936__7482            | D v -> Y ^   | NAND4X1   | 0.215 |   1.180 |    6.445 | 
     | g6927__2802            | A ^ -> Y ^   | OR2X2     | 0.195 |   1.375 |    6.640 | 
     | g6923__4319            | AN ^ -> Y ^  | NAND2BX1  | 0.174 |   1.549 |    6.814 | 
     | g6918__6417            | A0 ^ -> Y v  | AOI21X1   | 0.134 |   1.683 |    6.948 | 
     | g6905__6161            | A1 v -> Y ^  | OAI21XL   | 0.636 |   2.319 |    7.584 | 
     | g6904                  | A ^ -> Y v   | INVX1     | 0.261 |   2.580 |    7.845 | 
     | g6895__1617            | B0 v -> Y ^  | OAI22X1   | 0.265 |   2.845 |    8.110 | 
     | g6890__8428            | B0 ^ -> Y v  | AOI22X1   | 0.191 |   3.035 |    8.300 | 
     | g6888__4319            | C0 v -> Y ^  | OAI221XL  | 0.192 |   3.227 |    8.492 | 
     | g6885__5107            | A ^ -> Y ^   | AND3X2    | 0.249 |   3.476 |    8.740 | 
     | g6879__5477            | B0 ^ -> Y v  | AOI211X1  | 0.122 |   3.598 |    8.862 | 
     | g6872__6161            | A0 v -> Y ^  | OAI21XL   | 0.596 |   4.194 |    9.459 | 
     | g6861__1881            | A0 ^ -> Y v  | AOI31X1   | 0.173 |   4.366 |    9.631 | 
     | pending_rank_q_reg[15] | D v          | DFFHQX1   | 0.000 |   4.366 |    9.631 | 
     +--------------------------------------------------------------------------------+ 
Path 17: MET Setup Check with Pin out_rank_q_reg[0]/CK 
Endpoint:   out_rank_q_reg[0]/D  (v) checked with  leading edge of 'clk'
Beginpoint: req_sync_q_reg[8]/QN (v) triggered by  leading edge of 'clk'
Path Groups: {clk}
Analysis View: setup_view
Other End Arrival Time          0.171
- Setup                         0.282
+ Phase Shift                  10.000
- Uncertainty                   0.200
= Required Time                 9.690
- Arrival Time                  4.137
= Slack Time                    5.553
     Clock Rise Edge                 0.000
     + Clock Network Latency (Prop)  -0.000
     = Beginpoint Arrival Time       -0.000
     +---------------------------------------------------------------------------+ 
     |     Instance      |     Arc      |   Cell    | Delay | Arrival | Required | 
     |                   |              |           |       |  Time   |   Time   | 
     |-------------------+--------------+-----------+-------+---------+----------| 
     | req_sync_q_reg[8] | CK ^         |           |       |  -0.000 |    5.553 | 
     | req_sync_q_reg[8] | CK ^ -> QN v | DFFX1     | 0.583 |   0.582 |    6.135 | 
     | g6970__8428       | A1N v -> Y v | AOI2BB1X1 | 0.383 |   0.965 |    6.518 | 
     | g6936__7482       | D v -> Y ^   | NAND4X1   | 0.215 |   1.180 |    6.733 | 
     | g6927__2802       | A ^ -> Y ^   | OR2X2     | 0.195 |   1.375 |    6.928 | 
     | g6923__4319       | AN ^ -> Y ^  | NAND2BX1  | 0.174 |   1.549 |    7.102 | 
     | g6918__6417       | A0 ^ -> Y v  | AOI21X1   | 0.134 |   1.683 |    7.236 | 
     | g6909__9315       | B0 v -> Y ^  | AOI211X1  | 0.761 |   2.445 |    7.997 | 
     | g6907             | A ^ -> Y v   | INVX1     | 0.337 |   2.781 |    8.334 | 
     | g6890__8428       | B1 v -> Y ^  | AOI22X1   | 0.355 |   3.136 |    8.689 | 
     | g6888__4319       | C0 ^ -> Y v  | OAI221XL  | 0.203 |   3.339 |    8.892 | 
     | g6885__5107       | A v -> Y v   | AND3X2    | 0.242 |   3.581 |    9.134 | 
     | g6879__5477       | B0 v -> Y ^  | AOI211X1  | 0.359 |   3.940 |    9.493 | 
     | g6869__5115       | A0 ^ -> Y v  | OAI221XL  | 0.197 |   4.137 |    9.690 | 
     | out_rank_q_reg[0] | D v          | DFFX1     | 0.000 |   4.137 |    9.690 | 
     +---------------------------------------------------------------------------+ 
Path 18: MET Setup Check with Pin out_rank_q_reg[1]/CK 
Endpoint:   out_rank_q_reg[1]/D  (v) checked with  leading edge of 'clk'
Beginpoint: req_sync_q_reg[8]/QN (v) triggered by  leading edge of 'clk'
Path Groups: {clk}
Analysis View: setup_view
Other End Arrival Time          0.171
- Setup                         0.279
+ Phase Shift                  10.000
- Uncertainty                   0.200
= Required Time                 9.692
- Arrival Time                  3.845
= Slack Time                    5.847
     Clock Rise Edge                 0.000
     + Clock Network Latency (Prop)  -0.000
     = Beginpoint Arrival Time       -0.000
     +---------------------------------------------------------------------------+ 
     |     Instance      |     Arc      |   Cell    | Delay | Arrival | Required | 
     |                   |              |           |       |  Time   |   Time   | 
     |-------------------+--------------+-----------+-------+---------+----------| 
     | req_sync_q_reg[8] | CK ^         |           |       |  -0.000 |    5.846 | 
     | req_sync_q_reg[8] | CK ^ -> QN v | DFFX1     | 0.583 |   0.582 |    6.429 | 
     | g6970__8428       | A1N v -> Y v | AOI2BB1X1 | 0.383 |   0.965 |    6.812 | 
     | g6936__7482       | D v -> Y ^   | NAND4X1   | 0.215 |   1.180 |    7.027 | 
     | g6927__2802       | A ^ -> Y ^   | OR2X2     | 0.195 |   1.375 |    7.222 | 
     | g6923__4319       | AN ^ -> Y ^  | NAND2BX1  | 0.174 |   1.549 |    7.396 | 
     | g6918__6417       | A0 ^ -> Y v  | AOI21X1   | 0.134 |   1.683 |    7.530 | 
     | g6909__9315       | B0 v -> Y ^  | AOI211X1  | 0.761 |   2.445 |    8.291 | 
     | g6907             | A ^ -> Y v   | INVX1     | 0.337 |   2.781 |    8.628 | 
     | g6902__1881       | A0 v -> Y ^  | OAI22X1   | 0.210 |   2.991 |    8.838 | 
     | g6892__3680       | B0 ^ -> Y v  | AOI22X1   | 0.188 |   3.180 |    9.026 | 
     | g6887__6260       | B v -> Y ^   | NAND2X1   | 0.158 |   3.338 |    9.185 | 
     | g6884__2398       | A0 ^ -> Y v  | AOI21X1   | 0.166 |   3.504 |    9.351 | 
     | g3                | A v -> Y ^   | NOR2XL    | 0.181 |   3.686 |    9.532 | 
     | g2                | B ^ -> Y v   | MXI2XL    | 0.160 |   3.845 |    9.692 | 
     | out_rank_q_reg[1] | D v          | DFFX1     | 0.000 |   3.845 |    9.692 | 
     +---------------------------------------------------------------------------+ 
Path 19: MET Setup Check with Pin out_rank_q_reg[2]/CK 
Endpoint:   out_rank_q_reg[2]/D   (v) checked with  leading edge of 'clk'
Beginpoint: req_sync_q_reg[13]/QN (v) triggered by  leading edge of 'clk'
Path Groups: {clk}
Analysis View: setup_view
Other End Arrival Time          0.171
- Setup                         0.282
+ Phase Shift                  10.000
- Uncertainty                   0.200
= Required Time                 9.690
- Arrival Time                  2.930
= Slack Time                    6.760
     Clock Rise Edge                 0.000
     + Clock Network Latency (Prop)  -0.000
     = Beginpoint Arrival Time       -0.000
     +----------------------------------------------------------------------------+ 
     |      Instance      |     Arc      |   Cell    | Delay | Arrival | Required | 
     |                    |              |           |       |  Time   |   Time   | 
     |--------------------+--------------+-----------+-------+---------+----------| 
     | req_sync_q_reg[13] | CK ^         |           |       |  -0.000 |    6.760 | 
     | req_sync_q_reg[13] | CK ^ -> QN v | DFFX1     | 0.561 |   0.560 |    7.320 | 
     | g6976__6783        | A1N v -> Y v | AOI2BB1X1 | 0.430 |   0.990 |    7.750 | 
     | g6931__1881        | A v -> Y ^   | NAND4X1   | 0.212 |   1.202 |    7.962 | 
     | g6929__1705        | A ^ -> Y v   | NOR2X1    | 0.139 |   1.341 |    8.101 | 
     | g6925__5526        | A v -> Y ^   | NAND2X1   | 0.132 |   1.473 |    8.233 | 
     | g6920__2398        | A ^ -> Y v   | NOR2X1    | 0.103 |   1.576 |    8.336 | 
     | g7191              | B v -> Y ^   | NAND2BX1  | 0.137 |   1.713 |    8.473 | 
     | g6912__9945        | AN ^ -> Y ^  | NOR2BX2   | 0.675 |   2.388 |    9.148 | 
     | g6911              | A ^ -> Y v   | INVX1     | 0.104 |   2.493 |    9.253 | 
     | g6908__7482        | B0 v -> Y ^  | AOI21X1   | 0.253 |   2.745 |    9.505 | 
     | g6889__5526        | B0 ^ -> Y v  | OAI221XL  | 0.184 |   2.930 |    9.690 | 
     | out_rank_q_reg[2]  | D v          | DFFX1     | 0.000 |   2.930 |    9.690 | 
     +----------------------------------------------------------------------------+ 
Path 20: MET Setup Check with Pin out_rank_q_reg[3]/CK 
Endpoint:   out_rank_q_reg[3]/D   (^) checked with  leading edge of 'clk'
Beginpoint: req_sync_q_reg[13]/QN (v) triggered by  leading edge of 'clk'
Path Groups: {clk}
Analysis View: setup_view
Other End Arrival Time          0.171
- Setup                         0.131
+ Phase Shift                  10.000
- Uncertainty                   0.200
= Required Time                 9.840
- Arrival Time                  3.030
= Slack Time                    6.810
     Clock Rise Edge                 0.000
     + Clock Network Latency (Prop)  -0.000
     = Beginpoint Arrival Time       -0.000
     +----------------------------------------------------------------------------+ 
     |      Instance      |     Arc      |   Cell    | Delay | Arrival | Required | 
     |                    |              |           |       |  Time   |   Time   | 
     |--------------------+--------------+-----------+-------+---------+----------| 
     | req_sync_q_reg[13] | CK ^         |           |       |  -0.000 |    6.810 | 
     | req_sync_q_reg[13] | CK ^ -> QN v | DFFX1     | 0.561 |   0.560 |    7.371 | 
     | g6976__6783        | A1N v -> Y v | AOI2BB1X1 | 0.430 |   0.990 |    7.800 | 
     | g6931__1881        | A v -> Y ^   | NAND4X1   | 0.212 |   1.202 |    8.012 | 
     | g6929__1705        | A ^ -> Y v   | NOR2X1    | 0.139 |   1.341 |    8.151 | 
     | g6925__5526        | A v -> Y ^   | NAND2X1   | 0.132 |   1.473 |    8.283 | 
     | g6920__2398        | A ^ -> Y v   | NOR2X1    | 0.103 |   1.576 |    8.386 | 
     | g7191              | B v -> Y ^   | NAND2BX1  | 0.137 |   1.713 |    8.523 | 
     | g6912__9945        | AN ^ -> Y ^  | NOR2BX2   | 0.675 |   2.388 |    9.199 | 
     | g6911              | A ^ -> Y v   | INVX1     | 0.104 |   2.493 |    9.303 | 
     | g6908__7482        | B0 v -> Y ^  | AOI21X1   | 0.253 |   2.745 |    9.556 | 
     | g6900__5122        | B0 ^ -> Y v  | OAI21XL   | 0.146 |   2.891 |    9.702 | 
     | g6893__6783        | B0 v -> Y ^  | OAI21XL   | 0.139 |   3.030 |    9.840 | 
     | out_rank_q_reg[3]  | D ^          | DFFX1     | 0.000 |   3.030 |    9.840 | 
     +----------------------------------------------------------------------------+ 
Path 21: MET Setup Check with Pin out_valid_q_reg/CK 
Endpoint:   out_valid_q_reg/D     (v) checked with  leading edge of 'clk'
Beginpoint: req_sync_q_reg[13]/QN (^) triggered by  leading edge of 'clk'
Path Groups: {clk}
Analysis View: setup_view
Other End Arrival Time          0.171
- Setup                         0.398
+ Phase Shift                  10.000
- Uncertainty                   0.200
= Required Time                 9.573
- Arrival Time                  1.890
= Slack Time                    7.683
     Clock Rise Edge                 0.000
     + Clock Network Latency (Prop)  -0.000
     = Beginpoint Arrival Time       -0.000
     +----------------------------------------------------------------------------+ 
     |      Instance      |     Arc      |   Cell    | Delay | Arrival | Required | 
     |                    |              |           |       |  Time   |   Time   | 
     |--------------------+--------------+-----------+-------+---------+----------| 
     | req_sync_q_reg[13] | CK ^         |           |       |  -0.000 |    7.683 | 
     | req_sync_q_reg[13] | CK ^ -> QN ^ | DFFX1     | 0.491 |   0.491 |    8.174 | 
     | g6976__6783        | A1N ^ -> Y ^ | AOI2BB1X1 | 0.469 |   0.959 |    8.642 | 
     | g6931__1881        | A ^ -> Y v   | NAND4X1   | 0.238 |   1.198 |    8.881 | 
     | g6929__1705        | A v -> Y ^   | NOR2X1    | 0.265 |   1.463 |    9.146 | 
     | g6925__5526        | A ^ -> Y v   | NAND2X1   | 0.122 |   1.585 |    9.268 | 
     | g6920__2398        | A v -> Y ^   | NOR2X1    | 0.201 |   1.786 |    9.469 | 
     | g7191              | B ^ -> Y v   | NAND2BX1  | 0.104 |   1.890 |    9.573 | 
     | out_valid_q_reg    | D v          | DFFTRX1   | 0.000 |   1.890 |    9.573 | 
     +----------------------------------------------------------------------------+ 
Path 22: MET Setup Check with Pin ack_rank_q_reg[1]/CK 
Endpoint:   ack_rank_q_reg[1]/D  (v) checked with  leading edge of 'clk'
Beginpoint: req_sync_q_reg[1]/QN (^) triggered by  leading edge of 'clk'
Path Groups: {clk}
Analysis View: setup_view
Other End Arrival Time          0.172
- Setup                         0.400
+ Phase Shift                  10.000
- Uncertainty                   0.200
= Required Time                 9.572
- Arrival Time                  0.611
= Slack Time                    8.961
     Clock Rise Edge                 0.000
     + Clock Network Latency (Prop)  -0.000
     = Beginpoint Arrival Time       -0.000
     +-------------------------------------------------------------------------+ 
     |     Instance      |     Arc      |  Cell   | Delay | Arrival | Required | 
     |                   |              |         |       |  Time   |   Time   | 
     |-------------------+--------------+---------+-------+---------+----------| 
     | req_sync_q_reg[1] | CK ^         |         |       |  -0.000 |    8.961 | 
     | req_sync_q_reg[1] | CK ^ -> QN ^ | DFFX1   | 0.518 |   0.518 |    9.479 | 
     | g7001__7482       | B0 ^ -> Y v  | AOI21XL | 0.094 |   0.611 |    9.572 | 
     | ack_rank_q_reg[1] | D v          | DFFTRX1 | 0.000 |   0.611 |    9.572 | 
     +-------------------------------------------------------------------------+ 
Path 23: MET Setup Check with Pin ack_rank_q_reg[7]/CK 
Endpoint:   ack_rank_q_reg[7]/D  (v) checked with  leading edge of 'clk'
Beginpoint: req_sync_q_reg[4]/QN (^) triggered by  leading edge of 'clk'
Path Groups: {clk}
Analysis View: setup_view
Other End Arrival Time          0.172
- Setup                         0.399
+ Phase Shift                  10.000
- Uncertainty                   0.200
= Required Time                 9.573
- Arrival Time                  0.609
= Slack Time                    8.964
     Clock Rise Edge                 0.000
     + Clock Network Latency (Prop)  -0.000
     = Beginpoint Arrival Time       -0.000
     +-------------------------------------------------------------------------+ 
     |     Instance      |     Arc      |  Cell   | Delay | Arrival | Required | 
     |                   |              |         |       |  Time   |   Time   | 
     |-------------------+--------------+---------+-------+---------+----------| 
     | req_sync_q_reg[4] | CK ^         |         |       |  -0.000 |    8.964 | 
     | req_sync_q_reg[4] | CK ^ -> QN ^ | DFFX1   | 0.516 |   0.515 |    9.480 | 
     | g7008__8428       | B0 ^ -> Y v  | AOI21XL | 0.094 |   0.609 |    9.573 | 
     | ack_rank_q_reg[7] | D v          | DFFTRX1 | 0.000 |   0.609 |    9.573 | 
     +-------------------------------------------------------------------------+ 
Path 24: MET Setup Check with Pin ack_rank_q_reg[15]/CK 
Endpoint:   ack_rank_q_reg[15]/D (v) checked with  leading edge of 'clk'
Beginpoint: req_sync_q_reg[8]/QN (^) triggered by  leading edge of 'clk'
Path Groups: {clk}
Analysis View: setup_view
Other End Arrival Time          0.173
- Setup                         0.397
+ Phase Shift                  10.000
- Uncertainty                   0.200
= Required Time                 9.576
- Arrival Time                  0.609
= Slack Time                    8.966
     Clock Rise Edge                 0.000
     + Clock Network Latency (Prop)  -0.000
     = Beginpoint Arrival Time       -0.000
     +--------------------------------------------------------------------------+ 
     |      Instance      |     Arc      |  Cell   | Delay | Arrival | Required | 
     |                    |              |         |       |  Time   |   Time   | 
     |--------------------+--------------+---------+-------+---------+----------| 
     | req_sync_q_reg[8]  | CK ^         |         |       |  -0.000 |    8.966 | 
     | req_sync_q_reg[8]  | CK ^ -> QN ^ | DFFX1   | 0.527 |   0.526 |    9.493 | 
     | g6999__1705        | B0 ^ -> Y v  | AOI21XL | 0.083 |   0.609 |    9.576 | 
     | ack_rank_q_reg[15] | D v          | DFFTRX1 | 0.000 |   0.609 |    9.576 | 
     +--------------------------------------------------------------------------+ 
Path 25: MET Setup Check with Pin ack_rank_q_reg[14]/CK 
Endpoint:   ack_rank_q_reg[14]/D (v) checked with  leading edge of 'clk'
Beginpoint: req_sync_q_reg[9]/QN (^) triggered by  leading edge of 'clk'
Path Groups: {clk}
Analysis View: setup_view
Other End Arrival Time          0.173
- Setup                         0.396
+ Phase Shift                  10.000
- Uncertainty                   0.200
= Required Time                 9.577
- Arrival Time                  0.606
= Slack Time                    8.971
     Clock Rise Edge                 0.000
     + Clock Network Latency (Prop)  -0.000
     = Beginpoint Arrival Time       -0.000
     +--------------------------------------------------------------------------+ 
     |      Instance      |     Arc      |  Cell   | Delay | Arrival | Required | 
     |                    |              |         |       |  Time   |   Time   | 
     |--------------------+--------------+---------+-------+---------+----------| 
     | req_sync_q_reg[9]  | CK ^         |         |       |  -0.000 |    8.971 | 
     | req_sync_q_reg[9]  | CK ^ -> QN ^ | DFFX1   | 0.523 |   0.523 |    9.494 | 
     | g6996__6161        | B0 ^ -> Y v  | AOI21XL | 0.083 |   0.606 |    9.577 | 
     | ack_rank_q_reg[14] | D v          | DFFTRX1 | 0.000 |   0.606 |    9.577 | 
     +--------------------------------------------------------------------------+ 
Path 26: MET Setup Check with Pin ack_rank_q_reg[11]/CK 
Endpoint:   ack_rank_q_reg[11]/D  (v) checked with  leading edge of 'clk'
Beginpoint: req_sync_q_reg[14]/QN (^) triggered by  leading edge of 'clk'
Path Groups: {clk}
Analysis View: setup_view
Other End Arrival Time          0.171
- Setup                         0.399
+ Phase Shift                  10.000
- Uncertainty                   0.200
= Required Time                 9.572
- Arrival Time                  0.587
= Slack Time                    8.984
     Clock Rise Edge                 0.000
     + Clock Network Latency (Prop)  -0.000
     = Beginpoint Arrival Time       -0.000
     +--------------------------------------------------------------------------+ 
     |      Instance      |     Arc      |  Cell   | Delay | Arrival | Required | 
     |                    |              |         |       |  Time   |   Time   | 
     |--------------------+--------------+---------+-------+---------+----------| 
     | req_sync_q_reg[14] | CK ^         |         |       |  -0.000 |    8.984 | 
     | req_sync_q_reg[14] | CK ^ -> QN ^ | DFFX1   | 0.498 |   0.498 |    9.482 | 
     | g6998__9945        | B0 ^ -> Y v  | AOI21XL | 0.089 |   0.587 |    9.572 | 
     | ack_rank_q_reg[11] | D v          | DFFTRX1 | 0.000 |   0.587 |    9.572 | 
     +--------------------------------------------------------------------------+ 
Path 27: MET Setup Check with Pin ack_rank_q_reg[10]/CK 
Endpoint:   ack_rank_q_reg[10]/D  (v) checked with  leading edge of 'clk'
Beginpoint: req_sync_q_reg[15]/QN (^) triggered by  leading edge of 'clk'
Path Groups: {clk}
Analysis View: setup_view
Other End Arrival Time          0.171
- Setup                         0.397
+ Phase Shift                  10.000
- Uncertainty                   0.200
= Required Time                 9.575
- Arrival Time                  0.589
= Slack Time                    8.986
     Clock Rise Edge                 0.000
     + Clock Network Latency (Prop)  0.000
     = Beginpoint Arrival Time       0.000
     +--------------------------------------------------------------------------+ 
     |      Instance      |     Arc      |  Cell   | Delay | Arrival | Required | 
     |                    |              |         |       |  Time   |   Time   | 
     |--------------------+--------------+---------+-------+---------+----------| 
     | req_sync_q_reg[15] | CK ^         |         |       |   0.000 |    8.986 | 
     | req_sync_q_reg[15] | CK ^ -> QN ^ | DFFX1   | 0.505 |   0.505 |    9.491 | 
     | g6995__4733        | B0 ^ -> Y v  | AOI21XL | 0.084 |   0.589 |    9.575 | 
     | ack_rank_q_reg[10] | D v          | DFFTRX1 | 0.000 |   0.589 |    9.575 | 
     +--------------------------------------------------------------------------+ 
Path 28: MET Setup Check with Pin ack_rank_q_reg[0]/CK 
Endpoint:   ack_rank_q_reg[0]/D  (v) checked with  leading edge of 'clk'
Beginpoint: req_sync_q_reg[0]/QN (^) triggered by  leading edge of 'clk'
Path Groups: {clk}
Analysis View: setup_view
Other End Arrival Time          0.172
- Setup                         0.400
+ Phase Shift                  10.000
- Uncertainty                   0.200
= Required Time                 9.572
- Arrival Time                  0.585
= Slack Time                    8.987
     Clock Rise Edge                 0.000
     + Clock Network Latency (Prop)  -0.000
     = Beginpoint Arrival Time       -0.000
     +-------------------------------------------------------------------------+ 
     |     Instance      |     Arc      |  Cell   | Delay | Arrival | Required | 
     |                   |              |         |       |  Time   |   Time   | 
     |-------------------+--------------+---------+-------+---------+----------| 
     | req_sync_q_reg[0] | CK ^         |         |       |  -0.000 |    8.987 | 
     | req_sync_q_reg[0] | CK ^ -> QN ^ | DFFX1   | 0.496 |   0.495 |    9.483 | 
     | g6997__9315       | B0 ^ -> Y v  | AOI21XL | 0.089 |   0.585 |    9.572 | 
     | ack_rank_q_reg[0] | D v          | DFFTRX1 | 0.000 |   0.585 |    9.572 | 
     +-------------------------------------------------------------------------+ 
Path 29: MET Setup Check with Pin ack_rank_q_reg[4]/CK 
Endpoint:   ack_rank_q_reg[4]/D  (v) checked with  leading edge of 'clk'
Beginpoint: req_sync_q_reg[6]/QN (^) triggered by  leading edge of 'clk'
Path Groups: {clk}
Analysis View: setup_view
Other End Arrival Time          0.173
- Setup                         0.396
+ Phase Shift                  10.000
- Uncertainty                   0.200
= Required Time                 9.577
- Arrival Time                  0.585
= Slack Time                    8.992
     Clock Rise Edge                 0.000
     + Clock Network Latency (Prop)  -0.000
     = Beginpoint Arrival Time       -0.000
     +-------------------------------------------------------------------------+ 
     |     Instance      |     Arc      |  Cell   | Delay | Arrival | Required | 
     |                   |              |         |       |  Time   |   Time   | 
     |-------------------+--------------+---------+-------+---------+----------| 
     | req_sync_q_reg[6] | CK ^         |         |       |  -0.000 |    8.991 | 
     | req_sync_q_reg[6] | CK ^ -> QN ^ | DFFX1   | 0.507 |   0.506 |    9.498 | 
     | g7006__6260       | B0 ^ -> Y v  | AOI21XL | 0.079 |   0.585 |    9.577 | 
     | ack_rank_q_reg[4] | D v          | DFFTRX1 | 0.000 |   0.585 |    9.577 | 
     +-------------------------------------------------------------------------+ 
Path 30: MET Setup Check with Pin ack_rank_q_reg[6]/CK 
Endpoint:   ack_rank_q_reg[6]/D  (v) checked with  leading edge of 'clk'
Beginpoint: req_sync_q_reg[5]/QN (^) triggered by  leading edge of 'clk'
Path Groups: {clk}
Analysis View: setup_view
Other End Arrival Time          0.173
- Setup                         0.396
+ Phase Shift                  10.000
- Uncertainty                   0.200
= Required Time                 9.576
- Arrival Time                  0.584
= Slack Time                    8.993
     Clock Rise Edge                 0.000
     + Clock Network Latency (Prop)  -0.000
     = Beginpoint Arrival Time       -0.000
     +-------------------------------------------------------------------------+ 
     |     Instance      |     Arc      |  Cell   | Delay | Arrival | Required | 
     |                   |              |         |       |  Time   |   Time   | 
     |-------------------+--------------+---------+-------+---------+----------| 
     | req_sync_q_reg[5] | CK ^         |         |       |  -0.000 |    8.992 | 
     | req_sync_q_reg[5] | CK ^ -> QN ^ | DFFX1   | 0.502 |   0.502 |    9.494 | 
     | g7007__4319       | B0 ^ -> Y v  | AOI21XL | 0.082 |   0.584 |    9.576 | 
     | ack_rank_q_reg[6] | D v          | DFFTRX1 | 0.000 |   0.584 |    9.576 | 
     +-------------------------------------------------------------------------+ 
Path 31: MET Setup Check with Pin ack_rank_q_reg[13]/CK 
Endpoint:   ack_rank_q_reg[13]/D  (v) checked with  leading edge of 'clk'
Beginpoint: req_sync_q_reg[11]/QN (^) triggered by  leading edge of 'clk'
Path Groups: {clk}
Analysis View: setup_view
Other End Arrival Time          0.172
- Setup                         0.399
+ Phase Shift                  10.000
- Uncertainty                   0.200
= Required Time                 9.574
- Arrival Time                  0.575
= Slack Time                    8.998
     Clock Rise Edge                 0.000
     + Clock Network Latency (Prop)  0.000
     = Beginpoint Arrival Time       0.000
     +--------------------------------------------------------------------------+ 
     |      Instance      |     Arc      |  Cell   | Delay | Arrival | Required | 
     |                    |              |         |       |  Time   |   Time   | 
     |--------------------+--------------+---------+-------+---------+----------| 
     | req_sync_q_reg[11] | CK ^         |         |       |   0.000 |    8.998 | 
     | req_sync_q_reg[11] | CK ^ -> QN ^ | DFFX1   | 0.490 |   0.490 |    9.489 | 
     | g7002__6417        | B0 ^ -> Y v  | AOI21XL | 0.085 |   0.575 |    9.574 | 
     | ack_rank_q_reg[13] | D v          | DFFTRX1 | 0.000 |   0.575 |    9.574 | 
     +--------------------------------------------------------------------------+ 
Path 32: MET Setup Check with Pin ack_rank_q_reg[12]/CK 
Endpoint:   ack_rank_q_reg[12]/D  (v) checked with  leading edge of 'clk'
Beginpoint: req_sync_q_reg[10]/QN (^) triggered by  leading edge of 'clk'
Path Groups: {clk}
Analysis View: setup_view
Other End Arrival Time          0.173
- Setup                         0.396
+ Phase Shift                  10.000
- Uncertainty                   0.200
= Required Time                 9.576
- Arrival Time                  0.573
= Slack Time                    9.003
     Clock Rise Edge                 0.000
     + Clock Network Latency (Prop)  0.000
     = Beginpoint Arrival Time       0.000
     +--------------------------------------------------------------------------+ 
     |      Instance      |     Arc      |  Cell   | Delay | Arrival | Required | 
     |                    |              |         |       |  Time   |   Time   | 
     |--------------------+--------------+---------+-------+---------+----------| 
     | req_sync_q_reg[10] | CK ^         |         |       |   0.000 |    9.003 | 
     | req_sync_q_reg[10] | CK ^ -> QN ^ | DFFX1   | 0.494 |   0.494 |    9.497 | 
     | g7000__2346        | B0 ^ -> Y v  | AOI21XL | 0.079 |   0.573 |    9.576 | 
     | ack_rank_q_reg[12] | D v          | DFFTRX1 | 0.000 |   0.573 |    9.576 | 
     +--------------------------------------------------------------------------+ 
Path 33: MET Setup Check with Pin ack_rank_q_reg[9]/CK 
Endpoint:   ack_rank_q_reg[9]/D   (v) checked with  leading edge of 'clk'
Beginpoint: req_sync_q_reg[13]/QN (^) triggered by  leading edge of 'clk'
Path Groups: {clk}
Analysis View: setup_view
Other End Arrival Time          0.170
- Setup                         0.396
+ Phase Shift                  10.000
- Uncertainty                   0.200
= Required Time                 9.574
- Arrival Time                  0.569
= Slack Time                    9.005
     Clock Rise Edge                 0.000
     + Clock Network Latency (Prop)  -0.000
     = Beginpoint Arrival Time       -0.000
     +--------------------------------------------------------------------------+ 
     |      Instance      |     Arc      |  Cell   | Delay | Arrival | Required | 
     |                    |              |         |       |  Time   |   Time   | 
     |--------------------+--------------+---------+-------+---------+----------| 
     | req_sync_q_reg[13] | CK ^         |         |       |  -0.000 |    9.005 | 
     | req_sync_q_reg[13] | CK ^ -> QN ^ | DFFX1   | 0.491 |   0.491 |    9.496 | 
     | g7010__6783        | B0 ^ -> Y v  | AOI21XL | 0.079 |   0.569 |    9.574 | 
     | ack_rank_q_reg[9]  | D v          | DFFTRX1 | 0.000 |   0.569 |    9.574 | 
     +--------------------------------------------------------------------------+ 
Path 34: MET Setup Check with Pin ack_rank_q_reg[8]/CK 
Endpoint:   ack_rank_q_reg[8]/D   (v) checked with  leading edge of 'clk'
Beginpoint: req_sync_q_reg[12]/QN (^) triggered by  leading edge of 'clk'
Path Groups: {clk}
Analysis View: setup_view
Other End Arrival Time          0.169
- Setup                         0.399
+ Phase Shift                  10.000
- Uncertainty                   0.200
= Required Time                 9.570
- Arrival Time                  0.550
= Slack Time                    9.021
     Clock Rise Edge                 0.000
     + Clock Network Latency (Prop)  -0.001
     = Beginpoint Arrival Time       -0.001
     +--------------------------------------------------------------------------+ 
     |      Instance      |     Arc      |  Cell   | Delay | Arrival | Required | 
     |                    |              |         |       |  Time   |   Time   | 
     |--------------------+--------------+---------+-------+---------+----------| 
     | req_sync_q_reg[12] | CK ^         |         |       |  -0.001 |    9.020 | 
     | req_sync_q_reg[12] | CK ^ -> QN ^ | DFFX1   | 0.469 |   0.468 |    9.489 | 
     | g7009__5526        | B0 ^ -> Y v  | AOI21XL | 0.081 |   0.549 |    9.570 | 
     | ack_rank_q_reg[8]  | D v          | DFFTRX1 | 0.000 |   0.550 |    9.570 | 
     +--------------------------------------------------------------------------+ 
Path 35: MET Setup Check with Pin ack_rank_q_reg[3]/CK 
Endpoint:   ack_rank_q_reg[3]/D  (v) checked with  leading edge of 'clk'
Beginpoint: req_sync_q_reg[2]/QN (^) triggered by  leading edge of 'clk'
Path Groups: {clk}
Analysis View: setup_view
Other End Arrival Time          0.169
- Setup                         0.399
+ Phase Shift                  10.000
- Uncertainty                   0.200
= Required Time                 9.570
- Arrival Time                  0.541
= Slack Time                    9.029
     Clock Rise Edge                 0.000
     + Clock Network Latency (Prop)  -0.001
     = Beginpoint Arrival Time       -0.001
     +-------------------------------------------------------------------------+ 
     |     Instance      |     Arc      |  Cell   | Delay | Arrival | Required | 
     |                   |              |         |       |  Time   |   Time   | 
     |-------------------+--------------+---------+-------+---------+----------| 
     | req_sync_q_reg[2] | CK ^         |         |       |  -0.001 |    9.029 | 
     | req_sync_q_reg[2] | CK ^ -> QN ^ | DFFX1   | 0.461 |   0.461 |    9.490 | 
     | g7004__2398       | B0 ^ -> Y v  | AOI21XL | 0.081 |   0.541 |    9.570 | 
     | ack_rank_q_reg[3] | D v          | DFFTRX1 | 0.000 |   0.541 |    9.570 | 
     +-------------------------------------------------------------------------+ 
Path 36: MET Setup Check with Pin ack_rank_q_reg[2]/CK 
Endpoint:   ack_rank_q_reg[2]/D  (v) checked with  leading edge of 'clk'
Beginpoint: req_sync_q_reg[3]/QN (^) triggered by  leading edge of 'clk'
Path Groups: {clk}
Analysis View: setup_view
Other End Arrival Time          0.169
- Setup                         0.399
+ Phase Shift                  10.000
- Uncertainty                   0.200
= Required Time                 9.570
- Arrival Time                  0.538
= Slack Time                    9.032
     Clock Rise Edge                 0.000
     + Clock Network Latency (Prop)  -0.000
     = Beginpoint Arrival Time       -0.000
     +-------------------------------------------------------------------------+ 
     |     Instance      |     Arc      |  Cell   | Delay | Arrival | Required | 
     |                   |              |         |       |  Time   |   Time   | 
     |-------------------+--------------+---------+-------+---------+----------| 
     | req_sync_q_reg[3] | CK ^         |         |       |  -0.000 |    9.032 | 
     | req_sync_q_reg[3] | CK ^ -> QN ^ | DFFX1   | 0.459 |   0.458 |    9.490 | 
     | g7003__5477       | B0 ^ -> Y v  | AOI21XL | 0.080 |   0.538 |    9.570 | 
     | ack_rank_q_reg[2] | D v          | DFFTRX1 | 0.000 |   0.538 |    9.570 | 
     +-------------------------------------------------------------------------+ 
Path 37: MET Setup Check with Pin ack_rank_q_reg[5]/CK 
Endpoint:   ack_rank_q_reg[5]/D  (v) checked with  leading edge of 'clk'
Beginpoint: req_sync_q_reg[7]/QN (^) triggered by  leading edge of 'clk'
Path Groups: {clk}
Analysis View: setup_view
Other End Arrival Time          0.172
- Setup                         0.396
+ Phase Shift                  10.000
- Uncertainty                   0.200
= Required Time                 9.576
- Arrival Time                  0.536
= Slack Time                    9.040
     Clock Rise Edge                 0.000
     + Clock Network Latency (Prop)  -0.000
     = Beginpoint Arrival Time       -0.000
     +-------------------------------------------------------------------------+ 
     |     Instance      |     Arc      |  Cell   | Delay | Arrival | Required | 
     |                   |              |         |       |  Time   |   Time   | 
     |-------------------+--------------+---------+-------+---------+----------| 
     | req_sync_q_reg[7] | CK ^         |         |       |  -0.000 |    9.040 | 
     | req_sync_q_reg[7] | CK ^ -> QN ^ | DFFX1   | 0.463 |   0.463 |    9.502 | 
     | g7005__5107       | B0 ^ -> Y v  | AOI21XL | 0.074 |   0.536 |    9.576 | 
     | ack_rank_q_reg[5] | D v          | DFFTRX1 | 0.000 |   0.536 |    9.576 | 
     +-------------------------------------------------------------------------+ 

