###############################################################
#  Generated by:      Cadence Innovus 23.14-s088_1
#  OS:                Linux x86_64(Host ID <REMOTE_HOST>)
#  Generated on:      Fri Aug 21 17:24:30 2026
#  Design:            aer_pending_gray_rank_reuse_sync_core_reset
#  Command:           report_timing -check_type recovery -max_paths 20 >  [file join $report_dir postroute_recovery_timing.rpt]
###############################################################
Path 1: MET Recovery Check with Pin reset_release_q_reg[0]/CK 
Endpoint:   reset_release_q_reg[0]/RN (^) checked with  leading edge of 'clk'
Beginpoint: rst_n                     (^) triggered by  leading edge of '@'
Path Groups: {async_default}
Analysis View: setup_view
Other End Arrival Time          0.167
- Recovery                      0.195
+ Phase Shift                  10.000
- Uncertainty                   0.200
= Required Time                 9.772
- Arrival Time                  0.660
= Slack Time                    9.112
     Clock Rise Edge                      0.000
     + Input Delay                        0.000
     = Beginpoint Arrival Time            0.000
     +-----------------------------------------------------------------------------+ 
     |        Instance        |    Arc     |   Cell   | Delay | Arrival | Required | 
     |                        |            |          |       |  Time   |   Time   | 
     |------------------------+------------+----------+-------+---------+----------| 
     |                        | rst_n ^    |          |       |   0.000 |    9.112 | 
     | FE_PHC19_rst_n         | A ^ -> Y ^ | BUFX3    | 0.095 |   0.095 |    9.208 | 
     | FE_PHC1_rst_n          | A ^ -> Y ^ | DLY2X1   | 0.565 |   0.660 |    9.772 | 
     | reset_release_q_reg[0] | RN ^       | DFFRHQX1 | 0.000 |   0.660 |    9.772 | 
     +-----------------------------------------------------------------------------+ 
Path 2: MET Recovery Check with Pin reset_release_q_reg[1]/CK 
Endpoint:   reset_release_q_reg[1]/RN (^) checked with  leading edge of 'clk'
Beginpoint: rst_n                     (^) triggered by  leading edge of '@'
Path Groups: {async_default}
Analysis View: setup_view
Other End Arrival Time          0.168
- Recovery                      0.195
+ Phase Shift                  10.000
- Uncertainty                   0.200
= Required Time                 9.773
- Arrival Time                  0.660
= Slack Time                    9.113
     Clock Rise Edge                      0.000
     + Input Delay                        0.000
     = Beginpoint Arrival Time            0.000
     +-----------------------------------------------------------------------------+ 
     |        Instance        |    Arc     |   Cell   | Delay | Arrival | Required | 
     |                        |            |          |       |  Time   |   Time   | 
     |------------------------+------------+----------+-------+---------+----------| 
     |                        | rst_n ^    |          |       |   0.000 |    9.113 | 
     | FE_PHC19_rst_n         | A ^ -> Y ^ | BUFX3    | 0.095 |   0.095 |    9.208 | 
     | FE_PHC1_rst_n          | A ^ -> Y ^ | DLY2X1   | 0.565 |   0.660 |    9.773 | 
     | reset_release_q_reg[1] | RN ^       | DFFRHQX1 | 0.000 |   0.660 |    9.773 | 
     +-----------------------------------------------------------------------------+ 

