============================================================
  Generated by:           Genus(TM) Synthesis Solution 23.14-s090_1
  Generated on:           Aug 19 2026  12:23:42 pm
  Module:                 aer_improved_hierarchical
  Technology library:     typical 1.0
  Operating conditions:   typical (balanced_tree)
  Wireload mode:          enclosed
  Area mode:              timing library
============================================================

                                
   Gate    Instances    Area      Library  
-------------------------------------------
AND2X2             1     13.306    typical 
AND3X2             2     33.264    typical 
AOI211X1          11    182.952    typical 
AOI211XL           2     33.264    typical 
AOI21X1           14    186.278    typical 
AOI21XL            2     26.611    typical 
AOI22X1            7    116.424    typical 
AOI2BB1XL          8    133.056    typical 
AOI2BB2X1          1     23.285    typical 
AOI31X1            1     16.632    typical 
AOI33XL            1     26.611    typical 
DFFRHQX1          65   4540.536    typical 
INVX1             51    339.293    typical 
INVXL             45    299.376    typical 
MXI2X1             2     46.570    typical 
MXI2XL             2     46.570    typical 
NAND2BX1          10    133.056    typical 
NAND2BXL           1     13.306    typical 
NAND2X1           38    379.210    typical 
NAND3BX1          10    166.320    typical 
NAND3X1            9    119.750    typical 
NAND4X1            1     16.632    typical 
NOR2BX1            7     93.139    typical 
NOR2X1            36    359.251    typical 
NOR3X1            10    133.056    typical 
NOR3XL             1     13.306    typical 
NOR4BX1            1     19.958    typical 
NOR4XL             1     19.958    typical 
OAI21XL           49    651.974    typical 
OAI221XL           2     46.570    typical 
OAI22X1            5     99.792    typical 
OAI22XL            1     19.958    typical 
OAI2BB1X1          3     49.896    typical 
OAI2BB2X1          9    209.563    typical 
OAI2BB2XL          1     23.285    typical 
OAI31X1            1     19.958    typical 
OAI33X1            1     26.611    typical 
SDFFRHQX1         30   2494.800    typical 
XOR2X1             8    212.890    typical 
-------------------------------------------
total            450  11386.267            


                                          
     Type      Instances    Area   Area % 
------------------------------------------
sequential            95  7035.336   61.8 
inverter              96   638.669    5.6 
logic                259  3712.262   32.6 
physical_cells         0     0.000    0.0 
------------------------------------------
total                450 11386.267  100.0 

