============================================================
  Generated by:           Genus(TM) Synthesis Solution 23.14-s090_1
  Generated on:           Aug 19 2026  12:23:43 pm
  Module:                 aer_improved_hierarchical
  Operating conditions:   typical (balanced_tree)
  Wireload mode:          enclosed
  Area mode:              timing library
============================================================


Path 1: MET (6132 ps) Setup Check with Pin queue_count_q_reg[10][1]/CK->SI
          Group: clk
     Startpoint: (R) local_rr_q_reg[3][0]/CK
          Clock: (R) clk
       Endpoint: (F) queue_count_q_reg[10][1]/SI
          Clock: (R) clk

                     Capture       Launch     
        Clock Edge:+   10000            0     
       Src Latency:+       0            0     
       Net Latency:+       0 (I)        0 (I) 
           Arrival:=   10000            0     
                                              
             Setup:-     471                  
     Required Time:=    9529                  
      Launch Clock:-       0                  
         Data Path:-    3396                  
             Slack:=    6132                  

#-----------------------------------------------------------------------------------------------------
#        Timing Point         Flags    Arc   Edge   Cell     Fanout Load Trans Delay Arrival Instance 
#                                                                   (fF)  (ps)  (ps)   (ps)  Location 
#-----------------------------------------------------------------------------------------------------
  local_rr_q_reg[3][0]/CK     -       -      R     (arrival)     95    -     0     0       0    (-,-) 
  local_rr_q_reg[3][0]/Q      -       CK->Q  R     SDFFRHQX1      7 25.6   367   375     375    (-,-) 
  g14532/Y                    -       A->Y   F     INVX1          6 18.5   145   102     477    (-,-) 
  g14450__5526/Y              -       A0N->Y F     OAI2BB1X1      2  7.2    74   165     642    (-,-) 
  g14394__1881/Y              -       B->Y   R     NOR2X1         3 12.8   208   147     789    (-,-) 
  g14363__8428/Y              -       A->Y   F     NAND3X1        2  9.4   111    72     861    (-,-) 
  g14355__2883/Y              -       A0->Y  R     AOI21X1        3 12.9   238   168    1029    (-,-) 
  g14349__5115/Y              -       A->Y   F     MXI2X1         2  6.6   108    81    1110    (-,-) 
  g14344__6131/Y              -       AN->Y  F     NAND2BX1       2  8.4    72   136    1246    (-,-) 
  g14341__5122/Y              -       A->Y   R     NOR2X1         1  3.6   102    74    1320    (-,-) 
  g14338__6783/Y              -       B0->Y  F     AOI211XL       1  3.5   108    48    1368    (-,-) 
  g14332__5526/Y              -       A0->Y  R     OAI21XL        9 36.6   723   440    1808    (-,-) 
  g14330__4319/Y              -       A->Y   F     NOR2X1         5 21.9   226   135    1942    (-,-) 
  g14326/Y                    -       A->Y   R     INVX1          2  8.9   118   108    2051    (-,-) 
  g14303__1705/Y              -       A->Y   F     NOR4XL         1  4.5   126    55    2106    (-,-) 
  g14289__6260/Y              -       C0->Y  R     AOI211X1       1  3.4   181   151    2257    (-,-) 
  g14286__6417/Y              -       C0->Y  F     OAI221XL       1  5.0   136    94    2351    (-,-) 
  g14284__1666/Y              -       B0->Y  R     AOI211X1       1  3.4   181   130    2480    (-,-) 
  g14281__2883/Y              -       C0->Y  F     OAI221XL       1  5.0   120    94    2574    (-,-) 
  g14274__7482/Y              -       B0->Y  R     AOI211X1       6 25.2   507   311    2885    (-,-) 
  g14269__1881/Y              -       A->Y   F     NOR2X1         4 16.3   161   100    2985    (-,-) 
  g14260__6783/Y              -       B->Y   R     NAND2BX1       2  9.1   132   113    3098    (-,-) 
  g14245__2883/Y              -       A->Y   F     NOR2X1         3 11.5    99    60    3158    (-,-) 
  g14216__9315/Y              -       B0->Y  R     AOI21X1        1  3.5   121    96    3254    (-,-) 
  g14198/Y                    -       A->Y   F     INVX1          2  7.6    56    42    3296    (-,-) 
  g14188__5115/Y              -       A->Y   R     NAND2X1        3  7.7   112    72    3368    (-,-) 
  g14126/Y                    -       A->Y   F     INVXL          1  2.1    40    28    3396    (-,-) 
  queue_count_q_reg[10][1]/SI -       -      F     SDFFRHQX1      1    -     -     0    3396    (-,-) 
#-----------------------------------------------------------------------------------------------------



Path 2: MET (6132 ps) Setup Check with Pin queue_count_q_reg[14][1]/CK->SI
          Group: clk
     Startpoint: (R) local_rr_q_reg[3][0]/CK
          Clock: (R) clk
       Endpoint: (F) queue_count_q_reg[14][1]/SI
          Clock: (R) clk

                     Capture       Launch     
        Clock Edge:+   10000            0     
       Src Latency:+       0            0     
       Net Latency:+       0 (I)        0 (I) 
           Arrival:=   10000            0     
                                              
             Setup:-     471                  
     Required Time:=    9529                  
      Launch Clock:-       0                  
         Data Path:-    3396                  
             Slack:=    6132                  

#-----------------------------------------------------------------------------------------------------
#        Timing Point         Flags    Arc   Edge   Cell     Fanout Load Trans Delay Arrival Instance 
#                                                                   (fF)  (ps)  (ps)   (ps)  Location 
#-----------------------------------------------------------------------------------------------------
  local_rr_q_reg[3][0]/CK     -       -      R     (arrival)     95    -     0     0       0    (-,-) 
  local_rr_q_reg[3][0]/Q      -       CK->Q  R     SDFFRHQX1      7 25.6   367   375     375    (-,-) 
  g14532/Y                    -       A->Y   F     INVX1          6 18.5   145   102     477    (-,-) 
  g14450__5526/Y              -       A0N->Y F     OAI2BB1X1      2  7.2    74   165     642    (-,-) 
  g14394__1881/Y              -       B->Y   R     NOR2X1         3 12.8   208   147     789    (-,-) 
  g14363__8428/Y              -       A->Y   F     NAND3X1        2  9.4   111    72     861    (-,-) 
  g14355__2883/Y              -       A0->Y  R     AOI21X1        3 12.9   238   168    1029    (-,-) 
  g14349__5115/Y              -       A->Y   F     MXI2X1         2  6.6   108    81    1110    (-,-) 
  g14344__6131/Y              -       AN->Y  F     NAND2BX1       2  8.4    72   136    1246    (-,-) 
  g14341__5122/Y              -       A->Y   R     NOR2X1         1  3.6   102    74    1320    (-,-) 
  g14338__6783/Y              -       B0->Y  F     AOI211XL       1  3.5   108    48    1368    (-,-) 
  g14332__5526/Y              -       A0->Y  R     OAI21XL        9 36.6   723   440    1808    (-,-) 
  g14330__4319/Y              -       A->Y   F     NOR2X1         5 21.9   226   135    1942    (-,-) 
  g14326/Y                    -       A->Y   R     INVX1          2  8.9   118   108    2051    (-,-) 
  g14303__1705/Y              -       A->Y   F     NOR4XL         1  4.5   126    55    2106    (-,-) 
  g14289__6260/Y              -       C0->Y  R     AOI211X1       1  3.4   181   151    2257    (-,-) 
  g14286__6417/Y              -       C0->Y  F     OAI221XL       1  5.0   136    94    2351    (-,-) 
  g14284__1666/Y              -       B0->Y  R     AOI211X1       1  3.4   181   130    2480    (-,-) 
  g14281__2883/Y              -       C0->Y  F     OAI221XL       1  5.0   120    94    2574    (-,-) 
  g14274__7482/Y              -       B0->Y  R     AOI211X1       6 25.2   507   311    2885    (-,-) 
  g14267__6131/Y              -       A->Y   F     NOR2X1         4 16.3   161   100    2985    (-,-) 
  g14257__5122/Y              -       B->Y   R     NAND2BX1       2  9.1   132   113    3098    (-,-) 
  g14246__9945/Y              -       A->Y   F     NOR2X1         3 11.5    99    60    3158    (-,-) 
  g14221__9945/Y              -       B0->Y  R     AOI21X1        1  3.5   121    96    3254    (-,-) 
  g14203/Y                    -       A->Y   F     INVX1          2  7.6    56    42    3296    (-,-) 
  g14193__6161/Y              -       A->Y   R     NAND2X1        3  7.7   112    72    3368    (-,-) 
  g14133/Y                    -       A->Y   F     INVXL          1  2.1    40    28    3396    (-,-) 
  queue_count_q_reg[14][1]/SI -       -      F     SDFFRHQX1      1    -     -     0    3396    (-,-) 
#-----------------------------------------------------------------------------------------------------



Path 3: MET (6143 ps) Setup Check with Pin queue_count_q_reg[7][1]/CK->SI
          Group: clk
     Startpoint: (R) local_rr_q_reg[3][0]/CK
          Clock: (R) clk
       Endpoint: (F) queue_count_q_reg[7][1]/SI
          Clock: (R) clk

                     Capture       Launch     
        Clock Edge:+   10000            0     
       Src Latency:+       0            0     
       Net Latency:+       0 (I)        0 (I) 
           Arrival:=   10000            0     
                                              
             Setup:-     471                  
     Required Time:=    9529                  
      Launch Clock:-       0                  
         Data Path:-    3386                  
             Slack:=    6143                  

#----------------------------------------------------------------------------------------------------
#       Timing Point         Flags    Arc   Edge   Cell     Fanout Load Trans Delay Arrival Instance 
#                                                                  (fF)  (ps)  (ps)   (ps)  Location 
#----------------------------------------------------------------------------------------------------
  local_rr_q_reg[3][0]/CK    -       -      R     (arrival)     95    -     0     0       0    (-,-) 
  local_rr_q_reg[3][0]/Q     -       CK->Q  R     SDFFRHQX1      7 25.6   367   375     375    (-,-) 
  g14532/Y                   -       A->Y   F     INVX1          6 18.5   145   102     477    (-,-) 
  g14450__5526/Y             -       A0N->Y F     OAI2BB1X1      2  7.2    74   165     642    (-,-) 
  g14394__1881/Y             -       B->Y   R     NOR2X1         3 12.8   208   147     789    (-,-) 
  g14363__8428/Y             -       A->Y   F     NAND3X1        2  9.4   111    72     861    (-,-) 
  g14355__2883/Y             -       A0->Y  R     AOI21X1        3 12.9   238   168    1029    (-,-) 
  g14349__5115/Y             -       A->Y   F     MXI2X1         2  6.6   108    81    1110    (-,-) 
  g14344__6131/Y             -       AN->Y  F     NAND2BX1       2  8.4    72   136    1246    (-,-) 
  g14341__5122/Y             -       A->Y   R     NOR2X1         1  3.6   102    74    1320    (-,-) 
  g14338__6783/Y             -       B0->Y  F     AOI211XL       1  3.5   108    48    1368    (-,-) 
  g14332__5526/Y             -       A0->Y  R     OAI21XL        9 36.6   723   440    1808    (-,-) 
  g14330__4319/Y             -       A->Y   F     NOR2X1         5 21.9   226   135    1942    (-,-) 
  g14326/Y                   -       A->Y   R     INVX1          2  8.9   118   108    2051    (-,-) 
  g14303__1705/Y             -       A->Y   F     NOR4XL         1  4.5   126    55    2106    (-,-) 
  g14289__6260/Y             -       C0->Y  R     AOI211X1       1  3.4   181   151    2257    (-,-) 
  g14286__6417/Y             -       C0->Y  F     OAI221XL       1  5.0   136    94    2351    (-,-) 
  g14284__1666/Y             -       B0->Y  R     AOI211X1       1  3.4   181   130    2480    (-,-) 
  g14281__2883/Y             -       C0->Y  F     OAI221XL       1  5.0   120    94    2574    (-,-) 
  g14274__7482/Y             -       B0->Y  R     AOI211X1       6 25.2   507   311    2885    (-,-) 
  g14267__6131/Y             -       A->Y   F     NOR2X1         4 16.3   161   100    2985    (-,-) 
  g14256__4319/Y             -       A->Y   R     NAND2X1        2  9.1   133   102    3087    (-,-) 
  g14248__2346/Y             -       A->Y   F     NOR2X1         3 11.5    99    60    3148    (-,-) 
  g14219__2346/Y             -       B0->Y  R     AOI21X1        1  3.5   121    96    3243    (-,-) 
  g14201/Y                   -       A->Y   F     INVX1          2  7.6    56    42    3285    (-,-) 
  g14181__7482/Y             -       A->Y   R     NAND2X1        3  7.7   113    72    3358    (-,-) 
  g14121/Y                   -       A->Y   F     INVXL          1  2.1    40    28    3386    (-,-) 
  queue_count_q_reg[7][1]/SI -       -      F     SDFFRHQX1      1    -     -     0    3386    (-,-) 
#----------------------------------------------------------------------------------------------------



Path 4: MET (6143 ps) Setup Check with Pin queue_count_q_reg[3][1]/CK->SI
          Group: clk
     Startpoint: (R) local_rr_q_reg[3][0]/CK
          Clock: (R) clk
       Endpoint: (F) queue_count_q_reg[3][1]/SI
          Clock: (R) clk

                     Capture       Launch     
        Clock Edge:+   10000            0     
       Src Latency:+       0            0     
       Net Latency:+       0 (I)        0 (I) 
           Arrival:=   10000            0     
                                              
             Setup:-     471                  
     Required Time:=    9529                  
      Launch Clock:-       0                  
         Data Path:-    3386                  
             Slack:=    6143                  

#----------------------------------------------------------------------------------------------------
#       Timing Point         Flags    Arc   Edge   Cell     Fanout Load Trans Delay Arrival Instance 
#                                                                  (fF)  (ps)  (ps)   (ps)  Location 
#----------------------------------------------------------------------------------------------------
  local_rr_q_reg[3][0]/CK    -       -      R     (arrival)     95    -     0     0       0    (-,-) 
  local_rr_q_reg[3][0]/Q     -       CK->Q  R     SDFFRHQX1      7 25.6   367   375     375    (-,-) 
  g14532/Y                   -       A->Y   F     INVX1          6 18.5   145   102     477    (-,-) 
  g14450__5526/Y             -       A0N->Y F     OAI2BB1X1      2  7.2    74   165     642    (-,-) 
  g14394__1881/Y             -       B->Y   R     NOR2X1         3 12.8   208   147     789    (-,-) 
  g14363__8428/Y             -       A->Y   F     NAND3X1        2  9.4   111    72     861    (-,-) 
  g14355__2883/Y             -       A0->Y  R     AOI21X1        3 12.9   238   168    1029    (-,-) 
  g14349__5115/Y             -       A->Y   F     MXI2X1         2  6.6   108    81    1110    (-,-) 
  g14344__6131/Y             -       AN->Y  F     NAND2BX1       2  8.4    72   136    1246    (-,-) 
  g14341__5122/Y             -       A->Y   R     NOR2X1         1  3.6   102    74    1320    (-,-) 
  g14338__6783/Y             -       B0->Y  F     AOI211XL       1  3.5   108    48    1368    (-,-) 
  g14332__5526/Y             -       A0->Y  R     OAI21XL        9 36.6   723   440    1808    (-,-) 
  g14330__4319/Y             -       A->Y   F     NOR2X1         5 21.9   226   135    1942    (-,-) 
  g14326/Y                   -       A->Y   R     INVX1          2  8.9   118   108    2051    (-,-) 
  g14303__1705/Y             -       A->Y   F     NOR4XL         1  4.5   126    55    2106    (-,-) 
  g14289__6260/Y             -       C0->Y  R     AOI211X1       1  3.4   181   151    2257    (-,-) 
  g14286__6417/Y             -       C0->Y  F     OAI221XL       1  5.0   136    94    2351    (-,-) 
  g14284__1666/Y             -       B0->Y  R     AOI211X1       1  3.4   181   130    2480    (-,-) 
  g14281__2883/Y             -       C0->Y  F     OAI221XL       1  5.0   120    94    2574    (-,-) 
  g14274__7482/Y             -       B0->Y  R     AOI211X1       6 25.2   507   311    2885    (-,-) 
  g14269__1881/Y             -       A->Y   F     NOR2X1         4 16.3   161   100    2985    (-,-) 
  g14255__6260/Y             -       A->Y   R     NAND2X1        2  9.1   133   102    3087    (-,-) 
  g14233__5122/Y             -       A->Y   F     NOR2X1         3 11.5    99    60    3148    (-,-) 
  g14218__2883/Y             -       B0->Y  R     AOI21X1        1  3.5   121    96    3243    (-,-) 
  g14200/Y                   -       A->Y   F     INVX1          2  7.6    56    42    3285    (-,-) 
  g14185__9945/Y             -       A->Y   R     NAND2X1        3  7.7   113    72    3358    (-,-) 
  g14120/Y                   -       A->Y   F     INVXL          1  2.1    40    28    3386    (-,-) 
  queue_count_q_reg[3][1]/SI -       -      F     SDFFRHQX1      1    -     -     0    3386    (-,-) 
#----------------------------------------------------------------------------------------------------



Path 5: MET (6143 ps) Setup Check with Pin queue_count_q_reg[15][1]/CK->SI
          Group: clk
     Startpoint: (R) local_rr_q_reg[3][0]/CK
          Clock: (R) clk
       Endpoint: (F) queue_count_q_reg[15][1]/SI
          Clock: (R) clk

                     Capture       Launch     
        Clock Edge:+   10000            0     
       Src Latency:+       0            0     
       Net Latency:+       0 (I)        0 (I) 
           Arrival:=   10000            0     
                                              
             Setup:-     471                  
     Required Time:=    9529                  
      Launch Clock:-       0                  
         Data Path:-    3386                  
             Slack:=    6143                  

#-----------------------------------------------------------------------------------------------------
#        Timing Point         Flags    Arc   Edge   Cell     Fanout Load Trans Delay Arrival Instance 
#                                                                   (fF)  (ps)  (ps)   (ps)  Location 
#-----------------------------------------------------------------------------------------------------
  local_rr_q_reg[3][0]/CK     -       -      R     (arrival)     95    -     0     0       0    (-,-) 
  local_rr_q_reg[3][0]/Q      -       CK->Q  R     SDFFRHQX1      7 25.6   367   375     375    (-,-) 
  g14532/Y                    -       A->Y   F     INVX1          6 18.5   145   102     477    (-,-) 
  g14450__5526/Y              -       A0N->Y F     OAI2BB1X1      2  7.2    74   165     642    (-,-) 
  g14394__1881/Y              -       B->Y   R     NOR2X1         3 12.8   208   147     789    (-,-) 
  g14363__8428/Y              -       A->Y   F     NAND3X1        2  9.4   111    72     861    (-,-) 
  g14355__2883/Y              -       A0->Y  R     AOI21X1        3 12.9   238   168    1029    (-,-) 
  g14349__5115/Y              -       A->Y   F     MXI2X1         2  6.6   108    81    1110    (-,-) 
  g14344__6131/Y              -       AN->Y  F     NAND2BX1       2  8.4    72   136    1246    (-,-) 
  g14341__5122/Y              -       A->Y   R     NOR2X1         1  3.6   102    74    1320    (-,-) 
  g14338__6783/Y              -       B0->Y  F     AOI211XL       1  3.5   108    48    1368    (-,-) 
  g14332__5526/Y              -       A0->Y  R     OAI21XL        9 36.6   723   440    1808    (-,-) 
  g14330__4319/Y              -       A->Y   F     NOR2X1         5 21.9   226   135    1942    (-,-) 
  g14326/Y                    -       A->Y   R     INVX1          2  8.9   118   108    2051    (-,-) 
  g14303__1705/Y              -       A->Y   F     NOR4XL         1  4.5   126    55    2106    (-,-) 
  g14289__6260/Y              -       C0->Y  R     AOI211X1       1  3.4   181   151    2257    (-,-) 
  g14286__6417/Y              -       C0->Y  F     OAI221XL       1  5.0   136    94    2351    (-,-) 
  g14284__1666/Y              -       B0->Y  R     AOI211X1       1  3.4   181   130    2480    (-,-) 
  g14281__2883/Y              -       C0->Y  F     OAI221XL       1  5.0   120    94    2574    (-,-) 
  g14274__7482/Y              -       B0->Y  R     AOI211X1       6 25.2   507   311    2885    (-,-) 
  g14267__6131/Y              -       A->Y   F     NOR2X1         4 16.3   161   100    2985    (-,-) 
  g14249__2398/Y              -       A->Y   R     NAND2X1        2  9.1   130   102    3087    (-,-) 
  g14232__8246/Y              -       A->Y   F     NOR2X1         3 11.5    99    60    3147    (-,-) 
  g14215__5107/Y              -       B0->Y  R     AOI21X1        1  3.5   121    96    3243    (-,-) 
  g14202/Y                    -       A->Y   F     INVX1          2  7.6    56    42    3285    (-,-) 
  g14190__4733/Y              -       A->Y   R     NAND2X1        3  7.7   113    72    3358    (-,-) 
  g14122/Y                    -       A->Y   F     INVXL          1  2.1    40    28    3386    (-,-) 
  queue_count_q_reg[15][1]/SI -       -      F     SDFFRHQX1      1    -     -     0    3386    (-,-) 
#-----------------------------------------------------------------------------------------------------



Path 6: MET (6143 ps) Setup Check with Pin queue_count_q_reg[11][1]/CK->SI
          Group: clk
     Startpoint: (R) local_rr_q_reg[3][0]/CK
          Clock: (R) clk
       Endpoint: (F) queue_count_q_reg[11][1]/SI
          Clock: (R) clk

                     Capture       Launch     
        Clock Edge:+   10000            0     
       Src Latency:+       0            0     
       Net Latency:+       0 (I)        0 (I) 
           Arrival:=   10000            0     
                                              
             Setup:-     471                  
     Required Time:=    9529                  
      Launch Clock:-       0                  
         Data Path:-    3386                  
             Slack:=    6143                  

#-----------------------------------------------------------------------------------------------------
#        Timing Point         Flags    Arc   Edge   Cell     Fanout Load Trans Delay Arrival Instance 
#                                                                   (fF)  (ps)  (ps)   (ps)  Location 
#-----------------------------------------------------------------------------------------------------
  local_rr_q_reg[3][0]/CK     -       -      R     (arrival)     95    -     0     0       0    (-,-) 
  local_rr_q_reg[3][0]/Q      -       CK->Q  R     SDFFRHQX1      7 25.6   367   375     375    (-,-) 
  g14532/Y                    -       A->Y   F     INVX1          6 18.5   145   102     477    (-,-) 
  g14450__5526/Y              -       A0N->Y F     OAI2BB1X1      2  7.2    74   165     642    (-,-) 
  g14394__1881/Y              -       B->Y   R     NOR2X1         3 12.8   208   147     789    (-,-) 
  g14363__8428/Y              -       A->Y   F     NAND3X1        2  9.4   111    72     861    (-,-) 
  g14355__2883/Y              -       A0->Y  R     AOI21X1        3 12.9   238   168    1029    (-,-) 
  g14349__5115/Y              -       A->Y   F     MXI2X1         2  6.6   108    81    1110    (-,-) 
  g14344__6131/Y              -       AN->Y  F     NAND2BX1       2  8.4    72   136    1246    (-,-) 
  g14341__5122/Y              -       A->Y   R     NOR2X1         1  3.6   102    74    1320    (-,-) 
  g14338__6783/Y              -       B0->Y  F     AOI211XL       1  3.5   108    48    1368    (-,-) 
  g14332__5526/Y              -       A0->Y  R     OAI21XL        9 36.6   723   440    1808    (-,-) 
  g14330__4319/Y              -       A->Y   F     NOR2X1         5 21.9   226   135    1942    (-,-) 
  g14326/Y                    -       A->Y   R     INVX1          2  8.9   118   108    2051    (-,-) 
  g14303__1705/Y              -       A->Y   F     NOR4XL         1  4.5   126    55    2106    (-,-) 
  g14289__6260/Y              -       C0->Y  R     AOI211X1       1  3.4   181   151    2257    (-,-) 
  g14286__6417/Y              -       C0->Y  F     OAI221XL       1  5.0   136    94    2351    (-,-) 
  g14284__1666/Y              -       B0->Y  R     AOI211X1       1  3.4   181   130    2480    (-,-) 
  g14281__2883/Y              -       C0->Y  F     OAI221XL       1  5.0   120    94    2574    (-,-) 
  g14274__7482/Y              -       B0->Y  R     AOI211X1       6 25.2   507   311    2885    (-,-) 
  g14269__1881/Y              -       A->Y   F     NOR2X1         4 16.3   161   100    2985    (-,-) 
  g14252__5477/Y              -       A->Y   R     NAND2X1        2  9.1   130   102    3087    (-,-) 
  g14230__6131/Y              -       A->Y   F     NOR2X1         3 11.5    99    60    3147    (-,-) 
  g14211__2398/Y              -       B0->Y  R     AOI21X1        1  3.5   121    96    3243    (-,-) 
  g14199/Y                    -       A->Y   F     INVX1          2  7.6    56    42    3285    (-,-) 
  g14194__9315/Y              -       A->Y   R     NAND2X1        3  7.7   112    72    3358    (-,-) 
  g14129/Y                    -       A->Y   F     INVXL          1  2.1    40    28    3386    (-,-) 
  queue_count_q_reg[11][1]/SI -       -      F     SDFFRHQX1      1    -     -     0    3386    (-,-) 
#-----------------------------------------------------------------------------------------------------



Path 7: MET (6176 ps) Setup Check with Pin queue_count_q_reg[0][1]/CK->SE
          Group: clk
     Startpoint: (R) local_rr_q_reg[3][0]/CK
          Clock: (R) clk
       Endpoint: (R) queue_count_q_reg[0][1]/SE
          Clock: (R) clk

                     Capture       Launch     
        Clock Edge:+   10000            0     
       Src Latency:+       0            0     
       Net Latency:+       0 (I)        0 (I) 
           Arrival:=   10000            0     
                                              
             Setup:-     481                  
     Required Time:=    9519                  
      Launch Clock:-       0                  
         Data Path:-    3344                  
             Slack:=    6176                  

#----------------------------------------------------------------------------------------------------
#       Timing Point         Flags    Arc   Edge   Cell     Fanout Load Trans Delay Arrival Instance 
#                                                                  (fF)  (ps)  (ps)   (ps)  Location 
#----------------------------------------------------------------------------------------------------
  local_rr_q_reg[3][0]/CK    -       -      R     (arrival)     95    -     0     0       0    (-,-) 
  local_rr_q_reg[3][0]/Q     -       CK->Q  R     SDFFRHQX1      7 25.6   367   375     375    (-,-) 
  g14532/Y                   -       A->Y   F     INVX1          6 18.5   145   102     477    (-,-) 
  g14450__5526/Y             -       A0N->Y F     OAI2BB1X1      2  7.2    74   165     642    (-,-) 
  g14394__1881/Y             -       B->Y   R     NOR2X1         3 12.8   208   147     789    (-,-) 
  g14363__8428/Y             -       A->Y   F     NAND3X1        2  9.4   111    72     861    (-,-) 
  g14355__2883/Y             -       A0->Y  R     AOI21X1        3 12.9   238   168    1029    (-,-) 
  g14349__5115/Y             -       A->Y   F     MXI2X1         2  6.6   108    81    1110    (-,-) 
  g14344__6131/Y             -       AN->Y  F     NAND2BX1       2  8.4    72   136    1246    (-,-) 
  g14341__5122/Y             -       A->Y   R     NOR2X1         1  3.6   102    74    1320    (-,-) 
  g14338__6783/Y             -       B0->Y  F     AOI211XL       1  3.5   108    48    1368    (-,-) 
  g14332__5526/Y             -       A0->Y  R     OAI21XL        9 36.6   723   440    1808    (-,-) 
  g14323__5107/Y             -       A->Y   F     NOR2X1         5 20.6   221   128    1936    (-,-) 
  g14295__2802/Y             -       A0->Y  R     AOI33XL        1  3.1   257   176    2112    (-,-) 
  g14287__2398/Y             -       B0->Y  F     OAI21XL        1  5.0   122    81    2192    (-,-) 
  g14285__7410/Y             -       B0->Y  R     AOI211X1       1  2.7   170   120    2313    (-,-) 
  g14283__2346/Y             -       AN->Y  R     NOR4BX1        9 30.2   676   418    2731    (-,-) 
  g14282/Y                   -       A->Y   F     INVX1          3 11.0   153    61    2792    (-,-) 
  g14278__4733/Y             -       A->Y   R     NOR3X1         4 12.2   289   185    2976    (-,-) 
  g14262__8428/Y             -       AN->Y  R     NOR2BX1        2  7.6   154   146    3122    (-,-) 
  g14240__2802/Y             -       A->Y   F     NAND2X1        2  9.5    81    57    3180    (-,-) 
  g14644/Y                   -       B->Y   R     XOR2X1         1  4.4    71   164    3344    (-,-) 
  queue_count_q_reg[0][1]/SE -       -      R     SDFFRHQX1      1    -     -     0    3344    (-,-) 
#----------------------------------------------------------------------------------------------------



Path 8: MET (6176 ps) Setup Check with Pin queue_count_q_reg[4][1]/CK->SE
          Group: clk
     Startpoint: (R) local_rr_q_reg[3][0]/CK
          Clock: (R) clk
       Endpoint: (R) queue_count_q_reg[4][1]/SE
          Clock: (R) clk

                     Capture       Launch     
        Clock Edge:+   10000            0     
       Src Latency:+       0            0     
       Net Latency:+       0 (I)        0 (I) 
           Arrival:=   10000            0     
                                              
             Setup:-     481                  
     Required Time:=    9519                  
      Launch Clock:-       0                  
         Data Path:-    3344                  
             Slack:=    6176                  

#----------------------------------------------------------------------------------------------------
#       Timing Point         Flags    Arc   Edge   Cell     Fanout Load Trans Delay Arrival Instance 
#                                                                  (fF)  (ps)  (ps)   (ps)  Location 
#----------------------------------------------------------------------------------------------------
  local_rr_q_reg[3][0]/CK    -       -      R     (arrival)     95    -     0     0       0    (-,-) 
  local_rr_q_reg[3][0]/Q     -       CK->Q  R     SDFFRHQX1      7 25.6   367   375     375    (-,-) 
  g14532/Y                   -       A->Y   F     INVX1          6 18.5   145   102     477    (-,-) 
  g14450__5526/Y             -       A0N->Y F     OAI2BB1X1      2  7.2    74   165     642    (-,-) 
  g14394__1881/Y             -       B->Y   R     NOR2X1         3 12.8   208   147     789    (-,-) 
  g14363__8428/Y             -       A->Y   F     NAND3X1        2  9.4   111    72     861    (-,-) 
  g14355__2883/Y             -       A0->Y  R     AOI21X1        3 12.9   238   168    1029    (-,-) 
  g14349__5115/Y             -       A->Y   F     MXI2X1         2  6.6   108    81    1110    (-,-) 
  g14344__6131/Y             -       AN->Y  F     NAND2BX1       2  8.4    72   136    1246    (-,-) 
  g14341__5122/Y             -       A->Y   R     NOR2X1         1  3.6   102    74    1320    (-,-) 
  g14338__6783/Y             -       B0->Y  F     AOI211XL       1  3.5   108    48    1368    (-,-) 
  g14332__5526/Y             -       A0->Y  R     OAI21XL        9 36.6   723   440    1808    (-,-) 
  g14323__5107/Y             -       A->Y   F     NOR2X1         5 20.6   221   128    1936    (-,-) 
  g14295__2802/Y             -       A0->Y  R     AOI33XL        1  3.1   257   176    2112    (-,-) 
  g14287__2398/Y             -       B0->Y  F     OAI21XL        1  5.0   122    81    2192    (-,-) 
  g14285__7410/Y             -       B0->Y  R     AOI211X1       1  2.7   170   120    2313    (-,-) 
  g14283__2346/Y             -       AN->Y  R     NOR4BX1        9 30.2   676   418    2731    (-,-) 
  g14282/Y                   -       A->Y   F     INVX1          3 11.0   153    61    2792    (-,-) 
  g14278__4733/Y             -       A->Y   R     NOR3X1         4 12.2   289   185    2976    (-,-) 
  g14261__3680/Y             -       AN->Y  R     NOR2BX1        2  7.6   154   146    3122    (-,-) 
  g14247__9315/Y             -       A->Y   F     NAND2X1        2  9.5    81    57    3180    (-,-) 
  g14647/Y                   -       B->Y   R     XOR2X1         1  4.4    71   164    3344    (-,-) 
  queue_count_q_reg[4][1]/SE -       -      R     SDFFRHQX1      1    -     -     0    3344    (-,-) 
#----------------------------------------------------------------------------------------------------



Path 9: MET (6177 ps) Setup Check with Pin queue_count_q_reg[13][1]/CK->SE
          Group: clk
     Startpoint: (R) local_rr_q_reg[3][0]/CK
          Clock: (R) clk
       Endpoint: (R) queue_count_q_reg[13][1]/SE
          Clock: (R) clk

                     Capture       Launch     
        Clock Edge:+   10000            0     
       Src Latency:+       0            0     
       Net Latency:+       0 (I)        0 (I) 
           Arrival:=   10000            0     
                                              
             Setup:-     481                  
     Required Time:=    9519                  
      Launch Clock:-       0                  
         Data Path:-    3342                  
             Slack:=    6177                  

#-----------------------------------------------------------------------------------------------------
#        Timing Point         Flags    Arc   Edge   Cell     Fanout Load Trans Delay Arrival Instance 
#                                                                   (fF)  (ps)  (ps)   (ps)  Location 
#-----------------------------------------------------------------------------------------------------
  local_rr_q_reg[3][0]/CK     -       -      R     (arrival)     95    -     0     0       0    (-,-) 
  local_rr_q_reg[3][0]/Q      -       CK->Q  R     SDFFRHQX1      7 25.6   367   375     375    (-,-) 
  g14532/Y                    -       A->Y   F     INVX1          6 18.5   145   102     477    (-,-) 
  g14450__5526/Y              -       A0N->Y F     OAI2BB1X1      2  7.2    74   165     642    (-,-) 
  g14394__1881/Y              -       B->Y   R     NOR2X1         3 12.8   208   147     789    (-,-) 
  g14363__8428/Y              -       A->Y   F     NAND3X1        2  9.4   111    72     861    (-,-) 
  g14355__2883/Y              -       A0->Y  R     AOI21X1        3 12.9   238   168    1029    (-,-) 
  g14349__5115/Y              -       A->Y   F     MXI2X1         2  6.6   108    81    1110    (-,-) 
  g14344__6131/Y              -       AN->Y  F     NAND2BX1       2  8.4    72   136    1246    (-,-) 
  g14341__5122/Y              -       A->Y   R     NOR2X1         1  3.6   102    74    1320    (-,-) 
  g14338__6783/Y              -       B0->Y  F     AOI211XL       1  3.5   108    48    1368    (-,-) 
  g14332__5526/Y              -       A0->Y  R     OAI21XL        9 36.6   723   440    1808    (-,-) 
  g14330__4319/Y              -       A->Y   F     NOR2X1         5 21.9   226   135    1942    (-,-) 
  g14326/Y                    -       A->Y   R     INVX1          2  8.9   118   108    2051    (-,-) 
  g14303__1705/Y              -       A->Y   F     NOR4XL         1  4.5   126    55    2106    (-,-) 
  g14289__6260/Y              -       C0->Y  R     AOI211X1       1  3.4   181   151    2257    (-,-) 
  g14286__6417/Y              -       C0->Y  F     OAI221XL       1  5.0   136    94    2351    (-,-) 
  g14284__1666/Y              -       B0->Y  R     AOI211X1       1  3.4   181   130    2480    (-,-) 
  g14281__2883/Y              -       C0->Y  F     OAI221XL       1  5.0   120    94    2574    (-,-) 
  g14274__7482/Y              -       B0->Y  R     AOI211X1       6 25.2   507   311    2885    (-,-) 
  g14266__7098/Y              -       A->Y   F     NAND2X1        4 17.0   175   108    2993    (-,-) 
  g14264__1705/Y              -       B->Y   R     NOR2BX1        2  7.6   154   128    3120    (-,-) 
  g14244__5115/Y              -       A->Y   F     NAND2X1        2  9.5    81    57    3178    (-,-) 
  g14646/Y                    -       B->Y   R     XOR2X1         1  4.4    72   164    3342    (-,-) 
  queue_count_q_reg[13][1]/SE -       -      R     SDFFRHQX1      1    -     -     0    3342    (-,-) 
#-----------------------------------------------------------------------------------------------------



Path 10: MET (6177 ps) Setup Check with Pin queue_count_q_reg[9][1]/CK->SE
          Group: clk
     Startpoint: (R) local_rr_q_reg[3][0]/CK
          Clock: (R) clk
       Endpoint: (R) queue_count_q_reg[9][1]/SE
          Clock: (R) clk

                     Capture       Launch     
        Clock Edge:+   10000            0     
       Src Latency:+       0            0     
       Net Latency:+       0 (I)        0 (I) 
           Arrival:=   10000            0     
                                              
             Setup:-     481                  
     Required Time:=    9519                  
      Launch Clock:-       0                  
         Data Path:-    3342                  
             Slack:=    6177                  

#----------------------------------------------------------------------------------------------------
#       Timing Point         Flags    Arc   Edge   Cell     Fanout Load Trans Delay Arrival Instance 
#                                                                  (fF)  (ps)  (ps)   (ps)  Location 
#----------------------------------------------------------------------------------------------------
  local_rr_q_reg[3][0]/CK    -       -      R     (arrival)     95    -     0     0       0    (-,-) 
  local_rr_q_reg[3][0]/Q     -       CK->Q  R     SDFFRHQX1      7 25.6   367   375     375    (-,-) 
  g14532/Y                   -       A->Y   F     INVX1          6 18.5   145   102     477    (-,-) 
  g14450__5526/Y             -       A0N->Y F     OAI2BB1X1      2  7.2    74   165     642    (-,-) 
  g14394__1881/Y             -       B->Y   R     NOR2X1         3 12.8   208   147     789    (-,-) 
  g14363__8428/Y             -       A->Y   F     NAND3X1        2  9.4   111    72     861    (-,-) 
  g14355__2883/Y             -       A0->Y  R     AOI21X1        3 12.9   238   168    1029    (-,-) 
  g14349__5115/Y             -       A->Y   F     MXI2X1         2  6.6   108    81    1110    (-,-) 
  g14344__6131/Y             -       AN->Y  F     NAND2BX1       2  8.4    72   136    1246    (-,-) 
  g14341__5122/Y             -       A->Y   R     NOR2X1         1  3.6   102    74    1320    (-,-) 
  g14338__6783/Y             -       B0->Y  F     AOI211XL       1  3.5   108    48    1368    (-,-) 
  g14332__5526/Y             -       A0->Y  R     OAI21XL        9 36.6   723   440    1808    (-,-) 
  g14330__4319/Y             -       A->Y   F     NOR2X1         5 21.9   226   135    1942    (-,-) 
  g14326/Y                   -       A->Y   R     INVX1          2  8.9   118   108    2051    (-,-) 
  g14303__1705/Y             -       A->Y   F     NOR4XL         1  4.5   126    55    2106    (-,-) 
  g14289__6260/Y             -       C0->Y  R     AOI211X1       1  3.4   181   151    2257    (-,-) 
  g14286__6417/Y             -       C0->Y  F     OAI221XL       1  5.0   136    94    2351    (-,-) 
  g14284__1666/Y             -       B0->Y  R     AOI211X1       1  3.4   181   130    2480    (-,-) 
  g14281__2883/Y             -       C0->Y  F     OAI221XL       1  5.0   120    94    2574    (-,-) 
  g14274__7482/Y             -       B0->Y  R     AOI211X1       6 25.2   507   311    2885    (-,-) 
  g14268__5115/Y             -       A->Y   F     NAND2X1        4 17.0   175   108    2993    (-,-) 
  g14259__5526/Y             -       B->Y   R     NOR2BX1        2  7.6   154   128    3120    (-,-) 
  g14243__7482/Y             -       A->Y   F     NAND2X1        2  9.5    81    57    3178    (-,-) 
  g14645/Y                   -       B->Y   R     XOR2X1         1  4.4    72   164    3342    (-,-) 
  queue_count_q_reg[9][1]/SE -       -      R     SDFFRHQX1      1    -     -     0    3342    (-,-) 
#----------------------------------------------------------------------------------------------------



Path 11: MET (6177 ps) Setup Check with Pin queue_count_q_reg[1][1]/CK->SE
          Group: clk
     Startpoint: (R) local_rr_q_reg[3][0]/CK
          Clock: (R) clk
       Endpoint: (R) queue_count_q_reg[1][1]/SE
          Clock: (R) clk

                     Capture       Launch     
        Clock Edge:+   10000            0     
       Src Latency:+       0            0     
       Net Latency:+       0 (I)        0 (I) 
           Arrival:=   10000            0     
                                              
             Setup:-     481                  
     Required Time:=    9519                  
      Launch Clock:-       0                  
         Data Path:-    3342                  
             Slack:=    6177                  

#----------------------------------------------------------------------------------------------------
#       Timing Point         Flags    Arc   Edge   Cell     Fanout Load Trans Delay Arrival Instance 
#                                                                  (fF)  (ps)  (ps)   (ps)  Location 
#----------------------------------------------------------------------------------------------------
  local_rr_q_reg[3][0]/CK    -       -      R     (arrival)     95    -     0     0       0    (-,-) 
  local_rr_q_reg[3][0]/Q     -       CK->Q  R     SDFFRHQX1      7 25.6   367   375     375    (-,-) 
  g14532/Y                   -       A->Y   F     INVX1          6 18.5   145   102     477    (-,-) 
  g14450__5526/Y             -       A0N->Y F     OAI2BB1X1      2  7.2    74   165     642    (-,-) 
  g14394__1881/Y             -       B->Y   R     NOR2X1         3 12.8   208   147     789    (-,-) 
  g14363__8428/Y             -       A->Y   F     NAND3X1        2  9.4   111    72     861    (-,-) 
  g14355__2883/Y             -       A0->Y  R     AOI21X1        3 12.9   238   168    1029    (-,-) 
  g14349__5115/Y             -       A->Y   F     MXI2X1         2  6.6   108    81    1110    (-,-) 
  g14344__6131/Y             -       AN->Y  F     NAND2BX1       2  8.4    72   136    1246    (-,-) 
  g14341__5122/Y             -       A->Y   R     NOR2X1         1  3.6   102    74    1320    (-,-) 
  g14338__6783/Y             -       B0->Y  F     AOI211XL       1  3.5   108    48    1368    (-,-) 
  g14332__5526/Y             -       A0->Y  R     OAI21XL        9 36.6   723   440    1808    (-,-) 
  g14330__4319/Y             -       A->Y   F     NOR2X1         5 21.9   226   135    1942    (-,-) 
  g14326/Y                   -       A->Y   R     INVX1          2  8.9   118   108    2051    (-,-) 
  g14303__1705/Y             -       A->Y   F     NOR4XL         1  4.5   126    55    2106    (-,-) 
  g14289__6260/Y             -       C0->Y  R     AOI211X1       1  3.4   181   151    2257    (-,-) 
  g14286__6417/Y             -       C0->Y  F     OAI221XL       1  5.0   136    94    2351    (-,-) 
  g14284__1666/Y             -       B0->Y  R     AOI211X1       1  3.4   181   130    2480    (-,-) 
  g14281__2883/Y             -       C0->Y  F     OAI221XL       1  5.0   120    94    2574    (-,-) 
  g14274__7482/Y             -       B0->Y  R     AOI211X1       6 25.2   507   311    2885    (-,-) 
  g14268__5115/Y             -       A->Y   F     NAND2X1        4 17.0   175   108    2993    (-,-) 
  g14263__2802/Y             -       B->Y   R     NOR2BX1        2  7.6   154   128    3120    (-,-) 
  g14242__4733/Y             -       A->Y   F     NAND2X1        2  9.5    81    57    3178    (-,-) 
  g14648/Y                   -       B->Y   R     XOR2X1         1  4.4    72   164    3342    (-,-) 
  queue_count_q_reg[1][1]/SE -       -      R     SDFFRHQX1      1    -     -     0    3342    (-,-) 
#----------------------------------------------------------------------------------------------------



Path 12: MET (6177 ps) Setup Check with Pin queue_count_q_reg[5][1]/CK->SE
          Group: clk
     Startpoint: (R) local_rr_q_reg[3][0]/CK
          Clock: (R) clk
       Endpoint: (R) queue_count_q_reg[5][1]/SE
          Clock: (R) clk

                     Capture       Launch     
        Clock Edge:+   10000            0     
       Src Latency:+       0            0     
       Net Latency:+       0 (I)        0 (I) 
           Arrival:=   10000            0     
                                              
             Setup:-     481                  
     Required Time:=    9519                  
      Launch Clock:-       0                  
         Data Path:-    3342                  
             Slack:=    6177                  

#----------------------------------------------------------------------------------------------------
#       Timing Point         Flags    Arc   Edge   Cell     Fanout Load Trans Delay Arrival Instance 
#                                                                  (fF)  (ps)  (ps)   (ps)  Location 
#----------------------------------------------------------------------------------------------------
  local_rr_q_reg[3][0]/CK    -       -      R     (arrival)     95    -     0     0       0    (-,-) 
  local_rr_q_reg[3][0]/Q     -       CK->Q  R     SDFFRHQX1      7 25.6   367   375     375    (-,-) 
  g14532/Y                   -       A->Y   F     INVX1          6 18.5   145   102     477    (-,-) 
  g14450__5526/Y             -       A0N->Y F     OAI2BB1X1      2  7.2    74   165     642    (-,-) 
  g14394__1881/Y             -       B->Y   R     NOR2X1         3 12.8   208   147     789    (-,-) 
  g14363__8428/Y             -       A->Y   F     NAND3X1        2  9.4   111    72     861    (-,-) 
  g14355__2883/Y             -       A0->Y  R     AOI21X1        3 12.9   238   168    1029    (-,-) 
  g14349__5115/Y             -       A->Y   F     MXI2X1         2  6.6   108    81    1110    (-,-) 
  g14344__6131/Y             -       AN->Y  F     NAND2BX1       2  8.4    72   136    1246    (-,-) 
  g14341__5122/Y             -       A->Y   R     NOR2X1         1  3.6   102    74    1320    (-,-) 
  g14338__6783/Y             -       B0->Y  F     AOI211XL       1  3.5   108    48    1368    (-,-) 
  g14332__5526/Y             -       A0->Y  R     OAI21XL        9 36.6   723   440    1808    (-,-) 
  g14330__4319/Y             -       A->Y   F     NOR2X1         5 21.9   226   135    1942    (-,-) 
  g14326/Y                   -       A->Y   R     INVX1          2  8.9   118   108    2051    (-,-) 
  g14303__1705/Y             -       A->Y   F     NOR4XL         1  4.5   126    55    2106    (-,-) 
  g14289__6260/Y             -       C0->Y  R     AOI211X1       1  3.4   181   151    2257    (-,-) 
  g14286__6417/Y             -       C0->Y  F     OAI221XL       1  5.0   136    94    2351    (-,-) 
  g14284__1666/Y             -       B0->Y  R     AOI211X1       1  3.4   181   130    2480    (-,-) 
  g14281__2883/Y             -       C0->Y  F     OAI221XL       1  5.0   120    94    2574    (-,-) 
  g14274__7482/Y             -       B0->Y  R     AOI211X1       6 25.2   507   311    2885    (-,-) 
  g14266__7098/Y             -       A->Y   F     NAND2X1        4 17.0   175   108    2993    (-,-) 
  g14258__1617/Y             -       B->Y   R     NOR2BX1        2  7.6   154   128    3120    (-,-) 
  g14241__6161/Y             -       A->Y   F     NAND2X1        2  9.5    81    57    3178    (-,-) 
  g2/Y                       -       B->Y   R     XOR2X1         1  4.4    72   164    3342    (-,-) 
  queue_count_q_reg[5][1]/SE -       -      R     SDFFRHQX1      1    -     -     0    3342    (-,-) 
#----------------------------------------------------------------------------------------------------



Path 13: MET (6182 ps) Setup Check with Pin queue_count_q_reg[8][1]/CK->SE
          Group: clk
     Startpoint: (R) local_rr_q_reg[3][0]/CK
          Clock: (R) clk
       Endpoint: (R) queue_count_q_reg[8][1]/SE
          Clock: (R) clk

                     Capture       Launch     
        Clock Edge:+   10000            0     
       Src Latency:+       0            0     
       Net Latency:+       0 (I)        0 (I) 
           Arrival:=   10000            0     
                                              
             Setup:-     481                  
     Required Time:=    9519                  
      Launch Clock:-       0                  
         Data Path:-    3337                  
             Slack:=    6182                  

#----------------------------------------------------------------------------------------------------
#       Timing Point         Flags    Arc   Edge   Cell     Fanout Load Trans Delay Arrival Instance 
#                                                                  (fF)  (ps)  (ps)   (ps)  Location 
#----------------------------------------------------------------------------------------------------
  local_rr_q_reg[3][0]/CK    -       -      R     (arrival)     95    -     0     0       0    (-,-) 
  local_rr_q_reg[3][0]/Q     -       CK->Q  R     SDFFRHQX1      7 25.6   367   375     375    (-,-) 
  g14532/Y                   -       A->Y   F     INVX1          6 18.5   145   102     477    (-,-) 
  g14450__5526/Y             -       A0N->Y F     OAI2BB1X1      2  7.2    74   165     642    (-,-) 
  g14394__1881/Y             -       B->Y   R     NOR2X1         3 12.8   208   147     789    (-,-) 
  g14363__8428/Y             -       A->Y   F     NAND3X1        2  9.4   111    72     861    (-,-) 
  g14355__2883/Y             -       A0->Y  R     AOI21X1        3 12.9   238   168    1029    (-,-) 
  g14349__5115/Y             -       A->Y   F     MXI2X1         2  6.6   108    81    1110    (-,-) 
  g14344__6131/Y             -       AN->Y  F     NAND2BX1       2  8.4    72   136    1246    (-,-) 
  g14341__5122/Y             -       A->Y   R     NOR2X1         1  3.6   102    74    1320    (-,-) 
  g14338__6783/Y             -       B0->Y  F     AOI211XL       1  3.5   108    48    1368    (-,-) 
  g14332__5526/Y             -       A0->Y  R     OAI21XL        9 36.6   723   440    1808    (-,-) 
  g14330__4319/Y             -       A->Y   F     NOR2X1         5 21.9   226   135    1942    (-,-) 
  g14326/Y                   -       A->Y   R     INVX1          2  8.9   118   108    2051    (-,-) 
  g14303__1705/Y             -       A->Y   F     NOR4XL         1  4.5   126    55    2106    (-,-) 
  g14289__6260/Y             -       C0->Y  R     AOI211X1       1  3.4   181   151    2257    (-,-) 
  g14286__6417/Y             -       C0->Y  F     OAI221XL       1  5.0   136    94    2351    (-,-) 
  g14284__1666/Y             -       B0->Y  R     AOI211X1       1  3.4   181   130    2480    (-,-) 
  g14281__2883/Y             -       C0->Y  F     OAI221XL       1  5.0   120    94    2574    (-,-) 
  g14274__7482/Y             -       B0->Y  R     AOI211X1       6 25.2   507   311    2885    (-,-) 
  g14268__5115/Y             -       A->Y   F     NAND2X1        4 17.0   175   108    2993    (-,-) 
  g14251__6417/Y             -       A->Y   R     NOR2X1         2  7.6   154   123    3116    (-,-) 
  g14229__1705/Y             -       A->Y   F     NAND2X1        2  9.5    81    57    3173    (-,-) 
  g14649/Y                   -       B->Y   R     XOR2X1         1  4.4    71   164    3337    (-,-) 
  queue_count_q_reg[8][1]/SE -       -      R     SDFFRHQX1      1    -     -     0    3337    (-,-) 
#----------------------------------------------------------------------------------------------------



Path 14: MET (6182 ps) Setup Check with Pin queue_count_q_reg[12][1]/CK->SE
          Group: clk
     Startpoint: (R) local_rr_q_reg[3][0]/CK
          Clock: (R) clk
       Endpoint: (R) queue_count_q_reg[12][1]/SE
          Clock: (R) clk

                     Capture       Launch     
        Clock Edge:+   10000            0     
       Src Latency:+       0            0     
       Net Latency:+       0 (I)        0 (I) 
           Arrival:=   10000            0     
                                              
             Setup:-     481                  
     Required Time:=    9519                  
      Launch Clock:-       0                  
         Data Path:-    3337                  
             Slack:=    6182                  

#-----------------------------------------------------------------------------------------------------
#        Timing Point         Flags    Arc   Edge   Cell     Fanout Load Trans Delay Arrival Instance 
#                                                                   (fF)  (ps)  (ps)   (ps)  Location 
#-----------------------------------------------------------------------------------------------------
  local_rr_q_reg[3][0]/CK     -       -      R     (arrival)     95    -     0     0       0    (-,-) 
  local_rr_q_reg[3][0]/Q      -       CK->Q  R     SDFFRHQX1      7 25.6   367   375     375    (-,-) 
  g14532/Y                    -       A->Y   F     INVX1          6 18.5   145   102     477    (-,-) 
  g14450__5526/Y              -       A0N->Y F     OAI2BB1X1      2  7.2    74   165     642    (-,-) 
  g14394__1881/Y              -       B->Y   R     NOR2X1         3 12.8   208   147     789    (-,-) 
  g14363__8428/Y              -       A->Y   F     NAND3X1        2  9.4   111    72     861    (-,-) 
  g14355__2883/Y              -       A0->Y  R     AOI21X1        3 12.9   238   168    1029    (-,-) 
  g14349__5115/Y              -       A->Y   F     MXI2X1         2  6.6   108    81    1110    (-,-) 
  g14344__6131/Y              -       AN->Y  F     NAND2BX1       2  8.4    72   136    1246    (-,-) 
  g14341__5122/Y              -       A->Y   R     NOR2X1         1  3.6   102    74    1320    (-,-) 
  g14338__6783/Y              -       B0->Y  F     AOI211XL       1  3.5   108    48    1368    (-,-) 
  g14332__5526/Y              -       A0->Y  R     OAI21XL        9 36.6   723   440    1808    (-,-) 
  g14330__4319/Y              -       A->Y   F     NOR2X1         5 21.9   226   135    1942    (-,-) 
  g14326/Y                    -       A->Y   R     INVX1          2  8.9   118   108    2051    (-,-) 
  g14303__1705/Y              -       A->Y   F     NOR4XL         1  4.5   126    55    2106    (-,-) 
  g14289__6260/Y              -       C0->Y  R     AOI211X1       1  3.4   181   151    2257    (-,-) 
  g14286__6417/Y              -       C0->Y  F     OAI221XL       1  5.0   136    94    2351    (-,-) 
  g14284__1666/Y              -       B0->Y  R     AOI211X1       1  3.4   181   130    2480    (-,-) 
  g14281__2883/Y              -       C0->Y  F     OAI221XL       1  5.0   120    94    2574    (-,-) 
  g14274__7482/Y              -       B0->Y  R     AOI211X1       6 25.2   507   311    2885    (-,-) 
  g14266__7098/Y              -       A->Y   F     NAND2X1        4 17.0   175   108    2993    (-,-) 
  g14254__5107/Y              -       A->Y   R     NOR2X1         2  7.6   154   123    3116    (-,-) 
  g14231__1617/Y              -       A->Y   F     NAND2X1        2  9.5    81    57    3173    (-,-) 
  g14650/Y                    -       B->Y   R     XOR2X1         1  4.4    70   164    3337    (-,-) 
  queue_count_q_reg[12][1]/SE -       -      R     SDFFRHQX1      1    -     -     0    3337    (-,-) 
#-----------------------------------------------------------------------------------------------------



Path 15: MET (6195 ps) Setup Check with Pin queue_count_q_reg[2][1]/CK->D
          Group: clk
     Startpoint: (R) local_rr_q_reg[3][0]/CK
          Clock: (R) clk
       Endpoint: (F) queue_count_q_reg[2][1]/D
          Clock: (R) clk

                     Capture       Launch     
        Clock Edge:+   10000            0     
       Src Latency:+       0            0     
       Net Latency:+       0 (I)        0 (I) 
           Arrival:=   10000            0     
                                              
             Setup:-     449                  
     Required Time:=    9551                  
      Launch Clock:-       0                  
         Data Path:-    3356                  
             Slack:=    6195                  

#---------------------------------------------------------------------------------------------------
#       Timing Point        Flags    Arc   Edge   Cell     Fanout Load Trans Delay Arrival Instance 
#                                                                 (fF)  (ps)  (ps)   (ps)  Location 
#---------------------------------------------------------------------------------------------------
  local_rr_q_reg[3][0]/CK   -       -      R     (arrival)     95    -     0     0       0    (-,-) 
  local_rr_q_reg[3][0]/Q    -       CK->Q  R     SDFFRHQX1      7 25.6   367   375     375    (-,-) 
  g14532/Y                  -       A->Y   F     INVX1          6 18.5   145   102     477    (-,-) 
  g14450__5526/Y            -       A0N->Y F     OAI2BB1X1      2  7.2    74   165     642    (-,-) 
  g14394__1881/Y            -       B->Y   R     NOR2X1         3 12.8   208   147     789    (-,-) 
  g14363__8428/Y            -       A->Y   F     NAND3X1        2  9.4   111    72     861    (-,-) 
  g14355__2883/Y            -       A0->Y  R     AOI21X1        3 12.9   238   168    1029    (-,-) 
  g14349__5115/Y            -       A->Y   F     MXI2X1         2  6.6   108    81    1110    (-,-) 
  g14344__6131/Y            -       AN->Y  F     NAND2BX1       2  8.4    72   136    1246    (-,-) 
  g14341__5122/Y            -       A->Y   R     NOR2X1         1  3.6   102    74    1320    (-,-) 
  g14338__6783/Y            -       B0->Y  F     AOI211XL       1  3.5   108    48    1368    (-,-) 
  g14332__5526/Y            -       A0->Y  R     OAI21XL        9 36.6   723   440    1808    (-,-) 
  g14323__5107/Y            -       A->Y   F     NOR2X1         5 20.6   221   128    1936    (-,-) 
  g14295__2802/Y            -       A0->Y  R     AOI33XL        1  3.1   257   176    2112    (-,-) 
  g14287__2398/Y            -       B0->Y  F     OAI21XL        1  5.0   122    81    2192    (-,-) 
  g14285__7410/Y            -       B0->Y  R     AOI211X1       1  2.7   170   120    2313    (-,-) 
  g14283__2346/Y            -       AN->Y  R     NOR4BX1        9 30.2   676   418    2731    (-,-) 
  g14282/Y                  -       A->Y   F     INVX1          3 11.0   153    61    2792    (-,-) 
  g14278__4733/Y            -       A->Y   R     NOR3X1         4 12.2   289   185    2976    (-,-) 
  g14250__7410/Y            -       B->Y   F     NAND2X1        2  9.1    95    56    3032    (-,-) 
  g14228__1881/Y            -       A->Y   R     NOR2X1         3 11.5   193   132    3165    (-,-) 
  g14209__4319/Y            -       B0->Y  F     AOI21X1        2  7.6    92    53    3218    (-,-) 
  g14197__4319/Y            -       A->Y   R     NOR2X1         3  8.9   162   114    3332    (-,-) 
  g14189/Y                  -       A->Y   F     INVX1          1  1.9    42    24    3356    (-,-) 
  queue_count_q_reg[2][1]/D -       -      F     SDFFRHQX1      1    -     -     0    3356    (-,-) 
#---------------------------------------------------------------------------------------------------



Path 16: MET (6195 ps) Setup Check with Pin queue_count_q_reg[6][1]/CK->D
          Group: clk
     Startpoint: (R) local_rr_q_reg[3][0]/CK
          Clock: (R) clk
       Endpoint: (F) queue_count_q_reg[6][1]/D
          Clock: (R) clk

                     Capture       Launch     
        Clock Edge:+   10000            0     
       Src Latency:+       0            0     
       Net Latency:+       0 (I)        0 (I) 
           Arrival:=   10000            0     
                                              
             Setup:-     449                  
     Required Time:=    9551                  
      Launch Clock:-       0                  
         Data Path:-    3356                  
             Slack:=    6195                  

#---------------------------------------------------------------------------------------------------
#       Timing Point        Flags    Arc   Edge   Cell     Fanout Load Trans Delay Arrival Instance 
#                                                                 (fF)  (ps)  (ps)   (ps)  Location 
#---------------------------------------------------------------------------------------------------
  local_rr_q_reg[3][0]/CK   -       -      R     (arrival)     95    -     0     0       0    (-,-) 
  local_rr_q_reg[3][0]/Q    -       CK->Q  R     SDFFRHQX1      7 25.6   367   375     375    (-,-) 
  g14532/Y                  -       A->Y   F     INVX1          6 18.5   145   102     477    (-,-) 
  g14450__5526/Y            -       A0N->Y F     OAI2BB1X1      2  7.2    74   165     642    (-,-) 
  g14394__1881/Y            -       B->Y   R     NOR2X1         3 12.8   208   147     789    (-,-) 
  g14363__8428/Y            -       A->Y   F     NAND3X1        2  9.4   111    72     861    (-,-) 
  g14355__2883/Y            -       A0->Y  R     AOI21X1        3 12.9   238   168    1029    (-,-) 
  g14349__5115/Y            -       A->Y   F     MXI2X1         2  6.6   108    81    1110    (-,-) 
  g14344__6131/Y            -       AN->Y  F     NAND2BX1       2  8.4    72   136    1246    (-,-) 
  g14341__5122/Y            -       A->Y   R     NOR2X1         1  3.6   102    74    1320    (-,-) 
  g14338__6783/Y            -       B0->Y  F     AOI211XL       1  3.5   108    48    1368    (-,-) 
  g14332__5526/Y            -       A0->Y  R     OAI21XL        9 36.6   723   440    1808    (-,-) 
  g14323__5107/Y            -       A->Y   F     NOR2X1         5 20.6   221   128    1936    (-,-) 
  g14295__2802/Y            -       A0->Y  R     AOI33XL        1  3.1   257   176    2112    (-,-) 
  g14287__2398/Y            -       B0->Y  F     OAI21XL        1  5.0   122    81    2192    (-,-) 
  g14285__7410/Y            -       B0->Y  R     AOI211X1       1  2.7   170   120    2313    (-,-) 
  g14283__2346/Y            -       AN->Y  R     NOR4BX1        9 30.2   676   418    2731    (-,-) 
  g14282/Y                  -       A->Y   F     INVX1          3 11.0   153    61    2792    (-,-) 
  g14278__4733/Y            -       A->Y   R     NOR3X1         4 12.2   289   185    2976    (-,-) 
  g14253__1666/Y            -       B->Y   F     NAND2X1        2  9.1    95    56    3032    (-,-) 
  g14227__7098/Y            -       A->Y   R     NOR2X1         3 11.5   193   132    3165    (-,-) 
  g14212__8428/Y            -       B0->Y  F     AOI21X1        2  7.6    92    53    3218    (-,-) 
  g14184__8428/Y            -       A->Y   R     NOR2X1         3  8.9   162   114    3332    (-,-) 
  g14180/Y                  -       A->Y   F     INVX1          1  1.9    42    24    3356    (-,-) 
  queue_count_q_reg[6][1]/D -       -      F     SDFFRHQX1      1    -     -     0    3356    (-,-) 
#---------------------------------------------------------------------------------------------------



Path 17: MET (6200 ps) Setup Check with Pin queue_count_q_reg[2][1]/CK->SI
          Group: clk
     Startpoint: (R) local_rr_q_reg[3][0]/CK
          Clock: (R) clk
       Endpoint: (F) queue_count_q_reg[2][1]/SI
          Clock: (R) clk

                     Capture       Launch     
        Clock Edge:+   10000            0     
       Src Latency:+       0            0     
       Net Latency:+       0 (I)        0 (I) 
           Arrival:=   10000            0     
                                              
             Setup:-     475                  
     Required Time:=    9525                  
      Launch Clock:-       0                  
         Data Path:-    3325                  
             Slack:=    6200                  

#----------------------------------------------------------------------------------------------------
#       Timing Point         Flags    Arc   Edge   Cell     Fanout Load Trans Delay Arrival Instance 
#                                                                  (fF)  (ps)  (ps)   (ps)  Location 
#----------------------------------------------------------------------------------------------------
  local_rr_q_reg[3][0]/CK    -       -      R     (arrival)     95    -     0     0       0    (-,-) 
  local_rr_q_reg[3][0]/Q     -       CK->Q  R     SDFFRHQX1      7 25.6   367   375     375    (-,-) 
  g14532/Y                   -       A->Y   F     INVX1          6 18.5   145   102     477    (-,-) 
  g14450__5526/Y             -       A0N->Y F     OAI2BB1X1      2  7.2    74   165     642    (-,-) 
  g14394__1881/Y             -       B->Y   R     NOR2X1         3 12.8   208   147     789    (-,-) 
  g14363__8428/Y             -       A->Y   F     NAND3X1        2  9.4   111    72     861    (-,-) 
  g14355__2883/Y             -       A0->Y  R     AOI21X1        3 12.9   238   168    1029    (-,-) 
  g14349__5115/Y             -       A->Y   F     MXI2X1         2  6.6   108    81    1110    (-,-) 
  g14344__6131/Y             -       AN->Y  F     NAND2BX1       2  8.4    72   136    1246    (-,-) 
  g14341__5122/Y             -       A->Y   R     NOR2X1         1  3.6   102    74    1320    (-,-) 
  g14338__6783/Y             -       B0->Y  F     AOI211XL       1  3.5   108    48    1368    (-,-) 
  g14332__5526/Y             -       A0->Y  R     OAI21XL        9 36.6   723   440    1808    (-,-) 
  g14330__4319/Y             -       A->Y   F     NOR2X1         5 21.9   226   135    1942    (-,-) 
  g14326/Y                   -       A->Y   R     INVX1          2  8.9   118   108    2051    (-,-) 
  g14303__1705/Y             -       A->Y   F     NOR4XL         1  4.5   126    55    2106    (-,-) 
  g14289__6260/Y             -       C0->Y  R     AOI211X1       1  3.4   181   151    2257    (-,-) 
  g14286__6417/Y             -       C0->Y  F     OAI221XL       1  5.0   136    94    2351    (-,-) 
  g14284__1666/Y             -       B0->Y  R     AOI211X1       1  3.4   181   130    2480    (-,-) 
  g14281__2883/Y             -       C0->Y  F     OAI221XL       1  5.0   120    94    2574    (-,-) 
  g14274__7482/Y             -       B0->Y  R     AOI211X1       6 25.2   507   311    2885    (-,-) 
  g14269__1881/Y             -       A->Y   F     NOR2X1         4 16.3   161   100    2985    (-,-) 
  g14250__7410/Y             -       A->Y   R     NAND2X1        2  9.1   133   102    3087    (-,-) 
  g14228__1881/Y             -       A->Y   F     NOR2X1         3 11.5    99    60    3148    (-,-) 
  g14209__4319/Y             -       B0->Y  R     AOI21X1        2  7.6   171   123    3271    (-,-) 
  g14197__4319/Y             -       A->Y   F     NOR2X1         3  8.9    72    54    3325    (-,-) 
  queue_count_q_reg[2][1]/SI -       -      F     SDFFRHQX1      3    -     -     0    3325    (-,-) 
#----------------------------------------------------------------------------------------------------



Path 18: MET (6200 ps) Setup Check with Pin queue_count_q_reg[6][1]/CK->SI
          Group: clk
     Startpoint: (R) local_rr_q_reg[3][0]/CK
          Clock: (R) clk
       Endpoint: (F) queue_count_q_reg[6][1]/SI
          Clock: (R) clk

                     Capture       Launch     
        Clock Edge:+   10000            0     
       Src Latency:+       0            0     
       Net Latency:+       0 (I)        0 (I) 
           Arrival:=   10000            0     
                                              
             Setup:-     475                  
     Required Time:=    9525                  
      Launch Clock:-       0                  
         Data Path:-    3325                  
             Slack:=    6200                  

#----------------------------------------------------------------------------------------------------
#       Timing Point         Flags    Arc   Edge   Cell     Fanout Load Trans Delay Arrival Instance 
#                                                                  (fF)  (ps)  (ps)   (ps)  Location 
#----------------------------------------------------------------------------------------------------
  local_rr_q_reg[3][0]/CK    -       -      R     (arrival)     95    -     0     0       0    (-,-) 
  local_rr_q_reg[3][0]/Q     -       CK->Q  R     SDFFRHQX1      7 25.6   367   375     375    (-,-) 
  g14532/Y                   -       A->Y   F     INVX1          6 18.5   145   102     477    (-,-) 
  g14450__5526/Y             -       A0N->Y F     OAI2BB1X1      2  7.2    74   165     642    (-,-) 
  g14394__1881/Y             -       B->Y   R     NOR2X1         3 12.8   208   147     789    (-,-) 
  g14363__8428/Y             -       A->Y   F     NAND3X1        2  9.4   111    72     861    (-,-) 
  g14355__2883/Y             -       A0->Y  R     AOI21X1        3 12.9   238   168    1029    (-,-) 
  g14349__5115/Y             -       A->Y   F     MXI2X1         2  6.6   108    81    1110    (-,-) 
  g14344__6131/Y             -       AN->Y  F     NAND2BX1       2  8.4    72   136    1246    (-,-) 
  g14341__5122/Y             -       A->Y   R     NOR2X1         1  3.6   102    74    1320    (-,-) 
  g14338__6783/Y             -       B0->Y  F     AOI211XL       1  3.5   108    48    1368    (-,-) 
  g14332__5526/Y             -       A0->Y  R     OAI21XL        9 36.6   723   440    1808    (-,-) 
  g14330__4319/Y             -       A->Y   F     NOR2X1         5 21.9   226   135    1942    (-,-) 
  g14326/Y                   -       A->Y   R     INVX1          2  8.9   118   108    2051    (-,-) 
  g14303__1705/Y             -       A->Y   F     NOR4XL         1  4.5   126    55    2106    (-,-) 
  g14289__6260/Y             -       C0->Y  R     AOI211X1       1  3.4   181   151    2257    (-,-) 
  g14286__6417/Y             -       C0->Y  F     OAI221XL       1  5.0   136    94    2351    (-,-) 
  g14284__1666/Y             -       B0->Y  R     AOI211X1       1  3.4   181   130    2480    (-,-) 
  g14281__2883/Y             -       C0->Y  F     OAI221XL       1  5.0   120    94    2574    (-,-) 
  g14274__7482/Y             -       B0->Y  R     AOI211X1       6 25.2   507   311    2885    (-,-) 
  g14267__6131/Y             -       A->Y   F     NOR2X1         4 16.3   161   100    2985    (-,-) 
  g14253__1666/Y             -       A->Y   R     NAND2X1        2  9.1   133   102    3087    (-,-) 
  g14227__7098/Y             -       A->Y   F     NOR2X1         3 11.5    99    60    3148    (-,-) 
  g14212__8428/Y             -       B0->Y  R     AOI21X1        2  7.6   171   123    3271    (-,-) 
  g14184__8428/Y             -       A->Y   F     NOR2X1         3  8.9    72    54    3325    (-,-) 
  queue_count_q_reg[6][1]/SI -       -      F     SDFFRHQX1      3    -     -     0    3325    (-,-) 
#----------------------------------------------------------------------------------------------------



Path 19: MET (6213 ps) Setup Check with Pin queue_count_q_reg[0][1]/CK->D
          Group: clk
     Startpoint: (R) local_rr_q_reg[3][0]/CK
          Clock: (R) clk
       Endpoint: (F) queue_count_q_reg[0][1]/D
          Clock: (R) clk

                     Capture       Launch     
        Clock Edge:+   10000            0     
       Src Latency:+       0            0     
       Net Latency:+       0 (I)        0 (I) 
           Arrival:=   10000            0     
                                              
             Setup:-     456                  
     Required Time:=    9544                  
      Launch Clock:-       0                  
         Data Path:-    3330                  
             Slack:=    6213                  

#---------------------------------------------------------------------------------------------------
#       Timing Point        Flags    Arc   Edge   Cell     Fanout Load Trans Delay Arrival Instance 
#                                                                 (fF)  (ps)  (ps)   (ps)  Location 
#---------------------------------------------------------------------------------------------------
  local_rr_q_reg[3][0]/CK   -       -      R     (arrival)     95    -     0     0       0    (-,-) 
  local_rr_q_reg[3][0]/Q    -       CK->Q  R     SDFFRHQX1      7 25.6   367   375     375    (-,-) 
  g14532/Y                  -       A->Y   F     INVX1          6 18.5   145   102     477    (-,-) 
  g14450__5526/Y            -       A0N->Y F     OAI2BB1X1      2  7.2    74   165     642    (-,-) 
  g14394__1881/Y            -       B->Y   R     NOR2X1         3 12.8   208   147     789    (-,-) 
  g14363__8428/Y            -       A->Y   F     NAND3X1        2  9.4   111    72     861    (-,-) 
  g14355__2883/Y            -       A0->Y  R     AOI21X1        3 12.9   238   168    1029    (-,-) 
  g14349__5115/Y            -       A->Y   F     MXI2X1         2  6.6   108    81    1110    (-,-) 
  g14344__6131/Y            -       AN->Y  F     NAND2BX1       2  8.4    72   136    1246    (-,-) 
  g14341__5122/Y            -       A->Y   R     NOR2X1         1  3.6   102    74    1320    (-,-) 
  g14338__6783/Y            -       B0->Y  F     AOI211XL       1  3.5   108    48    1368    (-,-) 
  g14332__5526/Y            -       A0->Y  R     OAI21XL        9 36.6   723   440    1808    (-,-) 
  g14323__5107/Y            -       A->Y   F     NOR2X1         5 20.6   221   128    1936    (-,-) 
  g14295__2802/Y            -       A0->Y  R     AOI33XL        1  3.1   257   176    2112    (-,-) 
  g14287__2398/Y            -       B0->Y  F     OAI21XL        1  5.0   122    81    2192    (-,-) 
  g14285__7410/Y            -       B0->Y  R     AOI211X1       1  2.7   170   120    2313    (-,-) 
  g14283__2346/Y            -       AN->Y  R     NOR4BX1        9 30.2   676   418    2731    (-,-) 
  g14282/Y                  -       A->Y   F     INVX1          3 11.0   153    61    2792    (-,-) 
  g14278__4733/Y            -       A->Y   R     NOR3X1         4 12.2   289   185    2976    (-,-) 
  g14262__8428/Y            -       AN->Y  R     NOR2BX1        2  7.6   154   146    3122    (-,-) 
  g14240__2802/Y            -       A->Y   F     NAND2X1        2  9.5    81    57    3180    (-,-) 
  g14223__6417/Y            -       B0->Y  R     OAI21XL        2  7.6   231    98    3278    (-,-) 
  g14195__1617/Y            -       A->Y   F     NAND2X1        3  7.7    85    53    3330    (-,-) 
  queue_count_q_reg[0][1]/D -       -      F     SDFFRHQX1      3    -     -     0    3330    (-,-) 
#---------------------------------------------------------------------------------------------------



Path 20: MET (6213 ps) Setup Check with Pin queue_count_q_reg[4][1]/CK->D
          Group: clk
     Startpoint: (R) local_rr_q_reg[3][0]/CK
          Clock: (R) clk
       Endpoint: (F) queue_count_q_reg[4][1]/D
          Clock: (R) clk

                     Capture       Launch     
        Clock Edge:+   10000            0     
       Src Latency:+       0            0     
       Net Latency:+       0 (I)        0 (I) 
           Arrival:=   10000            0     
                                              
             Setup:-     456                  
     Required Time:=    9544                  
      Launch Clock:-       0                  
         Data Path:-    3330                  
             Slack:=    6213                  

#---------------------------------------------------------------------------------------------------
#       Timing Point        Flags    Arc   Edge   Cell     Fanout Load Trans Delay Arrival Instance 
#                                                                 (fF)  (ps)  (ps)   (ps)  Location 
#---------------------------------------------------------------------------------------------------
  local_rr_q_reg[3][0]/CK   -       -      R     (arrival)     95    -     0     0       0    (-,-) 
  local_rr_q_reg[3][0]/Q    -       CK->Q  R     SDFFRHQX1      7 25.6   367   375     375    (-,-) 
  g14532/Y                  -       A->Y   F     INVX1          6 18.5   145   102     477    (-,-) 
  g14450__5526/Y            -       A0N->Y F     OAI2BB1X1      2  7.2    74   165     642    (-,-) 
  g14394__1881/Y            -       B->Y   R     NOR2X1         3 12.8   208   147     789    (-,-) 
  g14363__8428/Y            -       A->Y   F     NAND3X1        2  9.4   111    72     861    (-,-) 
  g14355__2883/Y            -       A0->Y  R     AOI21X1        3 12.9   238   168    1029    (-,-) 
  g14349__5115/Y            -       A->Y   F     MXI2X1         2  6.6   108    81    1110    (-,-) 
  g14344__6131/Y            -       AN->Y  F     NAND2BX1       2  8.4    72   136    1246    (-,-) 
  g14341__5122/Y            -       A->Y   R     NOR2X1         1  3.6   102    74    1320    (-,-) 
  g14338__6783/Y            -       B0->Y  F     AOI211XL       1  3.5   108    48    1368    (-,-) 
  g14332__5526/Y            -       A0->Y  R     OAI21XL        9 36.6   723   440    1808    (-,-) 
  g14323__5107/Y            -       A->Y   F     NOR2X1         5 20.6   221   128    1936    (-,-) 
  g14295__2802/Y            -       A0->Y  R     AOI33XL        1  3.1   257   176    2112    (-,-) 
  g14287__2398/Y            -       B0->Y  F     OAI21XL        1  5.0   122    81    2192    (-,-) 
  g14285__7410/Y            -       B0->Y  R     AOI211X1       1  2.7   170   120    2313    (-,-) 
  g14283__2346/Y            -       AN->Y  R     NOR4BX1        9 30.2   676   418    2731    (-,-) 
  g14282/Y                  -       A->Y   F     INVX1          3 11.0   153    61    2792    (-,-) 
  g14278__4733/Y            -       A->Y   R     NOR3X1         4 12.2   289   185    2976    (-,-) 
  g14261__3680/Y            -       AN->Y  R     NOR2BX1        2  7.6   154   146    3122    (-,-) 
  g14247__9315/Y            -       A->Y   F     NAND2X1        2  9.5    81    57    3180    (-,-) 
  g14222__7410/Y            -       B0->Y  R     OAI21XL        2  7.6   231    98    3278    (-,-) 
  g14182__6260/Y            -       A->Y   F     NAND2X1        3  7.7    85    53    3330    (-,-) 
  queue_count_q_reg[4][1]/D -       -      F     SDFFRHQX1      3    -     -     0    3330    (-,-) 
#---------------------------------------------------------------------------------------------------

