============================================================
  Generated by:           Genus(TM) Synthesis Solution 23.14-s090_1
  Generated on:           Aug 19 2026  03:33:53 am
  Module:                 aer_traditional_structural
  Technology library:     typical 1.0
  Operating conditions:   typical (balanced_tree)
  Wireload mode:          enclosed
  Area mode:              timing library
============================================================

                               
   Gate    Instances    Area     Library  
------------------------------------------
AOI211XL           3    49.896    typical 
AOI21XL            4    53.222    typical 
AOI221XL           1    23.285    typical 
AOI222XL           1    26.611    typical 
AOI22XL            6    99.792    typical 
AOI2BB1XL          2    33.264    typical 
CLKBUFXL           7    93.139    typical 
INVX1              4    26.611    typical 
INVXL             10    66.528    typical 
NAND2BX1           2    26.611    typical 
NAND2BXL           9   119.750    typical 
NAND2XL            8    79.834    typical 
NAND3BXL           2    33.264    typical 
NAND4XL            1    16.632    typical 
NOR2BX1            9   119.750    typical 
NOR2BXL            2    26.611    typical 
NOR2XL            25   249.480    typical 
NOR4BXL            2    39.917    typical 
OAI21XL            3    39.917    typical 
OAI221XL           2    46.570    typical 
OAI2BB1XL          1    16.632    typical 
OAI31XL            1    19.958    typical 
OR2X1              2    26.611    typical 
OR4X1              1    19.958    typical 
------------------------------------------
total            108  1353.845            


                                         
     Type      Instances   Area   Area % 
-----------------------------------------
inverter              14   93.139    6.9 
buffer                 7   93.139    6.9 
logic                 87 1167.566   86.2 
physical_cells         0    0.000    0.0 
-----------------------------------------
total                108 1353.845  100.0 

