###############################################################
#  Generated by:      Cadence Innovus 23.14-s088_1
#  OS:                Linux x86_64(Host ID <REMOTE_HOST>)
#  Generated on:      Fri Aug 21 04:46:35 2026
#  Design:            aer_pending_gray_rank_reuse_sync_core_reset
#  Command:           report_timing \
#    -from [get_pins {req_meta_q_reg*/Q}] \
#    -to [get_pins {req_sync_q_reg*/D}] \
#    -max_paths 32 > [file join $report_dir postroute_cdc_setup_timing.rpt]
###############################################################
Path 1: MET Setup Check with Pin req_sync_q_reg[0]/CK 
Endpoint:   req_sync_q_reg[0]/D (v) checked with  leading edge of 'clk'
Beginpoint: req_meta_q_reg[0]/Q (v) triggered by  leading edge of '@'
Path Groups: {clk}
Analysis View: setup_view
Other End Arrival Time          0.170
- Setup                         0.250
+ Path Delay                    0.900
- Uncertainty                   0.200
= Required Time                 0.620
- Arrival Time                  0.461
= Slack Time                    0.159
     Clock Rise Edge                      0.000
     = Beginpoint Arrival Time            0.000
     +----------------------------------------------------------------------------+ 
     |       Instance        |    Arc     |   Cell   | Delay | Arrival | Required | 
     |                       |            |          |       |  Time   |   Time   | 
     |-----------------------+------------+----------+-------+---------+----------| 
     | req_meta_q_reg[0]     | Q v        |          |       |   0.000 |    0.159 | 
     | FE_PHC7_req_meta_q_0  | A v -> Y v | CLKBUFX1 | 0.149 |   0.149 |    0.308 | 
     | FE_PHC48_req_meta_q_0 | A v -> Y v | CLKBUFX1 | 0.165 |   0.314 |    0.473 | 
     | FE_PHC63_req_meta_q_0 | A v -> Y v | CLKBUFX1 | 0.147 |   0.461 |    0.620 | 
     | req_sync_q_reg[0]     | D v        | DFFX1    | 0.000 |   0.461 |    0.620 | 
     +----------------------------------------------------------------------------+ 
Path 2: MET Setup Check with Pin req_sync_q_reg[7]/CK 
Endpoint:   req_sync_q_reg[7]/D (v) checked with  leading edge of 'clk'
Beginpoint: req_meta_q_reg[7]/Q (v) triggered by  leading edge of '@'
Path Groups: {clk}
Analysis View: setup_view
Other End Arrival Time          0.170
- Setup                         0.249
+ Path Delay                    0.900
- Uncertainty                   0.200
= Required Time                 0.621
- Arrival Time                  0.426
= Slack Time                    0.195
     Clock Rise Edge                      0.000
     = Beginpoint Arrival Time            0.000
     +-------------------------------------------------------------------------+ 
     |       Instance        |    Arc     |  Cell | Delay | Arrival | Required | 
     |                       |            |       |       |  Time   |   Time   | 
     |-----------------------+------------+-------+-------+---------+----------| 
     | req_meta_q_reg[7]     | Q v        |       |       |   0.000 |    0.195 | 
     | FE_PHC4_req_meta_q_7  | A v -> Y v | BUFX3 | 0.147 |   0.147 |    0.342 | 
     | FE_PHC62_req_meta_q_7 | A v -> Y v | BUFX3 | 0.127 |   0.273 |    0.469 | 
     | FE_PHC43_req_meta_q_7 | A v -> Y v | BUFXL | 0.152 |   0.425 |    0.621 | 
     | req_sync_q_reg[7]     | D v        | DFFX1 | 0.000 |   0.426 |    0.621 | 
     +-------------------------------------------------------------------------+ 
Path 3: MET Setup Check with Pin req_sync_q_reg[13]/CK 
Endpoint:   req_sync_q_reg[13]/D (v) checked with  leading edge of 'clk'
Beginpoint: req_meta_q_reg[13]/Q (v) triggered by  leading edge of '@'
Path Groups: {clk}
Analysis View: setup_view
Other End Arrival Time          0.170
- Setup                         0.251
+ Path Delay                    0.900
- Uncertainty                   0.200
= Required Time                 0.619
- Arrival Time                  0.408
= Slack Time                    0.211
     Clock Rise Edge                      0.000
     = Beginpoint Arrival Time            0.000
     +-----------------------------------------------------------------------------+ 
     |        Instance        |    Arc     |   Cell   | Delay | Arrival | Required | 
     |                        |            |          |       |  Time   |   Time   | 
     |------------------------+------------+----------+-------+---------+----------| 
     | req_meta_q_reg[13]     | Q v        |          |       |   0.000 |    0.211 | 
     | FE_PHC11_req_meta_q_13 | A v -> Y v | BUFX3    | 0.148 |   0.148 |    0.359 | 
     | FE_PHC60_req_meta_q_13 | A v -> Y v | BUFX3    | 0.129 |   0.277 |    0.489 | 
     | FE_PHC44_req_meta_q_13 | A v -> Y v | CLKBUFX1 | 0.131 |   0.408 |    0.619 | 
     | req_sync_q_reg[13]     | D v        | DFFX1    | 0.000 |   0.408 |    0.619 | 
     +-----------------------------------------------------------------------------+ 
Path 4: MET Setup Check with Pin req_sync_q_reg[9]/CK 
Endpoint:   req_sync_q_reg[9]/D (v) checked with  leading edge of 'clk'
Beginpoint: req_meta_q_reg[9]/Q (v) triggered by  leading edge of '@'
Path Groups: {clk}
Analysis View: setup_view
Other End Arrival Time          0.170
- Setup                         0.249
+ Path Delay                    0.900
- Uncertainty                   0.200
= Required Time                 0.621
- Arrival Time                  0.402
= Slack Time                    0.219
     Clock Rise Edge                      0.000
     = Beginpoint Arrival Time            0.000
     +----------------------------------------------------------------------------+ 
     |       Instance        |    Arc     |   Cell   | Delay | Arrival | Required | 
     |                       |            |          |       |  Time   |   Time   | 
     |-----------------------+------------+----------+-------+---------+----------| 
     | req_meta_q_reg[9]     | Q v        |          |       |   0.000 |    0.219 | 
     | FE_PHC6_req_meta_q_9  | A v -> Y v | BUFX3    | 0.146 |   0.146 |    0.365 | 
     | FE_PHC58_req_meta_q_9 | A v -> Y v | BUFX3    | 0.130 |   0.276 |    0.495 | 
     | FE_PHC41_req_meta_q_9 | A v -> Y v | CLKBUFX1 | 0.126 |   0.402 |    0.621 | 
     | req_sync_q_reg[9]     | D v        | DFFX1    | 0.000 |   0.402 |    0.621 | 
     +----------------------------------------------------------------------------+ 
Path 5: MET Setup Check with Pin req_sync_q_reg[14]/CK 
Endpoint:   req_sync_q_reg[14]/D (v) checked with  leading edge of 'clk'
Beginpoint: req_meta_q_reg[14]/Q (v) triggered by  leading edge of '@'
Path Groups: {clk}
Analysis View: setup_view
Other End Arrival Time          0.170
- Setup                         0.249
+ Path Delay                    0.900
- Uncertainty                   0.200
= Required Time                 0.621
- Arrival Time                  0.400
= Slack Time                    0.221
     Clock Rise Edge                      0.000
     = Beginpoint Arrival Time            0.000
     +-----------------------------------------------------------------------------+ 
     |        Instance        |    Arc     |   Cell   | Delay | Arrival | Required | 
     |                        |            |          |       |  Time   |   Time   | 
     |------------------------+------------+----------+-------+---------+----------| 
     | req_meta_q_reg[14]     | Q v        |          |       |   0.000 |    0.221 | 
     | FE_PHC8_req_meta_q_14  | A v -> Y v | BUFX3    | 0.146 |   0.146 |    0.366 | 
     | FE_PHC56_req_meta_q_14 | A v -> Y v | BUFX3    | 0.129 |   0.274 |    0.495 | 
     | FE_PHC38_req_meta_q_14 | A v -> Y v | CLKBUFX1 | 0.126 |   0.400 |    0.621 | 
     | req_sync_q_reg[14]     | D v        | DFFX1    | 0.000 |   0.400 |    0.621 | 
     +-----------------------------------------------------------------------------+ 
Path 6: MET Setup Check with Pin req_sync_q_reg[2]/CK 
Endpoint:   req_sync_q_reg[2]/D (v) checked with  leading edge of 'clk'
Beginpoint: req_meta_q_reg[2]/Q (v) triggered by  leading edge of '@'
Path Groups: {clk}
Analysis View: setup_view
Other End Arrival Time          0.170
- Setup                         0.249
+ Path Delay                    0.900
- Uncertainty                   0.200
= Required Time                 0.621
- Arrival Time                  0.400
= Slack Time                    0.221
     Clock Rise Edge                      0.000
     = Beginpoint Arrival Time            0.000
     +----------------------------------------------------------------------------+ 
     |       Instance        |    Arc     |   Cell   | Delay | Arrival | Required | 
     |                       |            |          |       |  Time   |   Time   | 
     |-----------------------+------------+----------+-------+---------+----------| 
     | req_meta_q_reg[2]     | Q v        |          |       |   0.000 |    0.221 | 
     | FE_PHC13_req_meta_q_2 | A v -> Y v | BUFX3    | 0.145 |   0.145 |    0.366 | 
     | FE_PHC59_req_meta_q_2 | A v -> Y v | BUFX3    | 0.131 |   0.276 |    0.497 | 
     | FE_PHC45_req_meta_q_2 | A v -> Y v | CLKBUFX1 | 0.124 |   0.399 |    0.621 | 
     | req_sync_q_reg[2]     | D v        | DFFX1    | 0.000 |   0.400 |    0.621 | 
     +----------------------------------------------------------------------------+ 
Path 7: MET Setup Check with Pin req_sync_q_reg[8]/CK 
Endpoint:   req_sync_q_reg[8]/D (v) checked with  leading edge of 'clk'
Beginpoint: req_meta_q_reg[8]/Q (v) triggered by  leading edge of '@'
Path Groups: {clk}
Analysis View: setup_view
Other End Arrival Time          0.170
- Setup                         0.248
+ Path Delay                    0.900
- Uncertainty                   0.200
= Required Time                 0.622
- Arrival Time                  0.396
= Slack Time                    0.225
     Clock Rise Edge                      0.000
     = Beginpoint Arrival Time            0.000
     +----------------------------------------------------------------------------+ 
     |       Instance        |    Arc     |   Cell   | Delay | Arrival | Required | 
     |                       |            |          |       |  Time   |   Time   | 
     |-----------------------+------------+----------+-------+---------+----------| 
     | req_meta_q_reg[8]     | Q v        |          |       |   0.000 |    0.225 | 
     | FE_PHC5_req_meta_q_8  | A v -> Y v | BUFX3    | 0.146 |   0.146 |    0.371 | 
     | FE_PHC57_req_meta_q_8 | A v -> Y v | BUFX3    | 0.129 |   0.274 |    0.499 | 
     | FE_PHC40_req_meta_q_8 | A v -> Y v | CLKBUFX1 | 0.122 |   0.396 |    0.622 | 
     | req_sync_q_reg[8]     | D v        | DFFX1    | 0.000 |   0.396 |    0.622 | 
     +----------------------------------------------------------------------------+ 
Path 8: MET Setup Check with Pin req_sync_q_reg[11]/CK 
Endpoint:   req_sync_q_reg[11]/D (v) checked with  leading edge of 'clk'
Beginpoint: req_meta_q_reg[11]/Q (v) triggered by  leading edge of '@'
Path Groups: {clk}
Analysis View: setup_view
Other End Arrival Time          0.170
- Setup                         0.248
+ Path Delay                    0.900
- Uncertainty                   0.200
= Required Time                 0.622
- Arrival Time                  0.389
= Slack Time                    0.233
     Clock Rise Edge                      0.000
     = Beginpoint Arrival Time            0.000
     +-----------------------------------------------------------------------------+ 
     |        Instance        |    Arc     |   Cell   | Delay | Arrival | Required | 
     |                        |            |          |       |  Time   |   Time   | 
     |------------------------+------------+----------+-------+---------+----------| 
     | req_meta_q_reg[11]     | Q v        |          |       |   0.000 |    0.233 | 
     | FE_PHC9_req_meta_q_11  | A v -> Y v | BUFX3    | 0.141 |   0.141 |    0.374 | 
     | FE_PHC54_req_meta_q_11 | A v -> Y v | BUFX3    | 0.128 |   0.268 |    0.502 | 
     | FE_PHC36_req_meta_q_11 | A v -> Y v | CLKBUFX1 | 0.120 |   0.389 |    0.622 | 
     | req_sync_q_reg[11]     | D v        | DFFX1    | 0.000 |   0.389 |    0.622 | 
     +-----------------------------------------------------------------------------+ 
Path 9: MET Setup Check with Pin req_sync_q_reg[1]/CK 
Endpoint:   req_sync_q_reg[1]/D (v) checked with  leading edge of 'clk'
Beginpoint: req_meta_q_reg[1]/Q (v) triggered by  leading edge of '@'
Path Groups: {clk}
Analysis View: setup_view
Other End Arrival Time          0.170
- Setup                         0.247
+ Path Delay                    0.900
- Uncertainty                   0.200
= Required Time                 0.623
- Arrival Time                  0.388
= Slack Time                    0.235
     Clock Rise Edge                      0.000
     = Beginpoint Arrival Time            0.000
     +----------------------------------------------------------------------------+ 
     |       Instance        |    Arc     |   Cell   | Delay | Arrival | Required | 
     |                       |            |          |       |  Time   |   Time   | 
     |-----------------------+------------+----------+-------+---------+----------| 
     | req_meta_q_reg[1]     | Q v        |          |       |   0.000 |    0.235 | 
     | FE_PHC3_req_meta_q_1  | A v -> Y v | BUFX3    | 0.142 |   0.142 |    0.377 | 
     | FE_PHC55_req_meta_q_1 | A v -> Y v | BUFX3    | 0.129 |   0.271 |    0.505 | 
     | FE_PHC37_req_meta_q_1 | A v -> Y v | CLKBUFX1 | 0.117 |   0.388 |    0.623 | 
     | req_sync_q_reg[1]     | D v        | DFFX1    | 0.000 |   0.388 |    0.623 | 
     +----------------------------------------------------------------------------+ 
Path 10: MET Setup Check with Pin req_sync_q_reg[10]/CK 
Endpoint:   req_sync_q_reg[10]/D (v) checked with  leading edge of 'clk'
Beginpoint: req_meta_q_reg[10]/Q (v) triggered by  leading edge of '@'
Path Groups: {clk}
Analysis View: setup_view
Other End Arrival Time          0.170
- Setup                         0.242
+ Path Delay                    0.900
- Uncertainty                   0.200
= Required Time                 0.628
- Arrival Time                  0.319
= Slack Time                    0.309
     Clock Rise Edge                      0.000
     = Beginpoint Arrival Time            0.000
     +-----------------------------------------------------------------------------+ 
     |        Instance        |    Arc     |   Cell   | Delay | Arrival | Required | 
     |                        |            |          |       |  Time   |   Time   | 
     |------------------------+------------+----------+-------+---------+----------| 
     | req_meta_q_reg[10]     | Q v        |          |       |   0.000 |    0.309 | 
     | FE_PHC10_req_meta_q_10 | A v -> Y v | CLKBUFX1 | 0.175 |   0.175 |    0.483 | 
     | FE_PHC39_req_meta_q_10 | A v -> Y v | CLKBUFX8 | 0.145 |   0.319 |    0.628 | 
     | req_sync_q_reg[10]     | D v        | DFFX1    | 0.000 |   0.319 |    0.628 | 
     +-----------------------------------------------------------------------------+ 
Path 11: MET Setup Check with Pin req_sync_q_reg[5]/CK 
Endpoint:   req_sync_q_reg[5]/D (v) checked with  leading edge of 'clk'
Beginpoint: req_meta_q_reg[5]/Q (v) triggered by  leading edge of '@'
Path Groups: {clk}
Analysis View: setup_view
Other End Arrival Time          0.170
- Setup                         0.251
+ Path Delay                    0.900
- Uncertainty                   0.200
= Required Time                 0.618
- Arrival Time                  0.305
= Slack Time                    0.313
     Clock Rise Edge                      0.000
     = Beginpoint Arrival Time            0.000
     +----------------------------------------------------------------------------+ 
     |       Instance        |    Arc     |   Cell   | Delay | Arrival | Required | 
     |                       |            |          |       |  Time   |   Time   | 
     |-----------------------+------------+----------+-------+---------+----------| 
     | req_meta_q_reg[5]     | Q v        |          |       |   0.000 |    0.313 | 
     | FE_PHC2_req_meta_q_5  | A v -> Y v | CLKBUFX1 | 0.154 |   0.154 |    0.467 | 
     | FE_PHC32_req_meta_q_5 | A v -> Y v | CLKBUFX1 | 0.151 |   0.305 |    0.618 | 
     | req_sync_q_reg[5]     | D v        | DFFX1    | 0.000 |   0.305 |    0.618 | 
     +----------------------------------------------------------------------------+ 
Path 12: MET Setup Check with Pin req_sync_q_reg[4]/CK 
Endpoint:   req_sync_q_reg[4]/D (v) checked with  leading edge of 'clk'
Beginpoint: req_meta_q_reg[4]/Q (v) triggered by  leading edge of '@'
Path Groups: {clk}
Analysis View: setup_view
Other End Arrival Time          0.170
- Setup                         0.253
+ Path Delay                    0.900
- Uncertainty                   0.200
= Required Time                 0.617
- Arrival Time                  0.296
= Slack Time                    0.321
     Clock Rise Edge                      0.000
     = Beginpoint Arrival Time            0.000
     +----------------------------------------------------------------------------+ 
     |       Instance        |    Arc     |   Cell   | Delay | Arrival | Required | 
     |                       |            |          |       |  Time   |   Time   | 
     |-----------------------+------------+----------+-------+---------+----------| 
     | req_meta_q_reg[4]     | Q v        |          |       |   0.000 |    0.321 | 
     | FE_PHC12_req_meta_q_4 | A v -> Y v | CLKBUFX1 | 0.141 |   0.141 |    0.462 | 
     | FE_PHC51_req_meta_q_4 | A v -> Y v | CLKBUFX1 | 0.154 |   0.296 |    0.616 | 
     | req_sync_q_reg[4]     | D v        | DFFX1    | 0.000 |   0.296 |    0.617 | 
     +----------------------------------------------------------------------------+ 
Path 13: MET Setup Check with Pin req_sync_q_reg[6]/CK 
Endpoint:   req_sync_q_reg[6]/D (v) checked with  leading edge of 'clk'
Beginpoint: req_meta_q_reg[6]/Q (v) triggered by  leading edge of '@'
Path Groups: {clk}
Analysis View: setup_view
Other End Arrival Time          0.170
- Setup                         0.242
+ Path Delay                    0.900
- Uncertainty                   0.200
= Required Time                 0.627
- Arrival Time                  0.301
= Slack Time                    0.327
     Clock Rise Edge                      0.000
     = Beginpoint Arrival Time            0.000
     +----------------------------------------------------------------------------+ 
     |       Instance        |    Arc     |   Cell   | Delay | Arrival | Required | 
     |                       |            |          |       |  Time   |   Time   | 
     |-----------------------+------------+----------+-------+---------+----------| 
     | req_meta_q_reg[6]     | Q v        |          |       |   0.000 |    0.327 | 
     | FE_PHC14_req_meta_q_6 | A v -> Y v | CLKBUFX1 | 0.158 |   0.158 |    0.484 | 
     | FE_PHC46_req_meta_q_6 | A v -> Y v | BUFX3    | 0.143 |   0.301 |    0.627 | 
     | req_sync_q_reg[6]     | D v        | DFFX1    | 0.000 |   0.301 |    0.627 | 
     +----------------------------------------------------------------------------+ 
Path 14: MET Setup Check with Pin req_sync_q_reg[15]/CK 
Endpoint:   req_sync_q_reg[15]/D (v) checked with  leading edge of 'clk'
Beginpoint: req_meta_q_reg[15]/Q (v) triggered by  leading edge of '@'
Path Groups: {clk}
Analysis View: setup_view
Other End Arrival Time          0.170
- Setup                         0.242
+ Path Delay                    0.900
- Uncertainty                   0.200
= Required Time                 0.628
- Arrival Time                  0.300
= Slack Time                    0.328
     Clock Rise Edge                      0.000
     = Beginpoint Arrival Time            0.000
     +-----------------------------------------------------------------------------+ 
     |        Instance        |    Arc     |   Cell   | Delay | Arrival | Required | 
     |                        |            |          |       |  Time   |   Time   | 
     |------------------------+------------+----------+-------+---------+----------| 
     | req_meta_q_reg[15]     | Q v        |          |       |   0.000 |    0.328 | 
     | FE_PHC16_req_meta_q_15 | A v -> Y v | CLKBUFX1 | 0.160 |   0.160 |    0.488 | 
     | FE_PHC30_req_meta_q_15 | A v -> Y v | BUFX3    | 0.140 |   0.300 |    0.628 | 
     | req_sync_q_reg[15]     | D v        | DFFX1    | 0.000 |   0.300 |    0.628 | 
     +-----------------------------------------------------------------------------+ 
Path 15: MET Setup Check with Pin req_sync_q_reg[3]/CK 
Endpoint:   req_sync_q_reg[3]/D (v) checked with  leading edge of 'clk'
Beginpoint: req_meta_q_reg[3]/Q (v) triggered by  leading edge of '@'
Path Groups: {clk}
Analysis View: setup_view
Other End Arrival Time          0.170
- Setup                         0.247
+ Path Delay                    0.900
- Uncertainty                   0.200
= Required Time                 0.623
- Arrival Time                  0.285
= Slack Time                    0.337
     Clock Rise Edge                      0.000
     = Beginpoint Arrival Time            0.000
     +----------------------------------------------------------------------------+ 
     |       Instance        |    Arc     |   Cell   | Delay | Arrival | Required | 
     |                       |            |          |       |  Time   |   Time   | 
     |-----------------------+------------+----------+-------+---------+----------| 
     | req_meta_q_reg[3]     | Q v        |          |       |   0.000 |    0.337 | 
     | FE_PHC15_req_meta_q_3 | A v -> Y v | BUFX3    | 0.142 |   0.142 |    0.480 | 
     | FE_PHC49_req_meta_q_3 | A v -> Y v | CLKBUFX2 | 0.143 |   0.285 |    0.623 | 
     | req_sync_q_reg[3]     | D v        | DFFX1    | 0.000 |   0.285 |    0.623 | 
     +----------------------------------------------------------------------------+ 
Path 16: MET Setup Check with Pin req_sync_q_reg[12]/CK 
Endpoint:   req_sync_q_reg[12]/D (v) checked with  leading edge of 'clk'
Beginpoint: req_meta_q_reg[12]/Q (v) triggered by  leading edge of '@'
Path Groups: {clk}
Analysis View: setup_view
Other End Arrival Time          0.169
- Setup                         0.243
+ Path Delay                    0.900
- Uncertainty                   0.200
= Required Time                 0.626
- Arrival Time                  0.281
= Slack Time                    0.345
     Clock Rise Edge                      0.000
     = Beginpoint Arrival Time            0.000
     +--------------------------------------------------------------------------+ 
     |        Instance        |    Arc     |  Cell | Delay | Arrival | Required | 
     |                        |            |       |       |  Time   |   Time   | 
     |------------------------+------------+-------+-------+---------+----------| 
     | req_meta_q_reg[12]     | Q v        |       |       |   0.000 |    0.345 | 
     | FE_PHC17_req_meta_q_12 | A v -> Y v | BUFX3 | 0.154 |   0.154 |    0.499 | 
     | FE_PHC29_req_meta_q_12 | A v -> Y v | BUFX3 | 0.127 |   0.281 |    0.626 | 
     | req_sync_q_reg[12]     | D v        | DFFX1 | 0.000 |   0.281 |    0.626 | 
     +--------------------------------------------------------------------------+ 

