###############################################################
#  Generated by:      Cadence Innovus 23.14-s088_1
#  OS:                Linux x86_64(Host ID <REMOTE_HOST>)
#  Generated on:      Fri Aug 21 04:46:35 2026
#  Design:            aer_pending_gray_rank_reuse_sync_core_reset
#  Command:           report_timing -max_paths 50 > [file join $report_dir postroute_hold_timing.rpt]
###############################################################
Path 1: MET Hold Check with Pin req_sync_q_reg[3]/CK 
Endpoint:   req_sync_q_reg[3]/D (^) checked with  leading edge of 'clk'
Beginpoint: req_meta_q_reg[3]/Q (^) triggered by  leading edge of 'clk'
Path Groups: {clk}
Analysis View: hold_view
Other End Arrival Time          0.085
+ Hold                         -0.033
+ Phase Shift                   0.000
+ Uncertainty                   0.200
= Required Time                 0.252
  Arrival Time                  0.263
  Slack Time                    0.012
     Clock Rise Edge                 0.000
     + Clock Network Latency (Prop)  -0.002
     = Beginpoint Arrival Time       -0.002
     +-----------------------------------------------------------------------------+ 
     |       Instance        |     Arc     |   Cell   | Delay | Arrival | Required | 
     |                       |             |          |       |  Time   |   Time   | 
     |-----------------------+-------------+----------+-------+---------+----------| 
     | req_meta_q_reg[3]     | CK ^        |          |       |  -0.002 |   -0.013 | 
     | req_meta_q_reg[3]     | CK ^ -> Q ^ | DFFHQX1  | 0.155 |   0.153 |    0.142 | 
     | FE_PHC15_req_meta_q_3 | A ^ -> Y ^  | BUFX3    | 0.053 |   0.206 |    0.194 | 
     | FE_PHC49_req_meta_q_3 | A ^ -> Y ^  | CLKBUFX2 | 0.057 |   0.263 |    0.251 | 
     | req_sync_q_reg[3]     | D ^         | DFFX1    | 0.000 |   0.263 |    0.252 | 
     +-----------------------------------------------------------------------------+ 
Path 2: MET Hold Check with Pin req_sync_q_reg[4]/CK 
Endpoint:   req_sync_q_reg[4]/D (v) checked with  leading edge of 'clk'
Beginpoint: req_meta_q_reg[4]/Q (v) triggered by  leading edge of 'clk'
Path Groups: {clk}
Analysis View: hold_view
Other End Arrival Time          0.085
+ Hold                         -0.037
+ Phase Shift                   0.000
+ Uncertainty                   0.200
= Required Time                 0.248
  Arrival Time                  0.267
  Slack Time                    0.019
     Clock Rise Edge                 0.000
     + Clock Network Latency (Prop)  -0.002
     = Beginpoint Arrival Time       -0.002
     +-----------------------------------------------------------------------------+ 
     |       Instance        |     Arc     |   Cell   | Delay | Arrival | Required | 
     |                       |             |          |       |  Time   |   Time   | 
     |-----------------------+-------------+----------+-------+---------+----------| 
     | req_meta_q_reg[4]     | CK ^        |          |       |  -0.002 |   -0.021 | 
     | req_meta_q_reg[4]     | CK ^ -> Q v | DFFHQX1  | 0.132 |   0.130 |    0.111 | 
     | FE_PHC12_req_meta_q_4 | A v -> Y v  | CLKBUFX1 | 0.066 |   0.196 |    0.178 | 
     | FE_PHC51_req_meta_q_4 | A v -> Y v  | CLKBUFX1 | 0.070 |   0.267 |    0.248 | 
     | req_sync_q_reg[4]     | D v         | DFFX1    | 0.000 |   0.267 |    0.248 | 
     +-----------------------------------------------------------------------------+ 
Path 3: MET Hold Check with Pin req_sync_q_reg[6]/CK 
Endpoint:   req_sync_q_reg[6]/D (v) checked with  leading edge of 'clk'
Beginpoint: req_meta_q_reg[6]/Q (v) triggered by  leading edge of 'clk'
Path Groups: {clk}
Analysis View: hold_view
Other End Arrival Time          0.085
+ Hold                         -0.030
+ Phase Shift                   0.000
+ Uncertainty                   0.200
= Required Time                 0.255
  Arrival Time                  0.274
  Slack Time                    0.020
     Clock Rise Edge                 0.000
     + Clock Network Latency (Prop)  -0.002
     = Beginpoint Arrival Time       -0.002
     +-----------------------------------------------------------------------------+ 
     |       Instance        |     Arc     |   Cell   | Delay | Arrival | Required | 
     |                       |             |          |       |  Time   |   Time   | 
     |-----------------------+-------------+----------+-------+---------+----------| 
     | req_meta_q_reg[6]     | CK ^        |          |       |  -0.002 |   -0.022 | 
     | req_meta_q_reg[6]     | CK ^ -> Q v | DFFHQX1  | 0.137 |   0.136 |    0.116 | 
     | FE_PHC14_req_meta_q_6 | A v -> Y v  | CLKBUFX1 | 0.074 |   0.210 |    0.190 | 
     | FE_PHC46_req_meta_q_6 | A v -> Y v  | BUFX3    | 0.065 |   0.274 |    0.254 | 
     | req_sync_q_reg[6]     | D v         | DFFX1    | 0.000 |   0.274 |    0.255 | 
     +-----------------------------------------------------------------------------+ 
Path 4: MET Hold Check with Pin out_rank_q_reg[0]/CK 
Endpoint:   out_rank_q_reg[0]/D  (v) checked with  leading edge of 'clk'
Beginpoint: out_rank_q_reg[0]/QN (^) triggered by  leading edge of 'clk'
Path Groups: {clk}
Analysis View: hold_view
Other End Arrival Time          0.087
+ Hold                         -0.037
+ Phase Shift                   0.000
+ Uncertainty                   0.200
= Required Time                 0.249
  Arrival Time                  0.270
  Slack Time                    0.021
     Clock Rise Edge                 0.000
     + Clock Network Latency (Prop)  0.001
     = Beginpoint Arrival Time       0.001
     +--------------------------------------------------------------------------+ 
     |     Instance      |     Arc      |   Cell   | Delay | Arrival | Required | 
     |                   |              |          |       |  Time   |   Time   | 
     |-------------------+--------------+----------+-------+---------+----------| 
     | out_rank_q_reg[0] | CK ^         |          |       |   0.001 |   -0.020 | 
     | out_rank_q_reg[0] | CK ^ -> QN ^ | DFFX1    | 0.215 |   0.216 |    0.195 | 
     | g6869__5115       | B1 ^ -> Y v  | OAI221XL | 0.054 |   0.270 |    0.249 | 
     | out_rank_q_reg[0] | D v          | DFFX1    | 0.000 |   0.270 |    0.249 | 
     +--------------------------------------------------------------------------+ 
Path 5: MET Hold Check with Pin ack_rank_q_reg[3]/CK 
Endpoint:   ack_rank_q_reg[3]/D  (v) checked with  leading edge of 'clk'
Beginpoint: ack_rank_q_reg[3]/QN (^) triggered by  leading edge of 'clk'
Path Groups: {clk}
Analysis View: hold_view
Other End Arrival Time          0.085
+ Hold                         -0.089
+ Phase Shift                   0.000
+ Uncertainty                   0.200
= Required Time                 0.196
  Arrival Time                  0.217
  Slack Time                    0.021
     Clock Rise Edge                 0.000
     + Clock Network Latency (Prop)  -0.001
     = Beginpoint Arrival Time       -0.001
     +-------------------------------------------------------------------------+ 
     |     Instance      |     Arc      |  Cell   | Delay | Arrival | Required | 
     |                   |              |         |       |  Time   |   Time   | 
     |-------------------+--------------+---------+-------+---------+----------| 
     | ack_rank_q_reg[3] | CK ^         |         |       |  -0.001 |   -0.022 | 
     | ack_rank_q_reg[3] | CK ^ -> QN ^ | DFFTRX1 | 0.176 |   0.175 |    0.154 | 
     | g7004__2398       | A0 ^ -> Y v  | AOI21XL | 0.042 |   0.217 |    0.196 | 
     | ack_rank_q_reg[3] | D v          | DFFTRX1 | 0.000 |   0.217 |    0.196 | 
     +-------------------------------------------------------------------------+ 
Path 6: MET Hold Check with Pin req_sync_q_reg[5]/CK 
Endpoint:   req_sync_q_reg[5]/D (v) checked with  leading edge of 'clk'
Beginpoint: req_meta_q_reg[5]/Q (v) triggered by  leading edge of 'clk'
Path Groups: {clk}
Analysis View: hold_view
Other End Arrival Time          0.085
+ Hold                         -0.036
+ Phase Shift                   0.000
+ Uncertainty                   0.200
= Required Time                 0.249
  Arrival Time                  0.271
  Slack Time                    0.021
     Clock Rise Edge                 0.000
     + Clock Network Latency (Prop)  -0.002
     = Beginpoint Arrival Time       -0.002
     +-----------------------------------------------------------------------------+ 
     |       Instance        |     Arc     |   Cell   | Delay | Arrival | Required | 
     |                       |             |          |       |  Time   |   Time   | 
     |-----------------------+-------------+----------+-------+---------+----------| 
     | req_meta_q_reg[5]     | CK ^        |          |       |  -0.002 |   -0.023 | 
     | req_meta_q_reg[5]     | CK ^ -> Q v | DFFHQX1  | 0.131 |   0.129 |    0.108 | 
     | FE_PHC2_req_meta_q_5  | A v -> Y v  | CLKBUFX1 | 0.070 |   0.200 |    0.178 | 
     | FE_PHC32_req_meta_q_5 | A v -> Y v  | CLKBUFX1 | 0.071 |   0.271 |    0.249 | 
     | req_sync_q_reg[5]     | D v         | DFFX1    | 0.000 |   0.271 |    0.249 | 
     +-----------------------------------------------------------------------------+ 
Path 7: MET Hold Check with Pin ack_rank_q_reg[7]/CK 
Endpoint:   ack_rank_q_reg[7]/D  (v) checked with  leading edge of 'clk'
Beginpoint: ack_rank_q_reg[7]/QN (^) triggered by  leading edge of 'clk'
Path Groups: {clk}
Analysis View: hold_view
Other End Arrival Time          0.088
+ Hold                         -0.091
+ Phase Shift                   0.000
+ Uncertainty                   0.200
= Required Time                 0.197
  Arrival Time                  0.219
  Slack Time                    0.022
     Clock Rise Edge                 0.000
     + Clock Network Latency (Prop)  0.002
     = Beginpoint Arrival Time       0.002
     +-------------------------------------------------------------------------+ 
     |     Instance      |     Arc      |  Cell   | Delay | Arrival | Required | 
     |                   |              |         |       |  Time   |   Time   | 
     |-------------------+--------------+---------+-------+---------+----------| 
     | ack_rank_q_reg[7] | CK ^         |         |       |   0.002 |   -0.020 | 
     | ack_rank_q_reg[7] | CK ^ -> QN ^ | DFFTRX1 | 0.177 |   0.179 |    0.157 | 
     | g7008__8428       | A0 ^ -> Y v  | AOI21XL | 0.040 |   0.219 |    0.197 | 
     | ack_rank_q_reg[7] | D v          | DFFTRX1 | 0.000 |   0.219 |    0.197 | 
     +-------------------------------------------------------------------------+ 
Path 8: MET Hold Check with Pin ack_rank_q_reg[9]/CK 
Endpoint:   ack_rank_q_reg[9]/D  (v) checked with  leading edge of 'clk'
Beginpoint: ack_rank_q_reg[9]/QN (^) triggered by  leading edge of 'clk'
Path Groups: {clk}
Analysis View: hold_view
Other End Arrival Time          0.086
+ Hold                         -0.089
+ Phase Shift                   0.000
+ Uncertainty                   0.200
= Required Time                 0.196
  Arrival Time                  0.218
  Slack Time                    0.022
     Clock Rise Edge                 0.000
     + Clock Network Latency (Prop)  -0.001
     = Beginpoint Arrival Time       -0.001
     +-------------------------------------------------------------------------+ 
     |     Instance      |     Arc      |  Cell   | Delay | Arrival | Required | 
     |                   |              |         |       |  Time   |   Time   | 
     |-------------------+--------------+---------+-------+---------+----------| 
     | ack_rank_q_reg[9] | CK ^         |         |       |  -0.001 |   -0.023 | 
     | ack_rank_q_reg[9] | CK ^ -> QN ^ | DFFTRX1 | 0.181 |   0.181 |    0.159 | 
     | g7010__6783       | A0 ^ -> Y v  | AOI21XL | 0.038 |   0.218 |    0.196 | 
     | ack_rank_q_reg[9] | D v          | DFFTRX1 | 0.000 |   0.218 |    0.196 | 
     +-------------------------------------------------------------------------+ 
Path 9: MET Hold Check with Pin req_sync_q_reg[12]/CK 
Endpoint:   req_sync_q_reg[12]/D (v) checked with  leading edge of 'clk'
Beginpoint: req_meta_q_reg[12]/Q (v) triggered by  leading edge of 'clk'
Path Groups: {clk}
Analysis View: hold_view
Other End Arrival Time          0.084
+ Hold                         -0.031
+ Phase Shift                   0.000
+ Uncertainty                   0.200
= Required Time                 0.253
  Arrival Time                  0.276
  Slack Time                    0.023
     Clock Rise Edge                 0.000
     + Clock Network Latency (Prop)  -0.002
     = Beginpoint Arrival Time       -0.002
     +-----------------------------------------------------------------------------+ 
     |        Instance        |     Arc     |  Cell   | Delay | Arrival | Required | 
     |                        |             |         |       |  Time   |   Time   | 
     |------------------------+-------------+---------+-------+---------+----------| 
     | req_meta_q_reg[12]     | CK ^        |         |       |  -0.002 |   -0.024 | 
     | req_meta_q_reg[12]     | CK ^ -> Q v | DFFHQX1 | 0.151 |   0.149 |    0.126 | 
     | FE_PHC17_req_meta_q_12 | A v -> Y v  | BUFX3   | 0.070 |   0.219 |    0.196 | 
     | FE_PHC29_req_meta_q_12 | A v -> Y v  | BUFX3   | 0.057 |   0.276 |    0.253 | 
     | req_sync_q_reg[12]     | D v         | DFFX1   | 0.000 |   0.276 |    0.253 | 
     +-----------------------------------------------------------------------------+ 
Path 10: MET Hold Check with Pin ack_rank_q_reg[10]/CK 
Endpoint:   ack_rank_q_reg[10]/D  (v) checked with  leading edge of 'clk'
Beginpoint: ack_rank_q_reg[10]/QN (^) triggered by  leading edge of 'clk'
Path Groups: {clk}
Analysis View: hold_view
Other End Arrival Time          0.087
+ Hold                         -0.090
+ Phase Shift                   0.000
+ Uncertainty                   0.200
= Required Time                 0.197
  Arrival Time                  0.220
  Slack Time                    0.023
     Clock Rise Edge                 0.000
     + Clock Network Latency (Prop)  0.000
     = Beginpoint Arrival Time       0.000
     +--------------------------------------------------------------------------+ 
     |      Instance      |     Arc      |  Cell   | Delay | Arrival | Required | 
     |                    |              |         |       |  Time   |   Time   | 
     |--------------------+--------------+---------+-------+---------+----------| 
     | ack_rank_q_reg[10] | CK ^         |         |       |   0.000 |   -0.022 | 
     | ack_rank_q_reg[10] | CK ^ -> QN ^ | DFFTRX1 | 0.180 |   0.181 |    0.158 | 
     | g6995__4733        | A0 ^ -> Y v  | AOI21XL | 0.039 |   0.220 |    0.197 | 
     | ack_rank_q_reg[10] | D v          | DFFTRX1 | 0.000 |   0.220 |    0.197 | 
     +--------------------------------------------------------------------------+ 
Path 11: MET Hold Check with Pin ack_rank_q_reg[6]/CK 
Endpoint:   ack_rank_q_reg[6]/D  (v) checked with  leading edge of 'clk'
Beginpoint: ack_rank_q_reg[6]/QN (^) triggered by  leading edge of 'clk'
Path Groups: {clk}
Analysis View: hold_view
Other End Arrival Time          0.088
+ Hold                         -0.090
+ Phase Shift                   0.000
+ Uncertainty                   0.200
= Required Time                 0.198
  Arrival Time                  0.222
  Slack Time                    0.024
     Clock Rise Edge                 0.000
     + Clock Network Latency (Prop)  0.002
     = Beginpoint Arrival Time       0.002
     +-------------------------------------------------------------------------+ 
     |     Instance      |     Arc      |  Cell   | Delay | Arrival | Required | 
     |                   |              |         |       |  Time   |   Time   | 
     |-------------------+--------------+---------+-------+---------+----------| 
     | ack_rank_q_reg[6] | CK ^         |         |       |   0.002 |   -0.021 | 
     | ack_rank_q_reg[6] | CK ^ -> QN ^ | DFFTRX1 | 0.181 |   0.183 |    0.160 | 
     | g7007__4319       | A0 ^ -> Y v  | AOI21XL | 0.038 |   0.222 |    0.198 | 
     | ack_rank_q_reg[6] | D v          | DFFTRX1 | 0.000 |   0.222 |    0.198 | 
     +-------------------------------------------------------------------------+ 
Path 12: MET Hold Check with Pin ack_rank_q_reg[0]/CK 
Endpoint:   ack_rank_q_reg[0]/D  (v) checked with  leading edge of 'clk'
Beginpoint: ack_rank_q_reg[0]/QN (^) triggered by  leading edge of 'clk'
Path Groups: {clk}
Analysis View: hold_view
Other End Arrival Time          0.087
+ Hold                         -0.090
+ Phase Shift                   0.000
+ Uncertainty                   0.200
= Required Time                 0.197
  Arrival Time                  0.221
  Slack Time                    0.024
     Clock Rise Edge                 0.000
     + Clock Network Latency (Prop)  0.001
     = Beginpoint Arrival Time       0.001
     +-------------------------------------------------------------------------+ 
     |     Instance      |     Arc      |  Cell   | Delay | Arrival | Required | 
     |                   |              |         |       |  Time   |   Time   | 
     |-------------------+--------------+---------+-------+---------+----------| 
     | ack_rank_q_reg[0] | CK ^         |         |       |   0.001 |   -0.022 | 
     | ack_rank_q_reg[0] | CK ^ -> QN ^ | DFFTRX1 | 0.176 |   0.178 |    0.154 | 
     | g6997__9315       | A0 ^ -> Y v  | AOI21XL | 0.043 |   0.221 |    0.197 | 
     | ack_rank_q_reg[0] | D v          | DFFTRX1 | 0.000 |   0.221 |    0.197 | 
     +-------------------------------------------------------------------------+ 
Path 13: MET Hold Check with Pin ack_rank_q_reg[13]/CK 
Endpoint:   ack_rank_q_reg[13]/D  (v) checked with  leading edge of 'clk'
Beginpoint: ack_rank_q_reg[13]/QN (^) triggered by  leading edge of 'clk'
Path Groups: {clk}
Analysis View: hold_view
Other End Arrival Time          0.088
+ Hold                         -0.090
+ Phase Shift                   0.000
+ Uncertainty                   0.200
= Required Time                 0.198
  Arrival Time                  0.222
  Slack Time                    0.024
     Clock Rise Edge                 0.000
     + Clock Network Latency (Prop)  0.002
     = Beginpoint Arrival Time       0.002
     +--------------------------------------------------------------------------+ 
     |      Instance      |     Arc      |  Cell   | Delay | Arrival | Required | 
     |                    |              |         |       |  Time   |   Time   | 
     |--------------------+--------------+---------+-------+---------+----------| 
     | ack_rank_q_reg[13] | CK ^         |         |       |   0.002 |   -0.022 | 
     | ack_rank_q_reg[13] | CK ^ -> QN ^ | DFFTRX1 | 0.179 |   0.181 |    0.157 | 
     | g7002__6417        | A0 ^ -> Y v  | AOI21XL | 0.041 |   0.222 |    0.198 | 
     | ack_rank_q_reg[13] | D v          | DFFTRX1 | 0.000 |   0.222 |    0.198 | 
     +--------------------------------------------------------------------------+ 
Path 14: MET Hold Check with Pin ack_rank_q_reg[12]/CK 
Endpoint:   ack_rank_q_reg[12]/D  (v) checked with  leading edge of 'clk'
Beginpoint: ack_rank_q_reg[12]/QN (^) triggered by  leading edge of 'clk'
Path Groups: {clk}
Analysis View: hold_view
Other End Arrival Time          0.088
+ Hold                         -0.089
+ Phase Shift                   0.000
+ Uncertainty                   0.200
= Required Time                 0.199
  Arrival Time                  0.223
  Slack Time                    0.024
     Clock Rise Edge                 0.000
     + Clock Network Latency (Prop)  0.002
     = Beginpoint Arrival Time       0.002
     +--------------------------------------------------------------------------+ 
     |      Instance      |     Arc      |  Cell   | Delay | Arrival | Required | 
     |                    |              |         |       |  Time   |   Time   | 
     |--------------------+--------------+---------+-------+---------+----------| 
     | ack_rank_q_reg[12] | CK ^         |         |       |   0.002 |   -0.022 | 
     | ack_rank_q_reg[12] | CK ^ -> QN ^ | DFFTRX1 | 0.182 |   0.184 |    0.160 | 
     | g7000__2346        | A0 ^ -> Y v  | AOI21XL | 0.039 |   0.223 |    0.199 | 
     | ack_rank_q_reg[12] | D v          | DFFTRX1 | 0.000 |   0.223 |    0.199 | 
     +--------------------------------------------------------------------------+ 
Path 15: MET Hold Check with Pin ack_rank_q_reg[14]/CK 
Endpoint:   ack_rank_q_reg[14]/D  (v) checked with  leading edge of 'clk'
Beginpoint: ack_rank_q_reg[14]/QN (^) triggered by  leading edge of 'clk'
Path Groups: {clk}
Analysis View: hold_view
Other End Arrival Time          0.088
+ Hold                         -0.090
+ Phase Shift                   0.000
+ Uncertainty                   0.200
= Required Time                 0.198
  Arrival Time                  0.223
  Slack Time                    0.025
     Clock Rise Edge                 0.000
     + Clock Network Latency (Prop)  0.002
     = Beginpoint Arrival Time       0.002
     +--------------------------------------------------------------------------+ 
     |      Instance      |     Arc      |  Cell   | Delay | Arrival | Required | 
     |                    |              |         |       |  Time   |   Time   | 
     |--------------------+--------------+---------+-------+---------+----------| 
     | ack_rank_q_reg[14] | CK ^         |         |       |   0.002 |   -0.022 | 
     | ack_rank_q_reg[14] | CK ^ -> QN ^ | DFFTRX1 | 0.182 |   0.184 |    0.160 | 
     | g6996__6161        | A0 ^ -> Y v  | AOI21XL | 0.038 |   0.223 |    0.198 | 
     | ack_rank_q_reg[14] | D v          | DFFTRX1 | 0.000 |   0.223 |    0.198 | 
     +--------------------------------------------------------------------------+ 
Path 16: MET Hold Check with Pin ack_rank_q_reg[1]/CK 
Endpoint:   ack_rank_q_reg[1]/D  (v) checked with  leading edge of 'clk'
Beginpoint: ack_rank_q_reg[1]/QN (^) triggered by  leading edge of 'clk'
Path Groups: {clk}
Analysis View: hold_view
Other End Arrival Time          0.088
+ Hold                         -0.091
+ Phase Shift                   0.000
+ Uncertainty                   0.200
= Required Time                 0.196
  Arrival Time                  0.221
  Slack Time                    0.025
     Clock Rise Edge                 0.000
     + Clock Network Latency (Prop)  0.001
     = Beginpoint Arrival Time       0.001
     +-------------------------------------------------------------------------+ 
     |     Instance      |     Arc      |  Cell   | Delay | Arrival | Required | 
     |                   |              |         |       |  Time   |   Time   | 
     |-------------------+--------------+---------+-------+---------+----------| 
     | ack_rank_q_reg[1] | CK ^         |         |       |   0.001 |   -0.023 | 
     | ack_rank_q_reg[1] | CK ^ -> QN ^ | DFFTRX1 | 0.177 |   0.179 |    0.154 | 
     | g7001__7482       | A0 ^ -> Y v  | AOI21XL | 0.043 |   0.221 |    0.196 | 
     | ack_rank_q_reg[1] | D v          | DFFTRX1 | 0.000 |   0.221 |    0.196 | 
     +-------------------------------------------------------------------------+ 
Path 17: MET Hold Check with Pin ack_rank_q_reg[15]/CK 
Endpoint:   ack_rank_q_reg[15]/D  (v) checked with  leading edge of 'clk'
Beginpoint: ack_rank_q_reg[15]/QN (^) triggered by  leading edge of 'clk'
Path Groups: {clk}
Analysis View: hold_view
Other End Arrival Time          0.088
+ Hold                         -0.090
+ Phase Shift                   0.000
+ Uncertainty                   0.200
= Required Time                 0.198
  Arrival Time                  0.223
  Slack Time                    0.025
     Clock Rise Edge                 0.000
     + Clock Network Latency (Prop)  0.002
     = Beginpoint Arrival Time       0.002
     +--------------------------------------------------------------------------+ 
     |      Instance      |     Arc      |  Cell   | Delay | Arrival | Required | 
     |                    |              |         |       |  Time   |   Time   | 
     |--------------------+--------------+---------+-------+---------+----------| 
     | ack_rank_q_reg[15] | CK ^         |         |       |   0.002 |   -0.023 | 
     | ack_rank_q_reg[15] | CK ^ -> QN ^ | DFFTRX1 | 0.182 |   0.184 |    0.159 | 
     | g6999__1705        | A0 ^ -> Y v  | AOI21XL | 0.039 |   0.223 |    0.198 | 
     | ack_rank_q_reg[15] | D v          | DFFTRX1 | 0.000 |   0.223 |    0.198 | 
     +--------------------------------------------------------------------------+ 
Path 18: MET Hold Check with Pin ack_rank_q_reg[4]/CK 
Endpoint:   ack_rank_q_reg[4]/D  (v) checked with  leading edge of 'clk'
Beginpoint: ack_rank_q_reg[4]/QN (^) triggered by  leading edge of 'clk'
Path Groups: {clk}
Analysis View: hold_view
Other End Arrival Time          0.088
+ Hold                         -0.090
+ Phase Shift                   0.000
+ Uncertainty                   0.200
= Required Time                 0.198
  Arrival Time                  0.224
  Slack Time                    0.026
     Clock Rise Edge                 0.000
     + Clock Network Latency (Prop)  0.002
     = Beginpoint Arrival Time       0.002
     +-------------------------------------------------------------------------+ 
     |     Instance      |     Arc      |  Cell   | Delay | Arrival | Required | 
     |                   |              |         |       |  Time   |   Time   | 
     |-------------------+--------------+---------+-------+---------+----------| 
     | ack_rank_q_reg[4] | CK ^         |         |       |   0.002 |   -0.024 | 
     | ack_rank_q_reg[4] | CK ^ -> QN ^ | DFFTRX1 | 0.182 |   0.184 |    0.159 | 
     | g7006__6260       | A0 ^ -> Y v  | AOI21XL | 0.040 |   0.224 |    0.198 | 
     | ack_rank_q_reg[4] | D v          | DFFTRX1 | 0.000 |   0.224 |    0.198 | 
     +-------------------------------------------------------------------------+ 
Path 19: MET Hold Check with Pin pending_rank_q_reg[11]/CK 
Endpoint:   pending_rank_q_reg[11]/D (^) checked with  leading edge of 'clk'
Beginpoint: pending_rank_q_reg[11]/Q (^) triggered by  leading edge of 'clk'
Path Groups: {clk}
Analysis View: hold_view
Other End Arrival Time          0.086
+ Hold                         -0.033
+ Phase Shift                   0.000
+ Uncertainty                   0.200
= Required Time                 0.253
  Arrival Time                  0.279
  Slack Time                    0.026
     Clock Rise Edge                 0.000
     + Clock Network Latency (Prop)  -0.000
     = Beginpoint Arrival Time       -0.000
     +-------------------------------------------------------------------------------+ 
     |        Instance        |     Arc     |   Cell    | Delay | Arrival | Required | 
     |                        |             |           |       |  Time   |   Time   | 
     |------------------------+-------------+-----------+-------+---------+----------| 
     | pending_rank_q_reg[11] | CK ^        |           |       |  -0.000 |   -0.026 | 
     | pending_rank_q_reg[11] | CK ^ -> Q ^ | DFFHQX1   | 0.170 |   0.170 |    0.144 | 
     | g6971__6260            | B0 ^ -> Y v | AOI2BB1X1 | 0.060 |   0.229 |    0.203 | 
     | g6858__6131            | B0 v -> Y ^ | AOI31X1   | 0.050 |   0.279 |    0.253 | 
     | pending_rank_q_reg[11] | D ^         | DFFHQX1   | 0.000 |   0.279 |    0.253 | 
     +-------------------------------------------------------------------------------+ 
Path 20: MET Hold Check with Pin req_sync_q_reg[15]/CK 
Endpoint:   req_sync_q_reg[15]/D (v) checked with  leading edge of 'clk'
Beginpoint: req_meta_q_reg[15]/Q (v) triggered by  leading edge of 'clk'
Path Groups: {clk}
Analysis View: hold_view
Other End Arrival Time          0.085
+ Hold                         -0.030
+ Phase Shift                   0.000
+ Uncertainty                   0.200
= Required Time                 0.255
  Arrival Time                  0.281
  Slack Time                    0.026
     Clock Rise Edge                 0.000
     + Clock Network Latency (Prop)  -0.002
     = Beginpoint Arrival Time       -0.002
     +------------------------------------------------------------------------------+ 
     |        Instance        |     Arc     |   Cell   | Delay | Arrival | Required | 
     |                        |             |          |       |  Time   |   Time   | 
     |------------------------+-------------+----------+-------+---------+----------| 
     | req_meta_q_reg[15]     | CK ^        |          |       |  -0.002 |   -0.028 | 
     | req_meta_q_reg[15]     | CK ^ -> Q v | DFFHQX1  | 0.145 |   0.143 |    0.117 | 
     | FE_PHC16_req_meta_q_15 | A v -> Y v  | CLKBUFX1 | 0.075 |   0.218 |    0.192 | 
     | FE_PHC30_req_meta_q_15 | A v -> Y v  | BUFX3    | 0.064 |   0.281 |    0.255 | 
     | req_sync_q_reg[15]     | D v         | DFFX1    | 0.000 |   0.281 |    0.255 | 
     +------------------------------------------------------------------------------+ 
Path 21: MET Hold Check with Pin req_sync_q_reg[10]/CK 
Endpoint:   req_sync_q_reg[10]/D (v) checked with  leading edge of 'clk'
Beginpoint: req_meta_q_reg[10]/Q (v) triggered by  leading edge of 'clk'
Path Groups: {clk}
Analysis View: hold_view
Other End Arrival Time          0.085
+ Hold                         -0.030
+ Phase Shift                   0.000
+ Uncertainty                   0.200
= Required Time                 0.255
  Arrival Time                  0.283
  Slack Time                    0.028
     Clock Rise Edge                 0.000
     + Clock Network Latency (Prop)  -0.001
     = Beginpoint Arrival Time       -0.001
     +------------------------------------------------------------------------------+ 
     |        Instance        |     Arc     |   Cell   | Delay | Arrival | Required | 
     |                        |             |          |       |  Time   |   Time   | 
     |------------------------+-------------+----------+-------+---------+----------| 
     | req_meta_q_reg[10]     | CK ^        |          |       |  -0.001 |   -0.029 | 
     | req_meta_q_reg[10]     | CK ^ -> Q v | DFFHQX1  | 0.133 |   0.133 |    0.105 | 
     | FE_PHC10_req_meta_q_10 | A v -> Y v  | CLKBUFX1 | 0.083 |   0.216 |    0.188 | 
     | FE_PHC39_req_meta_q_10 | A v -> Y v  | CLKBUFX8 | 0.067 |   0.283 |    0.255 | 
     | req_sync_q_reg[10]     | D v         | DFFX1    | 0.000 |   0.283 |    0.255 | 
     +------------------------------------------------------------------------------+ 
Path 22: MET Hold Check with Pin ack_rank_q_reg[11]/CK 
Endpoint:   ack_rank_q_reg[11]/D  (v) checked with  leading edge of 'clk'
Beginpoint: ack_rank_q_reg[11]/QN (^) triggered by  leading edge of 'clk'
Path Groups: {clk}
Analysis View: hold_view
Other End Arrival Time          0.086
+ Hold                         -0.091
+ Phase Shift                   0.000
+ Uncertainty                   0.200
= Required Time                 0.196
  Arrival Time                  0.225
  Slack Time                    0.030
     Clock Rise Edge                 0.000
     + Clock Network Latency (Prop)  0.000
     = Beginpoint Arrival Time       0.000
     +--------------------------------------------------------------------------+ 
     |      Instance      |     Arc      |  Cell   | Delay | Arrival | Required | 
     |                    |              |         |       |  Time   |   Time   | 
     |--------------------+--------------+---------+-------+---------+----------| 
     | ack_rank_q_reg[11] | CK ^         |         |       |   0.000 |   -0.029 | 
     | ack_rank_q_reg[11] | CK ^ -> QN ^ | DFFTRX1 | 0.183 |   0.183 |    0.153 | 
     | g6998__9945        | A0 ^ -> Y v  | AOI21XL | 0.042 |   0.225 |    0.196 | 
     | ack_rank_q_reg[11] | D v          | DFFTRX1 | 0.000 |   0.225 |    0.196 | 
     +--------------------------------------------------------------------------+ 
Path 23: MET Hold Check with Pin pending_rank_q_reg[8]/CK 
Endpoint:   pending_rank_q_reg[8]/D (^) checked with  leading edge of 'clk'
Beginpoint: pending_rank_q_reg[8]/Q (^) triggered by  leading edge of 'clk'
Path Groups: {clk}
Analysis View: hold_view
Other End Arrival Time          0.087
+ Hold                         -0.032
+ Phase Shift                   0.000
+ Uncertainty                   0.200
= Required Time                 0.254
  Arrival Time                  0.289
  Slack Time                    0.035
     Clock Rise Edge                 0.000
     + Clock Network Latency (Prop)  0.001
     = Beginpoint Arrival Time       0.001
     +------------------------------------------------------------------------------+ 
     |       Instance        |     Arc     |   Cell    | Delay | Arrival | Required | 
     |                       |             |           |       |  Time   |   Time   | 
     |-----------------------+-------------+-----------+-------+---------+----------| 
     | pending_rank_q_reg[8] | CK ^        |           |       |   0.001 |   -0.034 | 
     | pending_rank_q_reg[8] | CK ^ -> Q ^ | DFFHQX1   | 0.168 |   0.168 |    0.133 | 
     | g6972__4319           | B0 ^ -> Y v | AOI2BB1X1 | 0.064 |   0.232 |    0.197 | 
     | g6854__5107           | B0 v -> Y ^ | AOI31XL   | 0.057 |   0.289 |    0.254 | 
     | pending_rank_q_reg[8] | D ^         | DFFHQX1   | 0.000 |   0.289 |    0.254 | 
     +------------------------------------------------------------------------------+ 
Path 24: MET Hold Check with Pin pending_rank_q_reg[0]/CK 
Endpoint:   pending_rank_q_reg[0]/D (^) checked with  leading edge of 'clk'
Beginpoint: pending_rank_q_reg[0]/Q (^) triggered by  leading edge of 'clk'
Path Groups: {clk}
Analysis View: hold_view
Other End Arrival Time          0.088
+ Hold                         -0.032
+ Phase Shift                   0.000
+ Uncertainty                   0.200
= Required Time                 0.255
  Arrival Time                  0.291
  Slack Time                    0.035
     Clock Rise Edge                 0.000
     + Clock Network Latency (Prop)  0.002
     = Beginpoint Arrival Time       0.002
     +------------------------------------------------------------------------------+ 
     |       Instance        |     Arc     |   Cell    | Delay | Arrival | Required | 
     |                       |             |           |       |  Time   |   Time   | 
     |-----------------------+-------------+-----------+-------+---------+----------| 
     | pending_rank_q_reg[0] | CK ^        |           |       |   0.002 |   -0.034 | 
     | pending_rank_q_reg[0] | CK ^ -> Q ^ | DFFHQX1   | 0.169 |   0.170 |    0.135 | 
     | g6960__9945           | B0 ^ -> Y v | AOI2BB1X1 | 0.062 |   0.233 |    0.198 | 
     | g6856__1617           | B0 v -> Y ^ | AOI31XL   | 0.058 |   0.291 |    0.255 | 
     | pending_rank_q_reg[0] | D ^         | DFFHQX1   | 0.000 |   0.291 |    0.255 | 
     +------------------------------------------------------------------------------+ 
Path 25: MET Hold Check with Pin pending_rank_q_reg[15]/CK 
Endpoint:   pending_rank_q_reg[15]/D (^) checked with  leading edge of 'clk'
Beginpoint: pending_rank_q_reg[15]/Q (^) triggered by  leading edge of 'clk'
Path Groups: {clk}
Analysis View: hold_view
Other End Arrival Time          0.088
+ Hold                         -0.033
+ Phase Shift                   0.000
+ Uncertainty                   0.200
= Required Time                 0.255
  Arrival Time                  0.291
  Slack Time                    0.036
     Clock Rise Edge                 0.000
     + Clock Network Latency (Prop)  0.002
     = Beginpoint Arrival Time       0.002
     +-------------------------------------------------------------------------------+ 
     |        Instance        |     Arc     |   Cell    | Delay | Arrival | Required | 
     |                        |             |           |       |  Time   |   Time   | 
     |------------------------+-------------+-----------+-------+---------+----------| 
     | pending_rank_q_reg[15] | CK ^        |           |       |   0.002 |   -0.034 | 
     | pending_rank_q_reg[15] | CK ^ -> Q ^ | DFFHQX1   | 0.175 |   0.177 |    0.141 | 
     | g6970__8428            | B0 ^ -> Y v | AOI2BB1X1 | 0.066 |   0.243 |    0.207 | 
     | g6861__1881            | B0 v -> Y ^ | AOI31X1   | 0.048 |   0.291 |    0.255 | 
     | pending_rank_q_reg[15] | D ^         | DFFHQX1   | 0.000 |   0.291 |    0.255 | 
     +-------------------------------------------------------------------------------+ 
Path 26: MET Hold Check with Pin pending_rank_q_reg[3]/CK 
Endpoint:   pending_rank_q_reg[3]/D (^) checked with  leading edge of 'clk'
Beginpoint: pending_rank_q_reg[3]/Q (^) triggered by  leading edge of 'clk'
Path Groups: {clk}
Analysis View: hold_view
Other End Arrival Time          0.087
+ Hold                         -0.033
+ Phase Shift                   0.000
+ Uncertainty                   0.200
= Required Time                 0.254
  Arrival Time                  0.290
  Slack Time                    0.036
     Clock Rise Edge                 0.000
     + Clock Network Latency (Prop)  0.001
     = Beginpoint Arrival Time       0.001
     +------------------------------------------------------------------------------+ 
     |       Instance        |     Arc     |   Cell    | Delay | Arrival | Required | 
     |                       |             |           |       |  Time   |   Time   | 
     |-----------------------+-------------+-----------+-------+---------+----------| 
     | pending_rank_q_reg[3] | CK ^        |           |       |   0.001 |   -0.035 | 
     | pending_rank_q_reg[3] | CK ^ -> Q ^ | DFFHQX1   | 0.177 |   0.178 |    0.142 | 
     | g6969__5107           | B0 ^ -> Y v | AOI2BB1X1 | 0.062 |   0.240 |    0.204 | 
     | g6863__6260           | B0 v -> Y ^ | AOI31X1   | 0.050 |   0.290 |    0.254 | 
     | pending_rank_q_reg[3] | D ^         | DFFHQX1   | 0.000 |   0.290 |    0.254 | 
     +------------------------------------------------------------------------------+ 
Path 27: MET Removal Check with Pin reset_release_q_reg[1]/CK 
Endpoint:   reset_release_q_reg[1]/RN (^) checked with  leading edge of 'clk'
Beginpoint: rst_n                     (^) triggered by  leading edge of '@'
Path Groups: {async_default}
Analysis View: hold_view
Other End Arrival Time          0.083
+ Removal                      -0.031
+ Phase Shift                   0.000
+ Uncertainty                   0.200
= Required Time                 0.252
  Arrival Time                  0.292
  Slack Time                    0.040
     Clock Rise Edge                      0.000
     + Input Delay                        0.000
     = Beginpoint Arrival Time            0.000
     +-----------------------------------------------------------------------------+ 
     |        Instance        |    Arc     |   Cell   | Delay | Arrival | Required | 
     |                        |            |          |       |  Time   |   Time   | 
     |------------------------+------------+----------+-------+---------+----------| 
     |                        | rst_n ^    |          |       |   0.000 |   -0.040 | 
     | FE_PHC19_rst_n         | A ^ -> Y ^ | BUFX3    | 0.046 |   0.046 |    0.005 | 
     | FE_PHC1_rst_n          | A ^ -> Y ^ | DLY2X1   | 0.246 |   0.292 |    0.252 | 
     | reset_release_q_reg[1] | RN ^       | DFFRHQX1 | 0.000 |   0.292 |    0.252 | 
     +-----------------------------------------------------------------------------+ 
Path 28: MET Hold Check with Pin pending_rank_q_reg[4]/CK 
Endpoint:   pending_rank_q_reg[4]/D (^) checked with  leading edge of 'clk'
Beginpoint: pending_rank_q_reg[4]/Q (^) triggered by  leading edge of 'clk'
Path Groups: {clk}
Analysis View: hold_view
Other End Arrival Time          0.088
+ Hold                         -0.033
+ Phase Shift                   0.000
+ Uncertainty                   0.200
= Required Time                 0.255
  Arrival Time                  0.296
  Slack Time                    0.041
     Clock Rise Edge                 0.000
     + Clock Network Latency (Prop)  0.002
     = Beginpoint Arrival Time       0.002
     +------------------------------------------------------------------------------+ 
     |       Instance        |     Arc     |   Cell    | Delay | Arrival | Required | 
     |                       |             |           |       |  Time   |   Time   | 
     |-----------------------+-------------+-----------+-------+---------+----------| 
     | pending_rank_q_reg[4] | CK ^        |           |       |   0.002 |   -0.039 | 
     | pending_rank_q_reg[4] | CK ^ -> Q ^ | DFFHQX1   | 0.174 |   0.176 |    0.136 | 
     | g6962__2883           | B0 ^ -> Y v | AOI2BB1X1 | 0.066 |   0.242 |    0.201 | 
     | g6860__8246           | B0 v -> Y ^ | AOI31XL   | 0.054 |   0.296 |    0.255 | 
     | pending_rank_q_reg[4] | D ^         | DFFHQX1   | 0.000 |   0.296 |    0.255 | 
     +------------------------------------------------------------------------------+ 
Path 29: MET Removal Check with Pin reset_release_q_reg[0]/CK 
Endpoint:   reset_release_q_reg[0]/RN (^) checked with  leading edge of 'clk'
Beginpoint: rst_n                     (^) triggered by  leading edge of '@'
Path Groups: {async_default}
Analysis View: hold_view
Other End Arrival Time          0.083
+ Removal                      -0.031
+ Phase Shift                   0.000
+ Uncertainty                   0.200
= Required Time                 0.251
  Arrival Time                  0.292
  Slack Time                    0.041
     Clock Rise Edge                      0.000
     + Input Delay                        0.000
     = Beginpoint Arrival Time            0.000
     +-----------------------------------------------------------------------------+ 
     |        Instance        |    Arc     |   Cell   | Delay | Arrival | Required | 
     |                        |            |          |       |  Time   |   Time   | 
     |------------------------+------------+----------+-------+---------+----------| 
     |                        | rst_n ^    |          |       |   0.000 |   -0.041 | 
     | FE_PHC19_rst_n         | A ^ -> Y ^ | BUFX3    | 0.046 |   0.046 |    0.005 | 
     | FE_PHC1_rst_n          | A ^ -> Y ^ | DLY2X1   | 0.246 |   0.292 |    0.251 | 
     | reset_release_q_reg[0] | RN ^       | DFFRHQX1 | 0.000 |   0.292 |    0.251 | 
     +-----------------------------------------------------------------------------+ 
Path 30: MET Hold Check with Pin pending_rank_q_reg[14]/CK 
Endpoint:   pending_rank_q_reg[14]/D (^) checked with  leading edge of 'clk'
Beginpoint: pending_rank_q_reg[14]/Q (^) triggered by  leading edge of 'clk'
Path Groups: {clk}
Analysis View: hold_view
Other End Arrival Time          0.088
+ Hold                         -0.033
+ Phase Shift                   0.000
+ Uncertainty                   0.200
= Required Time                 0.255
  Arrival Time                  0.302
  Slack Time                    0.046
     Clock Rise Edge                 0.000
     + Clock Network Latency (Prop)  0.002
     = Beginpoint Arrival Time       0.002
     +-------------------------------------------------------------------------------+ 
     |        Instance        |     Arc     |   Cell    | Delay | Arrival | Required | 
     |                        |             |           |       |  Time   |   Time   | 
     |------------------------+-------------+-----------+-------+---------+----------| 
     | pending_rank_q_reg[14] | CK ^        |           |       |   0.002 |   -0.044 | 
     | pending_rank_q_reg[14] | CK ^ -> Q ^ | DFFHQX1   | 0.169 |   0.171 |    0.125 | 
     | g6975__5526            | B0 ^ -> Y v | AOI2BB1X1 | 0.073 |   0.244 |    0.198 | 
     | g6864__2398            | B0 v -> Y ^ | AOI31XL   | 0.057 |   0.302 |    0.255 | 
     | pending_rank_q_reg[14] | D ^         | DFFHQX1   | 0.000 |   0.302 |    0.255 | 
     +-------------------------------------------------------------------------------+ 
Path 31: MET Hold Check with Pin pending_rank_q_reg[2]/CK 
Endpoint:   pending_rank_q_reg[2]/D (^) checked with  leading edge of 'clk'
Beginpoint: pending_rank_q_reg[2]/Q (^) triggered by  leading edge of 'clk'
Path Groups: {clk}
Analysis View: hold_view
Other End Arrival Time          0.087
+ Hold                         -0.032
+ Phase Shift                   0.000
+ Uncertainty                   0.200
= Required Time                 0.255
  Arrival Time                  0.304
  Slack Time                    0.049
     Clock Rise Edge                 0.000
     + Clock Network Latency (Prop)  0.001
     = Beginpoint Arrival Time       0.001
     +------------------------------------------------------------------------------+ 
     |       Instance        |     Arc     |   Cell    | Delay | Arrival | Required | 
     |                       |             |           |       |  Time   |   Time   | 
     |-----------------------+-------------+-----------+-------+---------+----------| 
     | pending_rank_q_reg[2] | CK ^        |           |       |   0.001 |   -0.048 | 
     | pending_rank_q_reg[2] | CK ^ -> Q ^ | DFFHQX1   | 0.168 |   0.168 |    0.119 | 
     | g6964__7410           | B0 ^ -> Y v | AOI2BB1X1 | 0.073 |   0.242 |    0.193 | 
     | g6862__1705           | B0 v -> Y ^ | AOI31XL   | 0.062 |   0.304 |    0.255 | 
     | pending_rank_q_reg[2] | D ^         | DFFHQX1   | 0.000 |   0.304 |    0.255 | 
     +------------------------------------------------------------------------------+ 
Path 32: MET Hold Check with Pin pending_rank_q_reg[1]/CK 
Endpoint:   pending_rank_q_reg[1]/D (^) checked with  leading edge of 'clk'
Beginpoint: pending_rank_q_reg[1]/Q (^) triggered by  leading edge of 'clk'
Path Groups: {clk}
Analysis View: hold_view
Other End Arrival Time          0.087
+ Hold                         -0.033
+ Phase Shift                   0.000
+ Uncertainty                   0.200
= Required Time                 0.255
  Arrival Time                  0.306
  Slack Time                    0.052
     Clock Rise Edge                 0.000
     + Clock Network Latency (Prop)  0.001
     = Beginpoint Arrival Time       0.001
     +------------------------------------------------------------------------------+ 
     |       Instance        |     Arc     |   Cell    | Delay | Arrival | Required | 
     |                       |             |           |       |  Time   |   Time   | 
     |-----------------------+-------------+-----------+-------+---------+----------| 
     | pending_rank_q_reg[1] | CK ^        |           |       |   0.001 |   -0.050 | 
     | pending_rank_q_reg[1] | CK ^ -> Q ^ | DFFHQX1   | 0.167 |   0.168 |    0.117 | 
     | g6965__6417           | B0 ^ -> Y v | AOI2BB1X1 | 0.081 |   0.250 |    0.198 | 
     | g6853__3680           | B0 v -> Y ^ | AOI31X1   | 0.057 |   0.306 |    0.255 | 
     | pending_rank_q_reg[1] | D ^         | DFFHQX1   | 0.000 |   0.306 |    0.255 | 
     +------------------------------------------------------------------------------+ 
Path 33: MET Hold Check with Pin pending_rank_q_reg[12]/CK 
Endpoint:   pending_rank_q_reg[12]/D (^) checked with  leading edge of 'clk'
Beginpoint: pending_rank_q_reg[12]/Q (^) triggered by  leading edge of 'clk'
Path Groups: {clk}
Analysis View: hold_view
Other End Arrival Time          0.088
+ Hold                         -0.032
+ Phase Shift                   0.000
+ Uncertainty                   0.200
= Required Time                 0.256
  Arrival Time                  0.308
  Slack Time                    0.052
     Clock Rise Edge                 0.000
     + Clock Network Latency (Prop)  0.002
     = Beginpoint Arrival Time       0.002
     +-------------------------------------------------------------------------------+ 
     |        Instance        |     Arc     |   Cell    | Delay | Arrival | Required | 
     |                        |             |           |       |  Time   |   Time   | 
     |------------------------+-------------+-----------+-------+---------+----------| 
     | pending_rank_q_reg[12] | CK ^        |           |       |   0.002 |   -0.050 | 
     | pending_rank_q_reg[12] | CK ^ -> Q ^ | DFFHQX1   | 0.169 |   0.171 |    0.119 | 
     | g6968__1666            | B0 ^ -> Y v | AOI2BB1X1 | 0.069 |   0.240 |    0.188 | 
     | g6857__5526            | B0 v -> Y ^ | AOI31XL   | 0.068 |   0.308 |    0.256 | 
     | pending_rank_q_reg[12] | D ^         | DFFHQX1   | 0.000 |   0.308 |    0.256 | 
     +-------------------------------------------------------------------------------+ 
Path 34: MET Hold Check with Pin req_sync_q_reg[11]/CK 
Endpoint:   req_sync_q_reg[11]/D (^) checked with  leading edge of 'clk'
Beginpoint: req_meta_q_reg[11]/Q (^) triggered by  leading edge of 'clk'
Path Groups: {clk}
Analysis View: hold_view
Other End Arrival Time          0.085
+ Hold                         -0.033
+ Phase Shift                   0.000
+ Uncertainty                   0.200
= Required Time                 0.252
  Arrival Time                  0.305
  Slack Time                    0.053
     Clock Rise Edge                 0.000
     + Clock Network Latency (Prop)  -0.001
     = Beginpoint Arrival Time       -0.001
     +------------------------------------------------------------------------------+ 
     |        Instance        |     Arc     |   Cell   | Delay | Arrival | Required | 
     |                        |             |          |       |  Time   |   Time   | 
     |------------------------+-------------+----------+-------+---------+----------| 
     | req_meta_q_reg[11]     | CK ^        |          |       |  -0.001 |   -0.053 | 
     | req_meta_q_reg[11]     | CK ^ -> Q ^ | DFFHQX1  | 0.149 |   0.148 |    0.096 | 
     | FE_PHC9_req_meta_q_11  | A ^ -> Y ^  | BUFX3    | 0.053 |   0.201 |    0.149 | 
     | FE_PHC54_req_meta_q_11 | A ^ -> Y ^  | BUFX3    | 0.049 |   0.250 |    0.197 | 
     | FE_PHC36_req_meta_q_11 | A ^ -> Y ^  | CLKBUFX1 | 0.055 |   0.305 |    0.252 | 
     | req_sync_q_reg[11]     | D ^         | DFFX1    | 0.000 |   0.305 |    0.252 | 
     +------------------------------------------------------------------------------+ 
Path 35: MET Hold Check with Pin pending_rank_q_reg[5]/CK 
Endpoint:   pending_rank_q_reg[5]/D (^) checked with  leading edge of 'clk'
Beginpoint: pending_rank_q_reg[5]/Q (^) triggered by  leading edge of 'clk'
Path Groups: {clk}
Analysis View: hold_view
Other End Arrival Time          0.087
+ Hold                         -0.033
+ Phase Shift                   0.000
+ Uncertainty                   0.200
= Required Time                 0.255
  Arrival Time                  0.307
  Slack Time                    0.053
     Clock Rise Edge                 0.000
     + Clock Network Latency (Prop)  0.001
     = Beginpoint Arrival Time       0.001
     +------------------------------------------------------------------------------+ 
     |       Instance        |     Arc     |   Cell    | Delay | Arrival | Required | 
     |                       |             |           |       |  Time   |   Time   | 
     |-----------------------+-------------+-----------+-------+---------+----------| 
     | pending_rank_q_reg[5] | CK ^        |           |       |   0.001 |   -0.052 | 
     | pending_rank_q_reg[5] | CK ^ -> Q ^ | DFFHQX1   | 0.166 |   0.167 |    0.114 | 
     | g6966__5477           | B0 ^ -> Y v | AOI2BB1X1 | 0.083 |   0.250 |    0.197 | 
     | g6865__4319           | B0 v -> Y ^ | AOI31X1   | 0.057 |   0.307 |    0.255 | 
     | pending_rank_q_reg[5] | D ^         | DFFHQX1   | 0.000 |   0.307 |    0.255 | 
     +------------------------------------------------------------------------------+ 
Path 36: MET Hold Check with Pin req_sync_q_reg[1]/CK 
Endpoint:   req_sync_q_reg[1]/D (^) checked with  leading edge of 'clk'
Beginpoint: req_meta_q_reg[1]/Q (^) triggered by  leading edge of 'clk'
Path Groups: {clk}
Analysis View: hold_view
Other End Arrival Time          0.085
+ Hold                         -0.033
+ Phase Shift                   0.000
+ Uncertainty                   0.200
= Required Time                 0.252
  Arrival Time                  0.306
  Slack Time                    0.054
     Clock Rise Edge                 0.000
     + Clock Network Latency (Prop)  -0.002
     = Beginpoint Arrival Time       -0.002
     +-----------------------------------------------------------------------------+ 
     |       Instance        |     Arc     |   Cell   | Delay | Arrival | Required | 
     |                       |             |          |       |  Time   |   Time   | 
     |-----------------------+-------------+----------+-------+---------+----------| 
     | req_meta_q_reg[1]     | CK ^        |          |       |  -0.002 |   -0.055 | 
     | req_meta_q_reg[1]     | CK ^ -> Q ^ | DFFHQX1  | 0.151 |   0.149 |    0.095 | 
     | FE_PHC3_req_meta_q_1  | A ^ -> Y ^  | BUFX3    | 0.053 |   0.203 |    0.149 | 
     | FE_PHC55_req_meta_q_1 | A ^ -> Y ^  | BUFX3    | 0.049 |   0.252 |    0.198 | 
     | FE_PHC37_req_meta_q_1 | A ^ -> Y ^  | CLKBUFX1 | 0.054 |   0.306 |    0.252 | 
     | req_sync_q_reg[1]     | D ^         | DFFX1    | 0.000 |   0.306 |    0.252 | 
     +-----------------------------------------------------------------------------+ 
Path 37: MET Hold Check with Pin pending_rank_q_reg[7]/CK 
Endpoint:   pending_rank_q_reg[7]/D (^) checked with  leading edge of 'clk'
Beginpoint: pending_rank_q_reg[7]/Q (^) triggered by  leading edge of 'clk'
Path Groups: {clk}
Analysis View: hold_view
Other End Arrival Time          0.088
+ Hold                         -0.032
+ Phase Shift                   0.000
+ Uncertainty                   0.200
= Required Time                 0.256
  Arrival Time                  0.310
  Slack Time                    0.055
     Clock Rise Edge                 0.000
     + Clock Network Latency (Prop)  0.002
     = Beginpoint Arrival Time       0.002
     +------------------------------------------------------------------------------+ 
     |       Instance        |     Arc     |   Cell    | Delay | Arrival | Required | 
     |                       |             |           |       |  Time   |   Time   | 
     |-----------------------+-------------+-----------+-------+---------+----------| 
     | pending_rank_q_reg[7] | CK ^        |           |       |   0.002 |   -0.053 | 
     | pending_rank_q_reg[7] | CK ^ -> Q ^ | DFFHQX1   | 0.169 |   0.171 |    0.116 | 
     | g6961__2346           | B0 ^ -> Y v | AOI2BB1X1 | 0.074 |   0.244 |    0.189 | 
     | g6867__6783           | B0 v -> Y ^ | AOI31X1   | 0.066 |   0.310 |    0.256 | 
     | pending_rank_q_reg[7] | D ^         | DFFHQX1   | 0.000 |   0.310 |    0.256 | 
     +------------------------------------------------------------------------------+ 
Path 38: MET Hold Check with Pin pending_rank_q_reg[13]/CK 
Endpoint:   pending_rank_q_reg[13]/D (^) checked with  leading edge of 'clk'
Beginpoint: pending_rank_q_reg[13]/Q (^) triggered by  leading edge of 'clk'
Path Groups: {clk}
Analysis View: hold_view
Other End Arrival Time          0.088
+ Hold                         -0.033
+ Phase Shift                   0.000
+ Uncertainty                   0.200
= Required Time                 0.255
  Arrival Time                  0.313
  Slack Time                    0.058
     Clock Rise Edge                 0.000
     + Clock Network Latency (Prop)  0.002
     = Beginpoint Arrival Time       0.002
     +-------------------------------------------------------------------------------+ 
     |        Instance        |     Arc     |   Cell    | Delay | Arrival | Required | 
     |                        |             |           |       |  Time   |   Time   | 
     |------------------------+-------------+-----------+-------+---------+----------| 
     | pending_rank_q_reg[13] | CK ^        |           |       |   0.002 |   -0.056 | 
     | pending_rank_q_reg[13] | CK ^ -> Q ^ | DFFHQX1   | 0.174 |   0.176 |    0.118 | 
     | g6974__1617            | B0 ^ -> Y v | AOI2BB1X1 | 0.080 |   0.256 |    0.199 | 
     | g6859__7098            | B0 v -> Y ^ | AOI31X1   | 0.057 |   0.313 |    0.255 | 
     | pending_rank_q_reg[13] | D ^         | DFFHQX1   | 0.000 |   0.313 |    0.255 | 
     +-------------------------------------------------------------------------------+ 
Path 39: MET Hold Check with Pin req_sync_q_reg[8]/CK 
Endpoint:   req_sync_q_reg[8]/D (^) checked with  leading edge of 'clk'
Beginpoint: req_meta_q_reg[8]/Q (^) triggered by  leading edge of 'clk'
Path Groups: {clk}
Analysis View: hold_view
Other End Arrival Time          0.085
+ Hold                         -0.033
+ Phase Shift                   0.000
+ Uncertainty                   0.200
= Required Time                 0.252
  Arrival Time                  0.311
  Slack Time                    0.059
     Clock Rise Edge                 0.000
     + Clock Network Latency (Prop)  -0.002
     = Beginpoint Arrival Time       -0.002
     +-----------------------------------------------------------------------------+ 
     |       Instance        |     Arc     |   Cell   | Delay | Arrival | Required | 
     |                       |             |          |       |  Time   |   Time   | 
     |-----------------------+-------------+----------+-------+---------+----------| 
     | req_meta_q_reg[8]     | CK ^        |          |       |  -0.002 |   -0.060 | 
     | req_meta_q_reg[8]     | CK ^ -> Q ^ | DFFHQX1  | 0.152 |   0.150 |    0.092 | 
     | FE_PHC5_req_meta_q_8  | A ^ -> Y ^  | BUFX3    | 0.055 |   0.206 |    0.147 | 
     | FE_PHC57_req_meta_q_8 | A ^ -> Y ^  | BUFX3    | 0.049 |   0.255 |    0.196 | 
     | FE_PHC40_req_meta_q_8 | A ^ -> Y ^  | CLKBUFX1 | 0.056 |   0.311 |    0.252 | 
     | req_sync_q_reg[8]     | D ^         | DFFX1    | 0.000 |   0.311 |    0.252 | 
     +-----------------------------------------------------------------------------+ 
Path 40: MET Hold Check with Pin req_sync_q_reg[14]/CK 
Endpoint:   req_sync_q_reg[14]/D (^) checked with  leading edge of 'clk'
Beginpoint: req_meta_q_reg[14]/Q (^) triggered by  leading edge of 'clk'
Path Groups: {clk}
Analysis View: hold_view
Other End Arrival Time          0.085
+ Hold                         -0.033
+ Phase Shift                   0.000
+ Uncertainty                   0.200
= Required Time                 0.252
  Arrival Time                  0.312
  Slack Time                    0.060
     Clock Rise Edge                 0.000
     + Clock Network Latency (Prop)  -0.002
     = Beginpoint Arrival Time       -0.002
     +------------------------------------------------------------------------------+ 
     |        Instance        |     Arc     |   Cell   | Delay | Arrival | Required | 
     |                        |             |          |       |  Time   |   Time   | 
     |------------------------+-------------+----------+-------+---------+----------| 
     | req_meta_q_reg[14]     | CK ^        |          |       |  -0.002 |   -0.061 | 
     | req_meta_q_reg[14]     | CK ^ -> Q ^ | DFFHQX1  | 0.151 |   0.149 |    0.090 | 
     | FE_PHC8_req_meta_q_14  | A ^ -> Y ^  | BUFX3    | 0.056 |   0.205 |    0.145 | 
     | FE_PHC56_req_meta_q_14 | A ^ -> Y ^  | BUFX3    | 0.049 |   0.254 |    0.195 | 
     | FE_PHC38_req_meta_q_14 | A ^ -> Y ^  | CLKBUFX1 | 0.057 |   0.312 |    0.252 | 
     | req_sync_q_reg[14]     | D ^         | DFFX1    | 0.000 |   0.312 |    0.252 | 
     +------------------------------------------------------------------------------+ 
Path 41: MET Hold Check with Pin req_sync_q_reg[2]/CK 
Endpoint:   req_sync_q_reg[2]/D (^) checked with  leading edge of 'clk'
Beginpoint: req_meta_q_reg[2]/Q (^) triggered by  leading edge of 'clk'
Path Groups: {clk}
Analysis View: hold_view
Other End Arrival Time          0.085
+ Hold                         -0.033
+ Phase Shift                   0.000
+ Uncertainty                   0.200
= Required Time                 0.252
  Arrival Time                  0.312
  Slack Time                    0.061
     Clock Rise Edge                 0.000
     + Clock Network Latency (Prop)  -0.002
     = Beginpoint Arrival Time       -0.002
     +-----------------------------------------------------------------------------+ 
     |       Instance        |     Arc     |   Cell   | Delay | Arrival | Required | 
     |                       |             |          |       |  Time   |   Time   | 
     |-----------------------+-------------+----------+-------+---------+----------| 
     | req_meta_q_reg[2]     | CK ^        |          |       |  -0.002 |   -0.062 | 
     | req_meta_q_reg[2]     | CK ^ -> Q ^ | DFFHQX1  | 0.152 |   0.150 |    0.089 | 
     | FE_PHC13_req_meta_q_2 | A ^ -> Y ^  | BUFX3    | 0.055 |   0.205 |    0.144 | 
     | FE_PHC59_req_meta_q_2 | A ^ -> Y ^  | BUFX3    | 0.051 |   0.255 |    0.195 | 
     | FE_PHC45_req_meta_q_2 | A ^ -> Y ^  | CLKBUFX1 | 0.057 |   0.312 |    0.252 | 
     | req_sync_q_reg[2]     | D ^         | DFFX1    | 0.000 |   0.312 |    0.252 | 
     +-----------------------------------------------------------------------------+ 
Path 42: MET Hold Check with Pin req_sync_q_reg[9]/CK 
Endpoint:   req_sync_q_reg[9]/D (^) checked with  leading edge of 'clk'
Beginpoint: req_meta_q_reg[9]/Q (^) triggered by  leading edge of 'clk'
Path Groups: {clk}
Analysis View: hold_view
Other End Arrival Time          0.085
+ Hold                         -0.033
+ Phase Shift                   0.000
+ Uncertainty                   0.200
= Required Time                 0.252
  Arrival Time                  0.313
  Slack Time                    0.061
     Clock Rise Edge                 0.000
     + Clock Network Latency (Prop)  -0.002
     = Beginpoint Arrival Time       -0.002
     +-----------------------------------------------------------------------------+ 
     |       Instance        |     Arc     |   Cell   | Delay | Arrival | Required | 
     |                       |             |          |       |  Time   |   Time   | 
     |-----------------------+-------------+----------+-------+---------+----------| 
     | req_meta_q_reg[9]     | CK ^        |          |       |  -0.002 |   -0.063 | 
     | req_meta_q_reg[9]     | CK ^ -> Q ^ | DFFHQX1  | 0.152 |   0.150 |    0.089 | 
     | FE_PHC6_req_meta_q_9  | A ^ -> Y ^  | BUFX3    | 0.056 |   0.206 |    0.145 | 
     | FE_PHC58_req_meta_q_9 | A ^ -> Y ^  | BUFX3    | 0.050 |   0.256 |    0.195 | 
     | FE_PHC41_req_meta_q_9 | A ^ -> Y ^  | CLKBUFX1 | 0.057 |   0.313 |    0.252 | 
     | req_sync_q_reg[9]     | D ^         | DFFX1    | 0.000 |   0.313 |    0.252 | 
     +-----------------------------------------------------------------------------+ 
Path 43: MET Hold Check with Pin out_rank_q_reg[1]/CK 
Endpoint:   out_rank_q_reg[1]/D  (v) checked with  leading edge of 'clk'
Beginpoint: out_rank_q_reg[1]/QN (^) triggered by  leading edge of 'clk'
Path Groups: {clk}
Analysis View: hold_view
Other End Arrival Time          0.087
+ Hold                         -0.041
+ Phase Shift                   0.000
+ Uncertainty                   0.200
= Required Time                 0.246
  Arrival Time                  0.308
  Slack Time                    0.062
     Clock Rise Edge                 0.000
     + Clock Network Latency (Prop)  0.001
     = Beginpoint Arrival Time       0.001
     +------------------------------------------------------------------------+ 
     |     Instance      |     Arc      |  Cell  | Delay | Arrival | Required | 
     |                   |              |        |       |  Time   |   Time   | 
     |-------------------+--------------+--------+-------+---------+----------| 
     | out_rank_q_reg[1] | CK ^         |        |       |   0.001 |   -0.061 | 
     | out_rank_q_reg[1] | CK ^ -> QN ^ | DFFX1  | 0.247 |   0.248 |    0.186 | 
     | g2                | A ^ -> Y v   | MXI2XL | 0.060 |   0.308 |    0.246 | 
     | out_rank_q_reg[1] | D v          | DFFX1  | 0.000 |   0.308 |    0.246 | 
     +------------------------------------------------------------------------+ 
Path 44: MET Hold Check with Pin pending_rank_q_reg[9]/CK 
Endpoint:   pending_rank_q_reg[9]/D (^) checked with  leading edge of 'clk'
Beginpoint: pending_rank_q_reg[9]/Q (^) triggered by  leading edge of 'clk'
Path Groups: {clk}
Analysis View: hold_view
Other End Arrival Time          0.086
+ Hold                         -0.032
+ Phase Shift                   0.000
+ Uncertainty                   0.200
= Required Time                 0.253
  Arrival Time                  0.315
  Slack Time                    0.062
     Clock Rise Edge                 0.000
     + Clock Network Latency (Prop)  -0.001
     = Beginpoint Arrival Time       -0.001
     +------------------------------------------------------------------------------+ 
     |       Instance        |     Arc     |   Cell    | Delay | Arrival | Required | 
     |                       |             |           |       |  Time   |   Time   | 
     |-----------------------+-------------+-----------+-------+---------+----------| 
     | pending_rank_q_reg[9] | CK ^        |           |       |  -0.001 |   -0.063 | 
     | pending_rank_q_reg[9] | CK ^ -> Q ^ | DFFHQX1   | 0.169 |   0.168 |    0.106 | 
     | g6976__6783           | B0 ^ -> Y v | AOI2BB1X1 | 0.082 |   0.250 |    0.188 | 
     | g6855__2802           | B0 v -> Y ^ | AOI31X1   | 0.065 |   0.315 |    0.253 | 
     | pending_rank_q_reg[9] | D ^         | DFFHQX1   | 0.000 |   0.315 |    0.253 | 
     +------------------------------------------------------------------------------+ 
Path 45: MET Hold Check with Pin out_rank_q_reg[2]/CK 
Endpoint:   out_rank_q_reg[2]/D  (v) checked with  leading edge of 'clk'
Beginpoint: out_rank_q_reg[2]/QN (^) triggered by  leading edge of 'clk'
Path Groups: {clk}
Analysis View: hold_view
Other End Arrival Time          0.087
+ Hold                         -0.036
+ Phase Shift                   0.000
+ Uncertainty                   0.200
= Required Time                 0.251
  Arrival Time                  0.314
  Slack Time                    0.063
     Clock Rise Edge                 0.000
     + Clock Network Latency (Prop)  0.000
     = Beginpoint Arrival Time       0.000
     +--------------------------------------------------------------------------+ 
     |     Instance      |     Arc      |   Cell   | Delay | Arrival | Required | 
     |                   |              |          |       |  Time   |   Time   | 
     |-------------------+--------------+----------+-------+---------+----------| 
     | out_rank_q_reg[2] | CK ^         |          |       |   0.000 |   -0.063 | 
     | out_rank_q_reg[2] | CK ^ -> QN ^ | DFFX1    | 0.260 |   0.261 |    0.197 | 
     | g6889__5526       | B1 ^ -> Y v  | OAI221XL | 0.053 |   0.314 |    0.251 | 
     | out_rank_q_reg[2] | D v          | DFFX1    | 0.000 |   0.314 |    0.251 | 
     +--------------------------------------------------------------------------+ 
Path 46: MET Hold Check with Pin req_sync_q_reg[7]/CK 
Endpoint:   req_sync_q_reg[7]/D (^) checked with  leading edge of 'clk'
Beginpoint: req_meta_q_reg[7]/Q (^) triggered by  leading edge of 'clk'
Path Groups: {clk}
Analysis View: hold_view
Other End Arrival Time          0.085
+ Hold                         -0.032
+ Phase Shift                   0.000
+ Uncertainty                   0.200
= Required Time                 0.253
  Arrival Time                  0.317
  Slack Time                    0.064
     Clock Rise Edge                 0.000
     + Clock Network Latency (Prop)  -0.002
     = Beginpoint Arrival Time       -0.002
     +----------------------------------------------------------------------------+ 
     |       Instance        |     Arc     |  Cell   | Delay | Arrival | Required | 
     |                       |             |         |       |  Time   |   Time   | 
     |-----------------------+-------------+---------+-------+---------+----------| 
     | req_meta_q_reg[7]     | CK ^        |         |       |  -0.002 |   -0.066 | 
     | req_meta_q_reg[7]     | CK ^ -> Q ^ | DFFHQX1 | 0.151 |   0.149 |    0.085 | 
     | FE_PHC4_req_meta_q_7  | A ^ -> Y ^  | BUFX3   | 0.056 |   0.206 |    0.141 | 
     | FE_PHC62_req_meta_q_7 | A ^ -> Y ^  | BUFX3   | 0.048 |   0.254 |    0.189 | 
     | FE_PHC43_req_meta_q_7 | A ^ -> Y ^  | BUFXL   | 0.064 |   0.317 |    0.253 | 
     | req_sync_q_reg[7]     | D ^         | DFFX1   | 0.000 |   0.317 |    0.253 | 
     +----------------------------------------------------------------------------+ 
Path 47: MET Hold Check with Pin out_rank_q_reg[3]/CK 
Endpoint:   out_rank_q_reg[3]/D  (v) checked with  leading edge of 'clk'
Beginpoint: out_rank_q_reg[3]/QN (^) triggered by  leading edge of 'clk'
Path Groups: {clk}
Analysis View: hold_view
Other End Arrival Time          0.087
+ Hold                         -0.034
+ Phase Shift                   0.000
+ Uncertainty                   0.200
= Required Time                 0.253
  Arrival Time                  0.317
  Slack Time                    0.065
     Clock Rise Edge                 0.000
     + Clock Network Latency (Prop)  0.001
     = Beginpoint Arrival Time       0.001
     +-------------------------------------------------------------------------+ 
     |     Instance      |     Arc      |  Cell   | Delay | Arrival | Required | 
     |                   |              |         |       |  Time   |   Time   | 
     |-------------------+--------------+---------+-------+---------+----------| 
     | out_rank_q_reg[3] | CK ^         |         |       |   0.001 |   -0.064 | 
     | out_rank_q_reg[3] | CK ^ -> QN ^ | DFFX1   | 0.218 |   0.219 |    0.154 | 
     | FE_PHC25_n_17     | A ^ -> Y ^   | BUFX3   | 0.056 |   0.275 |    0.210 | 
     | g6893__6783       | A1 ^ -> Y v  | OAI21XL | 0.042 |   0.317 |    0.253 | 
     | out_rank_q_reg[3] | D v          | DFFX1   | 0.000 |   0.317 |    0.253 | 
     +-------------------------------------------------------------------------+ 
Path 48: MET Hold Check with Pin pending_rank_q_reg[10]/CK 
Endpoint:   pending_rank_q_reg[10]/D (^) checked with  leading edge of 'clk'
Beginpoint: pending_rank_q_reg[10]/Q (^) triggered by  leading edge of 'clk'
Path Groups: {clk}
Analysis View: hold_view
Other End Arrival Time          0.087
+ Hold                         -0.032
+ Phase Shift                   0.000
+ Uncertainty                   0.200
= Required Time                 0.255
  Arrival Time                  0.320
  Slack Time                    0.065
     Clock Rise Edge                 0.000
     + Clock Network Latency (Prop)  0.000
     = Beginpoint Arrival Time       0.000
     +-------------------------------------------------------------------------------+ 
     |        Instance        |     Arc     |   Cell    | Delay | Arrival | Required | 
     |                        |             |           |       |  Time   |   Time   | 
     |------------------------+-------------+-----------+-------+---------+----------| 
     | pending_rank_q_reg[10] | CK ^        |           |       |   0.000 |   -0.065 | 
     | pending_rank_q_reg[10] | CK ^ -> Q ^ | DFFHQX1   | 0.171 |   0.172 |    0.107 | 
     | g6973__3680            | B0 ^ -> Y v | AOI2BB1X1 | 0.073 |   0.244 |    0.179 | 
     | g6852__8428            | B0 v -> Y ^ | AOI31XL   | 0.075 |   0.320 |    0.255 | 
     | pending_rank_q_reg[10] | D ^         | DFFHQX1   | 0.000 |   0.320 |    0.255 | 
     +-------------------------------------------------------------------------------+ 
Path 49: MET Hold Check with Pin req_sync_q_reg[13]/CK 
Endpoint:   req_sync_q_reg[13]/D (^) checked with  leading edge of 'clk'
Beginpoint: req_meta_q_reg[13]/Q (^) triggered by  leading edge of 'clk'
Path Groups: {clk}
Analysis View: hold_view
Other End Arrival Time          0.085
+ Hold                         -0.033
+ Phase Shift                   0.000
+ Uncertainty                   0.200
= Required Time                 0.252
  Arrival Time                  0.322
  Slack Time                    0.070
     Clock Rise Edge                 0.000
     + Clock Network Latency (Prop)  -0.002
     = Beginpoint Arrival Time       -0.002
     +------------------------------------------------------------------------------+ 
     |        Instance        |     Arc     |   Cell   | Delay | Arrival | Required | 
     |                        |             |          |       |  Time   |   Time   | 
     |------------------------+-------------+----------+-------+---------+----------| 
     | req_meta_q_reg[13]     | CK ^        |          |       |  -0.002 |   -0.072 | 
     | req_meta_q_reg[13]     | CK ^ -> Q ^ | DFFHQX1  | 0.158 |   0.157 |    0.087 | 
     | FE_PHC11_req_meta_q_13 | A ^ -> Y ^  | BUFX3    | 0.056 |   0.213 |    0.143 | 
     | FE_PHC60_req_meta_q_13 | A ^ -> Y ^  | BUFX3    | 0.050 |   0.262 |    0.192 | 
     | FE_PHC44_req_meta_q_13 | A ^ -> Y ^  | CLKBUFX1 | 0.060 |   0.322 |    0.252 | 
     | req_sync_q_reg[13]     | D ^         | DFFX1    | 0.000 |   0.322 |    0.252 | 
     +------------------------------------------------------------------------------+ 
Path 50: MET Hold Check with Pin pending_rank_q_reg[6]/CK 
Endpoint:   pending_rank_q_reg[6]/D (^) checked with  leading edge of 'clk'
Beginpoint: pending_rank_q_reg[6]/Q (^) triggered by  leading edge of 'clk'
Path Groups: {clk}
Analysis View: hold_view
Other End Arrival Time          0.088
+ Hold                         -0.032
+ Phase Shift                   0.000
+ Uncertainty                   0.200
= Required Time                 0.256
  Arrival Time                  0.327
  Slack Time                    0.071
     Clock Rise Edge                 0.000
     + Clock Network Latency (Prop)  0.001
     = Beginpoint Arrival Time       0.001
     +------------------------------------------------------------------------------+ 
     |       Instance        |     Arc     |   Cell    | Delay | Arrival | Required | 
     |                       |             |           |       |  Time   |   Time   | 
     |-----------------------+-------------+-----------+-------+---------+----------| 
     | pending_rank_q_reg[6] | CK ^        |           |       |   0.001 |   -0.070 | 
     | pending_rank_q_reg[6] | CK ^ -> Q ^ | DFFHQX1   | 0.170 |   0.171 |    0.100 | 
     | g6963__2398           | B0 ^ -> Y v | AOI2BB1X1 | 0.082 |   0.254 |    0.183 | 
     | g6866__5122           | B0 v -> Y ^ | AOI31XL   | 0.073 |   0.327 |    0.256 | 
     | pending_rank_q_reg[6] | D ^         | DFFHQX1   | 0.000 |   0.327 |    0.256 | 
     +------------------------------------------------------------------------------+ 

