###############################################################
#  Generated by:      Cadence Innovus 23.14-s088_1
#  OS:                Linux x86_64(Host ID <REMOTE_HOST>)
#  Generated on:      Fri Aug 21 04:46:36 2026
#  Design:            aer_pending_gray_rank_reuse_sync_core_reset
#  Command:           report_timing \
#    -from [get_pins {req_meta_q_reg*/Q}] \
#    -to [get_pins {req_sync_q_reg*/D}] \
#    -max_paths 32 > [file join $report_dir postroute_cdc_hold_timing.rpt]
###############################################################
Path 1: MET Hold Check with Pin req_sync_q_reg[3]/CK 
Endpoint:   req_sync_q_reg[3]/D (^) checked with  leading edge of 'clk'
Beginpoint: req_meta_q_reg[3]/Q (^) triggered by  leading edge of 'clk'
Path Groups: {clk}
Analysis View: hold_view
Other End Arrival Time          0.085
+ Hold                         -0.033
+ Phase Shift                   0.000
+ Uncertainty                   0.200
= Required Time                 0.252
  Arrival Time                  0.263
  Slack Time                    0.012
     Clock Rise Edge                 0.000
     + Clock Network Latency (Prop)  -0.002
     = Beginpoint Arrival Time       -0.002
     +-----------------------------------------------------------------------------+ 
     |       Instance        |     Arc     |   Cell   | Delay | Arrival | Required | 
     |                       |             |          |       |  Time   |   Time   | 
     |-----------------------+-------------+----------+-------+---------+----------| 
     | req_meta_q_reg[3]     | CK ^        |          |       |  -0.002 |   -0.013 | 
     | req_meta_q_reg[3]     | CK ^ -> Q ^ | DFFHQX1  | 0.155 |   0.153 |    0.142 | 
     | FE_PHC15_req_meta_q_3 | A ^ -> Y ^  | BUFX3    | 0.053 |   0.206 |    0.194 | 
     | FE_PHC49_req_meta_q_3 | A ^ -> Y ^  | CLKBUFX2 | 0.057 |   0.263 |    0.251 | 
     | req_sync_q_reg[3]     | D ^         | DFFX1    | 0.000 |   0.263 |    0.252 | 
     +-----------------------------------------------------------------------------+ 
Path 2: MET Hold Check with Pin req_sync_q_reg[4]/CK 
Endpoint:   req_sync_q_reg[4]/D (v) checked with  leading edge of 'clk'
Beginpoint: req_meta_q_reg[4]/Q (v) triggered by  leading edge of 'clk'
Path Groups: {clk}
Analysis View: hold_view
Other End Arrival Time          0.085
+ Hold                         -0.037
+ Phase Shift                   0.000
+ Uncertainty                   0.200
= Required Time                 0.248
  Arrival Time                  0.267
  Slack Time                    0.019
     Clock Rise Edge                 0.000
     + Clock Network Latency (Prop)  -0.002
     = Beginpoint Arrival Time       -0.002
     +-----------------------------------------------------------------------------+ 
     |       Instance        |     Arc     |   Cell   | Delay | Arrival | Required | 
     |                       |             |          |       |  Time   |   Time   | 
     |-----------------------+-------------+----------+-------+---------+----------| 
     | req_meta_q_reg[4]     | CK ^        |          |       |  -0.002 |   -0.021 | 
     | req_meta_q_reg[4]     | CK ^ -> Q v | DFFHQX1  | 0.132 |   0.130 |    0.111 | 
     | FE_PHC12_req_meta_q_4 | A v -> Y v  | CLKBUFX1 | 0.066 |   0.196 |    0.178 | 
     | FE_PHC51_req_meta_q_4 | A v -> Y v  | CLKBUFX1 | 0.070 |   0.267 |    0.248 | 
     | req_sync_q_reg[4]     | D v         | DFFX1    | 0.000 |   0.267 |    0.248 | 
     +-----------------------------------------------------------------------------+ 
Path 3: MET Hold Check with Pin req_sync_q_reg[6]/CK 
Endpoint:   req_sync_q_reg[6]/D (v) checked with  leading edge of 'clk'
Beginpoint: req_meta_q_reg[6]/Q (v) triggered by  leading edge of 'clk'
Path Groups: {clk}
Analysis View: hold_view
Other End Arrival Time          0.085
+ Hold                         -0.030
+ Phase Shift                   0.000
+ Uncertainty                   0.200
= Required Time                 0.255
  Arrival Time                  0.274
  Slack Time                    0.020
     Clock Rise Edge                 0.000
     + Clock Network Latency (Prop)  -0.002
     = Beginpoint Arrival Time       -0.002
     +-----------------------------------------------------------------------------+ 
     |       Instance        |     Arc     |   Cell   | Delay | Arrival | Required | 
     |                       |             |          |       |  Time   |   Time   | 
     |-----------------------+-------------+----------+-------+---------+----------| 
     | req_meta_q_reg[6]     | CK ^        |          |       |  -0.002 |   -0.022 | 
     | req_meta_q_reg[6]     | CK ^ -> Q v | DFFHQX1  | 0.137 |   0.136 |    0.116 | 
     | FE_PHC14_req_meta_q_6 | A v -> Y v  | CLKBUFX1 | 0.074 |   0.210 |    0.190 | 
     | FE_PHC46_req_meta_q_6 | A v -> Y v  | BUFX3    | 0.065 |   0.274 |    0.254 | 
     | req_sync_q_reg[6]     | D v         | DFFX1    | 0.000 |   0.274 |    0.255 | 
     +-----------------------------------------------------------------------------+ 
Path 4: MET Hold Check with Pin req_sync_q_reg[5]/CK 
Endpoint:   req_sync_q_reg[5]/D (v) checked with  leading edge of 'clk'
Beginpoint: req_meta_q_reg[5]/Q (v) triggered by  leading edge of 'clk'
Path Groups: {clk}
Analysis View: hold_view
Other End Arrival Time          0.085
+ Hold                         -0.036
+ Phase Shift                   0.000
+ Uncertainty                   0.200
= Required Time                 0.249
  Arrival Time                  0.271
  Slack Time                    0.021
     Clock Rise Edge                 0.000
     + Clock Network Latency (Prop)  -0.002
     = Beginpoint Arrival Time       -0.002
     +-----------------------------------------------------------------------------+ 
     |       Instance        |     Arc     |   Cell   | Delay | Arrival | Required | 
     |                       |             |          |       |  Time   |   Time   | 
     |-----------------------+-------------+----------+-------+---------+----------| 
     | req_meta_q_reg[5]     | CK ^        |          |       |  -0.002 |   -0.023 | 
     | req_meta_q_reg[5]     | CK ^ -> Q v | DFFHQX1  | 0.131 |   0.129 |    0.108 | 
     | FE_PHC2_req_meta_q_5  | A v -> Y v  | CLKBUFX1 | 0.070 |   0.200 |    0.178 | 
     | FE_PHC32_req_meta_q_5 | A v -> Y v  | CLKBUFX1 | 0.071 |   0.271 |    0.249 | 
     | req_sync_q_reg[5]     | D v         | DFFX1    | 0.000 |   0.271 |    0.249 | 
     +-----------------------------------------------------------------------------+ 
Path 5: MET Hold Check with Pin req_sync_q_reg[12]/CK 
Endpoint:   req_sync_q_reg[12]/D (v) checked with  leading edge of 'clk'
Beginpoint: req_meta_q_reg[12]/Q (v) triggered by  leading edge of 'clk'
Path Groups: {clk}
Analysis View: hold_view
Other End Arrival Time          0.084
+ Hold                         -0.031
+ Phase Shift                   0.000
+ Uncertainty                   0.200
= Required Time                 0.253
  Arrival Time                  0.276
  Slack Time                    0.023
     Clock Rise Edge                 0.000
     + Clock Network Latency (Prop)  -0.002
     = Beginpoint Arrival Time       -0.002
     +-----------------------------------------------------------------------------+ 
     |        Instance        |     Arc     |  Cell   | Delay | Arrival | Required | 
     |                        |             |         |       |  Time   |   Time   | 
     |------------------------+-------------+---------+-------+---------+----------| 
     | req_meta_q_reg[12]     | CK ^        |         |       |  -0.002 |   -0.024 | 
     | req_meta_q_reg[12]     | CK ^ -> Q v | DFFHQX1 | 0.151 |   0.149 |    0.126 | 
     | FE_PHC17_req_meta_q_12 | A v -> Y v  | BUFX3   | 0.070 |   0.219 |    0.196 | 
     | FE_PHC29_req_meta_q_12 | A v -> Y v  | BUFX3   | 0.057 |   0.276 |    0.253 | 
     | req_sync_q_reg[12]     | D v         | DFFX1   | 0.000 |   0.276 |    0.253 | 
     +-----------------------------------------------------------------------------+ 
Path 6: MET Hold Check with Pin req_sync_q_reg[15]/CK 
Endpoint:   req_sync_q_reg[15]/D (v) checked with  leading edge of 'clk'
Beginpoint: req_meta_q_reg[15]/Q (v) triggered by  leading edge of 'clk'
Path Groups: {clk}
Analysis View: hold_view
Other End Arrival Time          0.085
+ Hold                         -0.030
+ Phase Shift                   0.000
+ Uncertainty                   0.200
= Required Time                 0.255
  Arrival Time                  0.281
  Slack Time                    0.026
     Clock Rise Edge                 0.000
     + Clock Network Latency (Prop)  -0.002
     = Beginpoint Arrival Time       -0.002
     +------------------------------------------------------------------------------+ 
     |        Instance        |     Arc     |   Cell   | Delay | Arrival | Required | 
     |                        |             |          |       |  Time   |   Time   | 
     |------------------------+-------------+----------+-------+---------+----------| 
     | req_meta_q_reg[15]     | CK ^        |          |       |  -0.002 |   -0.028 | 
     | req_meta_q_reg[15]     | CK ^ -> Q v | DFFHQX1  | 0.145 |   0.143 |    0.117 | 
     | FE_PHC16_req_meta_q_15 | A v -> Y v  | CLKBUFX1 | 0.075 |   0.218 |    0.192 | 
     | FE_PHC30_req_meta_q_15 | A v -> Y v  | BUFX3    | 0.064 |   0.281 |    0.255 | 
     | req_sync_q_reg[15]     | D v         | DFFX1    | 0.000 |   0.281 |    0.255 | 
     +------------------------------------------------------------------------------+ 
Path 7: MET Hold Check with Pin req_sync_q_reg[10]/CK 
Endpoint:   req_sync_q_reg[10]/D (v) checked with  leading edge of 'clk'
Beginpoint: req_meta_q_reg[10]/Q (v) triggered by  leading edge of 'clk'
Path Groups: {clk}
Analysis View: hold_view
Other End Arrival Time          0.085
+ Hold                         -0.030
+ Phase Shift                   0.000
+ Uncertainty                   0.200
= Required Time                 0.255
  Arrival Time                  0.283
  Slack Time                    0.028
     Clock Rise Edge                 0.000
     + Clock Network Latency (Prop)  -0.001
     = Beginpoint Arrival Time       -0.001
     +------------------------------------------------------------------------------+ 
     |        Instance        |     Arc     |   Cell   | Delay | Arrival | Required | 
     |                        |             |          |       |  Time   |   Time   | 
     |------------------------+-------------+----------+-------+---------+----------| 
     | req_meta_q_reg[10]     | CK ^        |          |       |  -0.001 |   -0.029 | 
     | req_meta_q_reg[10]     | CK ^ -> Q v | DFFHQX1  | 0.133 |   0.133 |    0.105 | 
     | FE_PHC10_req_meta_q_10 | A v -> Y v  | CLKBUFX1 | 0.083 |   0.216 |    0.188 | 
     | FE_PHC39_req_meta_q_10 | A v -> Y v  | CLKBUFX8 | 0.067 |   0.283 |    0.255 | 
     | req_sync_q_reg[10]     | D v         | DFFX1    | 0.000 |   0.283 |    0.255 | 
     +------------------------------------------------------------------------------+ 
Path 8: MET Hold Check with Pin req_sync_q_reg[11]/CK 
Endpoint:   req_sync_q_reg[11]/D (^) checked with  leading edge of 'clk'
Beginpoint: req_meta_q_reg[11]/Q (^) triggered by  leading edge of 'clk'
Path Groups: {clk}
Analysis View: hold_view
Other End Arrival Time          0.085
+ Hold                         -0.033
+ Phase Shift                   0.000
+ Uncertainty                   0.200
= Required Time                 0.252
  Arrival Time                  0.305
  Slack Time                    0.053
     Clock Rise Edge                 0.000
     + Clock Network Latency (Prop)  -0.001
     = Beginpoint Arrival Time       -0.001
     +------------------------------------------------------------------------------+ 
     |        Instance        |     Arc     |   Cell   | Delay | Arrival | Required | 
     |                        |             |          |       |  Time   |   Time   | 
     |------------------------+-------------+----------+-------+---------+----------| 
     | req_meta_q_reg[11]     | CK ^        |          |       |  -0.001 |   -0.053 | 
     | req_meta_q_reg[11]     | CK ^ -> Q ^ | DFFHQX1  | 0.149 |   0.148 |    0.096 | 
     | FE_PHC9_req_meta_q_11  | A ^ -> Y ^  | BUFX3    | 0.053 |   0.201 |    0.149 | 
     | FE_PHC54_req_meta_q_11 | A ^ -> Y ^  | BUFX3    | 0.049 |   0.250 |    0.197 | 
     | FE_PHC36_req_meta_q_11 | A ^ -> Y ^  | CLKBUFX1 | 0.055 |   0.305 |    0.252 | 
     | req_sync_q_reg[11]     | D ^         | DFFX1    | 0.000 |   0.305 |    0.252 | 
     +------------------------------------------------------------------------------+ 
Path 9: MET Hold Check with Pin req_sync_q_reg[1]/CK 
Endpoint:   req_sync_q_reg[1]/D (^) checked with  leading edge of 'clk'
Beginpoint: req_meta_q_reg[1]/Q (^) triggered by  leading edge of 'clk'
Path Groups: {clk}
Analysis View: hold_view
Other End Arrival Time          0.085
+ Hold                         -0.033
+ Phase Shift                   0.000
+ Uncertainty                   0.200
= Required Time                 0.252
  Arrival Time                  0.306
  Slack Time                    0.054
     Clock Rise Edge                 0.000
     + Clock Network Latency (Prop)  -0.002
     = Beginpoint Arrival Time       -0.002
     +-----------------------------------------------------------------------------+ 
     |       Instance        |     Arc     |   Cell   | Delay | Arrival | Required | 
     |                       |             |          |       |  Time   |   Time   | 
     |-----------------------+-------------+----------+-------+---------+----------| 
     | req_meta_q_reg[1]     | CK ^        |          |       |  -0.002 |   -0.055 | 
     | req_meta_q_reg[1]     | CK ^ -> Q ^ | DFFHQX1  | 0.151 |   0.149 |    0.095 | 
     | FE_PHC3_req_meta_q_1  | A ^ -> Y ^  | BUFX3    | 0.053 |   0.203 |    0.149 | 
     | FE_PHC55_req_meta_q_1 | A ^ -> Y ^  | BUFX3    | 0.049 |   0.252 |    0.198 | 
     | FE_PHC37_req_meta_q_1 | A ^ -> Y ^  | CLKBUFX1 | 0.054 |   0.306 |    0.252 | 
     | req_sync_q_reg[1]     | D ^         | DFFX1    | 0.000 |   0.306 |    0.252 | 
     +-----------------------------------------------------------------------------+ 
Path 10: MET Hold Check with Pin req_sync_q_reg[8]/CK 
Endpoint:   req_sync_q_reg[8]/D (^) checked with  leading edge of 'clk'
Beginpoint: req_meta_q_reg[8]/Q (^) triggered by  leading edge of 'clk'
Path Groups: {clk}
Analysis View: hold_view
Other End Arrival Time          0.085
+ Hold                         -0.033
+ Phase Shift                   0.000
+ Uncertainty                   0.200
= Required Time                 0.252
  Arrival Time                  0.311
  Slack Time                    0.059
     Clock Rise Edge                 0.000
     + Clock Network Latency (Prop)  -0.002
     = Beginpoint Arrival Time       -0.002
     +-----------------------------------------------------------------------------+ 
     |       Instance        |     Arc     |   Cell   | Delay | Arrival | Required | 
     |                       |             |          |       |  Time   |   Time   | 
     |-----------------------+-------------+----------+-------+---------+----------| 
     | req_meta_q_reg[8]     | CK ^        |          |       |  -0.002 |   -0.060 | 
     | req_meta_q_reg[8]     | CK ^ -> Q ^ | DFFHQX1  | 0.152 |   0.150 |    0.092 | 
     | FE_PHC5_req_meta_q_8  | A ^ -> Y ^  | BUFX3    | 0.055 |   0.206 |    0.147 | 
     | FE_PHC57_req_meta_q_8 | A ^ -> Y ^  | BUFX3    | 0.049 |   0.255 |    0.196 | 
     | FE_PHC40_req_meta_q_8 | A ^ -> Y ^  | CLKBUFX1 | 0.056 |   0.311 |    0.252 | 
     | req_sync_q_reg[8]     | D ^         | DFFX1    | 0.000 |   0.311 |    0.252 | 
     +-----------------------------------------------------------------------------+ 
Path 11: MET Hold Check with Pin req_sync_q_reg[14]/CK 
Endpoint:   req_sync_q_reg[14]/D (^) checked with  leading edge of 'clk'
Beginpoint: req_meta_q_reg[14]/Q (^) triggered by  leading edge of 'clk'
Path Groups: {clk}
Analysis View: hold_view
Other End Arrival Time          0.085
+ Hold                         -0.033
+ Phase Shift                   0.000
+ Uncertainty                   0.200
= Required Time                 0.252
  Arrival Time                  0.312
  Slack Time                    0.060
     Clock Rise Edge                 0.000
     + Clock Network Latency (Prop)  -0.002
     = Beginpoint Arrival Time       -0.002
     +------------------------------------------------------------------------------+ 
     |        Instance        |     Arc     |   Cell   | Delay | Arrival | Required | 
     |                        |             |          |       |  Time   |   Time   | 
     |------------------------+-------------+----------+-------+---------+----------| 
     | req_meta_q_reg[14]     | CK ^        |          |       |  -0.002 |   -0.061 | 
     | req_meta_q_reg[14]     | CK ^ -> Q ^ | DFFHQX1  | 0.151 |   0.149 |    0.090 | 
     | FE_PHC8_req_meta_q_14  | A ^ -> Y ^  | BUFX3    | 0.056 |   0.205 |    0.145 | 
     | FE_PHC56_req_meta_q_14 | A ^ -> Y ^  | BUFX3    | 0.049 |   0.254 |    0.195 | 
     | FE_PHC38_req_meta_q_14 | A ^ -> Y ^  | CLKBUFX1 | 0.057 |   0.312 |    0.252 | 
     | req_sync_q_reg[14]     | D ^         | DFFX1    | 0.000 |   0.312 |    0.252 | 
     +------------------------------------------------------------------------------+ 
Path 12: MET Hold Check with Pin req_sync_q_reg[2]/CK 
Endpoint:   req_sync_q_reg[2]/D (^) checked with  leading edge of 'clk'
Beginpoint: req_meta_q_reg[2]/Q (^) triggered by  leading edge of 'clk'
Path Groups: {clk}
Analysis View: hold_view
Other End Arrival Time          0.085
+ Hold                         -0.033
+ Phase Shift                   0.000
+ Uncertainty                   0.200
= Required Time                 0.252
  Arrival Time                  0.312
  Slack Time                    0.061
     Clock Rise Edge                 0.000
     + Clock Network Latency (Prop)  -0.002
     = Beginpoint Arrival Time       -0.002
     +-----------------------------------------------------------------------------+ 
     |       Instance        |     Arc     |   Cell   | Delay | Arrival | Required | 
     |                       |             |          |       |  Time   |   Time   | 
     |-----------------------+-------------+----------+-------+---------+----------| 
     | req_meta_q_reg[2]     | CK ^        |          |       |  -0.002 |   -0.062 | 
     | req_meta_q_reg[2]     | CK ^ -> Q ^ | DFFHQX1  | 0.152 |   0.150 |    0.089 | 
     | FE_PHC13_req_meta_q_2 | A ^ -> Y ^  | BUFX3    | 0.055 |   0.205 |    0.144 | 
     | FE_PHC59_req_meta_q_2 | A ^ -> Y ^  | BUFX3    | 0.051 |   0.255 |    0.195 | 
     | FE_PHC45_req_meta_q_2 | A ^ -> Y ^  | CLKBUFX1 | 0.057 |   0.312 |    0.252 | 
     | req_sync_q_reg[2]     | D ^         | DFFX1    | 0.000 |   0.312 |    0.252 | 
     +-----------------------------------------------------------------------------+ 
Path 13: MET Hold Check with Pin req_sync_q_reg[9]/CK 
Endpoint:   req_sync_q_reg[9]/D (^) checked with  leading edge of 'clk'
Beginpoint: req_meta_q_reg[9]/Q (^) triggered by  leading edge of 'clk'
Path Groups: {clk}
Analysis View: hold_view
Other End Arrival Time          0.085
+ Hold                         -0.033
+ Phase Shift                   0.000
+ Uncertainty                   0.200
= Required Time                 0.252
  Arrival Time                  0.313
  Slack Time                    0.061
     Clock Rise Edge                 0.000
     + Clock Network Latency (Prop)  -0.002
     = Beginpoint Arrival Time       -0.002
     +-----------------------------------------------------------------------------+ 
     |       Instance        |     Arc     |   Cell   | Delay | Arrival | Required | 
     |                       |             |          |       |  Time   |   Time   | 
     |-----------------------+-------------+----------+-------+---------+----------| 
     | req_meta_q_reg[9]     | CK ^        |          |       |  -0.002 |   -0.063 | 
     | req_meta_q_reg[9]     | CK ^ -> Q ^ | DFFHQX1  | 0.152 |   0.150 |    0.089 | 
     | FE_PHC6_req_meta_q_9  | A ^ -> Y ^  | BUFX3    | 0.056 |   0.206 |    0.145 | 
     | FE_PHC58_req_meta_q_9 | A ^ -> Y ^  | BUFX3    | 0.050 |   0.256 |    0.195 | 
     | FE_PHC41_req_meta_q_9 | A ^ -> Y ^  | CLKBUFX1 | 0.057 |   0.313 |    0.252 | 
     | req_sync_q_reg[9]     | D ^         | DFFX1    | 0.000 |   0.313 |    0.252 | 
     +-----------------------------------------------------------------------------+ 
Path 14: MET Hold Check with Pin req_sync_q_reg[7]/CK 
Endpoint:   req_sync_q_reg[7]/D (^) checked with  leading edge of 'clk'
Beginpoint: req_meta_q_reg[7]/Q (^) triggered by  leading edge of 'clk'
Path Groups: {clk}
Analysis View: hold_view
Other End Arrival Time          0.085
+ Hold                         -0.032
+ Phase Shift                   0.000
+ Uncertainty                   0.200
= Required Time                 0.253
  Arrival Time                  0.317
  Slack Time                    0.064
     Clock Rise Edge                 0.000
     + Clock Network Latency (Prop)  -0.002
     = Beginpoint Arrival Time       -0.002
     +----------------------------------------------------------------------------+ 
     |       Instance        |     Arc     |  Cell   | Delay | Arrival | Required | 
     |                       |             |         |       |  Time   |   Time   | 
     |-----------------------+-------------+---------+-------+---------+----------| 
     | req_meta_q_reg[7]     | CK ^        |         |       |  -0.002 |   -0.066 | 
     | req_meta_q_reg[7]     | CK ^ -> Q ^ | DFFHQX1 | 0.151 |   0.149 |    0.085 | 
     | FE_PHC4_req_meta_q_7  | A ^ -> Y ^  | BUFX3   | 0.056 |   0.206 |    0.141 | 
     | FE_PHC62_req_meta_q_7 | A ^ -> Y ^  | BUFX3   | 0.048 |   0.254 |    0.189 | 
     | FE_PHC43_req_meta_q_7 | A ^ -> Y ^  | BUFXL   | 0.064 |   0.317 |    0.253 | 
     | req_sync_q_reg[7]     | D ^         | DFFX1   | 0.000 |   0.317 |    0.253 | 
     +----------------------------------------------------------------------------+ 
Path 15: MET Hold Check with Pin req_sync_q_reg[13]/CK 
Endpoint:   req_sync_q_reg[13]/D (^) checked with  leading edge of 'clk'
Beginpoint: req_meta_q_reg[13]/Q (^) triggered by  leading edge of 'clk'
Path Groups: {clk}
Analysis View: hold_view
Other End Arrival Time          0.085
+ Hold                         -0.033
+ Phase Shift                   0.000
+ Uncertainty                   0.200
= Required Time                 0.252
  Arrival Time                  0.322
  Slack Time                    0.070
     Clock Rise Edge                 0.000
     + Clock Network Latency (Prop)  -0.002
     = Beginpoint Arrival Time       -0.002
     +------------------------------------------------------------------------------+ 
     |        Instance        |     Arc     |   Cell   | Delay | Arrival | Required | 
     |                        |             |          |       |  Time   |   Time   | 
     |------------------------+-------------+----------+-------+---------+----------| 
     | req_meta_q_reg[13]     | CK ^        |          |       |  -0.002 |   -0.072 | 
     | req_meta_q_reg[13]     | CK ^ -> Q ^ | DFFHQX1  | 0.158 |   0.157 |    0.087 | 
     | FE_PHC11_req_meta_q_13 | A ^ -> Y ^  | BUFX3    | 0.056 |   0.213 |    0.143 | 
     | FE_PHC60_req_meta_q_13 | A ^ -> Y ^  | BUFX3    | 0.050 |   0.262 |    0.192 | 
     | FE_PHC44_req_meta_q_13 | A ^ -> Y ^  | CLKBUFX1 | 0.060 |   0.322 |    0.252 | 
     | req_sync_q_reg[13]     | D ^         | DFFX1    | 0.000 |   0.322 |    0.252 | 
     +------------------------------------------------------------------------------+ 
Path 16: MET Hold Check with Pin req_sync_q_reg[0]/CK 
Endpoint:   req_sync_q_reg[0]/D (v) checked with  leading edge of 'clk'
Beginpoint: req_meta_q_reg[0]/Q (v) triggered by  leading edge of 'clk'
Path Groups: {clk}
Analysis View: hold_view
Other End Arrival Time          0.085
+ Hold                         -0.035
+ Phase Shift                   0.000
+ Uncertainty                   0.200
= Required Time                 0.250
  Arrival Time                  0.346
  Slack Time                    0.096
     Clock Rise Edge                 0.000
     + Clock Network Latency (Prop)  -0.002
     = Beginpoint Arrival Time       -0.002
     +-----------------------------------------------------------------------------+ 
     |       Instance        |     Arc     |   Cell   | Delay | Arrival | Required | 
     |                       |             |          |       |  Time   |   Time   | 
     |-----------------------+-------------+----------+-------+---------+----------| 
     | req_meta_q_reg[0]     | CK ^        |          |       |  -0.002 |   -0.098 | 
     | req_meta_q_reg[0]     | CK ^ -> Q v | DFFHQX1  | 0.132 |   0.130 |    0.034 | 
     | FE_PHC7_req_meta_q_0  | A v -> Y v  | CLKBUFX1 | 0.070 |   0.200 |    0.104 | 
     | FE_PHC48_req_meta_q_0 | A v -> Y v  | CLKBUFX1 | 0.078 |   0.278 |    0.182 | 
     | FE_PHC63_req_meta_q_0 | A v -> Y v  | CLKBUFX1 | 0.068 |   0.346 |    0.250 | 
     | req_sync_q_reg[0]     | D v         | DFFX1    | 0.000 |   0.346 |    0.250 | 
     +-----------------------------------------------------------------------------+ 

