*----------------------------------------------------------------------------------------
*	Innovus 23.14-s088_1 (64bit) 02/28/2025 12:25 (Linux 3.10.0-693.el7.x86_64)
*	
*
* 	Date & Time:	2026-Aug-21 04:46:37 (2026-Aug-20 19:46:37 GMT)
*
*----------------------------------------------------------------------------------------
*
*	Design: aer_pending_gray_rank_reuse_sync_core_reset
*
*	Liberty Libraries used: 
*	        setup_view: <REMOTE_HOME>/FPR/lib/slow.lib
*
*	Power Domain used: 
*              Rail:        VDD      Voltage:       1.62 
*
*       Power View : setup_view
*
*       User-Defined Activity : N.A.
*
*       Activity File: N.A.
*
*       Hierarchical Global Activity: N.A.
*
*       Global Activity: N.A.
*
*       Sequential Element Activity: 0.200000
*
*       Primary Input Activity: 0.200000
*
*       Default icg ratio: N.A.
*
*       Global Comb ClockGate Ratio: N.A.
*
*	Power Units = 1mW
*
*	Time Units = 1e-09 secs 
*
*       report_power -outfile <REMOTE_HOME>/aer_2026/p9_grr_hold_sweep_20260821_0432/hold_0p020/reports/p9grr_pnr/postroute_power.rpt
*
-----------------------------------------------------------------------------------------


Total Power 
-----------------------------------------------------------------------------------------
Total Internal Power:        0.59555290 	   76.7228%
Total Switching Power:       0.18045701 	   23.2476%
Total Leakage Power:         0.00023028 	    0.0297%
Total Power:                 0.77624020 
-----------------------------------------------------------------------------------------


Group                           Internal   Switching     Leakage       Total  Percentage 
                                Power      Power         Power         Power  (%)        
-----------------------------------------------------------------------------------------
Sequential                        0.4635      0.0251   0.0001206      0.4887       62.96 
Macro                                  0           0           0           0           0 
IO                                     0           0           0           0           0 
Combinational                    0.08521      0.0781   0.0001033      0.1634       21.05 
Clock (Combinational)            0.04687     0.07725   6.339e-06      0.1241       15.99 
Clock (Sequential)                     0           0           0           0           0 
-----------------------------------------------------------------------------------------
Total                             0.5956      0.1805   0.0002303      0.7762         100 
-----------------------------------------------------------------------------------------


Rail                  Voltage   Internal   Switching     Leakage       Total  Percentage 
                                Power      Power         Power         Power  (%)        
-----------------------------------------------------------------------------------------
VDD                      1.62     0.5956      0.1805   0.0002303      0.7762         100 


Clock                           Internal   Switching     Leakage       Total  Percentage 
                                Power      Power         Power         Power  (%)        
-----------------------------------------------------------------------------------------
clk                              0.04687     0.07725   6.339e-06      0.1241       15.99 
-----------------------------------------------------------------------------------------
Total (excluding duplicates)     0.04687     0.07725   6.339e-06      0.1241       15.99 
-----------------------------------------------------------------------------------------
Clock: clk
Clock Period: 0.010000 usec 
Clock Toggle Rate:   200.0000 Mhz 
Clock Static Probability:  0.5000



-----------------------------------------------------------------------------------------
*	Power Distribution Summary: 
*                Highest Average Power:       CTS_ccl_a_buf_00001 (CLKBUFX20):           0.1241 
*                Highest Leakage Power:       CTS_ccl_a_buf_00001 (CLKBUFX20):        6.339e-06 
*          Total Cap:      3.40082e-12 F
*          Total instances in design:   281
*          Total instances in design with no power:     0
*          Total instances in design with no activity:     0
*          Total Fillers and Decap:     0
-----------------------------------------------------------------------------------------

