###############################################################
#  Generated by:      Cadence Innovus 23.14-s088_1
#  OS:                Linux x86_64(Host ID <REMOTE_HOST>)
#  Generated on:      Fri Aug 21 04:46:35 2026
#  Design:            aer_pending_gray_rank_reuse_sync_core_reset
#  Command:           report_timing \
#    -from [get_pins {req_sync_q_reg*/Q*}] \
#    -max_paths 50 > [file join $report_dir postroute_core_setup_timing.rpt]
###############################################################
Path 1: MET Setup Check with Pin pending_rank_q_reg[10]/CK 
Endpoint:   pending_rank_q_reg[10]/D (v) checked with  leading edge of 'clk'
Beginpoint: req_sync_q_reg[8]/QN     (v) triggered by  leading edge of 'clk'
Path Groups: {clk}
Analysis View: setup_view
Other End Arrival Time          0.171
- Setup                         0.353
+ Phase Shift                  10.000
- Uncertainty                   0.200
= Required Time                 9.618
- Arrival Time                  4.808
= Slack Time                    4.810
     Clock Rise Edge                 0.000
     + Clock Network Latency (Prop)  0.000
     = Beginpoint Arrival Time       0.000
     +--------------------------------------------------------------------------------+ 
     |        Instance        |     Arc      |   Cell    | Delay | Arrival | Required | 
     |                        |              |           |       |  Time   |   Time   | 
     |------------------------+--------------+-----------+-------+---------+----------| 
     | req_sync_q_reg[8]      | CK ^         |           |       |   0.000 |    4.810 | 
     | req_sync_q_reg[8]      | CK ^ -> QN v | DFFX1     | 0.578 |   0.579 |    5.389 | 
     | g6970__8428            | A1N v -> Y v | AOI2BB1X1 | 0.386 |   0.964 |    5.774 | 
     | g6936__7482            | D v -> Y ^   | NAND4X1   | 0.216 |   1.180 |    5.990 | 
     | g6927__2802            | A ^ -> Y ^   | OR2X2     | 0.196 |   1.376 |    6.186 | 
     | g6923__4319            | AN ^ -> Y ^  | NAND2BX1  | 0.174 |   1.550 |    6.360 | 
     | g6918__6417            | A0 ^ -> Y v  | AOI21X1   | 0.134 |   1.684 |    6.494 | 
     | g6909__9315            | B0 v -> Y ^  | AOI211X1  | 0.760 |   2.444 |    7.254 | 
     | g6907                  | A ^ -> Y v   | INVX1     | 0.340 |   2.783 |    7.594 | 
     | g6890__8428            | B1 v -> Y ^  | AOI22X1   | 0.359 |   3.143 |    7.953 | 
     | g6888__4319            | C0 ^ -> Y v  | OAI221XL  | 0.203 |   3.346 |    8.156 | 
     | g6885__5107            | A v -> Y v   | AND3X2    | 0.242 |   3.587 |    8.397 | 
     | g6879__5477            | B0 v -> Y ^  | AOI211X1  | 0.360 |   3.947 |    8.757 | 
     | g6876                  | A ^ -> Y v   | INVX1     | 0.109 |   4.056 |    8.866 | 
     | g6870__7482            | A0 v -> Y ^  | OAI21XL   | 0.502 |   4.558 |    9.368 | 
     | g6852__8428            | A0 ^ -> Y v  | AOI31XL   | 0.249 |   4.808 |    9.618 | 
     | pending_rank_q_reg[10] | D v          | DFFHQX1   | 0.000 |   4.808 |    9.618 | 
     +--------------------------------------------------------------------------------+ 
Path 2: MET Setup Check with Pin pending_rank_q_reg[12]/CK 
Endpoint:   pending_rank_q_reg[12]/D (v) checked with  leading edge of 'clk'
Beginpoint: req_sync_q_reg[8]/QN     (v) triggered by  leading edge of 'clk'
Path Groups: {clk}
Analysis View: setup_view
Other End Arrival Time          0.173
- Setup                         0.350
+ Phase Shift                  10.000
- Uncertainty                   0.200
= Required Time                 9.623
- Arrival Time                  4.788
= Slack Time                    4.835
     Clock Rise Edge                 0.000
     + Clock Network Latency (Prop)  0.000
     = Beginpoint Arrival Time       0.000
     +--------------------------------------------------------------------------------+ 
     |        Instance        |     Arc      |   Cell    | Delay | Arrival | Required | 
     |                        |              |           |       |  Time   |   Time   | 
     |------------------------+--------------+-----------+-------+---------+----------| 
     | req_sync_q_reg[8]      | CK ^         |           |       |   0.000 |    4.835 | 
     | req_sync_q_reg[8]      | CK ^ -> QN v | DFFX1     | 0.578 |   0.579 |    5.414 | 
     | g6970__8428            | A1N v -> Y v | AOI2BB1X1 | 0.386 |   0.964 |    5.799 | 
     | g6936__7482            | D v -> Y ^   | NAND4X1   | 0.216 |   1.180 |    6.015 | 
     | g6927__2802            | A ^ -> Y ^   | OR2X2     | 0.196 |   1.376 |    6.211 | 
     | g6923__4319            | AN ^ -> Y ^  | NAND2BX1  | 0.174 |   1.550 |    6.385 | 
     | g6918__6417            | A0 ^ -> Y v  | AOI21X1   | 0.134 |   1.684 |    6.519 | 
     | g6909__9315            | B0 v -> Y ^  | AOI211X1  | 0.760 |   2.444 |    7.279 | 
     | g6907                  | A ^ -> Y v   | INVX1     | 0.340 |   2.783 |    7.619 | 
     | g6890__8428            | B1 v -> Y ^  | AOI22X1   | 0.359 |   3.143 |    7.978 | 
     | g6888__4319            | C0 ^ -> Y v  | OAI221XL  | 0.203 |   3.346 |    8.181 | 
     | g6885__5107            | A v -> Y v   | AND3X2    | 0.242 |   3.587 |    8.422 | 
     | g6879__5477            | B0 v -> Y ^  | AOI211X1  | 0.360 |   3.947 |    8.782 | 
     | g6876                  | A ^ -> Y v   | INVX1     | 0.109 |   4.056 |    8.891 | 
     | g6870__7482            | A0 v -> Y ^  | OAI21XL   | 0.502 |   4.558 |    9.393 | 
     | g6857__5526            | A0 ^ -> Y v  | AOI31XL   | 0.230 |   4.788 |    9.623 | 
     | pending_rank_q_reg[12] | D v          | DFFHQX1   | 0.000 |   4.788 |    9.623 | 
     +--------------------------------------------------------------------------------+ 
Path 3: MET Setup Check with Pin pending_rank_q_reg[8]/CK 
Endpoint:   pending_rank_q_reg[8]/D (v) checked with  leading edge of 'clk'
Beginpoint: req_sync_q_reg[8]/QN    (v) triggered by  leading edge of 'clk'
Path Groups: {clk}
Analysis View: setup_view
Other End Arrival Time          0.171
- Setup                         0.346
+ Phase Shift                  10.000
- Uncertainty                   0.200
= Required Time                 9.626
- Arrival Time                  4.765
= Slack Time                    4.861
     Clock Rise Edge                 0.000
     + Clock Network Latency (Prop)  0.000
     = Beginpoint Arrival Time       0.000
     +-------------------------------------------------------------------------------+ 
     |       Instance        |     Arc      |   Cell    | Delay | Arrival | Required | 
     |                       |              |           |       |  Time   |   Time   | 
     |-----------------------+--------------+-----------+-------+---------+----------| 
     | req_sync_q_reg[8]     | CK ^         |           |       |   0.000 |    4.861 | 
     | req_sync_q_reg[8]     | CK ^ -> QN v | DFFX1     | 0.578 |   0.579 |    5.439 | 
     | g6970__8428           | A1N v -> Y v | AOI2BB1X1 | 0.386 |   0.964 |    5.825 | 
     | g6936__7482           | D v -> Y ^   | NAND4X1   | 0.216 |   1.180 |    6.041 | 
     | g6927__2802           | A ^ -> Y ^   | OR2X2     | 0.196 |   1.376 |    6.237 | 
     | g6923__4319           | AN ^ -> Y ^  | NAND2BX1  | 0.174 |   1.550 |    6.411 | 
     | g6918__6417           | A0 ^ -> Y v  | AOI21X1   | 0.134 |   1.684 |    6.545 | 
     | g6909__9315           | B0 v -> Y ^  | AOI211X1  | 0.760 |   2.444 |    7.305 | 
     | g6907                 | A ^ -> Y v   | INVX1     | 0.340 |   2.783 |    7.644 | 
     | g6890__8428           | B1 v -> Y ^  | AOI22X1   | 0.359 |   3.143 |    8.004 | 
     | g6888__4319           | C0 ^ -> Y v  | OAI221XL  | 0.203 |   3.346 |    8.206 | 
     | g6885__5107           | A v -> Y v   | AND3X2    | 0.242 |   3.587 |    8.448 | 
     | g6879__5477           | B0 v -> Y ^  | AOI211X1  | 0.360 |   3.947 |    8.808 | 
     | g6876                 | A ^ -> Y v   | INVX1     | 0.109 |   4.056 |    8.917 | 
     | g6870__7482           | A0 v -> Y ^  | OAI21XL   | 0.502 |   4.558 |    9.419 | 
     | g6854__5107           | A0 ^ -> Y v  | AOI31XL   | 0.207 |   4.765 |    9.626 | 
     | pending_rank_q_reg[8] | D v          | DFFHQX1   | 0.000 |   4.765 |    9.626 | 
     +-------------------------------------------------------------------------------+ 
Path 4: MET Setup Check with Pin pending_rank_q_reg[14]/CK 
Endpoint:   pending_rank_q_reg[14]/D (v) checked with  leading edge of 'clk'
Beginpoint: req_sync_q_reg[8]/QN     (v) triggered by  leading edge of 'clk'
Path Groups: {clk}
Analysis View: setup_view
Other End Arrival Time          0.173
- Setup                         0.344
+ Phase Shift                  10.000
- Uncertainty                   0.200
= Required Time                 9.628
- Arrival Time                  4.757
= Slack Time                    4.872
     Clock Rise Edge                 0.000
     + Clock Network Latency (Prop)  0.000
     = Beginpoint Arrival Time       0.000
     +--------------------------------------------------------------------------------+ 
     |        Instance        |     Arc      |   Cell    | Delay | Arrival | Required | 
     |                        |              |           |       |  Time   |   Time   | 
     |------------------------+--------------+-----------+-------+---------+----------| 
     | req_sync_q_reg[8]      | CK ^         |           |       |   0.000 |    4.872 | 
     | req_sync_q_reg[8]      | CK ^ -> QN v | DFFX1     | 0.578 |   0.579 |    5.450 | 
     | g6970__8428            | A1N v -> Y v | AOI2BB1X1 | 0.386 |   0.964 |    5.836 | 
     | g6936__7482            | D v -> Y ^   | NAND4X1   | 0.216 |   1.180 |    6.052 | 
     | g6927__2802            | A ^ -> Y ^   | OR2X2     | 0.196 |   1.376 |    6.248 | 
     | g6923__4319            | AN ^ -> Y ^  | NAND2BX1  | 0.174 |   1.550 |    6.422 | 
     | g6918__6417            | A0 ^ -> Y v  | AOI21X1   | 0.134 |   1.684 |    6.556 | 
     | g6909__9315            | B0 v -> Y ^  | AOI211X1  | 0.760 |   2.444 |    7.316 | 
     | g6907                  | A ^ -> Y v   | INVX1     | 0.340 |   2.783 |    7.655 | 
     | g6890__8428            | B1 v -> Y ^  | AOI22X1   | 0.359 |   3.143 |    8.015 | 
     | g6888__4319            | C0 ^ -> Y v  | OAI221XL  | 0.203 |   3.346 |    8.217 | 
     | g6885__5107            | A v -> Y v   | AND3X2    | 0.242 |   3.587 |    8.459 | 
     | g6879__5477            | B0 v -> Y ^  | AOI211X1  | 0.360 |   3.947 |    8.819 | 
     | g6876                  | A ^ -> Y v   | INVX1     | 0.109 |   4.056 |    8.928 | 
     | g6870__7482            | A0 v -> Y ^  | OAI21XL   | 0.502 |   4.558 |    9.430 | 
     | g6864__2398            | A0 ^ -> Y v  | AOI31XL   | 0.198 |   4.756 |    9.628 | 
     | pending_rank_q_reg[14] | D v          | DFFHQX1   | 0.000 |   4.757 |    9.628 | 
     +--------------------------------------------------------------------------------+ 
Path 5: MET Setup Check with Pin pending_rank_q_reg[6]/CK 
Endpoint:   pending_rank_q_reg[6]/D (v) checked with  leading edge of 'clk'
Beginpoint: req_sync_q_reg[8]/QN    (v) triggered by  leading edge of 'clk'
Path Groups: {clk}
Analysis View: setup_view
Other End Arrival Time          0.172
- Setup                         0.350
+ Phase Shift                  10.000
- Uncertainty                   0.200
= Required Time                 9.622
- Arrival Time                  4.525
= Slack Time                    5.097
     Clock Rise Edge                 0.000
     + Clock Network Latency (Prop)  0.000
     = Beginpoint Arrival Time       0.000
     +-------------------------------------------------------------------------------+ 
     |       Instance        |     Arc      |   Cell    | Delay | Arrival | Required | 
     |                       |              |           |       |  Time   |   Time   | 
     |-----------------------+--------------+-----------+-------+---------+----------| 
     | req_sync_q_reg[8]     | CK ^         |           |       |   0.000 |    5.097 | 
     | req_sync_q_reg[8]     | CK ^ -> QN v | DFFX1     | 0.578 |   0.579 |    5.676 | 
     | g6970__8428           | A1N v -> Y v | AOI2BB1X1 | 0.386 |   0.964 |    6.061 | 
     | g6936__7482           | D v -> Y ^   | NAND4X1   | 0.216 |   1.180 |    6.277 | 
     | g6927__2802           | A ^ -> Y ^   | OR2X2     | 0.196 |   1.376 |    6.473 | 
     | g6923__4319           | AN ^ -> Y ^  | NAND2BX1  | 0.174 |   1.550 |    6.647 | 
     | g6918__6417           | A0 ^ -> Y v  | AOI21X1   | 0.134 |   1.684 |    6.781 | 
     | g6909__9315           | B0 v -> Y ^  | AOI211X1  | 0.760 |   2.444 |    7.541 | 
     | g6907                 | A ^ -> Y v   | INVX1     | 0.340 |   2.783 |    7.881 | 
     | g6890__8428           | B1 v -> Y ^  | AOI22X1   | 0.359 |   3.143 |    8.240 | 
     | g6888__4319           | C0 ^ -> Y v  | OAI221XL  | 0.203 |   3.346 |    8.443 | 
     | g6885__5107           | A v -> Y v   | AND3X2    | 0.242 |   3.587 |    8.684 | 
     | g6879__5477           | B0 v -> Y ^  | AOI211X1  | 0.360 |   3.947 |    9.044 | 
     | g6873__9945           | A1N ^ -> Y ^ | OAI2BB1X1 | 0.395 |   4.342 |    9.439 | 
     | g6866__5122           | A0 ^ -> Y v  | AOI31XL   | 0.183 |   4.525 |    9.622 | 
     | pending_rank_q_reg[6] | D v          | DFFHQX1   | 0.000 |   4.525 |    9.622 | 
     +-------------------------------------------------------------------------------+ 
Path 6: MET Setup Check with Pin pending_rank_q_reg[2]/CK 
Endpoint:   pending_rank_q_reg[2]/D (v) checked with  leading edge of 'clk'
Beginpoint: req_sync_q_reg[8]/QN    (v) triggered by  leading edge of 'clk'
Path Groups: {clk}
Analysis View: setup_view
Other End Arrival Time          0.172
- Setup                         0.347
+ Phase Shift                  10.000
- Uncertainty                   0.200
= Required Time                 9.625
- Arrival Time                  4.509
= Slack Time                    5.116
     Clock Rise Edge                 0.000
     + Clock Network Latency (Prop)  0.000
     = Beginpoint Arrival Time       0.000
     +-------------------------------------------------------------------------------+ 
     |       Instance        |     Arc      |   Cell    | Delay | Arrival | Required | 
     |                       |              |           |       |  Time   |   Time   | 
     |-----------------------+--------------+-----------+-------+---------+----------| 
     | req_sync_q_reg[8]     | CK ^         |           |       |   0.000 |    5.116 | 
     | req_sync_q_reg[8]     | CK ^ -> QN v | DFFX1     | 0.578 |   0.579 |    5.694 | 
     | g6970__8428           | A1N v -> Y v | AOI2BB1X1 | 0.386 |   0.964 |    6.080 | 
     | g6936__7482           | D v -> Y ^   | NAND4X1   | 0.216 |   1.180 |    6.296 | 
     | g6927__2802           | A ^ -> Y ^   | OR2X2     | 0.196 |   1.376 |    6.492 | 
     | g6923__4319           | AN ^ -> Y ^  | NAND2BX1  | 0.174 |   1.550 |    6.666 | 
     | g6918__6417           | A0 ^ -> Y v  | AOI21X1   | 0.134 |   1.684 |    6.800 | 
     | g6909__9315           | B0 v -> Y ^  | AOI211X1  | 0.760 |   2.444 |    7.560 | 
     | g6907                 | A ^ -> Y v   | INVX1     | 0.340 |   2.783 |    7.899 | 
     | g6890__8428           | B1 v -> Y ^  | AOI22X1   | 0.359 |   3.143 |    8.259 | 
     | g6888__4319           | C0 ^ -> Y v  | OAI221XL  | 0.203 |   3.346 |    8.461 | 
     | g6885__5107           | A v -> Y v   | AND3X2    | 0.242 |   3.587 |    8.703 | 
     | g6879__5477           | B0 v -> Y ^  | AOI211X1  | 0.360 |   3.947 |    9.063 | 
     | g6873__9945           | A1N ^ -> Y ^ | OAI2BB1X1 | 0.395 |   4.342 |    9.458 | 
     | g6862__1705           | A0 ^ -> Y v  | AOI31XL   | 0.167 |   4.509 |    9.625 | 
     | pending_rank_q_reg[2] | D v          | DFFHQX1   | 0.000 |   4.509 |    9.625 | 
     +-------------------------------------------------------------------------------+ 
Path 7: MET Setup Check with Pin pending_rank_q_reg[0]/CK 
Endpoint:   pending_rank_q_reg[0]/D (v) checked with  leading edge of 'clk'
Beginpoint: req_sync_q_reg[8]/QN    (v) triggered by  leading edge of 'clk'
Path Groups: {clk}
Analysis View: setup_view
Other End Arrival Time          0.172
- Setup                         0.346
+ Phase Shift                  10.000
- Uncertainty                   0.200
= Required Time                 9.626
- Arrival Time                  4.508
= Slack Time                    5.118
     Clock Rise Edge                 0.000
     + Clock Network Latency (Prop)  0.000
     = Beginpoint Arrival Time       0.000
     +-------------------------------------------------------------------------------+ 
     |       Instance        |     Arc      |   Cell    | Delay | Arrival | Required | 
     |                       |              |           |       |  Time   |   Time   | 
     |-----------------------+--------------+-----------+-------+---------+----------| 
     | req_sync_q_reg[8]     | CK ^         |           |       |   0.000 |    5.118 | 
     | req_sync_q_reg[8]     | CK ^ -> QN v | DFFX1     | 0.578 |   0.579 |    5.696 | 
     | g6970__8428           | A1N v -> Y v | AOI2BB1X1 | 0.386 |   0.964 |    6.082 | 
     | g6936__7482           | D v -> Y ^   | NAND4X1   | 0.216 |   1.180 |    6.298 | 
     | g6927__2802           | A ^ -> Y ^   | OR2X2     | 0.196 |   1.376 |    6.494 | 
     | g6923__4319           | AN ^ -> Y ^  | NAND2BX1  | 0.174 |   1.550 |    6.668 | 
     | g6918__6417           | A0 ^ -> Y v  | AOI21X1   | 0.134 |   1.684 |    6.802 | 
     | g6909__9315           | B0 v -> Y ^  | AOI211X1  | 0.760 |   2.444 |    7.562 | 
     | g6907                 | A ^ -> Y v   | INVX1     | 0.340 |   2.783 |    7.901 | 
     | g6890__8428           | B1 v -> Y ^  | AOI22X1   | 0.359 |   3.143 |    8.261 | 
     | g6888__4319           | C0 ^ -> Y v  | OAI221XL  | 0.203 |   3.346 |    8.463 | 
     | g6885__5107           | A v -> Y v   | AND3X2    | 0.242 |   3.587 |    8.705 | 
     | g6879__5477           | B0 v -> Y ^  | AOI211X1  | 0.360 |   3.947 |    9.065 | 
     | g6873__9945           | A1N ^ -> Y ^ | OAI2BB1X1 | 0.395 |   4.342 |    9.460 | 
     | g6856__1617           | A0 ^ -> Y v  | AOI31XL   | 0.166 |   4.508 |    9.626 | 
     | pending_rank_q_reg[0] | D v          | DFFHQX1   | 0.000 |   4.508 |    9.626 | 
     +-------------------------------------------------------------------------------+ 
Path 8: MET Setup Check with Pin pending_rank_q_reg[4]/CK 
Endpoint:   pending_rank_q_reg[4]/D (v) checked with  leading edge of 'clk'
Beginpoint: req_sync_q_reg[8]/QN    (v) triggered by  leading edge of 'clk'
Path Groups: {clk}
Analysis View: setup_view
Other End Arrival Time          0.173
- Setup                         0.344
+ Phase Shift                  10.000
- Uncertainty                   0.200
= Required Time                 9.629
- Arrival Time                  4.497
= Slack Time                    5.131
     Clock Rise Edge                 0.000
     + Clock Network Latency (Prop)  0.000
     = Beginpoint Arrival Time       0.000
     +-------------------------------------------------------------------------------+ 
     |       Instance        |     Arc      |   Cell    | Delay | Arrival | Required | 
     |                       |              |           |       |  Time   |   Time   | 
     |-----------------------+--------------+-----------+-------+---------+----------| 
     | req_sync_q_reg[8]     | CK ^         |           |       |   0.000 |    5.131 | 
     | req_sync_q_reg[8]     | CK ^ -> QN v | DFFX1     | 0.578 |   0.579 |    5.710 | 
     | g6970__8428           | A1N v -> Y v | AOI2BB1X1 | 0.386 |   0.964 |    6.096 | 
     | g6936__7482           | D v -> Y ^   | NAND4X1   | 0.216 |   1.180 |    6.312 | 
     | g6927__2802           | A ^ -> Y ^   | OR2X2     | 0.196 |   1.376 |    6.507 | 
     | g6923__4319           | AN ^ -> Y ^  | NAND2BX1  | 0.174 |   1.550 |    6.681 | 
     | g6918__6417           | A0 ^ -> Y v  | AOI21X1   | 0.134 |   1.684 |    6.815 | 
     | g6909__9315           | B0 v -> Y ^  | AOI211X1  | 0.760 |   2.444 |    7.575 | 
     | g6907                 | A ^ -> Y v   | INVX1     | 0.340 |   2.783 |    7.915 | 
     | g6890__8428           | B1 v -> Y ^  | AOI22X1   | 0.359 |   3.143 |    8.274 | 
     | g6888__4319           | C0 ^ -> Y v  | OAI221XL  | 0.203 |   3.346 |    8.477 | 
     | g6885__5107           | A v -> Y v   | AND3X2    | 0.242 |   3.587 |    8.718 | 
     | g6879__5477           | B0 v -> Y ^  | AOI211X1  | 0.360 |   3.947 |    9.079 | 
     | g6873__9945           | A1N ^ -> Y ^ | OAI2BB1X1 | 0.395 |   4.342 |    9.474 | 
     | g6860__8246           | A0 ^ -> Y v  | AOI31XL   | 0.155 |   4.497 |    9.629 | 
     | pending_rank_q_reg[4] | D v          | DFFHQX1   | 0.000 |   4.497 |    9.629 | 
     +-------------------------------------------------------------------------------+ 
Path 9: MET Setup Check with Pin pending_rank_q_reg[7]/CK 
Endpoint:   pending_rank_q_reg[7]/D (^) checked with  leading edge of 'clk'
Beginpoint: req_sync_q_reg[8]/QN    (v) triggered by  leading edge of 'clk'
Path Groups: {clk}
Analysis View: setup_view
Other End Arrival Time          0.172
- Setup                         0.167
+ Phase Shift                  10.000
- Uncertainty                   0.200
= Required Time                 9.805
- Arrival Time                  4.630
= Slack Time                    5.176
     Clock Rise Edge                 0.000
     + Clock Network Latency (Prop)  0.000
     = Beginpoint Arrival Time       0.000
     +-------------------------------------------------------------------------------+ 
     |       Instance        |     Arc      |   Cell    | Delay | Arrival | Required | 
     |                       |              |           |       |  Time   |   Time   | 
     |-----------------------+--------------+-----------+-------+---------+----------| 
     | req_sync_q_reg[8]     | CK ^         |           |       |   0.000 |    5.176 | 
     | req_sync_q_reg[8]     | CK ^ -> QN v | DFFX1     | 0.578 |   0.579 |    5.754 | 
     | g6970__8428           | A1N v -> Y v | AOI2BB1X1 | 0.386 |   0.964 |    6.140 | 
     | g6936__7482           | D v -> Y ^   | NAND4X1   | 0.216 |   1.180 |    6.356 | 
     | g6927__2802           | A ^ -> Y ^   | OR2X2     | 0.196 |   1.376 |    6.552 | 
     | g6923__4319           | AN ^ -> Y ^  | NAND2BX1  | 0.174 |   1.550 |    6.725 | 
     | g6918__6417           | A0 ^ -> Y v  | AOI21X1   | 0.134 |   1.684 |    6.860 | 
     | g6909__9315           | B0 v -> Y ^  | AOI211X1  | 0.760 |   2.444 |    7.619 | 
     | g6907                 | A ^ -> Y v   | INVX1     | 0.340 |   2.783 |    7.959 | 
     | g6890__8428           | B1 v -> Y ^  | AOI22X1   | 0.359 |   3.143 |    8.318 | 
     | g6888__4319           | C0 ^ -> Y v  | OAI221XL  | 0.203 |   3.346 |    8.521 | 
     | g6885__5107           | A v -> Y v   | AND3X2    | 0.242 |   3.587 |    8.763 | 
     | g6879__5477           | B0 v -> Y ^  | AOI211X1  | 0.360 |   3.947 |    9.123 | 
     | g6876                 | A ^ -> Y v   | INVX1     | 0.109 |   4.056 |    9.231 | 
     | g6874__4733           | A1N v -> Y v | OAI2BB1X1 | 0.330 |   4.386 |    9.562 | 
     | g6867__6783           | A0 v -> Y ^  | AOI31X1   | 0.243 |   4.629 |    9.805 | 
     | pending_rank_q_reg[7] | D ^          | DFFHQX1   | 0.000 |   4.630 |    9.805 | 
     +-------------------------------------------------------------------------------+ 
Path 10: MET Setup Check with Pin pending_rank_q_reg[9]/CK 
Endpoint:   pending_rank_q_reg[9]/D (v) checked with  leading edge of 'clk'
Beginpoint: req_sync_q_reg[8]/QN    (v) triggered by  leading edge of 'clk'
Path Groups: {clk}
Analysis View: setup_view
Other End Arrival Time          0.170
- Setup                         0.347
+ Phase Shift                  10.000
- Uncertainty                   0.200
= Required Time                 9.624
- Arrival Time                  4.426
= Slack Time                    5.197
     Clock Rise Edge                 0.000
     + Clock Network Latency (Prop)  0.000
     = Beginpoint Arrival Time       0.000
     +-------------------------------------------------------------------------------+ 
     |       Instance        |     Arc      |   Cell    | Delay | Arrival | Required | 
     |                       |              |           |       |  Time   |   Time   | 
     |-----------------------+--------------+-----------+-------+---------+----------| 
     | req_sync_q_reg[8]     | CK ^         |           |       |   0.000 |    5.197 | 
     | req_sync_q_reg[8]     | CK ^ -> QN v | DFFX1     | 0.578 |   0.579 |    5.776 | 
     | g6970__8428           | A1N v -> Y v | AOI2BB1X1 | 0.386 |   0.964 |    6.161 | 
     | g6936__7482           | D v -> Y ^   | NAND4X1   | 0.216 |   1.180 |    6.377 | 
     | g6927__2802           | A ^ -> Y ^   | OR2X2     | 0.196 |   1.376 |    6.573 | 
     | g6923__4319           | AN ^ -> Y ^  | NAND2BX1  | 0.174 |   1.550 |    6.747 | 
     | g6918__6417           | A0 ^ -> Y v  | AOI21X1   | 0.134 |   1.684 |    6.881 | 
     | g6905__6161           | A1 v -> Y ^  | OAI21XL   | 0.660 |   2.344 |    7.541 | 
     | g6904                 | A ^ -> Y v   | INVX1     | 0.264 |   2.608 |    7.805 | 
     | g6895__1617           | B0 v -> Y ^  | OAI22X1   | 0.266 |   2.874 |    8.071 | 
     | g6890__8428           | B0 ^ -> Y v  | AOI22X1   | 0.193 |   3.067 |    8.264 | 
     | g6888__4319           | C0 v -> Y ^  | OAI221XL  | 0.190 |   3.258 |    8.455 | 
     | g6885__5107           | A ^ -> Y ^   | AND3X2    | 0.249 |   3.506 |    8.703 | 
     | g6879__5477           | B0 ^ -> Y v  | AOI211X1  | 0.123 |   3.629 |    8.826 | 
     | g6872__6161           | A0 v -> Y ^  | OAI21XL   | 0.595 |   4.224 |    9.421 | 
     | g6855__2802           | A0 ^ -> Y v  | AOI31X1   | 0.203 |   4.426 |    9.623 | 
     | pending_rank_q_reg[9] | D v          | DFFHQX1   | 0.000 |   4.426 |    9.624 | 
     +-------------------------------------------------------------------------------+ 
Path 11: MET Setup Check with Pin pending_rank_q_reg[11]/CK 
Endpoint:   pending_rank_q_reg[11]/D (v) checked with  leading edge of 'clk'
Beginpoint: req_sync_q_reg[8]/QN     (v) triggered by  leading edge of 'clk'
Path Groups: {clk}
Analysis View: setup_view
Other End Arrival Time          0.171
- Setup                         0.344
+ Phase Shift                  10.000
- Uncertainty                   0.200
= Required Time                 9.627
- Arrival Time                  4.409
= Slack Time                    5.218
     Clock Rise Edge                 0.000
     + Clock Network Latency (Prop)  0.000
     = Beginpoint Arrival Time       0.000
     +--------------------------------------------------------------------------------+ 
     |        Instance        |     Arc      |   Cell    | Delay | Arrival | Required | 
     |                        |              |           |       |  Time   |   Time   | 
     |------------------------+--------------+-----------+-------+---------+----------| 
     | req_sync_q_reg[8]      | CK ^         |           |       |   0.000 |    5.218 | 
     | req_sync_q_reg[8]      | CK ^ -> QN v | DFFX1     | 0.578 |   0.579 |    5.796 | 
     | g6970__8428            | A1N v -> Y v | AOI2BB1X1 | 0.386 |   0.964 |    6.182 | 
     | g6936__7482            | D v -> Y ^   | NAND4X1   | 0.216 |   1.180 |    6.398 | 
     | g6927__2802            | A ^ -> Y ^   | OR2X2     | 0.196 |   1.376 |    6.594 | 
     | g6923__4319            | AN ^ -> Y ^  | NAND2BX1  | 0.174 |   1.550 |    6.768 | 
     | g6918__6417            | A0 ^ -> Y v  | AOI21X1   | 0.134 |   1.684 |    6.902 | 
     | g6905__6161            | A1 v -> Y ^  | OAI21XL   | 0.660 |   2.344 |    7.562 | 
     | g6904                  | A ^ -> Y v   | INVX1     | 0.264 |   2.608 |    7.826 | 
     | g6895__1617            | B0 v -> Y ^  | OAI22X1   | 0.266 |   2.874 |    8.092 | 
     | g6890__8428            | B0 ^ -> Y v  | AOI22X1   | 0.193 |   3.067 |    8.285 | 
     | g6888__4319            | C0 v -> Y ^  | OAI221XL  | 0.190 |   3.258 |    8.475 | 
     | g6885__5107            | A ^ -> Y ^   | AND3X2    | 0.249 |   3.506 |    8.724 | 
     | g6879__5477            | B0 ^ -> Y v  | AOI211X1  | 0.123 |   3.629 |    8.847 | 
     | g6872__6161            | A0 v -> Y ^  | OAI21XL   | 0.595 |   4.224 |    9.442 | 
     | g6858__6131            | A0 ^ -> Y v  | AOI31X1   | 0.185 |   4.409 |    9.627 | 
     | pending_rank_q_reg[11] | D v          | DFFHQX1   | 0.000 |   4.409 |    9.627 | 
     +--------------------------------------------------------------------------------+ 
Path 12: MET Setup Check with Pin pending_rank_q_reg[13]/CK 
Endpoint:   pending_rank_q_reg[13]/D (v) checked with  leading edge of 'clk'
Beginpoint: req_sync_q_reg[8]/QN     (v) triggered by  leading edge of 'clk'
Path Groups: {clk}
Analysis View: setup_view
Other End Arrival Time          0.173
- Setup                         0.344
+ Phase Shift                  10.000
- Uncertainty                   0.200
= Required Time                 9.629
- Arrival Time                  4.410
= Slack Time                    5.219
     Clock Rise Edge                 0.000
     + Clock Network Latency (Prop)  0.000
     = Beginpoint Arrival Time       0.000
     +--------------------------------------------------------------------------------+ 
     |        Instance        |     Arc      |   Cell    | Delay | Arrival | Required | 
     |                        |              |           |       |  Time   |   Time   | 
     |------------------------+--------------+-----------+-------+---------+----------| 
     | req_sync_q_reg[8]      | CK ^         |           |       |   0.000 |    5.219 | 
     | req_sync_q_reg[8]      | CK ^ -> QN v | DFFX1     | 0.578 |   0.579 |    5.798 | 
     | g6970__8428            | A1N v -> Y v | AOI2BB1X1 | 0.386 |   0.964 |    6.184 | 
     | g6936__7482            | D v -> Y ^   | NAND4X1   | 0.216 |   1.180 |    6.400 | 
     | g6927__2802            | A ^ -> Y ^   | OR2X2     | 0.196 |   1.376 |    6.595 | 
     | g6923__4319            | AN ^ -> Y ^  | NAND2BX1  | 0.174 |   1.550 |    6.769 | 
     | g6918__6417            | A0 ^ -> Y v  | AOI21X1   | 0.134 |   1.684 |    6.903 | 
     | g6905__6161            | A1 v -> Y ^  | OAI21XL   | 0.660 |   2.344 |    7.564 | 
     | g6904                  | A ^ -> Y v   | INVX1     | 0.264 |   2.608 |    7.827 | 
     | g6895__1617            | B0 v -> Y ^  | OAI22X1   | 0.266 |   2.874 |    8.094 | 
     | g6890__8428            | B0 ^ -> Y v  | AOI22X1   | 0.193 |   3.067 |    8.287 | 
     | g6888__4319            | C0 v -> Y ^  | OAI221XL  | 0.190 |   3.258 |    8.477 | 
     | g6885__5107            | A ^ -> Y ^   | AND3X2    | 0.249 |   3.506 |    8.725 | 
     | g6879__5477            | B0 ^ -> Y v  | AOI211X1  | 0.123 |   3.629 |    8.848 | 
     | g6872__6161            | A0 v -> Y ^  | OAI21XL   | 0.595 |   4.224 |    9.443 | 
     | g6859__7098            | A0 ^ -> Y v  | AOI31X1   | 0.186 |   4.409 |    9.629 | 
     | pending_rank_q_reg[13] | D v          | DFFHQX1   | 0.000 |   4.410 |    9.629 | 
     +--------------------------------------------------------------------------------+ 
Path 13: MET Setup Check with Pin pending_rank_q_reg[5]/CK 
Endpoint:   pending_rank_q_reg[5]/D (^) checked with  leading edge of 'clk'
Beginpoint: req_sync_q_reg[8]/QN    (v) triggered by  leading edge of 'clk'
Path Groups: {clk}
Analysis View: setup_view
Other End Arrival Time          0.172
- Setup                         0.163
+ Phase Shift                  10.000
- Uncertainty                   0.200
= Required Time                 9.809
- Arrival Time                  4.589
= Slack Time                    5.220
     Clock Rise Edge                 0.000
     + Clock Network Latency (Prop)  0.000
     = Beginpoint Arrival Time       0.000
     +-------------------------------------------------------------------------------+ 
     |       Instance        |     Arc      |   Cell    | Delay | Arrival | Required | 
     |                       |              |           |       |  Time   |   Time   | 
     |-----------------------+--------------+-----------+-------+---------+----------| 
     | req_sync_q_reg[8]     | CK ^         |           |       |   0.000 |    5.220 | 
     | req_sync_q_reg[8]     | CK ^ -> QN v | DFFX1     | 0.578 |   0.579 |    5.798 | 
     | g6970__8428           | A1N v -> Y v | AOI2BB1X1 | 0.386 |   0.964 |    6.184 | 
     | g6936__7482           | D v -> Y ^   | NAND4X1   | 0.216 |   1.180 |    6.400 | 
     | g6927__2802           | A ^ -> Y ^   | OR2X2     | 0.196 |   1.376 |    6.596 | 
     | g6923__4319           | AN ^ -> Y ^  | NAND2BX1  | 0.174 |   1.550 |    6.770 | 
     | g6918__6417           | A0 ^ -> Y v  | AOI21X1   | 0.134 |   1.684 |    6.904 | 
     | g6909__9315           | B0 v -> Y ^  | AOI211X1  | 0.760 |   2.444 |    7.664 | 
     | g6907                 | A ^ -> Y v   | INVX1     | 0.340 |   2.783 |    8.003 | 
     | g6890__8428           | B1 v -> Y ^  | AOI22X1   | 0.359 |   3.143 |    8.363 | 
     | g6888__4319           | C0 ^ -> Y v  | OAI221XL  | 0.203 |   3.346 |    8.565 | 
     | g6885__5107           | A v -> Y v   | AND3X2    | 0.242 |   3.587 |    8.807 | 
     | g6879__5477           | B0 v -> Y ^  | AOI211X1  | 0.360 |   3.947 |    9.167 | 
     | g6876                 | A ^ -> Y v   | INVX1     | 0.109 |   4.056 |    9.276 | 
     | g6874__4733           | A1N v -> Y v | OAI2BB1X1 | 0.330 |   4.386 |    9.606 | 
     | g6865__4319           | A0 v -> Y ^  | AOI31X1   | 0.203 |   4.589 |    9.809 | 
     | pending_rank_q_reg[5] | D ^          | DFFHQX1   | 0.000 |   4.589 |    9.809 | 
     +-------------------------------------------------------------------------------+ 
Path 14: MET Setup Check with Pin pending_rank_q_reg[3]/CK 
Endpoint:   pending_rank_q_reg[3]/D (^) checked with  leading edge of 'clk'
Beginpoint: req_sync_q_reg[8]/QN    (v) triggered by  leading edge of 'clk'
Path Groups: {clk}
Analysis View: setup_view
Other End Arrival Time          0.172
- Setup                         0.163
+ Phase Shift                  10.000
- Uncertainty                   0.200
= Required Time                 9.809
- Arrival Time                  4.589
= Slack Time                    5.220
     Clock Rise Edge                 0.000
     + Clock Network Latency (Prop)  0.000
     = Beginpoint Arrival Time       0.000
     +-------------------------------------------------------------------------------+ 
     |       Instance        |     Arc      |   Cell    | Delay | Arrival | Required | 
     |                       |              |           |       |  Time   |   Time   | 
     |-----------------------+--------------+-----------+-------+---------+----------| 
     | req_sync_q_reg[8]     | CK ^         |           |       |   0.000 |    5.220 | 
     | req_sync_q_reg[8]     | CK ^ -> QN v | DFFX1     | 0.578 |   0.579 |    5.799 | 
     | g6970__8428           | A1N v -> Y v | AOI2BB1X1 | 0.386 |   0.964 |    6.184 | 
     | g6936__7482           | D v -> Y ^   | NAND4X1   | 0.216 |   1.180 |    6.400 | 
     | g6927__2802           | A ^ -> Y ^   | OR2X2     | 0.196 |   1.376 |    6.596 | 
     | g6923__4319           | AN ^ -> Y ^  | NAND2BX1  | 0.174 |   1.550 |    6.770 | 
     | g6918__6417           | A0 ^ -> Y v  | AOI21X1   | 0.134 |   1.684 |    6.904 | 
     | g6909__9315           | B0 v -> Y ^  | AOI211X1  | 0.760 |   2.444 |    7.664 | 
     | g6907                 | A ^ -> Y v   | INVX1     | 0.340 |   2.783 |    8.004 | 
     | g6890__8428           | B1 v -> Y ^  | AOI22X1   | 0.359 |   3.143 |    8.363 | 
     | g6888__4319           | C0 ^ -> Y v  | OAI221XL  | 0.203 |   3.346 |    8.566 | 
     | g6885__5107           | A v -> Y v   | AND3X2    | 0.242 |   3.587 |    8.807 | 
     | g6879__5477           | B0 v -> Y ^  | AOI211X1  | 0.360 |   3.947 |    9.167 | 
     | g6876                 | A ^ -> Y v   | INVX1     | 0.109 |   4.056 |    9.276 | 
     | g6874__4733           | A1N v -> Y v | OAI2BB1X1 | 0.330 |   4.386 |    9.606 | 
     | g6863__6260           | A0 v -> Y ^  | AOI31X1   | 0.203 |   4.589 |    9.809 | 
     | pending_rank_q_reg[3] | D ^          | DFFHQX1   | 0.000 |   4.589 |    9.809 | 
     +-------------------------------------------------------------------------------+ 
Path 15: MET Setup Check with Pin pending_rank_q_reg[1]/CK 
Endpoint:   pending_rank_q_reg[1]/D (^) checked with  leading edge of 'clk'
Beginpoint: req_sync_q_reg[8]/QN    (v) triggered by  leading edge of 'clk'
Path Groups: {clk}
Analysis View: setup_view
Other End Arrival Time          0.172
- Setup                         0.163
+ Phase Shift                  10.000
- Uncertainty                   0.200
= Required Time                 9.809
- Arrival Time                  4.588
= Slack Time                    5.221
     Clock Rise Edge                 0.000
     + Clock Network Latency (Prop)  0.000
     = Beginpoint Arrival Time       0.000
     +-------------------------------------------------------------------------------+ 
     |       Instance        |     Arc      |   Cell    | Delay | Arrival | Required | 
     |                       |              |           |       |  Time   |   Time   | 
     |-----------------------+--------------+-----------+-------+---------+----------| 
     | req_sync_q_reg[8]     | CK ^         |           |       |   0.000 |    5.221 | 
     | req_sync_q_reg[8]     | CK ^ -> QN v | DFFX1     | 0.578 |   0.579 |    5.800 | 
     | g6970__8428           | A1N v -> Y v | AOI2BB1X1 | 0.386 |   0.964 |    6.186 | 
     | g6936__7482           | D v -> Y ^   | NAND4X1   | 0.216 |   1.180 |    6.402 | 
     | g6927__2802           | A ^ -> Y ^   | OR2X2     | 0.196 |   1.376 |    6.597 | 
     | g6923__4319           | AN ^ -> Y ^  | NAND2BX1  | 0.174 |   1.550 |    6.771 | 
     | g6918__6417           | A0 ^ -> Y v  | AOI21X1   | 0.134 |   1.684 |    6.905 | 
     | g6909__9315           | B0 v -> Y ^  | AOI211X1  | 0.760 |   2.444 |    7.665 | 
     | g6907                 | A ^ -> Y v   | INVX1     | 0.340 |   2.783 |    8.005 | 
     | g6890__8428           | B1 v -> Y ^  | AOI22X1   | 0.359 |   3.143 |    8.364 | 
     | g6888__4319           | C0 ^ -> Y v  | OAI221XL  | 0.203 |   3.346 |    8.567 | 
     | g6885__5107           | A v -> Y v   | AND3X2    | 0.242 |   3.587 |    8.808 | 
     | g6879__5477           | B0 v -> Y ^  | AOI211X1  | 0.360 |   3.947 |    9.169 | 
     | g6876                 | A ^ -> Y v   | INVX1     | 0.109 |   4.056 |    9.277 | 
     | g6874__4733           | A1N v -> Y v | OAI2BB1X1 | 0.330 |   4.386 |    9.607 | 
     | g6853__3680           | A0 v -> Y ^  | AOI31X1   | 0.202 |   4.588 |    9.809 | 
     | pending_rank_q_reg[1] | D ^          | DFFHQX1   | 0.000 |   4.588 |    9.809 | 
     +-------------------------------------------------------------------------------+ 
Path 16: MET Setup Check with Pin pending_rank_q_reg[15]/CK 
Endpoint:   pending_rank_q_reg[15]/D (v) checked with  leading edge of 'clk'
Beginpoint: req_sync_q_reg[8]/QN     (v) triggered by  leading edge of 'clk'
Path Groups: {clk}
Analysis View: setup_view
Other End Arrival Time          0.173
- Setup                         0.341
+ Phase Shift                  10.000
- Uncertainty                   0.200
= Required Time                 9.631
- Arrival Time                  4.396
= Slack Time                    5.235
     Clock Rise Edge                 0.000
     + Clock Network Latency (Prop)  0.000
     = Beginpoint Arrival Time       0.000
     +--------------------------------------------------------------------------------+ 
     |        Instance        |     Arc      |   Cell    | Delay | Arrival | Required | 
     |                        |              |           |       |  Time   |   Time   | 
     |------------------------+--------------+-----------+-------+---------+----------| 
     | req_sync_q_reg[8]      | CK ^         |           |       |   0.000 |    5.235 | 
     | req_sync_q_reg[8]      | CK ^ -> QN v | DFFX1     | 0.578 |   0.579 |    5.814 | 
     | g6970__8428            | A1N v -> Y v | AOI2BB1X1 | 0.386 |   0.964 |    6.200 | 
     | g6936__7482            | D v -> Y ^   | NAND4X1   | 0.216 |   1.180 |    6.416 | 
     | g6927__2802            | A ^ -> Y ^   | OR2X2     | 0.196 |   1.376 |    6.611 | 
     | g6923__4319            | AN ^ -> Y ^  | NAND2BX1  | 0.174 |   1.550 |    6.785 | 
     | g6918__6417            | A0 ^ -> Y v  | AOI21X1   | 0.134 |   1.684 |    6.919 | 
     | g6905__6161            | A1 v -> Y ^  | OAI21XL   | 0.660 |   2.344 |    7.580 | 
     | g6904                  | A ^ -> Y v   | INVX1     | 0.264 |   2.608 |    7.843 | 
     | g6895__1617            | B0 v -> Y ^  | OAI22X1   | 0.266 |   2.874 |    8.110 | 
     | g6890__8428            | B0 ^ -> Y v  | AOI22X1   | 0.193 |   3.067 |    8.303 | 
     | g6888__4319            | C0 v -> Y ^  | OAI221XL  | 0.190 |   3.258 |    8.493 | 
     | g6885__5107            | A ^ -> Y ^   | AND3X2    | 0.249 |   3.506 |    8.741 | 
     | g6879__5477            | B0 ^ -> Y v  | AOI211X1  | 0.123 |   3.629 |    8.864 | 
     | g6872__6161            | A0 v -> Y ^  | OAI21XL   | 0.595 |   4.224 |    9.459 | 
     | g6861__1881            | A0 ^ -> Y v  | AOI31X1   | 0.172 |   4.396 |    9.631 | 
     | pending_rank_q_reg[15] | D v          | DFFHQX1   | 0.000 |   4.396 |    9.631 | 
     +--------------------------------------------------------------------------------+ 
Path 17: MET Setup Check with Pin out_rank_q_reg[0]/CK 
Endpoint:   out_rank_q_reg[0]/D  (v) checked with  leading edge of 'clk'
Beginpoint: req_sync_q_reg[8]/QN (v) triggered by  leading edge of 'clk'
Path Groups: {clk}
Analysis View: setup_view
Other End Arrival Time          0.171
- Setup                         0.281
+ Phase Shift                  10.000
- Uncertainty                   0.200
= Required Time                 9.690
- Arrival Time                  4.145
= Slack Time                    5.545
     Clock Rise Edge                 0.000
     + Clock Network Latency (Prop)  0.000
     = Beginpoint Arrival Time       0.000
     +---------------------------------------------------------------------------+ 
     |     Instance      |     Arc      |   Cell    | Delay | Arrival | Required | 
     |                   |              |           |       |  Time   |   Time   | 
     |-------------------+--------------+-----------+-------+---------+----------| 
     | req_sync_q_reg[8] | CK ^         |           |       |   0.000 |    5.545 | 
     | req_sync_q_reg[8] | CK ^ -> QN v | DFFX1     | 0.578 |   0.579 |    6.124 | 
     | g6970__8428       | A1N v -> Y v | AOI2BB1X1 | 0.386 |   0.964 |    6.509 | 
     | g6936__7482       | D v -> Y ^   | NAND4X1   | 0.216 |   1.180 |    6.725 | 
     | g6927__2802       | A ^ -> Y ^   | OR2X2     | 0.196 |   1.376 |    6.921 | 
     | g6923__4319       | AN ^ -> Y ^  | NAND2BX1  | 0.174 |   1.550 |    7.095 | 
     | g6918__6417       | A0 ^ -> Y v  | AOI21X1   | 0.134 |   1.684 |    7.229 | 
     | g6909__9315       | B0 v -> Y ^  | AOI211X1  | 0.760 |   2.444 |    7.989 | 
     | g6907             | A ^ -> Y v   | INVX1     | 0.340 |   2.783 |    8.329 | 
     | g6890__8428       | B1 v -> Y ^  | AOI22X1   | 0.359 |   3.143 |    8.688 | 
     | g6888__4319       | C0 ^ -> Y v  | OAI221XL  | 0.203 |   3.346 |    8.891 | 
     | g6885__5107       | A v -> Y v   | AND3X2    | 0.242 |   3.587 |    9.132 | 
     | g6879__5477       | B0 v -> Y ^  | AOI211X1  | 0.360 |   3.947 |    9.492 | 
     | g6869__5115       | A0 ^ -> Y v  | OAI221XL  | 0.198 |   4.145 |    9.690 | 
     | out_rank_q_reg[0] | D v          | DFFX1     | 0.000 |   4.145 |    9.690 | 
     +---------------------------------------------------------------------------+ 
Path 18: MET Setup Check with Pin out_rank_q_reg[1]/CK 
Endpoint:   out_rank_q_reg[1]/D  (v) checked with  leading edge of 'clk'
Beginpoint: req_sync_q_reg[8]/QN (v) triggered by  leading edge of 'clk'
Path Groups: {clk}
Analysis View: setup_view
Other End Arrival Time          0.171
- Setup                         0.279
+ Phase Shift                  10.000
- Uncertainty                   0.200
= Required Time                 9.693
- Arrival Time                  3.863
= Slack Time                    5.830
     Clock Rise Edge                 0.000
     + Clock Network Latency (Prop)  0.000
     = Beginpoint Arrival Time       0.000
     +---------------------------------------------------------------------------+ 
     |     Instance      |     Arc      |   Cell    | Delay | Arrival | Required | 
     |                   |              |           |       |  Time   |   Time   | 
     |-------------------+--------------+-----------+-------+---------+----------| 
     | req_sync_q_reg[8] | CK ^         |           |       |   0.000 |    5.830 | 
     | req_sync_q_reg[8] | CK ^ -> QN v | DFFX1     | 0.578 |   0.579 |    6.408 | 
     | g6970__8428       | A1N v -> Y v | AOI2BB1X1 | 0.386 |   0.964 |    6.794 | 
     | g6936__7482       | D v -> Y ^   | NAND4X1   | 0.216 |   1.180 |    7.010 | 
     | g6927__2802       | A ^ -> Y ^   | OR2X2     | 0.196 |   1.376 |    7.206 | 
     | g6923__4319       | AN ^ -> Y ^  | NAND2BX1  | 0.174 |   1.550 |    7.380 | 
     | g6918__6417       | A0 ^ -> Y v  | AOI21X1   | 0.134 |   1.684 |    7.514 | 
     | g6909__9315       | B0 v -> Y ^  | AOI211X1  | 0.760 |   2.444 |    8.274 | 
     | g6907             | A ^ -> Y v   | INVX1     | 0.340 |   2.783 |    8.613 | 
     | g6902__1881       | A0 v -> Y ^  | OAI22X1   | 0.211 |   2.995 |    8.825 | 
     | g6892__3680       | B0 ^ -> Y v  | AOI22X1   | 0.187 |   3.182 |    9.012 | 
     | g6887__6260       | B v -> Y ^   | NAND2X1   | 0.158 |   3.340 |    9.170 | 
     | g6884__2398       | A0 ^ -> Y v  | AOI21X1   | 0.167 |   3.508 |    9.337 | 
     | g3                | A v -> Y ^   | NOR2XL    | 0.195 |   3.703 |    9.532 | 
     | g2                | B ^ -> Y v   | MXI2XL    | 0.160 |   3.863 |    9.693 | 
     | out_rank_q_reg[1] | D v          | DFFX1     | 0.000 |   3.863 |    9.693 | 
     +---------------------------------------------------------------------------+ 
Path 19: MET Setup Check with Pin out_rank_q_reg[2]/CK 
Endpoint:   out_rank_q_reg[2]/D   (v) checked with  leading edge of 'clk'
Beginpoint: req_sync_q_reg[13]/QN (v) triggered by  leading edge of 'clk'
Path Groups: {clk}
Analysis View: setup_view
Other End Arrival Time          0.171
- Setup                         0.281
+ Phase Shift                  10.000
- Uncertainty                   0.200
= Required Time                 9.690
- Arrival Time                  2.941
= Slack Time                    6.750
     Clock Rise Edge                 0.000
     + Clock Network Latency (Prop)  0.000
     = Beginpoint Arrival Time       0.000
     +----------------------------------------------------------------------------+ 
     |      Instance      |     Arc      |   Cell    | Delay | Arrival | Required | 
     |                    |              |           |       |  Time   |   Time   | 
     |--------------------+--------------+-----------+-------+---------+----------| 
     | req_sync_q_reg[13] | CK ^         |           |       |   0.000 |    6.750 | 
     | req_sync_q_reg[13] | CK ^ -> QN v | DFFX1     | 0.564 |   0.564 |    7.314 | 
     | g6976__6783        | A1N v -> Y v | AOI2BB1X1 | 0.440 |   1.004 |    7.754 | 
     | g6931__1881        | A v -> Y ^   | NAND4X1   | 0.213 |   1.217 |    7.967 | 
     | g6929__1705        | A ^ -> Y v   | NOR2X1    | 0.139 |   1.356 |    8.106 | 
     | g6925__5526        | A v -> Y ^   | NAND2X1   | 0.132 |   1.489 |    8.238 | 
     | g6920__2398        | A ^ -> Y v   | NOR2X1    | 0.104 |   1.592 |    8.342 | 
     | g7191              | B v -> Y ^   | NAND2BX1  | 0.137 |   1.729 |    8.479 | 
     | g6912__9945        | AN ^ -> Y ^  | NOR2BX2   | 0.670 |   2.399 |    9.149 | 
     | g6911              | A ^ -> Y v   | INVX1     | 0.104 |   2.503 |    9.253 | 
     | g6908__7482        | B0 v -> Y ^  | AOI21X1   | 0.253 |   2.756 |    9.506 | 
     | g6889__5526        | B0 ^ -> Y v  | OAI221XL  | 0.184 |   2.941 |    9.690 | 
     | out_rank_q_reg[2]  | D v          | DFFX1     | 0.000 |   2.941 |    9.690 | 
     +----------------------------------------------------------------------------+ 
Path 20: MET Setup Check with Pin out_rank_q_reg[3]/CK 
Endpoint:   out_rank_q_reg[3]/D   (^) checked with  leading edge of 'clk'
Beginpoint: req_sync_q_reg[13]/QN (v) triggered by  leading edge of 'clk'
Path Groups: {clk}
Analysis View: setup_view
Other End Arrival Time          0.171
- Setup                         0.131
+ Phase Shift                  10.000
- Uncertainty                   0.200
= Required Time                 9.841
- Arrival Time                  3.041
= Slack Time                    6.799
     Clock Rise Edge                 0.000
     + Clock Network Latency (Prop)  0.000
     = Beginpoint Arrival Time       0.000
     +----------------------------------------------------------------------------+ 
     |      Instance      |     Arc      |   Cell    | Delay | Arrival | Required | 
     |                    |              |           |       |  Time   |   Time   | 
     |--------------------+--------------+-----------+-------+---------+----------| 
     | req_sync_q_reg[13] | CK ^         |           |       |   0.000 |    6.800 | 
     | req_sync_q_reg[13] | CK ^ -> QN v | DFFX1     | 0.564 |   0.564 |    7.364 | 
     | g6976__6783        | A1N v -> Y v | AOI2BB1X1 | 0.440 |   1.004 |    7.803 | 
     | g6931__1881        | A v -> Y ^   | NAND4X1   | 0.213 |   1.217 |    8.017 | 
     | g6929__1705        | A ^ -> Y v   | NOR2X1    | 0.139 |   1.356 |    8.156 | 
     | g6925__5526        | A v -> Y ^   | NAND2X1   | 0.132 |   1.489 |    8.288 | 
     | g6920__2398        | A ^ -> Y v   | NOR2X1    | 0.104 |   1.592 |    8.392 | 
     | g7191              | B v -> Y ^   | NAND2BX1  | 0.137 |   1.729 |    8.528 | 
     | g6912__9945        | AN ^ -> Y ^  | NOR2BX2   | 0.670 |   2.399 |    9.198 | 
     | g6911              | A ^ -> Y v   | INVX1     | 0.104 |   2.503 |    9.302 | 
     | g6908__7482        | B0 v -> Y ^  | AOI21X1   | 0.253 |   2.756 |    9.556 | 
     | g6900__5122        | B0 ^ -> Y v  | OAI21XL   | 0.147 |   2.903 |    9.703 | 
     | g6893__6783        | B0 v -> Y ^  | OAI21XL   | 0.138 |   3.041 |    9.841 | 
     | out_rank_q_reg[3]  | D ^          | DFFX1     | 0.000 |   3.041 |    9.841 | 
     +----------------------------------------------------------------------------+ 
Path 21: MET Setup Check with Pin out_valid_q_reg/CK 
Endpoint:   out_valid_q_reg/D     (v) checked with  leading edge of 'clk'
Beginpoint: req_sync_q_reg[13]/QN (^) triggered by  leading edge of 'clk'
Path Groups: {clk}
Analysis View: setup_view
Other End Arrival Time          0.171
- Setup                         0.398
+ Phase Shift                  10.000
- Uncertainty                   0.200
= Required Time                 9.573
- Arrival Time                  1.937
= Slack Time                    7.636
     Clock Rise Edge                 0.000
     + Clock Network Latency (Prop)  0.000
     = Beginpoint Arrival Time       0.000
     +----------------------------------------------------------------------------+ 
     |      Instance      |     Arc      |   Cell    | Delay | Arrival | Required | 
     |                    |              |           |       |  Time   |   Time   | 
     |--------------------+--------------+-----------+-------+---------+----------| 
     | req_sync_q_reg[13] | CK ^         |           |       |   0.000 |    7.636 | 
     | req_sync_q_reg[13] | CK ^ -> QN ^ | DFFX1     | 0.498 |   0.499 |    8.135 | 
     | g6976__6783        | A1N ^ -> Y ^ | AOI2BB1X1 | 0.503 |   1.002 |    8.638 | 
     | g6931__1881        | A ^ -> Y v   | NAND4X1   | 0.241 |   1.243 |    8.879 | 
     | g6929__1705        | A v -> Y ^   | NOR2X1    | 0.266 |   1.509 |    9.146 | 
     | g6925__5526        | A ^ -> Y v   | NAND2X1   | 0.122 |   1.632 |    9.268 | 
     | g6920__2398        | A v -> Y ^   | NOR2X1    | 0.201 |   1.833 |    9.469 | 
     | g7191              | B ^ -> Y v   | NAND2BX1  | 0.104 |   1.937 |    9.573 | 
     | out_valid_q_reg    | D v          | DFFTRX1   | 0.000 |   1.937 |    9.573 | 
     +----------------------------------------------------------------------------+ 
Path 22: MET Setup Check with Pin ack_rank_q_reg[8]/CK 
Endpoint:   ack_rank_q_reg[8]/D   (v) checked with  leading edge of 'clk'
Beginpoint: req_sync_q_reg[12]/QN (^) triggered by  leading edge of 'clk'
Path Groups: {clk}
Analysis View: setup_view
Other End Arrival Time          0.169
- Setup                         0.384
+ Phase Shift                  10.000
- Uncertainty                   0.200
= Required Time                 9.585
- Arrival Time                  0.721
= Slack Time                    8.864
     Clock Rise Edge                 0.000
     + Clock Network Latency (Prop)  -0.001
     = Beginpoint Arrival Time       -0.001
     +--------------------------------------------------------------------------+ 
     |      Instance      |     Arc      |  Cell   | Delay | Arrival | Required | 
     |                    |              |         |       |  Time   |   Time   | 
     |--------------------+--------------+---------+-------+---------+----------| 
     | req_sync_q_reg[12] | CK ^         |         |       |  -0.001 |    8.863 | 
     | req_sync_q_reg[12] | CK ^ -> QN ^ | DFFX1   | 0.471 |   0.470 |    9.334 | 
     | g7009__5526        | B0 ^ -> Y v  | AOI21XL | 0.097 |   0.567 |    9.431 | 
     | FE_PHC42_n_30      | A v -> Y v   | BUFX3   | 0.154 |   0.721 |    9.585 | 
     | ack_rank_q_reg[8]  | D v          | DFFTRX1 | 0.000 |   0.721 |    9.585 | 
     +--------------------------------------------------------------------------+ 
Path 23: MET Setup Check with Pin ack_rank_q_reg[5]/CK 
Endpoint:   ack_rank_q_reg[5]/D  (v) checked with  leading edge of 'clk'
Beginpoint: req_sync_q_reg[7]/QN (^) triggered by  leading edge of 'clk'
Path Groups: {clk}
Analysis View: setup_view
Other End Arrival Time          0.172
- Setup                         0.384
+ Phase Shift                  10.000
- Uncertainty                   0.200
= Required Time                 9.589
- Arrival Time                  0.721
= Slack Time                    8.867
     Clock Rise Edge                 0.000
     + Clock Network Latency (Prop)  -0.000
     = Beginpoint Arrival Time       -0.000
     +-------------------------------------------------------------------------+ 
     |     Instance      |     Arc      |  Cell   | Delay | Arrival | Required | 
     |                   |              |         |       |  Time   |   Time   | 
     |-------------------+--------------+---------+-------+---------+----------| 
     | req_sync_q_reg[7] | CK ^         |         |       |  -0.000 |    8.867 | 
     | req_sync_q_reg[7] | CK ^ -> QN ^ | DFFX1   | 0.466 |   0.466 |    9.333 | 
     | g7005__5107       | B0 ^ -> Y v  | AOI21XL | 0.100 |   0.566 |    9.433 | 
     | FE_PHC24_n_34     | A v -> Y v   | BUFX3   | 0.155 |   0.721 |    9.589 | 
     | ack_rank_q_reg[5] | D v          | DFFTRX1 | 0.000 |   0.721 |    9.589 | 
     +-------------------------------------------------------------------------+ 
Path 24: MET Setup Check with Pin ack_rank_q_reg[2]/CK 
Endpoint:   ack_rank_q_reg[2]/D  (v) checked with  leading edge of 'clk'
Beginpoint: req_sync_q_reg[3]/QN (^) triggered by  leading edge of 'clk'
Path Groups: {clk}
Analysis View: setup_view
Other End Arrival Time          0.170
- Setup                         0.384
+ Phase Shift                  10.000
- Uncertainty                   0.200
= Required Time                 9.586
- Arrival Time                  0.701
= Slack Time                    8.884
     Clock Rise Edge                 0.000
     + Clock Network Latency (Prop)  -0.000
     = Beginpoint Arrival Time       -0.000
     +-------------------------------------------------------------------------+ 
     |     Instance      |     Arc      |  Cell   | Delay | Arrival | Required | 
     |                   |              |         |       |  Time   |   Time   | 
     |-------------------+--------------+---------+-------+---------+----------| 
     | req_sync_q_reg[3] | CK ^         |         |       |  -0.000 |    8.884 | 
     | req_sync_q_reg[3] | CK ^ -> QN ^ | DFFX1   | 0.453 |   0.453 |    9.337 | 
     | g7003__5477       | B0 ^ -> Y v  | AOI21XL | 0.093 |   0.546 |    9.431 | 
     | FE_PHC35_n_36     | A v -> Y v   | BUFX3   | 0.155 |   0.701 |    9.586 | 
     | ack_rank_q_reg[2] | D v          | DFFTRX1 | 0.000 |   0.701 |    9.586 | 
     +-------------------------------------------------------------------------+ 
Path 25: MET Setup Check with Pin ack_rank_q_reg[7]/CK 
Endpoint:   ack_rank_q_reg[7]/D  (v) checked with  leading edge of 'clk'
Beginpoint: req_sync_q_reg[4]/QN (^) triggered by  leading edge of 'clk'
Path Groups: {clk}
Analysis View: setup_view
Other End Arrival Time          0.172
- Setup                         0.398
+ Phase Shift                  10.000
- Uncertainty                   0.200
= Required Time                 9.575
- Arrival Time                  0.605
= Slack Time                    8.969
     Clock Rise Edge                 0.000
     + Clock Network Latency (Prop)  -0.000
     = Beginpoint Arrival Time       -0.000
     +-------------------------------------------------------------------------+ 
     |     Instance      |     Arc      |  Cell   | Delay | Arrival | Required | 
     |                   |              |         |       |  Time   |   Time   | 
     |-------------------+--------------+---------+-------+---------+----------| 
     | req_sync_q_reg[4] | CK ^         |         |       |  -0.000 |    8.969 | 
     | req_sync_q_reg[4] | CK ^ -> QN ^ | DFFX1   | 0.516 |   0.516 |    9.485 | 
     | g7008__8428       | B0 ^ -> Y v  | AOI21XL | 0.089 |   0.605 |    9.575 | 
     | ack_rank_q_reg[7] | D v          | DFFTRX1 | 0.000 |   0.605 |    9.575 | 
     +-------------------------------------------------------------------------+ 
Path 26: MET Setup Check with Pin ack_rank_q_reg[1]/CK 
Endpoint:   ack_rank_q_reg[1]/D  (v) checked with  leading edge of 'clk'
Beginpoint: req_sync_q_reg[1]/QN (^) triggered by  leading edge of 'clk'
Path Groups: {clk}
Analysis View: setup_view
Other End Arrival Time          0.172
- Setup                         0.399
+ Phase Shift                  10.000
- Uncertainty                   0.200
= Required Time                 9.573
- Arrival Time                  0.602
= Slack Time                    8.971
     Clock Rise Edge                 0.000
     + Clock Network Latency (Prop)  0.000
     = Beginpoint Arrival Time       0.000
     +-------------------------------------------------------------------------+ 
     |     Instance      |     Arc      |  Cell   | Delay | Arrival | Required | 
     |                   |              |         |       |  Time   |   Time   | 
     |-------------------+--------------+---------+-------+---------+----------| 
     | req_sync_q_reg[1] | CK ^         |         |       |   0.000 |    8.971 | 
     | req_sync_q_reg[1] | CK ^ -> QN ^ | DFFX1   | 0.508 |   0.508 |    9.479 | 
     | g7001__7482       | B0 ^ -> Y v  | AOI21XL | 0.094 |   0.602 |    9.573 | 
     | ack_rank_q_reg[1] | D v          | DFFTRX1 | 0.000 |   0.602 |    9.573 | 
     +-------------------------------------------------------------------------+ 
Path 27: MET Setup Check with Pin ack_rank_q_reg[15]/CK 
Endpoint:   ack_rank_q_reg[15]/D (v) checked with  leading edge of 'clk'
Beginpoint: req_sync_q_reg[8]/QN (^) triggered by  leading edge of 'clk'
Path Groups: {clk}
Analysis View: setup_view
Other End Arrival Time          0.173
- Setup                         0.396
+ Phase Shift                  10.000
- Uncertainty                   0.200
= Required Time                 9.576
- Arrival Time                  0.602
= Slack Time                    8.975
     Clock Rise Edge                 0.000
     + Clock Network Latency (Prop)  0.000
     = Beginpoint Arrival Time       0.000
     +--------------------------------------------------------------------------+ 
     |      Instance      |     Arc      |  Cell   | Delay | Arrival | Required | 
     |                    |              |         |       |  Time   |   Time   | 
     |--------------------+--------------+---------+-------+---------+----------| 
     | req_sync_q_reg[8]  | CK ^         |         |       |   0.000 |    8.975 | 
     | req_sync_q_reg[8]  | CK ^ -> QN ^ | DFFX1   | 0.518 |   0.518 |    9.492 | 
     | g6999__1705        | B0 ^ -> Y v  | AOI21XL | 0.084 |   0.602 |    9.576 | 
     | ack_rank_q_reg[15] | D v          | DFFTRX1 | 0.000 |   0.602 |    9.576 | 
     +--------------------------------------------------------------------------+ 
Path 28: MET Setup Check with Pin ack_rank_q_reg[11]/CK 
Endpoint:   ack_rank_q_reg[11]/D  (v) checked with  leading edge of 'clk'
Beginpoint: req_sync_q_reg[14]/QN (^) triggered by  leading edge of 'clk'
Path Groups: {clk}
Analysis View: setup_view
Other End Arrival Time          0.171
- Setup                         0.399
+ Phase Shift                  10.000
- Uncertainty                   0.200
= Required Time                 9.573
- Arrival Time                  0.597
= Slack Time                    8.976
     Clock Rise Edge                 0.000
     + Clock Network Latency (Prop)  0.000
     = Beginpoint Arrival Time       0.000
     +--------------------------------------------------------------------------+ 
     |      Instance      |     Arc      |  Cell   | Delay | Arrival | Required | 
     |                    |              |         |       |  Time   |   Time   | 
     |--------------------+--------------+---------+-------+---------+----------| 
     | req_sync_q_reg[14] | CK ^         |         |       |   0.000 |    8.976 | 
     | req_sync_q_reg[14] | CK ^ -> QN ^ | DFFX1   | 0.507 |   0.507 |    9.483 | 
     | g6998__9945        | B0 ^ -> Y v  | AOI21XL | 0.090 |   0.597 |    9.573 | 
     | ack_rank_q_reg[11] | D v          | DFFTRX1 | 0.000 |   0.597 |    9.573 | 
     +--------------------------------------------------------------------------+ 
Path 29: MET Setup Check with Pin ack_rank_q_reg[14]/CK 
Endpoint:   ack_rank_q_reg[14]/D (v) checked with  leading edge of 'clk'
Beginpoint: req_sync_q_reg[9]/QN (^) triggered by  leading edge of 'clk'
Path Groups: {clk}
Analysis View: setup_view
Other End Arrival Time          0.173
- Setup                         0.396
+ Phase Shift                  10.000
- Uncertainty                   0.200
= Required Time                 9.577
- Arrival Time                  0.600
= Slack Time                    8.976
     Clock Rise Edge                 0.000
     + Clock Network Latency (Prop)  0.000
     = Beginpoint Arrival Time       0.000
     +--------------------------------------------------------------------------+ 
     |      Instance      |     Arc      |  Cell   | Delay | Arrival | Required | 
     |                    |              |         |       |  Time   |   Time   | 
     |--------------------+--------------+---------+-------+---------+----------| 
     | req_sync_q_reg[9]  | CK ^         |         |       |   0.000 |    8.977 | 
     | req_sync_q_reg[9]  | CK ^ -> QN ^ | DFFX1   | 0.517 |   0.517 |    9.494 | 
     | g6996__6161        | B0 ^ -> Y v  | AOI21XL | 0.083 |   0.600 |    9.577 | 
     | ack_rank_q_reg[14] | D v          | DFFTRX1 | 0.000 |   0.600 |    9.577 | 
     +--------------------------------------------------------------------------+ 
Path 30: MET Setup Check with Pin ack_rank_q_reg[10]/CK 
Endpoint:   ack_rank_q_reg[10]/D  (v) checked with  leading edge of 'clk'
Beginpoint: req_sync_q_reg[15]/QN (^) triggered by  leading edge of 'clk'
Path Groups: {clk}
Analysis View: setup_view
Other End Arrival Time          0.171
- Setup                         0.397
+ Phase Shift                  10.000
- Uncertainty                   0.200
= Required Time                 9.575
- Arrival Time                  0.590
= Slack Time                    8.985
     Clock Rise Edge                 0.000
     + Clock Network Latency (Prop)  0.000
     = Beginpoint Arrival Time       0.000
     +--------------------------------------------------------------------------+ 
     |      Instance      |     Arc      |  Cell   | Delay | Arrival | Required | 
     |                    |              |         |       |  Time   |   Time   | 
     |--------------------+--------------+---------+-------+---------+----------| 
     | req_sync_q_reg[15] | CK ^         |         |       |   0.000 |    8.985 | 
     | req_sync_q_reg[15] | CK ^ -> QN ^ | DFFX1   | 0.506 |   0.506 |    9.491 | 
     | g6995__4733        | B0 ^ -> Y v  | AOI21XL | 0.084 |   0.590 |    9.575 | 
     | ack_rank_q_reg[10] | D v          | DFFTRX1 | 0.000 |   0.590 |    9.575 | 
     +--------------------------------------------------------------------------+ 
Path 31: MET Setup Check with Pin ack_rank_q_reg[4]/CK 
Endpoint:   ack_rank_q_reg[4]/D  (v) checked with  leading edge of 'clk'
Beginpoint: req_sync_q_reg[6]/QN (^) triggered by  leading edge of 'clk'
Path Groups: {clk}
Analysis View: setup_view
Other End Arrival Time          0.173
- Setup                         0.397
+ Phase Shift                  10.000
- Uncertainty                   0.200
= Required Time                 9.576
- Arrival Time                  0.586
= Slack Time                    8.989
     Clock Rise Edge                 0.000
     + Clock Network Latency (Prop)  -0.000
     = Beginpoint Arrival Time       -0.000
     +-------------------------------------------------------------------------+ 
     |     Instance      |     Arc      |  Cell   | Delay | Arrival | Required | 
     |                   |              |         |       |  Time   |   Time   | 
     |-------------------+--------------+---------+-------+---------+----------| 
     | req_sync_q_reg[6] | CK ^         |         |       |  -0.000 |    8.989 | 
     | req_sync_q_reg[6] | CK ^ -> QN ^ | DFFX1   | 0.503 |   0.503 |    9.493 | 
     | g7006__6260       | B0 ^ -> Y v  | AOI21XL | 0.083 |   0.586 |    9.576 | 
     | ack_rank_q_reg[4] | D v          | DFFTRX1 | 0.000 |   0.586 |    9.576 | 
     +-------------------------------------------------------------------------+ 
Path 32: MET Setup Check with Pin ack_rank_q_reg[6]/CK 
Endpoint:   ack_rank_q_reg[6]/D  (v) checked with  leading edge of 'clk'
Beginpoint: req_sync_q_reg[5]/QN (^) triggered by  leading edge of 'clk'
Path Groups: {clk}
Analysis View: setup_view
Other End Arrival Time          0.173
- Setup                         0.396
+ Phase Shift                  10.000
- Uncertainty                   0.200
= Required Time                 9.577
- Arrival Time                  0.584
= Slack Time                    8.992
     Clock Rise Edge                 0.000
     + Clock Network Latency (Prop)  -0.000
     = Beginpoint Arrival Time       -0.000
     +-------------------------------------------------------------------------+ 
     |     Instance      |     Arc      |  Cell   | Delay | Arrival | Required | 
     |                   |              |         |       |  Time   |   Time   | 
     |-------------------+--------------+---------+-------+---------+----------| 
     | req_sync_q_reg[5] | CK ^         |         |       |  -0.000 |    8.992 | 
     | req_sync_q_reg[5] | CK ^ -> QN ^ | DFFX1   | 0.503 |   0.503 |    9.495 | 
     | g7007__4319       | B0 ^ -> Y v  | AOI21XL | 0.082 |   0.584 |    9.577 | 
     | ack_rank_q_reg[6] | D v          | DFFTRX1 | 0.000 |   0.584 |    9.577 | 
     +-------------------------------------------------------------------------+ 
Path 33: MET Setup Check with Pin ack_rank_q_reg[0]/CK 
Endpoint:   ack_rank_q_reg[0]/D  (v) checked with  leading edge of 'clk'
Beginpoint: req_sync_q_reg[0]/QN (^) triggered by  leading edge of 'clk'
Path Groups: {clk}
Analysis View: setup_view
Other End Arrival Time          0.172
- Setup                         0.400
+ Phase Shift                  10.000
- Uncertainty                   0.200
= Required Time                 9.572
- Arrival Time                  0.577
= Slack Time                    8.996
     Clock Rise Edge                 0.000
     + Clock Network Latency (Prop)  0.000
     = Beginpoint Arrival Time       0.000
     +-------------------------------------------------------------------------+ 
     |     Instance      |     Arc      |  Cell   | Delay | Arrival | Required | 
     |                   |              |         |       |  Time   |   Time   | 
     |-------------------+--------------+---------+-------+---------+----------| 
     | req_sync_q_reg[0] | CK ^         |         |       |   0.000 |    8.996 | 
     | req_sync_q_reg[0] | CK ^ -> QN ^ | DFFX1   | 0.486 |   0.486 |    9.482 | 
     | g6997__9315       | B0 ^ -> Y v  | AOI21XL | 0.090 |   0.577 |    9.572 | 
     | ack_rank_q_reg[0] | D v          | DFFTRX1 | 0.000 |   0.577 |    9.572 | 
     +-------------------------------------------------------------------------+ 
Path 34: MET Setup Check with Pin ack_rank_q_reg[9]/CK 
Endpoint:   ack_rank_q_reg[9]/D   (v) checked with  leading edge of 'clk'
Beginpoint: req_sync_q_reg[13]/QN (^) triggered by  leading edge of 'clk'
Path Groups: {clk}
Analysis View: setup_view
Other End Arrival Time          0.170
- Setup                         0.396
+ Phase Shift                  10.000
- Uncertainty                   0.200
= Required Time                 9.574
- Arrival Time                  0.578
= Slack Time                    8.997
     Clock Rise Edge                 0.000
     + Clock Network Latency (Prop)  0.000
     = Beginpoint Arrival Time       0.000
     +--------------------------------------------------------------------------+ 
     |      Instance      |     Arc      |  Cell   | Delay | Arrival | Required | 
     |                    |              |         |       |  Time   |   Time   | 
     |--------------------+--------------+---------+-------+---------+----------| 
     | req_sync_q_reg[13] | CK ^         |         |       |   0.000 |    8.997 | 
     | req_sync_q_reg[13] | CK ^ -> QN ^ | DFFX1   | 0.498 |   0.499 |    9.495 | 
     | g7010__6783        | B0 ^ -> Y v  | AOI21XL | 0.079 |   0.578 |    9.574 | 
     | ack_rank_q_reg[9]  | D v          | DFFTRX1 | 0.000 |   0.578 |    9.574 | 
     +--------------------------------------------------------------------------+ 
Path 35: MET Setup Check with Pin ack_rank_q_reg[13]/CK 
Endpoint:   ack_rank_q_reg[13]/D  (v) checked with  leading edge of 'clk'
Beginpoint: req_sync_q_reg[11]/QN (^) triggered by  leading edge of 'clk'
Path Groups: {clk}
Analysis View: setup_view
Other End Arrival Time          0.172
- Setup                         0.398
+ Phase Shift                  10.000
- Uncertainty                   0.200
= Required Time                 9.574
- Arrival Time                  0.577
= Slack Time                    8.997
     Clock Rise Edge                 0.000
     + Clock Network Latency (Prop)  0.000
     = Beginpoint Arrival Time       0.000
     +--------------------------------------------------------------------------+ 
     |      Instance      |     Arc      |  Cell   | Delay | Arrival | Required | 
     |                    |              |         |       |  Time   |   Time   | 
     |--------------------+--------------+---------+-------+---------+----------| 
     | req_sync_q_reg[11] | CK ^         |         |       |   0.000 |    8.997 | 
     | req_sync_q_reg[11] | CK ^ -> QN ^ | DFFX1   | 0.491 |   0.491 |    9.488 | 
     | g7002__6417        | B0 ^ -> Y v  | AOI21XL | 0.086 |   0.577 |    9.574 | 
     | ack_rank_q_reg[13] | D v          | DFFTRX1 | 0.000 |   0.577 |    9.574 | 
     +--------------------------------------------------------------------------+ 
Path 36: MET Setup Check with Pin ack_rank_q_reg[12]/CK 
Endpoint:   ack_rank_q_reg[12]/D  (v) checked with  leading edge of 'clk'
Beginpoint: req_sync_q_reg[10]/QN (^) triggered by  leading edge of 'clk'
Path Groups: {clk}
Analysis View: setup_view
Other End Arrival Time          0.173
- Setup                         0.396
+ Phase Shift                  10.000
- Uncertainty                   0.200
= Required Time                 9.577
- Arrival Time                  0.575
= Slack Time                    9.002
     Clock Rise Edge                 0.000
     + Clock Network Latency (Prop)  0.000
     = Beginpoint Arrival Time       0.000
     +--------------------------------------------------------------------------+ 
     |      Instance      |     Arc      |  Cell   | Delay | Arrival | Required | 
     |                    |              |         |       |  Time   |   Time   | 
     |--------------------+--------------+---------+-------+---------+----------| 
     | req_sync_q_reg[10] | CK ^         |         |       |   0.000 |    9.002 | 
     | req_sync_q_reg[10] | CK ^ -> QN ^ | DFFX1   | 0.496 |   0.496 |    9.498 | 
     | g7000__2346        | B0 ^ -> Y v  | AOI21XL | 0.079 |   0.575 |    9.577 | 
     | ack_rank_q_reg[12] | D v          | DFFTRX1 | 0.000 |   0.575 |    9.577 | 
     +--------------------------------------------------------------------------+ 
Path 37: MET Setup Check with Pin ack_rank_q_reg[3]/CK 
Endpoint:   ack_rank_q_reg[3]/D  (v) checked with  leading edge of 'clk'
Beginpoint: req_sync_q_reg[2]/QN (^) triggered by  leading edge of 'clk'
Path Groups: {clk}
Analysis View: setup_view
Other End Arrival Time          0.170
- Setup                         0.399
+ Phase Shift                  10.000
- Uncertainty                   0.200
= Required Time                 9.571
- Arrival Time                  0.554
= Slack Time                    9.017
     Clock Rise Edge                 0.000
     + Clock Network Latency (Prop)  -0.000
     = Beginpoint Arrival Time       -0.000
     +-------------------------------------------------------------------------+ 
     |     Instance      |     Arc      |  Cell   | Delay | Arrival | Required | 
     |                   |              |         |       |  Time   |   Time   | 
     |-------------------+--------------+---------+-------+---------+----------| 
     | req_sync_q_reg[2] | CK ^         |         |       |  -0.000 |    9.017 | 
     | req_sync_q_reg[2] | CK ^ -> QN ^ | DFFX1   | 0.472 |   0.471 |    9.488 | 
     | g7004__2398       | B0 ^ -> Y v  | AOI21XL | 0.082 |   0.554 |    9.571 | 
     | ack_rank_q_reg[3] | D v          | DFFTRX1 | 0.000 |   0.554 |    9.571 | 
     +-------------------------------------------------------------------------+ 

