============================================================
  Generated by:           Genus(TM) Synthesis Solution 23.14-s090_1
  Generated on:           Aug 21 2026  04:46:36 am
  Module:                 aer_pending_gray_rank_reuse_sync_core_reset
  Operating conditions:   typical (balanced_tree)
  Wireload mode:          enclosed
  Area mode:              timing library
============================================================

Timing
--------

Clock  Period 
--------------
clk   10000.0 


  Cost    Critical         Violating 
 Group   Path Slack  TNS     Paths   
-------------------------------------
clk          7426.2   0.0          0 
default    No paths   0.0            
-------------------------------------
Total                 0.0          0 

Instance Count
--------------
Leaf Instance Count             220 
Physical Instance count           0 
Sequential Instance Count        71 
Combinational Instance Count    149 
Hierarchical Instance Count       0 

Area
----
Cell Area                          6087.312
Physical Cell Area                 0.000
Total Cell Area (Cell+Physical)    6087.312
Net Area                           0.000
Total Area (Cell+Physical+Net)     6087.312

Max Fanout                         71 (clk)
Min Fanout                         0 (rst_n)
Average Fanout                     2.3
Terms to net ratio                 3.2538
Terms to instance ratio            3.8455
Runtime                            30.406004 seconds
Elapsed Runtime                    30 seconds
Genus peak memory usage            1610.14 
Innovus peak memory usage          no_value 
Hostname                           <REMOTE_HOST>
