============================================================
  Generated by:           Genus(TM) Synthesis Solution 23.14-s090_1
  Generated on:           Aug 21 2026  04:46:35 am
  Module:                 aer_pending_gray_rank_reuse_sync_core_reset
  Technology library:     typical 1.0
  Operating conditions:   typical (balanced_tree)
  Wireload mode:          enclosed
  Area mode:              timing library
============================================================

                               
   Gate    Instances    Area     Library  
------------------------------------------
AND2X2            17   226.195    typical 
AND3X2             1    16.632    typical 
AND4X2             1    19.958    typical 
AOI211X1           3    49.896    typical 
AOI21X1            3    39.917    typical 
AOI21XL           16   212.890    typical 
AOI22X1            7   116.424    typical 
AOI2BB1X1         16   266.112    typical 
AOI2BB2X1          1    23.285    typical 
AOI31X1            8   133.056    typical 
AOI31XL            8   133.056    typical 
BUFX3              3    39.917    typical 
CLKBUFXL           1    13.306    typical 
DFFHQX1           32  1703.117    typical 
DFFRHQX1           2   139.709    typical 
DFFTRX1           17   961.330    typical 
DFFX1             20  1130.976    typical 
INVX1             11    73.181    typical 
MXI2XL             1    23.285    typical 
NAND2BX1           2    26.611    typical 
NAND2X1            8    79.834    typical 
NAND4X1            3    49.896    typical 
NOR2BX1            2    26.611    typical 
NOR2X1             6    59.875    typical 
NOR2XL             1     9.979    typical 
NOR3X1             1    13.306    typical 
OAI21XL           11   146.362    typical 
OAI221XL           4    93.139    typical 
OAI22X1            8   159.667    typical 
OAI22XL            1    19.958    typical 
OAI2BB1X1          4    66.528    typical 
OR2X2              1    13.306    typical 
------------------------------------------
total            220  6087.312            


                                         
     Type      Instances   Area   Area % 
-----------------------------------------
sequential            71 3935.131   64.6 
inverter              11   73.181    1.2 
buffer                 4   53.222    0.9 
logic                134 2025.778   33.3 
physical_cells         0    0.000    0.0 
-----------------------------------------
total                220 6087.312  100.0 

