Copyright 1986-2020 Xilinx, Inc. All Rights Reserved.
---------------------------------------------------------------------------------------------------------------------------------------------------------------------------
| Tool Version : Vivado v.2020.2 (win64) Build 3064766 Wed Nov 18 09:12:45 MST 2020
| Date         : Fri Aug 21 04:07:18 2026
| Host         : <LOCAL_HOST> running 64-bit major release  (build 9200)
| Command      : report_timing -delay_type max -max_paths 20 -from [all_registers] -to [all_registers] -file reports/p9_state_compression/vivado_grr_oi/reg2reg_timing.rpt
| Design       : aer_pending_gray_rank_reuse_operand_isolated
| Device       : 7a35t-cpg236
| Speed File   : -1  PRODUCTION 1.23 2018-06-13
---------------------------------------------------------------------------------------------------------------------------------------------------------------------------

Timing Report

Slack (MET) :             3.766ns  (required time - arrival time)
  Source:                 ack_rank_q_reg[12]/C
                            (rising edge-triggered cell FDRE clocked by clk  {rise@0.000ns fall@5.000ns period=10.000ns})
  Destination:            pending_rank_q_reg[11]/D
                            (rising edge-triggered cell FDRE clocked by clk  {rise@0.000ns fall@5.000ns period=10.000ns})
  Path Group:             clk
  Path Type:              Setup (Max at Slow Process Corner)
  Requirement:            10.000ns  (clk rise@10.000ns - clk rise@0.000ns)
  Data Path Delay:        6.083ns  (logic 1.371ns (22.538%)  route 4.712ns (77.462%))
  Logic Levels:           6  (LUT3=1 LUT4=1 LUT5=1 LUT6=3)
  Clock Path Skew:        -0.145ns (DCD - SCD + CPR)
    Destination Clock Delay (DCD):    2.079ns = ( 12.079 - 10.000 ) 
    Source Clock Delay      (SCD):    2.402ns
    Clock Pessimism Removal (CPR):    0.178ns
  Clock Uncertainty:      0.035ns  ((TSJ^2 + TIJ^2)^1/2 + DJ) / 2 + PE
    Total System Jitter     (TSJ):    0.071ns
    Total Input Jitter      (TIJ):    0.000ns
    Discrete Jitter          (DJ):    0.000ns
    Phase Error              (PE):    0.000ns

    Location             Delay type                Incr(ns)  Path(ns)    Netlist Resource(s)
  -------------------------------------------------------------------    -------------------
                         (clock clk rise edge)        0.000     0.000 r  
                                                      0.000     0.000 r  clk (IN)
                         net (fo=0)                   0.000     0.000    clk
                         IBUF (Prop_ibuf_I_O)         0.923     0.923 r  clk_IBUF_inst/O
                         net (fo=1, unplaced)         0.800     1.722    clk_IBUF
                         BUFG (Prop_bufg_I_O)         0.096     1.818 r  clk_IBUF_BUFG_inst/O
                         net (fo=71, unplaced)        0.584     2.402    clk_IBUF_BUFG
                         FDRE                                         r  ack_rank_q_reg[12]/C
  -------------------------------------------------------------------    -------------------
                         FDRE (Prop_fdre_C_Q)         0.456     2.858 f  ack_rank_q_reg[12]/Q
                         net (fo=4, unplaced)         0.765     3.623    ack_rank_q[12]
                         LUT3 (Prop_lut3_I0_O)        0.295     3.918 r  pending_rank_q[12]_i_2/O
                         net (fo=2, unplaced)         1.122     5.040    accepted_pending_rank[12]
                         LUT5 (Prop_lut5_I0_O)        0.124     5.164 r  out_rank_q[3]_i_8/O
                         net (fo=3, unplaced)         0.920     6.084    out_rank_q[3]_i_8_n_0
                         LUT6 (Prop_lut6_I2_O)        0.124     6.208 r  out_rank_q[2]_i_2/O
                         net (fo=8, unplaced)         0.487     6.695    out_rank_q[2]_i_2_n_0
                         LUT6 (Prop_lut6_I4_O)        0.124     6.819 r  out_rank_q[1]_i_3/O
                         net (fo=2, unplaced)         0.913     7.732    out_rank_q[1]_i_3_n_0
                         LUT4 (Prop_lut4_I1_O)        0.124     7.856 f  out_rank_q[1]_i_1/O
                         net (fo=17, unplaced)        0.505     8.361    selected_rank[1]
                         LUT6 (Prop_lut6_I2_O)        0.124     8.485 r  pending_rank_q[11]_i_1/O
                         net (fo=1, unplaced)         0.000     8.485    pending_rank_d[11]
                         FDRE                                         r  pending_rank_q_reg[11]/D
  -------------------------------------------------------------------    -------------------

                         (clock clk rise edge)       10.000    10.000 r  
                                                      0.000    10.000 r  clk (IN)
                         net (fo=0)                   0.000    10.000    clk
                         IBUF (Prop_ibuf_I_O)         0.789    10.789 r  clk_IBUF_inst/O
                         net (fo=1, unplaced)         0.760    11.549    clk_IBUF
                         BUFG (Prop_bufg_I_O)         0.091    11.640 r  clk_IBUF_BUFG_inst/O
                         net (fo=71, unplaced)        0.439    12.079    clk_IBUF_BUFG
                         FDRE                                         r  pending_rank_q_reg[11]/C
                         clock pessimism              0.178    12.257    
                         clock uncertainty           -0.035    12.222    
                         FDRE (Setup_fdre_C_D)        0.029    12.251    pending_rank_q_reg[11]
  -------------------------------------------------------------------
                         required time                         12.251    
                         arrival time                          -8.485    
  -------------------------------------------------------------------
                         slack                                  3.766    

Slack (MET) :             3.766ns  (required time - arrival time)
  Source:                 ack_rank_q_reg[12]/C
                            (rising edge-triggered cell FDRE clocked by clk  {rise@0.000ns fall@5.000ns period=10.000ns})
  Destination:            pending_rank_q_reg[13]/D
                            (rising edge-triggered cell FDRE clocked by clk  {rise@0.000ns fall@5.000ns period=10.000ns})
  Path Group:             clk
  Path Type:              Setup (Max at Slow Process Corner)
  Requirement:            10.000ns  (clk rise@10.000ns - clk rise@0.000ns)
  Data Path Delay:        6.083ns  (logic 1.371ns (22.538%)  route 4.712ns (77.462%))
  Logic Levels:           6  (LUT3=1 LUT4=1 LUT5=1 LUT6=3)
  Clock Path Skew:        -0.145ns (DCD - SCD + CPR)
    Destination Clock Delay (DCD):    2.079ns = ( 12.079 - 10.000 ) 
    Source Clock Delay      (SCD):    2.402ns
    Clock Pessimism Removal (CPR):    0.178ns
  Clock Uncertainty:      0.035ns  ((TSJ^2 + TIJ^2)^1/2 + DJ) / 2 + PE
    Total System Jitter     (TSJ):    0.071ns
    Total Input Jitter      (TIJ):    0.000ns
    Discrete Jitter          (DJ):    0.000ns
    Phase Error              (PE):    0.000ns

    Location             Delay type                Incr(ns)  Path(ns)    Netlist Resource(s)
  -------------------------------------------------------------------    -------------------
                         (clock clk rise edge)        0.000     0.000 r  
                                                      0.000     0.000 r  clk (IN)
                         net (fo=0)                   0.000     0.000    clk
                         IBUF (Prop_ibuf_I_O)         0.923     0.923 r  clk_IBUF_inst/O
                         net (fo=1, unplaced)         0.800     1.722    clk_IBUF
                         BUFG (Prop_bufg_I_O)         0.096     1.818 r  clk_IBUF_BUFG_inst/O
                         net (fo=71, unplaced)        0.584     2.402    clk_IBUF_BUFG
                         FDRE                                         r  ack_rank_q_reg[12]/C
  -------------------------------------------------------------------    -------------------
                         FDRE (Prop_fdre_C_Q)         0.456     2.858 f  ack_rank_q_reg[12]/Q
                         net (fo=4, unplaced)         0.765     3.623    ack_rank_q[12]
                         LUT3 (Prop_lut3_I0_O)        0.295     3.918 r  pending_rank_q[12]_i_2/O
                         net (fo=2, unplaced)         1.122     5.040    accepted_pending_rank[12]
                         LUT5 (Prop_lut5_I0_O)        0.124     5.164 r  out_rank_q[3]_i_8/O
                         net (fo=3, unplaced)         0.920     6.084    out_rank_q[3]_i_8_n_0
                         LUT6 (Prop_lut6_I2_O)        0.124     6.208 r  out_rank_q[2]_i_2/O
                         net (fo=8, unplaced)         0.487     6.695    out_rank_q[2]_i_2_n_0
                         LUT6 (Prop_lut6_I4_O)        0.124     6.819 f  out_rank_q[1]_i_3/O
                         net (fo=2, unplaced)         0.913     7.732    out_rank_q[1]_i_3_n_0
                         LUT4 (Prop_lut4_I1_O)        0.124     7.856 r  out_rank_q[1]_i_1/O
                         net (fo=17, unplaced)        0.505     8.361    selected_rank[1]
                         LUT6 (Prop_lut6_I2_O)        0.124     8.485 r  pending_rank_q[13]_i_1/O
                         net (fo=1, unplaced)         0.000     8.485    pending_rank_d[13]
                         FDRE                                         r  pending_rank_q_reg[13]/D
  -------------------------------------------------------------------    -------------------

                         (clock clk rise edge)       10.000    10.000 r  
                                                      0.000    10.000 r  clk (IN)
                         net (fo=0)                   0.000    10.000    clk
                         IBUF (Prop_ibuf_I_O)         0.789    10.789 r  clk_IBUF_inst/O
                         net (fo=1, unplaced)         0.760    11.549    clk_IBUF
                         BUFG (Prop_bufg_I_O)         0.091    11.640 r  clk_IBUF_BUFG_inst/O
                         net (fo=71, unplaced)        0.439    12.079    clk_IBUF_BUFG
                         FDRE                                         r  pending_rank_q_reg[13]/C
                         clock pessimism              0.178    12.257    
                         clock uncertainty           -0.035    12.222    
                         FDRE (Setup_fdre_C_D)        0.029    12.251    pending_rank_q_reg[13]
  -------------------------------------------------------------------
                         required time                         12.251    
                         arrival time                          -8.485    
  -------------------------------------------------------------------
                         slack                                  3.766    

Slack (MET) :             3.766ns  (required time - arrival time)
  Source:                 ack_rank_q_reg[12]/C
                            (rising edge-triggered cell FDRE clocked by clk  {rise@0.000ns fall@5.000ns period=10.000ns})
  Destination:            pending_rank_q_reg[15]/D
                            (rising edge-triggered cell FDRE clocked by clk  {rise@0.000ns fall@5.000ns period=10.000ns})
  Path Group:             clk
  Path Type:              Setup (Max at Slow Process Corner)
  Requirement:            10.000ns  (clk rise@10.000ns - clk rise@0.000ns)
  Data Path Delay:        6.083ns  (logic 1.371ns (22.538%)  route 4.712ns (77.462%))
  Logic Levels:           6  (LUT3=1 LUT4=1 LUT5=1 LUT6=3)
  Clock Path Skew:        -0.145ns (DCD - SCD + CPR)
    Destination Clock Delay (DCD):    2.079ns = ( 12.079 - 10.000 ) 
    Source Clock Delay      (SCD):    2.402ns
    Clock Pessimism Removal (CPR):    0.178ns
  Clock Uncertainty:      0.035ns  ((TSJ^2 + TIJ^2)^1/2 + DJ) / 2 + PE
    Total System Jitter     (TSJ):    0.071ns
    Total Input Jitter      (TIJ):    0.000ns
    Discrete Jitter          (DJ):    0.000ns
    Phase Error              (PE):    0.000ns

    Location             Delay type                Incr(ns)  Path(ns)    Netlist Resource(s)
  -------------------------------------------------------------------    -------------------
                         (clock clk rise edge)        0.000     0.000 r  
                                                      0.000     0.000 r  clk (IN)
                         net (fo=0)                   0.000     0.000    clk
                         IBUF (Prop_ibuf_I_O)         0.923     0.923 r  clk_IBUF_inst/O
                         net (fo=1, unplaced)         0.800     1.722    clk_IBUF
                         BUFG (Prop_bufg_I_O)         0.096     1.818 r  clk_IBUF_BUFG_inst/O
                         net (fo=71, unplaced)        0.584     2.402    clk_IBUF_BUFG
                         FDRE                                         r  ack_rank_q_reg[12]/C
  -------------------------------------------------------------------    -------------------
                         FDRE (Prop_fdre_C_Q)         0.456     2.858 f  ack_rank_q_reg[12]/Q
                         net (fo=4, unplaced)         0.765     3.623    ack_rank_q[12]
                         LUT3 (Prop_lut3_I0_O)        0.295     3.918 r  pending_rank_q[12]_i_2/O
                         net (fo=2, unplaced)         1.122     5.040    accepted_pending_rank[12]
                         LUT5 (Prop_lut5_I0_O)        0.124     5.164 r  out_rank_q[3]_i_8/O
                         net (fo=3, unplaced)         0.920     6.084    out_rank_q[3]_i_8_n_0
                         LUT6 (Prop_lut6_I2_O)        0.124     6.208 r  out_rank_q[2]_i_2/O
                         net (fo=8, unplaced)         0.487     6.695    out_rank_q[2]_i_2_n_0
                         LUT6 (Prop_lut6_I4_O)        0.124     6.819 r  out_rank_q[1]_i_3/O
                         net (fo=2, unplaced)         0.913     7.732    out_rank_q[1]_i_3_n_0
                         LUT4 (Prop_lut4_I1_O)        0.124     7.856 f  out_rank_q[1]_i_1/O
                         net (fo=17, unplaced)        0.505     8.361    selected_rank[1]
                         LUT6 (Prop_lut6_I2_O)        0.124     8.485 r  pending_rank_q[15]_i_1/O
                         net (fo=1, unplaced)         0.000     8.485    pending_rank_d[15]
                         FDRE                                         r  pending_rank_q_reg[15]/D
  -------------------------------------------------------------------    -------------------

                         (clock clk rise edge)       10.000    10.000 r  
                                                      0.000    10.000 r  clk (IN)
                         net (fo=0)                   0.000    10.000    clk
                         IBUF (Prop_ibuf_I_O)         0.789    10.789 r  clk_IBUF_inst/O
                         net (fo=1, unplaced)         0.760    11.549    clk_IBUF
                         BUFG (Prop_bufg_I_O)         0.091    11.640 r  clk_IBUF_BUFG_inst/O
                         net (fo=71, unplaced)        0.439    12.079    clk_IBUF_BUFG
                         FDRE                                         r  pending_rank_q_reg[15]/C
                         clock pessimism              0.178    12.257    
                         clock uncertainty           -0.035    12.222    
                         FDRE (Setup_fdre_C_D)        0.029    12.251    pending_rank_q_reg[15]
  -------------------------------------------------------------------
                         required time                         12.251    
                         arrival time                          -8.485    
  -------------------------------------------------------------------
                         slack                                  3.766    

Slack (MET) :             3.766ns  (required time - arrival time)
  Source:                 ack_rank_q_reg[12]/C
                            (rising edge-triggered cell FDRE clocked by clk  {rise@0.000ns fall@5.000ns period=10.000ns})
  Destination:            pending_rank_q_reg[1]/D
                            (rising edge-triggered cell FDRE clocked by clk  {rise@0.000ns fall@5.000ns period=10.000ns})
  Path Group:             clk
  Path Type:              Setup (Max at Slow Process Corner)
  Requirement:            10.000ns  (clk rise@10.000ns - clk rise@0.000ns)
  Data Path Delay:        6.083ns  (logic 1.371ns (22.538%)  route 4.712ns (77.462%))
  Logic Levels:           6  (LUT3=1 LUT4=1 LUT5=1 LUT6=3)
  Clock Path Skew:        -0.145ns (DCD - SCD + CPR)
    Destination Clock Delay (DCD):    2.079ns = ( 12.079 - 10.000 ) 
    Source Clock Delay      (SCD):    2.402ns
    Clock Pessimism Removal (CPR):    0.178ns
  Clock Uncertainty:      0.035ns  ((TSJ^2 + TIJ^2)^1/2 + DJ) / 2 + PE
    Total System Jitter     (TSJ):    0.071ns
    Total Input Jitter      (TIJ):    0.000ns
    Discrete Jitter          (DJ):    0.000ns
    Phase Error              (PE):    0.000ns

    Location             Delay type                Incr(ns)  Path(ns)    Netlist Resource(s)
  -------------------------------------------------------------------    -------------------
                         (clock clk rise edge)        0.000     0.000 r  
                                                      0.000     0.000 r  clk (IN)
                         net (fo=0)                   0.000     0.000    clk
                         IBUF (Prop_ibuf_I_O)         0.923     0.923 r  clk_IBUF_inst/O
                         net (fo=1, unplaced)         0.800     1.722    clk_IBUF
                         BUFG (Prop_bufg_I_O)         0.096     1.818 r  clk_IBUF_BUFG_inst/O
                         net (fo=71, unplaced)        0.584     2.402    clk_IBUF_BUFG
                         FDRE                                         r  ack_rank_q_reg[12]/C
  -------------------------------------------------------------------    -------------------
                         FDRE (Prop_fdre_C_Q)         0.456     2.858 f  ack_rank_q_reg[12]/Q
                         net (fo=4, unplaced)         0.765     3.623    ack_rank_q[12]
                         LUT3 (Prop_lut3_I0_O)        0.295     3.918 r  pending_rank_q[12]_i_2/O
                         net (fo=2, unplaced)         1.122     5.040    accepted_pending_rank[12]
                         LUT5 (Prop_lut5_I0_O)        0.124     5.164 r  out_rank_q[3]_i_8/O
                         net (fo=3, unplaced)         0.920     6.084    out_rank_q[3]_i_8_n_0
                         LUT6 (Prop_lut6_I2_O)        0.124     6.208 r  out_rank_q[2]_i_2/O
                         net (fo=8, unplaced)         0.487     6.695    out_rank_q[2]_i_2_n_0
                         LUT6 (Prop_lut6_I4_O)        0.124     6.819 f  out_rank_q[1]_i_3/O
                         net (fo=2, unplaced)         0.913     7.732    out_rank_q[1]_i_3_n_0
                         LUT4 (Prop_lut4_I1_O)        0.124     7.856 r  out_rank_q[1]_i_1/O
                         net (fo=17, unplaced)        0.505     8.361    selected_rank[1]
                         LUT6 (Prop_lut6_I2_O)        0.124     8.485 r  pending_rank_q[1]_i_1/O
                         net (fo=1, unplaced)         0.000     8.485    pending_rank_d[1]
                         FDRE                                         r  pending_rank_q_reg[1]/D
  -------------------------------------------------------------------    -------------------

                         (clock clk rise edge)       10.000    10.000 r  
                                                      0.000    10.000 r  clk (IN)
                         net (fo=0)                   0.000    10.000    clk
                         IBUF (Prop_ibuf_I_O)         0.789    10.789 r  clk_IBUF_inst/O
                         net (fo=1, unplaced)         0.760    11.549    clk_IBUF
                         BUFG (Prop_bufg_I_O)         0.091    11.640 r  clk_IBUF_BUFG_inst/O
                         net (fo=71, unplaced)        0.439    12.079    clk_IBUF_BUFG
                         FDRE                                         r  pending_rank_q_reg[1]/C
                         clock pessimism              0.178    12.257    
                         clock uncertainty           -0.035    12.222    
                         FDRE (Setup_fdre_C_D)        0.029    12.251    pending_rank_q_reg[1]
  -------------------------------------------------------------------
                         required time                         12.251    
                         arrival time                          -8.485    
  -------------------------------------------------------------------
                         slack                                  3.766    

Slack (MET) :             3.766ns  (required time - arrival time)
  Source:                 ack_rank_q_reg[12]/C
                            (rising edge-triggered cell FDRE clocked by clk  {rise@0.000ns fall@5.000ns period=10.000ns})
  Destination:            pending_rank_q_reg[3]/D
                            (rising edge-triggered cell FDRE clocked by clk  {rise@0.000ns fall@5.000ns period=10.000ns})
  Path Group:             clk
  Path Type:              Setup (Max at Slow Process Corner)
  Requirement:            10.000ns  (clk rise@10.000ns - clk rise@0.000ns)
  Data Path Delay:        6.083ns  (logic 1.371ns (22.538%)  route 4.712ns (77.462%))
  Logic Levels:           6  (LUT3=1 LUT4=1 LUT5=1 LUT6=3)
  Clock Path Skew:        -0.145ns (DCD - SCD + CPR)
    Destination Clock Delay (DCD):    2.079ns = ( 12.079 - 10.000 ) 
    Source Clock Delay      (SCD):    2.402ns
    Clock Pessimism Removal (CPR):    0.178ns
  Clock Uncertainty:      0.035ns  ((TSJ^2 + TIJ^2)^1/2 + DJ) / 2 + PE
    Total System Jitter     (TSJ):    0.071ns
    Total Input Jitter      (TIJ):    0.000ns
    Discrete Jitter          (DJ):    0.000ns
    Phase Error              (PE):    0.000ns

    Location             Delay type                Incr(ns)  Path(ns)    Netlist Resource(s)
  -------------------------------------------------------------------    -------------------
                         (clock clk rise edge)        0.000     0.000 r  
                                                      0.000     0.000 r  clk (IN)
                         net (fo=0)                   0.000     0.000    clk
                         IBUF (Prop_ibuf_I_O)         0.923     0.923 r  clk_IBUF_inst/O
                         net (fo=1, unplaced)         0.800     1.722    clk_IBUF
                         BUFG (Prop_bufg_I_O)         0.096     1.818 r  clk_IBUF_BUFG_inst/O
                         net (fo=71, unplaced)        0.584     2.402    clk_IBUF_BUFG
                         FDRE                                         r  ack_rank_q_reg[12]/C
  -------------------------------------------------------------------    -------------------
                         FDRE (Prop_fdre_C_Q)         0.456     2.858 f  ack_rank_q_reg[12]/Q
                         net (fo=4, unplaced)         0.765     3.623    ack_rank_q[12]
                         LUT3 (Prop_lut3_I0_O)        0.295     3.918 r  pending_rank_q[12]_i_2/O
                         net (fo=2, unplaced)         1.122     5.040    accepted_pending_rank[12]
                         LUT5 (Prop_lut5_I0_O)        0.124     5.164 r  out_rank_q[3]_i_8/O
                         net (fo=3, unplaced)         0.920     6.084    out_rank_q[3]_i_8_n_0
                         LUT6 (Prop_lut6_I2_O)        0.124     6.208 r  out_rank_q[2]_i_2/O
                         net (fo=8, unplaced)         0.487     6.695    out_rank_q[2]_i_2_n_0
                         LUT6 (Prop_lut6_I4_O)        0.124     6.819 r  out_rank_q[1]_i_3/O
                         net (fo=2, unplaced)         0.913     7.732    out_rank_q[1]_i_3_n_0
                         LUT4 (Prop_lut4_I1_O)        0.124     7.856 f  out_rank_q[1]_i_1/O
                         net (fo=17, unplaced)        0.505     8.361    selected_rank[1]
                         LUT6 (Prop_lut6_I2_O)        0.124     8.485 r  pending_rank_q[3]_i_1/O
                         net (fo=1, unplaced)         0.000     8.485    pending_rank_d[3]
                         FDRE                                         r  pending_rank_q_reg[3]/D
  -------------------------------------------------------------------    -------------------

                         (clock clk rise edge)       10.000    10.000 r  
                                                      0.000    10.000 r  clk (IN)
                         net (fo=0)                   0.000    10.000    clk
                         IBUF (Prop_ibuf_I_O)         0.789    10.789 r  clk_IBUF_inst/O
                         net (fo=1, unplaced)         0.760    11.549    clk_IBUF
                         BUFG (Prop_bufg_I_O)         0.091    11.640 r  clk_IBUF_BUFG_inst/O
                         net (fo=71, unplaced)        0.439    12.079    clk_IBUF_BUFG
                         FDRE                                         r  pending_rank_q_reg[3]/C
                         clock pessimism              0.178    12.257    
                         clock uncertainty           -0.035    12.222    
                         FDRE (Setup_fdre_C_D)        0.029    12.251    pending_rank_q_reg[3]
  -------------------------------------------------------------------
                         required time                         12.251    
                         arrival time                          -8.485    
  -------------------------------------------------------------------
                         slack                                  3.766    

Slack (MET) :             3.766ns  (required time - arrival time)
  Source:                 ack_rank_q_reg[12]/C
                            (rising edge-triggered cell FDRE clocked by clk  {rise@0.000ns fall@5.000ns period=10.000ns})
  Destination:            pending_rank_q_reg[5]/D
                            (rising edge-triggered cell FDRE clocked by clk  {rise@0.000ns fall@5.000ns period=10.000ns})
  Path Group:             clk
  Path Type:              Setup (Max at Slow Process Corner)
  Requirement:            10.000ns  (clk rise@10.000ns - clk rise@0.000ns)
  Data Path Delay:        6.083ns  (logic 1.371ns (22.538%)  route 4.712ns (77.462%))
  Logic Levels:           6  (LUT3=1 LUT4=1 LUT5=1 LUT6=3)
  Clock Path Skew:        -0.145ns (DCD - SCD + CPR)
    Destination Clock Delay (DCD):    2.079ns = ( 12.079 - 10.000 ) 
    Source Clock Delay      (SCD):    2.402ns
    Clock Pessimism Removal (CPR):    0.178ns
  Clock Uncertainty:      0.035ns  ((TSJ^2 + TIJ^2)^1/2 + DJ) / 2 + PE
    Total System Jitter     (TSJ):    0.071ns
    Total Input Jitter      (TIJ):    0.000ns
    Discrete Jitter          (DJ):    0.000ns
    Phase Error              (PE):    0.000ns

    Location             Delay type                Incr(ns)  Path(ns)    Netlist Resource(s)
  -------------------------------------------------------------------    -------------------
                         (clock clk rise edge)        0.000     0.000 r  
                                                      0.000     0.000 r  clk (IN)
                         net (fo=0)                   0.000     0.000    clk
                         IBUF (Prop_ibuf_I_O)         0.923     0.923 r  clk_IBUF_inst/O
                         net (fo=1, unplaced)         0.800     1.722    clk_IBUF
                         BUFG (Prop_bufg_I_O)         0.096     1.818 r  clk_IBUF_BUFG_inst/O
                         net (fo=71, unplaced)        0.584     2.402    clk_IBUF_BUFG
                         FDRE                                         r  ack_rank_q_reg[12]/C
  -------------------------------------------------------------------    -------------------
                         FDRE (Prop_fdre_C_Q)         0.456     2.858 f  ack_rank_q_reg[12]/Q
                         net (fo=4, unplaced)         0.765     3.623    ack_rank_q[12]
                         LUT3 (Prop_lut3_I0_O)        0.295     3.918 r  pending_rank_q[12]_i_2/O
                         net (fo=2, unplaced)         1.122     5.040    accepted_pending_rank[12]
                         LUT5 (Prop_lut5_I0_O)        0.124     5.164 r  out_rank_q[3]_i_8/O
                         net (fo=3, unplaced)         0.920     6.084    out_rank_q[3]_i_8_n_0
                         LUT6 (Prop_lut6_I2_O)        0.124     6.208 r  out_rank_q[2]_i_2/O
                         net (fo=8, unplaced)         0.487     6.695    out_rank_q[2]_i_2_n_0
                         LUT6 (Prop_lut6_I4_O)        0.124     6.819 f  out_rank_q[1]_i_3/O
                         net (fo=2, unplaced)         0.913     7.732    out_rank_q[1]_i_3_n_0
                         LUT4 (Prop_lut4_I1_O)        0.124     7.856 r  out_rank_q[1]_i_1/O
                         net (fo=17, unplaced)        0.505     8.361    selected_rank[1]
                         LUT6 (Prop_lut6_I2_O)        0.124     8.485 r  pending_rank_q[5]_i_1/O
                         net (fo=1, unplaced)         0.000     8.485    pending_rank_d[5]
                         FDRE                                         r  pending_rank_q_reg[5]/D
  -------------------------------------------------------------------    -------------------

                         (clock clk rise edge)       10.000    10.000 r  
                                                      0.000    10.000 r  clk (IN)
                         net (fo=0)                   0.000    10.000    clk
                         IBUF (Prop_ibuf_I_O)         0.789    10.789 r  clk_IBUF_inst/O
                         net (fo=1, unplaced)         0.760    11.549    clk_IBUF
                         BUFG (Prop_bufg_I_O)         0.091    11.640 r  clk_IBUF_BUFG_inst/O
                         net (fo=71, unplaced)        0.439    12.079    clk_IBUF_BUFG
                         FDRE                                         r  pending_rank_q_reg[5]/C
                         clock pessimism              0.178    12.257    
                         clock uncertainty           -0.035    12.222    
                         FDRE (Setup_fdre_C_D)        0.029    12.251    pending_rank_q_reg[5]
  -------------------------------------------------------------------
                         required time                         12.251    
                         arrival time                          -8.485    
  -------------------------------------------------------------------
                         slack                                  3.766    

Slack (MET) :             3.766ns  (required time - arrival time)
  Source:                 ack_rank_q_reg[12]/C
                            (rising edge-triggered cell FDRE clocked by clk  {rise@0.000ns fall@5.000ns period=10.000ns})
  Destination:            pending_rank_q_reg[7]/D
                            (rising edge-triggered cell FDRE clocked by clk  {rise@0.000ns fall@5.000ns period=10.000ns})
  Path Group:             clk
  Path Type:              Setup (Max at Slow Process Corner)
  Requirement:            10.000ns  (clk rise@10.000ns - clk rise@0.000ns)
  Data Path Delay:        6.083ns  (logic 1.371ns (22.538%)  route 4.712ns (77.462%))
  Logic Levels:           6  (LUT3=1 LUT4=1 LUT5=1 LUT6=3)
  Clock Path Skew:        -0.145ns (DCD - SCD + CPR)
    Destination Clock Delay (DCD):    2.079ns = ( 12.079 - 10.000 ) 
    Source Clock Delay      (SCD):    2.402ns
    Clock Pessimism Removal (CPR):    0.178ns
  Clock Uncertainty:      0.035ns  ((TSJ^2 + TIJ^2)^1/2 + DJ) / 2 + PE
    Total System Jitter     (TSJ):    0.071ns
    Total Input Jitter      (TIJ):    0.000ns
    Discrete Jitter          (DJ):    0.000ns
    Phase Error              (PE):    0.000ns

    Location             Delay type                Incr(ns)  Path(ns)    Netlist Resource(s)
  -------------------------------------------------------------------    -------------------
                         (clock clk rise edge)        0.000     0.000 r  
                                                      0.000     0.000 r  clk (IN)
                         net (fo=0)                   0.000     0.000    clk
                         IBUF (Prop_ibuf_I_O)         0.923     0.923 r  clk_IBUF_inst/O
                         net (fo=1, unplaced)         0.800     1.722    clk_IBUF
                         BUFG (Prop_bufg_I_O)         0.096     1.818 r  clk_IBUF_BUFG_inst/O
                         net (fo=71, unplaced)        0.584     2.402    clk_IBUF_BUFG
                         FDRE                                         r  ack_rank_q_reg[12]/C
  -------------------------------------------------------------------    -------------------
                         FDRE (Prop_fdre_C_Q)         0.456     2.858 f  ack_rank_q_reg[12]/Q
                         net (fo=4, unplaced)         0.765     3.623    ack_rank_q[12]
                         LUT3 (Prop_lut3_I0_O)        0.295     3.918 r  pending_rank_q[12]_i_2/O
                         net (fo=2, unplaced)         1.122     5.040    accepted_pending_rank[12]
                         LUT5 (Prop_lut5_I0_O)        0.124     5.164 r  out_rank_q[3]_i_8/O
                         net (fo=3, unplaced)         0.920     6.084    out_rank_q[3]_i_8_n_0
                         LUT6 (Prop_lut6_I2_O)        0.124     6.208 r  out_rank_q[2]_i_2/O
                         net (fo=8, unplaced)         0.487     6.695    out_rank_q[2]_i_2_n_0
                         LUT6 (Prop_lut6_I4_O)        0.124     6.819 r  out_rank_q[1]_i_3/O
                         net (fo=2, unplaced)         0.913     7.732    out_rank_q[1]_i_3_n_0
                         LUT4 (Prop_lut4_I1_O)        0.124     7.856 f  out_rank_q[1]_i_1/O
                         net (fo=17, unplaced)        0.505     8.361    selected_rank[1]
                         LUT6 (Prop_lut6_I2_O)        0.124     8.485 r  pending_rank_q[7]_i_1/O
                         net (fo=1, unplaced)         0.000     8.485    pending_rank_d[7]
                         FDRE                                         r  pending_rank_q_reg[7]/D
  -------------------------------------------------------------------    -------------------

                         (clock clk rise edge)       10.000    10.000 r  
                                                      0.000    10.000 r  clk (IN)
                         net (fo=0)                   0.000    10.000    clk
                         IBUF (Prop_ibuf_I_O)         0.789    10.789 r  clk_IBUF_inst/O
                         net (fo=1, unplaced)         0.760    11.549    clk_IBUF
                         BUFG (Prop_bufg_I_O)         0.091    11.640 r  clk_IBUF_BUFG_inst/O
                         net (fo=71, unplaced)        0.439    12.079    clk_IBUF_BUFG
                         FDRE                                         r  pending_rank_q_reg[7]/C
                         clock pessimism              0.178    12.257    
                         clock uncertainty           -0.035    12.222    
                         FDRE (Setup_fdre_C_D)        0.029    12.251    pending_rank_q_reg[7]
  -------------------------------------------------------------------
                         required time                         12.251    
                         arrival time                          -8.485    
  -------------------------------------------------------------------
                         slack                                  3.766    

Slack (MET) :             3.766ns  (required time - arrival time)
  Source:                 ack_rank_q_reg[12]/C
                            (rising edge-triggered cell FDRE clocked by clk  {rise@0.000ns fall@5.000ns period=10.000ns})
  Destination:            pending_rank_q_reg[9]/D
                            (rising edge-triggered cell FDRE clocked by clk  {rise@0.000ns fall@5.000ns period=10.000ns})
  Path Group:             clk
  Path Type:              Setup (Max at Slow Process Corner)
  Requirement:            10.000ns  (clk rise@10.000ns - clk rise@0.000ns)
  Data Path Delay:        6.083ns  (logic 1.371ns (22.538%)  route 4.712ns (77.462%))
  Logic Levels:           6  (LUT3=1 LUT4=1 LUT5=1 LUT6=3)
  Clock Path Skew:        -0.145ns (DCD - SCD + CPR)
    Destination Clock Delay (DCD):    2.079ns = ( 12.079 - 10.000 ) 
    Source Clock Delay      (SCD):    2.402ns
    Clock Pessimism Removal (CPR):    0.178ns
  Clock Uncertainty:      0.035ns  ((TSJ^2 + TIJ^2)^1/2 + DJ) / 2 + PE
    Total System Jitter     (TSJ):    0.071ns
    Total Input Jitter      (TIJ):    0.000ns
    Discrete Jitter          (DJ):    0.000ns
    Phase Error              (PE):    0.000ns

    Location             Delay type                Incr(ns)  Path(ns)    Netlist Resource(s)
  -------------------------------------------------------------------    -------------------
                         (clock clk rise edge)        0.000     0.000 r  
                                                      0.000     0.000 r  clk (IN)
                         net (fo=0)                   0.000     0.000    clk
                         IBUF (Prop_ibuf_I_O)         0.923     0.923 r  clk_IBUF_inst/O
                         net (fo=1, unplaced)         0.800     1.722    clk_IBUF
                         BUFG (Prop_bufg_I_O)         0.096     1.818 r  clk_IBUF_BUFG_inst/O
                         net (fo=71, unplaced)        0.584     2.402    clk_IBUF_BUFG
                         FDRE                                         r  ack_rank_q_reg[12]/C
  -------------------------------------------------------------------    -------------------
                         FDRE (Prop_fdre_C_Q)         0.456     2.858 f  ack_rank_q_reg[12]/Q
                         net (fo=4, unplaced)         0.765     3.623    ack_rank_q[12]
                         LUT3 (Prop_lut3_I0_O)        0.295     3.918 r  pending_rank_q[12]_i_2/O
                         net (fo=2, unplaced)         1.122     5.040    accepted_pending_rank[12]
                         LUT5 (Prop_lut5_I0_O)        0.124     5.164 r  out_rank_q[3]_i_8/O
                         net (fo=3, unplaced)         0.920     6.084    out_rank_q[3]_i_8_n_0
                         LUT6 (Prop_lut6_I2_O)        0.124     6.208 r  out_rank_q[2]_i_2/O
                         net (fo=8, unplaced)         0.487     6.695    out_rank_q[2]_i_2_n_0
                         LUT6 (Prop_lut6_I4_O)        0.124     6.819 f  out_rank_q[1]_i_3/O
                         net (fo=2, unplaced)         0.913     7.732    out_rank_q[1]_i_3_n_0
                         LUT4 (Prop_lut4_I1_O)        0.124     7.856 r  out_rank_q[1]_i_1/O
                         net (fo=17, unplaced)        0.505     8.361    selected_rank[1]
                         LUT6 (Prop_lut6_I2_O)        0.124     8.485 r  pending_rank_q[9]_i_1/O
                         net (fo=1, unplaced)         0.000     8.485    pending_rank_d[9]
                         FDRE                                         r  pending_rank_q_reg[9]/D
  -------------------------------------------------------------------    -------------------

                         (clock clk rise edge)       10.000    10.000 r  
                                                      0.000    10.000 r  clk (IN)
                         net (fo=0)                   0.000    10.000    clk
                         IBUF (Prop_ibuf_I_O)         0.789    10.789 r  clk_IBUF_inst/O
                         net (fo=1, unplaced)         0.760    11.549    clk_IBUF
                         BUFG (Prop_bufg_I_O)         0.091    11.640 r  clk_IBUF_BUFG_inst/O
                         net (fo=71, unplaced)        0.439    12.079    clk_IBUF_BUFG
                         FDRE                                         r  pending_rank_q_reg[9]/C
                         clock pessimism              0.178    12.257    
                         clock uncertainty           -0.035    12.222    
                         FDRE (Setup_fdre_C_D)        0.029    12.251    pending_rank_q_reg[9]
  -------------------------------------------------------------------
                         required time                         12.251    
                         arrival time                          -8.485    
  -------------------------------------------------------------------
                         slack                                  3.766    

Slack (MET) :             3.777ns  (required time - arrival time)
  Source:                 ack_rank_q_reg[12]/C
                            (rising edge-triggered cell FDRE clocked by clk  {rise@0.000ns fall@5.000ns period=10.000ns})
  Destination:            pending_rank_q_reg[0]/D
                            (rising edge-triggered cell FDRE clocked by clk  {rise@0.000ns fall@5.000ns period=10.000ns})
  Path Group:             clk
  Path Type:              Setup (Max at Slow Process Corner)
  Requirement:            10.000ns  (clk rise@10.000ns - clk rise@0.000ns)
  Data Path Delay:        6.072ns  (logic 1.371ns (22.579%)  route 4.701ns (77.421%))
  Logic Levels:           6  (LUT3=1 LUT5=1 LUT6=4)
  Clock Path Skew:        -0.145ns (DCD - SCD + CPR)
    Destination Clock Delay (DCD):    2.079ns = ( 12.079 - 10.000 ) 
    Source Clock Delay      (SCD):    2.402ns
    Clock Pessimism Removal (CPR):    0.178ns
  Clock Uncertainty:      0.035ns  ((TSJ^2 + TIJ^2)^1/2 + DJ) / 2 + PE
    Total System Jitter     (TSJ):    0.071ns
    Total Input Jitter      (TIJ):    0.000ns
    Discrete Jitter          (DJ):    0.000ns
    Phase Error              (PE):    0.000ns

    Location             Delay type                Incr(ns)  Path(ns)    Netlist Resource(s)
  -------------------------------------------------------------------    -------------------
                         (clock clk rise edge)        0.000     0.000 r  
                                                      0.000     0.000 r  clk (IN)
                         net (fo=0)                   0.000     0.000    clk
                         IBUF (Prop_ibuf_I_O)         0.923     0.923 r  clk_IBUF_inst/O
                         net (fo=1, unplaced)         0.800     1.722    clk_IBUF
                         BUFG (Prop_bufg_I_O)         0.096     1.818 r  clk_IBUF_BUFG_inst/O
                         net (fo=71, unplaced)        0.584     2.402    clk_IBUF_BUFG
                         FDRE                                         r  ack_rank_q_reg[12]/C
  -------------------------------------------------------------------    -------------------
                         FDRE (Prop_fdre_C_Q)         0.456     2.858 f  ack_rank_q_reg[12]/Q
                         net (fo=4, unplaced)         0.765     3.623    ack_rank_q[12]
                         LUT3 (Prop_lut3_I0_O)        0.295     3.918 r  pending_rank_q[12]_i_2/O
                         net (fo=2, unplaced)         1.122     5.040    accepted_pending_rank[12]
                         LUT5 (Prop_lut5_I0_O)        0.124     5.164 r  out_rank_q[3]_i_8/O
                         net (fo=3, unplaced)         0.920     6.084    out_rank_q[3]_i_8_n_0
                         LUT6 (Prop_lut6_I2_O)        0.124     6.208 r  out_rank_q[2]_i_2/O
                         net (fo=8, unplaced)         0.487     6.695    out_rank_q[2]_i_2_n_0
                         LUT6 (Prop_lut6_I4_O)        0.124     6.819 f  out_rank_q[0]_i_3/O
                         net (fo=1, unplaced)         0.902     7.721    out_rank_q[0]_i_3_n_0
                         LUT6 (Prop_lut6_I3_O)        0.124     7.845 r  out_rank_q[0]_i_1/O
                         net (fo=17, unplaced)        0.505     8.350    selected_rank[0]
                         LUT6 (Prop_lut6_I2_O)        0.124     8.474 r  pending_rank_q[0]_i_1/O
                         net (fo=1, unplaced)         0.000     8.474    pending_rank_d[0]
                         FDRE                                         r  pending_rank_q_reg[0]/D
  -------------------------------------------------------------------    -------------------

                         (clock clk rise edge)       10.000    10.000 r  
                                                      0.000    10.000 r  clk (IN)
                         net (fo=0)                   0.000    10.000    clk
                         IBUF (Prop_ibuf_I_O)         0.789    10.789 r  clk_IBUF_inst/O
                         net (fo=1, unplaced)         0.760    11.549    clk_IBUF
                         BUFG (Prop_bufg_I_O)         0.091    11.640 r  clk_IBUF_BUFG_inst/O
                         net (fo=71, unplaced)        0.439    12.079    clk_IBUF_BUFG
                         FDRE                                         r  pending_rank_q_reg[0]/C
                         clock pessimism              0.178    12.257    
                         clock uncertainty           -0.035    12.222    
                         FDRE (Setup_fdre_C_D)        0.029    12.251    pending_rank_q_reg[0]
  -------------------------------------------------------------------
                         required time                         12.251    
                         arrival time                          -8.474    
  -------------------------------------------------------------------
                         slack                                  3.777    

Slack (MET) :             3.777ns  (required time - arrival time)
  Source:                 ack_rank_q_reg[12]/C
                            (rising edge-triggered cell FDRE clocked by clk  {rise@0.000ns fall@5.000ns period=10.000ns})
  Destination:            pending_rank_q_reg[10]/D
                            (rising edge-triggered cell FDRE clocked by clk  {rise@0.000ns fall@5.000ns period=10.000ns})
  Path Group:             clk
  Path Type:              Setup (Max at Slow Process Corner)
  Requirement:            10.000ns  (clk rise@10.000ns - clk rise@0.000ns)
  Data Path Delay:        6.072ns  (logic 1.371ns (22.579%)  route 4.701ns (77.421%))
  Logic Levels:           6  (LUT3=1 LUT5=1 LUT6=4)
  Clock Path Skew:        -0.145ns (DCD - SCD + CPR)
    Destination Clock Delay (DCD):    2.079ns = ( 12.079 - 10.000 ) 
    Source Clock Delay      (SCD):    2.402ns
    Clock Pessimism Removal (CPR):    0.178ns
  Clock Uncertainty:      0.035ns  ((TSJ^2 + TIJ^2)^1/2 + DJ) / 2 + PE
    Total System Jitter     (TSJ):    0.071ns
    Total Input Jitter      (TIJ):    0.000ns
    Discrete Jitter          (DJ):    0.000ns
    Phase Error              (PE):    0.000ns

    Location             Delay type                Incr(ns)  Path(ns)    Netlist Resource(s)
  -------------------------------------------------------------------    -------------------
                         (clock clk rise edge)        0.000     0.000 r  
                                                      0.000     0.000 r  clk (IN)
                         net (fo=0)                   0.000     0.000    clk
                         IBUF (Prop_ibuf_I_O)         0.923     0.923 r  clk_IBUF_inst/O
                         net (fo=1, unplaced)         0.800     1.722    clk_IBUF
                         BUFG (Prop_bufg_I_O)         0.096     1.818 r  clk_IBUF_BUFG_inst/O
                         net (fo=71, unplaced)        0.584     2.402    clk_IBUF_BUFG
                         FDRE                                         r  ack_rank_q_reg[12]/C
  -------------------------------------------------------------------    -------------------
                         FDRE (Prop_fdre_C_Q)         0.456     2.858 f  ack_rank_q_reg[12]/Q
                         net (fo=4, unplaced)         0.765     3.623    ack_rank_q[12]
                         LUT3 (Prop_lut3_I0_O)        0.295     3.918 r  pending_rank_q[12]_i_2/O
                         net (fo=2, unplaced)         1.122     5.040    accepted_pending_rank[12]
                         LUT5 (Prop_lut5_I0_O)        0.124     5.164 r  out_rank_q[3]_i_8/O
                         net (fo=3, unplaced)         0.920     6.084    out_rank_q[3]_i_8_n_0
                         LUT6 (Prop_lut6_I2_O)        0.124     6.208 r  out_rank_q[2]_i_2/O
                         net (fo=8, unplaced)         0.487     6.695    out_rank_q[2]_i_2_n_0
                         LUT6 (Prop_lut6_I4_O)        0.124     6.819 f  out_rank_q[0]_i_3/O
                         net (fo=1, unplaced)         0.902     7.721    out_rank_q[0]_i_3_n_0
                         LUT6 (Prop_lut6_I3_O)        0.124     7.845 r  out_rank_q[0]_i_1/O
                         net (fo=17, unplaced)        0.505     8.350    selected_rank[0]
                         LUT6 (Prop_lut6_I2_O)        0.124     8.474 r  pending_rank_q[10]_i_1/O
                         net (fo=1, unplaced)         0.000     8.474    pending_rank_d[10]
                         FDRE                                         r  pending_rank_q_reg[10]/D
  -------------------------------------------------------------------    -------------------

                         (clock clk rise edge)       10.000    10.000 r  
                                                      0.000    10.000 r  clk (IN)
                         net (fo=0)                   0.000    10.000    clk
                         IBUF (Prop_ibuf_I_O)         0.789    10.789 r  clk_IBUF_inst/O
                         net (fo=1, unplaced)         0.760    11.549    clk_IBUF
                         BUFG (Prop_bufg_I_O)         0.091    11.640 r  clk_IBUF_BUFG_inst/O
                         net (fo=71, unplaced)        0.439    12.079    clk_IBUF_BUFG
                         FDRE                                         r  pending_rank_q_reg[10]/C
                         clock pessimism              0.178    12.257    
                         clock uncertainty           -0.035    12.222    
                         FDRE (Setup_fdre_C_D)        0.029    12.251    pending_rank_q_reg[10]
  -------------------------------------------------------------------
                         required time                         12.251    
                         arrival time                          -8.474    
  -------------------------------------------------------------------
                         slack                                  3.777    

Slack (MET) :             3.777ns  (required time - arrival time)
  Source:                 ack_rank_q_reg[12]/C
                            (rising edge-triggered cell FDRE clocked by clk  {rise@0.000ns fall@5.000ns period=10.000ns})
  Destination:            pending_rank_q_reg[12]/D
                            (rising edge-triggered cell FDRE clocked by clk  {rise@0.000ns fall@5.000ns period=10.000ns})
  Path Group:             clk
  Path Type:              Setup (Max at Slow Process Corner)
  Requirement:            10.000ns  (clk rise@10.000ns - clk rise@0.000ns)
  Data Path Delay:        6.072ns  (logic 1.371ns (22.579%)  route 4.701ns (77.421%))
  Logic Levels:           6  (LUT3=1 LUT5=1 LUT6=4)
  Clock Path Skew:        -0.145ns (DCD - SCD + CPR)
    Destination Clock Delay (DCD):    2.079ns = ( 12.079 - 10.000 ) 
    Source Clock Delay      (SCD):    2.402ns
    Clock Pessimism Removal (CPR):    0.178ns
  Clock Uncertainty:      0.035ns  ((TSJ^2 + TIJ^2)^1/2 + DJ) / 2 + PE
    Total System Jitter     (TSJ):    0.071ns
    Total Input Jitter      (TIJ):    0.000ns
    Discrete Jitter          (DJ):    0.000ns
    Phase Error              (PE):    0.000ns

    Location             Delay type                Incr(ns)  Path(ns)    Netlist Resource(s)
  -------------------------------------------------------------------    -------------------
                         (clock clk rise edge)        0.000     0.000 r  
                                                      0.000     0.000 r  clk (IN)
                         net (fo=0)                   0.000     0.000    clk
                         IBUF (Prop_ibuf_I_O)         0.923     0.923 r  clk_IBUF_inst/O
                         net (fo=1, unplaced)         0.800     1.722    clk_IBUF
                         BUFG (Prop_bufg_I_O)         0.096     1.818 r  clk_IBUF_BUFG_inst/O
                         net (fo=71, unplaced)        0.584     2.402    clk_IBUF_BUFG
                         FDRE                                         r  ack_rank_q_reg[12]/C
  -------------------------------------------------------------------    -------------------
                         FDRE (Prop_fdre_C_Q)         0.456     2.858 f  ack_rank_q_reg[12]/Q
                         net (fo=4, unplaced)         0.765     3.623    ack_rank_q[12]
                         LUT3 (Prop_lut3_I0_O)        0.295     3.918 r  pending_rank_q[12]_i_2/O
                         net (fo=2, unplaced)         1.122     5.040    accepted_pending_rank[12]
                         LUT5 (Prop_lut5_I0_O)        0.124     5.164 r  out_rank_q[3]_i_8/O
                         net (fo=3, unplaced)         0.920     6.084    out_rank_q[3]_i_8_n_0
                         LUT6 (Prop_lut6_I2_O)        0.124     6.208 r  out_rank_q[2]_i_2/O
                         net (fo=8, unplaced)         0.487     6.695    out_rank_q[2]_i_2_n_0
                         LUT6 (Prop_lut6_I4_O)        0.124     6.819 f  out_rank_q[0]_i_3/O
                         net (fo=1, unplaced)         0.902     7.721    out_rank_q[0]_i_3_n_0
                         LUT6 (Prop_lut6_I3_O)        0.124     7.845 r  out_rank_q[0]_i_1/O
                         net (fo=17, unplaced)        0.505     8.350    selected_rank[0]
                         LUT6 (Prop_lut6_I2_O)        0.124     8.474 r  pending_rank_q[12]_i_1/O
                         net (fo=1, unplaced)         0.000     8.474    pending_rank_d[12]
                         FDRE                                         r  pending_rank_q_reg[12]/D
  -------------------------------------------------------------------    -------------------

                         (clock clk rise edge)       10.000    10.000 r  
                                                      0.000    10.000 r  clk (IN)
                         net (fo=0)                   0.000    10.000    clk
                         IBUF (Prop_ibuf_I_O)         0.789    10.789 r  clk_IBUF_inst/O
                         net (fo=1, unplaced)         0.760    11.549    clk_IBUF
                         BUFG (Prop_bufg_I_O)         0.091    11.640 r  clk_IBUF_BUFG_inst/O
                         net (fo=71, unplaced)        0.439    12.079    clk_IBUF_BUFG
                         FDRE                                         r  pending_rank_q_reg[12]/C
                         clock pessimism              0.178    12.257    
                         clock uncertainty           -0.035    12.222    
                         FDRE (Setup_fdre_C_D)        0.029    12.251    pending_rank_q_reg[12]
  -------------------------------------------------------------------
                         required time                         12.251    
                         arrival time                          -8.474    
  -------------------------------------------------------------------
                         slack                                  3.777    

Slack (MET) :             3.777ns  (required time - arrival time)
  Source:                 ack_rank_q_reg[12]/C
                            (rising edge-triggered cell FDRE clocked by clk  {rise@0.000ns fall@5.000ns period=10.000ns})
  Destination:            pending_rank_q_reg[14]/D
                            (rising edge-triggered cell FDRE clocked by clk  {rise@0.000ns fall@5.000ns period=10.000ns})
  Path Group:             clk
  Path Type:              Setup (Max at Slow Process Corner)
  Requirement:            10.000ns  (clk rise@10.000ns - clk rise@0.000ns)
  Data Path Delay:        6.072ns  (logic 1.371ns (22.579%)  route 4.701ns (77.421%))
  Logic Levels:           6  (LUT3=1 LUT5=1 LUT6=4)
  Clock Path Skew:        -0.145ns (DCD - SCD + CPR)
    Destination Clock Delay (DCD):    2.079ns = ( 12.079 - 10.000 ) 
    Source Clock Delay      (SCD):    2.402ns
    Clock Pessimism Removal (CPR):    0.178ns
  Clock Uncertainty:      0.035ns  ((TSJ^2 + TIJ^2)^1/2 + DJ) / 2 + PE
    Total System Jitter     (TSJ):    0.071ns
    Total Input Jitter      (TIJ):    0.000ns
    Discrete Jitter          (DJ):    0.000ns
    Phase Error              (PE):    0.000ns

    Location             Delay type                Incr(ns)  Path(ns)    Netlist Resource(s)
  -------------------------------------------------------------------    -------------------
                         (clock clk rise edge)        0.000     0.000 r  
                                                      0.000     0.000 r  clk (IN)
                         net (fo=0)                   0.000     0.000    clk
                         IBUF (Prop_ibuf_I_O)         0.923     0.923 r  clk_IBUF_inst/O
                         net (fo=1, unplaced)         0.800     1.722    clk_IBUF
                         BUFG (Prop_bufg_I_O)         0.096     1.818 r  clk_IBUF_BUFG_inst/O
                         net (fo=71, unplaced)        0.584     2.402    clk_IBUF_BUFG
                         FDRE                                         r  ack_rank_q_reg[12]/C
  -------------------------------------------------------------------    -------------------
                         FDRE (Prop_fdre_C_Q)         0.456     2.858 f  ack_rank_q_reg[12]/Q
                         net (fo=4, unplaced)         0.765     3.623    ack_rank_q[12]
                         LUT3 (Prop_lut3_I0_O)        0.295     3.918 r  pending_rank_q[12]_i_2/O
                         net (fo=2, unplaced)         1.122     5.040    accepted_pending_rank[12]
                         LUT5 (Prop_lut5_I0_O)        0.124     5.164 r  out_rank_q[3]_i_8/O
                         net (fo=3, unplaced)         0.920     6.084    out_rank_q[3]_i_8_n_0
                         LUT6 (Prop_lut6_I2_O)        0.124     6.208 r  out_rank_q[2]_i_2/O
                         net (fo=8, unplaced)         0.487     6.695    out_rank_q[2]_i_2_n_0
                         LUT6 (Prop_lut6_I4_O)        0.124     6.819 f  out_rank_q[0]_i_3/O
                         net (fo=1, unplaced)         0.902     7.721    out_rank_q[0]_i_3_n_0
                         LUT6 (Prop_lut6_I3_O)        0.124     7.845 r  out_rank_q[0]_i_1/O
                         net (fo=17, unplaced)        0.505     8.350    selected_rank[0]
                         LUT6 (Prop_lut6_I2_O)        0.124     8.474 r  pending_rank_q[14]_i_1/O
                         net (fo=1, unplaced)         0.000     8.474    pending_rank_d[14]
                         FDRE                                         r  pending_rank_q_reg[14]/D
  -------------------------------------------------------------------    -------------------

                         (clock clk rise edge)       10.000    10.000 r  
                                                      0.000    10.000 r  clk (IN)
                         net (fo=0)                   0.000    10.000    clk
                         IBUF (Prop_ibuf_I_O)         0.789    10.789 r  clk_IBUF_inst/O
                         net (fo=1, unplaced)         0.760    11.549    clk_IBUF
                         BUFG (Prop_bufg_I_O)         0.091    11.640 r  clk_IBUF_BUFG_inst/O
                         net (fo=71, unplaced)        0.439    12.079    clk_IBUF_BUFG
                         FDRE                                         r  pending_rank_q_reg[14]/C
                         clock pessimism              0.178    12.257    
                         clock uncertainty           -0.035    12.222    
                         FDRE (Setup_fdre_C_D)        0.029    12.251    pending_rank_q_reg[14]
  -------------------------------------------------------------------
                         required time                         12.251    
                         arrival time                          -8.474    
  -------------------------------------------------------------------
                         slack                                  3.777    

Slack (MET) :             3.777ns  (required time - arrival time)
  Source:                 ack_rank_q_reg[12]/C
                            (rising edge-triggered cell FDRE clocked by clk  {rise@0.000ns fall@5.000ns period=10.000ns})
  Destination:            pending_rank_q_reg[2]/D
                            (rising edge-triggered cell FDRE clocked by clk  {rise@0.000ns fall@5.000ns period=10.000ns})
  Path Group:             clk
  Path Type:              Setup (Max at Slow Process Corner)
  Requirement:            10.000ns  (clk rise@10.000ns - clk rise@0.000ns)
  Data Path Delay:        6.072ns  (logic 1.371ns (22.579%)  route 4.701ns (77.421%))
  Logic Levels:           6  (LUT3=1 LUT5=1 LUT6=4)
  Clock Path Skew:        -0.145ns (DCD - SCD + CPR)
    Destination Clock Delay (DCD):    2.079ns = ( 12.079 - 10.000 ) 
    Source Clock Delay      (SCD):    2.402ns
    Clock Pessimism Removal (CPR):    0.178ns
  Clock Uncertainty:      0.035ns  ((TSJ^2 + TIJ^2)^1/2 + DJ) / 2 + PE
    Total System Jitter     (TSJ):    0.071ns
    Total Input Jitter      (TIJ):    0.000ns
    Discrete Jitter          (DJ):    0.000ns
    Phase Error              (PE):    0.000ns

    Location             Delay type                Incr(ns)  Path(ns)    Netlist Resource(s)
  -------------------------------------------------------------------    -------------------
                         (clock clk rise edge)        0.000     0.000 r  
                                                      0.000     0.000 r  clk (IN)
                         net (fo=0)                   0.000     0.000    clk
                         IBUF (Prop_ibuf_I_O)         0.923     0.923 r  clk_IBUF_inst/O
                         net (fo=1, unplaced)         0.800     1.722    clk_IBUF
                         BUFG (Prop_bufg_I_O)         0.096     1.818 r  clk_IBUF_BUFG_inst/O
                         net (fo=71, unplaced)        0.584     2.402    clk_IBUF_BUFG
                         FDRE                                         r  ack_rank_q_reg[12]/C
  -------------------------------------------------------------------    -------------------
                         FDRE (Prop_fdre_C_Q)         0.456     2.858 f  ack_rank_q_reg[12]/Q
                         net (fo=4, unplaced)         0.765     3.623    ack_rank_q[12]
                         LUT3 (Prop_lut3_I0_O)        0.295     3.918 r  pending_rank_q[12]_i_2/O
                         net (fo=2, unplaced)         1.122     5.040    accepted_pending_rank[12]
                         LUT5 (Prop_lut5_I0_O)        0.124     5.164 r  out_rank_q[3]_i_8/O
                         net (fo=3, unplaced)         0.920     6.084    out_rank_q[3]_i_8_n_0
                         LUT6 (Prop_lut6_I2_O)        0.124     6.208 r  out_rank_q[2]_i_2/O
                         net (fo=8, unplaced)         0.487     6.695    out_rank_q[2]_i_2_n_0
                         LUT6 (Prop_lut6_I4_O)        0.124     6.819 f  out_rank_q[0]_i_3/O
                         net (fo=1, unplaced)         0.902     7.721    out_rank_q[0]_i_3_n_0
                         LUT6 (Prop_lut6_I3_O)        0.124     7.845 r  out_rank_q[0]_i_1/O
                         net (fo=17, unplaced)        0.505     8.350    selected_rank[0]
                         LUT6 (Prop_lut6_I2_O)        0.124     8.474 r  pending_rank_q[2]_i_1/O
                         net (fo=1, unplaced)         0.000     8.474    pending_rank_d[2]
                         FDRE                                         r  pending_rank_q_reg[2]/D
  -------------------------------------------------------------------    -------------------

                         (clock clk rise edge)       10.000    10.000 r  
                                                      0.000    10.000 r  clk (IN)
                         net (fo=0)                   0.000    10.000    clk
                         IBUF (Prop_ibuf_I_O)         0.789    10.789 r  clk_IBUF_inst/O
                         net (fo=1, unplaced)         0.760    11.549    clk_IBUF
                         BUFG (Prop_bufg_I_O)         0.091    11.640 r  clk_IBUF_BUFG_inst/O
                         net (fo=71, unplaced)        0.439    12.079    clk_IBUF_BUFG
                         FDRE                                         r  pending_rank_q_reg[2]/C
                         clock pessimism              0.178    12.257    
                         clock uncertainty           -0.035    12.222    
                         FDRE (Setup_fdre_C_D)        0.029    12.251    pending_rank_q_reg[2]
  -------------------------------------------------------------------
                         required time                         12.251    
                         arrival time                          -8.474    
  -------------------------------------------------------------------
                         slack                                  3.777    

Slack (MET) :             3.777ns  (required time - arrival time)
  Source:                 ack_rank_q_reg[12]/C
                            (rising edge-triggered cell FDRE clocked by clk  {rise@0.000ns fall@5.000ns period=10.000ns})
  Destination:            pending_rank_q_reg[4]/D
                            (rising edge-triggered cell FDRE clocked by clk  {rise@0.000ns fall@5.000ns period=10.000ns})
  Path Group:             clk
  Path Type:              Setup (Max at Slow Process Corner)
  Requirement:            10.000ns  (clk rise@10.000ns - clk rise@0.000ns)
  Data Path Delay:        6.072ns  (logic 1.371ns (22.579%)  route 4.701ns (77.421%))
  Logic Levels:           6  (LUT3=1 LUT5=1 LUT6=4)
  Clock Path Skew:        -0.145ns (DCD - SCD + CPR)
    Destination Clock Delay (DCD):    2.079ns = ( 12.079 - 10.000 ) 
    Source Clock Delay      (SCD):    2.402ns
    Clock Pessimism Removal (CPR):    0.178ns
  Clock Uncertainty:      0.035ns  ((TSJ^2 + TIJ^2)^1/2 + DJ) / 2 + PE
    Total System Jitter     (TSJ):    0.071ns
    Total Input Jitter      (TIJ):    0.000ns
    Discrete Jitter          (DJ):    0.000ns
    Phase Error              (PE):    0.000ns

    Location             Delay type                Incr(ns)  Path(ns)    Netlist Resource(s)
  -------------------------------------------------------------------    -------------------
                         (clock clk rise edge)        0.000     0.000 r  
                                                      0.000     0.000 r  clk (IN)
                         net (fo=0)                   0.000     0.000    clk
                         IBUF (Prop_ibuf_I_O)         0.923     0.923 r  clk_IBUF_inst/O
                         net (fo=1, unplaced)         0.800     1.722    clk_IBUF
                         BUFG (Prop_bufg_I_O)         0.096     1.818 r  clk_IBUF_BUFG_inst/O
                         net (fo=71, unplaced)        0.584     2.402    clk_IBUF_BUFG
                         FDRE                                         r  ack_rank_q_reg[12]/C
  -------------------------------------------------------------------    -------------------
                         FDRE (Prop_fdre_C_Q)         0.456     2.858 f  ack_rank_q_reg[12]/Q
                         net (fo=4, unplaced)         0.765     3.623    ack_rank_q[12]
                         LUT3 (Prop_lut3_I0_O)        0.295     3.918 r  pending_rank_q[12]_i_2/O
                         net (fo=2, unplaced)         1.122     5.040    accepted_pending_rank[12]
                         LUT5 (Prop_lut5_I0_O)        0.124     5.164 r  out_rank_q[3]_i_8/O
                         net (fo=3, unplaced)         0.920     6.084    out_rank_q[3]_i_8_n_0
                         LUT6 (Prop_lut6_I2_O)        0.124     6.208 r  out_rank_q[2]_i_2/O
                         net (fo=8, unplaced)         0.487     6.695    out_rank_q[2]_i_2_n_0
                         LUT6 (Prop_lut6_I4_O)        0.124     6.819 f  out_rank_q[0]_i_3/O
                         net (fo=1, unplaced)         0.902     7.721    out_rank_q[0]_i_3_n_0
                         LUT6 (Prop_lut6_I3_O)        0.124     7.845 r  out_rank_q[0]_i_1/O
                         net (fo=17, unplaced)        0.505     8.350    selected_rank[0]
                         LUT6 (Prop_lut6_I2_O)        0.124     8.474 r  pending_rank_q[4]_i_1/O
                         net (fo=1, unplaced)         0.000     8.474    pending_rank_d[4]
                         FDRE                                         r  pending_rank_q_reg[4]/D
  -------------------------------------------------------------------    -------------------

                         (clock clk rise edge)       10.000    10.000 r  
                                                      0.000    10.000 r  clk (IN)
                         net (fo=0)                   0.000    10.000    clk
                         IBUF (Prop_ibuf_I_O)         0.789    10.789 r  clk_IBUF_inst/O
                         net (fo=1, unplaced)         0.760    11.549    clk_IBUF
                         BUFG (Prop_bufg_I_O)         0.091    11.640 r  clk_IBUF_BUFG_inst/O
                         net (fo=71, unplaced)        0.439    12.079    clk_IBUF_BUFG
                         FDRE                                         r  pending_rank_q_reg[4]/C
                         clock pessimism              0.178    12.257    
                         clock uncertainty           -0.035    12.222    
                         FDRE (Setup_fdre_C_D)        0.029    12.251    pending_rank_q_reg[4]
  -------------------------------------------------------------------
                         required time                         12.251    
                         arrival time                          -8.474    
  -------------------------------------------------------------------
                         slack                                  3.777    

Slack (MET) :             3.777ns  (required time - arrival time)
  Source:                 ack_rank_q_reg[12]/C
                            (rising edge-triggered cell FDRE clocked by clk  {rise@0.000ns fall@5.000ns period=10.000ns})
  Destination:            pending_rank_q_reg[6]/D
                            (rising edge-triggered cell FDRE clocked by clk  {rise@0.000ns fall@5.000ns period=10.000ns})
  Path Group:             clk
  Path Type:              Setup (Max at Slow Process Corner)
  Requirement:            10.000ns  (clk rise@10.000ns - clk rise@0.000ns)
  Data Path Delay:        6.072ns  (logic 1.371ns (22.579%)  route 4.701ns (77.421%))
  Logic Levels:           6  (LUT3=1 LUT5=1 LUT6=4)
  Clock Path Skew:        -0.145ns (DCD - SCD + CPR)
    Destination Clock Delay (DCD):    2.079ns = ( 12.079 - 10.000 ) 
    Source Clock Delay      (SCD):    2.402ns
    Clock Pessimism Removal (CPR):    0.178ns
  Clock Uncertainty:      0.035ns  ((TSJ^2 + TIJ^2)^1/2 + DJ) / 2 + PE
    Total System Jitter     (TSJ):    0.071ns
    Total Input Jitter      (TIJ):    0.000ns
    Discrete Jitter          (DJ):    0.000ns
    Phase Error              (PE):    0.000ns

    Location             Delay type                Incr(ns)  Path(ns)    Netlist Resource(s)
  -------------------------------------------------------------------    -------------------
                         (clock clk rise edge)        0.000     0.000 r  
                                                      0.000     0.000 r  clk (IN)
                         net (fo=0)                   0.000     0.000    clk
                         IBUF (Prop_ibuf_I_O)         0.923     0.923 r  clk_IBUF_inst/O
                         net (fo=1, unplaced)         0.800     1.722    clk_IBUF
                         BUFG (Prop_bufg_I_O)         0.096     1.818 r  clk_IBUF_BUFG_inst/O
                         net (fo=71, unplaced)        0.584     2.402    clk_IBUF_BUFG
                         FDRE                                         r  ack_rank_q_reg[12]/C
  -------------------------------------------------------------------    -------------------
                         FDRE (Prop_fdre_C_Q)         0.456     2.858 f  ack_rank_q_reg[12]/Q
                         net (fo=4, unplaced)         0.765     3.623    ack_rank_q[12]
                         LUT3 (Prop_lut3_I0_O)        0.295     3.918 r  pending_rank_q[12]_i_2/O
                         net (fo=2, unplaced)         1.122     5.040    accepted_pending_rank[12]
                         LUT5 (Prop_lut5_I0_O)        0.124     5.164 r  out_rank_q[3]_i_8/O
                         net (fo=3, unplaced)         0.920     6.084    out_rank_q[3]_i_8_n_0
                         LUT6 (Prop_lut6_I2_O)        0.124     6.208 r  out_rank_q[2]_i_2/O
                         net (fo=8, unplaced)         0.487     6.695    out_rank_q[2]_i_2_n_0
                         LUT6 (Prop_lut6_I4_O)        0.124     6.819 f  out_rank_q[0]_i_3/O
                         net (fo=1, unplaced)         0.902     7.721    out_rank_q[0]_i_3_n_0
                         LUT6 (Prop_lut6_I3_O)        0.124     7.845 r  out_rank_q[0]_i_1/O
                         net (fo=17, unplaced)        0.505     8.350    selected_rank[0]
                         LUT6 (Prop_lut6_I2_O)        0.124     8.474 r  pending_rank_q[6]_i_1/O
                         net (fo=1, unplaced)         0.000     8.474    pending_rank_d[6]
                         FDRE                                         r  pending_rank_q_reg[6]/D
  -------------------------------------------------------------------    -------------------

                         (clock clk rise edge)       10.000    10.000 r  
                                                      0.000    10.000 r  clk (IN)
                         net (fo=0)                   0.000    10.000    clk
                         IBUF (Prop_ibuf_I_O)         0.789    10.789 r  clk_IBUF_inst/O
                         net (fo=1, unplaced)         0.760    11.549    clk_IBUF
                         BUFG (Prop_bufg_I_O)         0.091    11.640 r  clk_IBUF_BUFG_inst/O
                         net (fo=71, unplaced)        0.439    12.079    clk_IBUF_BUFG
                         FDRE                                         r  pending_rank_q_reg[6]/C
                         clock pessimism              0.178    12.257    
                         clock uncertainty           -0.035    12.222    
                         FDRE (Setup_fdre_C_D)        0.029    12.251    pending_rank_q_reg[6]
  -------------------------------------------------------------------
                         required time                         12.251    
                         arrival time                          -8.474    
  -------------------------------------------------------------------
                         slack                                  3.777    

Slack (MET) :             3.777ns  (required time - arrival time)
  Source:                 ack_rank_q_reg[12]/C
                            (rising edge-triggered cell FDRE clocked by clk  {rise@0.000ns fall@5.000ns period=10.000ns})
  Destination:            pending_rank_q_reg[8]/D
                            (rising edge-triggered cell FDRE clocked by clk  {rise@0.000ns fall@5.000ns period=10.000ns})
  Path Group:             clk
  Path Type:              Setup (Max at Slow Process Corner)
  Requirement:            10.000ns  (clk rise@10.000ns - clk rise@0.000ns)
  Data Path Delay:        6.072ns  (logic 1.371ns (22.579%)  route 4.701ns (77.421%))
  Logic Levels:           6  (LUT3=1 LUT5=1 LUT6=4)
  Clock Path Skew:        -0.145ns (DCD - SCD + CPR)
    Destination Clock Delay (DCD):    2.079ns = ( 12.079 - 10.000 ) 
    Source Clock Delay      (SCD):    2.402ns
    Clock Pessimism Removal (CPR):    0.178ns
  Clock Uncertainty:      0.035ns  ((TSJ^2 + TIJ^2)^1/2 + DJ) / 2 + PE
    Total System Jitter     (TSJ):    0.071ns
    Total Input Jitter      (TIJ):    0.000ns
    Discrete Jitter          (DJ):    0.000ns
    Phase Error              (PE):    0.000ns

    Location             Delay type                Incr(ns)  Path(ns)    Netlist Resource(s)
  -------------------------------------------------------------------    -------------------
                         (clock clk rise edge)        0.000     0.000 r  
                                                      0.000     0.000 r  clk (IN)
                         net (fo=0)                   0.000     0.000    clk
                         IBUF (Prop_ibuf_I_O)         0.923     0.923 r  clk_IBUF_inst/O
                         net (fo=1, unplaced)         0.800     1.722    clk_IBUF
                         BUFG (Prop_bufg_I_O)         0.096     1.818 r  clk_IBUF_BUFG_inst/O
                         net (fo=71, unplaced)        0.584     2.402    clk_IBUF_BUFG
                         FDRE                                         r  ack_rank_q_reg[12]/C
  -------------------------------------------------------------------    -------------------
                         FDRE (Prop_fdre_C_Q)         0.456     2.858 f  ack_rank_q_reg[12]/Q
                         net (fo=4, unplaced)         0.765     3.623    ack_rank_q[12]
                         LUT3 (Prop_lut3_I0_O)        0.295     3.918 r  pending_rank_q[12]_i_2/O
                         net (fo=2, unplaced)         1.122     5.040    accepted_pending_rank[12]
                         LUT5 (Prop_lut5_I0_O)        0.124     5.164 r  out_rank_q[3]_i_8/O
                         net (fo=3, unplaced)         0.920     6.084    out_rank_q[3]_i_8_n_0
                         LUT6 (Prop_lut6_I2_O)        0.124     6.208 r  out_rank_q[2]_i_2/O
                         net (fo=8, unplaced)         0.487     6.695    out_rank_q[2]_i_2_n_0
                         LUT6 (Prop_lut6_I4_O)        0.124     6.819 f  out_rank_q[0]_i_3/O
                         net (fo=1, unplaced)         0.902     7.721    out_rank_q[0]_i_3_n_0
                         LUT6 (Prop_lut6_I3_O)        0.124     7.845 r  out_rank_q[0]_i_1/O
                         net (fo=17, unplaced)        0.505     8.350    selected_rank[0]
                         LUT6 (Prop_lut6_I2_O)        0.124     8.474 r  pending_rank_q[8]_i_1/O
                         net (fo=1, unplaced)         0.000     8.474    pending_rank_d[8]
                         FDRE                                         r  pending_rank_q_reg[8]/D
  -------------------------------------------------------------------    -------------------

                         (clock clk rise edge)       10.000    10.000 r  
                                                      0.000    10.000 r  clk (IN)
                         net (fo=0)                   0.000    10.000    clk
                         IBUF (Prop_ibuf_I_O)         0.789    10.789 r  clk_IBUF_inst/O
                         net (fo=1, unplaced)         0.760    11.549    clk_IBUF
                         BUFG (Prop_bufg_I_O)         0.091    11.640 r  clk_IBUF_BUFG_inst/O
                         net (fo=71, unplaced)        0.439    12.079    clk_IBUF_BUFG
                         FDRE                                         r  pending_rank_q_reg[8]/C
                         clock pessimism              0.178    12.257    
                         clock uncertainty           -0.035    12.222    
                         FDRE (Setup_fdre_C_D)        0.029    12.251    pending_rank_q_reg[8]
  -------------------------------------------------------------------
                         required time                         12.251    
                         arrival time                          -8.474    
  -------------------------------------------------------------------
                         slack                                  3.777    

Slack (MET) :             4.395ns  (required time - arrival time)
  Source:                 ack_rank_q_reg[12]/C
                            (rising edge-triggered cell FDRE clocked by clk  {rise@0.000ns fall@5.000ns period=10.000ns})
  Destination:            out_rank_q_reg[1]/D
                            (rising edge-triggered cell FDSE clocked by clk  {rise@0.000ns fall@5.000ns period=10.000ns})
  Path Group:             clk
  Path Type:              Setup (Max at Slow Process Corner)
  Requirement:            10.000ns  (clk rise@10.000ns - clk rise@0.000ns)
  Data Path Delay:        5.454ns  (logic 1.247ns (22.864%)  route 4.207ns (77.136%))
  Logic Levels:           5  (LUT3=1 LUT4=1 LUT5=1 LUT6=2)
  Clock Path Skew:        -0.145ns (DCD - SCD + CPR)
    Destination Clock Delay (DCD):    2.079ns = ( 12.079 - 10.000 ) 
    Source Clock Delay      (SCD):    2.402ns
    Clock Pessimism Removal (CPR):    0.178ns
  Clock Uncertainty:      0.035ns  ((TSJ^2 + TIJ^2)^1/2 + DJ) / 2 + PE
    Total System Jitter     (TSJ):    0.071ns
    Total Input Jitter      (TIJ):    0.000ns
    Discrete Jitter          (DJ):    0.000ns
    Phase Error              (PE):    0.000ns

    Location             Delay type                Incr(ns)  Path(ns)    Netlist Resource(s)
  -------------------------------------------------------------------    -------------------
                         (clock clk rise edge)        0.000     0.000 r  
                                                      0.000     0.000 r  clk (IN)
                         net (fo=0)                   0.000     0.000    clk
                         IBUF (Prop_ibuf_I_O)         0.923     0.923 r  clk_IBUF_inst/O
                         net (fo=1, unplaced)         0.800     1.722    clk_IBUF
                         BUFG (Prop_bufg_I_O)         0.096     1.818 r  clk_IBUF_BUFG_inst/O
                         net (fo=71, unplaced)        0.584     2.402    clk_IBUF_BUFG
                         FDRE                                         r  ack_rank_q_reg[12]/C
  -------------------------------------------------------------------    -------------------
                         FDRE (Prop_fdre_C_Q)         0.456     2.858 f  ack_rank_q_reg[12]/Q
                         net (fo=4, unplaced)         0.765     3.623    ack_rank_q[12]
                         LUT3 (Prop_lut3_I0_O)        0.295     3.918 r  pending_rank_q[12]_i_2/O
                         net (fo=2, unplaced)         1.122     5.040    accepted_pending_rank[12]
                         LUT5 (Prop_lut5_I0_O)        0.124     5.164 r  out_rank_q[3]_i_8/O
                         net (fo=3, unplaced)         0.920     6.084    out_rank_q[3]_i_8_n_0
                         LUT6 (Prop_lut6_I2_O)        0.124     6.208 r  out_rank_q[2]_i_2/O
                         net (fo=8, unplaced)         0.487     6.695    out_rank_q[2]_i_2_n_0
                         LUT6 (Prop_lut6_I4_O)        0.124     6.819 f  out_rank_q[1]_i_3/O
                         net (fo=2, unplaced)         0.913     7.732    out_rank_q[1]_i_3_n_0
                         LUT4 (Prop_lut4_I1_O)        0.124     7.856 r  out_rank_q[1]_i_1/O
                         net (fo=17, unplaced)        0.000     7.856    selected_rank[1]
                         FDSE                                         r  out_rank_q_reg[1]/D
  -------------------------------------------------------------------    -------------------

                         (clock clk rise edge)       10.000    10.000 r  
                                                      0.000    10.000 r  clk (IN)
                         net (fo=0)                   0.000    10.000    clk
                         IBUF (Prop_ibuf_I_O)         0.789    10.789 r  clk_IBUF_inst/O
                         net (fo=1, unplaced)         0.760    11.549    clk_IBUF
                         BUFG (Prop_bufg_I_O)         0.091    11.640 r  clk_IBUF_BUFG_inst/O
                         net (fo=71, unplaced)        0.439    12.079    clk_IBUF_BUFG
                         FDSE                                         r  out_rank_q_reg[1]/C
                         clock pessimism              0.178    12.257    
                         clock uncertainty           -0.035    12.222    
                         FDSE (Setup_fdse_C_D)        0.029    12.251    out_rank_q_reg[1]
  -------------------------------------------------------------------
                         required time                         12.251    
                         arrival time                          -7.856    
  -------------------------------------------------------------------
                         slack                                  4.395    

Slack (MET) :             4.406ns  (required time - arrival time)
  Source:                 ack_rank_q_reg[12]/C
                            (rising edge-triggered cell FDRE clocked by clk  {rise@0.000ns fall@5.000ns period=10.000ns})
  Destination:            out_rank_q_reg[0]/D
                            (rising edge-triggered cell FDSE clocked by clk  {rise@0.000ns fall@5.000ns period=10.000ns})
  Path Group:             clk
  Path Type:              Setup (Max at Slow Process Corner)
  Requirement:            10.000ns  (clk rise@10.000ns - clk rise@0.000ns)
  Data Path Delay:        5.443ns  (logic 1.247ns (22.910%)  route 4.196ns (77.090%))
  Logic Levels:           5  (LUT3=1 LUT5=1 LUT6=3)
  Clock Path Skew:        -0.145ns (DCD - SCD + CPR)
    Destination Clock Delay (DCD):    2.079ns = ( 12.079 - 10.000 ) 
    Source Clock Delay      (SCD):    2.402ns
    Clock Pessimism Removal (CPR):    0.178ns
  Clock Uncertainty:      0.035ns  ((TSJ^2 + TIJ^2)^1/2 + DJ) / 2 + PE
    Total System Jitter     (TSJ):    0.071ns
    Total Input Jitter      (TIJ):    0.000ns
    Discrete Jitter          (DJ):    0.000ns
    Phase Error              (PE):    0.000ns

    Location             Delay type                Incr(ns)  Path(ns)    Netlist Resource(s)
  -------------------------------------------------------------------    -------------------
                         (clock clk rise edge)        0.000     0.000 r  
                                                      0.000     0.000 r  clk (IN)
                         net (fo=0)                   0.000     0.000    clk
                         IBUF (Prop_ibuf_I_O)         0.923     0.923 r  clk_IBUF_inst/O
                         net (fo=1, unplaced)         0.800     1.722    clk_IBUF
                         BUFG (Prop_bufg_I_O)         0.096     1.818 r  clk_IBUF_BUFG_inst/O
                         net (fo=71, unplaced)        0.584     2.402    clk_IBUF_BUFG
                         FDRE                                         r  ack_rank_q_reg[12]/C
  -------------------------------------------------------------------    -------------------
                         FDRE (Prop_fdre_C_Q)         0.456     2.858 f  ack_rank_q_reg[12]/Q
                         net (fo=4, unplaced)         0.765     3.623    ack_rank_q[12]
                         LUT3 (Prop_lut3_I0_O)        0.295     3.918 r  pending_rank_q[12]_i_2/O
                         net (fo=2, unplaced)         1.122     5.040    accepted_pending_rank[12]
                         LUT5 (Prop_lut5_I0_O)        0.124     5.164 r  out_rank_q[3]_i_8/O
                         net (fo=3, unplaced)         0.920     6.084    out_rank_q[3]_i_8_n_0
                         LUT6 (Prop_lut6_I2_O)        0.124     6.208 r  out_rank_q[2]_i_2/O
                         net (fo=8, unplaced)         0.487     6.695    out_rank_q[2]_i_2_n_0
                         LUT6 (Prop_lut6_I4_O)        0.124     6.819 f  out_rank_q[0]_i_3/O
                         net (fo=1, unplaced)         0.902     7.721    out_rank_q[0]_i_3_n_0
                         LUT6 (Prop_lut6_I3_O)        0.124     7.845 r  out_rank_q[0]_i_1/O
                         net (fo=17, unplaced)        0.000     7.845    selected_rank[0]
                         FDSE                                         r  out_rank_q_reg[0]/D
  -------------------------------------------------------------------    -------------------

                         (clock clk rise edge)       10.000    10.000 r  
                                                      0.000    10.000 r  clk (IN)
                         net (fo=0)                   0.000    10.000    clk
                         IBUF (Prop_ibuf_I_O)         0.789    10.789 r  clk_IBUF_inst/O
                         net (fo=1, unplaced)         0.760    11.549    clk_IBUF
                         BUFG (Prop_bufg_I_O)         0.091    11.640 r  clk_IBUF_BUFG_inst/O
                         net (fo=71, unplaced)        0.439    12.079    clk_IBUF_BUFG
                         FDSE                                         r  out_rank_q_reg[0]/C
                         clock pessimism              0.178    12.257    
                         clock uncertainty           -0.035    12.222    
                         FDSE (Setup_fdse_C_D)        0.029    12.251    out_rank_q_reg[0]
  -------------------------------------------------------------------
                         required time                         12.251    
                         arrival time                          -7.845    
  -------------------------------------------------------------------
                         slack                                  4.406    

Slack (MET) :             4.685ns  (required time - arrival time)
  Source:                 ack_rank_q_reg[12]/C
                            (rising edge-triggered cell FDRE clocked by clk  {rise@0.000ns fall@5.000ns period=10.000ns})
  Destination:            out_rank_q_reg[0]/CE
                            (rising edge-triggered cell FDSE clocked by clk  {rise@0.000ns fall@5.000ns period=10.000ns})
  Path Group:             clk
  Path Type:              Setup (Max at Slow Process Corner)
  Requirement:            10.000ns  (clk rise@10.000ns - clk rise@0.000ns)
  Data Path Delay:        4.933ns  (logic 1.123ns (22.765%)  route 3.810ns (77.235%))
  Logic Levels:           4  (LUT3=2 LUT4=1 LUT5=1)
  Clock Path Skew:        -0.145ns (DCD - SCD + CPR)
    Destination Clock Delay (DCD):    2.079ns = ( 12.079 - 10.000 ) 
    Source Clock Delay      (SCD):    2.402ns
    Clock Pessimism Removal (CPR):    0.178ns
  Clock Uncertainty:      0.035ns  ((TSJ^2 + TIJ^2)^1/2 + DJ) / 2 + PE
    Total System Jitter     (TSJ):    0.071ns
    Total Input Jitter      (TIJ):    0.000ns
    Discrete Jitter          (DJ):    0.000ns
    Phase Error              (PE):    0.000ns

    Location             Delay type                Incr(ns)  Path(ns)    Netlist Resource(s)
  -------------------------------------------------------------------    -------------------
                         (clock clk rise edge)        0.000     0.000 r  
                                                      0.000     0.000 r  clk (IN)
                         net (fo=0)                   0.000     0.000    clk
                         IBUF (Prop_ibuf_I_O)         0.923     0.923 r  clk_IBUF_inst/O
                         net (fo=1, unplaced)         0.800     1.722    clk_IBUF
                         BUFG (Prop_bufg_I_O)         0.096     1.818 r  clk_IBUF_BUFG_inst/O
                         net (fo=71, unplaced)        0.584     2.402    clk_IBUF_BUFG
                         FDRE                                         r  ack_rank_q_reg[12]/C
  -------------------------------------------------------------------    -------------------
                         FDRE (Prop_fdre_C_Q)         0.456     2.858 f  ack_rank_q_reg[12]/Q
                         net (fo=4, unplaced)         0.765     3.623    ack_rank_q[12]
                         LUT3 (Prop_lut3_I0_O)        0.295     3.918 r  pending_rank_q[12]_i_2/O
                         net (fo=2, unplaced)         1.122     5.040    accepted_pending_rank[12]
                         LUT5 (Prop_lut5_I0_O)        0.124     5.164 r  out_rank_q[3]_i_8/O
                         net (fo=3, unplaced)         0.920     6.084    out_rank_q[3]_i_8_n_0
                         LUT4 (Prop_lut4_I1_O)        0.124     6.208 r  out_rank_q[3]_i_4/O
                         net (fo=18, unplaced)        0.506     6.714    grant_valid
                         LUT3 (Prop_lut3_I2_O)        0.124     6.838 r  out_rank_q[3]_i_2/O
                         net (fo=4, unplaced)         0.497     7.335    out_rank_d
                         FDSE                                         r  out_rank_q_reg[0]/CE
  -------------------------------------------------------------------    -------------------

                         (clock clk rise edge)       10.000    10.000 r  
                                                      0.000    10.000 r  clk (IN)
                         net (fo=0)                   0.000    10.000    clk
                         IBUF (Prop_ibuf_I_O)         0.789    10.789 r  clk_IBUF_inst/O
                         net (fo=1, unplaced)         0.760    11.549    clk_IBUF
                         BUFG (Prop_bufg_I_O)         0.091    11.640 r  clk_IBUF_BUFG_inst/O
                         net (fo=71, unplaced)        0.439    12.079    clk_IBUF_BUFG
                         FDSE                                         r  out_rank_q_reg[0]/C
                         clock pessimism              0.178    12.257    
                         clock uncertainty           -0.035    12.222    
                         FDSE (Setup_fdse_C_CE)      -0.202    12.020    out_rank_q_reg[0]
  -------------------------------------------------------------------
                         required time                         12.020    
                         arrival time                          -7.335    
  -------------------------------------------------------------------
                         slack                                  4.685    

Slack (MET) :             4.685ns  (required time - arrival time)
  Source:                 ack_rank_q_reg[12]/C
                            (rising edge-triggered cell FDRE clocked by clk  {rise@0.000ns fall@5.000ns period=10.000ns})
  Destination:            out_rank_q_reg[1]/CE
                            (rising edge-triggered cell FDSE clocked by clk  {rise@0.000ns fall@5.000ns period=10.000ns})
  Path Group:             clk
  Path Type:              Setup (Max at Slow Process Corner)
  Requirement:            10.000ns  (clk rise@10.000ns - clk rise@0.000ns)
  Data Path Delay:        4.933ns  (logic 1.123ns (22.765%)  route 3.810ns (77.235%))
  Logic Levels:           4  (LUT3=2 LUT4=1 LUT5=1)
  Clock Path Skew:        -0.145ns (DCD - SCD + CPR)
    Destination Clock Delay (DCD):    2.079ns = ( 12.079 - 10.000 ) 
    Source Clock Delay      (SCD):    2.402ns
    Clock Pessimism Removal (CPR):    0.178ns
  Clock Uncertainty:      0.035ns  ((TSJ^2 + TIJ^2)^1/2 + DJ) / 2 + PE
    Total System Jitter     (TSJ):    0.071ns
    Total Input Jitter      (TIJ):    0.000ns
    Discrete Jitter          (DJ):    0.000ns
    Phase Error              (PE):    0.000ns

    Location             Delay type                Incr(ns)  Path(ns)    Netlist Resource(s)
  -------------------------------------------------------------------    -------------------
                         (clock clk rise edge)        0.000     0.000 r  
                                                      0.000     0.000 r  clk (IN)
                         net (fo=0)                   0.000     0.000    clk
                         IBUF (Prop_ibuf_I_O)         0.923     0.923 r  clk_IBUF_inst/O
                         net (fo=1, unplaced)         0.800     1.722    clk_IBUF
                         BUFG (Prop_bufg_I_O)         0.096     1.818 r  clk_IBUF_BUFG_inst/O
                         net (fo=71, unplaced)        0.584     2.402    clk_IBUF_BUFG
                         FDRE                                         r  ack_rank_q_reg[12]/C
  -------------------------------------------------------------------    -------------------
                         FDRE (Prop_fdre_C_Q)         0.456     2.858 f  ack_rank_q_reg[12]/Q
                         net (fo=4, unplaced)         0.765     3.623    ack_rank_q[12]
                         LUT3 (Prop_lut3_I0_O)        0.295     3.918 r  pending_rank_q[12]_i_2/O
                         net (fo=2, unplaced)         1.122     5.040    accepted_pending_rank[12]
                         LUT5 (Prop_lut5_I0_O)        0.124     5.164 r  out_rank_q[3]_i_8/O
                         net (fo=3, unplaced)         0.920     6.084    out_rank_q[3]_i_8_n_0
                         LUT4 (Prop_lut4_I1_O)        0.124     6.208 r  out_rank_q[3]_i_4/O
                         net (fo=18, unplaced)        0.506     6.714    grant_valid
                         LUT3 (Prop_lut3_I2_O)        0.124     6.838 r  out_rank_q[3]_i_2/O
                         net (fo=4, unplaced)         0.497     7.335    out_rank_d
                         FDSE                                         r  out_rank_q_reg[1]/CE
  -------------------------------------------------------------------    -------------------

                         (clock clk rise edge)       10.000    10.000 r  
                                                      0.000    10.000 r  clk (IN)
                         net (fo=0)                   0.000    10.000    clk
                         IBUF (Prop_ibuf_I_O)         0.789    10.789 r  clk_IBUF_inst/O
                         net (fo=1, unplaced)         0.760    11.549    clk_IBUF
                         BUFG (Prop_bufg_I_O)         0.091    11.640 r  clk_IBUF_BUFG_inst/O
                         net (fo=71, unplaced)        0.439    12.079    clk_IBUF_BUFG
                         FDSE                                         r  out_rank_q_reg[1]/C
                         clock pessimism              0.178    12.257    
                         clock uncertainty           -0.035    12.222    
                         FDSE (Setup_fdse_C_CE)      -0.202    12.020    out_rank_q_reg[1]
  -------------------------------------------------------------------
                         required time                         12.020    
                         arrival time                          -7.335    
  -------------------------------------------------------------------
                         slack                                  4.685    




