============================================================
  Generated by:           Genus(TM) Synthesis Solution 23.14-s090_1
  Generated on:           Aug 19 2026  12:25:31 pm
  Module:                 aer_improved_hierarchical
  Operating conditions:   typical (balanced_tree)
  Wireload mode:          enclosed
  Area mode:              timing library
============================================================


Path 1: MET (0 ps) Setup Check with Pin local_rr_q_reg[1][1]/CK->D
          Group: clk
     Startpoint: (R) queue_count_q_reg[7][1]/CK
          Clock: (R) clk
       Endpoint: (F) local_rr_q_reg[1][1]/D
          Clock: (R) clk

                     Capture       Launch     
        Clock Edge:+    2000            0     
       Src Latency:+       0            0     
       Net Latency:+       0 (I)        0 (I) 
           Arrival:=    2000            0     
                                              
             Setup:-     458                  
     Required Time:=    1542                  
      Launch Clock:-       0                  
         Data Path:-    1542                  
             Slack:=       0                  

#----------------------------------------------------------------------------------------------------
#       Timing Point         Flags    Arc   Edge   Cell     Fanout Load Trans Delay Arrival Instance 
#                                                                  (fF)  (ps)  (ps)   (ps)  Location 
#----------------------------------------------------------------------------------------------------
  queue_count_q_reg[7][1]/CK -       -      R     (arrival)     95    -     0     0       0    (-,-) 
  queue_count_q_reg[7][1]/Q  -       CK->Q  R     DFFRX4         3 15.2    55   362     362    (-,-) 
  g17941__5526/Y             -       A->Y   F     NOR2X2         1  9.0    48    30     393    (-,-) 
  g17848__7482/Y             -       A->Y   R     NAND4X2        3 15.4   159    79     472    (-,-) 
  g17762__5122/Y             -       A1N->Y R     OAI2BB1X2      2  7.6    74   110     582    (-,-) 
  g17739__9315/Y             -       A1N->Y R     OAI2BB1X4      4 28.5   103   120     702    (-,-) 
  g17728/Y                   -       A->Y   F     INVX1          3 14.5    77    63     764    (-,-) 
  g17710__5122/Y             -       B->Y   R     NAND4X1        1  9.1   170   106     870    (-,-) 
  g17691__2346/Y             -       B->Y   F     NAND4X2        5 22.9   125    89     960    (-,-) 
  g17669__8246/Y             -       A->Y   R     NAND2X1        3  8.6   118    92    1052    (-,-) 
  g17642__1666/Y             -       A1N->Y R     OAI2BB1X1      1  4.1    92   117    1168    (-,-) 
  g17631__6783/Y             -       B0->Y  F     OAI21X1        1  4.4    67    50    1219    (-,-) 
  g17625__5477/Y             -       A->Y   R     NOR2X1         1  9.6   171   113    1332    (-,-) 
  g17620__2883/Y             -       C->Y   F     NAND3X2        4 23.1   112    74    1407    (-,-) 
  fopt18146/Y                -       A->Y   R     CLKINVX4       7 27.4    81    63    1470    (-,-) 
  g17598__6783/Y             -       A1->Y  F     OAI22X1        4  8.2    95    72    1542    (-,-) 
  local_rr_q_reg[1][1]/D     <<<     -      F     SDFFRHQX1      4    -     -     0    1542    (-,-) 
#----------------------------------------------------------------------------------------------------

