============================================================
  Generated by:           Genus(TM) Synthesis Solution 23.14-s090_1
  Generated on:           Aug 21 2026  03:38:10 pm
  Module:                 aer_pending_xor1_rank_reuse_sync_core_reset
  Operating conditions:   typical (balanced_tree)
  Wireload mode:          enclosed
  Area mode:              timing library
============================================================

Timing
--------

Clock  Period 
--------------
clk   10000.0 


  Cost    Critical         Violating 
 Group   Path Slack  TNS     Paths   
-------------------------------------
clk          7442.7   0.0          0 
default    No paths   0.0            
-------------------------------------
Total                 0.0          0 

Instance Count
--------------
Leaf Instance Count             225 
Physical Instance count           0 
Sequential Instance Count        71 
Combinational Instance Count    154 
Hierarchical Instance Count       0 

Area
----
Cell Area                          6097.291
Physical Cell Area                 0.000
Total Cell Area (Cell+Physical)    6097.291
Net Area                           0.000
Total Area (Cell+Physical+Net)     6097.291

Max Fanout                         71 (clk)
Min Fanout                         0 (rst_n)
Average Fanout                     2.3
Terms to net ratio                 3.2226
Terms to instance ratio            3.7956
Runtime                            27.613008 seconds
Elapsed Runtime                    27 seconds
Genus peak memory usage            1609.86 
Innovus peak memory usage          no_value 
Hostname                           <REMOTE_HOST>
