###############################################################
#  Generated by:      Cadence Innovus 23.14-s088_1
#  OS:                Linux x86_64(Host ID sanitized)
#  Generated on:      Wed Aug 19 23:33:52 2026
#  Design:            aer_traditional_latch_paa
#  Command:           report_timing -unconstrained -from [get_ports src_req*] \
#    -to [get_pins busy_latch/D] \
#    -view hold_view -early -max_paths 200 \
#    > reports/bundled_data_request_early_fast.rpt
###############################################################
Path 1:Endpoint:   busy_latch/D (v)
Beginpoint: src_req[5]   (v) (unconstrained input)
Arrival Time                    2.591
Analysis View: hold_view
     + Input Delay                        0.000
     = Beginpoint Arrival Time            0.000
     +------------------------------------------------------------------+ 
     |       Instance       |     Arc      |   Cell   | Delay | Arrival | 
     |                      |              |          |       |  Time   | 
     |----------------------+--------------+----------+-------+---------| 
     |                      | src_req[5] v |          |       |   0.000 | 
     | g2632__2398          | A v -> Y ^   | NOR2XL   | 0.104 |   0.104 | 
     | g2612__5122          | C ^ -> Y ^   | AND3X1   | 0.111 |   0.215 | 
     | g2604__5526          | A0 ^ -> Y v  | AOI211XL | 0.045 |   0.260 | 
     | capture_delay_cell_1 | A v -> Y v   | DLY4X1   | 0.452 |   0.712 | 
     | capture_delay_cell_2 | A v -> Y v   | DLY4X1   | 0.467 |   1.179 | 
     | capture_delay_cell_3 | A v -> Y v   | DLY4X1   | 0.465 |   1.644 | 
     | capture_delay_cell_4 | A v -> Y v   | DLY4X1   | 0.465 |   2.109 | 
     | capture_delay_cell_5 | A v -> Y v   | DLY4X1   | 0.482 |   2.591 | 
     | busy_latch           | D v          | TLATRX1  | 0.000 |   2.591 | 
     +------------------------------------------------------------------+ 
