###############################################################
#  Generated by:      Cadence Innovus 23.14-s088_1
#  OS:                Linux x86_64(Host ID sanitized)
#  Generated on:      Wed Aug 19 23:33:51 2026
#  Design:            aer_traditional_latch_paa
#  Command:           report_timing -unconstrained -from [get_ports src_req*] \
#    -to [get_pins *grant_latch*/D] \
#    -view setup_view -late -max_paths 200 \
#    > reports/bundled_data_address_late_slow.rpt
###############################################################
Path 1:Endpoint:   g_grant_latch[0].grant_latch/D (v)
Beginpoint: src_req[15]                    (v) (unconstrained input)
Arrival Time                    1.915
Analysis View: setup_view
     + Input Delay                        0.000
     = Beginpoint Arrival Time            0.000
     +----------------------------------------------------------------------------+ 
     |           Instance           |      Arc      |   Cell    | Delay | Arrival | 
     |                              |               |           |       |  Time   | 
     |------------------------------+---------------+-----------+-------+---------| 
     |                              | src_req[15] v |           |       |   0.000 | 
     | g2624__9315                  | AN v -> Y v   | NOR2BXL   | 0.164 |   0.164 | 
     | g2616__1881                  | A0N v -> Y v  | AOI2BB1XL | 0.245 |   0.409 | 
     | g2611__1705                  | A0N v -> Y v  | AOI2BB1XL | 0.254 |   0.663 | 
     | g2607__6783                  | A0N v -> Y v  | AOI2BB1XL | 0.250 |   0.913 | 
     | g2599__5107                  | A0N v -> Y v  | AOI2BB1XL | 0.253 |   1.166 | 
     | g2595__6417                  | A0N v -> Y v  | AOI2BB1XL | 0.252 |   1.418 | 
     | g2594__7410                  | A0N v -> Y v  | AOI2BB1XL | 0.247 |   1.665 | 
     | g2593__1666                  | A0N v -> Y v  | AOI2BB1XL | 0.250 |   1.915 | 
     | g_grant_latch[0].grant_latch | D v           | TLATNRX1  | 0.000 |   1.915 | 
     +----------------------------------------------------------------------------+ 
Path 2:Endpoint:   g_grant_latch[1].grant_latch/D (^)
Beginpoint: src_req[12]                    (v) (unconstrained input)
Arrival Time                    1.056
Analysis View: setup_view
     + Input Delay                        0.000
     = Beginpoint Arrival Time            0.000
     +----------------------------------------------------------------------------+ 
     |           Instance           |      Arc      |   Cell    | Delay | Arrival | 
     |                              |               |           |       |  Time   | 
     |------------------------------+---------------+-----------+-------+---------| 
     |                              | src_req[12] v |           |       |   0.000 | 
     | g2625__9945                  | B v -> Y v    | OR2X1     | 0.272 |   0.272 | 
     | g2618__5115                  | A0 v -> Y ^   | OAI21XL   | 0.199 |   0.471 | 
     | g2613__8246                  | B ^ -> Y v    | NAND2XL   | 0.096 |   0.567 | 
     | g2610__2802                  | A1N v -> Y v  | OAI2BB1XL | 0.216 |   0.783 | 
     | g2601__4319                  | A0 v -> Y ^   | AOI211XL  | 0.273 |   1.056 | 
     | g_grant_latch[1].grant_latch | D ^           | TLATNRX1  | 0.000 |   1.056 | 
     +----------------------------------------------------------------------------+ 
Path 3:Endpoint:   g_grant_latch[3].grant_latch/D (^)
Beginpoint: src_req[2]                     (v) (unconstrained input)
Arrival Time                    1.015
Analysis View: setup_view
     + Input Delay                        0.000
     = Beginpoint Arrival Time            0.000
     +--------------------------------------------------------------------------+ 
     |           Instance           |     Arc      |   Cell   | Delay | Arrival | 
     |                              |              |          |       |  Time   | 
     |------------------------------+--------------+----------+-------+---------| 
     |                              | src_req[2] v |          |       |   0.000 | 
     | g2626__2883                  | B v -> Y ^   | NOR2XL   | 0.182 |   0.182 | 
     | g2623                        | A ^ -> Y v   | INVXL    | 0.081 |   0.263 | 
     | g2619__7482                  | A v -> Y ^   | NOR3XL   | 0.247 |   0.510 | 
     | g2612__5122                  | A ^ -> Y ^   | AND3X1   | 0.310 |   0.820 | 
     | g2609__1617                  | AN ^ -> Y ^  | NOR2BXL  | 0.195 |   1.015 | 
     | g_grant_latch[3].grant_latch | D ^          | TLATNRX1 | 0.000 |   1.015 | 
     +--------------------------------------------------------------------------+ 
Path 4:Endpoint:   g_grant_latch[2].grant_latch/D (v)
Beginpoint: src_req[12]                    (v) (unconstrained input)
Arrival Time                    0.860
Analysis View: setup_view
     + Input Delay                        0.000
     = Beginpoint Arrival Time            0.000
     +---------------------------------------------------------------------------+ 
     |           Instance           |      Arc      |   Cell   | Delay | Arrival | 
     |                              |               |          |       |  Time   | 
     |------------------------------+---------------+----------+-------+---------| 
     |                              | src_req[12] v |          |       |   0.000 | 
     | g2625__9945                  | B v -> Y v    | OR2X1    | 0.272 |   0.272 | 
     | g2622__6161                  | AN v -> Y v   | NAND2BXL | 0.224 |   0.497 | 
     | g2614__7098                  | B v -> Y ^    | NAND3XL  | 0.193 |   0.689 | 
     | g2608__3680                  | A0 ^ -> Y v   | AOI31XL  | 0.171 |   0.860 | 
     | g_grant_latch[2].grant_latch | D v           | TLATNRX1 | 0.000 |   0.860 | 
     +---------------------------------------------------------------------------+ 
