###############################################################
#  Generated by:      Cadence Innovus 23.14-s088_1
#  OS:                Linux x86_64(Host ID sanitized)
#  Generated on:      Wed Aug 19 23:33:53 2026
#  Design:            aer_traditional_latch_paa
#  Command:           report_timing -unconstrained -from [get_pins busy_latch/Q] \
#    -to [get_ports aer_req] -view hold_view -early -max_paths 20 \
#    > reports/busy_to_request_early_fast.rpt
###############################################################
Path 1:Endpoint:   aer_req      (v)
Beginpoint: busy_latch/Q (v) (unconstrained input)
Arrival Time                    0.380
Analysis View: hold_view
     + Clock Network Latency (Ideal) 0.000
     = Beginpoint Arrival Time       0.000
     +------------------------------------------------------+ 
     |  Instance   |    Arc     |  Cell   | Delay | Arrival | 
     |             |            |         |       |  Time   | 
     |-------------+------------+---------+-------+---------| 
     | busy_latch  | G ^        |         |       |   0.000 | 
     | busy_latch  | G ^ -> Q v | TLATRX1 | 0.232 |   0.232 | 
     | g2628__1666 | A v -> Y ^ | NAND2XL | 0.096 |   0.328 | 
     | g2541__6260 | B ^ -> Y v | NOR2BXL | 0.053 |   0.380 | 
     |             | aer_req v  |         | 0.000 |   0.380 | 
     +------------------------------------------------------+ 
