============================================================
  Generated by:           Genus(TM) Synthesis Solution 23.14-s090_1
  Generated on:           Aug 19 2026  11:31:37 pm
  Module:                 aer_traditional_latch_paa
  Operating conditions:   typical (balanced_tree)
  Wireload mode:          enclosed
  Area mode:              timing library
============================================================


Path 1: MET (4565 ps) Path Delay Check
     Startpoint: (F) src_req[14]
       Endpoint: (F) aer_req

                   Capture    Launch  
      Path Delay:+    5000         -  
      Drv Adjust:+       0         0  
         Arrival:=    5000            
                                      
   Required Time:=    5000            
       Data Path:-     435            
           Slack:=    4565            

Exceptions/Constraints:
  max_delay             5000            del_1   

#---------------------------------------------------------------------------------------
# Timing Point   Flags   Arc   Edge   Cell     Fanout Load Trans Delay Arrival Instance 
#                                                     (fF)  (ps)  (ps)   (ps)  Location 
#---------------------------------------------------------------------------------------
  src_req[14]    -       -     F     (arrival)      3  9.7     0     0       0    (-,-) 
  g2576__2802/Y  -       B->Y  R     NAND2X1        2  7.4   106    65      65    (-,-) 
  g2546__3680/Y  -       D->Y  F     NAND4X1        1  3.3    74    66     131    (-,-) 
  g2543__8428/Y  -       A1->Y R     OAI21XL        1  3.1   154   125     256    (-,-) 
  g2542__4319/Y  -       B0->Y F     OAI21XL        2  5.9    94    77     333    (-,-) 
  g2541__6260/Y  -       AN->Y F     NOR2BXL        1  0.0    44   102     435    (-,-) 
  aer_req        -       -     F     (port)         -    -     -     0     435    (-,-) 
#---------------------------------------------------------------------------------------



Path 2: MET (4691 ps) Path Delay Check
     Startpoint: (R) aer_ack
       Endpoint: (R) src_ack[4]

                   Capture    Launch  
      Path Delay:+    5000         -  
      Drv Adjust:+       0         0  
         Arrival:=    5000            
                                      
   Required Time:=    5000            
       Data Path:-     309            
           Slack:=    4691            

Exceptions/Constraints:
  max_delay             5000            zipped_path_delay_0   

#---------------------------------------------------------------------------------------
# Timing Point   Flags   Arc   Edge   Cell     Fanout Load Trans Delay Arrival Instance 
#                                                     (fF)  (ps)  (ps)   (ps)  Location 
#---------------------------------------------------------------------------------------
  aer_ack        -       -     R     (arrival)      3  8.8     0     0       0    (-,-) 
  g2620__4733/Y  -       AN->Y R     NOR2BX1        2  8.1   153   126     126    (-,-) 
  g2600__6260/Y  -       A->Y  F     NAND2X1        8 26.4   154   114     240    (-,-) 
  g2556__7482/Y  -       A->Y  R     NOR2XL         1  0.0    67    69     309    (-,-) 
  src_ack[4]     -       -     R     (port)         -    -     -     0     309    (-,-) 
#---------------------------------------------------------------------------------------



Path 3: MET (4691 ps) Path Delay Check
     Startpoint: (R) aer_ack
       Endpoint: (R) src_ack[5]

                   Capture    Launch  
      Path Delay:+    5000         -  
      Drv Adjust:+       0         0  
         Arrival:=    5000            
                                      
   Required Time:=    5000            
       Data Path:-     309            
           Slack:=    4691            

Exceptions/Constraints:
  max_delay             5000            zipped_path_delay_0   

#---------------------------------------------------------------------------------------
# Timing Point   Flags   Arc   Edge   Cell     Fanout Load Trans Delay Arrival Instance 
#                                                     (fF)  (ps)  (ps)   (ps)  Location 
#---------------------------------------------------------------------------------------
  aer_ack        -       -     R     (arrival)      3  8.8     0     0       0    (-,-) 
  g2620__4733/Y  -       AN->Y R     NOR2BX1        2  8.1   153   126     126    (-,-) 
  g2600__6260/Y  -       A->Y  F     NAND2X1        8 26.4   154   114     240    (-,-) 
  g2553__6131/Y  -       A->Y  R     NOR2XL         1  0.0    67    69     309    (-,-) 
  src_ack[5]     -       -     R     (port)         -    -     -     0     309    (-,-) 
#---------------------------------------------------------------------------------------



Path 4: MET (4691 ps) Path Delay Check
     Startpoint: (R) aer_ack
       Endpoint: (R) src_ack[6]

                   Capture    Launch  
      Path Delay:+    5000         -  
      Drv Adjust:+       0         0  
         Arrival:=    5000            
                                      
   Required Time:=    5000            
       Data Path:-     309            
           Slack:=    4691            

Exceptions/Constraints:
  max_delay             5000            zipped_path_delay_0   

#---------------------------------------------------------------------------------------
# Timing Point   Flags   Arc   Edge   Cell     Fanout Load Trans Delay Arrival Instance 
#                                                     (fF)  (ps)  (ps)   (ps)  Location 
#---------------------------------------------------------------------------------------
  aer_ack        -       -     R     (arrival)      3  8.8     0     0       0    (-,-) 
  g2620__4733/Y  -       AN->Y R     NOR2BX1        2  8.1   153   126     126    (-,-) 
  g2600__6260/Y  -       A->Y  F     NAND2X1        8 26.4   154   114     240    (-,-) 
  g2566__5477/Y  -       A->Y  R     NOR2XL         1  0.0    67    69     309    (-,-) 
  src_ack[6]     -       -     R     (port)         -    -     -     0     309    (-,-) 
#---------------------------------------------------------------------------------------



Path 5: MET (4691 ps) Path Delay Check
     Startpoint: (R) aer_ack
       Endpoint: (R) src_ack[7]

                   Capture    Launch  
      Path Delay:+    5000         -  
      Drv Adjust:+       0         0  
         Arrival:=    5000            
                                      
   Required Time:=    5000            
       Data Path:-     309            
           Slack:=    4691            

Exceptions/Constraints:
  max_delay             5000            zipped_path_delay_0   

#---------------------------------------------------------------------------------------
# Timing Point   Flags   Arc   Edge   Cell     Fanout Load Trans Delay Arrival Instance 
#                                                     (fF)  (ps)  (ps)   (ps)  Location 
#---------------------------------------------------------------------------------------
  aer_ack        -       -     R     (arrival)      3  8.8     0     0       0    (-,-) 
  g2620__4733/Y  -       AN->Y R     NOR2BX1        2  8.1   153   126     126    (-,-) 
  g2600__6260/Y  -       A->Y  F     NAND2X1        8 26.4   154   114     240    (-,-) 
  g2569__6260/Y  -       A->Y  R     NOR2XL         1  0.0    67    69     309    (-,-) 
  src_ack[7]     -       -     R     (port)         -    -     -     0     309    (-,-) 
#---------------------------------------------------------------------------------------



Path 6: MET (4691 ps) Path Delay Check
     Startpoint: (R) aer_ack
       Endpoint: (R) src_ack[12]

                   Capture    Launch  
      Path Delay:+    5000         -  
      Drv Adjust:+       0         0  
         Arrival:=    5000            
                                      
   Required Time:=    5000            
       Data Path:-     309            
           Slack:=    4691            

Exceptions/Constraints:
  max_delay             5000            zipped_path_delay_0   

#---------------------------------------------------------------------------------------
# Timing Point   Flags   Arc   Edge   Cell     Fanout Load Trans Delay Arrival Instance 
#                                                     (fF)  (ps)  (ps)   (ps)  Location 
#---------------------------------------------------------------------------------------
  aer_ack        -       -     R     (arrival)      3  8.8     0     0       0    (-,-) 
  g2620__4733/Y  -       AN->Y R     NOR2BX1        2  8.1   153   126     126    (-,-) 
  g2600__6260/Y  -       A->Y  F     NAND2X1        8 26.4   154   114     240    (-,-) 
  g2554__1881/Y  -       A->Y  R     NOR2XL         1  0.0    67    69     309    (-,-) 
  src_ack[12]    -       -     R     (port)         -    -     -     0     309    (-,-) 
#---------------------------------------------------------------------------------------



Path 7: MET (4691 ps) Path Delay Check
     Startpoint: (R) aer_ack
       Endpoint: (R) src_ack[13]

                   Capture    Launch  
      Path Delay:+    5000         -  
      Drv Adjust:+       0         0  
         Arrival:=    5000            
                                      
   Required Time:=    5000            
       Data Path:-     309            
           Slack:=    4691            

Exceptions/Constraints:
  max_delay             5000            zipped_path_delay_0   

#---------------------------------------------------------------------------------------
# Timing Point   Flags   Arc   Edge   Cell     Fanout Load Trans Delay Arrival Instance 
#                                                     (fF)  (ps)  (ps)   (ps)  Location 
#---------------------------------------------------------------------------------------
  aer_ack        -       -     R     (arrival)      3  8.8     0     0       0    (-,-) 
  g2620__4733/Y  -       AN->Y R     NOR2BX1        2  8.1   153   126     126    (-,-) 
  g2600__6260/Y  -       A->Y  F     NAND2X1        8 26.4   154   114     240    (-,-) 
  g2550__5122/Y  -       A->Y  R     NOR2XL         1  0.0    67    69     309    (-,-) 
  src_ack[13]    -       -     R     (port)         -    -     -     0     309    (-,-) 
#---------------------------------------------------------------------------------------



Path 8: MET (4691 ps) Path Delay Check
     Startpoint: (R) aer_ack
       Endpoint: (R) src_ack[14]

                   Capture    Launch  
      Path Delay:+    5000         -  
      Drv Adjust:+       0         0  
         Arrival:=    5000            
                                      
   Required Time:=    5000            
       Data Path:-     309            
           Slack:=    4691            

Exceptions/Constraints:
  max_delay             5000            zipped_path_delay_0   

#---------------------------------------------------------------------------------------
# Timing Point   Flags   Arc   Edge   Cell     Fanout Load Trans Delay Arrival Instance 
#                                                     (fF)  (ps)  (ps)   (ps)  Location 
#---------------------------------------------------------------------------------------
  aer_ack        -       -     R     (arrival)      3  8.8     0     0       0    (-,-) 
  g2620__4733/Y  -       AN->Y R     NOR2BX1        2  8.1   153   126     126    (-,-) 
  g2600__6260/Y  -       A->Y  F     NAND2X1        8 26.4   154   114     240    (-,-) 
  g2559__9315/Y  -       A->Y  R     NOR2XL         1  0.0    67    69     309    (-,-) 
  src_ack[14]    -       -     R     (port)         -    -     -     0     309    (-,-) 
#---------------------------------------------------------------------------------------



Path 9: MET (4691 ps) Path Delay Check
     Startpoint: (R) aer_ack
       Endpoint: (R) src_ack[15]

                   Capture    Launch  
      Path Delay:+    5000         -  
      Drv Adjust:+       0         0  
         Arrival:=    5000            
                                      
   Required Time:=    5000            
       Data Path:-     309            
           Slack:=    4691            

Exceptions/Constraints:
  max_delay             5000            zipped_path_delay_0   

#---------------------------------------------------------------------------------------
# Timing Point   Flags   Arc   Edge   Cell     Fanout Load Trans Delay Arrival Instance 
#                                                     (fF)  (ps)  (ps)   (ps)  Location 
#---------------------------------------------------------------------------------------
  aer_ack        -       -     R     (arrival)      3  8.8     0     0       0    (-,-) 
  g2620__4733/Y  -       AN->Y R     NOR2BX1        2  8.1   153   126     126    (-,-) 
  g2600__6260/Y  -       A->Y  F     NAND2X1        8 26.4   154   114     240    (-,-) 
  g2557__4733/Y  -       A->Y  R     NOR2XL         1  0.0    67    69     309    (-,-) 
  src_ack[15]    -       -     R     (port)         -    -     -     0     309    (-,-) 
#---------------------------------------------------------------------------------------



Path 10: MET (4695 ps) Path Delay Check
     Startpoint: (R) aer_ack
       Endpoint: (R) src_ack[0]

                   Capture    Launch  
      Path Delay:+    5000         -  
      Drv Adjust:+       0         0  
         Arrival:=    5000            
                                      
   Required Time:=    5000            
       Data Path:-     305            
           Slack:=    4695            

Exceptions/Constraints:
  max_delay             5000            zipped_path_delay_0   

#---------------------------------------------------------------------------------------
# Timing Point   Flags   Arc   Edge   Cell     Fanout Load Trans Delay Arrival Instance 
#                                                     (fF)  (ps)  (ps)   (ps)  Location 
#---------------------------------------------------------------------------------------
  aer_ack        -       -     R     (arrival)      3  8.8     0     0       0    (-,-) 
  g2620__4733/Y  -       AN->Y R     NOR2BX1        2  8.1   153   126     126    (-,-) 
  g2602__8428/Y  -       B->Y  F     NAND2BX1       8 26.4   152   111     236    (-,-) 
  g2551__8246/Y  -       A->Y  R     NOR2XL         1  0.0    67    69     305    (-,-) 
  src_ack[0]     -       -     R     (port)         -    -     -     0     305    (-,-) 
#---------------------------------------------------------------------------------------



Path 11: MET (4695 ps) Path Delay Check
     Startpoint: (R) aer_ack
       Endpoint: (R) src_ack[1]

                   Capture    Launch  
      Path Delay:+    5000         -  
      Drv Adjust:+       0         0  
         Arrival:=    5000            
                                      
   Required Time:=    5000            
       Data Path:-     305            
           Slack:=    4695            

Exceptions/Constraints:
  max_delay             5000            zipped_path_delay_0   

#---------------------------------------------------------------------------------------
# Timing Point   Flags   Arc   Edge   Cell     Fanout Load Trans Delay Arrival Instance 
#                                                     (fF)  (ps)  (ps)   (ps)  Location 
#---------------------------------------------------------------------------------------
  aer_ack        -       -     R     (arrival)      3  8.8     0     0       0    (-,-) 
  g2620__4733/Y  -       AN->Y R     NOR2BX1        2  8.1   153   126     126    (-,-) 
  g2602__8428/Y  -       B->Y  F     NAND2BX1       8 26.4   152   111     236    (-,-) 
  g2552__7098/Y  -       A->Y  R     NOR2XL         1  0.0    67    69     305    (-,-) 
  src_ack[1]     -       -     R     (port)         -    -     -     0     305    (-,-) 
#---------------------------------------------------------------------------------------



Path 12: MET (4695 ps) Path Delay Check
     Startpoint: (R) aer_ack
       Endpoint: (R) src_ack[2]

                   Capture    Launch  
      Path Delay:+    5000         -  
      Drv Adjust:+       0         0  
         Arrival:=    5000            
                                      
   Required Time:=    5000            
       Data Path:-     305            
           Slack:=    4695            

Exceptions/Constraints:
  max_delay             5000            zipped_path_delay_0   

#---------------------------------------------------------------------------------------
# Timing Point   Flags   Arc   Edge   Cell     Fanout Load Trans Delay Arrival Instance 
#                                                     (fF)  (ps)  (ps)   (ps)  Location 
#---------------------------------------------------------------------------------------
  aer_ack        -       -     R     (arrival)      3  8.8     0     0       0    (-,-) 
  g2620__4733/Y  -       AN->Y R     NOR2BX1        2  8.1   153   126     126    (-,-) 
  g2602__8428/Y  -       B->Y  F     NAND2BX1       8 26.4   152   111     236    (-,-) 
  g2567__2398/Y  -       A->Y  R     NOR2XL         1  0.0    67    69     305    (-,-) 
  src_ack[2]     -       -     R     (port)         -    -     -     0     305    (-,-) 
#---------------------------------------------------------------------------------------



Path 13: MET (4695 ps) Path Delay Check
     Startpoint: (R) aer_ack
       Endpoint: (R) src_ack[3]

                   Capture    Launch  
      Path Delay:+    5000         -  
      Drv Adjust:+       0         0  
         Arrival:=    5000            
                                      
   Required Time:=    5000            
       Data Path:-     305            
           Slack:=    4695            

Exceptions/Constraints:
  max_delay             5000            zipped_path_delay_0   

#---------------------------------------------------------------------------------------
# Timing Point   Flags   Arc   Edge   Cell     Fanout Load Trans Delay Arrival Instance 
#                                                     (fF)  (ps)  (ps)   (ps)  Location 
#---------------------------------------------------------------------------------------
  aer_ack        -       -     R     (arrival)      3  8.8     0     0       0    (-,-) 
  g2620__4733/Y  -       AN->Y R     NOR2BX1        2  8.1   153   126     126    (-,-) 
  g2602__8428/Y  -       B->Y  F     NAND2BX1       8 26.4   152   111     236    (-,-) 
  g2568__5107/Y  -       A->Y  R     NOR2XL         1  0.0    67    69     305    (-,-) 
  src_ack[3]     -       -     R     (port)         -    -     -     0     305    (-,-) 
#---------------------------------------------------------------------------------------



Path 14: MET (4695 ps) Path Delay Check
     Startpoint: (R) aer_ack
       Endpoint: (R) src_ack[8]

                   Capture    Launch  
      Path Delay:+    5000         -  
      Drv Adjust:+       0         0  
         Arrival:=    5000            
                                      
   Required Time:=    5000            
       Data Path:-     305            
           Slack:=    4695            

Exceptions/Constraints:
  max_delay             5000            zipped_path_delay_0   

#---------------------------------------------------------------------------------------
# Timing Point   Flags   Arc   Edge   Cell     Fanout Load Trans Delay Arrival Instance 
#                                                     (fF)  (ps)  (ps)   (ps)  Location 
#---------------------------------------------------------------------------------------
  aer_ack        -       -     R     (arrival)      3  8.8     0     0       0    (-,-) 
  g2620__4733/Y  -       AN->Y R     NOR2BX1        2  8.1   153   126     126    (-,-) 
  g2602__8428/Y  -       B->Y  F     NAND2BX1       8 26.4   152   111     236    (-,-) 
  g2555__5115/Y  -       A->Y  R     NOR2XL         1  0.0    67    69     305    (-,-) 
  src_ack[8]     -       -     R     (port)         -    -     -     0     305    (-,-) 
#---------------------------------------------------------------------------------------



Path 15: MET (4695 ps) Path Delay Check
     Startpoint: (R) aer_ack
       Endpoint: (R) src_ack[9]

                   Capture    Launch  
      Path Delay:+    5000         -  
      Drv Adjust:+       0         0  
         Arrival:=    5000            
                                      
   Required Time:=    5000            
       Data Path:-     305            
           Slack:=    4695            

Exceptions/Constraints:
  max_delay             5000            zipped_path_delay_0   

#---------------------------------------------------------------------------------------
# Timing Point   Flags   Arc   Edge   Cell     Fanout Load Trans Delay Arrival Instance 
#                                                     (fF)  (ps)  (ps)   (ps)  Location 
#---------------------------------------------------------------------------------------
  aer_ack        -       -     R     (arrival)      3  8.8     0     0       0    (-,-) 
  g2620__4733/Y  -       AN->Y R     NOR2BX1        2  8.1   153   126     126    (-,-) 
  g2602__8428/Y  -       B->Y  F     NAND2BX1       8 26.4   152   111     236    (-,-) 
  g2549__1705/Y  -       A->Y  R     NOR2XL         1  0.0    67    69     305    (-,-) 
  src_ack[9]     -       -     R     (port)         -    -     -     0     305    (-,-) 
#---------------------------------------------------------------------------------------



Path 16: MET (4695 ps) Path Delay Check
     Startpoint: (R) aer_ack
       Endpoint: (R) src_ack[10]

                   Capture    Launch  
      Path Delay:+    5000         -  
      Drv Adjust:+       0         0  
         Arrival:=    5000            
                                      
   Required Time:=    5000            
       Data Path:-     305            
           Slack:=    4695            

Exceptions/Constraints:
  max_delay             5000            zipped_path_delay_0   

#---------------------------------------------------------------------------------------
# Timing Point   Flags   Arc   Edge   Cell     Fanout Load Trans Delay Arrival Instance 
#                                                     (fF)  (ps)  (ps)   (ps)  Location 
#---------------------------------------------------------------------------------------
  aer_ack        -       -     R     (arrival)      3  8.8     0     0       0    (-,-) 
  g2620__4733/Y  -       AN->Y R     NOR2BX1        2  8.1   153   126     126    (-,-) 
  g2602__8428/Y  -       B->Y  F     NAND2BX1       8 26.4   152   111     236    (-,-) 
  g2558__6161/Y  -       A->Y  R     NOR2XL         1  0.0    67    69     305    (-,-) 
  src_ack[10]    -       -     R     (port)         -    -     -     0     305    (-,-) 
#---------------------------------------------------------------------------------------



Path 17: MET (4695 ps) Path Delay Check
     Startpoint: (R) aer_ack
       Endpoint: (R) src_ack[11]

                   Capture    Launch  
      Path Delay:+    5000         -  
      Drv Adjust:+       0         0  
         Arrival:=    5000            
                                      
   Required Time:=    5000            
       Data Path:-     305            
           Slack:=    4695            

Exceptions/Constraints:
  max_delay             5000            zipped_path_delay_0   

#---------------------------------------------------------------------------------------
# Timing Point   Flags   Arc   Edge   Cell     Fanout Load Trans Delay Arrival Instance 
#                                                     (fF)  (ps)  (ps)   (ps)  Location 
#---------------------------------------------------------------------------------------
  aer_ack        -       -     R     (arrival)      3  8.8     0     0       0    (-,-) 
  g2620__4733/Y  -       AN->Y R     NOR2BX1        2  8.1   153   126     126    (-,-) 
  g2602__8428/Y  -       B->Y  F     NAND2BX1       8 26.4   152   111     236    (-,-) 
  g2565__6417/Y  -       A->Y  R     NOR2XL         1  0.0    67    69     305    (-,-) 
  src_ack[11]    -       -     R     (port)         -    -     -     0     305    (-,-) 
#---------------------------------------------------------------------------------------

Some unconstrained paths have not been displayed.
Use -unconstrained or set the root attribute 'timing_report_unconstrained' to 'true' to see only these unconstrained paths.

