============================================================
  Generated by:           Genus(TM) Synthesis Solution 23.14-s090_1
  Generated on:           Aug 19 2026  11:31:37 pm
  Module:                 aer_traditional_latch_paa
  Technology library:     typical 1.0
  Operating conditions:   typical (balanced_tree)
  Wireload mode:          enclosed
  Area mode:              timing library
============================================================

                               
   Gate    Instances    Area     Library  
------------------------------------------
AND3X1             2    33.264    typical 
AOI211XL           2    33.264    typical 
AOI2BB1XL          7   116.424    typical 
AOI31XL            1    16.632    typical 
DLY4X1             6   139.709    typical 
INVXL              4    26.611    typical 
NAND2BX1           1    13.306    typical 
NAND2BXL           1    13.306    typical 
NAND2X1           17   169.646    typical 
NAND2XL            4    39.917    typical 
NAND3XL            1    13.306    typical 
NAND4X1            3    49.896    typical 
NAND4XL            1    16.632    typical 
NOR2BX1            1    13.306    typical 
NOR2BXL            3    39.917    typical 
NOR2X1             1     9.979    typical 
NOR2XL            30   299.376    typical 
NOR3XL             2    26.611    typical 
OAI21XL            3    39.917    typical 
OAI2BB1XL          1    16.632    typical 
OR2X1              4    53.222    typical 
TLATNRX1           4   172.973    typical 
TLATRX1            1    43.243    typical 
------------------------------------------
total            100  1397.088            


                                         
     Type      Instances   Area   Area % 
-----------------------------------------
sequential             5  216.216   15.5 
inverter               4   26.611    1.9 
buffer                 6  139.709   10.0 
logic                 85 1014.552   72.6 
physical_cells         0    0.000    0.0 
-----------------------------------------
total                100 1397.088  100.0 

