###############################################################
#  Generated by:      Cadence Innovus 23.14-s088_1
#  OS:                Linux x86_64(Host ID sanitized)
#  Generated on:      Wed Aug 19 23:32:51 2026
#  Design:            aer_traditional_latch_paa
#  Command:           report_timing -max_paths 100 > reports/postroute_timing.rpt
###############################################################
Path 1: MET Path Delay Check
Endpoint:   aer_req     (v)
Beginpoint: src_req[15] (v) triggered by  leading edge of '@'
Path Groups: {default}
Analysis View: setup_view
- External Delay                0.000
+ Path Delay                    5.000
= Required Time                 5.000
- Arrival Time                  0.924
= Slack Time                    4.076
     Clock Rise Edge                      0.000
     + Input Delay                        0.000
     = Beginpoint Arrival Time            0.000
     +--------------------------------------------------------------------+ 
     |  Instance   |      Arc      |  Cell   | Delay | Arrival | Required | 
     |             |               |         |       |  Time   |   Time   | 
     |-------------+---------------+---------+-------+---------+----------| 
     |             | src_req[15] v |         |       |   0.000 |    4.076 | 
     | g2574__3680 | B v -> Y ^    | NAND2X1 | 0.189 |   0.189 |    4.265 | 
     | g2545__6783 | D ^ -> Y v    | NAND4X1 | 0.150 |   0.339 |    4.415 | 
     | g2543__8428 | A0 v -> Y ^   | OAI21XL | 0.192 |   0.531 |    4.607 | 
     | g2542__4319 | B0 ^ -> Y v   | OAI21XL | 0.158 |   0.689 |    4.765 | 
     | g2541__6260 | AN v -> Y v   | NOR2BXL | 0.234 |   0.924 |    5.000 | 
     |             | aer_req v     |         | 0.000 |   0.924 |    5.000 | 
     +--------------------------------------------------------------------+ 
Path 2: MET Path Delay Check
Endpoint:   src_ack[10] (^)
Beginpoint: aer_ack     (^) triggered by  leading edge of '@'
Path Groups: {default}
Analysis View: setup_view
- External Delay                0.000
+ Path Delay                    5.000
= Required Time                 5.000
- Arrival Time                  0.657
= Slack Time                    4.343
     Clock Rise Edge                      0.000
     + Input Delay                        0.000
     = Beginpoint Arrival Time            0.000
     +---------------------------------------------------------------------+ 
     |  Instance   |      Arc      |   Cell   | Delay | Arrival | Required | 
     |             |               |          |       |  Time   |   Time   | 
     |-------------+---------------+----------+-------+---------+----------| 
     |             | aer_ack ^     |          |       |   0.000 |    4.343 | 
     | g2620__4733 | AN ^ -> Y ^   | NOR2BX1  | 0.219 |   0.219 |    4.562 | 
     | g2602__8428 | B ^ -> Y v    | NAND2BX1 | 0.234 |   0.453 |    4.796 | 
     | g2558__6161 | A v -> Y ^    | NOR2XL   | 0.204 |   0.657 |    5.000 | 
     |             | src_ack[10] ^ |          | 0.000 |   0.657 |    5.000 | 
     +---------------------------------------------------------------------+ 
Path 3: MET Path Delay Check
Endpoint:   src_ack[4] (^)
Beginpoint: aer_ack    (^) triggered by  leading edge of '@'
Path Groups: {default}
Analysis View: setup_view
- External Delay                0.000
+ Path Delay                    5.000
= Required Time                 5.000
- Arrival Time                  0.657
= Slack Time                    4.343
     Clock Rise Edge                      0.000
     + Input Delay                        0.000
     = Beginpoint Arrival Time            0.000
     +-------------------------------------------------------------------+ 
     |  Instance   |     Arc      |  Cell   | Delay | Arrival | Required | 
     |             |              |         |       |  Time   |   Time   | 
     |-------------+--------------+---------+-------+---------+----------| 
     |             | aer_ack ^    |         |       |   0.000 |    4.343 | 
     | g2620__4733 | AN ^ -> Y ^  | NOR2BX1 | 0.219 |   0.219 |    4.562 | 
     | g2600__6260 | A ^ -> Y v   | NAND2X1 | 0.235 |   0.454 |    4.797 | 
     | g2556__7482 | A v -> Y ^   | NOR2XL  | 0.203 |   0.657 |    5.000 | 
     |             | src_ack[4] ^ |         | 0.000 |   0.657 |    5.000 | 
     +-------------------------------------------------------------------+ 
Path 4: MET Path Delay Check
Endpoint:   src_ack[1] (^)
Beginpoint: aer_ack    (^) triggered by  leading edge of '@'
Path Groups: {default}
Analysis View: setup_view
- External Delay                0.000
+ Path Delay                    5.000
= Required Time                 5.000
- Arrival Time                  0.657
= Slack Time                    4.343
     Clock Rise Edge                      0.000
     + Input Delay                        0.000
     = Beginpoint Arrival Time            0.000
     +--------------------------------------------------------------------+ 
     |  Instance   |     Arc      |   Cell   | Delay | Arrival | Required | 
     |             |              |          |       |  Time   |   Time   | 
     |-------------+--------------+----------+-------+---------+----------| 
     |             | aer_ack ^    |          |       |   0.000 |    4.343 | 
     | g2620__4733 | AN ^ -> Y ^  | NOR2BX1  | 0.219 |   0.219 |    4.562 | 
     | g2602__8428 | B ^ -> Y v   | NAND2BX1 | 0.234 |   0.453 |    4.796 | 
     | g2552__7098 | A v -> Y ^   | NOR2XL   | 0.203 |   0.656 |    5.000 | 
     |             | src_ack[1] ^ |          | 0.000 |   0.657 |    5.000 | 
     +--------------------------------------------------------------------+ 
Path 5: MET Path Delay Check
Endpoint:   src_ack[9] (^)
Beginpoint: aer_ack    (^) triggered by  leading edge of '@'
Path Groups: {default}
Analysis View: setup_view
- External Delay                0.000
+ Path Delay                    5.000
= Required Time                 5.000
- Arrival Time                  0.646
= Slack Time                    4.354
     Clock Rise Edge                      0.000
     + Input Delay                        0.000
     = Beginpoint Arrival Time            0.000
     +--------------------------------------------------------------------+ 
     |  Instance   |     Arc      |   Cell   | Delay | Arrival | Required | 
     |             |              |          |       |  Time   |   Time   | 
     |-------------+--------------+----------+-------+---------+----------| 
     |             | aer_ack ^    |          |       |   0.000 |    4.354 | 
     | g2620__4733 | AN ^ -> Y ^  | NOR2BX1  | 0.219 |   0.219 |    4.573 | 
     | g2602__8428 | B ^ -> Y v   | NAND2BX1 | 0.234 |   0.453 |    4.807 | 
     | g2549__1705 | A v -> Y ^   | NOR2XL   | 0.193 |   0.646 |    5.000 | 
     |             | src_ack[9] ^ |          | 0.000 |   0.646 |    5.000 | 
     +--------------------------------------------------------------------+ 
Path 6: MET Path Delay Check
Endpoint:   src_ack[0] (^)
Beginpoint: aer_ack    (^) triggered by  leading edge of '@'
Path Groups: {default}
Analysis View: setup_view
- External Delay                0.000
+ Path Delay                    5.000
= Required Time                 5.000
- Arrival Time                  0.645
= Slack Time                    4.355
     Clock Rise Edge                      0.000
     + Input Delay                        0.000
     = Beginpoint Arrival Time            0.000
     +--------------------------------------------------------------------+ 
     |  Instance   |     Arc      |   Cell   | Delay | Arrival | Required | 
     |             |              |          |       |  Time   |   Time   | 
     |-------------+--------------+----------+-------+---------+----------| 
     |             | aer_ack ^    |          |       |   0.000 |    4.355 | 
     | g2620__4733 | AN ^ -> Y ^  | NOR2BX1  | 0.219 |   0.219 |    4.574 | 
     | g2602__8428 | B ^ -> Y v   | NAND2BX1 | 0.234 |   0.453 |    4.808 | 
     | g2551__8246 | A v -> Y ^   | NOR2XL   | 0.192 |   0.645 |    5.000 | 
     |             | src_ack[0] ^ |          | 0.000 |   0.645 |    5.000 | 
     +--------------------------------------------------------------------+ 
Path 7: MET Path Delay Check
Endpoint:   src_ack[11] (^)
Beginpoint: aer_ack     (^) triggered by  leading edge of '@'
Path Groups: {default}
Analysis View: setup_view
- External Delay                0.000
+ Path Delay                    5.000
= Required Time                 5.000
- Arrival Time                  0.638
= Slack Time                    4.362
     Clock Rise Edge                      0.000
     + Input Delay                        0.000
     = Beginpoint Arrival Time            0.000
     +---------------------------------------------------------------------+ 
     |  Instance   |      Arc      |   Cell   | Delay | Arrival | Required | 
     |             |               |          |       |  Time   |   Time   | 
     |-------------+---------------+----------+-------+---------+----------| 
     |             | aer_ack ^     |          |       |   0.000 |    4.362 | 
     | g2620__4733 | AN ^ -> Y ^   | NOR2BX1  | 0.219 |   0.219 |    4.581 | 
     | g2602__8428 | B ^ -> Y v    | NAND2BX1 | 0.234 |   0.453 |    4.815 | 
     | g2565__6417 | A v -> Y ^    | NOR2XL   | 0.185 |   0.638 |    5.000 | 
     |             | src_ack[11] ^ |          | 0.000 |   0.638 |    5.000 | 
     +---------------------------------------------------------------------+ 
Path 8: MET Path Delay Check
Endpoint:   src_ack[2] (^)
Beginpoint: aer_ack    (^) triggered by  leading edge of '@'
Path Groups: {default}
Analysis View: setup_view
- External Delay                0.000
+ Path Delay                    5.000
= Required Time                 5.000
- Arrival Time                  0.637
= Slack Time                    4.363
     Clock Rise Edge                      0.000
     + Input Delay                        0.000
     = Beginpoint Arrival Time            0.000
     +--------------------------------------------------------------------+ 
     |  Instance   |     Arc      |   Cell   | Delay | Arrival | Required | 
     |             |              |          |       |  Time   |   Time   | 
     |-------------+--------------+----------+-------+---------+----------| 
     |             | aer_ack ^    |          |       |   0.000 |    4.363 | 
     | g2620__4733 | AN ^ -> Y ^  | NOR2BX1  | 0.219 |   0.219 |    4.581 | 
     | g2602__8428 | B ^ -> Y v   | NAND2BX1 | 0.234 |   0.453 |    4.816 | 
     | g2567__2398 | A v -> Y ^   | NOR2XL   | 0.184 |   0.637 |    5.000 | 
     |             | src_ack[2] ^ |          | 0.000 |   0.637 |    5.000 | 
     +--------------------------------------------------------------------+ 
Path 9: MET Path Delay Check
Endpoint:   src_ack[5] (^)
Beginpoint: aer_ack    (^) triggered by  leading edge of '@'
Path Groups: {default}
Analysis View: setup_view
- External Delay                0.000
+ Path Delay                    5.000
= Required Time                 5.000
- Arrival Time                  0.637
= Slack Time                    4.363
     Clock Rise Edge                      0.000
     + Input Delay                        0.000
     = Beginpoint Arrival Time            0.000
     +-------------------------------------------------------------------+ 
     |  Instance   |     Arc      |  Cell   | Delay | Arrival | Required | 
     |             |              |         |       |  Time   |   Time   | 
     |-------------+--------------+---------+-------+---------+----------| 
     |             | aer_ack ^    |         |       |   0.000 |    4.363 | 
     | g2620__4733 | AN ^ -> Y ^  | NOR2BX1 | 0.219 |   0.219 |    4.582 | 
     | g2600__6260 | A ^ -> Y v   | NAND2X1 | 0.235 |   0.454 |    4.817 | 
     | g2553__6131 | A v -> Y ^   | NOR2XL  | 0.183 |   0.637 |    5.000 | 
     |             | src_ack[5] ^ |         | 0.000 |   0.637 |    5.000 | 
     +-------------------------------------------------------------------+ 
Path 10: MET Path Delay Check
Endpoint:   src_ack[12] (^)
Beginpoint: aer_ack     (^) triggered by  leading edge of '@'
Path Groups: {default}
Analysis View: setup_view
- External Delay                0.000
+ Path Delay                    5.000
= Required Time                 5.000
- Arrival Time                  0.633
= Slack Time                    4.367
     Clock Rise Edge                      0.000
     + Input Delay                        0.000
     = Beginpoint Arrival Time            0.000
     +--------------------------------------------------------------------+ 
     |  Instance   |      Arc      |  Cell   | Delay | Arrival | Required | 
     |             |               |         |       |  Time   |   Time   | 
     |-------------+---------------+---------+-------+---------+----------| 
     |             | aer_ack ^     |         |       |   0.000 |    4.367 | 
     | g2620__4733 | AN ^ -> Y ^   | NOR2BX1 | 0.219 |   0.219 |    4.586 | 
     | g2600__6260 | A ^ -> Y v    | NAND2X1 | 0.235 |   0.454 |    4.821 | 
     | g2554__1881 | A v -> Y ^    | NOR2XL  | 0.179 |   0.633 |    5.000 | 
     |             | src_ack[12] ^ |         | 0.000 |   0.633 |    5.000 | 
     +--------------------------------------------------------------------+ 
Path 11: MET Path Delay Check
Endpoint:   src_ack[13] (^)
Beginpoint: aer_ack     (^) triggered by  leading edge of '@'
Path Groups: {default}
Analysis View: setup_view
- External Delay                0.000
+ Path Delay                    5.000
= Required Time                 5.000
- Arrival Time                  0.632
= Slack Time                    4.368
     Clock Rise Edge                      0.000
     + Input Delay                        0.000
     = Beginpoint Arrival Time            0.000
     +--------------------------------------------------------------------+ 
     |  Instance   |      Arc      |  Cell   | Delay | Arrival | Required | 
     |             |               |         |       |  Time   |   Time   | 
     |-------------+---------------+---------+-------+---------+----------| 
     |             | aer_ack ^     |         |       |   0.000 |    4.368 | 
     | g2620__4733 | AN ^ -> Y ^   | NOR2BX1 | 0.219 |   0.219 |    4.586 | 
     | g2600__6260 | A ^ -> Y v    | NAND2X1 | 0.235 |   0.454 |    4.822 | 
     | g2550__5122 | A v -> Y ^    | NOR2XL  | 0.178 |   0.632 |    5.000 | 
     |             | src_ack[13] ^ |         | 0.000 |   0.632 |    5.000 | 
     +--------------------------------------------------------------------+ 
Path 12: MET Path Delay Check
Endpoint:   src_ack[3] (^)
Beginpoint: aer_ack    (^) triggered by  leading edge of '@'
Path Groups: {default}
Analysis View: setup_view
- External Delay                0.000
+ Path Delay                    5.000
= Required Time                 5.000
- Arrival Time                  0.627
= Slack Time                    4.373
     Clock Rise Edge                      0.000
     + Input Delay                        0.000
     = Beginpoint Arrival Time            0.000
     +--------------------------------------------------------------------+ 
     |  Instance   |     Arc      |   Cell   | Delay | Arrival | Required | 
     |             |              |          |       |  Time   |   Time   | 
     |-------------+--------------+----------+-------+---------+----------| 
     |             | aer_ack ^    |          |       |   0.000 |    4.373 | 
     | g2620__4733 | AN ^ -> Y ^  | NOR2BX1  | 0.219 |   0.219 |    4.592 | 
     | g2602__8428 | B ^ -> Y v   | NAND2BX1 | 0.234 |   0.453 |    4.826 | 
     | g2568__5107 | A v -> Y ^   | NOR2XL   | 0.174 |   0.627 |    5.000 | 
     |             | src_ack[3] ^ |          | 0.000 |   0.627 |    5.000 | 
     +--------------------------------------------------------------------+ 
Path 13: MET Path Delay Check
Endpoint:   src_ack[7] (^)
Beginpoint: aer_ack    (^) triggered by  leading edge of '@'
Path Groups: {default}
Analysis View: setup_view
- External Delay                0.000
+ Path Delay                    5.000
= Required Time                 5.000
- Arrival Time                  0.627
= Slack Time                    4.373
     Clock Rise Edge                      0.000
     + Input Delay                        0.000
     = Beginpoint Arrival Time            0.000
     +-------------------------------------------------------------------+ 
     |  Instance   |     Arc      |  Cell   | Delay | Arrival | Required | 
     |             |              |         |       |  Time   |   Time   | 
     |-------------+--------------+---------+-------+---------+----------| 
     |             | aer_ack ^    |         |       |   0.000 |    4.373 | 
     | g2620__4733 | AN ^ -> Y ^  | NOR2BX1 | 0.219 |   0.219 |    4.592 | 
     | g2600__6260 | A ^ -> Y v   | NAND2X1 | 0.235 |   0.454 |    4.827 | 
     | g2569__6260 | A v -> Y ^   | NOR2XL  | 0.173 |   0.627 |    5.000 | 
     |             | src_ack[7] ^ |         | 0.000 |   0.627 |    5.000 | 
     +-------------------------------------------------------------------+ 
Path 14: MET Path Delay Check
Endpoint:   src_ack[8] (^)
Beginpoint: aer_ack    (^) triggered by  leading edge of '@'
Path Groups: {default}
Analysis View: setup_view
- External Delay                0.000
+ Path Delay                    5.000
= Required Time                 5.000
- Arrival Time                  0.622
= Slack Time                    4.378
     Clock Rise Edge                      0.000
     + Input Delay                        0.000
     = Beginpoint Arrival Time            0.000
     +--------------------------------------------------------------------+ 
     |  Instance   |     Arc      |   Cell   | Delay | Arrival | Required | 
     |             |              |          |       |  Time   |   Time   | 
     |-------------+--------------+----------+-------+---------+----------| 
     |             | aer_ack ^    |          |       |   0.000 |    4.378 | 
     | g2620__4733 | AN ^ -> Y ^  | NOR2BX1  | 0.219 |   0.219 |    4.596 | 
     | g2602__8428 | B ^ -> Y v   | NAND2BX1 | 0.234 |   0.453 |    4.831 | 
     | g2555__5115 | A v -> Y ^   | NOR2XL   | 0.169 |   0.622 |    5.000 | 
     |             | src_ack[8] ^ |          | 0.000 |   0.622 |    5.000 | 
     +--------------------------------------------------------------------+ 
Path 15: MET Path Delay Check
Endpoint:   src_ack[6] (^)
Beginpoint: aer_ack    (^) triggered by  leading edge of '@'
Path Groups: {default}
Analysis View: setup_view
- External Delay                0.000
+ Path Delay                    5.000
= Required Time                 5.000
- Arrival Time                  0.622
= Slack Time                    4.378
     Clock Rise Edge                      0.000
     + Input Delay                        0.000
     = Beginpoint Arrival Time            0.000
     +-------------------------------------------------------------------+ 
     |  Instance   |     Arc      |  Cell   | Delay | Arrival | Required | 
     |             |              |         |       |  Time   |   Time   | 
     |-------------+--------------+---------+-------+---------+----------| 
     |             | aer_ack ^    |         |       |   0.000 |    4.378 | 
     | g2620__4733 | AN ^ -> Y ^  | NOR2BX1 | 0.219 |   0.219 |    4.596 | 
     | g2600__6260 | A ^ -> Y v   | NAND2X1 | 0.235 |   0.454 |    4.832 | 
     | g2566__5477 | A v -> Y ^   | NOR2XL  | 0.168 |   0.622 |    5.000 | 
     |             | src_ack[6] ^ |         | 0.000 |   0.622 |    5.000 | 
     +-------------------------------------------------------------------+ 
Path 16: MET Path Delay Check
Endpoint:   src_ack[15] (^)
Beginpoint: aer_ack     (^) triggered by  leading edge of '@'
Path Groups: {default}
Analysis View: setup_view
- External Delay                0.000
+ Path Delay                    5.000
= Required Time                 5.000
- Arrival Time                  0.619
= Slack Time                    4.381
     Clock Rise Edge                      0.000
     + Input Delay                        0.000
     = Beginpoint Arrival Time            0.000
     +--------------------------------------------------------------------+ 
     |  Instance   |      Arc      |  Cell   | Delay | Arrival | Required | 
     |             |               |         |       |  Time   |   Time   | 
     |-------------+---------------+---------+-------+---------+----------| 
     |             | aer_ack ^     |         |       |   0.000 |    4.381 | 
     | g2620__4733 | AN ^ -> Y ^   | NOR2BX1 | 0.219 |   0.219 |    4.599 | 
     | g2600__6260 | A ^ -> Y v    | NAND2X1 | 0.235 |   0.454 |    4.835 | 
     | g2557__4733 | A v -> Y ^    | NOR2XL  | 0.165 |   0.619 |    5.000 | 
     |             | src_ack[15] ^ |         | 0.000 |   0.619 |    5.000 | 
     +--------------------------------------------------------------------+ 
Path 17: MET Path Delay Check
Endpoint:   src_ack[14] (^)
Beginpoint: aer_ack     (^) triggered by  leading edge of '@'
Path Groups: {default}
Analysis View: setup_view
- External Delay                0.000
+ Path Delay                    5.000
= Required Time                 5.000
- Arrival Time                  0.617
= Slack Time                    4.383
     Clock Rise Edge                      0.000
     + Input Delay                        0.000
     = Beginpoint Arrival Time            0.000
     +--------------------------------------------------------------------+ 
     |  Instance   |      Arc      |  Cell   | Delay | Arrival | Required | 
     |             |               |         |       |  Time   |   Time   | 
     |-------------+---------------+---------+-------+---------+----------| 
     |             | aer_ack ^     |         |       |   0.000 |    4.383 | 
     | g2620__4733 | AN ^ -> Y ^   | NOR2BX1 | 0.219 |   0.219 |    4.601 | 
     | g2600__6260 | A ^ -> Y v    | NAND2X1 | 0.235 |   0.454 |    4.837 | 
     | g2559__9315 | A v -> Y ^    | NOR2XL  | 0.163 |   0.617 |    5.000 | 
     |             | src_ack[14] ^ |         | 0.000 |   0.617 |    5.000 | 
     +--------------------------------------------------------------------+ 
