============================================================
  Generated by:           Genus(TM) Synthesis Solution 23.14-s090_1
  Generated on:           Aug 20 2026  12:48:47 pm
  Module:                 aer_pending_gray_epoch
  Technology library:     typical 1.0
  Operating conditions:   typical (balanced_tree)
  Wireload mode:          enclosed
  Area mode:              timing library
============================================================

                               
   Gate    Instances    Area     Library  
------------------------------------------
AND2X2             3    39.917    typical 
AOI21X1           18   239.501    typical 
AOI21XL           33   439.085    typical 
AOI22X1            6    99.792    typical 
AOI2BB1XL          1    16.632    typical 
AOI2BB2X1          1    23.285    typical 
DFFRHQX1          73  5099.371    typical 
DFFRHQXL           1    69.854    typical 
INVX1             39   259.459    typical 
INVXL              1     6.653    typical 
JKFFRXL            1    86.486    typical 
MXI2X1             4    93.139    typical 
NAND2BX1           1    13.306    typical 
NAND2X1           17   169.646    typical 
NAND2XL            1     9.979    typical 
NOR2X1            12   119.750    typical 
OAI21XL            6    79.834    typical 
OAI22X1           10   199.584    typical 
OAI2BB1X1          1    16.632    typical 
OAI2BB2X1          5   116.424    typical 
OAI2BB2XL          1    23.285    typical 
XOR2X1             1    26.611    typical 
------------------------------------------
total            236  7248.226            


                                         
     Type      Instances   Area   Area % 
-----------------------------------------
sequential            75 5255.712   72.5 
inverter              40  266.112    3.7 
logic                121 1726.402   23.8 
physical_cells         0    0.000    0.0 
-----------------------------------------
total                236 7248.226  100.0 

