============================================================
  Generated by:           Genus(TM) Synthesis Solution 23.14-s090_1
  Generated on:           Aug 20 2026  12:48:47 pm
  Module:                 aer_pending_gray_epoch
  Operating conditions:   typical (balanced_tree)
  Wireload mode:          enclosed
  Area mode:              timing library
============================================================

Timing
--------

Clock  Period 
--------------
clk   10000.0 


  Cost    Critical         Violating 
 Group   Path Slack  TNS     Paths   
-------------------------------------
clk          7267.9   0.0          0 
default    No paths   0.0            
-------------------------------------
Total                 0.0          0 

Instance Count
--------------
Leaf Instance Count             236 
Physical Instance count           0 
Sequential Instance Count        75 
Combinational Instance Count    161 
Hierarchical Instance Count       0 

Area
----
Cell Area                          7248.226
Physical Cell Area                 0.000
Total Cell Area (Cell+Physical)    7248.226
Net Area                           0.000
Total Area (Cell+Physical+Net)     7248.226

Max Fanout                         75 (clk)
Min Fanout                         0 (reset_release_q[1])
Average Fanout                     2.2
Terms to net ratio                 3.3490
Terms to instance ratio            3.6186
Runtime                            27.779103 seconds
Elapsed Runtime                    29 seconds
Genus peak memory usage            1595.76 
Innovus peak memory usage          no_value 
Hostname                           <CADENCE_HOST>
