============================================================
  Generated by:           Genus(TM) Synthesis Solution 23.14-s090_1
  Generated on:           Aug 26 2026  02:54:12 pm
  Module:                 aer64_pending_iprra_rr
  Operating conditions:   PVT_0P9V_125C (balanced_tree)
  Wireload mode:          enclosed
  Area mode:              timing library
============================================================

Timing
--------

Clock  Period 
--------------
clk   10000.0 


  Cost    Critical         Violating 
 Group   Path Slack  TNS     Paths   
-------------------------------------
clk          5523.6   0.0          0 
default    No paths   0.0            
-------------------------------------
Total                 0.0          0 

Instance Count
--------------
Leaf Instance Count             1234 
Physical Instance count            0 
Sequential Instance Count        265 
Combinational Instance Count     969 
Hierarchical Instance Count        1 

Area
----
Cell Area                          2727.108
Physical Cell Area                 0.000
Total Cell Area (Cell+Physical)    2727.108
Net Area                           0.000
Total Area (Cell+Physical+Net)     2727.108

Max Fanout                         265 (clk)
Min Fanout                         0 (rst_n)
Average Fanout                     2.2
Terms to net ratio                 3.0983
Terms to instance ratio            3.2690
Runtime                            51.971959999999996 seconds
Elapsed Runtime                    51 seconds
Genus peak memory usage            1679.32 
Innovus peak memory usage          no_value 
Hostname                           <REMOTE_HOST>
