============================================================
  Generated by:           Genus(TM) Synthesis Solution 23.14-s090_1
  Generated on:           Aug 26 2026  02:54:11 pm
  Module:                 aer64_pending_iprra_rr
  Technology libraries:   slow_vdd1v0 1.0
                          slow_vdd1v0 1.0
  Operating conditions:   PVT_0P9V_125C (balanced_tree)
  Wireload mode:          enclosed
  Area mode:              timing library
============================================================

                               
   Gate    Instances    Area       Library    
----------------------------------------------
AND2X1             5     6.840    slow_vdd1v0 
AND2XL             1     1.368    slow_vdd1v0 
AND4XL             6    14.364    slow_vdd1v0 
AOI211XL           2     4.104    slow_vdd1v0 
AOI21X1          120   205.200    slow_vdd1v0 
AOI21XL           31    53.010    slow_vdd1v0 
AOI221X1           1     2.394    slow_vdd1v0 
AOI2BB1X1          8    16.416    slow_vdd1v0 
DFFHQX1          199  1088.928    slow_vdd1v0 
DFFQXL            64   350.208    slow_vdd1v0 
DFFRHQX1           1     6.156    slow_vdd1v0 
DFFRX1             1     6.840    slow_vdd1v0 
INVX1            260   177.840    slow_vdd1v0 
INVXL              5     3.420    slow_vdd1v0 
NAND2BX1          17    23.256    slow_vdd1v0 
NAND2BXL           3     4.104    slow_vdd1v0 
NAND2X1           38    38.988    slow_vdd1v0 
NAND2XL            6     6.156    slow_vdd1v0 
NAND3BXL          12    20.520    slow_vdd1v0 
NAND3X1            5     8.550    slow_vdd1v0 
NAND4BBXL          1     3.078    slow_vdd1v0 
NAND4BX1           5    11.970    slow_vdd1v0 
NAND4BXL           1     2.394    slow_vdd1v0 
NAND4X1            1     2.052    slow_vdd1v0 
NAND4XL           12    20.520    slow_vdd1v0 
NOR2BX1          141   192.888    slow_vdd1v0 
NOR2X1            62    63.612    slow_vdd1v0 
NOR2XL            10    10.260    slow_vdd1v0 
NOR3BX1            1     2.052    slow_vdd1v0 
NOR3X1             7    11.970    slow_vdd1v0 
NOR4BBX1           1     2.736    slow_vdd1v0 
NOR4BX1            9    21.546    slow_vdd1v0 
NOR4X1            26    44.460    slow_vdd1v0 
OA21X1             3     6.156    slow_vdd1v0 
OAI211X1          97   165.870    slow_vdd1v0 
OAI21X1           27    46.170    slow_vdd1v0 
OAI22X1            2     4.104    slow_vdd1v0 
OAI2BB1X1         22    37.620    slow_vdd1v0 
OAI31X1            7    14.364    slow_vdd1v0 
OR2X1              1     1.368    slow_vdd1v0 
OR2XL              5     6.840    slow_vdd1v0 
OR3XL              1     2.052    slow_vdd1v0 
OR4X1              7    14.364    slow_vdd1v0 
----------------------------------------------
total           1234  2727.108                


                                         
     Type      Instances   Area   Area % 
-----------------------------------------
sequential           265 1452.132   53.2 
inverter             265  181.260    6.6 
logic                704 1093.716   40.1 
physical_cells         0    0.000    0.0 
-----------------------------------------
total               1234 2727.108  100.0 

