============================================================
  Generated by:           Genus(TM) Synthesis Solution 23.14-s090_1
  Generated on:           Aug 21 2026  02:45:47 am
  Module:                 aer_pending_direct_gray_sync_core_reset
  Technology library:     typical 1.0
  Operating conditions:   typical (balanced_tree)
  Wireload mode:          enclosed
  Area mode:              timing library
============================================================

                               
   Gate    Instances    Area     Library  
------------------------------------------
AOI21X1            4    53.222    typical 
AOI21XL           32   425.779    typical 
AOI22X1           13   216.216    typical 
AOI2BB1X1         15   249.480    typical 
AOI2BB1XL          5    83.160    typical 
BUFX3              2    26.611    typical 
DFFHQX1           37  1969.229    typical 
DFFRHQX1           2   139.709    typical 
DFFTRX1           16   904.781    typical 
DFFX1             20  1130.976    typical 
INVX1             11    73.181    typical 
INVXL              2    13.306    typical 
MXI2X1             1    23.285    typical 
MXI2XL             1    23.285    typical 
NAND2X1           14   139.709    typical 
NAND3X1            1    13.306    typical 
NOR2BX1            1    13.306    typical 
NOR2BXL           16   212.890    typical 
NOR2X1             7    69.854    typical 
NOR2XL             2    19.958    typical 
NOR3X1             1    13.306    typical 
OAI21XL            7    93.139    typical 
OAI221XL           4    93.139    typical 
OAI22X1            6   119.750    typical 
OAI2BB2X1          8   186.278    typical 
OAI2BB2XL          1    23.285    typical 
OR2X2              2    26.611    typical 
XOR2X1             1    26.611    typical 
------------------------------------------
total            232  6383.362            


                                         
     Type      Instances   Area   Area % 
-----------------------------------------
sequential            75 4144.694   64.9 
inverter              13   86.486    1.4 
buffer                 2   26.611    0.4 
logic                142 2125.570   33.3 
physical_cells         0    0.000    0.0 
-----------------------------------------
total                232 6383.362  100.0 

