============================================================
  Generated by:           Genus(TM) Synthesis Solution 23.14-s090_1
  Generated on:           Aug 21 2026  02:45:47 am
  Module:                 aer_pending_direct_gray_sync_core_reset
  Operating conditions:   typical (balanced_tree)
  Wireload mode:          enclosed
  Area mode:              timing library
============================================================

Timing
--------

Clock  Period 
--------------
clk   10000.0 


  Cost    Critical         Violating 
 Group   Path Slack  TNS     Paths   
-------------------------------------
clk          6656.9   0.0          0 
default    No paths   0.0            
-------------------------------------
Total                 0.0          0 

Instance Count
--------------
Leaf Instance Count             232 
Physical Instance count           0 
Sequential Instance Count        75 
Combinational Instance Count    157 
Hierarchical Instance Count       0 

Area
----
Cell Area                          6383.362
Physical Cell Area                 0.000
Total Cell Area (Cell+Physical)    6383.362
Net Area                           0.000
Total Area (Cell+Physical+Net)     6383.362

Max Fanout                         75 (clk)
Min Fanout                         0 (rst_n)
Average Fanout                     2.3
Terms to net ratio                 3.2103
Terms to instance ratio            3.7500
Runtime                            29.77307 seconds
Elapsed Runtime                    29 seconds
Genus peak memory usage            1592.40 
Innovus peak memory usage          no_value 
Hostname                           <REMOTE_HOST>
