Copyright 1986-2020 Xilinx, Inc. All Rights Reserved.
-------------------------------------------------------------------------------------------------------------------------------------------------------------------------
| Tool Version : Vivado v.2020.2 (win64) Build 3064766 Wed Nov 18 09:12:45 MST 2020
| Date         : Fri Aug 21 04:32:00 2026
| Host         : <LOCAL_HOST> running 64-bit major release  (build 9200)
| Command      : report_timing -delay_type max -max_paths 20 -from [all_registers] -to [all_registers] -file reports/p9_epoch_variants/vivado_boolean/reg2reg_timing.rpt
| Design       : aer_pending_direct_gray_oht_epoch_boolean
| Device       : 7a35t-cpg236
| Speed File   : -1  PRODUCTION 1.23 2018-06-13
-------------------------------------------------------------------------------------------------------------------------------------------------------------------------

Timing Report

Slack (MET) :             4.747ns  (required time - arrival time)
  Source:                 core/req_sync_q_reg[1]/C
                            (rising edge-triggered cell FDRE clocked by clk  {rise@0.000ns fall@5.000ns period=10.000ns})
  Destination:            core/out_addr_q_reg[0]/D
                            (rising edge-triggered cell FDRE clocked by clk  {rise@0.000ns fall@5.000ns period=10.000ns})
  Path Group:             clk
  Path Type:              Setup (Max at Slow Process Corner)
  Requirement:            10.000ns  (clk rise@10.000ns - clk rise@0.000ns)
  Data Path Delay:        5.102ns  (logic 1.123ns (22.011%)  route 3.979ns (77.989%))
  Logic Levels:           4  (LUT5=1 LUT6=3)
  Clock Path Skew:        -0.145ns (DCD - SCD + CPR)
    Destination Clock Delay (DCD):    2.079ns = ( 12.079 - 10.000 ) 
    Source Clock Delay      (SCD):    2.402ns
    Clock Pessimism Removal (CPR):    0.178ns
  Clock Uncertainty:      0.035ns  ((TSJ^2 + TIJ^2)^1/2 + DJ) / 2 + PE
    Total System Jitter     (TSJ):    0.071ns
    Total Input Jitter      (TIJ):    0.000ns
    Discrete Jitter          (DJ):    0.000ns
    Phase Error              (PE):    0.000ns

    Location             Delay type                Incr(ns)  Path(ns)    Netlist Resource(s)
  -------------------------------------------------------------------    -------------------
                         (clock clk rise edge)        0.000     0.000 r  
                                                      0.000     0.000 r  clk (IN)
                         net (fo=0)                   0.000     0.000    clk
                         IBUF (Prop_ibuf_I_O)         0.923     0.923 r  clk_IBUF_inst/O
                         net (fo=1, unplaced)         0.800     1.722    clk_IBUF
                         BUFG (Prop_bufg_I_O)         0.096     1.818 r  clk_IBUF_BUFG_inst/O
                         net (fo=75, unplaced)        0.584     2.402    core/CLK
                         FDRE                                         r  core/req_sync_q_reg[1]/C
  -------------------------------------------------------------------    -------------------
                         FDRE (Prop_fdre_C_Q)         0.456     2.858 f  core/req_sync_q_reg[1]/Q
                         net (fo=3, unplaced)         0.983     3.841    core/req_sync_q[1]
                         LUT6 (Prop_lut6_I0_O)        0.295     4.136 r  core/out_addr_q[3]_i_5/O
                         net (fo=10, unplaced)        0.945     5.081    core/out_addr_q[3]_i_5_n_0
                         LUT5 (Prop_lut5_I1_O)        0.124     5.205 f  core/out_addr_q[2]_i_2/O
                         net (fo=8, unplaced)         0.940     6.145    core/out_addr_q[2]_i_2_n_0
                         LUT6 (Prop_lut6_I3_O)        0.124     6.269 r  core/out_addr_q[0]_i_3/O
                         net (fo=1, unplaced)         1.111     7.380    core/out_addr_q[0]_i_3_n_0
                         LUT6 (Prop_lut6_I1_O)        0.124     7.504 r  core/out_addr_q[0]_i_1/O
                         net (fo=1, unplaced)         0.000     7.504    core/out_addr_q[0]_i_1_n_0
                         FDRE                                         r  core/out_addr_q_reg[0]/D
  -------------------------------------------------------------------    -------------------

                         (clock clk rise edge)       10.000    10.000 r  
                                                      0.000    10.000 r  clk (IN)
                         net (fo=0)                   0.000    10.000    clk
                         IBUF (Prop_ibuf_I_O)         0.789    10.789 r  clk_IBUF_inst/O
                         net (fo=1, unplaced)         0.760    11.549    clk_IBUF
                         BUFG (Prop_bufg_I_O)         0.091    11.640 r  clk_IBUF_BUFG_inst/O
                         net (fo=75, unplaced)        0.439    12.079    core/CLK
                         FDRE                                         r  core/out_addr_q_reg[0]/C
                         clock pessimism              0.178    12.257    
                         clock uncertainty           -0.035    12.222    
                         FDRE (Setup_fdre_C_D)        0.029    12.251    core/out_addr_q_reg[0]
  -------------------------------------------------------------------
                         required time                         12.251    
                         arrival time                          -7.504    
  -------------------------------------------------------------------
                         slack                                  4.747    

Slack (MET) :             5.421ns  (required time - arrival time)
  Source:                 core/req_sync_q_reg[1]/C
                            (rising edge-triggered cell FDRE clocked by clk  {rise@0.000ns fall@5.000ns period=10.000ns})
  Destination:            core/out_addr_q_reg[1]/D
                            (rising edge-triggered cell FDRE clocked by clk  {rise@0.000ns fall@5.000ns period=10.000ns})
  Path Group:             clk
  Path Type:              Setup (Max at Slow Process Corner)
  Requirement:            10.000ns  (clk rise@10.000ns - clk rise@0.000ns)
  Data Path Delay:        4.428ns  (logic 1.123ns (25.361%)  route 3.305ns (74.639%))
  Logic Levels:           4  (LUT4=1 LUT5=1 LUT6=2)
  Clock Path Skew:        -0.145ns (DCD - SCD + CPR)
    Destination Clock Delay (DCD):    2.079ns = ( 12.079 - 10.000 ) 
    Source Clock Delay      (SCD):    2.402ns
    Clock Pessimism Removal (CPR):    0.178ns
  Clock Uncertainty:      0.035ns  ((TSJ^2 + TIJ^2)^1/2 + DJ) / 2 + PE
    Total System Jitter     (TSJ):    0.071ns
    Total Input Jitter      (TIJ):    0.000ns
    Discrete Jitter          (DJ):    0.000ns
    Phase Error              (PE):    0.000ns

    Location             Delay type                Incr(ns)  Path(ns)    Netlist Resource(s)
  -------------------------------------------------------------------    -------------------
                         (clock clk rise edge)        0.000     0.000 r  
                                                      0.000     0.000 r  clk (IN)
                         net (fo=0)                   0.000     0.000    clk
                         IBUF (Prop_ibuf_I_O)         0.923     0.923 r  clk_IBUF_inst/O
                         net (fo=1, unplaced)         0.800     1.722    clk_IBUF
                         BUFG (Prop_bufg_I_O)         0.096     1.818 r  clk_IBUF_BUFG_inst/O
                         net (fo=75, unplaced)        0.584     2.402    core/CLK
                         FDRE                                         r  core/req_sync_q_reg[1]/C
  -------------------------------------------------------------------    -------------------
                         FDRE (Prop_fdre_C_Q)         0.456     2.858 f  core/req_sync_q_reg[1]/Q
                         net (fo=3, unplaced)         0.983     3.841    core/req_sync_q[1]
                         LUT6 (Prop_lut6_I0_O)        0.295     4.136 r  core/out_addr_q[3]_i_5/O
                         net (fo=10, unplaced)        0.945     5.081    core/out_addr_q[3]_i_5_n_0
                         LUT5 (Prop_lut5_I1_O)        0.124     5.205 f  core/out_addr_q[2]_i_2/O
                         net (fo=8, unplaced)         0.457     5.662    core/out_addr_q[2]_i_2_n_0
                         LUT6 (Prop_lut6_I0_O)        0.124     5.786 r  core/pending_q[11]_i_2/O
                         net (fo=3, unplaced)         0.920     6.706    core/pending_q[11]_i_2_n_0
                         LUT4 (Prop_lut4_I1_O)        0.124     6.830 r  core/out_addr_q[1]_i_1/O
                         net (fo=1, unplaced)         0.000     6.830    core/selected_addr[1]
                         FDRE                                         r  core/out_addr_q_reg[1]/D
  -------------------------------------------------------------------    -------------------

                         (clock clk rise edge)       10.000    10.000 r  
                                                      0.000    10.000 r  clk (IN)
                         net (fo=0)                   0.000    10.000    clk
                         IBUF (Prop_ibuf_I_O)         0.789    10.789 r  clk_IBUF_inst/O
                         net (fo=1, unplaced)         0.760    11.549    clk_IBUF
                         BUFG (Prop_bufg_I_O)         0.091    11.640 r  clk_IBUF_BUFG_inst/O
                         net (fo=75, unplaced)        0.439    12.079    core/CLK
                         FDRE                                         r  core/out_addr_q_reg[1]/C
                         clock pessimism              0.178    12.257    
                         clock uncertainty           -0.035    12.222    
                         FDRE (Setup_fdre_C_D)        0.029    12.251    core/out_addr_q_reg[1]
  -------------------------------------------------------------------
                         required time                         12.251    
                         arrival time                          -6.830    
  -------------------------------------------------------------------
                         slack                                  5.421    

Slack (MET) :             5.722ns  (required time - arrival time)
  Source:                 core/req_sync_q_reg[15]/C
                            (rising edge-triggered cell FDRE clocked by clk  {rise@0.000ns fall@5.000ns period=10.000ns})
  Destination:            core/out_addr_q_reg[0]/CE
                            (rising edge-triggered cell FDRE clocked by clk  {rise@0.000ns fall@5.000ns period=10.000ns})
  Path Group:             clk
  Path Type:              Setup (Max at Slow Process Corner)
  Requirement:            10.000ns  (clk rise@10.000ns - clk rise@0.000ns)
  Data Path Delay:        3.896ns  (logic 0.999ns (25.642%)  route 2.897ns (74.358%))
  Logic Levels:           3  (LUT4=1 LUT6=2)
  Clock Path Skew:        -0.145ns (DCD - SCD + CPR)
    Destination Clock Delay (DCD):    2.079ns = ( 12.079 - 10.000 ) 
    Source Clock Delay      (SCD):    2.402ns
    Clock Pessimism Removal (CPR):    0.178ns
  Clock Uncertainty:      0.035ns  ((TSJ^2 + TIJ^2)^1/2 + DJ) / 2 + PE
    Total System Jitter     (TSJ):    0.071ns
    Total Input Jitter      (TIJ):    0.000ns
    Discrete Jitter          (DJ):    0.000ns
    Phase Error              (PE):    0.000ns

    Location             Delay type                Incr(ns)  Path(ns)    Netlist Resource(s)
  -------------------------------------------------------------------    -------------------
                         (clock clk rise edge)        0.000     0.000 r  
                                                      0.000     0.000 r  clk (IN)
                         net (fo=0)                   0.000     0.000    clk
                         IBUF (Prop_ibuf_I_O)         0.923     0.923 r  clk_IBUF_inst/O
                         net (fo=1, unplaced)         0.800     1.722    clk_IBUF
                         BUFG (Prop_bufg_I_O)         0.096     1.818 r  clk_IBUF_BUFG_inst/O
                         net (fo=75, unplaced)        0.584     2.402    core/CLK
                         FDRE                                         r  core/req_sync_q_reg[15]/C
  -------------------------------------------------------------------    -------------------
                         FDRE (Prop_fdre_C_Q)         0.456     2.858 r  core/req_sync_q_reg[15]/Q
                         net (fo=3, unplaced)         0.983     3.841    core/req_sync_q[15]
                         LUT6 (Prop_lut6_I0_O)        0.295     4.136 f  core/pending_q[15]_i_7/O
                         net (fo=5, unplaced)         0.930     5.066    core/pending_q[15]_i_7_n_0
                         LUT4 (Prop_lut4_I1_O)        0.124     5.190 f  core/out_addr_q[3]_i_3/O
                         net (fo=4, unplaced)         0.473     5.663    core/out_addr_q[3]_i_3_n_0
                         LUT6 (Prop_lut6_I5_O)        0.124     5.787 r  core/epoch_gray_q[3]_i_3/O
                         net (fo=8, unplaced)         0.511     6.298    core/out_addr_d
                         FDRE                                         r  core/out_addr_q_reg[0]/CE
  -------------------------------------------------------------------    -------------------

                         (clock clk rise edge)       10.000    10.000 r  
                                                      0.000    10.000 r  clk (IN)
                         net (fo=0)                   0.000    10.000    clk
                         IBUF (Prop_ibuf_I_O)         0.789    10.789 r  clk_IBUF_inst/O
                         net (fo=1, unplaced)         0.760    11.549    clk_IBUF
                         BUFG (Prop_bufg_I_O)         0.091    11.640 r  clk_IBUF_BUFG_inst/O
                         net (fo=75, unplaced)        0.439    12.079    core/CLK
                         FDRE                                         r  core/out_addr_q_reg[0]/C
                         clock pessimism              0.178    12.257    
                         clock uncertainty           -0.035    12.222    
                         FDRE (Setup_fdre_C_CE)      -0.202    12.020    core/out_addr_q_reg[0]
  -------------------------------------------------------------------
                         required time                         12.020    
                         arrival time                          -6.298    
  -------------------------------------------------------------------
                         slack                                  5.722    

Slack (MET) :             5.722ns  (required time - arrival time)
  Source:                 core/req_sync_q_reg[15]/C
                            (rising edge-triggered cell FDRE clocked by clk  {rise@0.000ns fall@5.000ns period=10.000ns})
  Destination:            core/out_addr_q_reg[1]/CE
                            (rising edge-triggered cell FDRE clocked by clk  {rise@0.000ns fall@5.000ns period=10.000ns})
  Path Group:             clk
  Path Type:              Setup (Max at Slow Process Corner)
  Requirement:            10.000ns  (clk rise@10.000ns - clk rise@0.000ns)
  Data Path Delay:        3.896ns  (logic 0.999ns (25.642%)  route 2.897ns (74.358%))
  Logic Levels:           3  (LUT4=1 LUT6=2)
  Clock Path Skew:        -0.145ns (DCD - SCD + CPR)
    Destination Clock Delay (DCD):    2.079ns = ( 12.079 - 10.000 ) 
    Source Clock Delay      (SCD):    2.402ns
    Clock Pessimism Removal (CPR):    0.178ns
  Clock Uncertainty:      0.035ns  ((TSJ^2 + TIJ^2)^1/2 + DJ) / 2 + PE
    Total System Jitter     (TSJ):    0.071ns
    Total Input Jitter      (TIJ):    0.000ns
    Discrete Jitter          (DJ):    0.000ns
    Phase Error              (PE):    0.000ns

    Location             Delay type                Incr(ns)  Path(ns)    Netlist Resource(s)
  -------------------------------------------------------------------    -------------------
                         (clock clk rise edge)        0.000     0.000 r  
                                                      0.000     0.000 r  clk (IN)
                         net (fo=0)                   0.000     0.000    clk
                         IBUF (Prop_ibuf_I_O)         0.923     0.923 r  clk_IBUF_inst/O
                         net (fo=1, unplaced)         0.800     1.722    clk_IBUF
                         BUFG (Prop_bufg_I_O)         0.096     1.818 r  clk_IBUF_BUFG_inst/O
                         net (fo=75, unplaced)        0.584     2.402    core/CLK
                         FDRE                                         r  core/req_sync_q_reg[15]/C
  -------------------------------------------------------------------    -------------------
                         FDRE (Prop_fdre_C_Q)         0.456     2.858 r  core/req_sync_q_reg[15]/Q
                         net (fo=3, unplaced)         0.983     3.841    core/req_sync_q[15]
                         LUT6 (Prop_lut6_I0_O)        0.295     4.136 f  core/pending_q[15]_i_7/O
                         net (fo=5, unplaced)         0.930     5.066    core/pending_q[15]_i_7_n_0
                         LUT4 (Prop_lut4_I1_O)        0.124     5.190 f  core/out_addr_q[3]_i_3/O
                         net (fo=4, unplaced)         0.473     5.663    core/out_addr_q[3]_i_3_n_0
                         LUT6 (Prop_lut6_I5_O)        0.124     5.787 r  core/epoch_gray_q[3]_i_3/O
                         net (fo=8, unplaced)         0.511     6.298    core/out_addr_d
                         FDRE                                         r  core/out_addr_q_reg[1]/CE
  -------------------------------------------------------------------    -------------------

                         (clock clk rise edge)       10.000    10.000 r  
                                                      0.000    10.000 r  clk (IN)
                         net (fo=0)                   0.000    10.000    clk
                         IBUF (Prop_ibuf_I_O)         0.789    10.789 r  clk_IBUF_inst/O
                         net (fo=1, unplaced)         0.760    11.549    clk_IBUF
                         BUFG (Prop_bufg_I_O)         0.091    11.640 r  clk_IBUF_BUFG_inst/O
                         net (fo=75, unplaced)        0.439    12.079    core/CLK
                         FDRE                                         r  core/out_addr_q_reg[1]/C
                         clock pessimism              0.178    12.257    
                         clock uncertainty           -0.035    12.222    
                         FDRE (Setup_fdre_C_CE)      -0.202    12.020    core/out_addr_q_reg[1]
  -------------------------------------------------------------------
                         required time                         12.020    
                         arrival time                          -6.298    
  -------------------------------------------------------------------
                         slack                                  5.722    

Slack (MET) :             5.722ns  (required time - arrival time)
  Source:                 core/req_sync_q_reg[15]/C
                            (rising edge-triggered cell FDRE clocked by clk  {rise@0.000ns fall@5.000ns period=10.000ns})
  Destination:            core/out_addr_q_reg[2]/CE
                            (rising edge-triggered cell FDRE clocked by clk  {rise@0.000ns fall@5.000ns period=10.000ns})
  Path Group:             clk
  Path Type:              Setup (Max at Slow Process Corner)
  Requirement:            10.000ns  (clk rise@10.000ns - clk rise@0.000ns)
  Data Path Delay:        3.896ns  (logic 0.999ns (25.642%)  route 2.897ns (74.358%))
  Logic Levels:           3  (LUT4=1 LUT6=2)
  Clock Path Skew:        -0.145ns (DCD - SCD + CPR)
    Destination Clock Delay (DCD):    2.079ns = ( 12.079 - 10.000 ) 
    Source Clock Delay      (SCD):    2.402ns
    Clock Pessimism Removal (CPR):    0.178ns
  Clock Uncertainty:      0.035ns  ((TSJ^2 + TIJ^2)^1/2 + DJ) / 2 + PE
    Total System Jitter     (TSJ):    0.071ns
    Total Input Jitter      (TIJ):    0.000ns
    Discrete Jitter          (DJ):    0.000ns
    Phase Error              (PE):    0.000ns

    Location             Delay type                Incr(ns)  Path(ns)    Netlist Resource(s)
  -------------------------------------------------------------------    -------------------
                         (clock clk rise edge)        0.000     0.000 r  
                                                      0.000     0.000 r  clk (IN)
                         net (fo=0)                   0.000     0.000    clk
                         IBUF (Prop_ibuf_I_O)         0.923     0.923 r  clk_IBUF_inst/O
                         net (fo=1, unplaced)         0.800     1.722    clk_IBUF
                         BUFG (Prop_bufg_I_O)         0.096     1.818 r  clk_IBUF_BUFG_inst/O
                         net (fo=75, unplaced)        0.584     2.402    core/CLK
                         FDRE                                         r  core/req_sync_q_reg[15]/C
  -------------------------------------------------------------------    -------------------
                         FDRE (Prop_fdre_C_Q)         0.456     2.858 r  core/req_sync_q_reg[15]/Q
                         net (fo=3, unplaced)         0.983     3.841    core/req_sync_q[15]
                         LUT6 (Prop_lut6_I0_O)        0.295     4.136 f  core/pending_q[15]_i_7/O
                         net (fo=5, unplaced)         0.930     5.066    core/pending_q[15]_i_7_n_0
                         LUT4 (Prop_lut4_I1_O)        0.124     5.190 f  core/out_addr_q[3]_i_3/O
                         net (fo=4, unplaced)         0.473     5.663    core/out_addr_q[3]_i_3_n_0
                         LUT6 (Prop_lut6_I5_O)        0.124     5.787 r  core/epoch_gray_q[3]_i_3/O
                         net (fo=8, unplaced)         0.511     6.298    core/out_addr_d
                         FDRE                                         r  core/out_addr_q_reg[2]/CE
  -------------------------------------------------------------------    -------------------

                         (clock clk rise edge)       10.000    10.000 r  
                                                      0.000    10.000 r  clk (IN)
                         net (fo=0)                   0.000    10.000    clk
                         IBUF (Prop_ibuf_I_O)         0.789    10.789 r  clk_IBUF_inst/O
                         net (fo=1, unplaced)         0.760    11.549    clk_IBUF
                         BUFG (Prop_bufg_I_O)         0.091    11.640 r  clk_IBUF_BUFG_inst/O
                         net (fo=75, unplaced)        0.439    12.079    core/CLK
                         FDRE                                         r  core/out_addr_q_reg[2]/C
                         clock pessimism              0.178    12.257    
                         clock uncertainty           -0.035    12.222    
                         FDRE (Setup_fdre_C_CE)      -0.202    12.020    core/out_addr_q_reg[2]
  -------------------------------------------------------------------
                         required time                         12.020    
                         arrival time                          -6.298    
  -------------------------------------------------------------------
                         slack                                  5.722    

Slack (MET) :             5.722ns  (required time - arrival time)
  Source:                 core/req_sync_q_reg[15]/C
                            (rising edge-triggered cell FDRE clocked by clk  {rise@0.000ns fall@5.000ns period=10.000ns})
  Destination:            core/out_addr_q_reg[3]/CE
                            (rising edge-triggered cell FDRE clocked by clk  {rise@0.000ns fall@5.000ns period=10.000ns})
  Path Group:             clk
  Path Type:              Setup (Max at Slow Process Corner)
  Requirement:            10.000ns  (clk rise@10.000ns - clk rise@0.000ns)
  Data Path Delay:        3.896ns  (logic 0.999ns (25.642%)  route 2.897ns (74.358%))
  Logic Levels:           3  (LUT4=1 LUT6=2)
  Clock Path Skew:        -0.145ns (DCD - SCD + CPR)
    Destination Clock Delay (DCD):    2.079ns = ( 12.079 - 10.000 ) 
    Source Clock Delay      (SCD):    2.402ns
    Clock Pessimism Removal (CPR):    0.178ns
  Clock Uncertainty:      0.035ns  ((TSJ^2 + TIJ^2)^1/2 + DJ) / 2 + PE
    Total System Jitter     (TSJ):    0.071ns
    Total Input Jitter      (TIJ):    0.000ns
    Discrete Jitter          (DJ):    0.000ns
    Phase Error              (PE):    0.000ns

    Location             Delay type                Incr(ns)  Path(ns)    Netlist Resource(s)
  -------------------------------------------------------------------    -------------------
                         (clock clk rise edge)        0.000     0.000 r  
                                                      0.000     0.000 r  clk (IN)
                         net (fo=0)                   0.000     0.000    clk
                         IBUF (Prop_ibuf_I_O)         0.923     0.923 r  clk_IBUF_inst/O
                         net (fo=1, unplaced)         0.800     1.722    clk_IBUF
                         BUFG (Prop_bufg_I_O)         0.096     1.818 r  clk_IBUF_BUFG_inst/O
                         net (fo=75, unplaced)        0.584     2.402    core/CLK
                         FDRE                                         r  core/req_sync_q_reg[15]/C
  -------------------------------------------------------------------    -------------------
                         FDRE (Prop_fdre_C_Q)         0.456     2.858 r  core/req_sync_q_reg[15]/Q
                         net (fo=3, unplaced)         0.983     3.841    core/req_sync_q[15]
                         LUT6 (Prop_lut6_I0_O)        0.295     4.136 f  core/pending_q[15]_i_7/O
                         net (fo=5, unplaced)         0.930     5.066    core/pending_q[15]_i_7_n_0
                         LUT4 (Prop_lut4_I1_O)        0.124     5.190 f  core/out_addr_q[3]_i_3/O
                         net (fo=4, unplaced)         0.473     5.663    core/out_addr_q[3]_i_3_n_0
                         LUT6 (Prop_lut6_I5_O)        0.124     5.787 r  core/epoch_gray_q[3]_i_3/O
                         net (fo=8, unplaced)         0.511     6.298    core/out_addr_d
                         FDRE                                         r  core/out_addr_q_reg[3]/CE
  -------------------------------------------------------------------    -------------------

                         (clock clk rise edge)       10.000    10.000 r  
                                                      0.000    10.000 r  clk (IN)
                         net (fo=0)                   0.000    10.000    clk
                         IBUF (Prop_ibuf_I_O)         0.789    10.789 r  clk_IBUF_inst/O
                         net (fo=1, unplaced)         0.760    11.549    clk_IBUF
                         BUFG (Prop_bufg_I_O)         0.091    11.640 r  clk_IBUF_BUFG_inst/O
                         net (fo=75, unplaced)        0.439    12.079    core/CLK
                         FDRE                                         r  core/out_addr_q_reg[3]/C
                         clock pessimism              0.178    12.257    
                         clock uncertainty           -0.035    12.222    
                         FDRE (Setup_fdre_C_CE)      -0.202    12.020    core/out_addr_q_reg[3]
  -------------------------------------------------------------------
                         required time                         12.020    
                         arrival time                          -6.298    
  -------------------------------------------------------------------
                         slack                                  5.722    

Slack (MET) :             5.829ns  (required time - arrival time)
  Source:                 core/req_sync_q_reg[9]/C
                            (rising edge-triggered cell FDRE clocked by clk  {rise@0.000ns fall@5.000ns period=10.000ns})
  Destination:            core/pending_q_reg[2]/D
                            (rising edge-triggered cell FDRE clocked by clk  {rise@0.000ns fall@5.000ns period=10.000ns})
  Path Group:             clk
  Path Type:              Setup (Max at Slow Process Corner)
  Requirement:            10.000ns  (clk rise@10.000ns - clk rise@0.000ns)
  Data Path Delay:        4.020ns  (logic 1.149ns (28.582%)  route 2.871ns (71.418%))
  Logic Levels:           4  (LUT5=1 LUT6=3)
  Clock Path Skew:        -0.145ns (DCD - SCD + CPR)
    Destination Clock Delay (DCD):    2.079ns = ( 12.079 - 10.000 ) 
    Source Clock Delay      (SCD):    2.402ns
    Clock Pessimism Removal (CPR):    0.178ns
  Clock Uncertainty:      0.035ns  ((TSJ^2 + TIJ^2)^1/2 + DJ) / 2 + PE
    Total System Jitter     (TSJ):    0.071ns
    Total Input Jitter      (TIJ):    0.000ns
    Discrete Jitter          (DJ):    0.000ns
    Phase Error              (PE):    0.000ns

    Location             Delay type                Incr(ns)  Path(ns)    Netlist Resource(s)
  -------------------------------------------------------------------    -------------------
                         (clock clk rise edge)        0.000     0.000 r  
                                                      0.000     0.000 r  clk (IN)
                         net (fo=0)                   0.000     0.000    clk
                         IBUF (Prop_ibuf_I_O)         0.923     0.923 r  clk_IBUF_inst/O
                         net (fo=1, unplaced)         0.800     1.722    clk_IBUF
                         BUFG (Prop_bufg_I_O)         0.096     1.818 r  clk_IBUF_BUFG_inst/O
                         net (fo=75, unplaced)        0.584     2.402    core/CLK
                         FDRE                                         r  core/req_sync_q_reg[9]/C
  -------------------------------------------------------------------    -------------------
                         FDRE (Prop_fdre_C_Q)         0.456     2.858 r  core/req_sync_q_reg[9]/Q
                         net (fo=3, unplaced)         0.983     3.841    core/req_sync_q[9]
                         LUT6 (Prop_lut6_I0_O)        0.295     4.136 f  core/out_addr_q[2]_i_5/O
                         net (fo=8, unplaced)         0.940     5.076    core/out_addr_q[2]_i_5_n_0
                         LUT5 (Prop_lut5_I1_O)        0.150     5.226 f  core/pending_q[7]_i_6/O
                         net (fo=6, unplaced)         0.481     5.707    core/pending_q[7]_i_6_n_0
                         LUT6 (Prop_lut6_I2_O)        0.124     5.831 f  core/pending_q[3]_i_2/O
                         net (fo=3, unplaced)         0.467     6.298    core/pending_q[3]_i_2_n_0
                         LUT6 (Prop_lut6_I5_O)        0.124     6.422 r  core/pending_q[2]_i_1/O
                         net (fo=1, unplaced)         0.000     6.422    core/pending_d[2]
                         FDRE                                         r  core/pending_q_reg[2]/D
  -------------------------------------------------------------------    -------------------

                         (clock clk rise edge)       10.000    10.000 r  
                                                      0.000    10.000 r  clk (IN)
                         net (fo=0)                   0.000    10.000    clk
                         IBUF (Prop_ibuf_I_O)         0.789    10.789 r  clk_IBUF_inst/O
                         net (fo=1, unplaced)         0.760    11.549    clk_IBUF
                         BUFG (Prop_bufg_I_O)         0.091    11.640 r  clk_IBUF_BUFG_inst/O
                         net (fo=75, unplaced)        0.439    12.079    core/CLK
                         FDRE                                         r  core/pending_q_reg[2]/C
                         clock pessimism              0.178    12.257    
                         clock uncertainty           -0.035    12.222    
                         FDRE (Setup_fdre_C_D)        0.029    12.251    core/pending_q_reg[2]
  -------------------------------------------------------------------
                         required time                         12.251    
                         arrival time                          -6.422    
  -------------------------------------------------------------------
                         slack                                  5.829    

Slack (MET) :             5.829ns  (required time - arrival time)
  Source:                 core/req_sync_q_reg[9]/C
                            (rising edge-triggered cell FDRE clocked by clk  {rise@0.000ns fall@5.000ns period=10.000ns})
  Destination:            core/pending_q_reg[3]/D
                            (rising edge-triggered cell FDRE clocked by clk  {rise@0.000ns fall@5.000ns period=10.000ns})
  Path Group:             clk
  Path Type:              Setup (Max at Slow Process Corner)
  Requirement:            10.000ns  (clk rise@10.000ns - clk rise@0.000ns)
  Data Path Delay:        4.020ns  (logic 1.149ns (28.582%)  route 2.871ns (71.418%))
  Logic Levels:           4  (LUT5=1 LUT6=3)
  Clock Path Skew:        -0.145ns (DCD - SCD + CPR)
    Destination Clock Delay (DCD):    2.079ns = ( 12.079 - 10.000 ) 
    Source Clock Delay      (SCD):    2.402ns
    Clock Pessimism Removal (CPR):    0.178ns
  Clock Uncertainty:      0.035ns  ((TSJ^2 + TIJ^2)^1/2 + DJ) / 2 + PE
    Total System Jitter     (TSJ):    0.071ns
    Total Input Jitter      (TIJ):    0.000ns
    Discrete Jitter          (DJ):    0.000ns
    Phase Error              (PE):    0.000ns

    Location             Delay type                Incr(ns)  Path(ns)    Netlist Resource(s)
  -------------------------------------------------------------------    -------------------
                         (clock clk rise edge)        0.000     0.000 r  
                                                      0.000     0.000 r  clk (IN)
                         net (fo=0)                   0.000     0.000    clk
                         IBUF (Prop_ibuf_I_O)         0.923     0.923 r  clk_IBUF_inst/O
                         net (fo=1, unplaced)         0.800     1.722    clk_IBUF
                         BUFG (Prop_bufg_I_O)         0.096     1.818 r  clk_IBUF_BUFG_inst/O
                         net (fo=75, unplaced)        0.584     2.402    core/CLK
                         FDRE                                         r  core/req_sync_q_reg[9]/C
  -------------------------------------------------------------------    -------------------
                         FDRE (Prop_fdre_C_Q)         0.456     2.858 r  core/req_sync_q_reg[9]/Q
                         net (fo=3, unplaced)         0.983     3.841    core/req_sync_q[9]
                         LUT6 (Prop_lut6_I0_O)        0.295     4.136 f  core/out_addr_q[2]_i_5/O
                         net (fo=8, unplaced)         0.940     5.076    core/out_addr_q[2]_i_5_n_0
                         LUT5 (Prop_lut5_I1_O)        0.150     5.226 f  core/pending_q[7]_i_6/O
                         net (fo=6, unplaced)         0.481     5.707    core/pending_q[7]_i_6_n_0
                         LUT6 (Prop_lut6_I2_O)        0.124     5.831 f  core/pending_q[3]_i_2/O
                         net (fo=3, unplaced)         0.467     6.298    core/pending_q[3]_i_2_n_0
                         LUT6 (Prop_lut6_I2_O)        0.124     6.422 r  core/pending_q[3]_i_1/O
                         net (fo=1, unplaced)         0.000     6.422    core/pending_d[3]
                         FDRE                                         r  core/pending_q_reg[3]/D
  -------------------------------------------------------------------    -------------------

                         (clock clk rise edge)       10.000    10.000 r  
                                                      0.000    10.000 r  clk (IN)
                         net (fo=0)                   0.000    10.000    clk
                         IBUF (Prop_ibuf_I_O)         0.789    10.789 r  clk_IBUF_inst/O
                         net (fo=1, unplaced)         0.760    11.549    clk_IBUF
                         BUFG (Prop_bufg_I_O)         0.091    11.640 r  clk_IBUF_BUFG_inst/O
                         net (fo=75, unplaced)        0.439    12.079    core/CLK
                         FDRE                                         r  core/pending_q_reg[3]/C
                         clock pessimism              0.178    12.257    
                         clock uncertainty           -0.035    12.222    
                         FDRE (Setup_fdre_C_D)        0.029    12.251    core/pending_q_reg[3]
  -------------------------------------------------------------------
                         required time                         12.251    
                         arrival time                          -6.422    
  -------------------------------------------------------------------
                         slack                                  5.829    

Slack (MET) :             5.829ns  (required time - arrival time)
  Source:                 core/req_sync_q_reg[9]/C
                            (rising edge-triggered cell FDRE clocked by clk  {rise@0.000ns fall@5.000ns period=10.000ns})
  Destination:            core/pending_q_reg[6]/D
                            (rising edge-triggered cell FDRE clocked by clk  {rise@0.000ns fall@5.000ns period=10.000ns})
  Path Group:             clk
  Path Type:              Setup (Max at Slow Process Corner)
  Requirement:            10.000ns  (clk rise@10.000ns - clk rise@0.000ns)
  Data Path Delay:        4.020ns  (logic 1.149ns (28.582%)  route 2.871ns (71.418%))
  Logic Levels:           4  (LUT5=1 LUT6=3)
  Clock Path Skew:        -0.145ns (DCD - SCD + CPR)
    Destination Clock Delay (DCD):    2.079ns = ( 12.079 - 10.000 ) 
    Source Clock Delay      (SCD):    2.402ns
    Clock Pessimism Removal (CPR):    0.178ns
  Clock Uncertainty:      0.035ns  ((TSJ^2 + TIJ^2)^1/2 + DJ) / 2 + PE
    Total System Jitter     (TSJ):    0.071ns
    Total Input Jitter      (TIJ):    0.000ns
    Discrete Jitter          (DJ):    0.000ns
    Phase Error              (PE):    0.000ns

    Location             Delay type                Incr(ns)  Path(ns)    Netlist Resource(s)
  -------------------------------------------------------------------    -------------------
                         (clock clk rise edge)        0.000     0.000 r  
                                                      0.000     0.000 r  clk (IN)
                         net (fo=0)                   0.000     0.000    clk
                         IBUF (Prop_ibuf_I_O)         0.923     0.923 r  clk_IBUF_inst/O
                         net (fo=1, unplaced)         0.800     1.722    clk_IBUF
                         BUFG (Prop_bufg_I_O)         0.096     1.818 r  clk_IBUF_BUFG_inst/O
                         net (fo=75, unplaced)        0.584     2.402    core/CLK
                         FDRE                                         r  core/req_sync_q_reg[9]/C
  -------------------------------------------------------------------    -------------------
                         FDRE (Prop_fdre_C_Q)         0.456     2.858 r  core/req_sync_q_reg[9]/Q
                         net (fo=3, unplaced)         0.983     3.841    core/req_sync_q[9]
                         LUT6 (Prop_lut6_I0_O)        0.295     4.136 f  core/out_addr_q[2]_i_5/O
                         net (fo=8, unplaced)         0.940     5.076    core/out_addr_q[2]_i_5_n_0
                         LUT5 (Prop_lut5_I1_O)        0.150     5.226 f  core/pending_q[7]_i_6/O
                         net (fo=6, unplaced)         0.481     5.707    core/pending_q[7]_i_6_n_0
                         LUT6 (Prop_lut6_I2_O)        0.124     5.831 f  core/pending_q[7]_i_2/O
                         net (fo=3, unplaced)         0.467     6.298    core/pending_q[7]_i_2_n_0
                         LUT6 (Prop_lut6_I5_O)        0.124     6.422 r  core/pending_q[6]_i_1/O
                         net (fo=1, unplaced)         0.000     6.422    core/pending_d[6]
                         FDRE                                         r  core/pending_q_reg[6]/D
  -------------------------------------------------------------------    -------------------

                         (clock clk rise edge)       10.000    10.000 r  
                                                      0.000    10.000 r  clk (IN)
                         net (fo=0)                   0.000    10.000    clk
                         IBUF (Prop_ibuf_I_O)         0.789    10.789 r  clk_IBUF_inst/O
                         net (fo=1, unplaced)         0.760    11.549    clk_IBUF
                         BUFG (Prop_bufg_I_O)         0.091    11.640 r  clk_IBUF_BUFG_inst/O
                         net (fo=75, unplaced)        0.439    12.079    core/CLK
                         FDRE                                         r  core/pending_q_reg[6]/C
                         clock pessimism              0.178    12.257    
                         clock uncertainty           -0.035    12.222    
                         FDRE (Setup_fdre_C_D)        0.029    12.251    core/pending_q_reg[6]
  -------------------------------------------------------------------
                         required time                         12.251    
                         arrival time                          -6.422    
  -------------------------------------------------------------------
                         slack                                  5.829    

Slack (MET) :             5.829ns  (required time - arrival time)
  Source:                 core/req_sync_q_reg[9]/C
                            (rising edge-triggered cell FDRE clocked by clk  {rise@0.000ns fall@5.000ns period=10.000ns})
  Destination:            core/pending_q_reg[7]/D
                            (rising edge-triggered cell FDRE clocked by clk  {rise@0.000ns fall@5.000ns period=10.000ns})
  Path Group:             clk
  Path Type:              Setup (Max at Slow Process Corner)
  Requirement:            10.000ns  (clk rise@10.000ns - clk rise@0.000ns)
  Data Path Delay:        4.020ns  (logic 1.149ns (28.582%)  route 2.871ns (71.418%))
  Logic Levels:           4  (LUT5=1 LUT6=3)
  Clock Path Skew:        -0.145ns (DCD - SCD + CPR)
    Destination Clock Delay (DCD):    2.079ns = ( 12.079 - 10.000 ) 
    Source Clock Delay      (SCD):    2.402ns
    Clock Pessimism Removal (CPR):    0.178ns
  Clock Uncertainty:      0.035ns  ((TSJ^2 + TIJ^2)^1/2 + DJ) / 2 + PE
    Total System Jitter     (TSJ):    0.071ns
    Total Input Jitter      (TIJ):    0.000ns
    Discrete Jitter          (DJ):    0.000ns
    Phase Error              (PE):    0.000ns

    Location             Delay type                Incr(ns)  Path(ns)    Netlist Resource(s)
  -------------------------------------------------------------------    -------------------
                         (clock clk rise edge)        0.000     0.000 r  
                                                      0.000     0.000 r  clk (IN)
                         net (fo=0)                   0.000     0.000    clk
                         IBUF (Prop_ibuf_I_O)         0.923     0.923 r  clk_IBUF_inst/O
                         net (fo=1, unplaced)         0.800     1.722    clk_IBUF
                         BUFG (Prop_bufg_I_O)         0.096     1.818 r  clk_IBUF_BUFG_inst/O
                         net (fo=75, unplaced)        0.584     2.402    core/CLK
                         FDRE                                         r  core/req_sync_q_reg[9]/C
  -------------------------------------------------------------------    -------------------
                         FDRE (Prop_fdre_C_Q)         0.456     2.858 r  core/req_sync_q_reg[9]/Q
                         net (fo=3, unplaced)         0.983     3.841    core/req_sync_q[9]
                         LUT6 (Prop_lut6_I0_O)        0.295     4.136 f  core/out_addr_q[2]_i_5/O
                         net (fo=8, unplaced)         0.940     5.076    core/out_addr_q[2]_i_5_n_0
                         LUT5 (Prop_lut5_I1_O)        0.150     5.226 f  core/pending_q[7]_i_6/O
                         net (fo=6, unplaced)         0.481     5.707    core/pending_q[7]_i_6_n_0
                         LUT6 (Prop_lut6_I2_O)        0.124     5.831 f  core/pending_q[7]_i_2/O
                         net (fo=3, unplaced)         0.467     6.298    core/pending_q[7]_i_2_n_0
                         LUT6 (Prop_lut6_I2_O)        0.124     6.422 r  core/pending_q[7]_i_1/O
                         net (fo=1, unplaced)         0.000     6.422    core/pending_d[7]
                         FDRE                                         r  core/pending_q_reg[7]/D
  -------------------------------------------------------------------    -------------------

                         (clock clk rise edge)       10.000    10.000 r  
                                                      0.000    10.000 r  clk (IN)
                         net (fo=0)                   0.000    10.000    clk
                         IBUF (Prop_ibuf_I_O)         0.789    10.789 r  clk_IBUF_inst/O
                         net (fo=1, unplaced)         0.760    11.549    clk_IBUF
                         BUFG (Prop_bufg_I_O)         0.091    11.640 r  clk_IBUF_BUFG_inst/O
                         net (fo=75, unplaced)        0.439    12.079    core/CLK
                         FDRE                                         r  core/pending_q_reg[7]/C
                         clock pessimism              0.178    12.257    
                         clock uncertainty           -0.035    12.222    
                         FDRE (Setup_fdre_C_D)        0.029    12.251    core/pending_q_reg[7]
  -------------------------------------------------------------------
                         required time                         12.251    
                         arrival time                          -6.422    
  -------------------------------------------------------------------
                         slack                                  5.829    

Slack (MET) :             5.836ns  (required time - arrival time)
  Source:                 core/req_sync_q_reg[9]/C
                            (rising edge-triggered cell FDRE clocked by clk  {rise@0.000ns fall@5.000ns period=10.000ns})
  Destination:            core/pending_q_reg[0]/D
                            (rising edge-triggered cell FDRE clocked by clk  {rise@0.000ns fall@5.000ns period=10.000ns})
  Path Group:             clk
  Path Type:              Setup (Max at Slow Process Corner)
  Requirement:            10.000ns  (clk rise@10.000ns - clk rise@0.000ns)
  Data Path Delay:        4.013ns  (logic 1.149ns (28.632%)  route 2.864ns (71.368%))
  Logic Levels:           4  (LUT5=1 LUT6=3)
  Clock Path Skew:        -0.145ns (DCD - SCD + CPR)
    Destination Clock Delay (DCD):    2.079ns = ( 12.079 - 10.000 ) 
    Source Clock Delay      (SCD):    2.402ns
    Clock Pessimism Removal (CPR):    0.178ns
  Clock Uncertainty:      0.035ns  ((TSJ^2 + TIJ^2)^1/2 + DJ) / 2 + PE
    Total System Jitter     (TSJ):    0.071ns
    Total Input Jitter      (TIJ):    0.000ns
    Discrete Jitter          (DJ):    0.000ns
    Phase Error              (PE):    0.000ns

    Location             Delay type                Incr(ns)  Path(ns)    Netlist Resource(s)
  -------------------------------------------------------------------    -------------------
                         (clock clk rise edge)        0.000     0.000 r  
                                                      0.000     0.000 r  clk (IN)
                         net (fo=0)                   0.000     0.000    clk
                         IBUF (Prop_ibuf_I_O)         0.923     0.923 r  clk_IBUF_inst/O
                         net (fo=1, unplaced)         0.800     1.722    clk_IBUF
                         BUFG (Prop_bufg_I_O)         0.096     1.818 r  clk_IBUF_BUFG_inst/O
                         net (fo=75, unplaced)        0.584     2.402    core/CLK
                         FDRE                                         r  core/req_sync_q_reg[9]/C
  -------------------------------------------------------------------    -------------------
                         FDRE (Prop_fdre_C_Q)         0.456     2.858 r  core/req_sync_q_reg[9]/Q
                         net (fo=3, unplaced)         0.983     3.841    core/req_sync_q[9]
                         LUT6 (Prop_lut6_I0_O)        0.295     4.136 f  core/out_addr_q[2]_i_5/O
                         net (fo=8, unplaced)         0.940     5.076    core/out_addr_q[2]_i_5_n_0
                         LUT5 (Prop_lut5_I1_O)        0.150     5.226 f  core/pending_q[7]_i_6/O
                         net (fo=6, unplaced)         0.481     5.707    core/pending_q[7]_i_6_n_0
                         LUT6 (Prop_lut6_I2_O)        0.124     5.831 f  core/pending_q[1]_i_2/O
                         net (fo=2, unplaced)         0.460     6.291    core/pending_q[1]_i_2_n_0
                         LUT6 (Prop_lut6_I5_O)        0.124     6.415 r  core/pending_q[0]_i_1/O
                         net (fo=1, unplaced)         0.000     6.415    core/pending_d[0]
                         FDRE                                         r  core/pending_q_reg[0]/D
  -------------------------------------------------------------------    -------------------

                         (clock clk rise edge)       10.000    10.000 r  
                                                      0.000    10.000 r  clk (IN)
                         net (fo=0)                   0.000    10.000    clk
                         IBUF (Prop_ibuf_I_O)         0.789    10.789 r  clk_IBUF_inst/O
                         net (fo=1, unplaced)         0.760    11.549    clk_IBUF
                         BUFG (Prop_bufg_I_O)         0.091    11.640 r  clk_IBUF_BUFG_inst/O
                         net (fo=75, unplaced)        0.439    12.079    core/CLK
                         FDRE                                         r  core/pending_q_reg[0]/C
                         clock pessimism              0.178    12.257    
                         clock uncertainty           -0.035    12.222    
                         FDRE (Setup_fdre_C_D)        0.029    12.251    core/pending_q_reg[0]
  -------------------------------------------------------------------
                         required time                         12.251    
                         arrival time                          -6.415    
  -------------------------------------------------------------------
                         slack                                  5.836    

Slack (MET) :             5.836ns  (required time - arrival time)
  Source:                 core/req_sync_q_reg[9]/C
                            (rising edge-triggered cell FDRE clocked by clk  {rise@0.000ns fall@5.000ns period=10.000ns})
  Destination:            core/pending_q_reg[1]/D
                            (rising edge-triggered cell FDRE clocked by clk  {rise@0.000ns fall@5.000ns period=10.000ns})
  Path Group:             clk
  Path Type:              Setup (Max at Slow Process Corner)
  Requirement:            10.000ns  (clk rise@10.000ns - clk rise@0.000ns)
  Data Path Delay:        4.013ns  (logic 1.149ns (28.632%)  route 2.864ns (71.368%))
  Logic Levels:           4  (LUT5=1 LUT6=3)
  Clock Path Skew:        -0.145ns (DCD - SCD + CPR)
    Destination Clock Delay (DCD):    2.079ns = ( 12.079 - 10.000 ) 
    Source Clock Delay      (SCD):    2.402ns
    Clock Pessimism Removal (CPR):    0.178ns
  Clock Uncertainty:      0.035ns  ((TSJ^2 + TIJ^2)^1/2 + DJ) / 2 + PE
    Total System Jitter     (TSJ):    0.071ns
    Total Input Jitter      (TIJ):    0.000ns
    Discrete Jitter          (DJ):    0.000ns
    Phase Error              (PE):    0.000ns

    Location             Delay type                Incr(ns)  Path(ns)    Netlist Resource(s)
  -------------------------------------------------------------------    -------------------
                         (clock clk rise edge)        0.000     0.000 r  
                                                      0.000     0.000 r  clk (IN)
                         net (fo=0)                   0.000     0.000    clk
                         IBUF (Prop_ibuf_I_O)         0.923     0.923 r  clk_IBUF_inst/O
                         net (fo=1, unplaced)         0.800     1.722    clk_IBUF
                         BUFG (Prop_bufg_I_O)         0.096     1.818 r  clk_IBUF_BUFG_inst/O
                         net (fo=75, unplaced)        0.584     2.402    core/CLK
                         FDRE                                         r  core/req_sync_q_reg[9]/C
  -------------------------------------------------------------------    -------------------
                         FDRE (Prop_fdre_C_Q)         0.456     2.858 r  core/req_sync_q_reg[9]/Q
                         net (fo=3, unplaced)         0.983     3.841    core/req_sync_q[9]
                         LUT6 (Prop_lut6_I0_O)        0.295     4.136 f  core/out_addr_q[2]_i_5/O
                         net (fo=8, unplaced)         0.940     5.076    core/out_addr_q[2]_i_5_n_0
                         LUT5 (Prop_lut5_I1_O)        0.150     5.226 f  core/pending_q[7]_i_6/O
                         net (fo=6, unplaced)         0.481     5.707    core/pending_q[7]_i_6_n_0
                         LUT6 (Prop_lut6_I2_O)        0.124     5.831 f  core/pending_q[1]_i_2/O
                         net (fo=2, unplaced)         0.460     6.291    core/pending_q[1]_i_2_n_0
                         LUT6 (Prop_lut6_I2_O)        0.124     6.415 r  core/pending_q[1]_i_1/O
                         net (fo=1, unplaced)         0.000     6.415    core/pending_d[1]
                         FDRE                                         r  core/pending_q_reg[1]/D
  -------------------------------------------------------------------    -------------------

                         (clock clk rise edge)       10.000    10.000 r  
                                                      0.000    10.000 r  clk (IN)
                         net (fo=0)                   0.000    10.000    clk
                         IBUF (Prop_ibuf_I_O)         0.789    10.789 r  clk_IBUF_inst/O
                         net (fo=1, unplaced)         0.760    11.549    clk_IBUF
                         BUFG (Prop_bufg_I_O)         0.091    11.640 r  clk_IBUF_BUFG_inst/O
                         net (fo=75, unplaced)        0.439    12.079    core/CLK
                         FDRE                                         r  core/pending_q_reg[1]/C
                         clock pessimism              0.178    12.257    
                         clock uncertainty           -0.035    12.222    
                         FDRE (Setup_fdre_C_D)        0.029    12.251    core/pending_q_reg[1]
  -------------------------------------------------------------------
                         required time                         12.251    
                         arrival time                          -6.415    
  -------------------------------------------------------------------
                         slack                                  5.836    

Slack (MET) :             5.844ns  (required time - arrival time)
  Source:                 core/req_sync_q_reg[1]/C
                            (rising edge-triggered cell FDRE clocked by clk  {rise@0.000ns fall@5.000ns period=10.000ns})
  Destination:            core/pending_q_reg[14]/D
                            (rising edge-triggered cell FDRE clocked by clk  {rise@0.000ns fall@5.000ns period=10.000ns})
  Path Group:             clk
  Path Type:              Setup (Max at Slow Process Corner)
  Requirement:            10.000ns  (clk rise@10.000ns - clk rise@0.000ns)
  Data Path Delay:        4.005ns  (logic 1.123ns (28.040%)  route 2.882ns (71.960%))
  Logic Levels:           4  (LUT5=1 LUT6=3)
  Clock Path Skew:        -0.145ns (DCD - SCD + CPR)
    Destination Clock Delay (DCD):    2.079ns = ( 12.079 - 10.000 ) 
    Source Clock Delay      (SCD):    2.402ns
    Clock Pessimism Removal (CPR):    0.178ns
  Clock Uncertainty:      0.035ns  ((TSJ^2 + TIJ^2)^1/2 + DJ) / 2 + PE
    Total System Jitter     (TSJ):    0.071ns
    Total Input Jitter      (TIJ):    0.000ns
    Discrete Jitter          (DJ):    0.000ns
    Phase Error              (PE):    0.000ns

    Location             Delay type                Incr(ns)  Path(ns)    Netlist Resource(s)
  -------------------------------------------------------------------    -------------------
                         (clock clk rise edge)        0.000     0.000 r  
                                                      0.000     0.000 r  clk (IN)
                         net (fo=0)                   0.000     0.000    clk
                         IBUF (Prop_ibuf_I_O)         0.923     0.923 r  clk_IBUF_inst/O
                         net (fo=1, unplaced)         0.800     1.722    clk_IBUF
                         BUFG (Prop_bufg_I_O)         0.096     1.818 r  clk_IBUF_BUFG_inst/O
                         net (fo=75, unplaced)        0.584     2.402    core/CLK
                         FDRE                                         r  core/req_sync_q_reg[1]/C
  -------------------------------------------------------------------    -------------------
                         FDRE (Prop_fdre_C_Q)         0.456     2.858 r  core/req_sync_q_reg[1]/Q
                         net (fo=3, unplaced)         0.983     3.841    core/req_sync_q[1]
                         LUT6 (Prop_lut6_I0_O)        0.295     4.136 f  core/out_addr_q[3]_i_5/O
                         net (fo=10, unplaced)        0.945     5.081    core/out_addr_q[3]_i_5_n_0
                         LUT5 (Prop_lut5_I1_O)        0.124     5.205 r  core/out_addr_q[2]_i_2/O
                         net (fo=8, unplaced)         0.487     5.692    core/out_addr_q[2]_i_2_n_0
                         LUT6 (Prop_lut6_I2_O)        0.124     5.816 f  core/pending_q[15]_i_2/O
                         net (fo=3, unplaced)         0.467     6.283    core/pending_q[15]_i_2_n_0
                         LUT6 (Prop_lut6_I5_O)        0.124     6.407 r  core/pending_q[14]_i_1/O
                         net (fo=1, unplaced)         0.000     6.407    core/pending_d[14]
                         FDRE                                         r  core/pending_q_reg[14]/D
  -------------------------------------------------------------------    -------------------

                         (clock clk rise edge)       10.000    10.000 r  
                                                      0.000    10.000 r  clk (IN)
                         net (fo=0)                   0.000    10.000    clk
                         IBUF (Prop_ibuf_I_O)         0.789    10.789 r  clk_IBUF_inst/O
                         net (fo=1, unplaced)         0.760    11.549    clk_IBUF
                         BUFG (Prop_bufg_I_O)         0.091    11.640 r  clk_IBUF_BUFG_inst/O
                         net (fo=75, unplaced)        0.439    12.079    core/CLK
                         FDRE                                         r  core/pending_q_reg[14]/C
                         clock pessimism              0.178    12.257    
                         clock uncertainty           -0.035    12.222    
                         FDRE (Setup_fdre_C_D)        0.029    12.251    core/pending_q_reg[14]
  -------------------------------------------------------------------
                         required time                         12.251    
                         arrival time                          -6.407    
  -------------------------------------------------------------------
                         slack                                  5.844    

Slack (MET) :             5.844ns  (required time - arrival time)
  Source:                 core/req_sync_q_reg[1]/C
                            (rising edge-triggered cell FDRE clocked by clk  {rise@0.000ns fall@5.000ns period=10.000ns})
  Destination:            core/pending_q_reg[15]/D
                            (rising edge-triggered cell FDRE clocked by clk  {rise@0.000ns fall@5.000ns period=10.000ns})
  Path Group:             clk
  Path Type:              Setup (Max at Slow Process Corner)
  Requirement:            10.000ns  (clk rise@10.000ns - clk rise@0.000ns)
  Data Path Delay:        4.005ns  (logic 1.123ns (28.040%)  route 2.882ns (71.960%))
  Logic Levels:           4  (LUT5=1 LUT6=3)
  Clock Path Skew:        -0.145ns (DCD - SCD + CPR)
    Destination Clock Delay (DCD):    2.079ns = ( 12.079 - 10.000 ) 
    Source Clock Delay      (SCD):    2.402ns
    Clock Pessimism Removal (CPR):    0.178ns
  Clock Uncertainty:      0.035ns  ((TSJ^2 + TIJ^2)^1/2 + DJ) / 2 + PE
    Total System Jitter     (TSJ):    0.071ns
    Total Input Jitter      (TIJ):    0.000ns
    Discrete Jitter          (DJ):    0.000ns
    Phase Error              (PE):    0.000ns

    Location             Delay type                Incr(ns)  Path(ns)    Netlist Resource(s)
  -------------------------------------------------------------------    -------------------
                         (clock clk rise edge)        0.000     0.000 r  
                                                      0.000     0.000 r  clk (IN)
                         net (fo=0)                   0.000     0.000    clk
                         IBUF (Prop_ibuf_I_O)         0.923     0.923 r  clk_IBUF_inst/O
                         net (fo=1, unplaced)         0.800     1.722    clk_IBUF
                         BUFG (Prop_bufg_I_O)         0.096     1.818 r  clk_IBUF_BUFG_inst/O
                         net (fo=75, unplaced)        0.584     2.402    core/CLK
                         FDRE                                         r  core/req_sync_q_reg[1]/C
  -------------------------------------------------------------------    -------------------
                         FDRE (Prop_fdre_C_Q)         0.456     2.858 r  core/req_sync_q_reg[1]/Q
                         net (fo=3, unplaced)         0.983     3.841    core/req_sync_q[1]
                         LUT6 (Prop_lut6_I0_O)        0.295     4.136 f  core/out_addr_q[3]_i_5/O
                         net (fo=10, unplaced)        0.945     5.081    core/out_addr_q[3]_i_5_n_0
                         LUT5 (Prop_lut5_I1_O)        0.124     5.205 r  core/out_addr_q[2]_i_2/O
                         net (fo=8, unplaced)         0.487     5.692    core/out_addr_q[2]_i_2_n_0
                         LUT6 (Prop_lut6_I2_O)        0.124     5.816 f  core/pending_q[15]_i_2/O
                         net (fo=3, unplaced)         0.467     6.283    core/pending_q[15]_i_2_n_0
                         LUT6 (Prop_lut6_I2_O)        0.124     6.407 r  core/pending_q[15]_i_1/O
                         net (fo=1, unplaced)         0.000     6.407    core/pending_d[15]
                         FDRE                                         r  core/pending_q_reg[15]/D
  -------------------------------------------------------------------    -------------------

                         (clock clk rise edge)       10.000    10.000 r  
                                                      0.000    10.000 r  clk (IN)
                         net (fo=0)                   0.000    10.000    clk
                         IBUF (Prop_ibuf_I_O)         0.789    10.789 r  clk_IBUF_inst/O
                         net (fo=1, unplaced)         0.760    11.549    clk_IBUF
                         BUFG (Prop_bufg_I_O)         0.091    11.640 r  clk_IBUF_BUFG_inst/O
                         net (fo=75, unplaced)        0.439    12.079    core/CLK
                         FDRE                                         r  core/pending_q_reg[15]/C
                         clock pessimism              0.178    12.257    
                         clock uncertainty           -0.035    12.222    
                         FDRE (Setup_fdre_C_D)        0.029    12.251    core/pending_q_reg[15]
  -------------------------------------------------------------------
                         required time                         12.251    
                         arrival time                          -6.407    
  -------------------------------------------------------------------
                         slack                                  5.844    

Slack (MET) :             5.851ns  (required time - arrival time)
  Source:                 core/req_sync_q_reg[1]/C
                            (rising edge-triggered cell FDRE clocked by clk  {rise@0.000ns fall@5.000ns period=10.000ns})
  Destination:            core/pending_q_reg[12]/D
                            (rising edge-triggered cell FDRE clocked by clk  {rise@0.000ns fall@5.000ns period=10.000ns})
  Path Group:             clk
  Path Type:              Setup (Max at Slow Process Corner)
  Requirement:            10.000ns  (clk rise@10.000ns - clk rise@0.000ns)
  Data Path Delay:        3.998ns  (logic 1.123ns (28.089%)  route 2.875ns (71.911%))
  Logic Levels:           4  (LUT5=1 LUT6=3)
  Clock Path Skew:        -0.145ns (DCD - SCD + CPR)
    Destination Clock Delay (DCD):    2.079ns = ( 12.079 - 10.000 ) 
    Source Clock Delay      (SCD):    2.402ns
    Clock Pessimism Removal (CPR):    0.178ns
  Clock Uncertainty:      0.035ns  ((TSJ^2 + TIJ^2)^1/2 + DJ) / 2 + PE
    Total System Jitter     (TSJ):    0.071ns
    Total Input Jitter      (TIJ):    0.000ns
    Discrete Jitter          (DJ):    0.000ns
    Phase Error              (PE):    0.000ns

    Location             Delay type                Incr(ns)  Path(ns)    Netlist Resource(s)
  -------------------------------------------------------------------    -------------------
                         (clock clk rise edge)        0.000     0.000 r  
                                                      0.000     0.000 r  clk (IN)
                         net (fo=0)                   0.000     0.000    clk
                         IBUF (Prop_ibuf_I_O)         0.923     0.923 r  clk_IBUF_inst/O
                         net (fo=1, unplaced)         0.800     1.722    clk_IBUF
                         BUFG (Prop_bufg_I_O)         0.096     1.818 r  clk_IBUF_BUFG_inst/O
                         net (fo=75, unplaced)        0.584     2.402    core/CLK
                         FDRE                                         r  core/req_sync_q_reg[1]/C
  -------------------------------------------------------------------    -------------------
                         FDRE (Prop_fdre_C_Q)         0.456     2.858 r  core/req_sync_q_reg[1]/Q
                         net (fo=3, unplaced)         0.983     3.841    core/req_sync_q[1]
                         LUT6 (Prop_lut6_I0_O)        0.295     4.136 f  core/out_addr_q[3]_i_5/O
                         net (fo=10, unplaced)        0.945     5.081    core/out_addr_q[3]_i_5_n_0
                         LUT5 (Prop_lut5_I1_O)        0.124     5.205 r  core/out_addr_q[2]_i_2/O
                         net (fo=8, unplaced)         0.487     5.692    core/out_addr_q[2]_i_2_n_0
                         LUT6 (Prop_lut6_I2_O)        0.124     5.816 f  core/pending_q[13]_i_2/O
                         net (fo=2, unplaced)         0.460     6.276    core/pending_q[13]_i_2_n_0
                         LUT6 (Prop_lut6_I5_O)        0.124     6.400 r  core/pending_q[12]_i_1/O
                         net (fo=1, unplaced)         0.000     6.400    core/pending_d[12]
                         FDRE                                         r  core/pending_q_reg[12]/D
  -------------------------------------------------------------------    -------------------

                         (clock clk rise edge)       10.000    10.000 r  
                                                      0.000    10.000 r  clk (IN)
                         net (fo=0)                   0.000    10.000    clk
                         IBUF (Prop_ibuf_I_O)         0.789    10.789 r  clk_IBUF_inst/O
                         net (fo=1, unplaced)         0.760    11.549    clk_IBUF
                         BUFG (Prop_bufg_I_O)         0.091    11.640 r  clk_IBUF_BUFG_inst/O
                         net (fo=75, unplaced)        0.439    12.079    core/CLK
                         FDRE                                         r  core/pending_q_reg[12]/C
                         clock pessimism              0.178    12.257    
                         clock uncertainty           -0.035    12.222    
                         FDRE (Setup_fdre_C_D)        0.029    12.251    core/pending_q_reg[12]
  -------------------------------------------------------------------
                         required time                         12.251    
                         arrival time                          -6.400    
  -------------------------------------------------------------------
                         slack                                  5.851    

Slack (MET) :             5.851ns  (required time - arrival time)
  Source:                 core/req_sync_q_reg[1]/C
                            (rising edge-triggered cell FDRE clocked by clk  {rise@0.000ns fall@5.000ns period=10.000ns})
  Destination:            core/pending_q_reg[13]/D
                            (rising edge-triggered cell FDRE clocked by clk  {rise@0.000ns fall@5.000ns period=10.000ns})
  Path Group:             clk
  Path Type:              Setup (Max at Slow Process Corner)
  Requirement:            10.000ns  (clk rise@10.000ns - clk rise@0.000ns)
  Data Path Delay:        3.998ns  (logic 1.123ns (28.089%)  route 2.875ns (71.911%))
  Logic Levels:           4  (LUT5=1 LUT6=3)
  Clock Path Skew:        -0.145ns (DCD - SCD + CPR)
    Destination Clock Delay (DCD):    2.079ns = ( 12.079 - 10.000 ) 
    Source Clock Delay      (SCD):    2.402ns
    Clock Pessimism Removal (CPR):    0.178ns
  Clock Uncertainty:      0.035ns  ((TSJ^2 + TIJ^2)^1/2 + DJ) / 2 + PE
    Total System Jitter     (TSJ):    0.071ns
    Total Input Jitter      (TIJ):    0.000ns
    Discrete Jitter          (DJ):    0.000ns
    Phase Error              (PE):    0.000ns

    Location             Delay type                Incr(ns)  Path(ns)    Netlist Resource(s)
  -------------------------------------------------------------------    -------------------
                         (clock clk rise edge)        0.000     0.000 r  
                                                      0.000     0.000 r  clk (IN)
                         net (fo=0)                   0.000     0.000    clk
                         IBUF (Prop_ibuf_I_O)         0.923     0.923 r  clk_IBUF_inst/O
                         net (fo=1, unplaced)         0.800     1.722    clk_IBUF
                         BUFG (Prop_bufg_I_O)         0.096     1.818 r  clk_IBUF_BUFG_inst/O
                         net (fo=75, unplaced)        0.584     2.402    core/CLK
                         FDRE                                         r  core/req_sync_q_reg[1]/C
  -------------------------------------------------------------------    -------------------
                         FDRE (Prop_fdre_C_Q)         0.456     2.858 r  core/req_sync_q_reg[1]/Q
                         net (fo=3, unplaced)         0.983     3.841    core/req_sync_q[1]
                         LUT6 (Prop_lut6_I0_O)        0.295     4.136 f  core/out_addr_q[3]_i_5/O
                         net (fo=10, unplaced)        0.945     5.081    core/out_addr_q[3]_i_5_n_0
                         LUT5 (Prop_lut5_I1_O)        0.124     5.205 r  core/out_addr_q[2]_i_2/O
                         net (fo=8, unplaced)         0.487     5.692    core/out_addr_q[2]_i_2_n_0
                         LUT6 (Prop_lut6_I2_O)        0.124     5.816 f  core/pending_q[13]_i_2/O
                         net (fo=2, unplaced)         0.460     6.276    core/pending_q[13]_i_2_n_0
                         LUT6 (Prop_lut6_I2_O)        0.124     6.400 r  core/pending_q[13]_i_1/O
                         net (fo=1, unplaced)         0.000     6.400    core/pending_d[13]
                         FDRE                                         r  core/pending_q_reg[13]/D
  -------------------------------------------------------------------    -------------------

                         (clock clk rise edge)       10.000    10.000 r  
                                                      0.000    10.000 r  clk (IN)
                         net (fo=0)                   0.000    10.000    clk
                         IBUF (Prop_ibuf_I_O)         0.789    10.789 r  clk_IBUF_inst/O
                         net (fo=1, unplaced)         0.760    11.549    clk_IBUF
                         BUFG (Prop_bufg_I_O)         0.091    11.640 r  clk_IBUF_BUFG_inst/O
                         net (fo=75, unplaced)        0.439    12.079    core/CLK
                         FDRE                                         r  core/pending_q_reg[13]/C
                         clock pessimism              0.178    12.257    
                         clock uncertainty           -0.035    12.222    
                         FDRE (Setup_fdre_C_D)        0.029    12.251    core/pending_q_reg[13]
  -------------------------------------------------------------------
                         required time                         12.251    
                         arrival time                          -6.400    
  -------------------------------------------------------------------
                         slack                                  5.851    

Slack (MET) :             5.853ns  (required time - arrival time)
  Source:                 core/req_sync_q_reg[15]/C
                            (rising edge-triggered cell FDRE clocked by clk  {rise@0.000ns fall@5.000ns period=10.000ns})
  Destination:            core/epoch_gray_q_reg[0]/D
                            (rising edge-triggered cell FDRE clocked by clk  {rise@0.000ns fall@5.000ns period=10.000ns})
  Path Group:             clk
  Path Type:              Setup (Max at Slow Process Corner)
  Requirement:            10.000ns  (clk rise@10.000ns - clk rise@0.000ns)
  Data Path Delay:        3.996ns  (logic 1.123ns (28.103%)  route 2.873ns (71.897%))
  Logic Levels:           4  (LUT4=1 LUT5=1 LUT6=2)
  Clock Path Skew:        -0.145ns (DCD - SCD + CPR)
    Destination Clock Delay (DCD):    2.079ns = ( 12.079 - 10.000 ) 
    Source Clock Delay      (SCD):    2.402ns
    Clock Pessimism Removal (CPR):    0.178ns
  Clock Uncertainty:      0.035ns  ((TSJ^2 + TIJ^2)^1/2 + DJ) / 2 + PE
    Total System Jitter     (TSJ):    0.071ns
    Total Input Jitter      (TIJ):    0.000ns
    Discrete Jitter          (DJ):    0.000ns
    Phase Error              (PE):    0.000ns

    Location             Delay type                Incr(ns)  Path(ns)    Netlist Resource(s)
  -------------------------------------------------------------------    -------------------
                         (clock clk rise edge)        0.000     0.000 r  
                                                      0.000     0.000 r  clk (IN)
                         net (fo=0)                   0.000     0.000    clk
                         IBUF (Prop_ibuf_I_O)         0.923     0.923 r  clk_IBUF_inst/O
                         net (fo=1, unplaced)         0.800     1.722    clk_IBUF
                         BUFG (Prop_bufg_I_O)         0.096     1.818 r  clk_IBUF_BUFG_inst/O
                         net (fo=75, unplaced)        0.584     2.402    core/CLK
                         FDRE                                         r  core/req_sync_q_reg[15]/C
  -------------------------------------------------------------------    -------------------
                         FDRE (Prop_fdre_C_Q)         0.456     2.858 r  core/req_sync_q_reg[15]/Q
                         net (fo=3, unplaced)         0.983     3.841    core/req_sync_q[15]
                         LUT6 (Prop_lut6_I0_O)        0.295     4.136 f  core/pending_q[15]_i_7/O
                         net (fo=5, unplaced)         0.930     5.066    core/pending_q[15]_i_7_n_0
                         LUT4 (Prop_lut4_I1_O)        0.124     5.190 f  core/out_addr_q[3]_i_3/O
                         net (fo=4, unplaced)         0.473     5.663    core/out_addr_q[3]_i_3_n_0
                         LUT6 (Prop_lut6_I5_O)        0.124     5.787 r  core/epoch_gray_q[3]_i_3/O
                         net (fo=8, unplaced)         0.487     6.274    core/out_addr_d
                         LUT5 (Prop_lut5_I3_O)        0.124     6.398 r  core/epoch_gray_q[0]_i_1/O
                         net (fo=1, unplaced)         0.000     6.398    core/epoch_gray_q[0]_i_1_n_0
                         FDRE                                         r  core/epoch_gray_q_reg[0]/D
  -------------------------------------------------------------------    -------------------

                         (clock clk rise edge)       10.000    10.000 r  
                                                      0.000    10.000 r  clk (IN)
                         net (fo=0)                   0.000    10.000    clk
                         IBUF (Prop_ibuf_I_O)         0.789    10.789 r  clk_IBUF_inst/O
                         net (fo=1, unplaced)         0.760    11.549    clk_IBUF
                         BUFG (Prop_bufg_I_O)         0.091    11.640 r  clk_IBUF_BUFG_inst/O
                         net (fo=75, unplaced)        0.439    12.079    core/CLK
                         FDRE                                         r  core/epoch_gray_q_reg[0]/C
                         clock pessimism              0.178    12.257    
                         clock uncertainty           -0.035    12.222    
                         FDRE (Setup_fdre_C_D)        0.029    12.251    core/epoch_gray_q_reg[0]
  -------------------------------------------------------------------
                         required time                         12.251    
                         arrival time                          -6.398    
  -------------------------------------------------------------------
                         slack                                  5.853    

Slack (MET) :             5.853ns  (required time - arrival time)
  Source:                 core/req_sync_q_reg[15]/C
                            (rising edge-triggered cell FDRE clocked by clk  {rise@0.000ns fall@5.000ns period=10.000ns})
  Destination:            core/epoch_gray_q_reg[2]/D
                            (rising edge-triggered cell FDRE clocked by clk  {rise@0.000ns fall@5.000ns period=10.000ns})
  Path Group:             clk
  Path Type:              Setup (Max at Slow Process Corner)
  Requirement:            10.000ns  (clk rise@10.000ns - clk rise@0.000ns)
  Data Path Delay:        3.996ns  (logic 1.123ns (28.103%)  route 2.873ns (71.897%))
  Logic Levels:           4  (LUT4=1 LUT5=1 LUT6=2)
  Clock Path Skew:        -0.145ns (DCD - SCD + CPR)
    Destination Clock Delay (DCD):    2.079ns = ( 12.079 - 10.000 ) 
    Source Clock Delay      (SCD):    2.402ns
    Clock Pessimism Removal (CPR):    0.178ns
  Clock Uncertainty:      0.035ns  ((TSJ^2 + TIJ^2)^1/2 + DJ) / 2 + PE
    Total System Jitter     (TSJ):    0.071ns
    Total Input Jitter      (TIJ):    0.000ns
    Discrete Jitter          (DJ):    0.000ns
    Phase Error              (PE):    0.000ns

    Location             Delay type                Incr(ns)  Path(ns)    Netlist Resource(s)
  -------------------------------------------------------------------    -------------------
                         (clock clk rise edge)        0.000     0.000 r  
                                                      0.000     0.000 r  clk (IN)
                         net (fo=0)                   0.000     0.000    clk
                         IBUF (Prop_ibuf_I_O)         0.923     0.923 r  clk_IBUF_inst/O
                         net (fo=1, unplaced)         0.800     1.722    clk_IBUF
                         BUFG (Prop_bufg_I_O)         0.096     1.818 r  clk_IBUF_BUFG_inst/O
                         net (fo=75, unplaced)        0.584     2.402    core/CLK
                         FDRE                                         r  core/req_sync_q_reg[15]/C
  -------------------------------------------------------------------    -------------------
                         FDRE (Prop_fdre_C_Q)         0.456     2.858 r  core/req_sync_q_reg[15]/Q
                         net (fo=3, unplaced)         0.983     3.841    core/req_sync_q[15]
                         LUT6 (Prop_lut6_I0_O)        0.295     4.136 f  core/pending_q[15]_i_7/O
                         net (fo=5, unplaced)         0.930     5.066    core/pending_q[15]_i_7_n_0
                         LUT4 (Prop_lut4_I1_O)        0.124     5.190 f  core/out_addr_q[3]_i_3/O
                         net (fo=4, unplaced)         0.473     5.663    core/out_addr_q[3]_i_3_n_0
                         LUT6 (Prop_lut6_I5_O)        0.124     5.787 r  core/epoch_gray_q[3]_i_3/O
                         net (fo=8, unplaced)         0.487     6.274    core/out_addr_d
                         LUT5 (Prop_lut5_I2_O)        0.124     6.398 r  core/epoch_gray_q[2]_i_1/O
                         net (fo=1, unplaced)         0.000     6.398    core/epoch_gray_q[2]_i_1_n_0
                         FDRE                                         r  core/epoch_gray_q_reg[2]/D
  -------------------------------------------------------------------    -------------------

                         (clock clk rise edge)       10.000    10.000 r  
                                                      0.000    10.000 r  clk (IN)
                         net (fo=0)                   0.000    10.000    clk
                         IBUF (Prop_ibuf_I_O)         0.789    10.789 r  clk_IBUF_inst/O
                         net (fo=1, unplaced)         0.760    11.549    clk_IBUF
                         BUFG (Prop_bufg_I_O)         0.091    11.640 r  clk_IBUF_BUFG_inst/O
                         net (fo=75, unplaced)        0.439    12.079    core/CLK
                         FDRE                                         r  core/epoch_gray_q_reg[2]/C
                         clock pessimism              0.178    12.257    
                         clock uncertainty           -0.035    12.222    
                         FDRE (Setup_fdre_C_D)        0.029    12.251    core/epoch_gray_q_reg[2]
  -------------------------------------------------------------------
                         required time                         12.251    
                         arrival time                          -6.398    
  -------------------------------------------------------------------
                         slack                                  5.853    

Slack (MET) :             5.859ns  (required time - arrival time)
  Source:                 core/req_sync_q_reg[15]/C
                            (rising edge-triggered cell FDRE clocked by clk  {rise@0.000ns fall@5.000ns period=10.000ns})
  Destination:            core/epoch_gray_q_reg[1]/D
                            (rising edge-triggered cell FDRE clocked by clk  {rise@0.000ns fall@5.000ns period=10.000ns})
  Path Group:             clk
  Path Type:              Setup (Max at Slow Process Corner)
  Requirement:            10.000ns  (clk rise@10.000ns - clk rise@0.000ns)
  Data Path Delay:        3.990ns  (logic 1.117ns (27.995%)  route 2.873ns (72.005%))
  Logic Levels:           4  (LUT4=1 LUT5=1 LUT6=2)
  Clock Path Skew:        -0.145ns (DCD - SCD + CPR)
    Destination Clock Delay (DCD):    2.079ns = ( 12.079 - 10.000 ) 
    Source Clock Delay      (SCD):    2.402ns
    Clock Pessimism Removal (CPR):    0.178ns
  Clock Uncertainty:      0.035ns  ((TSJ^2 + TIJ^2)^1/2 + DJ) / 2 + PE
    Total System Jitter     (TSJ):    0.071ns
    Total Input Jitter      (TIJ):    0.000ns
    Discrete Jitter          (DJ):    0.000ns
    Phase Error              (PE):    0.000ns

    Location             Delay type                Incr(ns)  Path(ns)    Netlist Resource(s)
  -------------------------------------------------------------------    -------------------
                         (clock clk rise edge)        0.000     0.000 r  
                                                      0.000     0.000 r  clk (IN)
                         net (fo=0)                   0.000     0.000    clk
                         IBUF (Prop_ibuf_I_O)         0.923     0.923 r  clk_IBUF_inst/O
                         net (fo=1, unplaced)         0.800     1.722    clk_IBUF
                         BUFG (Prop_bufg_I_O)         0.096     1.818 r  clk_IBUF_BUFG_inst/O
                         net (fo=75, unplaced)        0.584     2.402    core/CLK
                         FDRE                                         r  core/req_sync_q_reg[15]/C
  -------------------------------------------------------------------    -------------------
                         FDRE (Prop_fdre_C_Q)         0.456     2.858 r  core/req_sync_q_reg[15]/Q
                         net (fo=3, unplaced)         0.983     3.841    core/req_sync_q[15]
                         LUT6 (Prop_lut6_I0_O)        0.295     4.136 f  core/pending_q[15]_i_7/O
                         net (fo=5, unplaced)         0.930     5.066    core/pending_q[15]_i_7_n_0
                         LUT4 (Prop_lut4_I1_O)        0.124     5.190 f  core/out_addr_q[3]_i_3/O
                         net (fo=4, unplaced)         0.473     5.663    core/out_addr_q[3]_i_3_n_0
                         LUT6 (Prop_lut6_I5_O)        0.124     5.787 r  core/epoch_gray_q[3]_i_3/O
                         net (fo=8, unplaced)         0.487     6.274    core/out_addr_d
                         LUT5 (Prop_lut5_I3_O)        0.118     6.392 r  core/epoch_gray_q[1]_i_1/O
                         net (fo=1, unplaced)         0.000     6.392    core/epoch_gray_q[1]_i_1_n_0
                         FDRE                                         r  core/epoch_gray_q_reg[1]/D
  -------------------------------------------------------------------    -------------------

                         (clock clk rise edge)       10.000    10.000 r  
                                                      0.000    10.000 r  clk (IN)
                         net (fo=0)                   0.000    10.000    clk
                         IBUF (Prop_ibuf_I_O)         0.789    10.789 r  clk_IBUF_inst/O
                         net (fo=1, unplaced)         0.760    11.549    clk_IBUF
                         BUFG (Prop_bufg_I_O)         0.091    11.640 r  clk_IBUF_BUFG_inst/O
                         net (fo=75, unplaced)        0.439    12.079    core/CLK
                         FDRE                                         r  core/epoch_gray_q_reg[1]/C
                         clock pessimism              0.178    12.257    
                         clock uncertainty           -0.035    12.222    
                         FDRE (Setup_fdre_C_D)        0.029    12.251    core/epoch_gray_q_reg[1]
  -------------------------------------------------------------------
                         required time                         12.251    
                         arrival time                          -6.392    
  -------------------------------------------------------------------
                         slack                                  5.859    

Slack (MET) :             5.859ns  (required time - arrival time)
  Source:                 core/req_sync_q_reg[15]/C
                            (rising edge-triggered cell FDRE clocked by clk  {rise@0.000ns fall@5.000ns period=10.000ns})
  Destination:            core/epoch_gray_q_reg[3]/D
                            (rising edge-triggered cell FDRE clocked by clk  {rise@0.000ns fall@5.000ns period=10.000ns})
  Path Group:             clk
  Path Type:              Setup (Max at Slow Process Corner)
  Requirement:            10.000ns  (clk rise@10.000ns - clk rise@0.000ns)
  Data Path Delay:        3.990ns  (logic 1.117ns (27.995%)  route 2.873ns (72.005%))
  Logic Levels:           4  (LUT4=1 LUT5=1 LUT6=2)
  Clock Path Skew:        -0.145ns (DCD - SCD + CPR)
    Destination Clock Delay (DCD):    2.079ns = ( 12.079 - 10.000 ) 
    Source Clock Delay      (SCD):    2.402ns
    Clock Pessimism Removal (CPR):    0.178ns
  Clock Uncertainty:      0.035ns  ((TSJ^2 + TIJ^2)^1/2 + DJ) / 2 + PE
    Total System Jitter     (TSJ):    0.071ns
    Total Input Jitter      (TIJ):    0.000ns
    Discrete Jitter          (DJ):    0.000ns
    Phase Error              (PE):    0.000ns

    Location             Delay type                Incr(ns)  Path(ns)    Netlist Resource(s)
  -------------------------------------------------------------------    -------------------
                         (clock clk rise edge)        0.000     0.000 r  
                                                      0.000     0.000 r  clk (IN)
                         net (fo=0)                   0.000     0.000    clk
                         IBUF (Prop_ibuf_I_O)         0.923     0.923 r  clk_IBUF_inst/O
                         net (fo=1, unplaced)         0.800     1.722    clk_IBUF
                         BUFG (Prop_bufg_I_O)         0.096     1.818 r  clk_IBUF_BUFG_inst/O
                         net (fo=75, unplaced)        0.584     2.402    core/CLK
                         FDRE                                         r  core/req_sync_q_reg[15]/C
  -------------------------------------------------------------------    -------------------
                         FDRE (Prop_fdre_C_Q)         0.456     2.858 r  core/req_sync_q_reg[15]/Q
                         net (fo=3, unplaced)         0.983     3.841    core/req_sync_q[15]
                         LUT6 (Prop_lut6_I0_O)        0.295     4.136 f  core/pending_q[15]_i_7/O
                         net (fo=5, unplaced)         0.930     5.066    core/pending_q[15]_i_7_n_0
                         LUT4 (Prop_lut4_I1_O)        0.124     5.190 f  core/out_addr_q[3]_i_3/O
                         net (fo=4, unplaced)         0.473     5.663    core/out_addr_q[3]_i_3_n_0
                         LUT6 (Prop_lut6_I5_O)        0.124     5.787 r  core/epoch_gray_q[3]_i_3/O
                         net (fo=8, unplaced)         0.487     6.274    core/out_addr_d
                         LUT5 (Prop_lut5_I2_O)        0.118     6.392 r  core/epoch_gray_q[3]_i_2/O
                         net (fo=1, unplaced)         0.000     6.392    core/epoch_gray_q[3]_i_2_n_0
                         FDRE                                         r  core/epoch_gray_q_reg[3]/D
  -------------------------------------------------------------------    -------------------

                         (clock clk rise edge)       10.000    10.000 r  
                                                      0.000    10.000 r  clk (IN)
                         net (fo=0)                   0.000    10.000    clk
                         IBUF (Prop_ibuf_I_O)         0.789    10.789 r  clk_IBUF_inst/O
                         net (fo=1, unplaced)         0.760    11.549    clk_IBUF
                         BUFG (Prop_bufg_I_O)         0.091    11.640 r  clk_IBUF_BUFG_inst/O
                         net (fo=75, unplaced)        0.439    12.079    core/CLK
                         FDRE                                         r  core/epoch_gray_q_reg[3]/C
                         clock pessimism              0.178    12.257    
                         clock uncertainty           -0.035    12.222    
                         FDRE (Setup_fdre_C_D)        0.029    12.251    core/epoch_gray_q_reg[3]
  -------------------------------------------------------------------
                         required time                         12.251    
                         arrival time                          -6.392    
  -------------------------------------------------------------------
                         slack                                  5.859    




