Copyright 1986-2020 Xilinx, Inc. All Rights Reserved.
-----------------------------------------------------------------------------------------------------------------
| Tool Version : Vivado v.2020.2 (win64) Build 3064766 Wed Nov 18 09:12:45 MST 2020
| Date         : Fri Aug 21 04:32:00 2026
| Host         : <LOCAL_HOST> running 64-bit major release  (build 9200)
| Command      : report_utilization -hierarchical -file reports/p9_epoch_variants/vivado_boolean/utilization.rpt
| Design       : aer_pending_direct_gray_oht_epoch_boolean
| Device       : 7a35tcpg236-1
| Design State : Optimized
-----------------------------------------------------------------------------------------------------------------

Utilization Design Information

Table of Contents
-----------------
1. Utilization by Hierarchy

1. Utilization by Hierarchy
---------------------------

+-----------------------------------------------+----------------------------------------+------------+------------+---------+------+-----+--------+--------+------------+
|                    Instance                   |                 Module                 | Total LUTs | Logic LUTs | LUTRAMs | SRLs | FFs | RAMB36 | RAMB18 | DSP Blocks |
+-----------------------------------------------+----------------------------------------+------------+------------+---------+------+-----+--------+--------+------------+
| aer_pending_direct_gray_oht_epoch_boolean     |                                  (top) |        121 |        121 |       0 |    0 |  75 |      0 |      0 |          0 |
|   (aer_pending_direct_gray_oht_epoch_boolean) |                                  (top) |          0 |          0 |       0 |    0 |   0 |      0 |      0 |          0 |
|   core                                        | aer_pending_direct_gray_oht_epoch_core |        121 |        121 |       0 |    0 |  75 |      0 |      0 |          0 |
+-----------------------------------------------+----------------------------------------+------------+------------+---------+------+-----+--------+--------+------------+


