============================================================
  Generated by:           Genus(TM) Synthesis Solution 23.14-s090_1
  Generated on:           Aug 26 2026  02:47:39 pm
  Module:                 aer_traditional_latch_paa_45nm
  Operating conditions:   PVT_0P9V_125C (balanced_tree)
  Wireload mode:          enclosed
  Area mode:              timing library
============================================================

Timing
-------
  Cost    Critical         Violating 
 Group   Path Slack  TNS     Paths   
-------------------------------------
default      4308.3   0.0          0 
-------------------------------------
Total                 0.0          0 

Instance Count
--------------
Leaf Instance Count             91 
Physical Instance count          0 
Sequential Instance Count        5 
Combinational Instance Count    86 
Hierarchical Instance Count      0 

Area
----
Cell Area                          210.672
Physical Cell Area                 0.000
Total Cell Area (Cell+Physical)    210.672
Net Area                           0.000
Total Area (Cell+Physical+Net)     210.672

Max Fanout                         16 (n_55)
Min Fanout                         1 (busy_gate)
Average Fanout                     2.4
Terms to net ratio                 3.0642
Terms to instance ratio            3.6703
Runtime                            24.378894 seconds
Elapsed Runtime                    24 seconds
Genus peak memory usage            1584.52 
Innovus peak memory usage          no_value 
Hostname                           <REMOTE_HOST>
