============================================================
  Generated by:           Genus(TM) Synthesis Solution 23.14-s090_1
  Generated on:           Aug 26 2026  02:47:39 pm
  Module:                 aer_traditional_latch_paa_45nm
  Technology library:     slow_vdd1v0 1.0
  Operating conditions:   PVT_0P9V_125C (balanced_tree)
  Wireload mode:          enclosed
  Area mode:              timing library
============================================================

                              
   Gate    Instances   Area       Library    
---------------------------------------------
AND2X1             1    1.368    slow_vdd1v0 
AOI211XL           2    4.104    slow_vdd1v0 
AOI21XL            1    1.710    slow_vdd1v0 
AOI22X1            8   16.416    slow_vdd1v0 
AOI2BB1XL          6   12.312    slow_vdd1v0 
DLY4X1             6   59.508    slow_vdd1v0 
INVX1              8    5.472    slow_vdd1v0 
INVXL              1    0.684    slow_vdd1v0 
NAND2BXL           3    4.104    slow_vdd1v0 
NAND2X1            1    1.026    slow_vdd1v0 
NAND2XL            5    5.130    slow_vdd1v0 
NAND3BXL           2    3.420    slow_vdd1v0 
NOR2BX1            3    4.104    slow_vdd1v0 
NOR2XL             7    7.182    slow_vdd1v0 
NOR3BX1            1    2.052    slow_vdd1v0 
NOR3BXL            1    2.052    slow_vdd1v0 
NOR3X1             1    1.710    slow_vdd1v0 
NOR3XL            16   27.360    slow_vdd1v0 
NOR4X1             6   10.260    slow_vdd1v0 
OAI22X1            4    8.208    slow_vdd1v0 
OAI2BB1X1          1    1.710    slow_vdd1v0 
OR2X1              1    1.368    slow_vdd1v0 
OR4X1              1    2.052    slow_vdd1v0 
TLATX1             5   27.360    slow_vdd1v0 
---------------------------------------------
total             91  210.672                


                                        
     Type      Instances   Area  Area % 
----------------------------------------
sequential             5  27.360   13.0 
inverter               9   6.156    2.9 
buffer                 6  59.508   28.2 
logic                 71 117.648   55.8 
physical_cells         0   0.000    0.0 
----------------------------------------
total                 91 210.672  100.0 

