============================================================
  Generated by:           Genus(TM) Synthesis Solution 23.14-s090_1
  Generated on:           Aug 26 2026  02:47:39 pm
  Module:                 aer_traditional_latch_paa_45nm
  Operating conditions:   PVT_0P9V_125C (balanced_tree)
  Wireload mode:          enclosed
  Area mode:              timing library
============================================================


Path 1: MET (4308 ps) Path Delay Check
     Startpoint: (R) src_req[0]
       Endpoint: (R) src_ack[0]

                   Capture    Launch  
      Path Delay:+    5000         -  
      Drv Adjust:+       0         0  
         Arrival:=    5000            
                                      
   Required Time:=    5000            
       Data Path:-     692            
           Slack:=    4308            

Exceptions/Constraints:
  max_delay             5000            zipped_path_delay_0   

#---------------------------------------------------------------------------------------
# Timing Point   Flags   Arc   Edge   Cell     Fanout Load Trans Delay Arrival Instance 
#                                                     (fF)  (ps)  (ps)   (ps)  Location 
#---------------------------------------------------------------------------------------
  src_req[0]     -       -     R     (arrival)      4  1.2     0     0       0    (-,-) 
  g2124__6417/Y  -       A0->Y F     AOI22X1        1  0.4   115    89      89    (-,-) 
  g2121__2346/Y  -       A1->Y R     OAI22X1        1  0.4    90   116     206    (-,-) 
  g2119__9945/Y  -       A->Y  F     NOR4X1         2  0.5    65    96     301    (-,-) 
  g2118__9315/Y  -       C->Y  R     NOR3BX1        2  0.4    80    82     384    (-,-) 
  g2116__4733/Y  -       B->Y  F     NAND2X1       16  3.2   207   169     552    (-,-) 
  g2101__4319/Y  -       C->Y  R     NOR3XL         1  0.0    56   140     692    (-,-) 
  src_ack[0]     -       -     R     (port)         -    -     -     0     692    (-,-) 
#---------------------------------------------------------------------------------------



Path 2: MET (4308 ps) Path Delay Check
     Startpoint: (R) src_req[0]
       Endpoint: (R) src_ack[1]

                   Capture    Launch  
      Path Delay:+    5000         -  
      Drv Adjust:+       0         0  
         Arrival:=    5000            
                                      
   Required Time:=    5000            
       Data Path:-     692            
           Slack:=    4308            

Exceptions/Constraints:
  max_delay             5000            zipped_path_delay_0   

#---------------------------------------------------------------------------------------
# Timing Point   Flags   Arc   Edge   Cell     Fanout Load Trans Delay Arrival Instance 
#                                                     (fF)  (ps)  (ps)   (ps)  Location 
#---------------------------------------------------------------------------------------
  src_req[0]     -       -     R     (arrival)      4  1.2     0     0       0    (-,-) 
  g2124__6417/Y  -       A0->Y F     AOI22X1        1  0.4   115    89      89    (-,-) 
  g2121__2346/Y  -       A1->Y R     OAI22X1        1  0.4    90   116     206    (-,-) 
  g2119__9945/Y  -       A->Y  F     NOR4X1         2  0.5    65    96     301    (-,-) 
  g2118__9315/Y  -       C->Y  R     NOR3BX1        2  0.4    80    82     384    (-,-) 
  g2116__4733/Y  -       B->Y  F     NAND2X1       16  3.2   207   169     552    (-,-) 
  g2111__7098/Y  -       C->Y  R     NOR3XL         1  0.0    56   140     692    (-,-) 
  src_ack[1]     -       -     R     (port)         -    -     -     0     692    (-,-) 
#---------------------------------------------------------------------------------------



Path 3: MET (4308 ps) Path Delay Check
     Startpoint: (R) src_req[0]
       Endpoint: (R) src_ack[2]

                   Capture    Launch  
      Path Delay:+    5000         -  
      Drv Adjust:+       0         0  
         Arrival:=    5000            
                                      
   Required Time:=    5000            
       Data Path:-     692            
           Slack:=    4308            

Exceptions/Constraints:
  max_delay             5000            zipped_path_delay_0   

#---------------------------------------------------------------------------------------
# Timing Point   Flags   Arc   Edge   Cell     Fanout Load Trans Delay Arrival Instance 
#                                                     (fF)  (ps)  (ps)   (ps)  Location 
#---------------------------------------------------------------------------------------
  src_req[0]     -       -     R     (arrival)      4  1.2     0     0       0    (-,-) 
  g2124__6417/Y  -       A0->Y F     AOI22X1        1  0.4   115    89      89    (-,-) 
  g2121__2346/Y  -       A1->Y R     OAI22X1        1  0.4    90   116     206    (-,-) 
  g2119__9945/Y  -       A->Y  F     NOR4X1         2  0.5    65    96     301    (-,-) 
  g2118__9315/Y  -       C->Y  R     NOR3BX1        2  0.4    80    82     384    (-,-) 
  g2116__4733/Y  -       B->Y  F     NAND2X1       16  3.2   207   169     552    (-,-) 
  g2110__8246/Y  -       C->Y  R     NOR3XL         1  0.0    56   140     692    (-,-) 
  src_ack[2]     -       -     R     (port)         -    -     -     0     692    (-,-) 
#---------------------------------------------------------------------------------------



Path 4: MET (4308 ps) Path Delay Check
     Startpoint: (R) src_req[0]
       Endpoint: (R) src_ack[3]

                   Capture    Launch  
      Path Delay:+    5000         -  
      Drv Adjust:+       0         0  
         Arrival:=    5000            
                                      
   Required Time:=    5000            
       Data Path:-     692            
           Slack:=    4308            

Exceptions/Constraints:
  max_delay             5000            zipped_path_delay_0   

#---------------------------------------------------------------------------------------
# Timing Point   Flags   Arc   Edge   Cell     Fanout Load Trans Delay Arrival Instance 
#                                                     (fF)  (ps)  (ps)   (ps)  Location 
#---------------------------------------------------------------------------------------
  src_req[0]     -       -     R     (arrival)      4  1.2     0     0       0    (-,-) 
  g2124__6417/Y  -       A0->Y F     AOI22X1        1  0.4   115    89      89    (-,-) 
  g2121__2346/Y  -       A1->Y R     OAI22X1        1  0.4    90   116     206    (-,-) 
  g2119__9945/Y  -       A->Y  F     NOR4X1         2  0.5    65    96     301    (-,-) 
  g2118__9315/Y  -       C->Y  R     NOR3BX1        2  0.4    80    82     384    (-,-) 
  g2116__4733/Y  -       B->Y  F     NAND2X1       16  3.2   207   169     552    (-,-) 
  g2109__5122/Y  -       C->Y  R     NOR3XL         1  0.0    56   140     692    (-,-) 
  src_ack[3]     -       -     R     (port)         -    -     -     0     692    (-,-) 
#---------------------------------------------------------------------------------------



Path 5: MET (4308 ps) Path Delay Check
     Startpoint: (R) src_req[0]
       Endpoint: (R) src_ack[4]

                   Capture    Launch  
      Path Delay:+    5000         -  
      Drv Adjust:+       0         0  
         Arrival:=    5000            
                                      
   Required Time:=    5000            
       Data Path:-     692            
           Slack:=    4308            

Exceptions/Constraints:
  max_delay             5000            zipped_path_delay_0   

#---------------------------------------------------------------------------------------
# Timing Point   Flags   Arc   Edge   Cell     Fanout Load Trans Delay Arrival Instance 
#                                                     (fF)  (ps)  (ps)   (ps)  Location 
#---------------------------------------------------------------------------------------
  src_req[0]     -       -     R     (arrival)      4  1.2     0     0       0    (-,-) 
  g2124__6417/Y  -       A0->Y F     AOI22X1        1  0.4   115    89      89    (-,-) 
  g2121__2346/Y  -       A1->Y R     OAI22X1        1  0.4    90   116     206    (-,-) 
  g2119__9945/Y  -       A->Y  F     NOR4X1         2  0.5    65    96     301    (-,-) 
  g2118__9315/Y  -       C->Y  R     NOR3BX1        2  0.4    80    82     384    (-,-) 
  g2116__4733/Y  -       B->Y  F     NAND2X1       16  3.2   207   169     552    (-,-) 
  g2113__1881/Y  -       C->Y  R     NOR3XL         1  0.0    56   140     692    (-,-) 
  src_ack[4]     -       -     R     (port)         -    -     -     0     692    (-,-) 
#---------------------------------------------------------------------------------------



Path 6: MET (4308 ps) Path Delay Check
     Startpoint: (R) src_req[0]
       Endpoint: (R) src_ack[5]

                   Capture    Launch  
      Path Delay:+    5000         -  
      Drv Adjust:+       0         0  
         Arrival:=    5000            
                                      
   Required Time:=    5000            
       Data Path:-     692            
           Slack:=    4308            

Exceptions/Constraints:
  max_delay             5000            zipped_path_delay_0   

#---------------------------------------------------------------------------------------
# Timing Point   Flags   Arc   Edge   Cell     Fanout Load Trans Delay Arrival Instance 
#                                                     (fF)  (ps)  (ps)   (ps)  Location 
#---------------------------------------------------------------------------------------
  src_req[0]     -       -     R     (arrival)      4  1.2     0     0       0    (-,-) 
  g2124__6417/Y  -       A0->Y F     AOI22X1        1  0.4   115    89      89    (-,-) 
  g2121__2346/Y  -       A1->Y R     OAI22X1        1  0.4    90   116     206    (-,-) 
  g2119__9945/Y  -       A->Y  F     NOR4X1         2  0.5    65    96     301    (-,-) 
  g2118__9315/Y  -       C->Y  R     NOR3BX1        2  0.4    80    82     384    (-,-) 
  g2116__4733/Y  -       B->Y  F     NAND2X1       16  3.2   207   169     552    (-,-) 
  g2108__1705/Y  -       C->Y  R     NOR3XL         1  0.0    56   140     692    (-,-) 
  src_ack[5]     -       -     R     (port)         -    -     -     0     692    (-,-) 
#---------------------------------------------------------------------------------------



Path 7: MET (4308 ps) Path Delay Check
     Startpoint: (R) src_req[0]
       Endpoint: (R) src_ack[6]

                   Capture    Launch  
      Path Delay:+    5000         -  
      Drv Adjust:+       0         0  
         Arrival:=    5000            
                                      
   Required Time:=    5000            
       Data Path:-     692            
           Slack:=    4308            

Exceptions/Constraints:
  max_delay             5000            zipped_path_delay_0   

#---------------------------------------------------------------------------------------
# Timing Point   Flags   Arc   Edge   Cell     Fanout Load Trans Delay Arrival Instance 
#                                                     (fF)  (ps)  (ps)   (ps)  Location 
#---------------------------------------------------------------------------------------
  src_req[0]     -       -     R     (arrival)      4  1.2     0     0       0    (-,-) 
  g2124__6417/Y  -       A0->Y F     AOI22X1        1  0.4   115    89      89    (-,-) 
  g2121__2346/Y  -       A1->Y R     OAI22X1        1  0.4    90   116     206    (-,-) 
  g2119__9945/Y  -       A->Y  F     NOR4X1         2  0.5    65    96     301    (-,-) 
  g2118__9315/Y  -       C->Y  R     NOR3BX1        2  0.4    80    82     384    (-,-) 
  g2116__4733/Y  -       B->Y  F     NAND2X1       16  3.2   207   169     552    (-,-) 
  g2115__7482/Y  -       C->Y  R     NOR3XL         1  0.0    56   140     692    (-,-) 
  src_ack[6]     -       -     R     (port)         -    -     -     0     692    (-,-) 
#---------------------------------------------------------------------------------------



Path 8: MET (4308 ps) Path Delay Check
     Startpoint: (R) src_req[0]
       Endpoint: (R) src_ack[7]

                   Capture    Launch  
      Path Delay:+    5000         -  
      Drv Adjust:+       0         0  
         Arrival:=    5000            
                                      
   Required Time:=    5000            
       Data Path:-     692            
           Slack:=    4308            

Exceptions/Constraints:
  max_delay             5000            zipped_path_delay_0   

#---------------------------------------------------------------------------------------
# Timing Point   Flags   Arc   Edge   Cell     Fanout Load Trans Delay Arrival Instance 
#                                                     (fF)  (ps)  (ps)   (ps)  Location 
#---------------------------------------------------------------------------------------
  src_req[0]     -       -     R     (arrival)      4  1.2     0     0       0    (-,-) 
  g2124__6417/Y  -       A0->Y F     AOI22X1        1  0.4   115    89      89    (-,-) 
  g2121__2346/Y  -       A1->Y R     OAI22X1        1  0.4    90   116     206    (-,-) 
  g2119__9945/Y  -       A->Y  F     NOR4X1         2  0.5    65    96     301    (-,-) 
  g2118__9315/Y  -       C->Y  R     NOR3BX1        2  0.4    80    82     384    (-,-) 
  g2116__4733/Y  -       B->Y  F     NAND2X1       16  3.2   207   169     552    (-,-) 
  g2105__3680/Y  -       C->Y  R     NOR3XL         1  0.0    56   140     692    (-,-) 
  src_ack[7]     -       -     R     (port)         -    -     -     0     692    (-,-) 
#---------------------------------------------------------------------------------------



Path 9: MET (4308 ps) Path Delay Check
     Startpoint: (R) src_req[0]
       Endpoint: (R) src_ack[8]

                   Capture    Launch  
      Path Delay:+    5000         -  
      Drv Adjust:+       0         0  
         Arrival:=    5000            
                                      
   Required Time:=    5000            
       Data Path:-     692            
           Slack:=    4308            

Exceptions/Constraints:
  max_delay             5000            zipped_path_delay_0   

#---------------------------------------------------------------------------------------
# Timing Point   Flags   Arc   Edge   Cell     Fanout Load Trans Delay Arrival Instance 
#                                                     (fF)  (ps)  (ps)   (ps)  Location 
#---------------------------------------------------------------------------------------
  src_req[0]     -       -     R     (arrival)      4  1.2     0     0       0    (-,-) 
  g2124__6417/Y  -       A0->Y F     AOI22X1        1  0.4   115    89      89    (-,-) 
  g2121__2346/Y  -       A1->Y R     OAI22X1        1  0.4    90   116     206    (-,-) 
  g2119__9945/Y  -       A->Y  F     NOR4X1         2  0.5    65    96     301    (-,-) 
  g2118__9315/Y  -       C->Y  R     NOR3BX1        2  0.4    80    82     384    (-,-) 
  g2116__4733/Y  -       B->Y  F     NAND2X1       16  3.2   207   169     552    (-,-) 
  g2112__6131/Y  -       C->Y  R     NOR3XL         1  0.0    56   140     692    (-,-) 
  src_ack[8]     -       -     R     (port)         -    -     -     0     692    (-,-) 
#---------------------------------------------------------------------------------------



Path 10: MET (4308 ps) Path Delay Check
     Startpoint: (R) src_req[0]
       Endpoint: (R) src_ack[9]

                   Capture    Launch  
      Path Delay:+    5000         -  
      Drv Adjust:+       0         0  
         Arrival:=    5000            
                                      
   Required Time:=    5000            
       Data Path:-     692            
           Slack:=    4308            

Exceptions/Constraints:
  max_delay             5000            zipped_path_delay_0   

#---------------------------------------------------------------------------------------
# Timing Point   Flags   Arc   Edge   Cell     Fanout Load Trans Delay Arrival Instance 
#                                                     (fF)  (ps)  (ps)   (ps)  Location 
#---------------------------------------------------------------------------------------
  src_req[0]     -       -     R     (arrival)      4  1.2     0     0       0    (-,-) 
  g2124__6417/Y  -       A0->Y F     AOI22X1        1  0.4   115    89      89    (-,-) 
  g2121__2346/Y  -       A1->Y R     OAI22X1        1  0.4    90   116     206    (-,-) 
  g2119__9945/Y  -       A->Y  F     NOR4X1         2  0.5    65    96     301    (-,-) 
  g2118__9315/Y  -       C->Y  R     NOR3BX1        2  0.4    80    82     384    (-,-) 
  g2116__4733/Y  -       B->Y  F     NAND2X1       16  3.2   207   169     552    (-,-) 
  g2114__5115/Y  -       C->Y  R     NOR3XL         1  0.0    56   140     692    (-,-) 
  src_ack[9]     -       -     R     (port)         -    -     -     0     692    (-,-) 
#---------------------------------------------------------------------------------------



Path 11: MET (4308 ps) Path Delay Check
     Startpoint: (R) src_req[0]
       Endpoint: (R) src_ack[10]

                   Capture    Launch  
      Path Delay:+    5000         -  
      Drv Adjust:+       0         0  
         Arrival:=    5000            
                                      
   Required Time:=    5000            
       Data Path:-     692            
           Slack:=    4308            

Exceptions/Constraints:
  max_delay             5000            zipped_path_delay_0   

#---------------------------------------------------------------------------------------
# Timing Point   Flags   Arc   Edge   Cell     Fanout Load Trans Delay Arrival Instance 
#                                                     (fF)  (ps)  (ps)   (ps)  Location 
#---------------------------------------------------------------------------------------
  src_req[0]     -       -     R     (arrival)      4  1.2     0     0       0    (-,-) 
  g2124__6417/Y  -       A0->Y F     AOI22X1        1  0.4   115    89      89    (-,-) 
  g2121__2346/Y  -       A1->Y R     OAI22X1        1  0.4    90   116     206    (-,-) 
  g2119__9945/Y  -       A->Y  F     NOR4X1         2  0.5    65    96     301    (-,-) 
  g2118__9315/Y  -       C->Y  R     NOR3BX1        2  0.4    80    82     384    (-,-) 
  g2116__4733/Y  -       B->Y  F     NAND2X1       16  3.2   207   169     552    (-,-) 
  g2107__2802/Y  -       C->Y  R     NOR3XL         1  0.0    56   140     692    (-,-) 
  src_ack[10]    -       -     R     (port)         -    -     -     0     692    (-,-) 
#---------------------------------------------------------------------------------------



Path 12: MET (4308 ps) Path Delay Check
     Startpoint: (R) src_req[0]
       Endpoint: (R) src_ack[11]

                   Capture    Launch  
      Path Delay:+    5000         -  
      Drv Adjust:+       0         0  
         Arrival:=    5000            
                                      
   Required Time:=    5000            
       Data Path:-     692            
           Slack:=    4308            

Exceptions/Constraints:
  max_delay             5000            zipped_path_delay_0   

#---------------------------------------------------------------------------------------
# Timing Point   Flags   Arc   Edge   Cell     Fanout Load Trans Delay Arrival Instance 
#                                                     (fF)  (ps)  (ps)   (ps)  Location 
#---------------------------------------------------------------------------------------
  src_req[0]     -       -     R     (arrival)      4  1.2     0     0       0    (-,-) 
  g2124__6417/Y  -       A0->Y F     AOI22X1        1  0.4   115    89      89    (-,-) 
  g2121__2346/Y  -       A1->Y R     OAI22X1        1  0.4    90   116     206    (-,-) 
  g2119__9945/Y  -       A->Y  F     NOR4X1         2  0.5    65    96     301    (-,-) 
  g2118__9315/Y  -       C->Y  R     NOR3BX1        2  0.4    80    82     384    (-,-) 
  g2116__4733/Y  -       B->Y  F     NAND2X1       16  3.2   207   169     552    (-,-) 
  g2100__6260/Y  -       C->Y  R     NOR3XL         1  0.0    56   140     692    (-,-) 
  src_ack[11]    -       -     R     (port)         -    -     -     0     692    (-,-) 
#---------------------------------------------------------------------------------------



Path 13: MET (4308 ps) Path Delay Check
     Startpoint: (R) src_req[0]
       Endpoint: (R) src_ack[12]

                   Capture    Launch  
      Path Delay:+    5000         -  
      Drv Adjust:+       0         0  
         Arrival:=    5000            
                                      
   Required Time:=    5000            
       Data Path:-     692            
           Slack:=    4308            

Exceptions/Constraints:
  max_delay             5000            zipped_path_delay_0   

#---------------------------------------------------------------------------------------
# Timing Point   Flags   Arc   Edge   Cell     Fanout Load Trans Delay Arrival Instance 
#                                                     (fF)  (ps)  (ps)   (ps)  Location 
#---------------------------------------------------------------------------------------
  src_req[0]     -       -     R     (arrival)      4  1.2     0     0       0    (-,-) 
  g2124__6417/Y  -       A0->Y F     AOI22X1        1  0.4   115    89      89    (-,-) 
  g2121__2346/Y  -       A1->Y R     OAI22X1        1  0.4    90   116     206    (-,-) 
  g2119__9945/Y  -       A->Y  F     NOR4X1         2  0.5    65    96     301    (-,-) 
  g2118__9315/Y  -       C->Y  R     NOR3BX1        2  0.4    80    82     384    (-,-) 
  g2116__4733/Y  -       B->Y  F     NAND2X1       16  3.2   207   169     552    (-,-) 
  g2106__1617/Y  -       C->Y  R     NOR3XL         1  0.0    56   140     692    (-,-) 
  src_ack[12]    -       -     R     (port)         -    -     -     0     692    (-,-) 
#---------------------------------------------------------------------------------------



Path 14: MET (4308 ps) Path Delay Check
     Startpoint: (R) src_req[0]
       Endpoint: (R) src_ack[13]

                   Capture    Launch  
      Path Delay:+    5000         -  
      Drv Adjust:+       0         0  
         Arrival:=    5000            
                                      
   Required Time:=    5000            
       Data Path:-     692            
           Slack:=    4308            

Exceptions/Constraints:
  max_delay             5000            zipped_path_delay_0   

#---------------------------------------------------------------------------------------
# Timing Point   Flags   Arc   Edge   Cell     Fanout Load Trans Delay Arrival Instance 
#                                                     (fF)  (ps)  (ps)   (ps)  Location 
#---------------------------------------------------------------------------------------
  src_req[0]     -       -     R     (arrival)      4  1.2     0     0       0    (-,-) 
  g2124__6417/Y  -       A0->Y F     AOI22X1        1  0.4   115    89      89    (-,-) 
  g2121__2346/Y  -       A1->Y R     OAI22X1        1  0.4    90   116     206    (-,-) 
  g2119__9945/Y  -       A->Y  F     NOR4X1         2  0.5    65    96     301    (-,-) 
  g2118__9315/Y  -       C->Y  R     NOR3BX1        2  0.4    80    82     384    (-,-) 
  g2116__4733/Y  -       B->Y  F     NAND2X1       16  3.2   207   169     552    (-,-) 
  g2103__5526/Y  -       C->Y  R     NOR3XL         1  0.0    56   140     692    (-,-) 
  src_ack[13]    -       -     R     (port)         -    -     -     0     692    (-,-) 
#---------------------------------------------------------------------------------------



Path 15: MET (4308 ps) Path Delay Check
     Startpoint: (R) src_req[0]
       Endpoint: (R) src_ack[14]

                   Capture    Launch  
      Path Delay:+    5000         -  
      Drv Adjust:+       0         0  
         Arrival:=    5000            
                                      
   Required Time:=    5000            
       Data Path:-     692            
           Slack:=    4308            

Exceptions/Constraints:
  max_delay             5000            zipped_path_delay_0   

#---------------------------------------------------------------------------------------
# Timing Point   Flags   Arc   Edge   Cell     Fanout Load Trans Delay Arrival Instance 
#                                                     (fF)  (ps)  (ps)   (ps)  Location 
#---------------------------------------------------------------------------------------
  src_req[0]     -       -     R     (arrival)      4  1.2     0     0       0    (-,-) 
  g2124__6417/Y  -       A0->Y F     AOI22X1        1  0.4   115    89      89    (-,-) 
  g2121__2346/Y  -       A1->Y R     OAI22X1        1  0.4    90   116     206    (-,-) 
  g2119__9945/Y  -       A->Y  F     NOR4X1         2  0.5    65    96     301    (-,-) 
  g2118__9315/Y  -       C->Y  R     NOR3BX1        2  0.4    80    82     384    (-,-) 
  g2116__4733/Y  -       B->Y  F     NAND2X1       16  3.2   207   169     552    (-,-) 
  g2102__8428/Y  -       C->Y  R     NOR3XL         1  0.0    56   140     692    (-,-) 
  src_ack[14]    -       -     R     (port)         -    -     -     0     692    (-,-) 
#---------------------------------------------------------------------------------------



Path 16: MET (4308 ps) Path Delay Check
     Startpoint: (R) src_req[0]
       Endpoint: (R) src_ack[15]

                   Capture    Launch  
      Path Delay:+    5000         -  
      Drv Adjust:+       0         0  
         Arrival:=    5000            
                                      
   Required Time:=    5000            
       Data Path:-     692            
           Slack:=    4308            

Exceptions/Constraints:
  max_delay             5000            zipped_path_delay_0   

#---------------------------------------------------------------------------------------
# Timing Point   Flags   Arc   Edge   Cell     Fanout Load Trans Delay Arrival Instance 
#                                                     (fF)  (ps)  (ps)   (ps)  Location 
#---------------------------------------------------------------------------------------
  src_req[0]     -       -     R     (arrival)      4  1.2     0     0       0    (-,-) 
  g2124__6417/Y  -       A0->Y F     AOI22X1        1  0.4   115    89      89    (-,-) 
  g2121__2346/Y  -       A1->Y R     OAI22X1        1  0.4    90   116     206    (-,-) 
  g2119__9945/Y  -       A->Y  F     NOR4X1         2  0.5    65    96     301    (-,-) 
  g2118__9315/Y  -       C->Y  R     NOR3BX1        2  0.4    80    82     384    (-,-) 
  g2116__4733/Y  -       B->Y  F     NAND2X1       16  3.2   207   169     552    (-,-) 
  g2104__6783/Y  -       C->Y  R     NOR3XL         1  0.0    56   140     692    (-,-) 
  src_ack[15]    -       -     R     (port)         -    -     -     0     692    (-,-) 
#---------------------------------------------------------------------------------------



Path 17: MET (4510 ps) Path Delay Check
     Startpoint: (F) src_req[0]
       Endpoint: (F) aer_req

                   Capture    Launch  
      Path Delay:+    5000         -  
      Drv Adjust:+       0         0  
         Arrival:=    5000            
                                      
   Required Time:=    5000            
       Data Path:-     490            
           Slack:=    4510            

Exceptions/Constraints:
  max_delay             5000            del_1   

#---------------------------------------------------------------------------------------
# Timing Point   Flags   Arc   Edge   Cell     Fanout Load Trans Delay Arrival Instance 
#                                                     (fF)  (ps)  (ps)   (ps)  Location 
#---------------------------------------------------------------------------------------
  src_req[0]     -       -     F     (arrival)      4  1.2     0     0       0    (-,-) 
  g2124__6417/Y  -       A0->Y R     AOI22X1        1  0.4    67    73      73    (-,-) 
  g2121__2346/Y  -       A1->Y F     OAI22X1        1  0.4    98   116     190    (-,-) 
  g2119__9945/Y  -       A->Y  R     NOR4X1         2  0.6   139   198     388    (-,-) 
  g2118__9315/Y  -       C->Y  F     NOR3BX1        2  0.3    48   102     490    (-,-) 
  aer_req        -       -     F     (port)         -    -     -     0     490    (-,-) 
#---------------------------------------------------------------------------------------

Some unconstrained paths have not been displayed.
Use -unconstrained or set the root attribute 'timing_report_unconstrained' to 'true' to see only these unconstrained paths.

