Copyright 1986-2020 Xilinx, Inc. All Rights Reserved.
----------------------------------------------------------------------------------------------------------------------------------------------------------------------
| Tool Version : Vivado v.2020.2 (win64) Build 3064766 Wed Nov 18 09:12:45 MST 2020
| Date         : Fri Aug 21 04:31:31 2026
| Host         : <LOCAL_HOST> running 64-bit major release  (build 9200)
| Command      : report_timing -delay_type max -max_paths 20 -from [all_registers] -to [all_registers] -file reports/p9_epoch_variants/vivado_case/reg2reg_timing.rpt
| Design       : aer_pending_direct_gray_oht_epoch_case
| Device       : 7a35t-cpg236
| Speed File   : -1  PRODUCTION 1.23 2018-06-13
----------------------------------------------------------------------------------------------------------------------------------------------------------------------

Timing Report

Slack (MET) :             4.755ns  (required time - arrival time)
  Source:                 core/req_sync_q_reg[1]/C
                            (rising edge-triggered cell FDRE clocked by clk  {rise@0.000ns fall@5.000ns period=10.000ns})
  Destination:            core/out_addr_q_reg[0]/D
                            (rising edge-triggered cell FDRE clocked by clk  {rise@0.000ns fall@5.000ns period=10.000ns})
  Path Group:             clk
  Path Type:              Setup (Max at Slow Process Corner)
  Requirement:            10.000ns  (clk rise@10.000ns - clk rise@0.000ns)
  Data Path Delay:        5.094ns  (logic 1.123ns (22.046%)  route 3.971ns (77.954%))
  Logic Levels:           4  (LUT5=1 LUT6=3)
  Clock Path Skew:        -0.145ns (DCD - SCD + CPR)
    Destination Clock Delay (DCD):    2.079ns = ( 12.079 - 10.000 ) 
    Source Clock Delay      (SCD):    2.402ns
    Clock Pessimism Removal (CPR):    0.178ns
  Clock Uncertainty:      0.035ns  ((TSJ^2 + TIJ^2)^1/2 + DJ) / 2 + PE
    Total System Jitter     (TSJ):    0.071ns
    Total Input Jitter      (TIJ):    0.000ns
    Discrete Jitter          (DJ):    0.000ns
    Phase Error              (PE):    0.000ns

    Location             Delay type                Incr(ns)  Path(ns)    Netlist Resource(s)
  -------------------------------------------------------------------    -------------------
                         (clock clk rise edge)        0.000     0.000 r  
                                                      0.000     0.000 r  clk (IN)
                         net (fo=0)                   0.000     0.000    clk
                         IBUF (Prop_ibuf_I_O)         0.923     0.923 r  clk_IBUF_inst/O
                         net (fo=1, unplaced)         0.800     1.722    clk_IBUF
                         BUFG (Prop_bufg_I_O)         0.096     1.818 r  clk_IBUF_BUFG_inst/O
                         net (fo=75, unplaced)        0.584     2.402    core/CLK
                         FDRE                                         r  core/req_sync_q_reg[1]/C
  -------------------------------------------------------------------    -------------------
                         FDRE (Prop_fdre_C_Q)         0.456     2.858 f  core/req_sync_q_reg[1]/Q
                         net (fo=3, unplaced)         0.983     3.841    core/req_sync_q[1]
                         LUT6 (Prop_lut6_I0_O)        0.295     4.136 f  core/epoch_gray_q[3]_i_7/O
                         net (fo=6, unplaced)         0.934     5.070    core/epoch_gray_q[3]_i_7_n_0
                         LUT5 (Prop_lut5_I2_O)        0.124     5.194 f  core/out_addr_q[3]_i_2/O
                         net (fo=9, unplaced)         0.943     6.137    core/out_addr_q[3]_i_2_n_0
                         LUT6 (Prop_lut6_I3_O)        0.124     6.261 r  core/out_addr_q[0]_i_3/O
                         net (fo=1, unplaced)         1.111     7.372    core/out_addr_q[0]_i_3_n_0
                         LUT6 (Prop_lut6_I1_O)        0.124     7.496 r  core/out_addr_q[0]_i_1/O
                         net (fo=1, unplaced)         0.000     7.496    core/out_addr_q[0]_i_1_n_0
                         FDRE                                         r  core/out_addr_q_reg[0]/D
  -------------------------------------------------------------------    -------------------

                         (clock clk rise edge)       10.000    10.000 r  
                                                      0.000    10.000 r  clk (IN)
                         net (fo=0)                   0.000    10.000    clk
                         IBUF (Prop_ibuf_I_O)         0.789    10.789 r  clk_IBUF_inst/O
                         net (fo=1, unplaced)         0.760    11.549    clk_IBUF
                         BUFG (Prop_bufg_I_O)         0.091    11.640 r  clk_IBUF_BUFG_inst/O
                         net (fo=75, unplaced)        0.439    12.079    core/CLK
                         FDRE                                         r  core/out_addr_q_reg[0]/C
                         clock pessimism              0.178    12.257    
                         clock uncertainty           -0.035    12.222    
                         FDRE (Setup_fdre_C_D)        0.029    12.251    core/out_addr_q_reg[0]
  -------------------------------------------------------------------
                         required time                         12.251    
                         arrival time                          -7.496    
  -------------------------------------------------------------------
                         slack                                  4.755    

Slack (MET) :             5.399ns  (required time - arrival time)
  Source:                 core/req_sync_q_reg[1]/C
                            (rising edge-triggered cell FDRE clocked by clk  {rise@0.000ns fall@5.000ns period=10.000ns})
  Destination:            core/out_addr_q_reg[1]/D
                            (rising edge-triggered cell FDRE clocked by clk  {rise@0.000ns fall@5.000ns period=10.000ns})
  Path Group:             clk
  Path Type:              Setup (Max at Slow Process Corner)
  Requirement:            10.000ns  (clk rise@10.000ns - clk rise@0.000ns)
  Data Path Delay:        4.450ns  (logic 1.123ns (25.236%)  route 3.327ns (74.764%))
  Logic Levels:           4  (LUT4=1 LUT5=1 LUT6=2)
  Clock Path Skew:        -0.145ns (DCD - SCD + CPR)
    Destination Clock Delay (DCD):    2.079ns = ( 12.079 - 10.000 ) 
    Source Clock Delay      (SCD):    2.402ns
    Clock Pessimism Removal (CPR):    0.178ns
  Clock Uncertainty:      0.035ns  ((TSJ^2 + TIJ^2)^1/2 + DJ) / 2 + PE
    Total System Jitter     (TSJ):    0.071ns
    Total Input Jitter      (TIJ):    0.000ns
    Discrete Jitter          (DJ):    0.000ns
    Phase Error              (PE):    0.000ns

    Location             Delay type                Incr(ns)  Path(ns)    Netlist Resource(s)
  -------------------------------------------------------------------    -------------------
                         (clock clk rise edge)        0.000     0.000 r  
                                                      0.000     0.000 r  clk (IN)
                         net (fo=0)                   0.000     0.000    clk
                         IBUF (Prop_ibuf_I_O)         0.923     0.923 r  clk_IBUF_inst/O
                         net (fo=1, unplaced)         0.800     1.722    clk_IBUF
                         BUFG (Prop_bufg_I_O)         0.096     1.818 r  clk_IBUF_BUFG_inst/O
                         net (fo=75, unplaced)        0.584     2.402    core/CLK
                         FDRE                                         r  core/req_sync_q_reg[1]/C
  -------------------------------------------------------------------    -------------------
                         FDRE (Prop_fdre_C_Q)         0.456     2.858 f  core/req_sync_q_reg[1]/Q
                         net (fo=3, unplaced)         0.983     3.841    core/req_sync_q[1]
                         LUT6 (Prop_lut6_I0_O)        0.295     4.136 f  core/epoch_gray_q[3]_i_7/O
                         net (fo=6, unplaced)         0.934     5.070    core/epoch_gray_q[3]_i_7_n_0
                         LUT5 (Prop_lut5_I2_O)        0.124     5.194 f  core/out_addr_q[3]_i_2/O
                         net (fo=9, unplaced)         0.490     5.684    core/out_addr_q[3]_i_2_n_0
                         LUT6 (Prop_lut6_I2_O)        0.124     5.808 r  core/pending_q[11]_i_2/O
                         net (fo=3, unplaced)         0.920     6.728    core/pending_q[11]_i_2_n_0
                         LUT4 (Prop_lut4_I1_O)        0.124     6.852 r  core/out_addr_q[1]_i_1/O
                         net (fo=1, unplaced)         0.000     6.852    core/selected_addr[1]
                         FDRE                                         r  core/out_addr_q_reg[1]/D
  -------------------------------------------------------------------    -------------------

                         (clock clk rise edge)       10.000    10.000 r  
                                                      0.000    10.000 r  clk (IN)
                         net (fo=0)                   0.000    10.000    clk
                         IBUF (Prop_ibuf_I_O)         0.789    10.789 r  clk_IBUF_inst/O
                         net (fo=1, unplaced)         0.760    11.549    clk_IBUF
                         BUFG (Prop_bufg_I_O)         0.091    11.640 r  clk_IBUF_BUFG_inst/O
                         net (fo=75, unplaced)        0.439    12.079    core/CLK
                         FDRE                                         r  core/out_addr_q_reg[1]/C
                         clock pessimism              0.178    12.257    
                         clock uncertainty           -0.035    12.222    
                         FDRE (Setup_fdre_C_D)        0.029    12.251    core/out_addr_q_reg[1]
  -------------------------------------------------------------------
                         required time                         12.251    
                         arrival time                          -6.852    
  -------------------------------------------------------------------
                         slack                                  5.399    

Slack (MET) :             5.424ns  (required time - arrival time)
  Source:                 core/req_sync_q_reg[15]/C
                            (rising edge-triggered cell FDRE clocked by clk  {rise@0.000ns fall@5.000ns period=10.000ns})
  Destination:            core/out_addr_q_reg[2]/D
                            (rising edge-triggered cell FDRE clocked by clk  {rise@0.000ns fall@5.000ns period=10.000ns})
  Path Group:             clk
  Path Type:              Setup (Max at Slow Process Corner)
  Requirement:            10.000ns  (clk rise@10.000ns - clk rise@0.000ns)
  Data Path Delay:        4.425ns  (logic 1.123ns (25.379%)  route 3.302ns (74.621%))
  Logic Levels:           4  (LUT4=1 LUT5=2 LUT6=1)
  Clock Path Skew:        -0.145ns (DCD - SCD + CPR)
    Destination Clock Delay (DCD):    2.079ns = ( 12.079 - 10.000 ) 
    Source Clock Delay      (SCD):    2.402ns
    Clock Pessimism Removal (CPR):    0.178ns
  Clock Uncertainty:      0.035ns  ((TSJ^2 + TIJ^2)^1/2 + DJ) / 2 + PE
    Total System Jitter     (TSJ):    0.071ns
    Total Input Jitter      (TIJ):    0.000ns
    Discrete Jitter          (DJ):    0.000ns
    Phase Error              (PE):    0.000ns

    Location             Delay type                Incr(ns)  Path(ns)    Netlist Resource(s)
  -------------------------------------------------------------------    -------------------
                         (clock clk rise edge)        0.000     0.000 r  
                                                      0.000     0.000 r  clk (IN)
                         net (fo=0)                   0.000     0.000    clk
                         IBUF (Prop_ibuf_I_O)         0.923     0.923 r  clk_IBUF_inst/O
                         net (fo=1, unplaced)         0.800     1.722    clk_IBUF
                         BUFG (Prop_bufg_I_O)         0.096     1.818 r  clk_IBUF_BUFG_inst/O
                         net (fo=75, unplaced)        0.584     2.402    core/CLK
                         FDRE                                         r  core/req_sync_q_reg[15]/C
  -------------------------------------------------------------------    -------------------
                         FDRE (Prop_fdre_C_Q)         0.456     2.858 f  core/req_sync_q_reg[15]/Q
                         net (fo=3, unplaced)         0.983     3.841    core/req_sync_q[15]
                         LUT6 (Prop_lut6_I0_O)        0.295     4.136 r  core/epoch_gray_q[3]_i_10/O
                         net (fo=4, unplaced)         0.926     5.062    core/epoch_gray_q[3]_i_10_n_0
                         LUT4 (Prop_lut4_I1_O)        0.124     5.186 r  core/epoch_gray_q[3]_i_6/O
                         net (fo=4, unplaced)         0.926     6.112    core/epoch_gray_q[3]_i_6_n_0
                         LUT5 (Prop_lut5_I1_O)        0.124     6.236 r  core/pending_q[5]_i_4/O
                         net (fo=3, unplaced)         0.467     6.703    core/pending_q[5]_i_4_n_0
                         LUT5 (Prop_lut5_I4_O)        0.124     6.827 r  core/out_addr_q[2]_i_1/O
                         net (fo=1, unplaced)         0.000     6.827    core/selected_addr[2]
                         FDRE                                         r  core/out_addr_q_reg[2]/D
  -------------------------------------------------------------------    -------------------

                         (clock clk rise edge)       10.000    10.000 r  
                                                      0.000    10.000 r  clk (IN)
                         net (fo=0)                   0.000    10.000    clk
                         IBUF (Prop_ibuf_I_O)         0.789    10.789 r  clk_IBUF_inst/O
                         net (fo=1, unplaced)         0.760    11.549    clk_IBUF
                         BUFG (Prop_bufg_I_O)         0.091    11.640 r  clk_IBUF_BUFG_inst/O
                         net (fo=75, unplaced)        0.439    12.079    core/CLK
                         FDRE                                         r  core/out_addr_q_reg[2]/C
                         clock pessimism              0.178    12.257    
                         clock uncertainty           -0.035    12.222    
                         FDRE (Setup_fdre_C_D)        0.029    12.251    core/out_addr_q_reg[2]
  -------------------------------------------------------------------
                         required time                         12.251    
                         arrival time                          -6.827    
  -------------------------------------------------------------------
                         slack                                  5.424    

Slack (MET) :             5.424ns  (required time - arrival time)
  Source:                 core/req_sync_q_reg[15]/C
                            (rising edge-triggered cell FDRE clocked by clk  {rise@0.000ns fall@5.000ns period=10.000ns})
  Destination:            core/pending_q_reg[4]/D
                            (rising edge-triggered cell FDRE clocked by clk  {rise@0.000ns fall@5.000ns period=10.000ns})
  Path Group:             clk
  Path Type:              Setup (Max at Slow Process Corner)
  Requirement:            10.000ns  (clk rise@10.000ns - clk rise@0.000ns)
  Data Path Delay:        4.425ns  (logic 1.123ns (25.379%)  route 3.302ns (74.621%))
  Logic Levels:           4  (LUT4=1 LUT5=1 LUT6=2)
  Clock Path Skew:        -0.145ns (DCD - SCD + CPR)
    Destination Clock Delay (DCD):    2.079ns = ( 12.079 - 10.000 ) 
    Source Clock Delay      (SCD):    2.402ns
    Clock Pessimism Removal (CPR):    0.178ns
  Clock Uncertainty:      0.035ns  ((TSJ^2 + TIJ^2)^1/2 + DJ) / 2 + PE
    Total System Jitter     (TSJ):    0.071ns
    Total Input Jitter      (TIJ):    0.000ns
    Discrete Jitter          (DJ):    0.000ns
    Phase Error              (PE):    0.000ns

    Location             Delay type                Incr(ns)  Path(ns)    Netlist Resource(s)
  -------------------------------------------------------------------    -------------------
                         (clock clk rise edge)        0.000     0.000 r  
                                                      0.000     0.000 r  clk (IN)
                         net (fo=0)                   0.000     0.000    clk
                         IBUF (Prop_ibuf_I_O)         0.923     0.923 r  clk_IBUF_inst/O
                         net (fo=1, unplaced)         0.800     1.722    clk_IBUF
                         BUFG (Prop_bufg_I_O)         0.096     1.818 r  clk_IBUF_BUFG_inst/O
                         net (fo=75, unplaced)        0.584     2.402    core/CLK
                         FDRE                                         r  core/req_sync_q_reg[15]/C
  -------------------------------------------------------------------    -------------------
                         FDRE (Prop_fdre_C_Q)         0.456     2.858 r  core/req_sync_q_reg[15]/Q
                         net (fo=3, unplaced)         0.983     3.841    core/req_sync_q[15]
                         LUT6 (Prop_lut6_I0_O)        0.295     4.136 f  core/epoch_gray_q[3]_i_10/O
                         net (fo=4, unplaced)         0.926     5.062    core/epoch_gray_q[3]_i_10_n_0
                         LUT4 (Prop_lut4_I1_O)        0.124     5.186 f  core/epoch_gray_q[3]_i_6/O
                         net (fo=4, unplaced)         0.926     6.112    core/epoch_gray_q[3]_i_6_n_0
                         LUT5 (Prop_lut5_I1_O)        0.124     6.236 f  core/pending_q[5]_i_4/O
                         net (fo=3, unplaced)         0.467     6.703    core/pending_q[5]_i_4_n_0
                         LUT6 (Prop_lut6_I4_O)        0.124     6.827 r  core/pending_q[4]_i_1/O
                         net (fo=1, unplaced)         0.000     6.827    core/pending_d[4]
                         FDRE                                         r  core/pending_q_reg[4]/D
  -------------------------------------------------------------------    -------------------

                         (clock clk rise edge)       10.000    10.000 r  
                                                      0.000    10.000 r  clk (IN)
                         net (fo=0)                   0.000    10.000    clk
                         IBUF (Prop_ibuf_I_O)         0.789    10.789 r  clk_IBUF_inst/O
                         net (fo=1, unplaced)         0.760    11.549    clk_IBUF
                         BUFG (Prop_bufg_I_O)         0.091    11.640 r  clk_IBUF_BUFG_inst/O
                         net (fo=75, unplaced)        0.439    12.079    core/CLK
                         FDRE                                         r  core/pending_q_reg[4]/C
                         clock pessimism              0.178    12.257    
                         clock uncertainty           -0.035    12.222    
                         FDRE (Setup_fdre_C_D)        0.029    12.251    core/pending_q_reg[4]
  -------------------------------------------------------------------
                         required time                         12.251    
                         arrival time                          -6.827    
  -------------------------------------------------------------------
                         slack                                  5.424    

Slack (MET) :             5.424ns  (required time - arrival time)
  Source:                 core/req_sync_q_reg[15]/C
                            (rising edge-triggered cell FDRE clocked by clk  {rise@0.000ns fall@5.000ns period=10.000ns})
  Destination:            core/pending_q_reg[5]/D
                            (rising edge-triggered cell FDRE clocked by clk  {rise@0.000ns fall@5.000ns period=10.000ns})
  Path Group:             clk
  Path Type:              Setup (Max at Slow Process Corner)
  Requirement:            10.000ns  (clk rise@10.000ns - clk rise@0.000ns)
  Data Path Delay:        4.425ns  (logic 1.123ns (25.379%)  route 3.302ns (74.621%))
  Logic Levels:           4  (LUT4=1 LUT5=1 LUT6=2)
  Clock Path Skew:        -0.145ns (DCD - SCD + CPR)
    Destination Clock Delay (DCD):    2.079ns = ( 12.079 - 10.000 ) 
    Source Clock Delay      (SCD):    2.402ns
    Clock Pessimism Removal (CPR):    0.178ns
  Clock Uncertainty:      0.035ns  ((TSJ^2 + TIJ^2)^1/2 + DJ) / 2 + PE
    Total System Jitter     (TSJ):    0.071ns
    Total Input Jitter      (TIJ):    0.000ns
    Discrete Jitter          (DJ):    0.000ns
    Phase Error              (PE):    0.000ns

    Location             Delay type                Incr(ns)  Path(ns)    Netlist Resource(s)
  -------------------------------------------------------------------    -------------------
                         (clock clk rise edge)        0.000     0.000 r  
                                                      0.000     0.000 r  clk (IN)
                         net (fo=0)                   0.000     0.000    clk
                         IBUF (Prop_ibuf_I_O)         0.923     0.923 r  clk_IBUF_inst/O
                         net (fo=1, unplaced)         0.800     1.722    clk_IBUF
                         BUFG (Prop_bufg_I_O)         0.096     1.818 r  clk_IBUF_BUFG_inst/O
                         net (fo=75, unplaced)        0.584     2.402    core/CLK
                         FDRE                                         r  core/req_sync_q_reg[15]/C
  -------------------------------------------------------------------    -------------------
                         FDRE (Prop_fdre_C_Q)         0.456     2.858 r  core/req_sync_q_reg[15]/Q
                         net (fo=3, unplaced)         0.983     3.841    core/req_sync_q[15]
                         LUT6 (Prop_lut6_I0_O)        0.295     4.136 f  core/epoch_gray_q[3]_i_10/O
                         net (fo=4, unplaced)         0.926     5.062    core/epoch_gray_q[3]_i_10_n_0
                         LUT4 (Prop_lut4_I1_O)        0.124     5.186 f  core/epoch_gray_q[3]_i_6/O
                         net (fo=4, unplaced)         0.926     6.112    core/epoch_gray_q[3]_i_6_n_0
                         LUT5 (Prop_lut5_I1_O)        0.124     6.236 f  core/pending_q[5]_i_4/O
                         net (fo=3, unplaced)         0.467     6.703    core/pending_q[5]_i_4_n_0
                         LUT6 (Prop_lut6_I2_O)        0.124     6.827 r  core/pending_q[5]_i_1/O
                         net (fo=1, unplaced)         0.000     6.827    core/pending_d[5]
                         FDRE                                         r  core/pending_q_reg[5]/D
  -------------------------------------------------------------------    -------------------

                         (clock clk rise edge)       10.000    10.000 r  
                                                      0.000    10.000 r  clk (IN)
                         net (fo=0)                   0.000    10.000    clk
                         IBUF (Prop_ibuf_I_O)         0.789    10.789 r  clk_IBUF_inst/O
                         net (fo=1, unplaced)         0.760    11.549    clk_IBUF
                         BUFG (Prop_bufg_I_O)         0.091    11.640 r  clk_IBUF_BUFG_inst/O
                         net (fo=75, unplaced)        0.439    12.079    core/CLK
                         FDRE                                         r  core/pending_q_reg[5]/C
                         clock pessimism              0.178    12.257    
                         clock uncertainty           -0.035    12.222    
                         FDRE (Setup_fdre_C_D)        0.029    12.251    core/pending_q_reg[5]
  -------------------------------------------------------------------
                         required time                         12.251    
                         arrival time                          -6.827    
  -------------------------------------------------------------------
                         slack                                  5.424    

Slack (MET) :             5.710ns  (required time - arrival time)
  Source:                 core/req_sync_q_reg[1]/C
                            (rising edge-triggered cell FDRE clocked by clk  {rise@0.000ns fall@5.000ns period=10.000ns})
  Destination:            core/epoch_gray_q_reg[0]/CE
                            (rising edge-triggered cell FDRE clocked by clk  {rise@0.000ns fall@5.000ns period=10.000ns})
  Path Group:             clk
  Path Type:              Setup (Max at Slow Process Corner)
  Requirement:            10.000ns  (clk rise@10.000ns - clk rise@0.000ns)
  Data Path Delay:        3.908ns  (logic 0.999ns (25.563%)  route 2.909ns (74.437%))
  Logic Levels:           3  (LUT5=2 LUT6=1)
  Clock Path Skew:        -0.145ns (DCD - SCD + CPR)
    Destination Clock Delay (DCD):    2.079ns = ( 12.079 - 10.000 ) 
    Source Clock Delay      (SCD):    2.402ns
    Clock Pessimism Removal (CPR):    0.178ns
  Clock Uncertainty:      0.035ns  ((TSJ^2 + TIJ^2)^1/2 + DJ) / 2 + PE
    Total System Jitter     (TSJ):    0.071ns
    Total Input Jitter      (TIJ):    0.000ns
    Discrete Jitter          (DJ):    0.000ns
    Phase Error              (PE):    0.000ns

    Location             Delay type                Incr(ns)  Path(ns)    Netlist Resource(s)
  -------------------------------------------------------------------    -------------------
                         (clock clk rise edge)        0.000     0.000 r  
                                                      0.000     0.000 r  clk (IN)
                         net (fo=0)                   0.000     0.000    clk
                         IBUF (Prop_ibuf_I_O)         0.923     0.923 r  clk_IBUF_inst/O
                         net (fo=1, unplaced)         0.800     1.722    clk_IBUF
                         BUFG (Prop_bufg_I_O)         0.096     1.818 r  clk_IBUF_BUFG_inst/O
                         net (fo=75, unplaced)        0.584     2.402    core/CLK
                         FDRE                                         r  core/req_sync_q_reg[1]/C
  -------------------------------------------------------------------    -------------------
                         FDRE (Prop_fdre_C_Q)         0.456     2.858 r  core/req_sync_q_reg[1]/Q
                         net (fo=3, unplaced)         0.983     3.841    core/req_sync_q[1]
                         LUT6 (Prop_lut6_I0_O)        0.295     4.136 r  core/epoch_gray_q[3]_i_7/O
                         net (fo=6, unplaced)         0.481     4.617    core/epoch_gray_q[3]_i_7_n_0
                         LUT5 (Prop_lut5_I4_O)        0.124     4.741 f  core/epoch_gray_q[3]_i_4/O
                         net (fo=6, unplaced)         0.934     5.675    core/epoch_gray_q[3]_i_4_n_0
                         LUT5 (Prop_lut5_I0_O)        0.124     5.799 r  core/epoch_gray_q[3]_i_2/O
                         net (fo=8, unplaced)         0.511     6.310    core/out_addr_d
                         FDRE                                         r  core/epoch_gray_q_reg[0]/CE
  -------------------------------------------------------------------    -------------------

                         (clock clk rise edge)       10.000    10.000 r  
                                                      0.000    10.000 r  clk (IN)
                         net (fo=0)                   0.000    10.000    clk
                         IBUF (Prop_ibuf_I_O)         0.789    10.789 r  clk_IBUF_inst/O
                         net (fo=1, unplaced)         0.760    11.549    clk_IBUF
                         BUFG (Prop_bufg_I_O)         0.091    11.640 r  clk_IBUF_BUFG_inst/O
                         net (fo=75, unplaced)        0.439    12.079    core/CLK
                         FDRE                                         r  core/epoch_gray_q_reg[0]/C
                         clock pessimism              0.178    12.257    
                         clock uncertainty           -0.035    12.222    
                         FDRE (Setup_fdre_C_CE)      -0.202    12.020    core/epoch_gray_q_reg[0]
  -------------------------------------------------------------------
                         required time                         12.020    
                         arrival time                          -6.310    
  -------------------------------------------------------------------
                         slack                                  5.710    

Slack (MET) :             5.710ns  (required time - arrival time)
  Source:                 core/req_sync_q_reg[1]/C
                            (rising edge-triggered cell FDRE clocked by clk  {rise@0.000ns fall@5.000ns period=10.000ns})
  Destination:            core/epoch_gray_q_reg[1]/CE
                            (rising edge-triggered cell FDRE clocked by clk  {rise@0.000ns fall@5.000ns period=10.000ns})
  Path Group:             clk
  Path Type:              Setup (Max at Slow Process Corner)
  Requirement:            10.000ns  (clk rise@10.000ns - clk rise@0.000ns)
  Data Path Delay:        3.908ns  (logic 0.999ns (25.563%)  route 2.909ns (74.437%))
  Logic Levels:           3  (LUT5=2 LUT6=1)
  Clock Path Skew:        -0.145ns (DCD - SCD + CPR)
    Destination Clock Delay (DCD):    2.079ns = ( 12.079 - 10.000 ) 
    Source Clock Delay      (SCD):    2.402ns
    Clock Pessimism Removal (CPR):    0.178ns
  Clock Uncertainty:      0.035ns  ((TSJ^2 + TIJ^2)^1/2 + DJ) / 2 + PE
    Total System Jitter     (TSJ):    0.071ns
    Total Input Jitter      (TIJ):    0.000ns
    Discrete Jitter          (DJ):    0.000ns
    Phase Error              (PE):    0.000ns

    Location             Delay type                Incr(ns)  Path(ns)    Netlist Resource(s)
  -------------------------------------------------------------------    -------------------
                         (clock clk rise edge)        0.000     0.000 r  
                                                      0.000     0.000 r  clk (IN)
                         net (fo=0)                   0.000     0.000    clk
                         IBUF (Prop_ibuf_I_O)         0.923     0.923 r  clk_IBUF_inst/O
                         net (fo=1, unplaced)         0.800     1.722    clk_IBUF
                         BUFG (Prop_bufg_I_O)         0.096     1.818 r  clk_IBUF_BUFG_inst/O
                         net (fo=75, unplaced)        0.584     2.402    core/CLK
                         FDRE                                         r  core/req_sync_q_reg[1]/C
  -------------------------------------------------------------------    -------------------
                         FDRE (Prop_fdre_C_Q)         0.456     2.858 r  core/req_sync_q_reg[1]/Q
                         net (fo=3, unplaced)         0.983     3.841    core/req_sync_q[1]
                         LUT6 (Prop_lut6_I0_O)        0.295     4.136 r  core/epoch_gray_q[3]_i_7/O
                         net (fo=6, unplaced)         0.481     4.617    core/epoch_gray_q[3]_i_7_n_0
                         LUT5 (Prop_lut5_I4_O)        0.124     4.741 f  core/epoch_gray_q[3]_i_4/O
                         net (fo=6, unplaced)         0.934     5.675    core/epoch_gray_q[3]_i_4_n_0
                         LUT5 (Prop_lut5_I0_O)        0.124     5.799 r  core/epoch_gray_q[3]_i_2/O
                         net (fo=8, unplaced)         0.511     6.310    core/out_addr_d
                         FDRE                                         r  core/epoch_gray_q_reg[1]/CE
  -------------------------------------------------------------------    -------------------

                         (clock clk rise edge)       10.000    10.000 r  
                                                      0.000    10.000 r  clk (IN)
                         net (fo=0)                   0.000    10.000    clk
                         IBUF (Prop_ibuf_I_O)         0.789    10.789 r  clk_IBUF_inst/O
                         net (fo=1, unplaced)         0.760    11.549    clk_IBUF
                         BUFG (Prop_bufg_I_O)         0.091    11.640 r  clk_IBUF_BUFG_inst/O
                         net (fo=75, unplaced)        0.439    12.079    core/CLK
                         FDRE                                         r  core/epoch_gray_q_reg[1]/C
                         clock pessimism              0.178    12.257    
                         clock uncertainty           -0.035    12.222    
                         FDRE (Setup_fdre_C_CE)      -0.202    12.020    core/epoch_gray_q_reg[1]
  -------------------------------------------------------------------
                         required time                         12.020    
                         arrival time                          -6.310    
  -------------------------------------------------------------------
                         slack                                  5.710    

Slack (MET) :             5.710ns  (required time - arrival time)
  Source:                 core/req_sync_q_reg[1]/C
                            (rising edge-triggered cell FDRE clocked by clk  {rise@0.000ns fall@5.000ns period=10.000ns})
  Destination:            core/epoch_gray_q_reg[2]/CE
                            (rising edge-triggered cell FDRE clocked by clk  {rise@0.000ns fall@5.000ns period=10.000ns})
  Path Group:             clk
  Path Type:              Setup (Max at Slow Process Corner)
  Requirement:            10.000ns  (clk rise@10.000ns - clk rise@0.000ns)
  Data Path Delay:        3.908ns  (logic 0.999ns (25.563%)  route 2.909ns (74.437%))
  Logic Levels:           3  (LUT5=2 LUT6=1)
  Clock Path Skew:        -0.145ns (DCD - SCD + CPR)
    Destination Clock Delay (DCD):    2.079ns = ( 12.079 - 10.000 ) 
    Source Clock Delay      (SCD):    2.402ns
    Clock Pessimism Removal (CPR):    0.178ns
  Clock Uncertainty:      0.035ns  ((TSJ^2 + TIJ^2)^1/2 + DJ) / 2 + PE
    Total System Jitter     (TSJ):    0.071ns
    Total Input Jitter      (TIJ):    0.000ns
    Discrete Jitter          (DJ):    0.000ns
    Phase Error              (PE):    0.000ns

    Location             Delay type                Incr(ns)  Path(ns)    Netlist Resource(s)
  -------------------------------------------------------------------    -------------------
                         (clock clk rise edge)        0.000     0.000 r  
                                                      0.000     0.000 r  clk (IN)
                         net (fo=0)                   0.000     0.000    clk
                         IBUF (Prop_ibuf_I_O)         0.923     0.923 r  clk_IBUF_inst/O
                         net (fo=1, unplaced)         0.800     1.722    clk_IBUF
                         BUFG (Prop_bufg_I_O)         0.096     1.818 r  clk_IBUF_BUFG_inst/O
                         net (fo=75, unplaced)        0.584     2.402    core/CLK
                         FDRE                                         r  core/req_sync_q_reg[1]/C
  -------------------------------------------------------------------    -------------------
                         FDRE (Prop_fdre_C_Q)         0.456     2.858 r  core/req_sync_q_reg[1]/Q
                         net (fo=3, unplaced)         0.983     3.841    core/req_sync_q[1]
                         LUT6 (Prop_lut6_I0_O)        0.295     4.136 r  core/epoch_gray_q[3]_i_7/O
                         net (fo=6, unplaced)         0.481     4.617    core/epoch_gray_q[3]_i_7_n_0
                         LUT5 (Prop_lut5_I4_O)        0.124     4.741 f  core/epoch_gray_q[3]_i_4/O
                         net (fo=6, unplaced)         0.934     5.675    core/epoch_gray_q[3]_i_4_n_0
                         LUT5 (Prop_lut5_I0_O)        0.124     5.799 r  core/epoch_gray_q[3]_i_2/O
                         net (fo=8, unplaced)         0.511     6.310    core/out_addr_d
                         FDRE                                         r  core/epoch_gray_q_reg[2]/CE
  -------------------------------------------------------------------    -------------------

                         (clock clk rise edge)       10.000    10.000 r  
                                                      0.000    10.000 r  clk (IN)
                         net (fo=0)                   0.000    10.000    clk
                         IBUF (Prop_ibuf_I_O)         0.789    10.789 r  clk_IBUF_inst/O
                         net (fo=1, unplaced)         0.760    11.549    clk_IBUF
                         BUFG (Prop_bufg_I_O)         0.091    11.640 r  clk_IBUF_BUFG_inst/O
                         net (fo=75, unplaced)        0.439    12.079    core/CLK
                         FDRE                                         r  core/epoch_gray_q_reg[2]/C
                         clock pessimism              0.178    12.257    
                         clock uncertainty           -0.035    12.222    
                         FDRE (Setup_fdre_C_CE)      -0.202    12.020    core/epoch_gray_q_reg[2]
  -------------------------------------------------------------------
                         required time                         12.020    
                         arrival time                          -6.310    
  -------------------------------------------------------------------
                         slack                                  5.710    

Slack (MET) :             5.710ns  (required time - arrival time)
  Source:                 core/req_sync_q_reg[1]/C
                            (rising edge-triggered cell FDRE clocked by clk  {rise@0.000ns fall@5.000ns period=10.000ns})
  Destination:            core/epoch_gray_q_reg[3]/CE
                            (rising edge-triggered cell FDRE clocked by clk  {rise@0.000ns fall@5.000ns period=10.000ns})
  Path Group:             clk
  Path Type:              Setup (Max at Slow Process Corner)
  Requirement:            10.000ns  (clk rise@10.000ns - clk rise@0.000ns)
  Data Path Delay:        3.908ns  (logic 0.999ns (25.563%)  route 2.909ns (74.437%))
  Logic Levels:           3  (LUT5=2 LUT6=1)
  Clock Path Skew:        -0.145ns (DCD - SCD + CPR)
    Destination Clock Delay (DCD):    2.079ns = ( 12.079 - 10.000 ) 
    Source Clock Delay      (SCD):    2.402ns
    Clock Pessimism Removal (CPR):    0.178ns
  Clock Uncertainty:      0.035ns  ((TSJ^2 + TIJ^2)^1/2 + DJ) / 2 + PE
    Total System Jitter     (TSJ):    0.071ns
    Total Input Jitter      (TIJ):    0.000ns
    Discrete Jitter          (DJ):    0.000ns
    Phase Error              (PE):    0.000ns

    Location             Delay type                Incr(ns)  Path(ns)    Netlist Resource(s)
  -------------------------------------------------------------------    -------------------
                         (clock clk rise edge)        0.000     0.000 r  
                                                      0.000     0.000 r  clk (IN)
                         net (fo=0)                   0.000     0.000    clk
                         IBUF (Prop_ibuf_I_O)         0.923     0.923 r  clk_IBUF_inst/O
                         net (fo=1, unplaced)         0.800     1.722    clk_IBUF
                         BUFG (Prop_bufg_I_O)         0.096     1.818 r  clk_IBUF_BUFG_inst/O
                         net (fo=75, unplaced)        0.584     2.402    core/CLK
                         FDRE                                         r  core/req_sync_q_reg[1]/C
  -------------------------------------------------------------------    -------------------
                         FDRE (Prop_fdre_C_Q)         0.456     2.858 r  core/req_sync_q_reg[1]/Q
                         net (fo=3, unplaced)         0.983     3.841    core/req_sync_q[1]
                         LUT6 (Prop_lut6_I0_O)        0.295     4.136 r  core/epoch_gray_q[3]_i_7/O
                         net (fo=6, unplaced)         0.481     4.617    core/epoch_gray_q[3]_i_7_n_0
                         LUT5 (Prop_lut5_I4_O)        0.124     4.741 f  core/epoch_gray_q[3]_i_4/O
                         net (fo=6, unplaced)         0.934     5.675    core/epoch_gray_q[3]_i_4_n_0
                         LUT5 (Prop_lut5_I0_O)        0.124     5.799 r  core/epoch_gray_q[3]_i_2/O
                         net (fo=8, unplaced)         0.511     6.310    core/out_addr_d
                         FDRE                                         r  core/epoch_gray_q_reg[3]/CE
  -------------------------------------------------------------------    -------------------

                         (clock clk rise edge)       10.000    10.000 r  
                                                      0.000    10.000 r  clk (IN)
                         net (fo=0)                   0.000    10.000    clk
                         IBUF (Prop_ibuf_I_O)         0.789    10.789 r  clk_IBUF_inst/O
                         net (fo=1, unplaced)         0.760    11.549    clk_IBUF
                         BUFG (Prop_bufg_I_O)         0.091    11.640 r  clk_IBUF_BUFG_inst/O
                         net (fo=75, unplaced)        0.439    12.079    core/CLK
                         FDRE                                         r  core/epoch_gray_q_reg[3]/C
                         clock pessimism              0.178    12.257    
                         clock uncertainty           -0.035    12.222    
                         FDRE (Setup_fdre_C_CE)      -0.202    12.020    core/epoch_gray_q_reg[3]
  -------------------------------------------------------------------
                         required time                         12.020    
                         arrival time                          -6.310    
  -------------------------------------------------------------------
                         slack                                  5.710    

Slack (MET) :             5.710ns  (required time - arrival time)
  Source:                 core/req_sync_q_reg[1]/C
                            (rising edge-triggered cell FDRE clocked by clk  {rise@0.000ns fall@5.000ns period=10.000ns})
  Destination:            core/out_addr_q_reg[0]/CE
                            (rising edge-triggered cell FDRE clocked by clk  {rise@0.000ns fall@5.000ns period=10.000ns})
  Path Group:             clk
  Path Type:              Setup (Max at Slow Process Corner)
  Requirement:            10.000ns  (clk rise@10.000ns - clk rise@0.000ns)
  Data Path Delay:        3.908ns  (logic 0.999ns (25.563%)  route 2.909ns (74.437%))
  Logic Levels:           3  (LUT5=2 LUT6=1)
  Clock Path Skew:        -0.145ns (DCD - SCD + CPR)
    Destination Clock Delay (DCD):    2.079ns = ( 12.079 - 10.000 ) 
    Source Clock Delay      (SCD):    2.402ns
    Clock Pessimism Removal (CPR):    0.178ns
  Clock Uncertainty:      0.035ns  ((TSJ^2 + TIJ^2)^1/2 + DJ) / 2 + PE
    Total System Jitter     (TSJ):    0.071ns
    Total Input Jitter      (TIJ):    0.000ns
    Discrete Jitter          (DJ):    0.000ns
    Phase Error              (PE):    0.000ns

    Location             Delay type                Incr(ns)  Path(ns)    Netlist Resource(s)
  -------------------------------------------------------------------    -------------------
                         (clock clk rise edge)        0.000     0.000 r  
                                                      0.000     0.000 r  clk (IN)
                         net (fo=0)                   0.000     0.000    clk
                         IBUF (Prop_ibuf_I_O)         0.923     0.923 r  clk_IBUF_inst/O
                         net (fo=1, unplaced)         0.800     1.722    clk_IBUF
                         BUFG (Prop_bufg_I_O)         0.096     1.818 r  clk_IBUF_BUFG_inst/O
                         net (fo=75, unplaced)        0.584     2.402    core/CLK
                         FDRE                                         r  core/req_sync_q_reg[1]/C
  -------------------------------------------------------------------    -------------------
                         FDRE (Prop_fdre_C_Q)         0.456     2.858 r  core/req_sync_q_reg[1]/Q
                         net (fo=3, unplaced)         0.983     3.841    core/req_sync_q[1]
                         LUT6 (Prop_lut6_I0_O)        0.295     4.136 r  core/epoch_gray_q[3]_i_7/O
                         net (fo=6, unplaced)         0.481     4.617    core/epoch_gray_q[3]_i_7_n_0
                         LUT5 (Prop_lut5_I4_O)        0.124     4.741 f  core/epoch_gray_q[3]_i_4/O
                         net (fo=6, unplaced)         0.934     5.675    core/epoch_gray_q[3]_i_4_n_0
                         LUT5 (Prop_lut5_I0_O)        0.124     5.799 r  core/epoch_gray_q[3]_i_2/O
                         net (fo=8, unplaced)         0.511     6.310    core/out_addr_d
                         FDRE                                         r  core/out_addr_q_reg[0]/CE
  -------------------------------------------------------------------    -------------------

                         (clock clk rise edge)       10.000    10.000 r  
                                                      0.000    10.000 r  clk (IN)
                         net (fo=0)                   0.000    10.000    clk
                         IBUF (Prop_ibuf_I_O)         0.789    10.789 r  clk_IBUF_inst/O
                         net (fo=1, unplaced)         0.760    11.549    clk_IBUF
                         BUFG (Prop_bufg_I_O)         0.091    11.640 r  clk_IBUF_BUFG_inst/O
                         net (fo=75, unplaced)        0.439    12.079    core/CLK
                         FDRE                                         r  core/out_addr_q_reg[0]/C
                         clock pessimism              0.178    12.257    
                         clock uncertainty           -0.035    12.222    
                         FDRE (Setup_fdre_C_CE)      -0.202    12.020    core/out_addr_q_reg[0]
  -------------------------------------------------------------------
                         required time                         12.020    
                         arrival time                          -6.310    
  -------------------------------------------------------------------
                         slack                                  5.710    

Slack (MET) :             5.710ns  (required time - arrival time)
  Source:                 core/req_sync_q_reg[1]/C
                            (rising edge-triggered cell FDRE clocked by clk  {rise@0.000ns fall@5.000ns period=10.000ns})
  Destination:            core/out_addr_q_reg[1]/CE
                            (rising edge-triggered cell FDRE clocked by clk  {rise@0.000ns fall@5.000ns period=10.000ns})
  Path Group:             clk
  Path Type:              Setup (Max at Slow Process Corner)
  Requirement:            10.000ns  (clk rise@10.000ns - clk rise@0.000ns)
  Data Path Delay:        3.908ns  (logic 0.999ns (25.563%)  route 2.909ns (74.437%))
  Logic Levels:           3  (LUT5=2 LUT6=1)
  Clock Path Skew:        -0.145ns (DCD - SCD + CPR)
    Destination Clock Delay (DCD):    2.079ns = ( 12.079 - 10.000 ) 
    Source Clock Delay      (SCD):    2.402ns
    Clock Pessimism Removal (CPR):    0.178ns
  Clock Uncertainty:      0.035ns  ((TSJ^2 + TIJ^2)^1/2 + DJ) / 2 + PE
    Total System Jitter     (TSJ):    0.071ns
    Total Input Jitter      (TIJ):    0.000ns
    Discrete Jitter          (DJ):    0.000ns
    Phase Error              (PE):    0.000ns

    Location             Delay type                Incr(ns)  Path(ns)    Netlist Resource(s)
  -------------------------------------------------------------------    -------------------
                         (clock clk rise edge)        0.000     0.000 r  
                                                      0.000     0.000 r  clk (IN)
                         net (fo=0)                   0.000     0.000    clk
                         IBUF (Prop_ibuf_I_O)         0.923     0.923 r  clk_IBUF_inst/O
                         net (fo=1, unplaced)         0.800     1.722    clk_IBUF
                         BUFG (Prop_bufg_I_O)         0.096     1.818 r  clk_IBUF_BUFG_inst/O
                         net (fo=75, unplaced)        0.584     2.402    core/CLK
                         FDRE                                         r  core/req_sync_q_reg[1]/C
  -------------------------------------------------------------------    -------------------
                         FDRE (Prop_fdre_C_Q)         0.456     2.858 r  core/req_sync_q_reg[1]/Q
                         net (fo=3, unplaced)         0.983     3.841    core/req_sync_q[1]
                         LUT6 (Prop_lut6_I0_O)        0.295     4.136 r  core/epoch_gray_q[3]_i_7/O
                         net (fo=6, unplaced)         0.481     4.617    core/epoch_gray_q[3]_i_7_n_0
                         LUT5 (Prop_lut5_I4_O)        0.124     4.741 f  core/epoch_gray_q[3]_i_4/O
                         net (fo=6, unplaced)         0.934     5.675    core/epoch_gray_q[3]_i_4_n_0
                         LUT5 (Prop_lut5_I0_O)        0.124     5.799 r  core/epoch_gray_q[3]_i_2/O
                         net (fo=8, unplaced)         0.511     6.310    core/out_addr_d
                         FDRE                                         r  core/out_addr_q_reg[1]/CE
  -------------------------------------------------------------------    -------------------

                         (clock clk rise edge)       10.000    10.000 r  
                                                      0.000    10.000 r  clk (IN)
                         net (fo=0)                   0.000    10.000    clk
                         IBUF (Prop_ibuf_I_O)         0.789    10.789 r  clk_IBUF_inst/O
                         net (fo=1, unplaced)         0.760    11.549    clk_IBUF
                         BUFG (Prop_bufg_I_O)         0.091    11.640 r  clk_IBUF_BUFG_inst/O
                         net (fo=75, unplaced)        0.439    12.079    core/CLK
                         FDRE                                         r  core/out_addr_q_reg[1]/C
                         clock pessimism              0.178    12.257    
                         clock uncertainty           -0.035    12.222    
                         FDRE (Setup_fdre_C_CE)      -0.202    12.020    core/out_addr_q_reg[1]
  -------------------------------------------------------------------
                         required time                         12.020    
                         arrival time                          -6.310    
  -------------------------------------------------------------------
                         slack                                  5.710    

Slack (MET) :             5.710ns  (required time - arrival time)
  Source:                 core/req_sync_q_reg[1]/C
                            (rising edge-triggered cell FDRE clocked by clk  {rise@0.000ns fall@5.000ns period=10.000ns})
  Destination:            core/out_addr_q_reg[2]/CE
                            (rising edge-triggered cell FDRE clocked by clk  {rise@0.000ns fall@5.000ns period=10.000ns})
  Path Group:             clk
  Path Type:              Setup (Max at Slow Process Corner)
  Requirement:            10.000ns  (clk rise@10.000ns - clk rise@0.000ns)
  Data Path Delay:        3.908ns  (logic 0.999ns (25.563%)  route 2.909ns (74.437%))
  Logic Levels:           3  (LUT5=2 LUT6=1)
  Clock Path Skew:        -0.145ns (DCD - SCD + CPR)
    Destination Clock Delay (DCD):    2.079ns = ( 12.079 - 10.000 ) 
    Source Clock Delay      (SCD):    2.402ns
    Clock Pessimism Removal (CPR):    0.178ns
  Clock Uncertainty:      0.035ns  ((TSJ^2 + TIJ^2)^1/2 + DJ) / 2 + PE
    Total System Jitter     (TSJ):    0.071ns
    Total Input Jitter      (TIJ):    0.000ns
    Discrete Jitter          (DJ):    0.000ns
    Phase Error              (PE):    0.000ns

    Location             Delay type                Incr(ns)  Path(ns)    Netlist Resource(s)
  -------------------------------------------------------------------    -------------------
                         (clock clk rise edge)        0.000     0.000 r  
                                                      0.000     0.000 r  clk (IN)
                         net (fo=0)                   0.000     0.000    clk
                         IBUF (Prop_ibuf_I_O)         0.923     0.923 r  clk_IBUF_inst/O
                         net (fo=1, unplaced)         0.800     1.722    clk_IBUF
                         BUFG (Prop_bufg_I_O)         0.096     1.818 r  clk_IBUF_BUFG_inst/O
                         net (fo=75, unplaced)        0.584     2.402    core/CLK
                         FDRE                                         r  core/req_sync_q_reg[1]/C
  -------------------------------------------------------------------    -------------------
                         FDRE (Prop_fdre_C_Q)         0.456     2.858 r  core/req_sync_q_reg[1]/Q
                         net (fo=3, unplaced)         0.983     3.841    core/req_sync_q[1]
                         LUT6 (Prop_lut6_I0_O)        0.295     4.136 r  core/epoch_gray_q[3]_i_7/O
                         net (fo=6, unplaced)         0.481     4.617    core/epoch_gray_q[3]_i_7_n_0
                         LUT5 (Prop_lut5_I4_O)        0.124     4.741 f  core/epoch_gray_q[3]_i_4/O
                         net (fo=6, unplaced)         0.934     5.675    core/epoch_gray_q[3]_i_4_n_0
                         LUT5 (Prop_lut5_I0_O)        0.124     5.799 r  core/epoch_gray_q[3]_i_2/O
                         net (fo=8, unplaced)         0.511     6.310    core/out_addr_d
                         FDRE                                         r  core/out_addr_q_reg[2]/CE
  -------------------------------------------------------------------    -------------------

                         (clock clk rise edge)       10.000    10.000 r  
                                                      0.000    10.000 r  clk (IN)
                         net (fo=0)                   0.000    10.000    clk
                         IBUF (Prop_ibuf_I_O)         0.789    10.789 r  clk_IBUF_inst/O
                         net (fo=1, unplaced)         0.760    11.549    clk_IBUF
                         BUFG (Prop_bufg_I_O)         0.091    11.640 r  clk_IBUF_BUFG_inst/O
                         net (fo=75, unplaced)        0.439    12.079    core/CLK
                         FDRE                                         r  core/out_addr_q_reg[2]/C
                         clock pessimism              0.178    12.257    
                         clock uncertainty           -0.035    12.222    
                         FDRE (Setup_fdre_C_CE)      -0.202    12.020    core/out_addr_q_reg[2]
  -------------------------------------------------------------------
                         required time                         12.020    
                         arrival time                          -6.310    
  -------------------------------------------------------------------
                         slack                                  5.710    

Slack (MET) :             5.710ns  (required time - arrival time)
  Source:                 core/req_sync_q_reg[1]/C
                            (rising edge-triggered cell FDRE clocked by clk  {rise@0.000ns fall@5.000ns period=10.000ns})
  Destination:            core/out_addr_q_reg[3]/CE
                            (rising edge-triggered cell FDRE clocked by clk  {rise@0.000ns fall@5.000ns period=10.000ns})
  Path Group:             clk
  Path Type:              Setup (Max at Slow Process Corner)
  Requirement:            10.000ns  (clk rise@10.000ns - clk rise@0.000ns)
  Data Path Delay:        3.908ns  (logic 0.999ns (25.563%)  route 2.909ns (74.437%))
  Logic Levels:           3  (LUT5=2 LUT6=1)
  Clock Path Skew:        -0.145ns (DCD - SCD + CPR)
    Destination Clock Delay (DCD):    2.079ns = ( 12.079 - 10.000 ) 
    Source Clock Delay      (SCD):    2.402ns
    Clock Pessimism Removal (CPR):    0.178ns
  Clock Uncertainty:      0.035ns  ((TSJ^2 + TIJ^2)^1/2 + DJ) / 2 + PE
    Total System Jitter     (TSJ):    0.071ns
    Total Input Jitter      (TIJ):    0.000ns
    Discrete Jitter          (DJ):    0.000ns
    Phase Error              (PE):    0.000ns

    Location             Delay type                Incr(ns)  Path(ns)    Netlist Resource(s)
  -------------------------------------------------------------------    -------------------
                         (clock clk rise edge)        0.000     0.000 r  
                                                      0.000     0.000 r  clk (IN)
                         net (fo=0)                   0.000     0.000    clk
                         IBUF (Prop_ibuf_I_O)         0.923     0.923 r  clk_IBUF_inst/O
                         net (fo=1, unplaced)         0.800     1.722    clk_IBUF
                         BUFG (Prop_bufg_I_O)         0.096     1.818 r  clk_IBUF_BUFG_inst/O
                         net (fo=75, unplaced)        0.584     2.402    core/CLK
                         FDRE                                         r  core/req_sync_q_reg[1]/C
  -------------------------------------------------------------------    -------------------
                         FDRE (Prop_fdre_C_Q)         0.456     2.858 r  core/req_sync_q_reg[1]/Q
                         net (fo=3, unplaced)         0.983     3.841    core/req_sync_q[1]
                         LUT6 (Prop_lut6_I0_O)        0.295     4.136 r  core/epoch_gray_q[3]_i_7/O
                         net (fo=6, unplaced)         0.481     4.617    core/epoch_gray_q[3]_i_7_n_0
                         LUT5 (Prop_lut5_I4_O)        0.124     4.741 f  core/epoch_gray_q[3]_i_4/O
                         net (fo=6, unplaced)         0.934     5.675    core/epoch_gray_q[3]_i_4_n_0
                         LUT5 (Prop_lut5_I0_O)        0.124     5.799 r  core/epoch_gray_q[3]_i_2/O
                         net (fo=8, unplaced)         0.511     6.310    core/out_addr_d
                         FDRE                                         r  core/out_addr_q_reg[3]/CE
  -------------------------------------------------------------------    -------------------

                         (clock clk rise edge)       10.000    10.000 r  
                                                      0.000    10.000 r  clk (IN)
                         net (fo=0)                   0.000    10.000    clk
                         IBUF (Prop_ibuf_I_O)         0.789    10.789 r  clk_IBUF_inst/O
                         net (fo=1, unplaced)         0.760    11.549    clk_IBUF
                         BUFG (Prop_bufg_I_O)         0.091    11.640 r  clk_IBUF_BUFG_inst/O
                         net (fo=75, unplaced)        0.439    12.079    core/CLK
                         FDRE                                         r  core/out_addr_q_reg[3]/C
                         clock pessimism              0.178    12.257    
                         clock uncertainty           -0.035    12.222    
                         FDRE (Setup_fdre_C_CE)      -0.202    12.020    core/out_addr_q_reg[3]
  -------------------------------------------------------------------
                         required time                         12.020    
                         arrival time                          -6.310    
  -------------------------------------------------------------------
                         slack                                  5.710    

Slack (MET) :             5.829ns  (required time - arrival time)
  Source:                 core/req_sync_q_reg[9]/C
                            (rising edge-triggered cell FDRE clocked by clk  {rise@0.000ns fall@5.000ns period=10.000ns})
  Destination:            core/pending_q_reg[2]/D
                            (rising edge-triggered cell FDRE clocked by clk  {rise@0.000ns fall@5.000ns period=10.000ns})
  Path Group:             clk
  Path Type:              Setup (Max at Slow Process Corner)
  Requirement:            10.000ns  (clk rise@10.000ns - clk rise@0.000ns)
  Data Path Delay:        4.020ns  (logic 1.149ns (28.582%)  route 2.871ns (71.418%))
  Logic Levels:           4  (LUT5=1 LUT6=3)
  Clock Path Skew:        -0.145ns (DCD - SCD + CPR)
    Destination Clock Delay (DCD):    2.079ns = ( 12.079 - 10.000 ) 
    Source Clock Delay      (SCD):    2.402ns
    Clock Pessimism Removal (CPR):    0.178ns
  Clock Uncertainty:      0.035ns  ((TSJ^2 + TIJ^2)^1/2 + DJ) / 2 + PE
    Total System Jitter     (TSJ):    0.071ns
    Total Input Jitter      (TIJ):    0.000ns
    Discrete Jitter          (DJ):    0.000ns
    Phase Error              (PE):    0.000ns

    Location             Delay type                Incr(ns)  Path(ns)    Netlist Resource(s)
  -------------------------------------------------------------------    -------------------
                         (clock clk rise edge)        0.000     0.000 r  
                                                      0.000     0.000 r  clk (IN)
                         net (fo=0)                   0.000     0.000    clk
                         IBUF (Prop_ibuf_I_O)         0.923     0.923 r  clk_IBUF_inst/O
                         net (fo=1, unplaced)         0.800     1.722    clk_IBUF
                         BUFG (Prop_bufg_I_O)         0.096     1.818 r  clk_IBUF_BUFG_inst/O
                         net (fo=75, unplaced)        0.584     2.402    core/CLK
                         FDRE                                         r  core/req_sync_q_reg[9]/C
  -------------------------------------------------------------------    -------------------
                         FDRE (Prop_fdre_C_Q)         0.456     2.858 r  core/req_sync_q_reg[9]/Q
                         net (fo=3, unplaced)         0.983     3.841    core/req_sync_q[9]
                         LUT6 (Prop_lut6_I0_O)        0.295     4.136 f  core/epoch_gray_q[3]_i_11/O
                         net (fo=8, unplaced)         0.940     5.076    core/epoch_gray_q[3]_i_11_n_0
                         LUT5 (Prop_lut5_I1_O)        0.150     5.226 f  core/pending_q[7]_i_5/O
                         net (fo=6, unplaced)         0.481     5.707    core/pending_q[7]_i_5_n_0
                         LUT6 (Prop_lut6_I2_O)        0.124     5.831 f  core/pending_q[3]_i_2/O
                         net (fo=3, unplaced)         0.467     6.298    core/pending_q[3]_i_2_n_0
                         LUT6 (Prop_lut6_I5_O)        0.124     6.422 r  core/pending_q[2]_i_1/O
                         net (fo=1, unplaced)         0.000     6.422    core/pending_d[2]
                         FDRE                                         r  core/pending_q_reg[2]/D
  -------------------------------------------------------------------    -------------------

                         (clock clk rise edge)       10.000    10.000 r  
                                                      0.000    10.000 r  clk (IN)
                         net (fo=0)                   0.000    10.000    clk
                         IBUF (Prop_ibuf_I_O)         0.789    10.789 r  clk_IBUF_inst/O
                         net (fo=1, unplaced)         0.760    11.549    clk_IBUF
                         BUFG (Prop_bufg_I_O)         0.091    11.640 r  clk_IBUF_BUFG_inst/O
                         net (fo=75, unplaced)        0.439    12.079    core/CLK
                         FDRE                                         r  core/pending_q_reg[2]/C
                         clock pessimism              0.178    12.257    
                         clock uncertainty           -0.035    12.222    
                         FDRE (Setup_fdre_C_D)        0.029    12.251    core/pending_q_reg[2]
  -------------------------------------------------------------------
                         required time                         12.251    
                         arrival time                          -6.422    
  -------------------------------------------------------------------
                         slack                                  5.829    

Slack (MET) :             5.829ns  (required time - arrival time)
  Source:                 core/req_sync_q_reg[9]/C
                            (rising edge-triggered cell FDRE clocked by clk  {rise@0.000ns fall@5.000ns period=10.000ns})
  Destination:            core/pending_q_reg[3]/D
                            (rising edge-triggered cell FDRE clocked by clk  {rise@0.000ns fall@5.000ns period=10.000ns})
  Path Group:             clk
  Path Type:              Setup (Max at Slow Process Corner)
  Requirement:            10.000ns  (clk rise@10.000ns - clk rise@0.000ns)
  Data Path Delay:        4.020ns  (logic 1.149ns (28.582%)  route 2.871ns (71.418%))
  Logic Levels:           4  (LUT5=1 LUT6=3)
  Clock Path Skew:        -0.145ns (DCD - SCD + CPR)
    Destination Clock Delay (DCD):    2.079ns = ( 12.079 - 10.000 ) 
    Source Clock Delay      (SCD):    2.402ns
    Clock Pessimism Removal (CPR):    0.178ns
  Clock Uncertainty:      0.035ns  ((TSJ^2 + TIJ^2)^1/2 + DJ) / 2 + PE
    Total System Jitter     (TSJ):    0.071ns
    Total Input Jitter      (TIJ):    0.000ns
    Discrete Jitter          (DJ):    0.000ns
    Phase Error              (PE):    0.000ns

    Location             Delay type                Incr(ns)  Path(ns)    Netlist Resource(s)
  -------------------------------------------------------------------    -------------------
                         (clock clk rise edge)        0.000     0.000 r  
                                                      0.000     0.000 r  clk (IN)
                         net (fo=0)                   0.000     0.000    clk
                         IBUF (Prop_ibuf_I_O)         0.923     0.923 r  clk_IBUF_inst/O
                         net (fo=1, unplaced)         0.800     1.722    clk_IBUF
                         BUFG (Prop_bufg_I_O)         0.096     1.818 r  clk_IBUF_BUFG_inst/O
                         net (fo=75, unplaced)        0.584     2.402    core/CLK
                         FDRE                                         r  core/req_sync_q_reg[9]/C
  -------------------------------------------------------------------    -------------------
                         FDRE (Prop_fdre_C_Q)         0.456     2.858 r  core/req_sync_q_reg[9]/Q
                         net (fo=3, unplaced)         0.983     3.841    core/req_sync_q[9]
                         LUT6 (Prop_lut6_I0_O)        0.295     4.136 f  core/epoch_gray_q[3]_i_11/O
                         net (fo=8, unplaced)         0.940     5.076    core/epoch_gray_q[3]_i_11_n_0
                         LUT5 (Prop_lut5_I1_O)        0.150     5.226 f  core/pending_q[7]_i_5/O
                         net (fo=6, unplaced)         0.481     5.707    core/pending_q[7]_i_5_n_0
                         LUT6 (Prop_lut6_I2_O)        0.124     5.831 f  core/pending_q[3]_i_2/O
                         net (fo=3, unplaced)         0.467     6.298    core/pending_q[3]_i_2_n_0
                         LUT6 (Prop_lut6_I2_O)        0.124     6.422 r  core/pending_q[3]_i_1/O
                         net (fo=1, unplaced)         0.000     6.422    core/pending_d[3]
                         FDRE                                         r  core/pending_q_reg[3]/D
  -------------------------------------------------------------------    -------------------

                         (clock clk rise edge)       10.000    10.000 r  
                                                      0.000    10.000 r  clk (IN)
                         net (fo=0)                   0.000    10.000    clk
                         IBUF (Prop_ibuf_I_O)         0.789    10.789 r  clk_IBUF_inst/O
                         net (fo=1, unplaced)         0.760    11.549    clk_IBUF
                         BUFG (Prop_bufg_I_O)         0.091    11.640 r  clk_IBUF_BUFG_inst/O
                         net (fo=75, unplaced)        0.439    12.079    core/CLK
                         FDRE                                         r  core/pending_q_reg[3]/C
                         clock pessimism              0.178    12.257    
                         clock uncertainty           -0.035    12.222    
                         FDRE (Setup_fdre_C_D)        0.029    12.251    core/pending_q_reg[3]
  -------------------------------------------------------------------
                         required time                         12.251    
                         arrival time                          -6.422    
  -------------------------------------------------------------------
                         slack                                  5.829    

Slack (MET) :             5.829ns  (required time - arrival time)
  Source:                 core/req_sync_q_reg[9]/C
                            (rising edge-triggered cell FDRE clocked by clk  {rise@0.000ns fall@5.000ns period=10.000ns})
  Destination:            core/pending_q_reg[6]/D
                            (rising edge-triggered cell FDRE clocked by clk  {rise@0.000ns fall@5.000ns period=10.000ns})
  Path Group:             clk
  Path Type:              Setup (Max at Slow Process Corner)
  Requirement:            10.000ns  (clk rise@10.000ns - clk rise@0.000ns)
  Data Path Delay:        4.020ns  (logic 1.149ns (28.582%)  route 2.871ns (71.418%))
  Logic Levels:           4  (LUT5=1 LUT6=3)
  Clock Path Skew:        -0.145ns (DCD - SCD + CPR)
    Destination Clock Delay (DCD):    2.079ns = ( 12.079 - 10.000 ) 
    Source Clock Delay      (SCD):    2.402ns
    Clock Pessimism Removal (CPR):    0.178ns
  Clock Uncertainty:      0.035ns  ((TSJ^2 + TIJ^2)^1/2 + DJ) / 2 + PE
    Total System Jitter     (TSJ):    0.071ns
    Total Input Jitter      (TIJ):    0.000ns
    Discrete Jitter          (DJ):    0.000ns
    Phase Error              (PE):    0.000ns

    Location             Delay type                Incr(ns)  Path(ns)    Netlist Resource(s)
  -------------------------------------------------------------------    -------------------
                         (clock clk rise edge)        0.000     0.000 r  
                                                      0.000     0.000 r  clk (IN)
                         net (fo=0)                   0.000     0.000    clk
                         IBUF (Prop_ibuf_I_O)         0.923     0.923 r  clk_IBUF_inst/O
                         net (fo=1, unplaced)         0.800     1.722    clk_IBUF
                         BUFG (Prop_bufg_I_O)         0.096     1.818 r  clk_IBUF_BUFG_inst/O
                         net (fo=75, unplaced)        0.584     2.402    core/CLK
                         FDRE                                         r  core/req_sync_q_reg[9]/C
  -------------------------------------------------------------------    -------------------
                         FDRE (Prop_fdre_C_Q)         0.456     2.858 r  core/req_sync_q_reg[9]/Q
                         net (fo=3, unplaced)         0.983     3.841    core/req_sync_q[9]
                         LUT6 (Prop_lut6_I0_O)        0.295     4.136 f  core/epoch_gray_q[3]_i_11/O
                         net (fo=8, unplaced)         0.940     5.076    core/epoch_gray_q[3]_i_11_n_0
                         LUT5 (Prop_lut5_I1_O)        0.150     5.226 f  core/pending_q[7]_i_5/O
                         net (fo=6, unplaced)         0.481     5.707    core/pending_q[7]_i_5_n_0
                         LUT6 (Prop_lut6_I2_O)        0.124     5.831 f  core/pending_q[7]_i_2/O
                         net (fo=3, unplaced)         0.467     6.298    core/pending_q[7]_i_2_n_0
                         LUT6 (Prop_lut6_I5_O)        0.124     6.422 r  core/pending_q[6]_i_1/O
                         net (fo=1, unplaced)         0.000     6.422    core/pending_d[6]
                         FDRE                                         r  core/pending_q_reg[6]/D
  -------------------------------------------------------------------    -------------------

                         (clock clk rise edge)       10.000    10.000 r  
                                                      0.000    10.000 r  clk (IN)
                         net (fo=0)                   0.000    10.000    clk
                         IBUF (Prop_ibuf_I_O)         0.789    10.789 r  clk_IBUF_inst/O
                         net (fo=1, unplaced)         0.760    11.549    clk_IBUF
                         BUFG (Prop_bufg_I_O)         0.091    11.640 r  clk_IBUF_BUFG_inst/O
                         net (fo=75, unplaced)        0.439    12.079    core/CLK
                         FDRE                                         r  core/pending_q_reg[6]/C
                         clock pessimism              0.178    12.257    
                         clock uncertainty           -0.035    12.222    
                         FDRE (Setup_fdre_C_D)        0.029    12.251    core/pending_q_reg[6]
  -------------------------------------------------------------------
                         required time                         12.251    
                         arrival time                          -6.422    
  -------------------------------------------------------------------
                         slack                                  5.829    

Slack (MET) :             5.829ns  (required time - arrival time)
  Source:                 core/req_sync_q_reg[9]/C
                            (rising edge-triggered cell FDRE clocked by clk  {rise@0.000ns fall@5.000ns period=10.000ns})
  Destination:            core/pending_q_reg[7]/D
                            (rising edge-triggered cell FDRE clocked by clk  {rise@0.000ns fall@5.000ns period=10.000ns})
  Path Group:             clk
  Path Type:              Setup (Max at Slow Process Corner)
  Requirement:            10.000ns  (clk rise@10.000ns - clk rise@0.000ns)
  Data Path Delay:        4.020ns  (logic 1.149ns (28.582%)  route 2.871ns (71.418%))
  Logic Levels:           4  (LUT5=1 LUT6=3)
  Clock Path Skew:        -0.145ns (DCD - SCD + CPR)
    Destination Clock Delay (DCD):    2.079ns = ( 12.079 - 10.000 ) 
    Source Clock Delay      (SCD):    2.402ns
    Clock Pessimism Removal (CPR):    0.178ns
  Clock Uncertainty:      0.035ns  ((TSJ^2 + TIJ^2)^1/2 + DJ) / 2 + PE
    Total System Jitter     (TSJ):    0.071ns
    Total Input Jitter      (TIJ):    0.000ns
    Discrete Jitter          (DJ):    0.000ns
    Phase Error              (PE):    0.000ns

    Location             Delay type                Incr(ns)  Path(ns)    Netlist Resource(s)
  -------------------------------------------------------------------    -------------------
                         (clock clk rise edge)        0.000     0.000 r  
                                                      0.000     0.000 r  clk (IN)
                         net (fo=0)                   0.000     0.000    clk
                         IBUF (Prop_ibuf_I_O)         0.923     0.923 r  clk_IBUF_inst/O
                         net (fo=1, unplaced)         0.800     1.722    clk_IBUF
                         BUFG (Prop_bufg_I_O)         0.096     1.818 r  clk_IBUF_BUFG_inst/O
                         net (fo=75, unplaced)        0.584     2.402    core/CLK
                         FDRE                                         r  core/req_sync_q_reg[9]/C
  -------------------------------------------------------------------    -------------------
                         FDRE (Prop_fdre_C_Q)         0.456     2.858 r  core/req_sync_q_reg[9]/Q
                         net (fo=3, unplaced)         0.983     3.841    core/req_sync_q[9]
                         LUT6 (Prop_lut6_I0_O)        0.295     4.136 f  core/epoch_gray_q[3]_i_11/O
                         net (fo=8, unplaced)         0.940     5.076    core/epoch_gray_q[3]_i_11_n_0
                         LUT5 (Prop_lut5_I1_O)        0.150     5.226 f  core/pending_q[7]_i_5/O
                         net (fo=6, unplaced)         0.481     5.707    core/pending_q[7]_i_5_n_0
                         LUT6 (Prop_lut6_I2_O)        0.124     5.831 f  core/pending_q[7]_i_2/O
                         net (fo=3, unplaced)         0.467     6.298    core/pending_q[7]_i_2_n_0
                         LUT6 (Prop_lut6_I2_O)        0.124     6.422 r  core/pending_q[7]_i_1/O
                         net (fo=1, unplaced)         0.000     6.422    core/pending_d[7]
                         FDRE                                         r  core/pending_q_reg[7]/D
  -------------------------------------------------------------------    -------------------

                         (clock clk rise edge)       10.000    10.000 r  
                                                      0.000    10.000 r  clk (IN)
                         net (fo=0)                   0.000    10.000    clk
                         IBUF (Prop_ibuf_I_O)         0.789    10.789 r  clk_IBUF_inst/O
                         net (fo=1, unplaced)         0.760    11.549    clk_IBUF
                         BUFG (Prop_bufg_I_O)         0.091    11.640 r  clk_IBUF_BUFG_inst/O
                         net (fo=75, unplaced)        0.439    12.079    core/CLK
                         FDRE                                         r  core/pending_q_reg[7]/C
                         clock pessimism              0.178    12.257    
                         clock uncertainty           -0.035    12.222    
                         FDRE (Setup_fdre_C_D)        0.029    12.251    core/pending_q_reg[7]
  -------------------------------------------------------------------
                         required time                         12.251    
                         arrival time                          -6.422    
  -------------------------------------------------------------------
                         slack                                  5.829    

Slack (MET) :             5.836ns  (required time - arrival time)
  Source:                 core/req_sync_q_reg[9]/C
                            (rising edge-triggered cell FDRE clocked by clk  {rise@0.000ns fall@5.000ns period=10.000ns})
  Destination:            core/pending_q_reg[0]/D
                            (rising edge-triggered cell FDRE clocked by clk  {rise@0.000ns fall@5.000ns period=10.000ns})
  Path Group:             clk
  Path Type:              Setup (Max at Slow Process Corner)
  Requirement:            10.000ns  (clk rise@10.000ns - clk rise@0.000ns)
  Data Path Delay:        4.013ns  (logic 1.149ns (28.632%)  route 2.864ns (71.368%))
  Logic Levels:           4  (LUT5=1 LUT6=3)
  Clock Path Skew:        -0.145ns (DCD - SCD + CPR)
    Destination Clock Delay (DCD):    2.079ns = ( 12.079 - 10.000 ) 
    Source Clock Delay      (SCD):    2.402ns
    Clock Pessimism Removal (CPR):    0.178ns
  Clock Uncertainty:      0.035ns  ((TSJ^2 + TIJ^2)^1/2 + DJ) / 2 + PE
    Total System Jitter     (TSJ):    0.071ns
    Total Input Jitter      (TIJ):    0.000ns
    Discrete Jitter          (DJ):    0.000ns
    Phase Error              (PE):    0.000ns

    Location             Delay type                Incr(ns)  Path(ns)    Netlist Resource(s)
  -------------------------------------------------------------------    -------------------
                         (clock clk rise edge)        0.000     0.000 r  
                                                      0.000     0.000 r  clk (IN)
                         net (fo=0)                   0.000     0.000    clk
                         IBUF (Prop_ibuf_I_O)         0.923     0.923 r  clk_IBUF_inst/O
                         net (fo=1, unplaced)         0.800     1.722    clk_IBUF
                         BUFG (Prop_bufg_I_O)         0.096     1.818 r  clk_IBUF_BUFG_inst/O
                         net (fo=75, unplaced)        0.584     2.402    core/CLK
                         FDRE                                         r  core/req_sync_q_reg[9]/C
  -------------------------------------------------------------------    -------------------
                         FDRE (Prop_fdre_C_Q)         0.456     2.858 r  core/req_sync_q_reg[9]/Q
                         net (fo=3, unplaced)         0.983     3.841    core/req_sync_q[9]
                         LUT6 (Prop_lut6_I0_O)        0.295     4.136 f  core/epoch_gray_q[3]_i_11/O
                         net (fo=8, unplaced)         0.940     5.076    core/epoch_gray_q[3]_i_11_n_0
                         LUT5 (Prop_lut5_I1_O)        0.150     5.226 f  core/pending_q[7]_i_5/O
                         net (fo=6, unplaced)         0.481     5.707    core/pending_q[7]_i_5_n_0
                         LUT6 (Prop_lut6_I2_O)        0.124     5.831 f  core/pending_q[1]_i_2/O
                         net (fo=2, unplaced)         0.460     6.291    core/pending_q[1]_i_2_n_0
                         LUT6 (Prop_lut6_I5_O)        0.124     6.415 r  core/pending_q[0]_i_1/O
                         net (fo=1, unplaced)         0.000     6.415    core/pending_d[0]
                         FDRE                                         r  core/pending_q_reg[0]/D
  -------------------------------------------------------------------    -------------------

                         (clock clk rise edge)       10.000    10.000 r  
                                                      0.000    10.000 r  clk (IN)
                         net (fo=0)                   0.000    10.000    clk
                         IBUF (Prop_ibuf_I_O)         0.789    10.789 r  clk_IBUF_inst/O
                         net (fo=1, unplaced)         0.760    11.549    clk_IBUF
                         BUFG (Prop_bufg_I_O)         0.091    11.640 r  clk_IBUF_BUFG_inst/O
                         net (fo=75, unplaced)        0.439    12.079    core/CLK
                         FDRE                                         r  core/pending_q_reg[0]/C
                         clock pessimism              0.178    12.257    
                         clock uncertainty           -0.035    12.222    
                         FDRE (Setup_fdre_C_D)        0.029    12.251    core/pending_q_reg[0]
  -------------------------------------------------------------------
                         required time                         12.251    
                         arrival time                          -6.415    
  -------------------------------------------------------------------
                         slack                                  5.836    

Slack (MET) :             5.836ns  (required time - arrival time)
  Source:                 core/req_sync_q_reg[9]/C
                            (rising edge-triggered cell FDRE clocked by clk  {rise@0.000ns fall@5.000ns period=10.000ns})
  Destination:            core/pending_q_reg[1]/D
                            (rising edge-triggered cell FDRE clocked by clk  {rise@0.000ns fall@5.000ns period=10.000ns})
  Path Group:             clk
  Path Type:              Setup (Max at Slow Process Corner)
  Requirement:            10.000ns  (clk rise@10.000ns - clk rise@0.000ns)
  Data Path Delay:        4.013ns  (logic 1.149ns (28.632%)  route 2.864ns (71.368%))
  Logic Levels:           4  (LUT5=1 LUT6=3)
  Clock Path Skew:        -0.145ns (DCD - SCD + CPR)
    Destination Clock Delay (DCD):    2.079ns = ( 12.079 - 10.000 ) 
    Source Clock Delay      (SCD):    2.402ns
    Clock Pessimism Removal (CPR):    0.178ns
  Clock Uncertainty:      0.035ns  ((TSJ^2 + TIJ^2)^1/2 + DJ) / 2 + PE
    Total System Jitter     (TSJ):    0.071ns
    Total Input Jitter      (TIJ):    0.000ns
    Discrete Jitter          (DJ):    0.000ns
    Phase Error              (PE):    0.000ns

    Location             Delay type                Incr(ns)  Path(ns)    Netlist Resource(s)
  -------------------------------------------------------------------    -------------------
                         (clock clk rise edge)        0.000     0.000 r  
                                                      0.000     0.000 r  clk (IN)
                         net (fo=0)                   0.000     0.000    clk
                         IBUF (Prop_ibuf_I_O)         0.923     0.923 r  clk_IBUF_inst/O
                         net (fo=1, unplaced)         0.800     1.722    clk_IBUF
                         BUFG (Prop_bufg_I_O)         0.096     1.818 r  clk_IBUF_BUFG_inst/O
                         net (fo=75, unplaced)        0.584     2.402    core/CLK
                         FDRE                                         r  core/req_sync_q_reg[9]/C
  -------------------------------------------------------------------    -------------------
                         FDRE (Prop_fdre_C_Q)         0.456     2.858 r  core/req_sync_q_reg[9]/Q
                         net (fo=3, unplaced)         0.983     3.841    core/req_sync_q[9]
                         LUT6 (Prop_lut6_I0_O)        0.295     4.136 f  core/epoch_gray_q[3]_i_11/O
                         net (fo=8, unplaced)         0.940     5.076    core/epoch_gray_q[3]_i_11_n_0
                         LUT5 (Prop_lut5_I1_O)        0.150     5.226 f  core/pending_q[7]_i_5/O
                         net (fo=6, unplaced)         0.481     5.707    core/pending_q[7]_i_5_n_0
                         LUT6 (Prop_lut6_I2_O)        0.124     5.831 f  core/pending_q[1]_i_2/O
                         net (fo=2, unplaced)         0.460     6.291    core/pending_q[1]_i_2_n_0
                         LUT6 (Prop_lut6_I2_O)        0.124     6.415 r  core/pending_q[1]_i_1/O
                         net (fo=1, unplaced)         0.000     6.415    core/pending_d[1]
                         FDRE                                         r  core/pending_q_reg[1]/D
  -------------------------------------------------------------------    -------------------

                         (clock clk rise edge)       10.000    10.000 r  
                                                      0.000    10.000 r  clk (IN)
                         net (fo=0)                   0.000    10.000    clk
                         IBUF (Prop_ibuf_I_O)         0.789    10.789 r  clk_IBUF_inst/O
                         net (fo=1, unplaced)         0.760    11.549    clk_IBUF
                         BUFG (Prop_bufg_I_O)         0.091    11.640 r  clk_IBUF_BUFG_inst/O
                         net (fo=75, unplaced)        0.439    12.079    core/CLK
                         FDRE                                         r  core/pending_q_reg[1]/C
                         clock pessimism              0.178    12.257    
                         clock uncertainty           -0.035    12.222    
                         FDRE (Setup_fdre_C_D)        0.029    12.251    core/pending_q_reg[1]
  -------------------------------------------------------------------
                         required time                         12.251    
                         arrival time                          -6.415    
  -------------------------------------------------------------------
                         slack                                  5.836    

Slack (MET) :             5.852ns  (required time - arrival time)
  Source:                 core/req_sync_q_reg[1]/C
                            (rising edge-triggered cell FDRE clocked by clk  {rise@0.000ns fall@5.000ns period=10.000ns})
  Destination:            core/pending_q_reg[10]/D
                            (rising edge-triggered cell FDRE clocked by clk  {rise@0.000ns fall@5.000ns period=10.000ns})
  Path Group:             clk
  Path Type:              Setup (Max at Slow Process Corner)
  Requirement:            10.000ns  (clk rise@10.000ns - clk rise@0.000ns)
  Data Path Delay:        3.997ns  (logic 1.123ns (28.096%)  route 2.874ns (71.904%))
  Logic Levels:           4  (LUT5=1 LUT6=3)
  Clock Path Skew:        -0.145ns (DCD - SCD + CPR)
    Destination Clock Delay (DCD):    2.079ns = ( 12.079 - 10.000 ) 
    Source Clock Delay      (SCD):    2.402ns
    Clock Pessimism Removal (CPR):    0.178ns
  Clock Uncertainty:      0.035ns  ((TSJ^2 + TIJ^2)^1/2 + DJ) / 2 + PE
    Total System Jitter     (TSJ):    0.071ns
    Total Input Jitter      (TIJ):    0.000ns
    Discrete Jitter          (DJ):    0.000ns
    Phase Error              (PE):    0.000ns

    Location             Delay type                Incr(ns)  Path(ns)    Netlist Resource(s)
  -------------------------------------------------------------------    -------------------
                         (clock clk rise edge)        0.000     0.000 r  
                                                      0.000     0.000 r  clk (IN)
                         net (fo=0)                   0.000     0.000    clk
                         IBUF (Prop_ibuf_I_O)         0.923     0.923 r  clk_IBUF_inst/O
                         net (fo=1, unplaced)         0.800     1.722    clk_IBUF
                         BUFG (Prop_bufg_I_O)         0.096     1.818 r  clk_IBUF_BUFG_inst/O
                         net (fo=75, unplaced)        0.584     2.402    core/CLK
                         FDRE                                         r  core/req_sync_q_reg[1]/C
  -------------------------------------------------------------------    -------------------
                         FDRE (Prop_fdre_C_Q)         0.456     2.858 r  core/req_sync_q_reg[1]/Q
                         net (fo=3, unplaced)         0.983     3.841    core/req_sync_q[1]
                         LUT6 (Prop_lut6_I0_O)        0.295     4.136 r  core/epoch_gray_q[3]_i_7/O
                         net (fo=6, unplaced)         0.934     5.070    core/epoch_gray_q[3]_i_7_n_0
                         LUT5 (Prop_lut5_I2_O)        0.124     5.194 r  core/out_addr_q[3]_i_2/O
                         net (fo=9, unplaced)         0.490     5.684    core/out_addr_q[3]_i_2_n_0
                         LUT6 (Prop_lut6_I2_O)        0.124     5.808 f  core/pending_q[11]_i_2/O
                         net (fo=3, unplaced)         0.467     6.275    core/pending_q[11]_i_2_n_0
                         LUT6 (Prop_lut6_I5_O)        0.124     6.399 r  core/pending_q[10]_i_1/O
                         net (fo=1, unplaced)         0.000     6.399    core/pending_d[10]
                         FDRE                                         r  core/pending_q_reg[10]/D
  -------------------------------------------------------------------    -------------------

                         (clock clk rise edge)       10.000    10.000 r  
                                                      0.000    10.000 r  clk (IN)
                         net (fo=0)                   0.000    10.000    clk
                         IBUF (Prop_ibuf_I_O)         0.789    10.789 r  clk_IBUF_inst/O
                         net (fo=1, unplaced)         0.760    11.549    clk_IBUF
                         BUFG (Prop_bufg_I_O)         0.091    11.640 r  clk_IBUF_BUFG_inst/O
                         net (fo=75, unplaced)        0.439    12.079    core/CLK
                         FDRE                                         r  core/pending_q_reg[10]/C
                         clock pessimism              0.178    12.257    
                         clock uncertainty           -0.035    12.222    
                         FDRE (Setup_fdre_C_D)        0.029    12.251    core/pending_q_reg[10]
  -------------------------------------------------------------------
                         required time                         12.251    
                         arrival time                          -6.399    
  -------------------------------------------------------------------
                         slack                                  5.852    




