Copyright 1986-2020 Xilinx, Inc. All Rights Reserved.
----------------------------------------------------------------------------------------------------------------------------------------------------------
| Tool Version : Vivado v.2020.2 (win64) Build 3064766 Wed Nov 18 09:12:45 MST 2020
| Date         : Fri Aug 21 04:31:31 2026
| Host         : <LOCAL_HOST> running 64-bit major release  (build 9200)
| Command      : report_timing_summary -delay_type max -max_paths 10 -report_unconstrained -file reports/p9_epoch_variants/vivado_case/timing_summary.rpt
| Design       : aer_pending_direct_gray_oht_epoch_case
| Device       : 7a35t-cpg236
| Speed File   : -1  PRODUCTION 1.23 2018-06-13
----------------------------------------------------------------------------------------------------------------------------------------------------------

Timing Summary Report

------------------------------------------------------------------------------------------------
| Timer Settings
| --------------
------------------------------------------------------------------------------------------------

  Enable Multi Corner Analysis               :  Yes
  Enable Pessimism Removal                   :  Yes
  Pessimism Removal Resolution               :  Nearest Common Node
  Enable Input Delay Default Clock           :  No
  Enable Preset / Clear Arcs                 :  No
  Disable Flight Delays                      :  No
  Ignore I/O Paths                           :  No
  Timing Early Launch at Borrowing Latches   :  No
  Borrow Time for Max Delay Exceptions       :  Yes
  Merge Timing Exceptions                    :  Yes

  Corner  Analyze    Analyze    
  Name    Max Paths  Min Paths  
  ------  ---------  ---------  
  Slow    Yes        Yes        
  Fast    Yes        Yes        



check_timing report

Table of Contents
-----------------
1. checking no_clock (0)
2. checking constant_clock (0)
3. checking pulse_width_clock (0)
4. checking unconstrained_internal_endpoints (0)
5. checking no_input_delay (17)
6. checking no_output_delay (0)
7. checking multiple_clock (0)
8. checking generated_clocks (0)
9. checking loops (0)
10. checking partial_input_delay (0)
11. checking partial_output_delay (0)
12. checking latch_loops (0)

1. checking no_clock (0)
------------------------
 There are 0 register/latch pins with no clock.


2. checking constant_clock (0)
------------------------------
 There are 0 register/latch pins with constant_clock.


3. checking pulse_width_clock (0)
---------------------------------
 There are 0 register/latch pins which need pulse_width check


4. checking unconstrained_internal_endpoints (0)
------------------------------------------------
 There are 0 pins that are not constrained for maximum delay.

 There are 0 pins that are not constrained for maximum delay due to constant clock.


5. checking no_input_delay (17)
-------------------------------
 There are 0 input ports with no input delay specified.

 There are 17 input ports with no input delay but user has a false path constraint. (MEDIUM)


6. checking no_output_delay (0)
-------------------------------
 There are 0 ports with no output delay specified.

 There are 0 ports with no output delay but user has a false path constraint

 There are 0 ports with no output delay but with a timing clock defined on it or propagating through it


7. checking multiple_clock (0)
------------------------------
 There are 0 register/latch pins with multiple clocks.


8. checking generated_clocks (0)
--------------------------------
 There are 0 generated clocks that are not connected to a clock source.


9. checking loops (0)
---------------------
 There are 0 combinational loops in the design.


10. checking partial_input_delay (0)
------------------------------------
 There are 0 input ports with partial input delay specified.


11. checking partial_output_delay (0)
-------------------------------------
 There are 0 ports with partial output delay specified.


12. checking latch_loops (0)
----------------------------
 There are 0 combinational latch loops in the design through latch input



------------------------------------------------------------------------------------------------
| Design Timing Summary
| ---------------------
------------------------------------------------------------------------------------------------

    WNS(ns)      TNS(ns)  TNS Failing Endpoints  TNS Total Endpoints     WPWS(ns)     TPWS(ns)  TPWS Failing Endpoints  TPWS Total Endpoints  
    -------      -------  ---------------------  -------------------     --------     --------  ----------------------  --------------------  
      1.899        0.000                      0                  124        4.500        0.000                       0                    76  


All user specified timing constraints are met.


------------------------------------------------------------------------------------------------
| Clock Summary
| -------------
------------------------------------------------------------------------------------------------

Clock  Waveform(ns)       Period(ns)      Frequency(MHz)
-----  ------------       ----------      --------------
clk    {0.000 5.000}      10.000          100.000         


------------------------------------------------------------------------------------------------
| Intra Clock Table
| -----------------
------------------------------------------------------------------------------------------------

Clock             WNS(ns)      TNS(ns)  TNS Failing Endpoints  TNS Total Endpoints     WPWS(ns)     TPWS(ns)  TPWS Failing Endpoints  TPWS Total Endpoints  
-----             -------      -------  ---------------------  -------------------     --------     --------  ----------------------  --------------------  
clk                 1.899        0.000                      0                  124        4.500        0.000                       0                    76  


------------------------------------------------------------------------------------------------
| Inter Clock Table
| -----------------
------------------------------------------------------------------------------------------------

From Clock    To Clock          WNS(ns)      TNS(ns)  TNS Failing Endpoints  TNS Total Endpoints  
----------    --------          -------      -------  ---------------------  -------------------  


------------------------------------------------------------------------------------------------
| Other Path Groups Table
| -----------------------
------------------------------------------------------------------------------------------------

Path Group    From Clock    To Clock          WNS(ns)      TNS(ns)  TNS Failing Endpoints  TNS Total Endpoints  
----------    ----------    --------          -------      -------  ---------------------  -------------------  


------------------------------------------------------------------------------------------------
| User Ignored Path Table
| -----------------------
------------------------------------------------------------------------------------------------

Path Group    From Clock    To Clock    
----------    ----------    --------    
(none)                      clk           


------------------------------------------------------------------------------------------------
| Unconstrained Path Table
| ------------------------
------------------------------------------------------------------------------------------------

Path Group    From Clock    To Clock    
----------    ----------    --------    


------------------------------------------------------------------------------------------------
| Timing Details
| --------------
------------------------------------------------------------------------------------------------


---------------------------------------------------------------------------------------------------
From Clock:  clk
  To Clock:  clk

Setup :            0  Failing Endpoints,  Worst Slack        1.899ns,  Total Violation        0.000ns
Hold  :           NA  Failing Endpoints,  Worst Slack           NA  ,  Total Violation           NA
PW    :            0  Failing Endpoints,  Worst Slack        4.500ns,  Total Violation        0.000ns
---------------------------------------------------------------------------------------------------


Max Delay Paths
--------------------------------------------------------------------------------------
Slack (MET) :             1.899ns  (required time - arrival time)
  Source:                 core/out_valid_q_reg/C
                            (rising edge-triggered cell FDRE clocked by clk  {rise@0.000ns fall@5.000ns period=10.000ns})
  Destination:            out_valid
                            (output port clocked by clk  {rise@0.000ns fall@5.000ns period=10.000ns})
  Path Group:             clk
  Path Type:              Max at Slow Process Corner
  Requirement:            10.000ns  (clk rise@10.000ns - clk rise@0.000ns)
  Data Path Delay:        4.663ns  (logic 3.336ns (71.549%)  route 1.327ns (28.451%))
  Logic Levels:           2  (LUT2=1 OBUF=1)
  Output Delay:           1.000ns
  Clock Path Skew:        -2.402ns (DCD - SCD + CPR)
    Destination Clock Delay (DCD):    0.000ns = ( 10.000 - 10.000 ) 
    Source Clock Delay      (SCD):    2.402ns
    Clock Pessimism Removal (CPR):    0.000ns
  Clock Uncertainty:      0.035ns  ((TSJ^2 + TIJ^2)^1/2 + DJ) / 2 + PE
    Total System Jitter     (TSJ):    0.071ns
    Total Input Jitter      (TIJ):    0.000ns
    Discrete Jitter          (DJ):    0.000ns
    Phase Error              (PE):    0.000ns

    Location             Delay type                Incr(ns)  Path(ns)    Netlist Resource(s)
  -------------------------------------------------------------------    -------------------
                         (clock clk rise edge)        0.000     0.000 r  
                                                      0.000     0.000 r  clk (IN)
                         net (fo=0)                   0.000     0.000    clk
                         IBUF (Prop_ibuf_I_O)         0.923     0.923 r  clk_IBUF_inst/O
                         net (fo=1, unplaced)         0.800     1.722    clk_IBUF
                         BUFG (Prop_bufg_I_O)         0.096     1.818 r  clk_IBUF_BUFG_inst/O
                         net (fo=75, unplaced)        0.584     2.402    core/CLK
                         FDRE                                         r  core/out_valid_q_reg/C
  -------------------------------------------------------------------    -------------------
                         FDRE (Prop_fdre_C_Q)         0.456     2.858 r  core/out_valid_q_reg/Q
                         net (fo=18, unplaced)        0.527     3.385    core/out_valid_q
                         LUT2 (Prop_lut2_I0_O)        0.295     3.680 r  core/out_valid_OBUF_inst_i_1/O
                         net (fo=1, unplaced)         0.800     4.480    out_valid_OBUF
                         OBUF (Prop_obuf_I_O)         2.585     7.065 r  out_valid_OBUF_inst/O
                         net (fo=0)                   0.000     7.065    out_valid
                                                                      r  out_valid (OUT)
  -------------------------------------------------------------------    -------------------

                         (clock clk rise edge)       10.000    10.000 r  
                         clock pessimism              0.000    10.000    
                         clock uncertainty           -0.035     9.965    
                         output delay                -1.000     8.965    
  -------------------------------------------------------------------
                         required time                          8.965    
                         arrival time                          -7.065    
  -------------------------------------------------------------------
                         slack                                  1.899    

Slack (MET) :             1.899ns  (required time - arrival time)
  Source:                 core/reset_release_q_reg[1]/C
                            (rising edge-triggered cell FDCE clocked by clk  {rise@0.000ns fall@5.000ns period=10.000ns})
  Destination:            src_ack_async[0]
                            (output port clocked by clk  {rise@0.000ns fall@5.000ns period=10.000ns})
  Path Group:             clk
  Path Type:              Max at Slow Process Corner
  Requirement:            10.000ns  (clk rise@10.000ns - clk rise@0.000ns)
  Data Path Delay:        4.663ns  (logic 3.336ns (71.549%)  route 1.327ns (28.451%))
  Logic Levels:           2  (LUT2=1 OBUF=1)
  Output Delay:           1.000ns
  Clock Path Skew:        -2.402ns (DCD - SCD + CPR)
    Destination Clock Delay (DCD):    0.000ns = ( 10.000 - 10.000 ) 
    Source Clock Delay      (SCD):    2.402ns
    Clock Pessimism Removal (CPR):    0.000ns
  Clock Uncertainty:      0.035ns  ((TSJ^2 + TIJ^2)^1/2 + DJ) / 2 + PE
    Total System Jitter     (TSJ):    0.071ns
    Total Input Jitter      (TIJ):    0.000ns
    Discrete Jitter          (DJ):    0.000ns
    Phase Error              (PE):    0.000ns

    Location             Delay type                Incr(ns)  Path(ns)    Netlist Resource(s)
  -------------------------------------------------------------------    -------------------
                         (clock clk rise edge)        0.000     0.000 r  
                                                      0.000     0.000 r  clk (IN)
                         net (fo=0)                   0.000     0.000    clk
                         IBUF (Prop_ibuf_I_O)         0.923     0.923 r  clk_IBUF_inst/O
                         net (fo=1, unplaced)         0.800     1.722    clk_IBUF
                         BUFG (Prop_bufg_I_O)         0.096     1.818 r  clk_IBUF_BUFG_inst/O
                         net (fo=75, unplaced)        0.584     2.402    core/CLK
                         FDCE                                         r  core/reset_release_q_reg[1]/C
  -------------------------------------------------------------------    -------------------
                         FDCE (Prop_fdce_C_Q)         0.456     2.858 r  core/reset_release_q_reg[1]/Q
                         net (fo=18, unplaced)        0.527     3.385    core/reset_release_q[1]
                         LUT2 (Prop_lut2_I0_O)        0.295     3.680 r  core/src_ack_async_OBUF[0]_inst_i_1/O
                         net (fo=1, unplaced)         0.800     4.480    src_ack_async_OBUF[0]
                         OBUF (Prop_obuf_I_O)         2.585     7.065 r  src_ack_async_OBUF[0]_inst/O
                         net (fo=0)                   0.000     7.065    src_ack_async[0]
                                                                      r  src_ack_async[0] (OUT)
  -------------------------------------------------------------------    -------------------

                         (clock clk rise edge)       10.000    10.000 r  
                         clock pessimism              0.000    10.000    
                         clock uncertainty           -0.035     9.965    
                         output delay                -1.000     8.965    
  -------------------------------------------------------------------
                         required time                          8.965    
                         arrival time                          -7.065    
  -------------------------------------------------------------------
                         slack                                  1.899    

Slack (MET) :             1.899ns  (required time - arrival time)
  Source:                 core/reset_release_q_reg[1]/C
                            (rising edge-triggered cell FDCE clocked by clk  {rise@0.000ns fall@5.000ns period=10.000ns})
  Destination:            src_ack_async[10]
                            (output port clocked by clk  {rise@0.000ns fall@5.000ns period=10.000ns})
  Path Group:             clk
  Path Type:              Max at Slow Process Corner
  Requirement:            10.000ns  (clk rise@10.000ns - clk rise@0.000ns)
  Data Path Delay:        4.663ns  (logic 3.336ns (71.549%)  route 1.327ns (28.451%))
  Logic Levels:           2  (LUT2=1 OBUF=1)
  Output Delay:           1.000ns
  Clock Path Skew:        -2.402ns (DCD - SCD + CPR)
    Destination Clock Delay (DCD):    0.000ns = ( 10.000 - 10.000 ) 
    Source Clock Delay      (SCD):    2.402ns
    Clock Pessimism Removal (CPR):    0.000ns
  Clock Uncertainty:      0.035ns  ((TSJ^2 + TIJ^2)^1/2 + DJ) / 2 + PE
    Total System Jitter     (TSJ):    0.071ns
    Total Input Jitter      (TIJ):    0.000ns
    Discrete Jitter          (DJ):    0.000ns
    Phase Error              (PE):    0.000ns

    Location             Delay type                Incr(ns)  Path(ns)    Netlist Resource(s)
  -------------------------------------------------------------------    -------------------
                         (clock clk rise edge)        0.000     0.000 r  
                                                      0.000     0.000 r  clk (IN)
                         net (fo=0)                   0.000     0.000    clk
                         IBUF (Prop_ibuf_I_O)         0.923     0.923 r  clk_IBUF_inst/O
                         net (fo=1, unplaced)         0.800     1.722    clk_IBUF
                         BUFG (Prop_bufg_I_O)         0.096     1.818 r  clk_IBUF_BUFG_inst/O
                         net (fo=75, unplaced)        0.584     2.402    core/CLK
                         FDCE                                         r  core/reset_release_q_reg[1]/C
  -------------------------------------------------------------------    -------------------
                         FDCE (Prop_fdce_C_Q)         0.456     2.858 r  core/reset_release_q_reg[1]/Q
                         net (fo=18, unplaced)        0.527     3.385    core/reset_release_q[1]
                         LUT2 (Prop_lut2_I0_O)        0.295     3.680 r  core/src_ack_async_OBUF[10]_inst_i_1/O
                         net (fo=1, unplaced)         0.800     4.480    src_ack_async_OBUF[10]
                         OBUF (Prop_obuf_I_O)         2.585     7.065 r  src_ack_async_OBUF[10]_inst/O
                         net (fo=0)                   0.000     7.065    src_ack_async[10]
                                                                      r  src_ack_async[10] (OUT)
  -------------------------------------------------------------------    -------------------

                         (clock clk rise edge)       10.000    10.000 r  
                         clock pessimism              0.000    10.000    
                         clock uncertainty           -0.035     9.965    
                         output delay                -1.000     8.965    
  -------------------------------------------------------------------
                         required time                          8.965    
                         arrival time                          -7.065    
  -------------------------------------------------------------------
                         slack                                  1.899    

Slack (MET) :             1.899ns  (required time - arrival time)
  Source:                 core/reset_release_q_reg[1]/C
                            (rising edge-triggered cell FDCE clocked by clk  {rise@0.000ns fall@5.000ns period=10.000ns})
  Destination:            src_ack_async[11]
                            (output port clocked by clk  {rise@0.000ns fall@5.000ns period=10.000ns})
  Path Group:             clk
  Path Type:              Max at Slow Process Corner
  Requirement:            10.000ns  (clk rise@10.000ns - clk rise@0.000ns)
  Data Path Delay:        4.663ns  (logic 3.336ns (71.549%)  route 1.327ns (28.451%))
  Logic Levels:           2  (LUT2=1 OBUF=1)
  Output Delay:           1.000ns
  Clock Path Skew:        -2.402ns (DCD - SCD + CPR)
    Destination Clock Delay (DCD):    0.000ns = ( 10.000 - 10.000 ) 
    Source Clock Delay      (SCD):    2.402ns
    Clock Pessimism Removal (CPR):    0.000ns
  Clock Uncertainty:      0.035ns  ((TSJ^2 + TIJ^2)^1/2 + DJ) / 2 + PE
    Total System Jitter     (TSJ):    0.071ns
    Total Input Jitter      (TIJ):    0.000ns
    Discrete Jitter          (DJ):    0.000ns
    Phase Error              (PE):    0.000ns

    Location             Delay type                Incr(ns)  Path(ns)    Netlist Resource(s)
  -------------------------------------------------------------------    -------------------
                         (clock clk rise edge)        0.000     0.000 r  
                                                      0.000     0.000 r  clk (IN)
                         net (fo=0)                   0.000     0.000    clk
                         IBUF (Prop_ibuf_I_O)         0.923     0.923 r  clk_IBUF_inst/O
                         net (fo=1, unplaced)         0.800     1.722    clk_IBUF
                         BUFG (Prop_bufg_I_O)         0.096     1.818 r  clk_IBUF_BUFG_inst/O
                         net (fo=75, unplaced)        0.584     2.402    core/CLK
                         FDCE                                         r  core/reset_release_q_reg[1]/C
  -------------------------------------------------------------------    -------------------
                         FDCE (Prop_fdce_C_Q)         0.456     2.858 r  core/reset_release_q_reg[1]/Q
                         net (fo=18, unplaced)        0.527     3.385    core/reset_release_q[1]
                         LUT2 (Prop_lut2_I0_O)        0.295     3.680 r  core/src_ack_async_OBUF[11]_inst_i_1/O
                         net (fo=1, unplaced)         0.800     4.480    src_ack_async_OBUF[11]
                         OBUF (Prop_obuf_I_O)         2.585     7.065 r  src_ack_async_OBUF[11]_inst/O
                         net (fo=0)                   0.000     7.065    src_ack_async[11]
                                                                      r  src_ack_async[11] (OUT)
  -------------------------------------------------------------------    -------------------

                         (clock clk rise edge)       10.000    10.000 r  
                         clock pessimism              0.000    10.000    
                         clock uncertainty           -0.035     9.965    
                         output delay                -1.000     8.965    
  -------------------------------------------------------------------
                         required time                          8.965    
                         arrival time                          -7.065    
  -------------------------------------------------------------------
                         slack                                  1.899    

Slack (MET) :             1.899ns  (required time - arrival time)
  Source:                 core/reset_release_q_reg[1]/C
                            (rising edge-triggered cell FDCE clocked by clk  {rise@0.000ns fall@5.000ns period=10.000ns})
  Destination:            src_ack_async[12]
                            (output port clocked by clk  {rise@0.000ns fall@5.000ns period=10.000ns})
  Path Group:             clk
  Path Type:              Max at Slow Process Corner
  Requirement:            10.000ns  (clk rise@10.000ns - clk rise@0.000ns)
  Data Path Delay:        4.663ns  (logic 3.336ns (71.549%)  route 1.327ns (28.451%))
  Logic Levels:           2  (LUT2=1 OBUF=1)
  Output Delay:           1.000ns
  Clock Path Skew:        -2.402ns (DCD - SCD + CPR)
    Destination Clock Delay (DCD):    0.000ns = ( 10.000 - 10.000 ) 
    Source Clock Delay      (SCD):    2.402ns
    Clock Pessimism Removal (CPR):    0.000ns
  Clock Uncertainty:      0.035ns  ((TSJ^2 + TIJ^2)^1/2 + DJ) / 2 + PE
    Total System Jitter     (TSJ):    0.071ns
    Total Input Jitter      (TIJ):    0.000ns
    Discrete Jitter          (DJ):    0.000ns
    Phase Error              (PE):    0.000ns

    Location             Delay type                Incr(ns)  Path(ns)    Netlist Resource(s)
  -------------------------------------------------------------------    -------------------
                         (clock clk rise edge)        0.000     0.000 r  
                                                      0.000     0.000 r  clk (IN)
                         net (fo=0)                   0.000     0.000    clk
                         IBUF (Prop_ibuf_I_O)         0.923     0.923 r  clk_IBUF_inst/O
                         net (fo=1, unplaced)         0.800     1.722    clk_IBUF
                         BUFG (Prop_bufg_I_O)         0.096     1.818 r  clk_IBUF_BUFG_inst/O
                         net (fo=75, unplaced)        0.584     2.402    core/CLK
                         FDCE                                         r  core/reset_release_q_reg[1]/C
  -------------------------------------------------------------------    -------------------
                         FDCE (Prop_fdce_C_Q)         0.456     2.858 r  core/reset_release_q_reg[1]/Q
                         net (fo=18, unplaced)        0.527     3.385    core/reset_release_q[1]
                         LUT2 (Prop_lut2_I0_O)        0.295     3.680 r  core/src_ack_async_OBUF[12]_inst_i_1/O
                         net (fo=1, unplaced)         0.800     4.480    src_ack_async_OBUF[12]
                         OBUF (Prop_obuf_I_O)         2.585     7.065 r  src_ack_async_OBUF[12]_inst/O
                         net (fo=0)                   0.000     7.065    src_ack_async[12]
                                                                      r  src_ack_async[12] (OUT)
  -------------------------------------------------------------------    -------------------

                         (clock clk rise edge)       10.000    10.000 r  
                         clock pessimism              0.000    10.000    
                         clock uncertainty           -0.035     9.965    
                         output delay                -1.000     8.965    
  -------------------------------------------------------------------
                         required time                          8.965    
                         arrival time                          -7.065    
  -------------------------------------------------------------------
                         slack                                  1.899    

Slack (MET) :             1.899ns  (required time - arrival time)
  Source:                 core/reset_release_q_reg[1]/C
                            (rising edge-triggered cell FDCE clocked by clk  {rise@0.000ns fall@5.000ns period=10.000ns})
  Destination:            src_ack_async[13]
                            (output port clocked by clk  {rise@0.000ns fall@5.000ns period=10.000ns})
  Path Group:             clk
  Path Type:              Max at Slow Process Corner
  Requirement:            10.000ns  (clk rise@10.000ns - clk rise@0.000ns)
  Data Path Delay:        4.663ns  (logic 3.336ns (71.549%)  route 1.327ns (28.451%))
  Logic Levels:           2  (LUT2=1 OBUF=1)
  Output Delay:           1.000ns
  Clock Path Skew:        -2.402ns (DCD - SCD + CPR)
    Destination Clock Delay (DCD):    0.000ns = ( 10.000 - 10.000 ) 
    Source Clock Delay      (SCD):    2.402ns
    Clock Pessimism Removal (CPR):    0.000ns
  Clock Uncertainty:      0.035ns  ((TSJ^2 + TIJ^2)^1/2 + DJ) / 2 + PE
    Total System Jitter     (TSJ):    0.071ns
    Total Input Jitter      (TIJ):    0.000ns
    Discrete Jitter          (DJ):    0.000ns
    Phase Error              (PE):    0.000ns

    Location             Delay type                Incr(ns)  Path(ns)    Netlist Resource(s)
  -------------------------------------------------------------------    -------------------
                         (clock clk rise edge)        0.000     0.000 r  
                                                      0.000     0.000 r  clk (IN)
                         net (fo=0)                   0.000     0.000    clk
                         IBUF (Prop_ibuf_I_O)         0.923     0.923 r  clk_IBUF_inst/O
                         net (fo=1, unplaced)         0.800     1.722    clk_IBUF
                         BUFG (Prop_bufg_I_O)         0.096     1.818 r  clk_IBUF_BUFG_inst/O
                         net (fo=75, unplaced)        0.584     2.402    core/CLK
                         FDCE                                         r  core/reset_release_q_reg[1]/C
  -------------------------------------------------------------------    -------------------
                         FDCE (Prop_fdce_C_Q)         0.456     2.858 r  core/reset_release_q_reg[1]/Q
                         net (fo=18, unplaced)        0.527     3.385    core/reset_release_q[1]
                         LUT2 (Prop_lut2_I0_O)        0.295     3.680 r  core/src_ack_async_OBUF[13]_inst_i_1/O
                         net (fo=1, unplaced)         0.800     4.480    src_ack_async_OBUF[13]
                         OBUF (Prop_obuf_I_O)         2.585     7.065 r  src_ack_async_OBUF[13]_inst/O
                         net (fo=0)                   0.000     7.065    src_ack_async[13]
                                                                      r  src_ack_async[13] (OUT)
  -------------------------------------------------------------------    -------------------

                         (clock clk rise edge)       10.000    10.000 r  
                         clock pessimism              0.000    10.000    
                         clock uncertainty           -0.035     9.965    
                         output delay                -1.000     8.965    
  -------------------------------------------------------------------
                         required time                          8.965    
                         arrival time                          -7.065    
  -------------------------------------------------------------------
                         slack                                  1.899    

Slack (MET) :             1.899ns  (required time - arrival time)
  Source:                 core/reset_release_q_reg[1]/C
                            (rising edge-triggered cell FDCE clocked by clk  {rise@0.000ns fall@5.000ns period=10.000ns})
  Destination:            src_ack_async[14]
                            (output port clocked by clk  {rise@0.000ns fall@5.000ns period=10.000ns})
  Path Group:             clk
  Path Type:              Max at Slow Process Corner
  Requirement:            10.000ns  (clk rise@10.000ns - clk rise@0.000ns)
  Data Path Delay:        4.663ns  (logic 3.336ns (71.549%)  route 1.327ns (28.451%))
  Logic Levels:           2  (LUT2=1 OBUF=1)
  Output Delay:           1.000ns
  Clock Path Skew:        -2.402ns (DCD - SCD + CPR)
    Destination Clock Delay (DCD):    0.000ns = ( 10.000 - 10.000 ) 
    Source Clock Delay      (SCD):    2.402ns
    Clock Pessimism Removal (CPR):    0.000ns
  Clock Uncertainty:      0.035ns  ((TSJ^2 + TIJ^2)^1/2 + DJ) / 2 + PE
    Total System Jitter     (TSJ):    0.071ns
    Total Input Jitter      (TIJ):    0.000ns
    Discrete Jitter          (DJ):    0.000ns
    Phase Error              (PE):    0.000ns

    Location             Delay type                Incr(ns)  Path(ns)    Netlist Resource(s)
  -------------------------------------------------------------------    -------------------
                         (clock clk rise edge)        0.000     0.000 r  
                                                      0.000     0.000 r  clk (IN)
                         net (fo=0)                   0.000     0.000    clk
                         IBUF (Prop_ibuf_I_O)         0.923     0.923 r  clk_IBUF_inst/O
                         net (fo=1, unplaced)         0.800     1.722    clk_IBUF
                         BUFG (Prop_bufg_I_O)         0.096     1.818 r  clk_IBUF_BUFG_inst/O
                         net (fo=75, unplaced)        0.584     2.402    core/CLK
                         FDCE                                         r  core/reset_release_q_reg[1]/C
  -------------------------------------------------------------------    -------------------
                         FDCE (Prop_fdce_C_Q)         0.456     2.858 r  core/reset_release_q_reg[1]/Q
                         net (fo=18, unplaced)        0.527     3.385    core/reset_release_q[1]
                         LUT2 (Prop_lut2_I0_O)        0.295     3.680 r  core/src_ack_async_OBUF[14]_inst_i_1/O
                         net (fo=1, unplaced)         0.800     4.480    src_ack_async_OBUF[14]
                         OBUF (Prop_obuf_I_O)         2.585     7.065 r  src_ack_async_OBUF[14]_inst/O
                         net (fo=0)                   0.000     7.065    src_ack_async[14]
                                                                      r  src_ack_async[14] (OUT)
  -------------------------------------------------------------------    -------------------

                         (clock clk rise edge)       10.000    10.000 r  
                         clock pessimism              0.000    10.000    
                         clock uncertainty           -0.035     9.965    
                         output delay                -1.000     8.965    
  -------------------------------------------------------------------
                         required time                          8.965    
                         arrival time                          -7.065    
  -------------------------------------------------------------------
                         slack                                  1.899    

Slack (MET) :             1.899ns  (required time - arrival time)
  Source:                 core/reset_release_q_reg[1]/C
                            (rising edge-triggered cell FDCE clocked by clk  {rise@0.000ns fall@5.000ns period=10.000ns})
  Destination:            src_ack_async[15]
                            (output port clocked by clk  {rise@0.000ns fall@5.000ns period=10.000ns})
  Path Group:             clk
  Path Type:              Max at Slow Process Corner
  Requirement:            10.000ns  (clk rise@10.000ns - clk rise@0.000ns)
  Data Path Delay:        4.663ns  (logic 3.336ns (71.549%)  route 1.327ns (28.451%))
  Logic Levels:           2  (LUT2=1 OBUF=1)
  Output Delay:           1.000ns
  Clock Path Skew:        -2.402ns (DCD - SCD + CPR)
    Destination Clock Delay (DCD):    0.000ns = ( 10.000 - 10.000 ) 
    Source Clock Delay      (SCD):    2.402ns
    Clock Pessimism Removal (CPR):    0.000ns
  Clock Uncertainty:      0.035ns  ((TSJ^2 + TIJ^2)^1/2 + DJ) / 2 + PE
    Total System Jitter     (TSJ):    0.071ns
    Total Input Jitter      (TIJ):    0.000ns
    Discrete Jitter          (DJ):    0.000ns
    Phase Error              (PE):    0.000ns

    Location             Delay type                Incr(ns)  Path(ns)    Netlist Resource(s)
  -------------------------------------------------------------------    -------------------
                         (clock clk rise edge)        0.000     0.000 r  
                                                      0.000     0.000 r  clk (IN)
                         net (fo=0)                   0.000     0.000    clk
                         IBUF (Prop_ibuf_I_O)         0.923     0.923 r  clk_IBUF_inst/O
                         net (fo=1, unplaced)         0.800     1.722    clk_IBUF
                         BUFG (Prop_bufg_I_O)         0.096     1.818 r  clk_IBUF_BUFG_inst/O
                         net (fo=75, unplaced)        0.584     2.402    core/CLK
                         FDCE                                         r  core/reset_release_q_reg[1]/C
  -------------------------------------------------------------------    -------------------
                         FDCE (Prop_fdce_C_Q)         0.456     2.858 r  core/reset_release_q_reg[1]/Q
                         net (fo=18, unplaced)        0.527     3.385    core/reset_release_q[1]
                         LUT2 (Prop_lut2_I0_O)        0.295     3.680 r  core/src_ack_async_OBUF[15]_inst_i_1/O
                         net (fo=1, unplaced)         0.800     4.480    src_ack_async_OBUF[15]
                         OBUF (Prop_obuf_I_O)         2.585     7.065 r  src_ack_async_OBUF[15]_inst/O
                         net (fo=0)                   0.000     7.065    src_ack_async[15]
                                                                      r  src_ack_async[15] (OUT)
  -------------------------------------------------------------------    -------------------

                         (clock clk rise edge)       10.000    10.000 r  
                         clock pessimism              0.000    10.000    
                         clock uncertainty           -0.035     9.965    
                         output delay                -1.000     8.965    
  -------------------------------------------------------------------
                         required time                          8.965    
                         arrival time                          -7.065    
  -------------------------------------------------------------------
                         slack                                  1.899    

Slack (MET) :             1.899ns  (required time - arrival time)
  Source:                 core/reset_release_q_reg[1]/C
                            (rising edge-triggered cell FDCE clocked by clk  {rise@0.000ns fall@5.000ns period=10.000ns})
  Destination:            src_ack_async[1]
                            (output port clocked by clk  {rise@0.000ns fall@5.000ns period=10.000ns})
  Path Group:             clk
  Path Type:              Max at Slow Process Corner
  Requirement:            10.000ns  (clk rise@10.000ns - clk rise@0.000ns)
  Data Path Delay:        4.663ns  (logic 3.336ns (71.549%)  route 1.327ns (28.451%))
  Logic Levels:           2  (LUT2=1 OBUF=1)
  Output Delay:           1.000ns
  Clock Path Skew:        -2.402ns (DCD - SCD + CPR)
    Destination Clock Delay (DCD):    0.000ns = ( 10.000 - 10.000 ) 
    Source Clock Delay      (SCD):    2.402ns
    Clock Pessimism Removal (CPR):    0.000ns
  Clock Uncertainty:      0.035ns  ((TSJ^2 + TIJ^2)^1/2 + DJ) / 2 + PE
    Total System Jitter     (TSJ):    0.071ns
    Total Input Jitter      (TIJ):    0.000ns
    Discrete Jitter          (DJ):    0.000ns
    Phase Error              (PE):    0.000ns

    Location             Delay type                Incr(ns)  Path(ns)    Netlist Resource(s)
  -------------------------------------------------------------------    -------------------
                         (clock clk rise edge)        0.000     0.000 r  
                                                      0.000     0.000 r  clk (IN)
                         net (fo=0)                   0.000     0.000    clk
                         IBUF (Prop_ibuf_I_O)         0.923     0.923 r  clk_IBUF_inst/O
                         net (fo=1, unplaced)         0.800     1.722    clk_IBUF
                         BUFG (Prop_bufg_I_O)         0.096     1.818 r  clk_IBUF_BUFG_inst/O
                         net (fo=75, unplaced)        0.584     2.402    core/CLK
                         FDCE                                         r  core/reset_release_q_reg[1]/C
  -------------------------------------------------------------------    -------------------
                         FDCE (Prop_fdce_C_Q)         0.456     2.858 r  core/reset_release_q_reg[1]/Q
                         net (fo=18, unplaced)        0.527     3.385    core/reset_release_q[1]
                         LUT2 (Prop_lut2_I0_O)        0.295     3.680 r  core/src_ack_async_OBUF[1]_inst_i_1/O
                         net (fo=1, unplaced)         0.800     4.480    src_ack_async_OBUF[1]
                         OBUF (Prop_obuf_I_O)         2.585     7.065 r  src_ack_async_OBUF[1]_inst/O
                         net (fo=0)                   0.000     7.065    src_ack_async[1]
                                                                      r  src_ack_async[1] (OUT)
  -------------------------------------------------------------------    -------------------

                         (clock clk rise edge)       10.000    10.000 r  
                         clock pessimism              0.000    10.000    
                         clock uncertainty           -0.035     9.965    
                         output delay                -1.000     8.965    
  -------------------------------------------------------------------
                         required time                          8.965    
                         arrival time                          -7.065    
  -------------------------------------------------------------------
                         slack                                  1.899    

Slack (MET) :             1.899ns  (required time - arrival time)
  Source:                 core/reset_release_q_reg[1]/C
                            (rising edge-triggered cell FDCE clocked by clk  {rise@0.000ns fall@5.000ns period=10.000ns})
  Destination:            src_ack_async[2]
                            (output port clocked by clk  {rise@0.000ns fall@5.000ns period=10.000ns})
  Path Group:             clk
  Path Type:              Max at Slow Process Corner
  Requirement:            10.000ns  (clk rise@10.000ns - clk rise@0.000ns)
  Data Path Delay:        4.663ns  (logic 3.336ns (71.549%)  route 1.327ns (28.451%))
  Logic Levels:           2  (LUT2=1 OBUF=1)
  Output Delay:           1.000ns
  Clock Path Skew:        -2.402ns (DCD - SCD + CPR)
    Destination Clock Delay (DCD):    0.000ns = ( 10.000 - 10.000 ) 
    Source Clock Delay      (SCD):    2.402ns
    Clock Pessimism Removal (CPR):    0.000ns
  Clock Uncertainty:      0.035ns  ((TSJ^2 + TIJ^2)^1/2 + DJ) / 2 + PE
    Total System Jitter     (TSJ):    0.071ns
    Total Input Jitter      (TIJ):    0.000ns
    Discrete Jitter          (DJ):    0.000ns
    Phase Error              (PE):    0.000ns

    Location             Delay type                Incr(ns)  Path(ns)    Netlist Resource(s)
  -------------------------------------------------------------------    -------------------
                         (clock clk rise edge)        0.000     0.000 r  
                                                      0.000     0.000 r  clk (IN)
                         net (fo=0)                   0.000     0.000    clk
                         IBUF (Prop_ibuf_I_O)         0.923     0.923 r  clk_IBUF_inst/O
                         net (fo=1, unplaced)         0.800     1.722    clk_IBUF
                         BUFG (Prop_bufg_I_O)         0.096     1.818 r  clk_IBUF_BUFG_inst/O
                         net (fo=75, unplaced)        0.584     2.402    core/CLK
                         FDCE                                         r  core/reset_release_q_reg[1]/C
  -------------------------------------------------------------------    -------------------
                         FDCE (Prop_fdce_C_Q)         0.456     2.858 r  core/reset_release_q_reg[1]/Q
                         net (fo=18, unplaced)        0.527     3.385    core/reset_release_q[1]
                         LUT2 (Prop_lut2_I0_O)        0.295     3.680 r  core/src_ack_async_OBUF[2]_inst_i_1/O
                         net (fo=1, unplaced)         0.800     4.480    src_ack_async_OBUF[2]
                         OBUF (Prop_obuf_I_O)         2.585     7.065 r  src_ack_async_OBUF[2]_inst/O
                         net (fo=0)                   0.000     7.065    src_ack_async[2]
                                                                      r  src_ack_async[2] (OUT)
  -------------------------------------------------------------------    -------------------

                         (clock clk rise edge)       10.000    10.000 r  
                         clock pessimism              0.000    10.000    
                         clock uncertainty           -0.035     9.965    
                         output delay                -1.000     8.965    
  -------------------------------------------------------------------
                         required time                          8.965    
                         arrival time                          -7.065    
  -------------------------------------------------------------------
                         slack                                  1.899    





Pulse Width Checks
--------------------------------------------------------------------------------------
Clock Name:         clk
Waveform(ns):       { 0.000 5.000 }
Period(ns):         10.000
Sources:            { clk }

Check Type        Corner  Lib Pin  Reference Pin  Required(ns)  Actual(ns)  Slack(ns)  Location  Pin
Min Period        n/a     BUFG/I   n/a            2.155         10.000      7.845                clk_IBUF_BUFG_inst/I
Min Period        n/a     FDRE/C   n/a            1.000         10.000      9.000                core/ack_q_reg[0]/C
Min Period        n/a     FDRE/C   n/a            1.000         10.000      9.000                core/ack_q_reg[10]/C
Min Period        n/a     FDRE/C   n/a            1.000         10.000      9.000                core/ack_q_reg[11]/C
Min Period        n/a     FDRE/C   n/a            1.000         10.000      9.000                core/ack_q_reg[12]/C
Min Period        n/a     FDRE/C   n/a            1.000         10.000      9.000                core/ack_q_reg[13]/C
Min Period        n/a     FDRE/C   n/a            1.000         10.000      9.000                core/ack_q_reg[14]/C
Min Period        n/a     FDRE/C   n/a            1.000         10.000      9.000                core/ack_q_reg[15]/C
Min Period        n/a     FDRE/C   n/a            1.000         10.000      9.000                core/ack_q_reg[1]/C
Min Period        n/a     FDRE/C   n/a            1.000         10.000      9.000                core/ack_q_reg[2]/C
Low Pulse Width   Slow    FDRE/C   n/a            0.500         5.000       4.500                core/ack_q_reg[0]/C
Low Pulse Width   Fast    FDRE/C   n/a            0.500         5.000       4.500                core/ack_q_reg[0]/C
Low Pulse Width   Slow    FDRE/C   n/a            0.500         5.000       4.500                core/ack_q_reg[10]/C
Low Pulse Width   Fast    FDRE/C   n/a            0.500         5.000       4.500                core/ack_q_reg[10]/C
Low Pulse Width   Slow    FDRE/C   n/a            0.500         5.000       4.500                core/ack_q_reg[11]/C
Low Pulse Width   Fast    FDRE/C   n/a            0.500         5.000       4.500                core/ack_q_reg[11]/C
Low Pulse Width   Slow    FDRE/C   n/a            0.500         5.000       4.500                core/ack_q_reg[12]/C
Low Pulse Width   Fast    FDRE/C   n/a            0.500         5.000       4.500                core/ack_q_reg[12]/C
Low Pulse Width   Slow    FDRE/C   n/a            0.500         5.000       4.500                core/ack_q_reg[13]/C
Low Pulse Width   Fast    FDRE/C   n/a            0.500         5.000       4.500                core/ack_q_reg[13]/C
High Pulse Width  Slow    FDRE/C   n/a            0.500         5.000       4.500                core/ack_q_reg[0]/C
High Pulse Width  Slow    FDRE/C   n/a            0.500         5.000       4.500                core/ack_q_reg[10]/C
High Pulse Width  Slow    FDRE/C   n/a            0.500         5.000       4.500                core/ack_q_reg[11]/C
High Pulse Width  Slow    FDRE/C   n/a            0.500         5.000       4.500                core/ack_q_reg[12]/C
High Pulse Width  Slow    FDRE/C   n/a            0.500         5.000       4.500                core/ack_q_reg[13]/C
High Pulse Width  Slow    FDRE/C   n/a            0.500         5.000       4.500                core/ack_q_reg[14]/C
High Pulse Width  Slow    FDRE/C   n/a            0.500         5.000       4.500                core/ack_q_reg[15]/C
High Pulse Width  Slow    FDRE/C   n/a            0.500         5.000       4.500                core/ack_q_reg[1]/C
High Pulse Width  Slow    FDRE/C   n/a            0.500         5.000       4.500                core/ack_q_reg[2]/C
High Pulse Width  Slow    FDRE/C   n/a            0.500         5.000       4.500                core/ack_q_reg[3]/C



--------------------------------------------------------------------------------------
Path Group:  (none)
From Clock:  
  To Clock:  clk

Max Delay            18 Endpoints
Min Delay             0 Endpoints
--------------------------------------------------------------------------------------


Max Delay Paths
--------------------------------------------------------------------------------------
Slack:                    inf
  Source:                 rst_n
                            (input port)
  Destination:            core/reset_release_q_reg[0]/CLR
                            (recovery check against rising-edge clock clk  {rise@0.000ns fall@5.000ns period=10.000ns})
  Path Group:             (none)
  Path Type:              Recovery (Max at Slow Process Corner)
  Data Path Delay:        2.633ns  (logic 1.047ns (39.745%)  route 1.587ns (60.255%))
  Logic Levels:           2  (IBUF=1 LUT1=1)
  Clock Path Skew:        2.079ns (DCD - SCD + CPR)
    Destination Clock Delay (DCD):    2.079ns
    Source Clock Delay      (SCD):    0.000ns
    Clock Pessimism Removal (CPR):    0.000ns
  Timing Exception:       False Path

    Location             Delay type                Incr(ns)  Path(ns)    Netlist Resource(s)
  -------------------------------------------------------------------    -------------------
                                                      0.000     0.000 r  rst_n (IN)
                         net (fo=0)                   0.000     0.000    rst_n
                         IBUF (Prop_ibuf_I_O)         0.923     0.923 r  rst_n_IBUF_inst/O
                         net (fo=1, unplaced)         0.800     1.722    core/rst_n_IBUF
                         LUT1 (Prop_lut1_I0_O)        0.124     1.846 f  core/reset_release_q[1]_i_1/O
                         net (fo=2, unplaced)         0.787     2.633    core/reset_release_q[1]_i_1_n_0
                         FDCE                                         f  core/reset_release_q_reg[0]/CLR
  -------------------------------------------------------------------    -------------------

                         (clock clk rise edge)        0.000     0.000 r  
                                                      0.000     0.000 r  clk (IN)
                         net (fo=0)                   0.000     0.000    clk
                         IBUF (Prop_ibuf_I_O)         0.789     0.789 r  clk_IBUF_inst/O
                         net (fo=1, unplaced)         0.760     1.549    clk_IBUF
                         BUFG (Prop_bufg_I_O)         0.091     1.640 r  clk_IBUF_BUFG_inst/O
                         net (fo=75, unplaced)        0.439     2.079    core/CLK
                         FDCE                                         r  core/reset_release_q_reg[0]/C

Slack:                    inf
  Source:                 rst_n
                            (input port)
  Destination:            core/reset_release_q_reg[1]/CLR
                            (recovery check against rising-edge clock clk  {rise@0.000ns fall@5.000ns period=10.000ns})
  Path Group:             (none)
  Path Type:              Recovery (Max at Slow Process Corner)
  Data Path Delay:        2.633ns  (logic 1.047ns (39.745%)  route 1.587ns (60.255%))
  Logic Levels:           2  (IBUF=1 LUT1=1)
  Clock Path Skew:        2.079ns (DCD - SCD + CPR)
    Destination Clock Delay (DCD):    2.079ns
    Source Clock Delay      (SCD):    0.000ns
    Clock Pessimism Removal (CPR):    0.000ns
  Timing Exception:       False Path

    Location             Delay type                Incr(ns)  Path(ns)    Netlist Resource(s)
  -------------------------------------------------------------------    -------------------
                                                      0.000     0.000 r  rst_n (IN)
                         net (fo=0)                   0.000     0.000    rst_n
                         IBUF (Prop_ibuf_I_O)         0.923     0.923 r  rst_n_IBUF_inst/O
                         net (fo=1, unplaced)         0.800     1.722    core/rst_n_IBUF
                         LUT1 (Prop_lut1_I0_O)        0.124     1.846 f  core/reset_release_q[1]_i_1/O
                         net (fo=2, unplaced)         0.787     2.633    core/reset_release_q[1]_i_1_n_0
                         FDCE                                         f  core/reset_release_q_reg[1]/CLR
  -------------------------------------------------------------------    -------------------

                         (clock clk rise edge)        0.000     0.000 r  
                                                      0.000     0.000 r  clk (IN)
                         net (fo=0)                   0.000     0.000    clk
                         IBUF (Prop_ibuf_I_O)         0.789     0.789 r  clk_IBUF_inst/O
                         net (fo=1, unplaced)         0.760     1.549    clk_IBUF
                         BUFG (Prop_bufg_I_O)         0.091     1.640 r  clk_IBUF_BUFG_inst/O
                         net (fo=75, unplaced)        0.439     2.079    core/CLK
                         FDCE                                         r  core/reset_release_q_reg[1]/C

Slack:                    inf
  Source:                 src_req_async[0]
                            (input port)
  Destination:            core/req_meta_q_reg[0]/D
                            (rising edge-triggered cell FDRE clocked by clk  {rise@0.000ns fall@5.000ns period=10.000ns})
  Path Group:             (none)
  Path Type:              Setup (Max at Slow Process Corner)
  Data Path Delay:        1.722ns  (logic 0.923ns (53.568%)  route 0.800ns (46.432%))
  Logic Levels:           1  (IBUF=1)
  Clock Path Skew:        2.079ns (DCD - SCD + CPR)
    Destination Clock Delay (DCD):    2.079ns
    Source Clock Delay      (SCD):    0.000ns
    Clock Pessimism Removal (CPR):    0.000ns
  Timing Exception:       False Path

    Location             Delay type                Incr(ns)  Path(ns)    Netlist Resource(s)
  -------------------------------------------------------------------    -------------------
                                                      0.000     0.000 r  src_req_async[0] (IN)
                         net (fo=0)                   0.000     0.000    src_req_async[0]
                         IBUF (Prop_ibuf_I_O)         0.923     0.923 r  src_req_async_IBUF[0]_inst/O
                         net (fo=1, unplaced)         0.800     1.722    core/src_req_async[0]
                         FDRE                                         r  core/req_meta_q_reg[0]/D
  -------------------------------------------------------------------    -------------------

                         (clock clk rise edge)        0.000     0.000 r  
                                                      0.000     0.000 r  clk (IN)
                         net (fo=0)                   0.000     0.000    clk
                         IBUF (Prop_ibuf_I_O)         0.789     0.789 r  clk_IBUF_inst/O
                         net (fo=1, unplaced)         0.760     1.549    clk_IBUF
                         BUFG (Prop_bufg_I_O)         0.091     1.640 r  clk_IBUF_BUFG_inst/O
                         net (fo=75, unplaced)        0.439     2.079    core/CLK
                         FDRE                                         r  core/req_meta_q_reg[0]/C

Slack:                    inf
  Source:                 src_req_async[10]
                            (input port)
  Destination:            core/req_meta_q_reg[10]/D
                            (rising edge-triggered cell FDRE clocked by clk  {rise@0.000ns fall@5.000ns period=10.000ns})
  Path Group:             (none)
  Path Type:              Setup (Max at Slow Process Corner)
  Data Path Delay:        1.722ns  (logic 0.923ns (53.568%)  route 0.800ns (46.432%))
  Logic Levels:           1  (IBUF=1)
  Clock Path Skew:        2.079ns (DCD - SCD + CPR)
    Destination Clock Delay (DCD):    2.079ns
    Source Clock Delay      (SCD):    0.000ns
    Clock Pessimism Removal (CPR):    0.000ns
  Timing Exception:       False Path

    Location             Delay type                Incr(ns)  Path(ns)    Netlist Resource(s)
  -------------------------------------------------------------------    -------------------
                                                      0.000     0.000 r  src_req_async[10] (IN)
                         net (fo=0)                   0.000     0.000    src_req_async[10]
                         IBUF (Prop_ibuf_I_O)         0.923     0.923 r  src_req_async_IBUF[10]_inst/O
                         net (fo=1, unplaced)         0.800     1.722    core/src_req_async[10]
                         FDRE                                         r  core/req_meta_q_reg[10]/D
  -------------------------------------------------------------------    -------------------

                         (clock clk rise edge)        0.000     0.000 r  
                                                      0.000     0.000 r  clk (IN)
                         net (fo=0)                   0.000     0.000    clk
                         IBUF (Prop_ibuf_I_O)         0.789     0.789 r  clk_IBUF_inst/O
                         net (fo=1, unplaced)         0.760     1.549    clk_IBUF
                         BUFG (Prop_bufg_I_O)         0.091     1.640 r  clk_IBUF_BUFG_inst/O
                         net (fo=75, unplaced)        0.439     2.079    core/CLK
                         FDRE                                         r  core/req_meta_q_reg[10]/C

Slack:                    inf
  Source:                 src_req_async[11]
                            (input port)
  Destination:            core/req_meta_q_reg[11]/D
                            (rising edge-triggered cell FDRE clocked by clk  {rise@0.000ns fall@5.000ns period=10.000ns})
  Path Group:             (none)
  Path Type:              Setup (Max at Slow Process Corner)
  Data Path Delay:        1.722ns  (logic 0.923ns (53.568%)  route 0.800ns (46.432%))
  Logic Levels:           1  (IBUF=1)
  Clock Path Skew:        2.079ns (DCD - SCD + CPR)
    Destination Clock Delay (DCD):    2.079ns
    Source Clock Delay      (SCD):    0.000ns
    Clock Pessimism Removal (CPR):    0.000ns
  Timing Exception:       False Path

    Location             Delay type                Incr(ns)  Path(ns)    Netlist Resource(s)
  -------------------------------------------------------------------    -------------------
                                                      0.000     0.000 r  src_req_async[11] (IN)
                         net (fo=0)                   0.000     0.000    src_req_async[11]
                         IBUF (Prop_ibuf_I_O)         0.923     0.923 r  src_req_async_IBUF[11]_inst/O
                         net (fo=1, unplaced)         0.800     1.722    core/src_req_async[11]
                         FDRE                                         r  core/req_meta_q_reg[11]/D
  -------------------------------------------------------------------    -------------------

                         (clock clk rise edge)        0.000     0.000 r  
                                                      0.000     0.000 r  clk (IN)
                         net (fo=0)                   0.000     0.000    clk
                         IBUF (Prop_ibuf_I_O)         0.789     0.789 r  clk_IBUF_inst/O
                         net (fo=1, unplaced)         0.760     1.549    clk_IBUF
                         BUFG (Prop_bufg_I_O)         0.091     1.640 r  clk_IBUF_BUFG_inst/O
                         net (fo=75, unplaced)        0.439     2.079    core/CLK
                         FDRE                                         r  core/req_meta_q_reg[11]/C

Slack:                    inf
  Source:                 src_req_async[12]
                            (input port)
  Destination:            core/req_meta_q_reg[12]/D
                            (rising edge-triggered cell FDRE clocked by clk  {rise@0.000ns fall@5.000ns period=10.000ns})
  Path Group:             (none)
  Path Type:              Setup (Max at Slow Process Corner)
  Data Path Delay:        1.722ns  (logic 0.923ns (53.568%)  route 0.800ns (46.432%))
  Logic Levels:           1  (IBUF=1)
  Clock Path Skew:        2.079ns (DCD - SCD + CPR)
    Destination Clock Delay (DCD):    2.079ns
    Source Clock Delay      (SCD):    0.000ns
    Clock Pessimism Removal (CPR):    0.000ns
  Timing Exception:       False Path

    Location             Delay type                Incr(ns)  Path(ns)    Netlist Resource(s)
  -------------------------------------------------------------------    -------------------
                                                      0.000     0.000 r  src_req_async[12] (IN)
                         net (fo=0)                   0.000     0.000    src_req_async[12]
                         IBUF (Prop_ibuf_I_O)         0.923     0.923 r  src_req_async_IBUF[12]_inst/O
                         net (fo=1, unplaced)         0.800     1.722    core/src_req_async[12]
                         FDRE                                         r  core/req_meta_q_reg[12]/D
  -------------------------------------------------------------------    -------------------

                         (clock clk rise edge)        0.000     0.000 r  
                                                      0.000     0.000 r  clk (IN)
                         net (fo=0)                   0.000     0.000    clk
                         IBUF (Prop_ibuf_I_O)         0.789     0.789 r  clk_IBUF_inst/O
                         net (fo=1, unplaced)         0.760     1.549    clk_IBUF
                         BUFG (Prop_bufg_I_O)         0.091     1.640 r  clk_IBUF_BUFG_inst/O
                         net (fo=75, unplaced)        0.439     2.079    core/CLK
                         FDRE                                         r  core/req_meta_q_reg[12]/C

Slack:                    inf
  Source:                 src_req_async[13]
                            (input port)
  Destination:            core/req_meta_q_reg[13]/D
                            (rising edge-triggered cell FDRE clocked by clk  {rise@0.000ns fall@5.000ns period=10.000ns})
  Path Group:             (none)
  Path Type:              Setup (Max at Slow Process Corner)
  Data Path Delay:        1.722ns  (logic 0.923ns (53.568%)  route 0.800ns (46.432%))
  Logic Levels:           1  (IBUF=1)
  Clock Path Skew:        2.079ns (DCD - SCD + CPR)
    Destination Clock Delay (DCD):    2.079ns
    Source Clock Delay      (SCD):    0.000ns
    Clock Pessimism Removal (CPR):    0.000ns
  Timing Exception:       False Path

    Location             Delay type                Incr(ns)  Path(ns)    Netlist Resource(s)
  -------------------------------------------------------------------    -------------------
                                                      0.000     0.000 r  src_req_async[13] (IN)
                         net (fo=0)                   0.000     0.000    src_req_async[13]
                         IBUF (Prop_ibuf_I_O)         0.923     0.923 r  src_req_async_IBUF[13]_inst/O
                         net (fo=1, unplaced)         0.800     1.722    core/src_req_async[13]
                         FDRE                                         r  core/req_meta_q_reg[13]/D
  -------------------------------------------------------------------    -------------------

                         (clock clk rise edge)        0.000     0.000 r  
                                                      0.000     0.000 r  clk (IN)
                         net (fo=0)                   0.000     0.000    clk
                         IBUF (Prop_ibuf_I_O)         0.789     0.789 r  clk_IBUF_inst/O
                         net (fo=1, unplaced)         0.760     1.549    clk_IBUF
                         BUFG (Prop_bufg_I_O)         0.091     1.640 r  clk_IBUF_BUFG_inst/O
                         net (fo=75, unplaced)        0.439     2.079    core/CLK
                         FDRE                                         r  core/req_meta_q_reg[13]/C

Slack:                    inf
  Source:                 src_req_async[14]
                            (input port)
  Destination:            core/req_meta_q_reg[14]/D
                            (rising edge-triggered cell FDRE clocked by clk  {rise@0.000ns fall@5.000ns period=10.000ns})
  Path Group:             (none)
  Path Type:              Setup (Max at Slow Process Corner)
  Data Path Delay:        1.722ns  (logic 0.923ns (53.568%)  route 0.800ns (46.432%))
  Logic Levels:           1  (IBUF=1)
  Clock Path Skew:        2.079ns (DCD - SCD + CPR)
    Destination Clock Delay (DCD):    2.079ns
    Source Clock Delay      (SCD):    0.000ns
    Clock Pessimism Removal (CPR):    0.000ns
  Timing Exception:       False Path

    Location             Delay type                Incr(ns)  Path(ns)    Netlist Resource(s)
  -------------------------------------------------------------------    -------------------
                                                      0.000     0.000 r  src_req_async[14] (IN)
                         net (fo=0)                   0.000     0.000    src_req_async[14]
                         IBUF (Prop_ibuf_I_O)         0.923     0.923 r  src_req_async_IBUF[14]_inst/O
                         net (fo=1, unplaced)         0.800     1.722    core/src_req_async[14]
                         FDRE                                         r  core/req_meta_q_reg[14]/D
  -------------------------------------------------------------------    -------------------

                         (clock clk rise edge)        0.000     0.000 r  
                                                      0.000     0.000 r  clk (IN)
                         net (fo=0)                   0.000     0.000    clk
                         IBUF (Prop_ibuf_I_O)         0.789     0.789 r  clk_IBUF_inst/O
                         net (fo=1, unplaced)         0.760     1.549    clk_IBUF
                         BUFG (Prop_bufg_I_O)         0.091     1.640 r  clk_IBUF_BUFG_inst/O
                         net (fo=75, unplaced)        0.439     2.079    core/CLK
                         FDRE                                         r  core/req_meta_q_reg[14]/C

Slack:                    inf
  Source:                 src_req_async[15]
                            (input port)
  Destination:            core/req_meta_q_reg[15]/D
                            (rising edge-triggered cell FDRE clocked by clk  {rise@0.000ns fall@5.000ns period=10.000ns})
  Path Group:             (none)
  Path Type:              Setup (Max at Slow Process Corner)
  Data Path Delay:        1.722ns  (logic 0.923ns (53.568%)  route 0.800ns (46.432%))
  Logic Levels:           1  (IBUF=1)
  Clock Path Skew:        2.079ns (DCD - SCD + CPR)
    Destination Clock Delay (DCD):    2.079ns
    Source Clock Delay      (SCD):    0.000ns
    Clock Pessimism Removal (CPR):    0.000ns
  Timing Exception:       False Path

    Location             Delay type                Incr(ns)  Path(ns)    Netlist Resource(s)
  -------------------------------------------------------------------    -------------------
                                                      0.000     0.000 r  src_req_async[15] (IN)
                         net (fo=0)                   0.000     0.000    src_req_async[15]
                         IBUF (Prop_ibuf_I_O)         0.923     0.923 r  src_req_async_IBUF[15]_inst/O
                         net (fo=1, unplaced)         0.800     1.722    core/src_req_async[15]
                         FDRE                                         r  core/req_meta_q_reg[15]/D
  -------------------------------------------------------------------    -------------------

                         (clock clk rise edge)        0.000     0.000 r  
                                                      0.000     0.000 r  clk (IN)
                         net (fo=0)                   0.000     0.000    clk
                         IBUF (Prop_ibuf_I_O)         0.789     0.789 r  clk_IBUF_inst/O
                         net (fo=1, unplaced)         0.760     1.549    clk_IBUF
                         BUFG (Prop_bufg_I_O)         0.091     1.640 r  clk_IBUF_BUFG_inst/O
                         net (fo=75, unplaced)        0.439     2.079    core/CLK
                         FDRE                                         r  core/req_meta_q_reg[15]/C

Slack:                    inf
  Source:                 src_req_async[1]
                            (input port)
  Destination:            core/req_meta_q_reg[1]/D
                            (rising edge-triggered cell FDRE clocked by clk  {rise@0.000ns fall@5.000ns period=10.000ns})
  Path Group:             (none)
  Path Type:              Setup (Max at Slow Process Corner)
  Data Path Delay:        1.722ns  (logic 0.923ns (53.568%)  route 0.800ns (46.432%))
  Logic Levels:           1  (IBUF=1)
  Clock Path Skew:        2.079ns (DCD - SCD + CPR)
    Destination Clock Delay (DCD):    2.079ns
    Source Clock Delay      (SCD):    0.000ns
    Clock Pessimism Removal (CPR):    0.000ns
  Timing Exception:       False Path

    Location             Delay type                Incr(ns)  Path(ns)    Netlist Resource(s)
  -------------------------------------------------------------------    -------------------
                                                      0.000     0.000 r  src_req_async[1] (IN)
                         net (fo=0)                   0.000     0.000    src_req_async[1]
                         IBUF (Prop_ibuf_I_O)         0.923     0.923 r  src_req_async_IBUF[1]_inst/O
                         net (fo=1, unplaced)         0.800     1.722    core/src_req_async[1]
                         FDRE                                         r  core/req_meta_q_reg[1]/D
  -------------------------------------------------------------------    -------------------

                         (clock clk rise edge)        0.000     0.000 r  
                                                      0.000     0.000 r  clk (IN)
                         net (fo=0)                   0.000     0.000    clk
                         IBUF (Prop_ibuf_I_O)         0.789     0.789 r  clk_IBUF_inst/O
                         net (fo=1, unplaced)         0.760     1.549    clk_IBUF
                         BUFG (Prop_bufg_I_O)         0.091     1.640 r  clk_IBUF_BUFG_inst/O
                         net (fo=75, unplaced)        0.439     2.079    core/CLK
                         FDRE                                         r  core/req_meta_q_reg[1]/C





