###############################################################
#  Generated by:      Cadence Innovus 23.14-s088_1
#  OS:                Linux x86_64(Host ID <REMOTE_HOST>)
#  Generated on:      Wed Aug 26 17:39:04 2026
#  Design:            aer_pending_gray_rank_reuse_sync_core_reset
#  Command:           report_timing -from [get_pins -hierarchical *req_meta_q_reg*/Q] -to [get_pins -hierarchical *req_sync_q_reg*/D] -max_paths 256 > [file join $report_dir postroute_cdc_hold_timing.rpt]
###############################################################
Path 1: MET Hold Check with Pin req_sync_q_reg[1]/CK 
Endpoint:   req_sync_q_reg[1]/D (v) checked with  leading edge of 'clk'
Beginpoint: req_meta_q_reg[1]/Q (v) triggered by  leading edge of 'clk'
Path Groups: {clk}
Analysis View: hold_view
Other End Arrival Time          0.053
+ Hold                          0.001
+ Phase Shift                   0.000
+ Uncertainty                   0.020
= Required Time                 0.073
  Arrival Time                  0.087
  Slack Time                    0.013
     Clock Rise Edge                 0.000
     + Clock Network Latency (Prop)  0.000
     = Beginpoint Arrival Time       0.000
     +--------------------------------------------------------------------------+ 
     |       Instance       |     Arc     |  Cell  | Delay | Arrival | Required | 
     |                      |             |        |       |  Time   |   Time   | 
     |----------------------+-------------+--------+-------+---------+----------| 
     | req_meta_q_reg[1]    | CK ^        |        |       |   0.000 |   -0.013 | 
     | req_meta_q_reg[1]    | CK ^ -> Q v | DFFQXL | 0.047 |   0.047 |    0.034 | 
     | FE_PHC6_req_meta_q_1 | A v -> Y v  | DLY1X1 | 0.039 |   0.087 |    0.073 | 
     | req_sync_q_reg[1]    | D v         | DFFQXL | 0.000 |   0.087 |    0.073 | 
     +--------------------------------------------------------------------------+ 
Path 2: MET Hold Check with Pin req_sync_q_reg[0]/CK 
Endpoint:   req_sync_q_reg[0]/D (v) checked with  leading edge of 'clk'
Beginpoint: req_meta_q_reg[0]/Q (v) triggered by  leading edge of 'clk'
Path Groups: {clk}
Analysis View: hold_view
Other End Arrival Time          0.053
+ Hold                          0.000
+ Phase Shift                   0.000
+ Uncertainty                   0.020
= Required Time                 0.073
  Arrival Time                  0.088
  Slack Time                    0.015
     Clock Rise Edge                 0.000
     + Clock Network Latency (Prop)  0.000
     = Beginpoint Arrival Time       0.000
     +---------------------------------------------------------------------------+ 
     |       Instance        |     Arc     |  Cell  | Delay | Arrival | Required | 
     |                       |             |        |       |  Time   |   Time   | 
     |-----------------------+-------------+--------+-------+---------+----------| 
     | req_meta_q_reg[0]     | CK ^        |        |       |   0.000 |   -0.015 | 
     | req_meta_q_reg[0]     | CK ^ -> Q v | DFFQXL | 0.049 |   0.049 |    0.034 | 
     | FE_PHC15_req_meta_q_0 | A v -> Y v  | DLY1X1 | 0.039 |   0.088 |    0.073 | 
     | req_sync_q_reg[0]     | D v         | DFFQXL | 0.000 |   0.088 |    0.073 | 
     +---------------------------------------------------------------------------+ 
Path 3: MET Hold Check with Pin req_sync_q_reg[4]/CK 
Endpoint:   req_sync_q_reg[4]/D (v) checked with  leading edge of 'clk'
Beginpoint: req_meta_q_reg[4]/Q (v) triggered by  leading edge of 'clk'
Path Groups: {clk}
Analysis View: hold_view
Other End Arrival Time          0.053
+ Hold                          0.001
+ Phase Shift                   0.000
+ Uncertainty                   0.020
= Required Time                 0.074
  Arrival Time                  0.089
  Slack Time                    0.016
     Clock Rise Edge                 0.000
     + Clock Network Latency (Prop)  0.000
     = Beginpoint Arrival Time       0.000
     +---------------------------------------------------------------------------+ 
     |       Instance        |     Arc     |  Cell  | Delay | Arrival | Required | 
     |                       |             |        |       |  Time   |   Time   | 
     |-----------------------+-------------+--------+-------+---------+----------| 
     | req_meta_q_reg[4]     | CK ^        |        |       |   0.000 |   -0.016 | 
     | req_meta_q_reg[4]     | CK ^ -> Q v | DFFQXL | 0.049 |   0.049 |    0.033 | 
     | FE_PHC25_req_meta_q_4 | A v -> Y v  | DLY1X1 | 0.041 |   0.089 |    0.074 | 
     | req_sync_q_reg[4]     | D v         | DFFQXL | 0.000 |   0.089 |    0.074 | 
     +---------------------------------------------------------------------------+ 
Path 4: MET Hold Check with Pin req_sync_q_reg[9]/CK 
Endpoint:   req_sync_q_reg[9]/D (v) checked with  leading edge of 'clk'
Beginpoint: req_meta_q_reg[9]/Q (v) triggered by  leading edge of 'clk'
Path Groups: {clk}
Analysis View: hold_view
Other End Arrival Time          0.052
+ Hold                         -0.000
+ Phase Shift                   0.000
+ Uncertainty                   0.020
= Required Time                 0.072
  Arrival Time                  0.088
  Slack Time                    0.016
     Clock Rise Edge                 0.000
     + Clock Network Latency (Prop)  -0.001
     = Beginpoint Arrival Time       -0.001
     +--------------------------------------------------------------------------+ 
     |       Instance       |     Arc     |  Cell  | Delay | Arrival | Required | 
     |                      |             |        |       |  Time   |   Time   | 
     |----------------------+-------------+--------+-------+---------+----------| 
     | req_meta_q_reg[9]    | CK ^        |        |       |  -0.001 |   -0.017 | 
     | req_meta_q_reg[9]    | CK ^ -> Q v | DFFQXL | 0.048 |   0.048 |    0.032 | 
     | FE_PHC9_req_meta_q_9 | A v -> Y v  | DLY1X1 | 0.040 |   0.088 |    0.072 | 
     | req_sync_q_reg[9]    | D v         | DFFQXL | 0.000 |   0.088 |    0.072 | 
     +--------------------------------------------------------------------------+ 
Path 5: MET Hold Check with Pin req_sync_q_reg[13]/CK 
Endpoint:   req_sync_q_reg[13]/D (v) checked with  leading edge of 'clk'
Beginpoint: req_meta_q_reg[13]/Q (v) triggered by  leading edge of 'clk'
Path Groups: {clk}
Analysis View: hold_view
Other End Arrival Time          0.052
+ Hold                          0.001
+ Phase Shift                   0.000
+ Uncertainty                   0.020
= Required Time                 0.073
  Arrival Time                  0.089
  Slack Time                    0.016
     Clock Rise Edge                 0.000
     + Clock Network Latency (Prop)  -0.001
     = Beginpoint Arrival Time       -0.001
     +----------------------------------------------------------------------------+ 
     |        Instance        |     Arc     |  Cell  | Delay | Arrival | Required | 
     |                        |             |        |       |  Time   |   Time   | 
     |------------------------+-------------+--------+-------+---------+----------| 
     | req_meta_q_reg[13]     | CK ^        |        |       |  -0.001 |   -0.017 | 
     | req_meta_q_reg[13]     | CK ^ -> Q v | DFFQXL | 0.049 |   0.049 |    0.032 | 
     | FE_PHC16_req_meta_q_13 | A v -> Y v  | DLY1X1 | 0.040 |   0.089 |    0.073 | 
     | req_sync_q_reg[13]     | D v         | DFFQXL | 0.000 |   0.089 |    0.073 | 
     +----------------------------------------------------------------------------+ 
Path 6: MET Hold Check with Pin req_sync_q_reg[14]/CK 
Endpoint:   req_sync_q_reg[14]/D (v) checked with  leading edge of 'clk'
Beginpoint: req_meta_q_reg[14]/Q (v) triggered by  leading edge of 'clk'
Path Groups: {clk}
Analysis View: hold_view
Other End Arrival Time          0.052
+ Hold                          0.001
+ Phase Shift                   0.000
+ Uncertainty                   0.020
= Required Time                 0.073
  Arrival Time                  0.089
  Slack Time                    0.016
     Clock Rise Edge                 0.000
     + Clock Network Latency (Prop)  -0.001
     = Beginpoint Arrival Time       -0.001
     +----------------------------------------------------------------------------+ 
     |        Instance        |     Arc     |  Cell  | Delay | Arrival | Required | 
     |                        |             |        |       |  Time   |   Time   | 
     |------------------------+-------------+--------+-------+---------+----------| 
     | req_meta_q_reg[14]     | CK ^        |        |       |  -0.001 |   -0.017 | 
     | req_meta_q_reg[14]     | CK ^ -> Q v | DFFQXL | 0.050 |   0.049 |    0.033 | 
     | FE_PHC22_req_meta_q_14 | A v -> Y v  | DLY1X1 | 0.040 |   0.089 |    0.073 | 
     | req_sync_q_reg[14]     | D v         | DFFQXL | 0.000 |   0.089 |    0.073 | 
     +----------------------------------------------------------------------------+ 
Path 7: MET Hold Check with Pin req_sync_q_reg[3]/CK 
Endpoint:   req_sync_q_reg[3]/D (v) checked with  leading edge of 'clk'
Beginpoint: req_meta_q_reg[3]/Q (v) triggered by  leading edge of 'clk'
Path Groups: {clk}
Analysis View: hold_view
Other End Arrival Time          0.053
+ Hold                          0.001
+ Phase Shift                   0.000
+ Uncertainty                   0.020
= Required Time                 0.073
  Arrival Time                  0.090
  Slack Time                    0.017
     Clock Rise Edge                 0.000
     + Clock Network Latency (Prop)  0.000
     = Beginpoint Arrival Time       0.000
     +---------------------------------------------------------------------------+ 
     |       Instance        |     Arc     |  Cell  | Delay | Arrival | Required | 
     |                       |             |        |       |  Time   |   Time   | 
     |-----------------------+-------------+--------+-------+---------+----------| 
     | req_meta_q_reg[3]     | CK ^        |        |       |   0.000 |   -0.017 | 
     | req_meta_q_reg[3]     | CK ^ -> Q v | DFFQXL | 0.050 |   0.050 |    0.033 | 
     | FE_PHC14_req_meta_q_3 | A v -> Y v  | DLY1X1 | 0.040 |   0.090 |    0.073 | 
     | req_sync_q_reg[3]     | D v         | DFFQXL | 0.000 |   0.090 |    0.073 | 
     +---------------------------------------------------------------------------+ 
Path 8: MET Hold Check with Pin req_sync_q_reg[2]/CK 
Endpoint:   req_sync_q_reg[2]/D (v) checked with  leading edge of 'clk'
Beginpoint: req_meta_q_reg[2]/Q (v) triggered by  leading edge of 'clk'
Path Groups: {clk}
Analysis View: hold_view
Other End Arrival Time          0.053
+ Hold                         -0.000
+ Phase Shift                   0.000
+ Uncertainty                   0.020
= Required Time                 0.073
  Arrival Time                  0.093
  Slack Time                    0.020
     Clock Rise Edge                 0.000
     + Clock Network Latency (Prop)  0.000
     = Beginpoint Arrival Time       0.000
     +---------------------------------------------------------------------------+ 
     |       Instance        |     Arc     |  Cell  | Delay | Arrival | Required | 
     |                       |             |        |       |  Time   |   Time   | 
     |-----------------------+-------------+--------+-------+---------+----------| 
     | req_meta_q_reg[2]     | CK ^        |        |       |   0.000 |   -0.020 | 
     | req_meta_q_reg[2]     | CK ^ -> Q v | DFFQXL | 0.050 |   0.050 |    0.030 | 
     | FE_PHC10_req_meta_q_2 | A v -> Y v  | DLY1X1 | 0.043 |   0.093 |    0.073 | 
     | req_sync_q_reg[2]     | D v         | DFFQXL | 0.000 |   0.093 |    0.073 | 
     +---------------------------------------------------------------------------+ 
Path 9: MET Hold Check with Pin req_sync_q_reg[6]/CK 
Endpoint:   req_sync_q_reg[6]/D (v) checked with  leading edge of 'clk'
Beginpoint: req_meta_q_reg[6]/Q (v) triggered by  leading edge of 'clk'
Path Groups: {clk}
Analysis View: hold_view
Other End Arrival Time          0.053
+ Hold                          0.000
+ Phase Shift                   0.000
+ Uncertainty                   0.020
= Required Time                 0.073
  Arrival Time                  0.093
  Slack Time                    0.020
     Clock Rise Edge                 0.000
     + Clock Network Latency (Prop)  0.000
     = Beginpoint Arrival Time       0.000
     +---------------------------------------------------------------------------+ 
     |       Instance        |     Arc     |  Cell  | Delay | Arrival | Required | 
     |                       |             |        |       |  Time   |   Time   | 
     |-----------------------+-------------+--------+-------+---------+----------| 
     | req_meta_q_reg[6]     | CK ^        |        |       |   0.000 |   -0.020 | 
     | req_meta_q_reg[6]     | CK ^ -> Q v | DFFQXL | 0.050 |   0.050 |    0.030 | 
     | FE_PHC18_req_meta_q_6 | A v -> Y v  | DLY1X1 | 0.043 |   0.093 |    0.073 | 
     | req_sync_q_reg[6]     | D v         | DFFQXL | 0.000 |   0.093 |    0.073 | 
     +---------------------------------------------------------------------------+ 
Path 10: MET Hold Check with Pin req_sync_q_reg[15]/CK 
Endpoint:   req_sync_q_reg[15]/D (v) checked with  leading edge of 'clk'
Beginpoint: req_meta_q_reg[15]/Q (v) triggered by  leading edge of 'clk'
Path Groups: {clk}
Analysis View: hold_view
Other End Arrival Time          0.052
+ Hold                          0.000
+ Phase Shift                   0.000
+ Uncertainty                   0.020
= Required Time                 0.072
  Arrival Time                  0.108
  Slack Time                    0.036
     Clock Rise Edge                 0.000
     + Clock Network Latency (Prop)  -0.001
     = Beginpoint Arrival Time       -0.001
     +------------------------------------------------------------------------------+ 
     |        Instance        |     Arc     |   Cell   | Delay | Arrival | Required | 
     |                        |             |          |       |  Time   |   Time   | 
     |------------------------+-------------+----------+-------+---------+----------| 
     | req_meta_q_reg[15]     | CK ^        |          |       |  -0.001 |   -0.036 | 
     | req_meta_q_reg[15]     | CK ^ -> Q v | DFFQXL   | 0.047 |   0.046 |    0.010 | 
     | FE_PHC40_req_meta_q_15 | A v -> Y v  | CLKBUFX2 | 0.022 |   0.068 |    0.032 | 
     | FE_PHC19_req_meta_q_15 | A v -> Y v  | DLY1X1   | 0.040 |   0.108 |    0.072 | 
     | req_sync_q_reg[15]     | D v         | DFFQXL   | 0.000 |   0.108 |    0.072 | 
     +------------------------------------------------------------------------------+ 
Path 11: MET Hold Check with Pin req_sync_q_reg[12]/CK 
Endpoint:   req_sync_q_reg[12]/D (v) checked with  leading edge of 'clk'
Beginpoint: req_meta_q_reg[12]/Q (v) triggered by  leading edge of 'clk'
Path Groups: {clk}
Analysis View: hold_view
Other End Arrival Time          0.052
+ Hold                          0.000
+ Phase Shift                   0.000
+ Uncertainty                   0.020
= Required Time                 0.072
  Arrival Time                  0.109
  Slack Time                    0.037
     Clock Rise Edge                 0.000
     + Clock Network Latency (Prop)  -0.001
     = Beginpoint Arrival Time       -0.001
     +------------------------------------------------------------------------------+ 
     |        Instance        |     Arc     |   Cell   | Delay | Arrival | Required | 
     |                        |             |          |       |  Time   |   Time   | 
     |------------------------+-------------+----------+-------+---------+----------| 
     | req_meta_q_reg[12]     | CK ^        |          |       |  -0.001 |   -0.038 | 
     | req_meta_q_reg[12]     | CK ^ -> Q v | DFFQXL   | 0.049 |   0.048 |    0.011 | 
     | FE_PHC45_req_meta_q_12 | A v -> Y v  | CLKBUFX2 | 0.021 |   0.069 |    0.032 | 
     | FE_PHC20_req_meta_q_12 | A v -> Y v  | DLY1X1   | 0.040 |   0.109 |    0.072 | 
     | req_sync_q_reg[12]     | D v         | DFFQXL   | 0.000 |   0.109 |    0.072 | 
     +------------------------------------------------------------------------------+ 
Path 12: MET Hold Check with Pin req_sync_q_reg[8]/CK 
Endpoint:   req_sync_q_reg[8]/D (v) checked with  leading edge of 'clk'
Beginpoint: req_meta_q_reg[8]/Q (v) triggered by  leading edge of 'clk'
Path Groups: {clk}
Analysis View: hold_view
Other End Arrival Time          0.052
+ Hold                          0.000
+ Phase Shift                   0.000
+ Uncertainty                   0.020
= Required Time                 0.072
  Arrival Time                  0.110
  Slack Time                    0.037
     Clock Rise Edge                 0.000
     + Clock Network Latency (Prop)  0.000
     = Beginpoint Arrival Time       0.000
     +-----------------------------------------------------------------------------+ 
     |       Instance        |     Arc     |   Cell   | Delay | Arrival | Required | 
     |                       |             |          |       |  Time   |   Time   | 
     |-----------------------+-------------+----------+-------+---------+----------| 
     | req_meta_q_reg[8]     | CK ^        |          |       |   0.000 |   -0.037 | 
     | req_meta_q_reg[8]     | CK ^ -> Q v | DFFQXL   | 0.050 |   0.050 |    0.013 | 
     | FE_PHC44_req_meta_q_8 | A v -> Y v  | CLKBUFX2 | 0.021 |   0.072 |    0.035 | 
     | FE_PHC24_req_meta_q_8 | A v -> Y v  | DLY1X1   | 0.038 |   0.110 |    0.072 | 
     | req_sync_q_reg[8]     | D v         | DFFQXL   | 0.000 |   0.110 |    0.072 | 
     +-----------------------------------------------------------------------------+ 
Path 13: MET Hold Check with Pin req_sync_q_reg[10]/CK 
Endpoint:   req_sync_q_reg[10]/D (v) checked with  leading edge of 'clk'
Beginpoint: req_meta_q_reg[10]/Q (v) triggered by  leading edge of 'clk'
Path Groups: {clk}
Analysis View: hold_view
Other End Arrival Time          0.052
+ Hold                         -0.000
+ Phase Shift                   0.000
+ Uncertainty                   0.020
= Required Time                 0.072
  Arrival Time                  0.109
  Slack Time                    0.038
     Clock Rise Edge                 0.000
     + Clock Network Latency (Prop)  -0.001
     = Beginpoint Arrival Time       -0.001
     +------------------------------------------------------------------------------+ 
     |        Instance        |     Arc     |   Cell   | Delay | Arrival | Required | 
     |                        |             |          |       |  Time   |   Time   | 
     |------------------------+-------------+----------+-------+---------+----------| 
     | req_meta_q_reg[10]     | CK ^        |          |       |  -0.001 |   -0.038 | 
     | req_meta_q_reg[10]     | CK ^ -> Q v | DFFQXL   | 0.048 |   0.047 |    0.010 | 
     | FE_PHC43_req_meta_q_10 | A v -> Y v  | CLKBUFX2 | 0.021 |   0.069 |    0.031 | 
     | FE_PHC26_req_meta_q_10 | A v -> Y v  | DLY1X1   | 0.041 |   0.109 |    0.072 | 
     | req_sync_q_reg[10]     | D v         | DFFQXL   | 0.000 |   0.109 |    0.072 | 
     +------------------------------------------------------------------------------+ 
Path 14: MET Hold Check with Pin req_sync_q_reg[5]/CK 
Endpoint:   req_sync_q_reg[5]/D (v) checked with  leading edge of 'clk'
Beginpoint: req_meta_q_reg[5]/Q (v) triggered by  leading edge of 'clk'
Path Groups: {clk}
Analysis View: hold_view
Other End Arrival Time          0.053
+ Hold                          0.001
+ Phase Shift                   0.000
+ Uncertainty                   0.020
= Required Time                 0.073
  Arrival Time                  0.112
  Slack Time                    0.039
     Clock Rise Edge                 0.000
     + Clock Network Latency (Prop)  0.000
     = Beginpoint Arrival Time       0.000
     +-----------------------------------------------------------------------------+ 
     |       Instance        |     Arc     |   Cell   | Delay | Arrival | Required | 
     |                       |             |          |       |  Time   |   Time   | 
     |-----------------------+-------------+----------+-------+---------+----------| 
     | req_meta_q_reg[5]     | CK ^        |          |       |   0.000 |   -0.039 | 
     | req_meta_q_reg[5]     | CK ^ -> Q v | DFFQXL   | 0.051 |   0.051 |    0.013 | 
     | FE_PHC41_req_meta_q_5 | A v -> Y v  | CLKBUFX2 | 0.022 |   0.074 |    0.035 | 
     | FE_PHC17_req_meta_q_5 | A v -> Y v  | DLY1X1   | 0.038 |   0.112 |    0.073 | 
     | req_sync_q_reg[5]     | D v         | DFFQXL   | 0.000 |   0.112 |    0.073 | 
     +-----------------------------------------------------------------------------+ 
Path 15: MET Hold Check with Pin req_sync_q_reg[7]/CK 
Endpoint:   req_sync_q_reg[7]/D (v) checked with  leading edge of 'clk'
Beginpoint: req_meta_q_reg[7]/Q (v) triggered by  leading edge of 'clk'
Path Groups: {clk}
Analysis View: hold_view
Other End Arrival Time          0.053
+ Hold                          0.001
+ Phase Shift                   0.000
+ Uncertainty                   0.020
= Required Time                 0.073
  Arrival Time                  0.113
  Slack Time                    0.040
     Clock Rise Edge                 0.000
     + Clock Network Latency (Prop)  0.000
     = Beginpoint Arrival Time       0.000
     +-----------------------------------------------------------------------------+ 
     |       Instance        |     Arc     |   Cell   | Delay | Arrival | Required | 
     |                       |             |          |       |  Time   |   Time   | 
     |-----------------------+-------------+----------+-------+---------+----------| 
     | req_meta_q_reg[7]     | CK ^        |          |       |   0.000 |   -0.040 | 
     | req_meta_q_reg[7]     | CK ^ -> Q v | DFFQXL   | 0.051 |   0.051 |    0.011 | 
     | FE_PHC21_req_meta_q_7 | A v -> Y v  | DLY1X1   | 0.040 |   0.091 |    0.051 | 
     | FE_PHC42_req_meta_q_7 | A v -> Y v  | CLKBUFX2 | 0.022 |   0.113 |    0.073 | 
     | req_sync_q_reg[7]     | D v         | DFFQXL   | 0.000 |   0.113 |    0.073 | 
     +-----------------------------------------------------------------------------+ 
Path 16: MET Hold Check with Pin req_sync_q_reg[11]/CK 
Endpoint:   req_sync_q_reg[11]/D (v) checked with  leading edge of 'clk'
Beginpoint: req_meta_q_reg[11]/Q (v) triggered by  leading edge of 'clk'
Path Groups: {clk}
Analysis View: hold_view
Other End Arrival Time          0.052
+ Hold                          0.001
+ Phase Shift                   0.000
+ Uncertainty                   0.020
= Required Time                 0.073
  Arrival Time                  0.114
  Slack Time                    0.041
     Clock Rise Edge                 0.000
     + Clock Network Latency (Prop)  -0.001
     = Beginpoint Arrival Time       -0.001
     +------------------------------------------------------------------------------+ 
     |        Instance        |     Arc     |   Cell   | Delay | Arrival | Required | 
     |                        |             |          |       |  Time   |   Time   | 
     |------------------------+-------------+----------+-------+---------+----------| 
     | req_meta_q_reg[11]     | CK ^        |          |       |  -0.001 |   -0.042 | 
     | req_meta_q_reg[11]     | CK ^ -> Q v | DFFQXL   | 0.053 |   0.052 |    0.011 | 
     | FE_PHC23_req_meta_q_11 | A v -> Y v  | DLY1X1   | 0.040 |   0.092 |    0.051 | 
     | FE_PHC46_req_meta_q_11 | A v -> Y v  | CLKBUFX2 | 0.022 |   0.114 |    0.073 | 
     | req_sync_q_reg[11]     | D v         | DFFQXL   | 0.000 |   0.114 |    0.073 | 
     +------------------------------------------------------------------------------+ 

