###############################################################
#  Generated by:      Cadence Innovus 23.14-s088_1
#  OS:                Linux x86_64(Host ID <REMOTE_HOST>)
#  Generated on:      Wed Aug 26 17:39:04 2026
#  Design:            aer_pending_gray_rank_reuse_sync_core_reset
#  Command:           report_timing -check_type removal -max_paths 20 > [file join $report_dir postroute_removal_timing.rpt]
###############################################################
Path 1: MET Removal Check with Pin reset_release_q_reg[1]/CK 
Endpoint:   reset_release_q_reg[1]/RN (^) checked with  leading edge of 'clk'
Beginpoint: rst_n                     (^) triggered by  leading edge of '@'
Path Groups: {async_default}
Analysis View: hold_view
Other End Arrival Time          0.053
+ Removal                       0.034
+ Phase Shift                   0.000
+ Uncertainty                   0.020
= Required Time                 0.107
  Arrival Time                  0.130
  Slack Time                    0.023
     Clock Rise Edge                      0.000
     + Input Delay                        0.000
     = Beginpoint Arrival Time            0.000
     +-----------------------------------------------------------------------------+ 
     |        Instance        |    Arc     |   Cell   | Delay | Arrival | Required | 
     |                        |            |          |       |  Time   |   Time   | 
     |------------------------+------------+----------+-------+---------+----------| 
     |                        | rst_n ^    |          |       |   0.000 |   -0.023 | 
     | FE_PHC29_rst_n         | A ^ -> Y ^ | CLKBUFX2 | 0.019 |   0.019 |   -0.004 | 
     | FE_PHC5_rst_n          | A ^ -> Y ^ | DLY3X1   | 0.111 |   0.130 |    0.107 | 
     | reset_release_q_reg[1] | RN ^       | DFFRHQX1 | 0.000 |   0.130 |    0.107 | 
     +-----------------------------------------------------------------------------+ 
Path 2: MET Removal Check with Pin reset_release_q_reg[0]/CK 
Endpoint:   reset_release_q_reg[0]/RN (^) checked with  leading edge of 'clk'
Beginpoint: rst_n                     (^) triggered by  leading edge of '@'
Path Groups: {async_default}
Analysis View: hold_view
Other End Arrival Time          0.053
+ Removal                       0.034
+ Phase Shift                   0.000
+ Uncertainty                   0.020
= Required Time                 0.107
  Arrival Time                  0.130
  Slack Time                    0.023
     Clock Rise Edge                      0.000
     + Input Delay                        0.000
     = Beginpoint Arrival Time            0.000
     +-----------------------------------------------------------------------------+ 
     |        Instance        |    Arc     |   Cell   | Delay | Arrival | Required | 
     |                        |            |          |       |  Time   |   Time   | 
     |------------------------+------------+----------+-------+---------+----------| 
     |                        | rst_n ^    |          |       |   0.000 |   -0.023 | 
     | FE_PHC29_rst_n         | A ^ -> Y ^ | CLKBUFX2 | 0.019 |   0.019 |   -0.004 | 
     | FE_PHC5_rst_n          | A ^ -> Y ^ | DLY3X1   | 0.111 |   0.130 |    0.107 | 
     | reset_release_q_reg[0] | RN ^       | DFFRHQX1 | 0.000 |   0.130 |    0.107 | 
     +-----------------------------------------------------------------------------+ 

