###############################################################
#  Generated by:      Cadence Innovus 23.14-s088_1
#  OS:                Linux x86_64(Host ID <REMOTE_HOST>)
#  Generated on:      Wed Aug 26 17:39:03 2026
#  Design:            aer_pending_gray_rank_reuse_sync_core_reset
#  Command:           report_timing -check_type recovery -max_paths 20 > [file join $report_dir postroute_recovery_timing.rpt]
###############################################################
Path 1: MET Recovery Check with Pin reset_release_q_reg[1]/CK 
Endpoint:   reset_release_q_reg[1]/RN (^) checked with  leading edge of 'clk'
Beginpoint: rst_n                     (^) triggered by  leading edge of '@'
Path Groups: {async_default}
Analysis View: setup_view
Other End Arrival Time          0.183
- Recovery                     -0.087
+ Phase Shift                  10.000
- Uncertainty                   0.200
= Required Time                10.069
- Arrival Time                  0.549
= Slack Time                    9.520
     Clock Rise Edge                      0.000
     + Input Delay                        0.000
     = Beginpoint Arrival Time            0.000
     +-----------------------------------------------------------------------------+ 
     |        Instance        |    Arc     |   Cell   | Delay | Arrival | Required | 
     |                        |            |          |       |  Time   |   Time   | 
     |------------------------+------------+----------+-------+---------+----------| 
     |                        | rst_n ^    |          |       |   0.000 |    9.520 | 
     | FE_PHC29_rst_n         | A ^ -> Y ^ | CLKBUFX2 | 0.072 |   0.072 |    9.593 | 
     | FE_PHC5_rst_n          | A ^ -> Y ^ | DLY3X1   | 0.476 |   0.549 |   10.069 | 
     | reset_release_q_reg[1] | RN ^       | DFFRHQX1 | 0.000 |   0.549 |   10.069 | 
     +-----------------------------------------------------------------------------+ 
Path 2: MET Recovery Check with Pin reset_release_q_reg[0]/CK 
Endpoint:   reset_release_q_reg[0]/RN (^) checked with  leading edge of 'clk'
Beginpoint: rst_n                     (^) triggered by  leading edge of '@'
Path Groups: {async_default}
Analysis View: setup_view
Other End Arrival Time          0.183
- Recovery                     -0.087
+ Phase Shift                  10.000
- Uncertainty                   0.200
= Required Time                10.069
- Arrival Time                  0.549
= Slack Time                    9.520
     Clock Rise Edge                      0.000
     + Input Delay                        0.000
     = Beginpoint Arrival Time            0.000
     +-----------------------------------------------------------------------------+ 
     |        Instance        |    Arc     |   Cell   | Delay | Arrival | Required | 
     |                        |            |          |       |  Time   |   Time   | 
     |------------------------+------------+----------+-------+---------+----------| 
     |                        | rst_n ^    |          |       |   0.000 |    9.520 | 
     | FE_PHC29_rst_n         | A ^ -> Y ^ | CLKBUFX2 | 0.072 |   0.072 |    9.593 | 
     | FE_PHC5_rst_n          | A ^ -> Y ^ | DLY3X1   | 0.476 |   0.549 |   10.069 | 
     | reset_release_q_reg[0] | RN ^       | DFFRHQX1 | 0.000 |   0.549 |   10.069 | 
     +-----------------------------------------------------------------------------+ 

