###############################################################
#  Generated by:      Cadence Innovus 23.14-s088_1
#  OS:                Linux x86_64(Host ID <REMOTE_HOST>)
#  Generated on:      Wed Aug 26 17:39:03 2026
#  Design:            aer_pending_gray_rank_reuse_sync_core_reset
#  Command:           report_timing -from [get_pins -hierarchical *req_meta_q_reg*/Q] -to [get_pins -hierarchical *req_sync_q_reg*/D] -max_paths 256 > [file join $report_dir postroute_cdc_setup_timing.rpt]
###############################################################
Path 1: MET Setup Check with Pin req_sync_q_reg[10]/CK 
Endpoint:   req_sync_q_reg[10]/D (^) checked with  leading edge of 'clk'
Beginpoint: req_meta_q_reg[10]/Q (^) triggered by  leading edge of '@'
Path Groups: {clk}
Analysis View: setup_view
Other End Arrival Time          0.181
- Setup                         0.108
+ Path Delay                    0.800
- Uncertainty                   0.200
= Required Time                 0.673
- Arrival Time                  0.247
= Slack Time                    0.425
     Clock Rise Edge                      0.000
     = Beginpoint Arrival Time            0.000
     +-----------------------------------------------------------------------------+ 
     |        Instance        |    Arc     |   Cell   | Delay | Arrival | Required | 
     |                        |            |          |       |  Time   |   Time   | 
     |------------------------+------------+----------+-------+---------+----------| 
     | req_meta_q_reg[10]     | Q ^        |          |       |   0.000 |    0.425 | 
     | FE_PHC43_req_meta_q_10 | A ^ -> Y ^ | CLKBUFX2 | 0.078 |   0.078 |    0.504 | 
     | FE_PHC26_req_meta_q_10 | A ^ -> Y ^ | DLY1X1   | 0.169 |   0.247 |    0.673 | 
     | req_sync_q_reg[10]     | D ^        | DFFQXL   | 0.000 |   0.247 |    0.673 | 
     +-----------------------------------------------------------------------------+ 
Path 2: MET Setup Check with Pin req_sync_q_reg[5]/CK 
Endpoint:   req_sync_q_reg[5]/D (^) checked with  leading edge of 'clk'
Beginpoint: req_meta_q_reg[5]/Q (^) triggered by  leading edge of '@'
Path Groups: {clk}
Analysis View: setup_view
Other End Arrival Time          0.183
- Setup                         0.101
+ Path Delay                    0.800
- Uncertainty                   0.200
= Required Time                 0.682
- Arrival Time                  0.253
= Slack Time                    0.429
     Clock Rise Edge                      0.000
     = Beginpoint Arrival Time            0.000
     +----------------------------------------------------------------------------+ 
     |       Instance        |    Arc     |   Cell   | Delay | Arrival | Required | 
     |                       |            |          |       |  Time   |   Time   | 
     |-----------------------+------------+----------+-------+---------+----------| 
     | req_meta_q_reg[5]     | Q ^        |          |       |   0.000 |    0.429 | 
     | FE_PHC41_req_meta_q_5 | A ^ -> Y ^ | CLKBUFX2 | 0.090 |   0.090 |    0.519 | 
     | FE_PHC17_req_meta_q_5 | A ^ -> Y ^ | DLY1X1   | 0.163 |   0.253 |    0.682 | 
     | req_sync_q_reg[5]     | D ^        | DFFQXL   | 0.000 |   0.253 |    0.682 | 
     +----------------------------------------------------------------------------+ 
Path 3: MET Setup Check with Pin req_sync_q_reg[11]/CK 
Endpoint:   req_sync_q_reg[11]/D (^) checked with  leading edge of 'clk'
Beginpoint: req_meta_q_reg[11]/Q (^) triggered by  leading edge of '@'
Path Groups: {clk}
Analysis View: setup_view
Other End Arrival Time          0.181
- Setup                         0.099
+ Path Delay                    0.800
- Uncertainty                   0.200
= Required Time                 0.682
- Arrival Time                  0.250
= Slack Time                    0.432
     Clock Rise Edge                      0.000
     = Beginpoint Arrival Time            0.000
     +-----------------------------------------------------------------------------+ 
     |        Instance        |    Arc     |   Cell   | Delay | Arrival | Required | 
     |                        |            |          |       |  Time   |   Time   | 
     |------------------------+------------+----------+-------+---------+----------| 
     | req_meta_q_reg[11]     | Q ^        |          |       |   0.000 |    0.432 | 
     | FE_PHC23_req_meta_q_11 | A ^ -> Y ^ | DLY1X1   | 0.170 |   0.170 |    0.602 | 
     | FE_PHC46_req_meta_q_11 | A ^ -> Y ^ | CLKBUFX2 | 0.081 |   0.250 |    0.682 | 
     | req_sync_q_reg[11]     | D ^        | DFFQXL   | 0.000 |   0.250 |    0.682 | 
     +-----------------------------------------------------------------------------+ 
Path 4: MET Setup Check with Pin req_sync_q_reg[8]/CK 
Endpoint:   req_sync_q_reg[8]/D (^) checked with  leading edge of 'clk'
Beginpoint: req_meta_q_reg[8]/Q (^) triggered by  leading edge of '@'
Path Groups: {clk}
Analysis View: setup_view
Other End Arrival Time          0.181
- Setup                         0.101
+ Path Delay                    0.800
- Uncertainty                   0.200
= Required Time                 0.681
- Arrival Time                  0.245
= Slack Time                    0.435
     Clock Rise Edge                      0.000
     = Beginpoint Arrival Time            0.000
     +----------------------------------------------------------------------------+ 
     |       Instance        |    Arc     |   Cell   | Delay | Arrival | Required | 
     |                       |            |          |       |  Time   |   Time   | 
     |-----------------------+------------+----------+-------+---------+----------| 
     | req_meta_q_reg[8]     | Q ^        |          |       |   0.000 |    0.435 | 
     | FE_PHC44_req_meta_q_8 | A ^ -> Y ^ | CLKBUFX2 | 0.085 |   0.085 |    0.520 | 
     | FE_PHC24_req_meta_q_8 | A ^ -> Y ^ | DLY1X1   | 0.160 |   0.245 |    0.681 | 
     | req_sync_q_reg[8]     | D ^        | DFFQXL   | 0.000 |   0.245 |    0.681 | 
     +----------------------------------------------------------------------------+ 
Path 5: MET Setup Check with Pin req_sync_q_reg[7]/CK 
Endpoint:   req_sync_q_reg[7]/D (^) checked with  leading edge of 'clk'
Beginpoint: req_meta_q_reg[7]/Q (^) triggered by  leading edge of '@'
Path Groups: {clk}
Analysis View: setup_view
Other End Arrival Time          0.183
- Setup                         0.099
+ Path Delay                    0.800
- Uncertainty                   0.200
= Required Time                 0.684
- Arrival Time                  0.248
= Slack Time                    0.436
     Clock Rise Edge                      0.000
     = Beginpoint Arrival Time            0.000
     +----------------------------------------------------------------------------+ 
     |       Instance        |    Arc     |   Cell   | Delay | Arrival | Required | 
     |                       |            |          |       |  Time   |   Time   | 
     |-----------------------+------------+----------+-------+---------+----------| 
     | req_meta_q_reg[7]     | Q ^        |          |       |   0.000 |    0.436 | 
     | FE_PHC21_req_meta_q_7 | A ^ -> Y ^ | DLY1X1   | 0.166 |   0.166 |    0.601 | 
     | FE_PHC42_req_meta_q_7 | A ^ -> Y ^ | CLKBUFX2 | 0.082 |   0.248 |    0.684 | 
     | req_sync_q_reg[7]     | D ^        | DFFQXL   | 0.000 |   0.248 |    0.684 | 
     +----------------------------------------------------------------------------+ 
Path 6: MET Setup Check with Pin req_sync_q_reg[15]/CK 
Endpoint:   req_sync_q_reg[15]/D (^) checked with  leading edge of 'clk'
Beginpoint: req_meta_q_reg[15]/Q (^) triggered by  leading edge of '@'
Path Groups: {clk}
Analysis View: setup_view
Other End Arrival Time          0.181
- Setup                         0.101
+ Path Delay                    0.800
- Uncertainty                   0.200
= Required Time                 0.681
- Arrival Time                  0.245
= Slack Time                    0.436
     Clock Rise Edge                      0.000
     = Beginpoint Arrival Time            0.000
     +-----------------------------------------------------------------------------+ 
     |        Instance        |    Arc     |   Cell   | Delay | Arrival | Required | 
     |                        |            |          |       |  Time   |   Time   | 
     |------------------------+------------+----------+-------+---------+----------| 
     | req_meta_q_reg[15]     | Q ^        |          |       |   0.000 |    0.436 | 
     | FE_PHC40_req_meta_q_15 | A ^ -> Y ^ | CLKBUFX2 | 0.085 |   0.085 |    0.521 | 
     | FE_PHC19_req_meta_q_15 | A ^ -> Y ^ | DLY1X1   | 0.160 |   0.245 |    0.681 | 
     | req_sync_q_reg[15]     | D ^        | DFFQXL   | 0.000 |   0.245 |    0.681 | 
     +-----------------------------------------------------------------------------+ 
Path 7: MET Setup Check with Pin req_sync_q_reg[12]/CK 
Endpoint:   req_sync_q_reg[12]/D (^) checked with  leading edge of 'clk'
Beginpoint: req_meta_q_reg[12]/Q (^) triggered by  leading edge of '@'
Path Groups: {clk}
Analysis View: setup_view
Other End Arrival Time          0.181
- Setup                         0.101
+ Path Delay                    0.800
- Uncertainty                   0.200
= Required Time                 0.680
- Arrival Time                  0.239
= Slack Time                    0.441
     Clock Rise Edge                      0.000
     = Beginpoint Arrival Time            0.000
     +-----------------------------------------------------------------------------+ 
     |        Instance        |    Arc     |   Cell   | Delay | Arrival | Required | 
     |                        |            |          |       |  Time   |   Time   | 
     |------------------------+------------+----------+-------+---------+----------| 
     | req_meta_q_reg[12]     | Q ^        |          |       |   0.000 |    0.441 | 
     | FE_PHC45_req_meta_q_12 | A ^ -> Y ^ | CLKBUFX2 | 0.080 |   0.080 |    0.521 | 
     | FE_PHC20_req_meta_q_12 | A ^ -> Y ^ | DLY1X1   | 0.159 |   0.239 |    0.680 | 
     | req_sync_q_reg[12]     | D ^        | DFFQXL   | 0.000 |   0.239 |    0.680 | 
     +-----------------------------------------------------------------------------+ 
Path 8: MET Setup Check with Pin req_sync_q_reg[6]/CK 
Endpoint:   req_sync_q_reg[6]/D (^) checked with  leading edge of 'clk'
Beginpoint: req_meta_q_reg[6]/Q (^) triggered by  leading edge of '@'
Path Groups: {clk}
Analysis View: setup_view
Other End Arrival Time          0.183
- Setup                         0.107
+ Path Delay                    0.800
- Uncertainty                   0.200
= Required Time                 0.676
- Arrival Time                  0.173
= Slack Time                    0.503
     Clock Rise Edge                      0.000
     = Beginpoint Arrival Time            0.000
     +--------------------------------------------------------------------------+ 
     |       Instance        |    Arc     |  Cell  | Delay | Arrival | Required | 
     |                       |            |        |       |  Time   |   Time   | 
     |-----------------------+------------+--------+-------+---------+----------| 
     | req_meta_q_reg[6]     | Q ^        |        |       |   0.000 |    0.503 | 
     | FE_PHC18_req_meta_q_6 | A ^ -> Y ^ | DLY1X1 | 0.173 |   0.173 |    0.676 | 
     | req_sync_q_reg[6]     | D ^        | DFFQXL | 0.000 |   0.173 |    0.676 | 
     +--------------------------------------------------------------------------+ 
Path 9: MET Setup Check with Pin req_sync_q_reg[2]/CK 
Endpoint:   req_sync_q_reg[2]/D (^) checked with  leading edge of 'clk'
Beginpoint: req_meta_q_reg[2]/Q (^) triggered by  leading edge of '@'
Path Groups: {clk}
Analysis View: setup_view
Other End Arrival Time          0.183
- Setup                         0.108
+ Path Delay                    0.800
- Uncertainty                   0.200
= Required Time                 0.675
- Arrival Time                  0.172
= Slack Time                    0.503
     Clock Rise Edge                      0.000
     = Beginpoint Arrival Time            0.000
     +--------------------------------------------------------------------------+ 
     |       Instance        |    Arc     |  Cell  | Delay | Arrival | Required | 
     |                       |            |        |       |  Time   |   Time   | 
     |-----------------------+------------+--------+-------+---------+----------| 
     | req_meta_q_reg[2]     | Q ^        |        |       |   0.000 |    0.503 | 
     | FE_PHC10_req_meta_q_2 | A ^ -> Y ^ | DLY1X1 | 0.172 |   0.172 |    0.675 | 
     | req_sync_q_reg[2]     | D ^        | DFFQXL | 0.000 |   0.172 |    0.675 | 
     +--------------------------------------------------------------------------+ 
Path 10: MET Setup Check with Pin req_sync_q_reg[9]/CK 
Endpoint:   req_sync_q_reg[9]/D (^) checked with  leading edge of 'clk'
Beginpoint: req_meta_q_reg[9]/Q (^) triggered by  leading edge of '@'
Path Groups: {clk}
Analysis View: setup_view
Other End Arrival Time          0.181
- Setup                         0.107
+ Path Delay                    0.800
- Uncertainty                   0.200
= Required Time                 0.675
- Arrival Time                  0.168
= Slack Time                    0.507
     Clock Rise Edge                      0.000
     = Beginpoint Arrival Time            0.000
     +-------------------------------------------------------------------------+ 
     |       Instance       |    Arc     |  Cell  | Delay | Arrival | Required | 
     |                      |            |        |       |  Time   |   Time   | 
     |----------------------+------------+--------+-------+---------+----------| 
     | req_meta_q_reg[9]    | Q ^        |        |       |   0.000 |    0.507 | 
     | FE_PHC9_req_meta_q_9 | A ^ -> Y ^ | DLY1X1 | 0.168 |   0.168 |    0.675 | 
     | req_sync_q_reg[9]    | D ^        | DFFQXL | 0.000 |   0.168 |    0.675 | 
     +-------------------------------------------------------------------------+ 
Path 11: MET Setup Check with Pin req_sync_q_reg[0]/CK 
Endpoint:   req_sync_q_reg[0]/D (^) checked with  leading edge of 'clk'
Beginpoint: req_meta_q_reg[0]/Q (^) triggered by  leading edge of '@'
Path Groups: {clk}
Analysis View: setup_view
Other End Arrival Time          0.183
- Setup                         0.104
+ Path Delay                    0.800
- Uncertainty                   0.200
= Required Time                 0.679
- Arrival Time                  0.168
= Slack Time                    0.512
     Clock Rise Edge                      0.000
     = Beginpoint Arrival Time            0.000
     +--------------------------------------------------------------------------+ 
     |       Instance        |    Arc     |  Cell  | Delay | Arrival | Required | 
     |                       |            |        |       |  Time   |   Time   | 
     |-----------------------+------------+--------+-------+---------+----------| 
     | req_meta_q_reg[0]     | Q ^        |        |       |   0.000 |    0.512 | 
     | FE_PHC15_req_meta_q_0 | A ^ -> Y ^ | DLY1X1 | 0.168 |   0.168 |    0.679 | 
     | req_sync_q_reg[0]     | D ^        | DFFQXL | 0.000 |   0.168 |    0.679 | 
     +--------------------------------------------------------------------------+ 
Path 12: MET Setup Check with Pin req_sync_q_reg[1]/CK 
Endpoint:   req_sync_q_reg[1]/D (^) checked with  leading edge of 'clk'
Beginpoint: req_meta_q_reg[1]/Q (^) triggered by  leading edge of '@'
Path Groups: {clk}
Analysis View: setup_view
Other End Arrival Time          0.183
- Setup                         0.101
+ Path Delay                    0.800
- Uncertainty                   0.200
= Required Time                 0.682
- Arrival Time                  0.167
= Slack Time                    0.514
     Clock Rise Edge                      0.000
     = Beginpoint Arrival Time            0.000
     +-------------------------------------------------------------------------+ 
     |       Instance       |    Arc     |  Cell  | Delay | Arrival | Required | 
     |                      |            |        |       |  Time   |   Time   | 
     |----------------------+------------+--------+-------+---------+----------| 
     | req_meta_q_reg[1]    | Q ^        |        |       |   0.000 |    0.514 | 
     | FE_PHC6_req_meta_q_1 | A ^ -> Y ^ | DLY1X1 | 0.167 |   0.167 |    0.682 | 
     | req_sync_q_reg[1]    | D ^        | DFFQXL | 0.000 |   0.167 |    0.682 | 
     +-------------------------------------------------------------------------+ 
Path 13: MET Setup Check with Pin req_sync_q_reg[13]/CK 
Endpoint:   req_sync_q_reg[13]/D (^) checked with  leading edge of 'clk'
Beginpoint: req_meta_q_reg[13]/Q (^) triggered by  leading edge of '@'
Path Groups: {clk}
Analysis View: setup_view
Other End Arrival Time          0.181
- Setup                         0.098
+ Path Delay                    0.800
- Uncertainty                   0.200
= Required Time                 0.683
- Arrival Time                  0.167
= Slack Time                    0.516
     Clock Rise Edge                      0.000
     = Beginpoint Arrival Time            0.000
     +---------------------------------------------------------------------------+ 
     |        Instance        |    Arc     |  Cell  | Delay | Arrival | Required | 
     |                        |            |        |       |  Time   |   Time   | 
     |------------------------+------------+--------+-------+---------+----------| 
     | req_meta_q_reg[13]     | Q ^        |        |       |   0.000 |    0.516 | 
     | FE_PHC16_req_meta_q_13 | A ^ -> Y ^ | DLY1X1 | 0.167 |   0.167 |    0.683 | 
     | req_sync_q_reg[13]     | D ^        | DFFQXL | 0.000 |   0.167 |    0.683 | 
     +---------------------------------------------------------------------------+ 
Path 14: MET Setup Check with Pin req_sync_q_reg[3]/CK 
Endpoint:   req_sync_q_reg[3]/D (^) checked with  leading edge of 'clk'
Beginpoint: req_meta_q_reg[3]/Q (^) triggered by  leading edge of '@'
Path Groups: {clk}
Analysis View: setup_view
Other End Arrival Time          0.183
- Setup                         0.101
+ Path Delay                    0.800
- Uncertainty                   0.200
= Required Time                 0.682
- Arrival Time                  0.164
= Slack Time                    0.518
     Clock Rise Edge                      0.000
     = Beginpoint Arrival Time            0.000
     +--------------------------------------------------------------------------+ 
     |       Instance        |    Arc     |  Cell  | Delay | Arrival | Required | 
     |                       |            |        |       |  Time   |   Time   | 
     |-----------------------+------------+--------+-------+---------+----------| 
     | req_meta_q_reg[3]     | Q ^        |        |       |   0.000 |    0.518 | 
     | FE_PHC14_req_meta_q_3 | A ^ -> Y ^ | DLY1X1 | 0.164 |   0.164 |    0.682 | 
     | req_sync_q_reg[3]     | D ^        | DFFQXL | 0.000 |   0.164 |    0.682 | 
     +--------------------------------------------------------------------------+ 
Path 15: MET Setup Check with Pin req_sync_q_reg[4]/CK 
Endpoint:   req_sync_q_reg[4]/D (^) checked with  leading edge of 'clk'
Beginpoint: req_meta_q_reg[4]/Q (^) triggered by  leading edge of '@'
Path Groups: {clk}
Analysis View: setup_view
Other End Arrival Time          0.183
- Setup                         0.098
+ Path Delay                    0.800
- Uncertainty                   0.200
= Required Time                 0.685
- Arrival Time                  0.166
= Slack Time                    0.519
     Clock Rise Edge                      0.000
     = Beginpoint Arrival Time            0.000
     +--------------------------------------------------------------------------+ 
     |       Instance        |    Arc     |  Cell  | Delay | Arrival | Required | 
     |                       |            |        |       |  Time   |   Time   | 
     |-----------------------+------------+--------+-------+---------+----------| 
     | req_meta_q_reg[4]     | Q ^        |        |       |   0.000 |    0.519 | 
     | FE_PHC25_req_meta_q_4 | A ^ -> Y ^ | DLY1X1 | 0.166 |   0.166 |    0.685 | 
     | req_sync_q_reg[4]     | D ^        | DFFQXL | 0.000 |   0.166 |    0.685 | 
     +--------------------------------------------------------------------------+ 
Path 16: MET Setup Check with Pin req_sync_q_reg[14]/CK 
Endpoint:   req_sync_q_reg[14]/D (^) checked with  leading edge of 'clk'
Beginpoint: req_meta_q_reg[14]/Q (^) triggered by  leading edge of '@'
Path Groups: {clk}
Analysis View: setup_view
Other End Arrival Time          0.181
- Setup                         0.099
+ Path Delay                    0.800
- Uncertainty                   0.200
= Required Time                 0.682
- Arrival Time                  0.162
= Slack Time                    0.521
     Clock Rise Edge                      0.000
     = Beginpoint Arrival Time            0.000
     +---------------------------------------------------------------------------+ 
     |        Instance        |    Arc     |  Cell  | Delay | Arrival | Required | 
     |                        |            |        |       |  Time   |   Time   | 
     |------------------------+------------+--------+-------+---------+----------| 
     | req_meta_q_reg[14]     | Q ^        |        |       |   0.000 |    0.521 | 
     | FE_PHC22_req_meta_q_14 | A ^ -> Y ^ | DLY1X1 | 0.162 |   0.162 |    0.682 | 
     | req_sync_q_reg[14]     | D ^        | DFFQXL | 0.000 |   0.162 |    0.682 | 
     +---------------------------------------------------------------------------+ 

