###############################################################
#  Generated by:      Cadence Innovus 23.14-s088_1
#  OS:                Linux x86_64(Host ID <REMOTE_HOST>)
#  Generated on:      Wed Aug 26 17:39:05 2026
#  Design:            aer_pending_gray_rank_reuse_sync_core_reset
#  Command:           report_ccopt_clock_trees -summary -num_cap_violating_pins 20 -file <REMOTE_WORKSPACE>/pnr/p9grr_both_h020/reports/postroute_clock_tree.rpt
###############################################################

Clock DAG stats:
================

--------------------------------------------------------
Cell type                 Count    Area      Capacitance
--------------------------------------------------------
Buffers                     3       5.814       0.001
Inverters                   0       0.000       0.000
Integrated Clock Gates      2      12.996       0.000
Discrete Clock Gates        0       0.000       0.000
Clock Logic                 0       0.000       0.000
All                         5      18.810       0.001
--------------------------------------------------------

Clock DAG miscellaneous counts:
===============================

------------------------------
Type                     Count
------------------------------
Roots                      1
Preserved Ports            0
Multiple Clock Inputs      0
------------------------------


Clock DAG sink counts:
======================

-------------------------
Sink type           Count
-------------------------
Regular              44
Enable Latch          0
Load Capacitance      0
Antenna Diode         0
Node Sink             0
Total                44
-------------------------


Clock DAG wire lengths:
=======================

--------------------
Type     Wire Length
--------------------
Top          0.000
Trunk       55.985
Leaf       161.260
Total      217.245
--------------------


Clock DAG hp wire lengths:
==========================

-----------------------
Type     hp Wire Length
-----------------------
Top           0.000
Trunk         9.150
Leaf         92.900
Total       102.050
-----------------------


Clock DAG capacitances:
=======================

--------------------------------
Type     Gate     Wire     Total
--------------------------------
Top      0.000    0.000    0.000
Trunk    0.001    0.003    0.005
Leaf     0.009    0.011    0.020
Total    0.011    0.014    0.025
--------------------------------


Clock DAG sink capacitances:
============================

-----------------------------------------------
Total    Average    Std. Dev.    Min      Max
-----------------------------------------------
0.009     0.000       0.000      0.000    0.000
-----------------------------------------------


Clock DAG net violations:
=========================

None


Clock DAG primary half-corner transition distribution:
======================================================

--------------------------------------------------------------------------------------------------------------------------------------------------------------
Net Type    Target    Count    Average    Std. Dev.    Min      Max      Distribution                                                              Over Target
--------------------------------------------------------------------------------------------------------------------------------------------------------------
Trunk       0.086       2       0.019       0.021      0.004    0.033    {2 <= 0.052ns, 0 <= 0.069ns, 0 <= 0.077ns, 0 <= 0.082ns, 0 <= 0.086ns}         -
Leaf        0.086       4       0.066       0.022      0.037    0.084    {1 <= 0.052ns, 1 <= 0.069ns, 0 <= 0.077ns, 1 <= 0.082ns, 1 <= 0.086ns}         -
--------------------------------------------------------------------------------------------------------------------------------------------------------------


Clock DAG library cell distribution:
====================================

--------------------------------------------
Name           Type      Inst     Inst Area 
                         Count    (um^2)
--------------------------------------------
CLKBUFX3       buffer      2         4.104
BUFX2          buffer      1         1.710
TLATNTSCAX2    icg         2        12.996
--------------------------------------------



Please note that the following tables reflect only the defined clock trees, so the flop counts might not include all flops in your design.

Clock Tree Summary:
===================

---------------------------------------------------------------------------------------------------------------------
Clock Tree  Clock  Bufs  Invs  Other  Max       Max     Max     Max          Standard   Wire   Gate   Clock Tree Root
Name        Gates              Clock  Non-leaf  Leaf    Length  Source-sink  cell area  cap    cap    
                               Cells  Fanout    Fanout  (um)    Resistance   (um^2)     (pF)   (pF)   
                                                                (Ohms)                                
---------------------------------------------------------------------------------------------------------------------
clk           2     3     0      0       3        20     38.5     492.08      18.810    0.014  0.011  clk
---------------------------------------------------------------------------------------------------------------------

Clock Sink Summary:
===================

-------------------------------------------------------------------------------------------------------------------------------------------
Clock Tree  Explicit      Implicit      Explicit     Implicit     Explicit   Implicit   Posedge  Negedge  Memory  Enable  Non enable  Other
Name        exclude pins  exclude pins  ignore pins  ignore pins  stop pins  stop pins  Flops    Flops    Clock   Latch   Latch       Sinks
                                                                                                          Pins    Sinks   Sinks       
-------------------------------------------------------------------------------------------------------------------------------------------
clk              0             0             0            0           0          0        44        0       0       0         0         0
-------------------------------------------------------------------------------------------------------------------------------------------

Summary across all clock trees:
===============================

-----------------------------------------------------------------------------------------------------------
Clock  Bufs  Invs  Other  Max       Average   Max     Average  Max     Max          Standard   Wire   Gate
Gates              Clock  Non-leaf  Non-leaf  Leaf    Leaf     Length  Source-sink  cell area  cap    cap
                   Cells  Fanout    Fanout    Fanout  Fanout   (um)    Resistance   (um^2)     (pF)   (pF)
                                                                       (Ohms)                         
-----------------------------------------------------------------------------------------------------------
  2     3     0      0       3        2.5       20      11     38.500    49.208      18.810    0.014  0.011
-----------------------------------------------------------------------------------------------------------

Clock Sink Summary across all clock trees:
==========================================

-------------------------------------------------------------------------------------------------------------------------------
Explicit      Implicit      Explicit     Implicit     Explicit   Implicit   Posedge  Negedge  Memory  Enable  Non enable  Other
exclude pins  exclude pins  ignore pins  ignore pins  stop pins  stop pins  Flops    Flops    Clock   Latch   Latch       Sinks
                                                                                              Pins    Sinks   Sinks       
-------------------------------------------------------------------------------------------------------------------------------
     0             0             0            0           0          0        44        0       0       0         0         0
-------------------------------------------------------------------------------------------------------------------------------

Physical metrics across all clock trees:
========================================

-----------------------------------------------------------------------
Metric                               Minimum  Average  Maximum  Std.dev
-----------------------------------------------------------------------
Source-sink routed net length (um)    7.790   20.181   38.500   10.837
Source-sink manhattan distance (um)   7.865   19.492   38.400   10.547
Source-sink resistance (Ohm)         19.360   35.949   49.208   10.838
-----------------------------------------------------------------------

Transition distribution for half-corner corner_slow:setup.late:
===============================================================

--------------------------------------------------------------------------------------------------------------------------------------------------------------
Net Type    Target    Count    Average    Std. Dev.    Min      Max      Distribution                                                              Over Target
--------------------------------------------------------------------------------------------------------------------------------------------------------------
Trunk       0.086       2       0.019       0.021      0.004    0.033    {2 <= 0.052ns, 0 <= 0.069ns, 0 <= 0.077ns, 0 <= 0.082ns, 0 <= 0.086ns}         -
Leaf        0.086       4       0.066       0.022      0.037    0.084    {1 <= 0.052ns, 1 <= 0.069ns, 0 <= 0.077ns, 1 <= 0.082ns, 1 <= 0.086ns}         -
--------------------------------------------------------------------------------------------------------------------------------------------------------------

Count of violations across all clock trees:
===========================================

---------------------------------------------------------------------------------------
Clock Tree  # Max capacitance  # Max resistance  # Max length  # Max fanout  # Slew
Name        violations         violations        violations    violations    violations
---------------------------------------------------------------------------------------
clk                 0                 0               0             0            0
---------------------------------------------------------------------------------------
Total               0                 0               0             0            0
---------------------------------------------------------------------------------------

Note the above table per clock tree is based on CCOpt clock tree view. The violations are counted across half corners.

Found a total of 0 clock tree pins with max capacitance violations.
Found a total of 0 clock tree nets with max resistance violations.
Found a total of 0 clock tree nets with max length violations.
Found a total of 0 clock tree nets with max fanout violations.
Found a total of 0 clock tree pins with a slew violation.

Clock Timing Summary:
=====================

Target and measured clock slews (in ns):

--------------------------------------------------------------------------------------------------------------------------------------------------
Clock tree  Timing Corner            Worst Rising  Worst Falling  Worst Rising  Worst Falling  Leaf Slew      Leaf Slew  Trunk Slew     Trunk Slew
                                     Leaf Slew     Leaf Slew      Trunk Slew    Trunk Slew     Target Type    Target     Target Type    Target
--------------------------------------------------------------------------------------------------------------------------------------------------
clk         corner_slow:setup.early     0.072          0.084         0.030          0.033      ignored            -      ignored            -
clk         corner_slow:setup.late      0.073          0.084         0.030          0.033      auto computed   0.086     auto computed   0.086
clk         corner_fast:hold.early      0.026          0.026         0.009          0.009      ignored            -      ignored            -
clk         corner_fast:hold.late       0.027          0.027         0.009          0.009      ignored            -      ignored            -
--------------------------------------------------------------------------------------------------------------------------------------------------

* - indicates that target was not met.

auto extracted - target was extracted from SDC.
auto computed - target was computed when balancing trees.

Total Transition Slacks Summary:
================================

-------------------------------------------------------------------------------------------------
Total       Total Leaf    Total        Total Leaf    Mean        Median      Std.Dev     Worst
Overslew    Overslew      Underslew    Underslew     Overslew    Overslew    Overslew    Overslew
-------------------------------------------------------------------------------------------------
 0.000        0.000        -0.215        -0.081       0.000       0.000       0.000       0.000
-------------------------------------------------------------------------------------------------

Transition times measured in the half-corner corner_slow:setup.late

Top Underslews:

-----------------------------------------------
Driving node                     Underslew (ns)
-----------------------------------------------
clk                                  -0.082
CTS_ccl_a_buf_00003                  -0.053
RC_CG_HIER_INST0/RC_CGIC_INST        -0.049
RC_CG_HIER_INST1/RC_CGIC_INST        -0.025
CTS_ccl_a_buf_00001                  -0.005
CTS_ccl_a_buf_00002                  -0.002
-----------------------------------------------

