                          CONFORMAL (R)
                   Version 24.10-s500 (16-May-2025) (64 bit executable)
   Copyright (c) Cadence Design Systems, Inc., 1997-2024. All Rights Reserved


This program is proprietary and confidential information belonging to
Cadence Design Systems, Inc., and may be used and disclosed only as authorized
in a license agreement controlling such use and disclosure.

// Warning: This version is 460 days old. You can download the latest version from http://downloads.cadence.com.

0
// Command: set_mapping_method -sensitive
0
// Command: set_undefined_cell black_box -noascend -both
0
// Command: add_search_path "$env(HOME)/FPR/lib" -library -both
0
// Command: read_library -liberty -both -append "$env(HOME)/FPR/lib/typical.lib"
// Parsing file <REMOTE_HOME>/FPR/lib/typical.lib ...
// Note: Read Liberty library successfully
0
CPU time     : 0.43    seconds
Elapse time  : 0       seconds
Memory usage : 75.33   M bytes
// Command: read_design -systemverilog -golden -lastmod -noelab $rtl_file
// Parsing file <REMOTE_HOME>/aer_2026/p8dgscr_pnr_180nm_v2/rtl/improved/aer_pending_direct_gray_sync_core_reset.sv ...
0
// Command: elaborate_design -golden -root aer_pending_direct_gray_sync_core_reset
// Golden root module is set to 'aer_pending_direct_gray_sync_core_reset'
// Warning: (DIR6.1) Ignored compiler directive is detected (occurrence:1)
// Warning: (IGN4) Attribute instance(s) are ignored (occurrence:3)
0
// Command: read_design -verilog95 -revised -lastmod -noelab $netlist_file
// Parsing file <REMOTE_HOME>/aer_2026/p8dgscr_pnr_180nm_v2/inputs/aer_pending_direct_gray_sync_core_reset_pnr.v ...
0
// Command: elaborate_design -revised -root aer_pending_direct_gray_sync_core_reset
// Revised root module is set to 'aer_pending_direct_gray_sync_core_reset'
// Warning: (RTL14) Signal has input but it has no output (occurrence:16)
0
// Command: set_flatten_model -seq_constant
0
// Command: set_flatten_model -hier_seq_merge
0
// Command: set_system_mode lec
// Processing Golden ...
// Modeling Golden ...
// Processing Revised ...
// Modeling Revised ...
// Balanced modeling (auto) mapped 150 out of 150 DFF/DLATs
// Mapping key points ...
================================================================================
Mapped points: SYSTEM class
--------------------------------------------------------------------------------
Mapped points     PI     PO     DFF       Total   
--------------------------------------------------------------------------------
Golden            19     21     75        115     
--------------------------------------------------------------------------------
Revised           19     21     75        115     
================================================================================
0
// Command: report_unmapped_points -summary
There is no unmapped point
0
// Command: add_compared_points -all
// 96 compared points added to compare list
0
// Command: compare
================================================================================
Compared points      PO     DFF       Total   
--------------------------------------------------------------------------------
Equivalent           21     75        96      
================================================================================
0
// Command: report_verification -verbose
================================================================================
                            Verification Report
--------------------------------------------------------------------------------
Category                                                                  Count
--------------------------------------------------------------------------------
1. Non-standard modeling options used:                                      0
     Tri-stated output:                                        checked
     Revised X signals set to E:                               yes
     Floating signals tied to Z:                               yes
     Command "add clock" for clock-gating:                     not used
--------------------------------------------------------------------------------
2. Incomplete verification:                                                 0
     All primary outputs are mapped:                           yes
     Not-mapped DFF/DLAT is detected:                          no
     All mapped points are added as compare points:            yes
     All compared points are compared:                         yes
     User added black box:                                     no
     Black box mapped with different module name:              no
     Empty module is not black boxed:                          no
     Command "add ignore outputs" used:                        no
     Always false constraints detected:                        no
--------------------------------------------------------------------------------
3. User modification to design:                                             0
     Change gate type:                                         no
     Change wire:                                              no
     Primary input added by user:                              no
--------------------------------------------------------------------------------
4. Conformal Constraint Designer clock domain crossing checks recommended:  0
     Multiple clocks in the design:                            no
--------------------------------------------------------------------------------
5. Design ambiguity:                                                        0
     Duplicate module definition:                              no
     Black box due to undefined cells:                         no
     Golden design has abnormal ratio of unreachable gates:    no
     Ratio of golden unreachable gates:                        0%
     Revised design has abnormal ratio of unreachable gates:   no
     Ratio of revised unreachable gates:                       0%
     All primary input bus ordering is consistent:             yes
     All primary output bus ordering is consistent:            yes
     DFF/DLAT not compared due to disabled clock port(s):        0
     Always X compared point is detected:                      not checked
--------------------------------------------------------------------------------
6. Compare Results:                                                        PASS
     Number of EQ compare points:                              96
     Number of NON-EQ compare points:                          0
     Number of Aborted compare points:                         0
     Number of Uncompared compare points :                     0
================================================================================
pass
// Command: report_statistics
Mapping and compare statistics
================================================================================
                     Compare Result       Golden            Revised
--------------------------------------------------------------------------------
Root module name                          aer_pending_...   aer_pending_...   

Primary inputs                                19                 19
   Mapped                                     19                 19

Primary outputs                               21                 21
   Mapped                                     21                 21
      Equivalent                 21

State key points                              75                 75
   Mapped                                     75                 75
      Equivalent                 75
================================================================================
0
// Command: set noneq_count [get_compare_points -NONequivalent -count]
0
// Command: set abort_count [get_compare_points -abort -count]
0
// Command: set unknown_count [get_compare_points -unknown -count]
0
// Command: puts "P8DGSCR_LEC_NONEQUIVALENT=$noneq_count"
P8DGSCR_LEC_NONEQUIVALENT=0
// Command: puts "P8DGSCR_LEC_ABORT=$abort_count"
P8DGSCR_LEC_ABORT=0
// Command: puts "P8DGSCR_LEC_UNKNOWN=$unknown_count"
P8DGSCR_LEC_UNKNOWN=0
// Command: if {$noneq_count > 0 || $abort_count > 0 || $unknown_count > 0} {
//              error "P8-DG-SCR RTL/netlist equivalence failed"
//          }
// Command: puts "P8DGSCR_LEC_PASS"
P8DGSCR_LEC_PASS
// Command: exit 0
