###############################################################
#  Generated by:      Cadence Innovus 23.14-s088_1
#  OS:                Linux x86_64(Host ID <REMOTE_HOST>)
#  Generated on:      Fri Aug 21 03:19:57 2026
#  Design:            aer_pending_direct_gray_sync_core_reset
#  Command:           report_timing \
#    -from [get_pins {req_meta_q_reg*/Q}] \
#    -to [get_pins {req_sync_q_reg*/D}] \
#    -max_paths 32 > [file join $report_dir postroute_cdc_setup_timing.rpt]
###############################################################
Path 1: MET Setup Check with Pin req_sync_q_reg[4]/CK 
Endpoint:   req_sync_q_reg[4]/D (v) checked with  leading edge of 'clk'
Beginpoint: req_meta_q_reg[4]/Q (v) triggered by  leading edge of '@'
Path Groups: {clk}
Analysis View: setup_view
Other End Arrival Time          0.174
- Setup                         0.249
+ Path Delay                    0.900
- Uncertainty                   0.200
= Required Time                 0.625
- Arrival Time                  0.425
= Slack Time                    0.201
     Clock Rise Edge                      0.000
     = Beginpoint Arrival Time            0.000
     +----------------------------------------------------------------------------+ 
     |       Instance        |    Arc     |   Cell   | Delay | Arrival | Required | 
     |                       |            |          |       |  Time   |   Time   | 
     |-----------------------+------------+----------+-------+---------+----------| 
     | req_meta_q_reg[4]     | Q v        |          |       |   0.000 |    0.201 | 
     | FE_PHC3_req_meta_q_4  | A v -> Y v | BUFX3    | 0.156 |   0.156 |    0.357 | 
     | FE_PHC79_req_meta_q_4 | A v -> Y v | BUFX3    | 0.140 |   0.296 |    0.497 | 
     | FE_PHC42_req_meta_q_4 | A v -> Y v | CLKBUFX1 | 0.128 |   0.424 |    0.625 | 
     | req_sync_q_reg[4]     | D v        | DFFX1    | 0.000 |   0.425 |    0.625 | 
     +----------------------------------------------------------------------------+ 
Path 2: MET Setup Check with Pin req_sync_q_reg[6]/CK 
Endpoint:   req_sync_q_reg[6]/D (v) checked with  leading edge of 'clk'
Beginpoint: req_meta_q_reg[6]/Q (v) triggered by  leading edge of '@'
Path Groups: {clk}
Analysis View: setup_view
Other End Arrival Time          0.174
- Setup                         0.250
+ Path Delay                    0.900
- Uncertainty                   0.200
= Required Time                 0.624
- Arrival Time                  0.418
= Slack Time                    0.205
     Clock Rise Edge                      0.000
     = Beginpoint Arrival Time            0.000
     +----------------------------------------------------------------------------+ 
     |       Instance        |    Arc     |   Cell   | Delay | Arrival | Required | 
     |                       |            |          |       |  Time   |   Time   | 
     |-----------------------+------------+----------+-------+---------+----------| 
     | req_meta_q_reg[6]     | Q v        |          |       |   0.000 |    0.205 | 
     | FE_PHC15_req_meta_q_6 | A v -> Y v | BUFX4    | 0.147 |   0.147 |    0.352 | 
     | FE_PHC74_req_meta_q_6 | A v -> Y v | BUFX3    | 0.137 |   0.284 |    0.490 | 
     | FE_PHC38_req_meta_q_6 | A v -> Y v | CLKBUFX1 | 0.134 |   0.418 |    0.623 | 
     | req_sync_q_reg[6]     | D v        | DFFX1    | 0.000 |   0.418 |    0.624 | 
     +----------------------------------------------------------------------------+ 
Path 3: MET Setup Check with Pin req_sync_q_reg[1]/CK 
Endpoint:   req_sync_q_reg[1]/D (v) checked with  leading edge of 'clk'
Beginpoint: req_meta_q_reg[1]/Q (v) triggered by  leading edge of '@'
Path Groups: {clk}
Analysis View: setup_view
Other End Arrival Time          0.174
- Setup                         0.247
+ Path Delay                    0.900
- Uncertainty                   0.200
= Required Time                 0.626
- Arrival Time                  0.410
= Slack Time                    0.216
     Clock Rise Edge                      0.000
     = Beginpoint Arrival Time            0.000
     +----------------------------------------------------------------------------+ 
     |       Instance        |    Arc     |   Cell   | Delay | Arrival | Required | 
     |                       |            |          |       |  Time   |   Time   | 
     |-----------------------+------------+----------+-------+---------+----------| 
     | req_meta_q_reg[1]     | Q v        |          |       |   0.000 |    0.216 | 
     | FE_PHC11_req_meta_q_1 | A v -> Y v | CLKBUFX3 | 0.159 |   0.159 |    0.375 | 
     | FE_PHC76_req_meta_q_1 | A v -> Y v | BUFX3    | 0.131 |   0.290 |    0.506 | 
     | FE_PHC44_req_meta_q_1 | A v -> Y v | CLKBUFX1 | 0.120 |   0.410 |    0.626 | 
     | req_sync_q_reg[1]     | D v        | DFFX1    | 0.000 |   0.410 |    0.626 | 
     +----------------------------------------------------------------------------+ 
Path 4: MET Setup Check with Pin req_sync_q_reg[12]/CK 
Endpoint:   req_sync_q_reg[12]/D (v) checked with  leading edge of 'clk'
Beginpoint: req_meta_q_reg[12]/Q (v) triggered by  leading edge of '@'
Path Groups: {clk}
Analysis View: setup_view
Other End Arrival Time          0.174
- Setup                         0.246
+ Path Delay                    0.900
- Uncertainty                   0.200
= Required Time                 0.628
- Arrival Time                  0.411
= Slack Time                    0.217
     Clock Rise Edge                      0.000
     = Beginpoint Arrival Time            0.000
     +-----------------------------------------------------------------------------+ 
     |        Instance        |    Arc     |   Cell   | Delay | Arrival | Required | 
     |                        |            |          |       |  Time   |   Time   | 
     |------------------------+------------+----------+-------+---------+----------| 
     | req_meta_q_reg[12]     | Q v        |          |       |   0.000 |    0.217 | 
     | FE_PHC13_req_meta_q_12 | A v -> Y v | CLKBUFX3 | 0.161 |   0.161 |    0.378 | 
     | FE_PHC73_req_meta_q_12 | A v -> Y v | BUFX3    | 0.134 |   0.295 |    0.511 | 
     | FE_PHC43_req_meta_q_12 | A v -> Y v | CLKBUFX1 | 0.117 |   0.411 |    0.628 | 
     | req_sync_q_reg[12]     | D v        | DFFX1    | 0.000 |   0.411 |    0.628 | 
     +-----------------------------------------------------------------------------+ 
Path 5: MET Setup Check with Pin req_sync_q_reg[11]/CK 
Endpoint:   req_sync_q_reg[11]/D (v) checked with  leading edge of 'clk'
Beginpoint: req_meta_q_reg[11]/Q (v) triggered by  leading edge of '@'
Path Groups: {clk}
Analysis View: setup_view
Other End Arrival Time          0.174
- Setup                         0.248
+ Path Delay                    0.900
- Uncertainty                   0.200
= Required Time                 0.626
- Arrival Time                  0.404
= Slack Time                    0.222
     Clock Rise Edge                      0.000
     = Beginpoint Arrival Time            0.000
     +-----------------------------------------------------------------------------+ 
     |        Instance        |    Arc     |   Cell   | Delay | Arrival | Required | 
     |                        |            |          |       |  Time   |   Time   | 
     |------------------------+------------+----------+-------+---------+----------| 
     | req_meta_q_reg[11]     | Q v        |          |       |   0.000 |    0.222 | 
     | FE_PHC2_req_meta_q_11  | A v -> Y v | BUFX3    | 0.152 |   0.151 |    0.374 | 
     | FE_PHC75_req_meta_q_11 | A v -> Y v | BUFX3    | 0.128 |   0.280 |    0.502 | 
     | FE_PHC40_req_meta_q_11 | A v -> Y v | CLKBUFX1 | 0.124 |   0.404 |    0.626 | 
     | req_sync_q_reg[11]     | D v        | DFFX1    | 0.000 |   0.404 |    0.626 | 
     +-----------------------------------------------------------------------------+ 
Path 6: MET Setup Check with Pin req_sync_q_reg[8]/CK 
Endpoint:   req_sync_q_reg[8]/D (v) checked with  leading edge of 'clk'
Beginpoint: req_meta_q_reg[8]/Q (v) triggered by  leading edge of '@'
Path Groups: {clk}
Analysis View: setup_view
Other End Arrival Time          0.174
- Setup                         0.242
+ Path Delay                    0.900
- Uncertainty                   0.200
= Required Time                 0.631
- Arrival Time                  0.409
= Slack Time                    0.223
     Clock Rise Edge                      0.000
     = Beginpoint Arrival Time            0.000
     +-------------------------------------------------------------------------+ 
     |       Instance        |    Arc     |  Cell | Delay | Arrival | Required | 
     |                       |            |       |       |  Time   |   Time   | 
     |-----------------------+------------+-------+-------+---------+----------| 
     | req_meta_q_reg[8]     | Q v        |       |       |   0.000 |    0.223 | 
     | FE_PHC16_req_meta_q_8 | A v -> Y v | BUFX8 | 0.138 |   0.138 |    0.361 | 
     | FE_PHC78_req_meta_q_8 | A v -> Y v | BUFX3 | 0.138 |   0.276 |    0.499 | 
     | FE_PHC36_req_meta_q_8 | A v -> Y v | BUFX3 | 0.132 |   0.409 |    0.631 | 
     | req_sync_q_reg[8]     | D v        | DFFX1 | 0.000 |   0.409 |    0.631 | 
     +-------------------------------------------------------------------------+ 
Path 7: MET Setup Check with Pin req_sync_q_reg[2]/CK 
Endpoint:   req_sync_q_reg[2]/D (v) checked with  leading edge of 'clk'
Beginpoint: req_meta_q_reg[2]/Q (v) triggered by  leading edge of '@'
Path Groups: {clk}
Analysis View: setup_view
Other End Arrival Time          0.173
- Setup                         0.247
+ Path Delay                    0.900
- Uncertainty                   0.200
= Required Time                 0.626
- Arrival Time                  0.400
= Slack Time                    0.226
     Clock Rise Edge                      0.000
     = Beginpoint Arrival Time            0.000
     +----------------------------------------------------------------------------+ 
     |       Instance        |    Arc     |   Cell   | Delay | Arrival | Required | 
     |                       |            |          |       |  Time   |   Time   | 
     |-----------------------+------------+----------+-------+---------+----------| 
     | req_meta_q_reg[2]     | Q v        |          |       |   0.000 |    0.226 | 
     | FE_PHC8_req_meta_q_2  | A v -> Y v | CLKBUFX8 | 0.145 |   0.145 |    0.371 | 
     | FE_PHC77_req_meta_q_2 | A v -> Y v | BUFX3    | 0.133 |   0.278 |    0.504 | 
     | FE_PHC39_req_meta_q_2 | A v -> Y v | CLKBUFX1 | 0.122 |   0.400 |    0.626 | 
     | req_sync_q_reg[2]     | D v        | DFFX1    | 0.000 |   0.400 |    0.626 | 
     +----------------------------------------------------------------------------+ 
Path 8: MET Setup Check with Pin req_sync_q_reg[14]/CK 
Endpoint:   req_sync_q_reg[14]/D (v) checked with  leading edge of 'clk'
Beginpoint: req_meta_q_reg[14]/Q (v) triggered by  leading edge of '@'
Path Groups: {clk}
Analysis View: setup_view
Other End Arrival Time          0.175
- Setup                         0.246
+ Path Delay                    0.900
- Uncertainty                   0.200
= Required Time                 0.629
- Arrival Time                  0.401
= Slack Time                    0.228
     Clock Rise Edge                      0.000
     = Beginpoint Arrival Time            0.000
     +-----------------------------------------------------------------------------+ 
     |        Instance        |    Arc     |   Cell   | Delay | Arrival | Required | 
     |                        |            |          |       |  Time   |   Time   | 
     |------------------------+------------+----------+-------+---------+----------| 
     | req_meta_q_reg[14]     | Q v        |          |       |   0.000 |    0.228 | 
     | FE_PHC10_req_meta_q_14 | A v -> Y v | CLKBUFX4 | 0.153 |   0.153 |    0.381 | 
     | FE_PHC70_req_meta_q_14 | A v -> Y v | BUFX3    | 0.131 |   0.284 |    0.512 | 
     | FE_PHC41_req_meta_q_14 | A v -> Y v | CLKBUFX1 | 0.117 |   0.401 |    0.629 | 
     | req_sync_q_reg[14]     | D v        | DFFX1    | 0.000 |   0.401 |    0.629 | 
     +-----------------------------------------------------------------------------+ 
Path 9: MET Setup Check with Pin req_sync_q_reg[5]/CK 
Endpoint:   req_sync_q_reg[5]/D (v) checked with  leading edge of 'clk'
Beginpoint: req_meta_q_reg[5]/Q (v) triggered by  leading edge of '@'
Path Groups: {clk}
Analysis View: setup_view
Other End Arrival Time          0.174
- Setup                         0.249
+ Path Delay                    0.900
- Uncertainty                   0.200
= Required Time                 0.625
- Arrival Time                  0.396
= Slack Time                    0.229
     Clock Rise Edge                      0.000
     = Beginpoint Arrival Time            0.000
     +----------------------------------------------------------------------------+ 
     |       Instance        |    Arc     |   Cell   | Delay | Arrival | Required | 
     |                       |            |          |       |  Time   |   Time   | 
     |-----------------------+------------+----------+-------+---------+----------| 
     | req_meta_q_reg[5]     | Q v        |          |       |   0.000 |    0.229 | 
     | FE_PHC47_req_meta_q_5 | A v -> Y v | BUFX3    | 0.144 |   0.144 |    0.374 | 
     | FE_PHC19_req_meta_q_5 | A v -> Y v | BUFX3    | 0.126 |   0.270 |    0.499 | 
     | FE_PHC12_req_meta_q_5 | A v -> Y v | CLKBUFX1 | 0.125 |   0.395 |    0.625 | 
     | req_sync_q_reg[5]     | D v        | DFFX1    | 0.000 |   0.396 |    0.625 | 
     +----------------------------------------------------------------------------+ 
Path 10: MET Setup Check with Pin req_sync_q_reg[0]/CK 
Endpoint:   req_sync_q_reg[0]/D (v) checked with  leading edge of 'clk'
Beginpoint: req_meta_q_reg[0]/Q (v) triggered by  leading edge of '@'
Path Groups: {clk}
Analysis View: setup_view
Other End Arrival Time          0.173
- Setup                         0.249
+ Path Delay                    0.900
- Uncertainty                   0.200
= Required Time                 0.624
- Arrival Time                  0.394
= Slack Time                    0.230
     Clock Rise Edge                      0.000
     = Beginpoint Arrival Time            0.000
     +----------------------------------------------------------------------------+ 
     |       Instance        |    Arc     |   Cell   | Delay | Arrival | Required | 
     |                       |            |          |       |  Time   |   Time   | 
     |-----------------------+------------+----------+-------+---------+----------| 
     | req_meta_q_reg[0]     | Q v        |          |       |   0.000 |    0.230 | 
     | FE_PHC14_req_meta_q_0 | A v -> Y v | BUFX8    | 0.140 |   0.140 |    0.370 | 
     | FE_PHC81_req_meta_q_0 | A v -> Y v | BUFX3    | 0.127 |   0.267 |    0.497 | 
     | FE_PHC35_req_meta_q_0 | A v -> Y v | CLKBUFX1 | 0.127 |   0.394 |    0.624 | 
     | req_sync_q_reg[0]     | D v        | DFFX1    | 0.000 |   0.394 |    0.624 | 
     +----------------------------------------------------------------------------+ 
Path 11: MET Setup Check with Pin req_sync_q_reg[3]/CK 
Endpoint:   req_sync_q_reg[3]/D (v) checked with  leading edge of 'clk'
Beginpoint: req_meta_q_reg[3]/Q (v) triggered by  leading edge of '@'
Path Groups: {clk}
Analysis View: setup_view
Other End Arrival Time          0.172
- Setup                         0.248
+ Path Delay                    0.900
- Uncertainty                   0.200
= Required Time                 0.624
- Arrival Time                  0.390
= Slack Time                    0.234
     Clock Rise Edge                      0.000
     = Beginpoint Arrival Time            0.000
     +----------------------------------------------------------------------------+ 
     |       Instance        |    Arc     |   Cell   | Delay | Arrival | Required | 
     |                       |            |          |       |  Time   |   Time   | 
     |-----------------------+------------+----------+-------+---------+----------| 
     | req_meta_q_reg[3]     | Q v        |          |       |   0.000 |    0.234 | 
     | FE_PHC9_req_meta_q_3  | A v -> Y v | BUFX4    | 0.140 |   0.140 |    0.375 | 
     | FE_PHC71_req_meta_q_3 | A v -> Y v | BUFX3    | 0.127 |   0.267 |    0.502 | 
     | FE_PHC37_req_meta_q_3 | A v -> Y v | CLKBUFX1 | 0.123 |   0.390 |    0.624 | 
     | req_sync_q_reg[3]     | D v        | DFFX1    | 0.000 |   0.390 |    0.624 | 
     +----------------------------------------------------------------------------+ 
Path 12: MET Setup Check with Pin req_sync_q_reg[15]/CK 
Endpoint:   req_sync_q_reg[15]/D (v) checked with  leading edge of 'clk'
Beginpoint: req_meta_q_reg[15]/Q (v) triggered by  leading edge of '@'
Path Groups: {clk}
Analysis View: setup_view
Other End Arrival Time          0.174
- Setup                         0.246
+ Path Delay                    0.900
- Uncertainty                   0.200
= Required Time                 0.628
- Arrival Time                  0.390
= Slack Time                    0.237
     Clock Rise Edge                      0.000
     = Beginpoint Arrival Time            0.000
     +-----------------------------------------------------------------------------+ 
     |        Instance        |    Arc     |   Cell   | Delay | Arrival | Required | 
     |                        |            |          |       |  Time   |   Time   | 
     |------------------------+------------+----------+-------+---------+----------| 
     | req_meta_q_reg[15]     | Q v        |          |       |   0.000 |    0.237 | 
     | FE_PHC7_req_meta_q_15  | A v -> Y v | BUFX12   | 0.147 |   0.147 |    0.385 | 
     | FE_PHC82_req_meta_q_15 | A v -> Y v | BUFX3    | 0.127 |   0.274 |    0.511 | 
     | FE_PHC20_req_meta_q_15 | A v -> Y v | CLKBUFX1 | 0.117 |   0.390 |    0.628 | 
     | req_sync_q_reg[15]     | D v        | DFFX1    | 0.000 |   0.390 |    0.628 | 
     +-----------------------------------------------------------------------------+ 
Path 13: MET Setup Check with Pin req_sync_q_reg[13]/CK 
Endpoint:   req_sync_q_reg[13]/D (v) checked with  leading edge of 'clk'
Beginpoint: req_meta_q_reg[13]/Q (v) triggered by  leading edge of '@'
Path Groups: {clk}
Analysis View: setup_view
Other End Arrival Time          0.174
- Setup                         0.246
+ Path Delay                    0.900
- Uncertainty                   0.200
= Required Time                 0.628
- Arrival Time                  0.384
= Slack Time                    0.244
     Clock Rise Edge                      0.000
     = Beginpoint Arrival Time            0.000
     +-----------------------------------------------------------------------------+ 
     |        Instance        |    Arc     |   Cell   | Delay | Arrival | Required | 
     |                        |            |          |       |  Time   |   Time   | 
     |------------------------+------------+----------+-------+---------+----------| 
     | req_meta_q_reg[13]     | Q v        |          |       |   0.000 |    0.244 | 
     | FE_PHC5_req_meta_q_13  | A v -> Y v | CLKBUFX8 | 0.141 |   0.141 |    0.385 | 
     | FE_PHC69_req_meta_q_13 | A v -> Y v | BUFX3    | 0.127 |   0.268 |    0.512 | 
     | FE_PHC34_req_meta_q_13 | A v -> Y v | CLKBUFX1 | 0.116 |   0.384 |    0.628 | 
     | req_sync_q_reg[13]     | D v        | DFFX1    | 0.000 |   0.384 |    0.628 | 
     +-----------------------------------------------------------------------------+ 
Path 14: MET Setup Check with Pin req_sync_q_reg[9]/CK 
Endpoint:   req_sync_q_reg[9]/D (v) checked with  leading edge of 'clk'
Beginpoint: req_meta_q_reg[9]/Q (v) triggered by  leading edge of '@'
Path Groups: {clk}
Analysis View: setup_view
Other End Arrival Time          0.174
- Setup                         0.246
+ Path Delay                    0.900
- Uncertainty                   0.200
= Required Time                 0.628
- Arrival Time                  0.380
= Slack Time                    0.249
     Clock Rise Edge                      0.000
     = Beginpoint Arrival Time            0.000
     +----------------------------------------------------------------------------+ 
     |       Instance        |    Arc     |   Cell   | Delay | Arrival | Required | 
     |                       |            |          |       |  Time   |   Time   | 
     |-----------------------+------------+----------+-------+---------+----------| 
     | req_meta_q_reg[9]     | Q v        |          |       |   0.000 |    0.249 | 
     | FE_PHC6_req_meta_q_9  | A v -> Y v | BUFX8    | 0.139 |   0.138 |    0.387 | 
     | FE_PHC72_req_meta_q_9 | A v -> Y v | BUFX3    | 0.127 |   0.265 |    0.514 | 
     | FE_PHC33_req_meta_q_9 | A v -> Y v | CLKBUFX1 | 0.114 |   0.379 |    0.628 | 
     | req_sync_q_reg[9]     | D v        | DFFX1    | 0.000 |   0.380 |    0.628 | 
     +----------------------------------------------------------------------------+ 
Path 15: MET Setup Check with Pin req_sync_q_reg[10]/CK 
Endpoint:   req_sync_q_reg[10]/D (v) checked with  leading edge of 'clk'
Beginpoint: req_meta_q_reg[10]/Q (v) triggered by  leading edge of '@'
Path Groups: {clk}
Analysis View: setup_view
Other End Arrival Time          0.174
- Setup                         0.251
+ Path Delay                    0.900
- Uncertainty                   0.200
= Required Time                 0.623
- Arrival Time                  0.297
= Slack Time                    0.326
     Clock Rise Edge                      0.000
     = Beginpoint Arrival Time            0.000
     +-----------------------------------------------------------------------------+ 
     |        Instance        |    Arc     |   Cell   | Delay | Arrival | Required | 
     |                        |            |          |       |  Time   |   Time   | 
     |------------------------+------------+----------+-------+---------+----------| 
     | req_meta_q_reg[10]     | Q v        |          |       |   0.000 |    0.326 | 
     | FE_PHC4_req_meta_q_10  | A v -> Y v | BUFX3    | 0.157 |   0.157 |    0.483 | 
     | FE_PHC45_req_meta_q_10 | A v -> Y v | CLKBUFX1 | 0.139 |   0.296 |    0.623 | 
     | req_sync_q_reg[10]     | D v        | DFFX1    | 0.000 |   0.297 |    0.623 | 
     +-----------------------------------------------------------------------------+ 
Path 16: MET Setup Check with Pin req_sync_q_reg[7]/CK 
Endpoint:   req_sync_q_reg[7]/D (v) checked with  leading edge of 'clk'
Beginpoint: req_meta_q_reg[7]/Q (v) triggered by  leading edge of '@'
Path Groups: {clk}
Analysis View: setup_view
Other End Arrival Time          0.174
- Setup                         0.253
+ Path Delay                    0.900
- Uncertainty                   0.200
= Required Time                 0.621
- Arrival Time                  0.294
= Slack Time                    0.327
     Clock Rise Edge                      0.000
     = Beginpoint Arrival Time            0.000
     +----------------------------------------------------------------------------+ 
     |       Instance        |    Arc     |   Cell   | Delay | Arrival | Required | 
     |                       |            |          |       |  Time   |   Time   | 
     |-----------------------+------------+----------+-------+---------+----------| 
     | req_meta_q_reg[7]     | Q v        |          |       |   0.000 |    0.327 | 
     | FE_PHC46_req_meta_q_7 | A v -> Y v | BUFX8    | 0.148 |   0.148 |    0.475 | 
     | FE_PHC17_req_meta_q_7 | A v -> Y v | CLKBUFX1 | 0.146 |   0.294 |    0.621 | 
     | req_sync_q_reg[7]     | D v        | DFFX1    | 0.000 |   0.294 |    0.621 | 
     +----------------------------------------------------------------------------+ 

