###############################################################
#  Generated by:      Cadence Innovus 23.14-s088_1
#  OS:                Linux x86_64(Host ID <REMOTE_HOST>)
#  Generated on:      Fri Aug 21 03:19:57 2026
#  Design:            aer_pending_direct_gray_sync_core_reset
#  Command:           report_timing \
#    -from [get_pins {req_sync_q_reg*/Q*}] \
#    -max_paths 50 > [file join $report_dir postroute_core_setup_timing.rpt]
###############################################################
Path 1: MET Setup Check with Pin pending_q_reg[4]/CK 
Endpoint:   pending_q_reg[4]/D   (v) checked with  leading edge of 'clk'
Beginpoint: req_sync_q_reg[4]/QN (v) triggered by  leading edge of 'clk'
Path Groups: {clk}
Analysis View: setup_view
Other End Arrival Time          0.176
- Setup                         0.343
+ Phase Shift                  10.000
- Uncertainty                   0.200
= Required Time                 9.633
- Arrival Time                  6.398
= Slack Time                    3.235
     Clock Rise Edge                 0.000
     + Clock Network Latency (Prop)  -0.000
     = Beginpoint Arrival Time       -0.000
     +---------------------------------------------------------------------------+ 
     |     Instance      |     Arc      |   Cell    | Delay | Arrival | Required | 
     |                   |              |           |       |  Time   |   Time   | 
     |-------------------+--------------+-----------+-------+---------+----------| 
     | req_sync_q_reg[4] | CK ^         |           |       |  -0.000 |    3.235 | 
     | req_sync_q_reg[4] | CK ^ -> QN v | DFFX1     | 0.575 |   0.575 |    3.810 | 
     | g5879__5526       | A1N v -> Y v | AOI2BB1XL | 0.378 |   0.952 |    4.188 | 
     | g5858__2398       | B v -> Y ^   | NAND2X1   | 0.202 |   1.154 |    4.389 | 
     | g5838__9945       | B ^ -> Y v   | NOR2X1    | 0.127 |   1.281 |    4.516 | 
     | g5831__5122       | A v -> Y ^   | NAND2X1   | 0.141 |   1.422 |    4.657 | 
     | g5829             | A ^ -> Y v   | INVX1     | 0.064 |   1.485 |    4.721 | 
     | g5821__5526       | A0 v -> Y ^  | OAI21XL   | 0.754 |   2.239 |    5.474 | 
     | g5820             | A ^ -> Y v   | INVX1     | 0.354 |   2.593 |    5.828 | 
     | g5816__5107       | A0 v -> Y ^  | AOI22X1   | 0.269 |   2.863 |    6.098 | 
     | g5799__9945       | A1N ^ -> Y ^ | OAI2BB2X1 | 0.413 |   3.276 |    6.511 | 
     | g5798             | A ^ -> Y v   | INVX1     | 0.197 |   3.473 |    6.708 | 
     | g5794__6161       | A0 v -> Y ^  | AOI22X1   | 0.224 |   3.696 |    6.932 | 
     | g5792__4733       | A1N ^ -> Y ^ | OAI2BB2X1 | 0.417 |   4.113 |    7.349 | 
     | g5789__1881       | A ^ -> Y v   | NAND2X1   | 0.255 |   4.368 |    7.603 | 
     | g5779__5107       | A0N v -> Y v | AOI2BB1XL | 0.308 |   4.676 |    7.912 | 
     | g5770__7410       | C0 v -> Y ^  | OAI221XL  | 0.141 |   4.818 |    8.053 | 
     | g5768__2346       | B0 ^ -> Y v  | AOI22X1   | 0.185 |   5.003 |    8.238 | 
     | g5767__2883       | B0 v -> Y ^  | OAI22X1   | 0.261 |   5.264 |    8.499 | 
     | g5766__9945       | S0 ^ -> Y ^  | MXI2X1    | 0.356 |   5.619 |    8.854 | 
     | g5765             | A ^ -> Y v   | INVX1     | 0.146 |   5.765 |    9.001 | 
     | g5764__7482       | A0 v -> Y ^  | OAI21XL   | 0.432 |   6.197 |    9.432 | 
     | g5754__6783       | A0 ^ -> Y v  | AOI21XL   | 0.201 |   6.398 |    9.633 | 
     | pending_q_reg[4]  | D v          | DFFHQX1   | 0.000 |   6.398 |    9.633 | 
     +---------------------------------------------------------------------------+ 
Path 2: MET Setup Check with Pin pending_q_reg[10]/CK 
Endpoint:   pending_q_reg[10]/D  (v) checked with  leading edge of 'clk'
Beginpoint: req_sync_q_reg[4]/QN (v) triggered by  leading edge of 'clk'
Path Groups: {clk}
Analysis View: setup_view
Other End Arrival Time          0.174
- Setup                         0.341
+ Phase Shift                  10.000
- Uncertainty                   0.200
= Required Time                 9.633
- Arrival Time                  6.380
= Slack Time                    3.253
     Clock Rise Edge                 0.000
     + Clock Network Latency (Prop)  -0.000
     = Beginpoint Arrival Time       -0.000
     +---------------------------------------------------------------------------+ 
     |     Instance      |     Arc      |   Cell    | Delay | Arrival | Required | 
     |                   |              |           |       |  Time   |   Time   | 
     |-------------------+--------------+-----------+-------+---------+----------| 
     | req_sync_q_reg[4] | CK ^         |           |       |  -0.000 |    3.253 | 
     | req_sync_q_reg[4] | CK ^ -> QN v | DFFX1     | 0.575 |   0.575 |    3.828 | 
     | g5879__5526       | A1N v -> Y v | AOI2BB1XL | 0.378 |   0.952 |    4.205 | 
     | g5858__2398       | B v -> Y ^   | NAND2X1   | 0.202 |   1.154 |    4.407 | 
     | g5838__9945       | B ^ -> Y v   | NOR2X1    | 0.127 |   1.281 |    4.534 | 
     | g5831__5122       | A v -> Y ^   | NAND2X1   | 0.141 |   1.422 |    4.675 | 
     | g5829             | A ^ -> Y v   | INVX1     | 0.064 |   1.485 |    4.738 | 
     | g5821__5526       | A0 v -> Y ^  | OAI21XL   | 0.754 |   2.239 |    5.492 | 
     | g5820             | A ^ -> Y v   | INVX1     | 0.354 |   2.593 |    5.846 | 
     | g5816__5107       | A0 v -> Y ^  | AOI22X1   | 0.269 |   2.863 |    6.116 | 
     | g5799__9945       | A1N ^ -> Y ^ | OAI2BB2X1 | 0.413 |   3.276 |    6.528 | 
     | g5798             | A ^ -> Y v   | INVX1     | 0.197 |   3.473 |    6.726 | 
     | g5794__6161       | A0 v -> Y ^  | AOI22X1   | 0.224 |   3.696 |    6.949 | 
     | g5792__4733       | A1N ^ -> Y ^ | OAI2BB2X1 | 0.417 |   4.113 |    7.366 | 
     | g5789__1881       | A ^ -> Y v   | NAND2X1   | 0.255 |   4.368 |    7.621 | 
     | g5779__5107       | A0N v -> Y v | AOI2BB1XL | 0.308 |   4.676 |    7.929 | 
     | g5770__7410       | C0 v -> Y ^  | OAI221XL  | 0.141 |   4.818 |    8.071 | 
     | g5768__2346       | B0 ^ -> Y v  | AOI22X1   | 0.185 |   5.003 |    8.256 | 
     | g5767__2883       | B0 v -> Y ^  | OAI22X1   | 0.261 |   5.264 |    8.516 | 
     | g5766__9945       | S0 ^ -> Y ^  | MXI2X1    | 0.356 |   5.619 |    8.872 | 
     | g5765             | A ^ -> Y v   | INVX1     | 0.146 |   5.765 |    9.018 | 
     | g5760__5115       | A0 v -> Y ^  | OAI21XL   | 0.425 |   6.190 |    9.443 | 
     | g5745__8428       | A0 ^ -> Y v  | AOI21XL   | 0.190 |   6.380 |    9.633 | 
     | pending_q_reg[10] | D v          | DFFHQX1   | 0.000 |   6.380 |    9.633 | 
     +---------------------------------------------------------------------------+ 
Path 3: MET Setup Check with Pin pending_q_reg[14]/CK 
Endpoint:   pending_q_reg[14]/D  (v) checked with  leading edge of 'clk'
Beginpoint: req_sync_q_reg[4]/QN (v) triggered by  leading edge of 'clk'
Path Groups: {clk}
Analysis View: setup_view
Other End Arrival Time          0.174
- Setup                         0.340
+ Phase Shift                  10.000
- Uncertainty                   0.200
= Required Time                 9.634
- Arrival Time                  6.377
= Slack Time                    3.256
     Clock Rise Edge                 0.000
     + Clock Network Latency (Prop)  -0.000
     = Beginpoint Arrival Time       -0.000
     +---------------------------------------------------------------------------+ 
     |     Instance      |     Arc      |   Cell    | Delay | Arrival | Required | 
     |                   |              |           |       |  Time   |   Time   | 
     |-------------------+--------------+-----------+-------+---------+----------| 
     | req_sync_q_reg[4] | CK ^         |           |       |  -0.000 |    3.256 | 
     | req_sync_q_reg[4] | CK ^ -> QN v | DFFX1     | 0.575 |   0.575 |    3.831 | 
     | g5879__5526       | A1N v -> Y v | AOI2BB1XL | 0.378 |   0.952 |    4.209 | 
     | g5858__2398       | B v -> Y ^   | NAND2X1   | 0.202 |   1.154 |    4.410 | 
     | g5838__9945       | B ^ -> Y v   | NOR2X1    | 0.127 |   1.281 |    4.537 | 
     | g5831__5122       | A v -> Y ^   | NAND2X1   | 0.141 |   1.422 |    4.678 | 
     | g5829             | A ^ -> Y v   | INVX1     | 0.064 |   1.485 |    4.742 | 
     | g5821__5526       | A0 v -> Y ^  | OAI21XL   | 0.754 |   2.239 |    5.496 | 
     | g5820             | A ^ -> Y v   | INVX1     | 0.354 |   2.593 |    5.850 | 
     | g5816__5107       | A0 v -> Y ^  | AOI22X1   | 0.269 |   2.863 |    6.119 | 
     | g5799__9945       | A1N ^ -> Y ^ | OAI2BB2X1 | 0.413 |   3.276 |    6.532 | 
     | g5798             | A ^ -> Y v   | INVX1     | 0.197 |   3.473 |    6.729 | 
     | g5794__6161       | A0 v -> Y ^  | AOI22X1   | 0.224 |   3.696 |    6.953 | 
     | g5792__4733       | A1N ^ -> Y ^ | OAI2BB2X1 | 0.417 |   4.113 |    7.370 | 
     | g5789__1881       | A ^ -> Y v   | NAND2X1   | 0.255 |   4.368 |    7.624 | 
     | g5779__5107       | A0N v -> Y v | AOI2BB1XL | 0.308 |   4.676 |    7.933 | 
     | g5770__7410       | C0 v -> Y ^  | OAI221XL  | 0.141 |   4.818 |    8.074 | 
     | g5768__2346       | B0 ^ -> Y v  | AOI22X1   | 0.185 |   5.003 |    8.259 | 
     | g5767__2883       | B0 v -> Y ^  | OAI22X1   | 0.261 |   5.264 |    8.520 | 
     | g5766__9945       | S0 ^ -> Y ^  | MXI2X1    | 0.356 |   5.619 |    8.876 | 
     | g5765             | A ^ -> Y v   | INVX1     | 0.146 |   5.765 |    9.022 | 
     | g5760__5115       | A0 v -> Y ^  | OAI21XL   | 0.425 |   6.190 |    9.446 | 
     | g5749__4319       | A0 ^ -> Y v  | AOI21XL   | 0.187 |   6.377 |    9.633 | 
     | pending_q_reg[14] | D v          | DFFHQX1   | 0.000 |   6.377 |    9.634 | 
     +---------------------------------------------------------------------------+ 
Path 4: MET Setup Check with Pin pending_q_reg[12]/CK 
Endpoint:   pending_q_reg[12]/D  (v) checked with  leading edge of 'clk'
Beginpoint: req_sync_q_reg[4]/QN (v) triggered by  leading edge of 'clk'
Path Groups: {clk}
Analysis View: setup_view
Other End Arrival Time          0.176
- Setup                         0.340
+ Phase Shift                  10.000
- Uncertainty                   0.200
= Required Time                 9.636
- Arrival Time                  6.377
= Slack Time                    3.259
     Clock Rise Edge                 0.000
     + Clock Network Latency (Prop)  -0.000
     = Beginpoint Arrival Time       -0.000
     +---------------------------------------------------------------------------+ 
     |     Instance      |     Arc      |   Cell    | Delay | Arrival | Required | 
     |                   |              |           |       |  Time   |   Time   | 
     |-------------------+--------------+-----------+-------+---------+----------| 
     | req_sync_q_reg[4] | CK ^         |           |       |  -0.000 |    3.259 | 
     | req_sync_q_reg[4] | CK ^ -> QN v | DFFX1     | 0.575 |   0.575 |    3.834 | 
     | g5879__5526       | A1N v -> Y v | AOI2BB1XL | 0.378 |   0.952 |    4.212 | 
     | g5858__2398       | B v -> Y ^   | NAND2X1   | 0.202 |   1.154 |    4.413 | 
     | g5838__9945       | B ^ -> Y v   | NOR2X1    | 0.127 |   1.281 |    4.540 | 
     | g5831__5122       | A v -> Y ^   | NAND2X1   | 0.141 |   1.422 |    4.681 | 
     | g5829             | A ^ -> Y v   | INVX1     | 0.064 |   1.485 |    4.745 | 
     | g5821__5526       | A0 v -> Y ^  | OAI21XL   | 0.754 |   2.239 |    5.498 | 
     | g5820             | A ^ -> Y v   | INVX1     | 0.354 |   2.593 |    5.852 | 
     | g5816__5107       | A0 v -> Y ^  | AOI22X1   | 0.269 |   2.863 |    6.122 | 
     | g5799__9945       | A1N ^ -> Y ^ | OAI2BB2X1 | 0.413 |   3.276 |    6.535 | 
     | g5798             | A ^ -> Y v   | INVX1     | 0.197 |   3.473 |    6.732 | 
     | g5794__6161       | A0 v -> Y ^  | AOI22X1   | 0.224 |   3.696 |    6.956 | 
     | g5792__4733       | A1N ^ -> Y ^ | OAI2BB2X1 | 0.417 |   4.113 |    7.373 | 
     | g5789__1881       | A ^ -> Y v   | NAND2X1   | 0.255 |   4.368 |    7.627 | 
     | g5779__5107       | A0N v -> Y v | AOI2BB1XL | 0.308 |   4.676 |    7.936 | 
     | g5770__7410       | C0 v -> Y ^  | OAI221XL  | 0.141 |   4.818 |    8.077 | 
     | g5768__2346       | B0 ^ -> Y v  | AOI22X1   | 0.185 |   5.003 |    8.262 | 
     | g5767__2883       | B0 v -> Y ^  | OAI22X1   | 0.261 |   5.264 |    8.523 | 
     | g5766__9945       | S0 ^ -> Y ^  | MXI2X1    | 0.356 |   5.619 |    8.878 | 
     | g5765             | A ^ -> Y v   | INVX1     | 0.146 |   5.765 |    9.025 | 
     | g5760__5115       | A0 v -> Y ^  | OAI21XL   | 0.425 |   6.190 |    9.449 | 
     | g5746__2398       | A0 ^ -> Y v  | AOI21XL   | 0.186 |   6.376 |    9.636 | 
     | pending_q_reg[12] | D v          | DFFHQX1   | 0.000 |   6.377 |    9.636 | 
     +---------------------------------------------------------------------------+ 
Path 5: MET Setup Check with Pin pending_q_reg[8]/CK 
Endpoint:   pending_q_reg[8]/D   (v) checked with  leading edge of 'clk'
Beginpoint: req_sync_q_reg[4]/QN (v) triggered by  leading edge of 'clk'
Path Groups: {clk}
Analysis View: setup_view
Other End Arrival Time          0.175
- Setup                         0.340
+ Phase Shift                  10.000
- Uncertainty                   0.200
= Required Time                 9.636
- Arrival Time                  6.373
= Slack Time                    3.263
     Clock Rise Edge                 0.000
     + Clock Network Latency (Prop)  -0.000
     = Beginpoint Arrival Time       -0.000
     +---------------------------------------------------------------------------+ 
     |     Instance      |     Arc      |   Cell    | Delay | Arrival | Required | 
     |                   |              |           |       |  Time   |   Time   | 
     |-------------------+--------------+-----------+-------+---------+----------| 
     | req_sync_q_reg[4] | CK ^         |           |       |  -0.000 |    3.263 | 
     | req_sync_q_reg[4] | CK ^ -> QN v | DFFX1     | 0.575 |   0.575 |    3.838 | 
     | g5879__5526       | A1N v -> Y v | AOI2BB1XL | 0.378 |   0.952 |    4.215 | 
     | g5858__2398       | B v -> Y ^   | NAND2X1   | 0.202 |   1.154 |    4.417 | 
     | g5838__9945       | B ^ -> Y v   | NOR2X1    | 0.127 |   1.281 |    4.544 | 
     | g5831__5122       | A v -> Y ^   | NAND2X1   | 0.141 |   1.422 |    4.685 | 
     | g5829             | A ^ -> Y v   | INVX1     | 0.064 |   1.485 |    4.748 | 
     | g5821__5526       | A0 v -> Y ^  | OAI21XL   | 0.754 |   2.239 |    5.502 | 
     | g5820             | A ^ -> Y v   | INVX1     | 0.354 |   2.593 |    5.856 | 
     | g5816__5107       | A0 v -> Y ^  | AOI22X1   | 0.269 |   2.863 |    6.126 | 
     | g5799__9945       | A1N ^ -> Y ^ | OAI2BB2X1 | 0.413 |   3.276 |    6.538 | 
     | g5798             | A ^ -> Y v   | INVX1     | 0.197 |   3.473 |    6.736 | 
     | g5794__6161       | A0 v -> Y ^  | AOI22X1   | 0.224 |   3.696 |    6.959 | 
     | g5792__4733       | A1N ^ -> Y ^ | OAI2BB2X1 | 0.417 |   4.113 |    7.376 | 
     | g5789__1881       | A ^ -> Y v   | NAND2X1   | 0.255 |   4.368 |    7.631 | 
     | g5779__5107       | A0N v -> Y v | AOI2BB1XL | 0.308 |   4.676 |    7.939 | 
     | g5770__7410       | C0 v -> Y ^  | OAI221XL  | 0.141 |   4.818 |    8.081 | 
     | g5768__2346       | B0 ^ -> Y v  | AOI22X1   | 0.185 |   5.003 |    8.266 | 
     | g5767__2883       | B0 v -> Y ^  | OAI22X1   | 0.261 |   5.264 |    8.526 | 
     | g5766__9945       | S0 ^ -> Y ^  | MXI2X1    | 0.356 |   5.619 |    8.882 | 
     | g5765             | A ^ -> Y v   | INVX1     | 0.146 |   5.765 |    9.028 | 
     | g5760__5115       | A0 v -> Y ^  | OAI21XL   | 0.425 |   6.190 |    9.453 | 
     | g5747__5107       | A0 ^ -> Y v  | AOI21XL   | 0.183 |   6.373 |    9.636 | 
     | pending_q_reg[8]  | D v          | DFFHQX1   | 0.000 |   6.373 |    9.636 | 
     +---------------------------------------------------------------------------+ 
Path 6: MET Setup Check with Pin pending_q_reg[0]/CK 
Endpoint:   pending_q_reg[0]/D   (v) checked with  leading edge of 'clk'
Beginpoint: req_sync_q_reg[4]/QN (v) triggered by  leading edge of 'clk'
Path Groups: {clk}
Analysis View: setup_view
Other End Arrival Time          0.176
- Setup                         0.339
+ Phase Shift                  10.000
- Uncertainty                   0.200
= Required Time                 9.637
- Arrival Time                  6.374
= Slack Time                    3.264
     Clock Rise Edge                 0.000
     + Clock Network Latency (Prop)  -0.000
     = Beginpoint Arrival Time       -0.000
     +---------------------------------------------------------------------------+ 
     |     Instance      |     Arc      |   Cell    | Delay | Arrival | Required | 
     |                   |              |           |       |  Time   |   Time   | 
     |-------------------+--------------+-----------+-------+---------+----------| 
     | req_sync_q_reg[4] | CK ^         |           |       |  -0.000 |    3.264 | 
     | req_sync_q_reg[4] | CK ^ -> QN v | DFFX1     | 0.575 |   0.575 |    3.839 | 
     | g5879__5526       | A1N v -> Y v | AOI2BB1XL | 0.378 |   0.952 |    4.216 | 
     | g5858__2398       | B v -> Y ^   | NAND2X1   | 0.202 |   1.154 |    4.418 | 
     | g5838__9945       | B ^ -> Y v   | NOR2X1    | 0.127 |   1.281 |    4.545 | 
     | g5831__5122       | A v -> Y ^   | NAND2X1   | 0.141 |   1.422 |    4.686 | 
     | g5829             | A ^ -> Y v   | INVX1     | 0.064 |   1.485 |    4.749 | 
     | g5821__5526       | A0 v -> Y ^  | OAI21XL   | 0.754 |   2.239 |    5.503 | 
     | g5820             | A ^ -> Y v   | INVX1     | 0.354 |   2.593 |    5.857 | 
     | g5816__5107       | A0 v -> Y ^  | AOI22X1   | 0.269 |   2.863 |    6.126 | 
     | g5799__9945       | A1N ^ -> Y ^ | OAI2BB2X1 | 0.413 |   3.276 |    6.539 | 
     | g5798             | A ^ -> Y v   | INVX1     | 0.197 |   3.473 |    6.737 | 
     | g5794__6161       | A0 v -> Y ^  | AOI22X1   | 0.224 |   3.696 |    6.960 | 
     | g5792__4733       | A1N ^ -> Y ^ | OAI2BB2X1 | 0.417 |   4.113 |    7.377 | 
     | g5789__1881       | A ^ -> Y v   | NAND2X1   | 0.255 |   4.368 |    7.632 | 
     | g5779__5107       | A0N v -> Y v | AOI2BB1XL | 0.308 |   4.676 |    7.940 | 
     | g5770__7410       | C0 v -> Y ^  | OAI221XL  | 0.141 |   4.818 |    8.082 | 
     | g5768__2346       | B0 ^ -> Y v  | AOI22X1   | 0.185 |   5.003 |    8.267 | 
     | g5767__2883       | B0 v -> Y ^  | OAI22X1   | 0.261 |   5.264 |    8.527 | 
     | g5766__9945       | S0 ^ -> Y ^  | MXI2X1    | 0.356 |   5.619 |    8.883 | 
     | g5765             | A ^ -> Y v   | INVX1     | 0.146 |   5.765 |    9.029 | 
     | g5764__7482       | A0 v -> Y ^  | OAI21XL   | 0.432 |   6.197 |    9.461 | 
     | g5756__3680       | A0 ^ -> Y v  | AOI21XL   | 0.176 |   6.374 |    9.637 | 
     | pending_q_reg[0]  | D v          | DFFHQX1   | 0.000 |   6.374 |    9.637 | 
     +---------------------------------------------------------------------------+ 
Path 7: MET Setup Check with Pin pending_q_reg[6]/CK 
Endpoint:   pending_q_reg[6]/D   (v) checked with  leading edge of 'clk'
Beginpoint: req_sync_q_reg[4]/QN (v) triggered by  leading edge of 'clk'
Path Groups: {clk}
Analysis View: setup_view
Other End Arrival Time          0.175
- Setup                         0.338
+ Phase Shift                  10.000
- Uncertainty                   0.200
= Required Time                 9.638
- Arrival Time                  6.369
= Slack Time                    3.269
     Clock Rise Edge                 0.000
     + Clock Network Latency (Prop)  -0.000
     = Beginpoint Arrival Time       -0.000
     +---------------------------------------------------------------------------+ 
     |     Instance      |     Arc      |   Cell    | Delay | Arrival | Required | 
     |                   |              |           |       |  Time   |   Time   | 
     |-------------------+--------------+-----------+-------+---------+----------| 
     | req_sync_q_reg[4] | CK ^         |           |       |  -0.000 |    3.269 | 
     | req_sync_q_reg[4] | CK ^ -> QN v | DFFX1     | 0.575 |   0.575 |    3.844 | 
     | g5879__5526       | A1N v -> Y v | AOI2BB1XL | 0.378 |   0.952 |    4.221 | 
     | g5858__2398       | B v -> Y ^   | NAND2X1   | 0.202 |   1.154 |    4.423 | 
     | g5838__9945       | B ^ -> Y v   | NOR2X1    | 0.127 |   1.281 |    4.550 | 
     | g5831__5122       | A v -> Y ^   | NAND2X1   | 0.141 |   1.422 |    4.691 | 
     | g5829             | A ^ -> Y v   | INVX1     | 0.064 |   1.485 |    4.754 | 
     | g5821__5526       | A0 v -> Y ^  | OAI21XL   | 0.754 |   2.239 |    5.508 | 
     | g5820             | A ^ -> Y v   | INVX1     | 0.354 |   2.593 |    5.862 | 
     | g5816__5107       | A0 v -> Y ^  | AOI22X1   | 0.269 |   2.863 |    6.131 | 
     | g5799__9945       | A1N ^ -> Y ^ | OAI2BB2X1 | 0.413 |   3.276 |    6.544 | 
     | g5798             | A ^ -> Y v   | INVX1     | 0.197 |   3.473 |    6.742 | 
     | g5794__6161       | A0 v -> Y ^  | AOI22X1   | 0.224 |   3.696 |    6.965 | 
     | g5792__4733       | A1N ^ -> Y ^ | OAI2BB2X1 | 0.417 |   4.113 |    7.382 | 
     | g5789__1881       | A ^ -> Y v   | NAND2X1   | 0.255 |   4.368 |    7.637 | 
     | g5779__5107       | A0N v -> Y v | AOI2BB1XL | 0.308 |   4.676 |    7.945 | 
     | g5770__7410       | C0 v -> Y ^  | OAI221XL  | 0.141 |   4.818 |    8.087 | 
     | g5768__2346       | B0 ^ -> Y v  | AOI22X1   | 0.185 |   5.003 |    8.272 | 
     | g5767__2883       | B0 v -> Y ^  | OAI22X1   | 0.261 |   5.264 |    8.532 | 
     | g5766__9945       | S0 ^ -> Y ^  | MXI2X1    | 0.356 |   5.619 |    8.888 | 
     | g5765             | A ^ -> Y v   | INVX1     | 0.146 |   5.765 |    9.034 | 
     | g5764__7482       | A0 v -> Y ^  | OAI21XL   | 0.432 |   6.197 |    9.466 | 
     | g5757__6260       | A0 ^ -> Y v  | AOI21XL   | 0.172 |   6.369 |    9.638 | 
     | pending_q_reg[6]  | D v          | DFFHQX1   | 0.000 |   6.369 |    9.638 | 
     +---------------------------------------------------------------------------+ 
Path 8: MET Setup Check with Pin pending_q_reg[2]/CK 
Endpoint:   pending_q_reg[2]/D   (v) checked with  leading edge of 'clk'
Beginpoint: req_sync_q_reg[4]/QN (v) triggered by  leading edge of 'clk'
Path Groups: {clk}
Analysis View: setup_view
Other End Arrival Time          0.176
- Setup                         0.337
+ Phase Shift                  10.000
- Uncertainty                   0.200
= Required Time                 9.638
- Arrival Time                  6.366
= Slack Time                    3.272
     Clock Rise Edge                 0.000
     + Clock Network Latency (Prop)  -0.000
     = Beginpoint Arrival Time       -0.000
     +---------------------------------------------------------------------------+ 
     |     Instance      |     Arc      |   Cell    | Delay | Arrival | Required | 
     |                   |              |           |       |  Time   |   Time   | 
     |-------------------+--------------+-----------+-------+---------+----------| 
     | req_sync_q_reg[4] | CK ^         |           |       |  -0.000 |    3.272 | 
     | req_sync_q_reg[4] | CK ^ -> QN v | DFFX1     | 0.575 |   0.575 |    3.847 | 
     | g5879__5526       | A1N v -> Y v | AOI2BB1XL | 0.378 |   0.952 |    4.225 | 
     | g5858__2398       | B v -> Y ^   | NAND2X1   | 0.202 |   1.154 |    4.426 | 
     | g5838__9945       | B ^ -> Y v   | NOR2X1    | 0.127 |   1.281 |    4.553 | 
     | g5831__5122       | A v -> Y ^   | NAND2X1   | 0.141 |   1.422 |    4.694 | 
     | g5829             | A ^ -> Y v   | INVX1     | 0.064 |   1.485 |    4.758 | 
     | g5821__5526       | A0 v -> Y ^  | OAI21XL   | 0.754 |   2.239 |    5.511 | 
     | g5820             | A ^ -> Y v   | INVX1     | 0.354 |   2.593 |    5.865 | 
     | g5816__5107       | A0 v -> Y ^  | AOI22X1   | 0.269 |   2.863 |    6.135 | 
     | g5799__9945       | A1N ^ -> Y ^ | OAI2BB2X1 | 0.413 |   3.276 |    6.548 | 
     | g5798             | A ^ -> Y v   | INVX1     | 0.197 |   3.473 |    6.745 | 
     | g5794__6161       | A0 v -> Y ^  | AOI22X1   | 0.224 |   3.696 |    6.969 | 
     | g5792__4733       | A1N ^ -> Y ^ | OAI2BB2X1 | 0.417 |   4.113 |    7.386 | 
     | g5789__1881       | A ^ -> Y v   | NAND2X1   | 0.255 |   4.368 |    7.640 | 
     | g5779__5107       | A0N v -> Y v | AOI2BB1XL | 0.308 |   4.676 |    7.949 | 
     | g5770__7410       | C0 v -> Y ^  | OAI221XL  | 0.141 |   4.818 |    8.090 | 
     | g5768__2346       | B0 ^ -> Y v  | AOI22X1   | 0.185 |   5.003 |    8.275 | 
     | g5767__2883       | B0 v -> Y ^  | OAI22X1   | 0.261 |   5.264 |    8.536 | 
     | g5766__9945       | S0 ^ -> Y ^  | MXI2X1    | 0.356 |   5.619 |    8.891 | 
     | g5765             | A ^ -> Y v   | INVX1     | 0.146 |   5.765 |    9.038 | 
     | g5764__7482       | A0 v -> Y ^  | OAI21XL   | 0.432 |   6.197 |    9.469 | 
     | g5755__5526       | A0 ^ -> Y v  | AOI21XL   | 0.169 |   6.366 |    9.638 | 
     | pending_q_reg[2]  | D v          | DFFHQX1   | 0.000 |   6.366 |    9.638 | 
     +---------------------------------------------------------------------------+ 
Path 9: MET Setup Check with Pin pending_q_reg[9]/CK 
Endpoint:   pending_q_reg[9]/D   (v) checked with  leading edge of 'clk'
Beginpoint: req_sync_q_reg[4]/QN (v) triggered by  leading edge of 'clk'
Path Groups: {clk}
Analysis View: setup_view
Other End Arrival Time          0.175
- Setup                         0.347
+ Phase Shift                  10.000
- Uncertainty                   0.200
= Required Time                 9.628
- Arrival Time                  6.219
= Slack Time                    3.409
     Clock Rise Edge                 0.000
     + Clock Network Latency (Prop)  -0.000
     = Beginpoint Arrival Time       -0.000
     +---------------------------------------------------------------------------+ 
     |     Instance      |     Arc      |   Cell    | Delay | Arrival | Required | 
     |                   |              |           |       |  Time   |   Time   | 
     |-------------------+--------------+-----------+-------+---------+----------| 
     | req_sync_q_reg[4] | CK ^         |           |       |  -0.000 |    3.409 | 
     | req_sync_q_reg[4] | CK ^ -> QN v | DFFX1     | 0.575 |   0.575 |    3.984 | 
     | g5879__5526       | A1N v -> Y v | AOI2BB1XL | 0.378 |   0.952 |    4.361 | 
     | g5858__2398       | B v -> Y ^   | NAND2X1   | 0.202 |   1.154 |    4.563 | 
     | g5838__9945       | B ^ -> Y v   | NOR2X1    | 0.127 |   1.281 |    4.690 | 
     | g5831__5122       | A v -> Y ^   | NAND2X1   | 0.141 |   1.422 |    4.831 | 
     | g5829             | A ^ -> Y v   | INVX1     | 0.064 |   1.485 |    4.894 | 
     | g5821__5526       | A0 v -> Y ^  | OAI21XL   | 0.754 |   2.239 |    5.648 | 
     | g5820             | A ^ -> Y v   | INVX1     | 0.354 |   2.593 |    6.002 | 
     | g5816__5107       | A0 v -> Y ^  | AOI22X1   | 0.269 |   2.863 |    6.272 | 
     | g5799__9945       | A1N ^ -> Y ^ | OAI2BB2X1 | 0.413 |   3.276 |    6.684 | 
     | g5798             | A ^ -> Y v   | INVX1     | 0.197 |   3.473 |    6.882 | 
     | g5794__6161       | A0 v -> Y ^  | AOI22X1   | 0.224 |   3.696 |    7.105 | 
     | g5792__4733       | A1N ^ -> Y ^ | OAI2BB2X1 | 0.417 |   4.113 |    7.522 | 
     | g5789__1881       | A ^ -> Y v   | NAND2X1   | 0.255 |   4.368 |    7.777 | 
     | g5779__5107       | A0N v -> Y v | AOI2BB1XL | 0.308 |   4.676 |    8.085 | 
     | g5770__7410       | C0 v -> Y ^  | OAI221XL  | 0.141 |   4.818 |    8.227 | 
     | g5768__2346       | B0 ^ -> Y v  | AOI22X1   | 0.185 |   5.003 |    8.412 | 
     | g5767__2883       | B0 v -> Y ^  | OAI22X1   | 0.261 |   5.264 |    8.672 | 
     | g5766__9945       | S0 ^ -> Y v  | MXI2X1    | 0.243 |   5.506 |    8.915 | 
     | g5761__4733       | A0 v -> Y ^  | OAI21XL   | 0.469 |   5.976 |    9.385 | 
     | g5744__6131       | A0 ^ -> Y v  | AOI21XL   | 0.243 |   6.219 |    9.628 | 
     | pending_q_reg[9]  | D v          | DFFHQX1   | 0.000 |   6.219 |    9.628 | 
     +---------------------------------------------------------------------------+ 
Path 10: MET Setup Check with Pin pending_q_reg[15]/CK 
Endpoint:   pending_q_reg[15]/D  (v) checked with  leading edge of 'clk'
Beginpoint: req_sync_q_reg[4]/QN (v) triggered by  leading edge of 'clk'
Path Groups: {clk}
Analysis View: setup_view
Other End Arrival Time          0.174
- Setup                         0.345
+ Phase Shift                  10.000
- Uncertainty                   0.200
= Required Time                 9.629
- Arrival Time                  6.193
= Slack Time                    3.436
     Clock Rise Edge                 0.000
     + Clock Network Latency (Prop)  -0.000
     = Beginpoint Arrival Time       -0.000
     +---------------------------------------------------------------------------+ 
     |     Instance      |     Arc      |   Cell    | Delay | Arrival | Required | 
     |                   |              |           |       |  Time   |   Time   | 
     |-------------------+--------------+-----------+-------+---------+----------| 
     | req_sync_q_reg[4] | CK ^         |           |       |  -0.000 |    3.436 | 
     | req_sync_q_reg[4] | CK ^ -> QN v | DFFX1     | 0.575 |   0.575 |    4.011 | 
     | g5879__5526       | A1N v -> Y v | AOI2BB1XL | 0.378 |   0.952 |    4.389 | 
     | g5858__2398       | B v -> Y ^   | NAND2X1   | 0.202 |   1.154 |    4.590 | 
     | g5838__9945       | B ^ -> Y v   | NOR2X1    | 0.127 |   1.281 |    4.717 | 
     | g5831__5122       | A v -> Y ^   | NAND2X1   | 0.141 |   1.422 |    4.858 | 
     | g5829             | A ^ -> Y v   | INVX1     | 0.064 |   1.485 |    4.922 | 
     | g5821__5526       | A0 v -> Y ^  | OAI21XL   | 0.754 |   2.239 |    5.675 | 
     | g5820             | A ^ -> Y v   | INVX1     | 0.354 |   2.593 |    6.030 | 
     | g5816__5107       | A0 v -> Y ^  | AOI22X1   | 0.269 |   2.863 |    6.299 | 
     | g5799__9945       | A1N ^ -> Y ^ | OAI2BB2X1 | 0.413 |   3.276 |    6.712 | 
     | g5798             | A ^ -> Y v   | INVX1     | 0.197 |   3.473 |    6.909 | 
     | g5794__6161       | A0 v -> Y ^  | AOI22X1   | 0.224 |   3.696 |    7.133 | 
     | g5792__4733       | A1N ^ -> Y ^ | OAI2BB2X1 | 0.417 |   4.113 |    7.550 | 
     | g5789__1881       | A ^ -> Y v   | NAND2X1   | 0.255 |   4.368 |    7.804 | 
     | g5779__5107       | A0N v -> Y v | AOI2BB1XL | 0.308 |   4.676 |    8.113 | 
     | g5770__7410       | C0 v -> Y ^  | OAI221XL  | 0.141 |   4.818 |    8.254 | 
     | g5768__2346       | B0 ^ -> Y v  | AOI22X1   | 0.185 |   5.003 |    8.439 | 
     | g5767__2883       | B0 v -> Y ^  | OAI22X1   | 0.261 |   5.264 |    8.700 | 
     | g5766__9945       | S0 ^ -> Y v  | MXI2X1    | 0.243 |   5.506 |    8.943 | 
     | g5761__4733       | A0 v -> Y ^  | OAI21XL   | 0.469 |   5.976 |    9.412 | 
     | g5750__1617       | A0 ^ -> Y v  | AOI21XL   | 0.217 |   6.192 |    9.629 | 
     | pending_q_reg[15] | D v          | DFFHQX1   | 0.000 |   6.193 |    9.629 | 
     +---------------------------------------------------------------------------+ 
Path 11: MET Setup Check with Pin pending_q_reg[11]/CK 
Endpoint:   pending_q_reg[11]/D  (v) checked with  leading edge of 'clk'
Beginpoint: req_sync_q_reg[4]/QN (v) triggered by  leading edge of 'clk'
Path Groups: {clk}
Analysis View: setup_view
Other End Arrival Time          0.175
- Setup                         0.344
+ Phase Shift                  10.000
- Uncertainty                   0.200
= Required Time                 9.631
- Arrival Time                  6.180
= Slack Time                    3.452
     Clock Rise Edge                 0.000
     + Clock Network Latency (Prop)  -0.000
     = Beginpoint Arrival Time       -0.000
     +---------------------------------------------------------------------------+ 
     |     Instance      |     Arc      |   Cell    | Delay | Arrival | Required | 
     |                   |              |           |       |  Time   |   Time   | 
     |-------------------+--------------+-----------+-------+---------+----------| 
     | req_sync_q_reg[4] | CK ^         |           |       |  -0.000 |    3.451 | 
     | req_sync_q_reg[4] | CK ^ -> QN v | DFFX1     | 0.575 |   0.575 |    4.026 | 
     | g5879__5526       | A1N v -> Y v | AOI2BB1XL | 0.378 |   0.952 |    4.404 | 
     | g5858__2398       | B v -> Y ^   | NAND2X1   | 0.202 |   1.154 |    4.606 | 
     | g5838__9945       | B ^ -> Y v   | NOR2X1    | 0.127 |   1.281 |    4.732 | 
     | g5831__5122       | A v -> Y ^   | NAND2X1   | 0.141 |   1.422 |    4.873 | 
     | g5829             | A ^ -> Y v   | INVX1     | 0.064 |   1.485 |    4.937 | 
     | g5821__5526       | A0 v -> Y ^  | OAI21XL   | 0.754 |   2.239 |    5.691 | 
     | g5820             | A ^ -> Y v   | INVX1     | 0.354 |   2.593 |    6.045 | 
     | g5816__5107       | A0 v -> Y ^  | AOI22X1   | 0.269 |   2.863 |    6.314 | 
     | g5799__9945       | A1N ^ -> Y ^ | OAI2BB2X1 | 0.413 |   3.276 |    6.727 | 
     | g5798             | A ^ -> Y v   | INVX1     | 0.197 |   3.473 |    6.924 | 
     | g5794__6161       | A0 v -> Y ^  | AOI22X1   | 0.224 |   3.696 |    7.148 | 
     | g5792__4733       | A1N ^ -> Y ^ | OAI2BB2X1 | 0.417 |   4.113 |    7.565 | 
     | g5789__1881       | A ^ -> Y v   | NAND2X1   | 0.255 |   4.368 |    7.820 | 
     | g5779__5107       | A0N v -> Y v | AOI2BB1XL | 0.308 |   4.676 |    8.128 | 
     | g5770__7410       | C0 v -> Y ^  | OAI221XL  | 0.141 |   4.818 |    8.269 | 
     | g5768__2346       | B0 ^ -> Y v  | AOI22X1   | 0.185 |   5.003 |    8.455 | 
     | g5767__2883       | B0 v -> Y ^  | OAI22X1   | 0.261 |   5.264 |    8.715 | 
     | g5766__9945       | S0 ^ -> Y v  | MXI2X1    | 0.243 |   5.506 |    8.958 | 
     | g5761__4733       | A0 v -> Y ^  | OAI21XL   | 0.469 |   5.976 |    9.427 | 
     | g5743__1881       | A0 ^ -> Y v  | AOI21XL   | 0.204 |   6.180 |    9.631 | 
     | pending_q_reg[11] | D v          | DFFHQX1   | 0.000 |   6.180 |    9.631 | 
     +---------------------------------------------------------------------------+ 
Path 12: MET Setup Check with Pin pending_q_reg[13]/CK 
Endpoint:   pending_q_reg[13]/D  (v) checked with  leading edge of 'clk'
Beginpoint: req_sync_q_reg[4]/QN (v) triggered by  leading edge of 'clk'
Path Groups: {clk}
Analysis View: setup_view
Other End Arrival Time          0.176
- Setup                         0.340
+ Phase Shift                  10.000
- Uncertainty                   0.200
= Required Time                 9.635
- Arrival Time                  6.163
= Slack Time                    3.473
     Clock Rise Edge                 0.000
     + Clock Network Latency (Prop)  -0.000
     = Beginpoint Arrival Time       -0.000
     +---------------------------------------------------------------------------+ 
     |     Instance      |     Arc      |   Cell    | Delay | Arrival | Required | 
     |                   |              |           |       |  Time   |   Time   | 
     |-------------------+--------------+-----------+-------+---------+----------| 
     | req_sync_q_reg[4] | CK ^         |           |       |  -0.000 |    3.473 | 
     | req_sync_q_reg[4] | CK ^ -> QN v | DFFX1     | 0.575 |   0.575 |    4.048 | 
     | g5879__5526       | A1N v -> Y v | AOI2BB1XL | 0.378 |   0.952 |    4.425 | 
     | g5858__2398       | B v -> Y ^   | NAND2X1   | 0.202 |   1.154 |    4.627 | 
     | g5838__9945       | B ^ -> Y v   | NOR2X1    | 0.127 |   1.281 |    4.754 | 
     | g5831__5122       | A v -> Y ^   | NAND2X1   | 0.141 |   1.422 |    4.895 | 
     | g5829             | A ^ -> Y v   | INVX1     | 0.064 |   1.485 |    4.958 | 
     | g5821__5526       | A0 v -> Y ^  | OAI21XL   | 0.754 |   2.239 |    5.712 | 
     | g5820             | A ^ -> Y v   | INVX1     | 0.354 |   2.593 |    6.066 | 
     | g5816__5107       | A0 v -> Y ^  | AOI22X1   | 0.269 |   2.863 |    6.336 | 
     | g5799__9945       | A1N ^ -> Y ^ | OAI2BB2X1 | 0.413 |   3.276 |    6.748 | 
     | g5798             | A ^ -> Y v   | INVX1     | 0.197 |   3.473 |    6.946 | 
     | g5794__6161       | A0 v -> Y ^  | AOI22X1   | 0.224 |   3.696 |    7.169 | 
     | g5792__4733       | A1N ^ -> Y ^ | OAI2BB2X1 | 0.417 |   4.113 |    7.586 | 
     | g5789__1881       | A ^ -> Y v   | NAND2X1   | 0.255 |   4.368 |    7.841 | 
     | g5779__5107       | A0N v -> Y v | AOI2BB1XL | 0.308 |   4.676 |    8.149 | 
     | g5770__7410       | C0 v -> Y ^  | OAI221XL  | 0.141 |   4.818 |    8.291 | 
     | g5768__2346       | B0 ^ -> Y v  | AOI22X1   | 0.185 |   5.003 |    8.476 | 
     | g5767__2883       | B0 v -> Y ^  | OAI22X1   | 0.261 |   5.264 |    8.736 | 
     | g5766__9945       | S0 ^ -> Y v  | MXI2X1    | 0.243 |   5.506 |    8.979 | 
     | g5761__4733       | A0 v -> Y ^  | OAI21XL   | 0.469 |   5.976 |    9.449 | 
     | g5748__2802       | A0 ^ -> Y v  | AOI21XL   | 0.187 |   6.162 |    9.635 | 
     | pending_q_reg[13] | D v          | DFFHQX1   | 0.000 |   6.163 |    9.635 | 
     +---------------------------------------------------------------------------+ 
Path 13: MET Setup Check with Pin pending_q_reg[3]/CK 
Endpoint:   pending_q_reg[3]/D   (v) checked with  leading edge of 'clk'
Beginpoint: req_sync_q_reg[4]/QN (v) triggered by  leading edge of 'clk'
Path Groups: {clk}
Analysis View: setup_view
Other End Arrival Time          0.175
- Setup                         0.340
+ Phase Shift                  10.000
- Uncertainty                   0.200
= Required Time                 9.636
- Arrival Time                  6.132
= Slack Time                    3.504
     Clock Rise Edge                 0.000
     + Clock Network Latency (Prop)  -0.000
     = Beginpoint Arrival Time       -0.000
     +---------------------------------------------------------------------------+ 
     |     Instance      |     Arc      |   Cell    | Delay | Arrival | Required | 
     |                   |              |           |       |  Time   |   Time   | 
     |-------------------+--------------+-----------+-------+---------+----------| 
     | req_sync_q_reg[4] | CK ^         |           |       |  -0.000 |    3.504 | 
     | req_sync_q_reg[4] | CK ^ -> QN v | DFFX1     | 0.575 |   0.575 |    4.079 | 
     | g5879__5526       | A1N v -> Y v | AOI2BB1XL | 0.378 |   0.952 |    4.456 | 
     | g5858__2398       | B v -> Y ^   | NAND2X1   | 0.202 |   1.154 |    4.658 | 
     | g5838__9945       | B ^ -> Y v   | NOR2X1    | 0.127 |   1.281 |    4.785 | 
     | g5831__5122       | A v -> Y ^   | NAND2X1   | 0.141 |   1.422 |    4.926 | 
     | g5829             | A ^ -> Y v   | INVX1     | 0.064 |   1.485 |    4.989 | 
     | g5821__5526       | A0 v -> Y ^  | OAI21XL   | 0.754 |   2.239 |    5.743 | 
     | g5820             | A ^ -> Y v   | INVX1     | 0.354 |   2.593 |    6.097 | 
     | g5816__5107       | A0 v -> Y ^  | AOI22X1   | 0.269 |   2.863 |    6.367 | 
     | g5799__9945       | A1N ^ -> Y ^ | OAI2BB2X1 | 0.413 |   3.276 |    6.779 | 
     | g5798             | A ^ -> Y v   | INVX1     | 0.197 |   3.473 |    6.977 | 
     | g5794__6161       | A0 v -> Y ^  | AOI22X1   | 0.224 |   3.696 |    7.200 | 
     | g5792__4733       | A1N ^ -> Y ^ | OAI2BB2X1 | 0.417 |   4.113 |    7.617 | 
     | g5789__1881       | A ^ -> Y v   | NAND2X1   | 0.255 |   4.368 |    7.872 | 
     | g5779__5107       | A0N v -> Y v | AOI2BB1XL | 0.308 |   4.676 |    8.180 | 
     | g5770__7410       | C0 v -> Y ^  | OAI221XL  | 0.141 |   4.818 |    8.322 | 
     | g5768__2346       | B0 ^ -> Y v  | AOI22X1   | 0.185 |   5.003 |    8.507 | 
     | g5767__2883       | B0 v -> Y ^  | OAI22X1   | 0.261 |   5.264 |    8.767 | 
     | g5766__9945       | S0 ^ -> Y v  | MXI2X1    | 0.243 |   5.506 |    9.010 | 
     | g5763__9315       | A0 v -> Y ^  | OAI21XL   | 0.441 |   5.948 |    9.452 | 
     | g5753__8246       | A0 ^ -> Y v  | AOI21XL   | 0.184 |   6.132 |    9.636 | 
     | pending_q_reg[3]  | D v          | DFFHQX1   | 0.000 |   6.132 |    9.636 | 
     +---------------------------------------------------------------------------+ 
Path 14: MET Setup Check with Pin pending_q_reg[5]/CK 
Endpoint:   pending_q_reg[5]/D   (v) checked with  leading edge of 'clk'
Beginpoint: req_sync_q_reg[4]/QN (v) triggered by  leading edge of 'clk'
Path Groups: {clk}
Analysis View: setup_view
Other End Arrival Time          0.176
- Setup                         0.339
+ Phase Shift                  10.000
- Uncertainty                   0.200
= Required Time                 9.637
- Arrival Time                  6.130
= Slack Time                    3.507
     Clock Rise Edge                 0.000
     + Clock Network Latency (Prop)  -0.000
     = Beginpoint Arrival Time       -0.000
     +---------------------------------------------------------------------------+ 
     |     Instance      |     Arc      |   Cell    | Delay | Arrival | Required | 
     |                   |              |           |       |  Time   |   Time   | 
     |-------------------+--------------+-----------+-------+---------+----------| 
     | req_sync_q_reg[4] | CK ^         |           |       |  -0.000 |    3.507 | 
     | req_sync_q_reg[4] | CK ^ -> QN v | DFFX1     | 0.575 |   0.575 |    4.082 | 
     | g5879__5526       | A1N v -> Y v | AOI2BB1XL | 0.378 |   0.952 |    4.459 | 
     | g5858__2398       | B v -> Y ^   | NAND2X1   | 0.202 |   1.154 |    4.661 | 
     | g5838__9945       | B ^ -> Y v   | NOR2X1    | 0.127 |   1.281 |    4.788 | 
     | g5831__5122       | A v -> Y ^   | NAND2X1   | 0.141 |   1.422 |    4.929 | 
     | g5829             | A ^ -> Y v   | INVX1     | 0.064 |   1.485 |    4.992 | 
     | g5821__5526       | A0 v -> Y ^  | OAI21XL   | 0.754 |   2.239 |    5.746 | 
     | g5820             | A ^ -> Y v   | INVX1     | 0.354 |   2.593 |    6.100 | 
     | g5816__5107       | A0 v -> Y ^  | AOI22X1   | 0.269 |   2.863 |    6.370 | 
     | g5799__9945       | A1N ^ -> Y ^ | OAI2BB2X1 | 0.413 |   3.276 |    6.782 | 
     | g5798             | A ^ -> Y v   | INVX1     | 0.197 |   3.473 |    6.980 | 
     | g5794__6161       | A0 v -> Y ^  | AOI22X1   | 0.224 |   3.696 |    7.203 | 
     | g5792__4733       | A1N ^ -> Y ^ | OAI2BB2X1 | 0.417 |   4.113 |    7.620 | 
     | g5789__1881       | A ^ -> Y v   | NAND2X1   | 0.255 |   4.368 |    7.875 | 
     | g5779__5107       | A0N v -> Y v | AOI2BB1XL | 0.308 |   4.676 |    8.183 | 
     | g5770__7410       | C0 v -> Y ^  | OAI221XL  | 0.141 |   4.818 |    8.325 | 
     | g5768__2346       | B0 ^ -> Y v  | AOI22X1   | 0.185 |   5.003 |    8.510 | 
     | g5767__2883       | B0 v -> Y ^  | OAI22X1   | 0.261 |   5.264 |    8.770 | 
     | g5766__9945       | S0 ^ -> Y v  | MXI2X1    | 0.243 |   5.506 |    9.013 | 
     | g5763__9315       | A0 v -> Y ^  | OAI21XL   | 0.441 |   5.948 |    9.455 | 
     | g5751__5122       | A0 ^ -> Y v  | AOI21XL   | 0.182 |   6.130 |    9.637 | 
     | pending_q_reg[5]  | D v          | DFFHQX1   | 0.000 |   6.130 |    9.637 | 
     +---------------------------------------------------------------------------+ 
Path 15: MET Setup Check with Pin pending_q_reg[1]/CK 
Endpoint:   pending_q_reg[1]/D   (v) checked with  leading edge of 'clk'
Beginpoint: req_sync_q_reg[4]/QN (v) triggered by  leading edge of 'clk'
Path Groups: {clk}
Analysis View: setup_view
Other End Arrival Time          0.176
- Setup                         0.337
+ Phase Shift                  10.000
- Uncertainty                   0.200
= Required Time                 9.640
- Arrival Time                  6.115
= Slack Time                    3.524
     Clock Rise Edge                 0.000
     + Clock Network Latency (Prop)  -0.000
     = Beginpoint Arrival Time       -0.000
     +---------------------------------------------------------------------------+ 
     |     Instance      |     Arc      |   Cell    | Delay | Arrival | Required | 
     |                   |              |           |       |  Time   |   Time   | 
     |-------------------+--------------+-----------+-------+---------+----------| 
     | req_sync_q_reg[4] | CK ^         |           |       |  -0.000 |    3.524 | 
     | req_sync_q_reg[4] | CK ^ -> QN v | DFFX1     | 0.575 |   0.575 |    4.099 | 
     | g5879__5526       | A1N v -> Y v | AOI2BB1XL | 0.378 |   0.952 |    4.477 | 
     | g5858__2398       | B v -> Y ^   | NAND2X1   | 0.202 |   1.154 |    4.678 | 
     | g5838__9945       | B ^ -> Y v   | NOR2X1    | 0.127 |   1.281 |    4.805 | 
     | g5831__5122       | A v -> Y ^   | NAND2X1   | 0.141 |   1.422 |    4.946 | 
     | g5829             | A ^ -> Y v   | INVX1     | 0.064 |   1.485 |    5.010 | 
     | g5821__5526       | A0 v -> Y ^  | OAI21XL   | 0.754 |   2.239 |    5.764 | 
     | g5820             | A ^ -> Y v   | INVX1     | 0.354 |   2.593 |    6.118 | 
     | g5816__5107       | A0 v -> Y ^  | AOI22X1   | 0.269 |   2.863 |    6.387 | 
     | g5799__9945       | A1N ^ -> Y ^ | OAI2BB2X1 | 0.413 |   3.276 |    6.800 | 
     | g5798             | A ^ -> Y v   | INVX1     | 0.197 |   3.473 |    6.997 | 
     | g5794__6161       | A0 v -> Y ^  | AOI22X1   | 0.224 |   3.696 |    7.221 | 
     | g5792__4733       | A1N ^ -> Y ^ | OAI2BB2X1 | 0.417 |   4.113 |    7.638 | 
     | g5789__1881       | A ^ -> Y v   | NAND2X1   | 0.255 |   4.368 |    7.892 | 
     | g5779__5107       | A0N v -> Y v | AOI2BB1XL | 0.308 |   4.676 |    8.201 | 
     | g5770__7410       | C0 v -> Y ^  | OAI221XL  | 0.141 |   4.818 |    8.342 | 
     | g5768__2346       | B0 ^ -> Y v  | AOI22X1   | 0.185 |   5.003 |    8.527 | 
     | g5767__2883       | B0 v -> Y ^  | OAI22X1   | 0.261 |   5.264 |    8.788 | 
     | g5766__9945       | S0 ^ -> Y v  | MXI2X1    | 0.243 |   5.506 |    9.031 | 
     | g5763__9315       | A0 v -> Y ^  | OAI21XL   | 0.441 |   5.948 |    9.472 | 
     | g5752__7098       | A0 ^ -> Y v  | AOI21XL   | 0.167 |   6.115 |    9.640 | 
     | pending_q_reg[1]  | D v          | DFFHQX1   | 0.000 |   6.115 |    9.640 | 
     +---------------------------------------------------------------------------+ 
Path 16: MET Setup Check with Pin pending_q_reg[7]/CK 
Endpoint:   pending_q_reg[7]/D   (v) checked with  leading edge of 'clk'
Beginpoint: req_sync_q_reg[4]/QN (v) triggered by  leading edge of 'clk'
Path Groups: {clk}
Analysis View: setup_view
Other End Arrival Time          0.176
- Setup                         0.336
+ Phase Shift                  10.000
- Uncertainty                   0.200
= Required Time                 9.639
- Arrival Time                  6.113
= Slack Time                    3.526
     Clock Rise Edge                 0.000
     + Clock Network Latency (Prop)  -0.000
     = Beginpoint Arrival Time       -0.000
     +---------------------------------------------------------------------------+ 
     |     Instance      |     Arc      |   Cell    | Delay | Arrival | Required | 
     |                   |              |           |       |  Time   |   Time   | 
     |-------------------+--------------+-----------+-------+---------+----------| 
     | req_sync_q_reg[4] | CK ^         |           |       |  -0.000 |    3.526 | 
     | req_sync_q_reg[4] | CK ^ -> QN v | DFFX1     | 0.575 |   0.575 |    4.101 | 
     | g5879__5526       | A1N v -> Y v | AOI2BB1XL | 0.378 |   0.952 |    4.479 | 
     | g5858__2398       | B v -> Y ^   | NAND2X1   | 0.202 |   1.154 |    4.680 | 
     | g5838__9945       | B ^ -> Y v   | NOR2X1    | 0.127 |   1.281 |    4.807 | 
     | g5831__5122       | A v -> Y ^   | NAND2X1   | 0.141 |   1.422 |    4.948 | 
     | g5829             | A ^ -> Y v   | INVX1     | 0.064 |   1.485 |    5.012 | 
     | g5821__5526       | A0 v -> Y ^  | OAI21XL   | 0.754 |   2.239 |    5.765 | 
     | g5820             | A ^ -> Y v   | INVX1     | 0.354 |   2.593 |    6.119 | 
     | g5816__5107       | A0 v -> Y ^  | AOI22X1   | 0.269 |   2.863 |    6.389 | 
     | g5799__9945       | A1N ^ -> Y ^ | OAI2BB2X1 | 0.413 |   3.276 |    6.802 | 
     | g5798             | A ^ -> Y v   | INVX1     | 0.197 |   3.473 |    6.999 | 
     | g5794__6161       | A0 v -> Y ^  | AOI22X1   | 0.224 |   3.696 |    7.223 | 
     | g5792__4733       | A1N ^ -> Y ^ | OAI2BB2X1 | 0.417 |   4.113 |    7.640 | 
     | g5789__1881       | A ^ -> Y v   | NAND2X1   | 0.255 |   4.368 |    7.894 | 
     | g5779__5107       | A0N v -> Y v | AOI2BB1XL | 0.308 |   4.676 |    8.203 | 
     | g5770__7410       | C0 v -> Y ^  | OAI221XL  | 0.141 |   4.818 |    8.344 | 
     | g5768__2346       | B0 ^ -> Y v  | AOI22X1   | 0.185 |   5.003 |    8.529 | 
     | g5767__2883       | B0 v -> Y ^  | OAI22X1   | 0.261 |   5.264 |    8.790 | 
     | g5766__9945       | S0 ^ -> Y v  | MXI2X1    | 0.243 |   5.506 |    9.033 | 
     | g5763__9315       | A0 v -> Y ^  | OAI21XL   | 0.441 |   5.948 |    9.474 | 
     | g5758__1705       | A0 ^ -> Y v  | AOI21XL   | 0.165 |   6.113 |    9.639 | 
     | pending_q_reg[7]  | D v          | DFFHQX1   | 0.000 |   6.113 |    9.639 | 
     +---------------------------------------------------------------------------+ 
Path 17: MET Setup Check with Pin out_addr_q_reg[0]/CK 
Endpoint:   out_addr_q_reg[0]/D  (v) checked with  leading edge of 'clk'
Beginpoint: req_sync_q_reg[4]/QN (v) triggered by  leading edge of 'clk'
Path Groups: {clk}
Analysis View: setup_view
Other End Arrival Time          0.175
- Setup                         0.337
+ Phase Shift                  10.000
- Uncertainty                   0.200
= Required Time                 9.638
- Arrival Time                  5.724
= Slack Time                    3.914
     Clock Rise Edge                 0.000
     + Clock Network Latency (Prop)  -0.000
     = Beginpoint Arrival Time       -0.000
     +---------------------------------------------------------------------------+ 
     |     Instance      |     Arc      |   Cell    | Delay | Arrival | Required | 
     |                   |              |           |       |  Time   |   Time   | 
     |-------------------+--------------+-----------+-------+---------+----------| 
     | req_sync_q_reg[4] | CK ^         |           |       |  -0.000 |    3.914 | 
     | req_sync_q_reg[4] | CK ^ -> QN v | DFFX1     | 0.575 |   0.575 |    4.489 | 
     | g5879__5526       | A1N v -> Y v | AOI2BB1XL | 0.378 |   0.952 |    4.866 | 
     | g5858__2398       | B v -> Y ^   | NAND2X1   | 0.202 |   1.154 |    5.068 | 
     | g5838__9945       | B ^ -> Y v   | NOR2X1    | 0.127 |   1.281 |    5.195 | 
     | g5831__5122       | A v -> Y ^   | NAND2X1   | 0.141 |   1.422 |    5.336 | 
     | g5829             | A ^ -> Y v   | INVX1     | 0.064 |   1.485 |    5.399 | 
     | g5821__5526       | A0 v -> Y ^  | OAI21XL   | 0.754 |   2.239 |    6.153 | 
     | g5820             | A ^ -> Y v   | INVX1     | 0.354 |   2.593 |    6.507 | 
     | g5816__5107       | A0 v -> Y ^  | AOI22X1   | 0.269 |   2.863 |    6.776 | 
     | g5799__9945       | A1N ^ -> Y ^ | OAI2BB2X1 | 0.413 |   3.276 |    7.189 | 
     | g5798             | A ^ -> Y v   | INVX1     | 0.197 |   3.473 |    7.387 | 
     | g5794__6161       | A0 v -> Y ^  | AOI22X1   | 0.224 |   3.696 |    7.610 | 
     | g5792__4733       | A1N ^ -> Y ^ | OAI2BB2X1 | 0.417 |   4.113 |    8.027 | 
     | g5789__1881       | A ^ -> Y v   | NAND2X1   | 0.255 |   4.368 |    8.282 | 
     | g5779__5107       | A0N v -> Y v | AOI2BB1XL | 0.308 |   4.676 |    8.590 | 
     | g5770__7410       | C0 v -> Y ^  | OAI221XL  | 0.141 |   4.818 |    8.732 | 
     | g5768__2346       | B0 ^ -> Y v  | AOI22X1   | 0.185 |   5.003 |    8.917 | 
     | g5767__2883       | B0 v -> Y ^  | OAI22X1   | 0.261 |   5.264 |    9.177 | 
     | g5766__9945       | S0 ^ -> Y ^  | MXI2X1    | 0.356 |   5.619 |    9.533 | 
     | g5762__6161       | B0 ^ -> Y v  | OAI2BB2X1 | 0.105 |   5.724 |    9.638 | 
     | out_addr_q_reg[0] | D v          | DFFHQX1   | 0.000 |   5.724 |    9.638 | 
     +---------------------------------------------------------------------------+ 
Path 18: MET Setup Check with Pin out_addr_q_reg[1]/CK 
Endpoint:   out_addr_q_reg[1]/D  (v) checked with  leading edge of 'clk'
Beginpoint: req_sync_q_reg[4]/QN (v) triggered by  leading edge of 'clk'
Path Groups: {clk}
Analysis View: setup_view
Other End Arrival Time          0.175
- Setup                         0.337
+ Phase Shift                  10.000
- Uncertainty                   0.200
= Required Time                 9.638
- Arrival Time                  4.221
= Slack Time                    5.417
     Clock Rise Edge                 0.000
     + Clock Network Latency (Prop)  -0.000
     = Beginpoint Arrival Time       -0.000
     +---------------------------------------------------------------------------+ 
     |     Instance      |     Arc      |   Cell    | Delay | Arrival | Required | 
     |                   |              |           |       |  Time   |   Time   | 
     |-------------------+--------------+-----------+-------+---------+----------| 
     | req_sync_q_reg[4] | CK ^         |           |       |  -0.000 |    5.417 | 
     | req_sync_q_reg[4] | CK ^ -> QN v | DFFX1     | 0.575 |   0.575 |    5.991 | 
     | g5879__5526       | A1N v -> Y v | AOI2BB1XL | 0.378 |   0.952 |    6.369 | 
     | g5858__2398       | B v -> Y ^   | NAND2X1   | 0.202 |   1.154 |    6.571 | 
     | g5838__9945       | B ^ -> Y v   | NOR2X1    | 0.127 |   1.281 |    6.698 | 
     | g5831__5122       | A v -> Y ^   | NAND2X1   | 0.141 |   1.422 |    6.839 | 
     | g5829             | A ^ -> Y v   | INVX1     | 0.064 |   1.485 |    6.902 | 
     | g5821__5526       | A0 v -> Y ^  | OAI21XL   | 0.754 |   2.239 |    7.656 | 
     | g5820             | A ^ -> Y v   | INVX1     | 0.354 |   2.593 |    8.010 | 
     | g5816__5107       | A0 v -> Y ^  | AOI22X1   | 0.269 |   2.863 |    8.279 | 
     | g5799__9945       | A1N ^ -> Y ^ | OAI2BB2X1 | 0.413 |   3.276 |    8.692 | 
     | g5798             | A ^ -> Y v   | INVX1     | 0.197 |   3.473 |    8.889 | 
     | g5794__6161       | A0 v -> Y ^  | AOI22X1   | 0.224 |   3.696 |    9.113 | 
     | g5792__4733       | A1N ^ -> Y ^ | OAI2BB2X1 | 0.417 |   4.113 |    9.530 | 
     | g5787__7098       | B0 ^ -> Y v  | OAI2BB2X1 | 0.108 |   4.221 |    9.638 | 
     | out_addr_q_reg[1] | D v          | DFFHQX1   | 0.000 |   4.221 |    9.638 | 
     +---------------------------------------------------------------------------+ 
Path 19: MET Setup Check with Pin out_addr_q_reg[2]/CK 
Endpoint:   out_addr_q_reg[2]/D  (v) checked with  leading edge of 'clk'
Beginpoint: req_sync_q_reg[4]/QN (v) triggered by  leading edge of 'clk'
Path Groups: {clk}
Analysis View: setup_view
Other End Arrival Time          0.175
- Setup                         0.338
+ Phase Shift                  10.000
- Uncertainty                   0.200
= Required Time                 9.638
- Arrival Time                  3.385
= Slack Time                    6.253
     Clock Rise Edge                 0.000
     + Clock Network Latency (Prop)  -0.000
     = Beginpoint Arrival Time       -0.000
     +---------------------------------------------------------------------------+ 
     |     Instance      |     Arc      |   Cell    | Delay | Arrival | Required | 
     |                   |              |           |       |  Time   |   Time   | 
     |-------------------+--------------+-----------+-------+---------+----------| 
     | req_sync_q_reg[4] | CK ^         |           |       |  -0.000 |    6.253 | 
     | req_sync_q_reg[4] | CK ^ -> QN v | DFFX1     | 0.575 |   0.575 |    6.828 | 
     | g5879__5526       | A1N v -> Y v | AOI2BB1XL | 0.378 |   0.952 |    7.206 | 
     | g5858__2398       | B v -> Y ^   | NAND2X1   | 0.202 |   1.154 |    7.407 | 
     | g5838__9945       | B ^ -> Y v   | NOR2X1    | 0.127 |   1.281 |    7.534 | 
     | g5831__5122       | A v -> Y ^   | NAND2X1   | 0.141 |   1.422 |    7.675 | 
     | g5829             | A ^ -> Y v   | INVX1     | 0.064 |   1.485 |    7.739 | 
     | g5821__5526       | A0 v -> Y ^  | OAI21XL   | 0.754 |   2.239 |    8.492 | 
     | g5820             | A ^ -> Y v   | INVX1     | 0.354 |   2.593 |    8.846 | 
     | g5816__5107       | A0 v -> Y ^  | AOI22X1   | 0.269 |   2.863 |    9.116 | 
     | g5799__9945       | A1N ^ -> Y ^ | OAI2BB2X1 | 0.413 |   3.276 |    9.529 | 
     | g5795__9315       | B0 ^ -> Y v  | OAI2BB2X1 | 0.109 |   3.385 |    9.638 | 
     | out_addr_q_reg[2] | D v          | DFFHQX1   | 0.000 |   3.385 |    9.638 | 
     +---------------------------------------------------------------------------+ 
Path 20: MET Setup Check with Pin epoch_gray_q_reg[3]/CK 
Endpoint:   epoch_gray_q_reg[3]/D (^) checked with  leading edge of 'clk'
Beginpoint: req_sync_q_reg[4]/QN  (^) triggered by  leading edge of 'clk'
Path Groups: {clk}
Analysis View: setup_view
Other End Arrival Time          0.175
- Setup                         0.154
+ Phase Shift                  10.000
- Uncertainty                   0.200
= Required Time                 9.820
- Arrival Time                  3.120
= Slack Time                    6.700
     Clock Rise Edge                 0.000
     + Clock Network Latency (Prop)  -0.000
     = Beginpoint Arrival Time       -0.000
     +-----------------------------------------------------------------------------+ 
     |      Instance       |     Arc      |   Cell    | Delay | Arrival | Required | 
     |                     |              |           |       |  Time   |   Time   | 
     |---------------------+--------------+-----------+-------+---------+----------| 
     | req_sync_q_reg[4]   | CK ^         |           |       |  -0.000 |    6.700 | 
     | req_sync_q_reg[4]   | CK ^ -> QN ^ | DFFX1     | 0.511 |   0.511 |    7.210 | 
     | g5879__5526         | A1N ^ -> Y ^ | AOI2BB1XL | 0.447 |   0.958 |    7.657 | 
     | g5858__2398         | B ^ -> Y v   | NAND2X1   | 0.171 |   1.128 |    7.828 | 
     | g5838__9945         | B v -> Y ^   | NOR2X1    | 0.223 |   1.351 |    8.051 | 
     | g5831__5122         | A ^ -> Y v   | NAND2X1   | 0.127 |   1.478 |    8.178 | 
     | g5824__6783         | A1 v -> Y ^  | OAI22X1   | 0.546 |   2.024 |    8.724 | 
     | g6100               | AN ^ -> Y ^  | NOR2BX1   | 0.750 |   2.774 |    9.474 | 
     | g5809__2346         | B0 ^ -> Y v  | AOI22X1   | 0.233 |   3.007 |    9.707 | 
     | g5806               | A v -> Y ^   | INVX1     | 0.113 |   3.120 |    9.820 | 
     | epoch_gray_q_reg[3] | D ^          | DFFHQX1   | 0.000 |   3.120 |    9.820 | 
     +-----------------------------------------------------------------------------+ 
Path 21: MET Setup Check with Pin epoch_gray_q_reg[0]/CK 
Endpoint:   epoch_gray_q_reg[0]/D (^) checked with  leading edge of 'clk'
Beginpoint: req_sync_q_reg[4]/QN  (^) triggered by  leading edge of 'clk'
Path Groups: {clk}
Analysis View: setup_view
Other End Arrival Time          0.174
- Setup                         0.121
+ Phase Shift                  10.000
- Uncertainty                   0.200
= Required Time                 9.853
- Arrival Time                  3.121
= Slack Time                    6.731
     Clock Rise Edge                 0.000
     + Clock Network Latency (Prop)  -0.000
     = Beginpoint Arrival Time       -0.000
     +-----------------------------------------------------------------------------+ 
     |      Instance       |     Arc      |   Cell    | Delay | Arrival | Required | 
     |                     |              |           |       |  Time   |   Time   | 
     |---------------------+--------------+-----------+-------+---------+----------| 
     | req_sync_q_reg[4]   | CK ^         |           |       |  -0.000 |    6.731 | 
     | req_sync_q_reg[4]   | CK ^ -> QN ^ | DFFX1     | 0.511 |   0.511 |    7.242 | 
     | g5879__5526         | A1N ^ -> Y ^ | AOI2BB1XL | 0.447 |   0.958 |    7.689 | 
     | g5858__2398         | B ^ -> Y v   | NAND2X1   | 0.171 |   1.128 |    7.859 | 
     | g5838__9945         | B v -> Y ^   | NOR2X1    | 0.223 |   1.351 |    8.082 | 
     | g5831__5122         | A ^ -> Y v   | NAND2X1   | 0.127 |   1.478 |    8.209 | 
     | g5824__6783         | A1 v -> Y ^  | OAI22X1   | 0.546 |   2.024 |    8.755 | 
     | g6100               | AN ^ -> Y ^  | NOR2BX1   | 0.750 |   2.774 |    9.505 | 
     | g5803__2883         | B0 ^ -> Y v  | AOI22X1   | 0.232 |   3.006 |    9.737 | 
     | g5802               | A v -> Y ^   | INVX1     | 0.115 |   3.121 |    9.853 | 
     | epoch_gray_q_reg[0] | D ^          | DFFX1     | 0.000 |   3.121 |    9.853 | 
     +-----------------------------------------------------------------------------+ 
Path 22: MET Setup Check with Pin epoch_gray_q_reg[1]/CK 
Endpoint:   epoch_gray_q_reg[1]/D (^) checked with  leading edge of 'clk'
Beginpoint: req_sync_q_reg[4]/QN  (^) triggered by  leading edge of 'clk'
Path Groups: {clk}
Analysis View: setup_view
Other End Arrival Time          0.174
- Setup                         0.121
+ Phase Shift                  10.000
- Uncertainty                   0.200
= Required Time                 9.853
- Arrival Time                  3.110
= Slack Time                    6.743
     Clock Rise Edge                 0.000
     + Clock Network Latency (Prop)  -0.000
     = Beginpoint Arrival Time       -0.000
     +-----------------------------------------------------------------------------+ 
     |      Instance       |     Arc      |   Cell    | Delay | Arrival | Required | 
     |                     |              |           |       |  Time   |   Time   | 
     |---------------------+--------------+-----------+-------+---------+----------| 
     | req_sync_q_reg[4]   | CK ^         |           |       |  -0.000 |    6.742 | 
     | req_sync_q_reg[4]   | CK ^ -> QN ^ | DFFX1     | 0.511 |   0.511 |    7.253 | 
     | g5879__5526         | A1N ^ -> Y ^ | AOI2BB1XL | 0.447 |   0.958 |    7.700 | 
     | g5858__2398         | B ^ -> Y v   | NAND2X1   | 0.171 |   1.128 |    7.871 | 
     | g5838__9945         | B v -> Y ^   | NOR2X1    | 0.223 |   1.351 |    8.093 | 
     | g5831__5122         | A ^ -> Y v   | NAND2X1   | 0.127 |   1.478 |    8.221 | 
     | g5824__6783         | A1 v -> Y ^  | OAI22X1   | 0.546 |   2.024 |    8.767 | 
     | g6100               | AN ^ -> Y ^  | NOR2BX1   | 0.750 |   2.774 |    9.516 | 
     | g5811__7410         | B0 ^ -> Y v  | AOI22X1   | 0.224 |   2.998 |    9.740 | 
     | g5808               | A v -> Y ^   | INVX1     | 0.113 |   3.110 |    9.853 | 
     | epoch_gray_q_reg[1] | D ^          | DFFX1     | 0.000 |   3.110 |    9.853 | 
     +-----------------------------------------------------------------------------+ 
Path 23: MET Setup Check with Pin epoch_gray_q_reg[2]/CK 
Endpoint:   epoch_gray_q_reg[2]/D (^) checked with  leading edge of 'clk'
Beginpoint: req_sync_q_reg[4]/QN  (^) triggered by  leading edge of 'clk'
Path Groups: {clk}
Analysis View: setup_view
Other End Arrival Time          0.175
- Setup                         0.121
+ Phase Shift                  10.000
- Uncertainty                   0.200
= Required Time                 9.854
- Arrival Time                  3.108
= Slack Time                    6.746
     Clock Rise Edge                 0.000
     + Clock Network Latency (Prop)  -0.000
     = Beginpoint Arrival Time       -0.000
     +-----------------------------------------------------------------------------+ 
     |      Instance       |     Arc      |   Cell    | Delay | Arrival | Required | 
     |                     |              |           |       |  Time   |   Time   | 
     |---------------------+--------------+-----------+-------+---------+----------| 
     | req_sync_q_reg[4]   | CK ^         |           |       |  -0.000 |    6.745 | 
     | req_sync_q_reg[4]   | CK ^ -> QN ^ | DFFX1     | 0.511 |   0.511 |    7.256 | 
     | g5879__5526         | A1N ^ -> Y ^ | AOI2BB1XL | 0.447 |   0.958 |    7.703 | 
     | g5858__2398         | B ^ -> Y v   | NAND2X1   | 0.171 |   1.128 |    7.874 | 
     | g5838__9945         | B v -> Y ^   | NOR2X1    | 0.223 |   1.351 |    8.096 | 
     | g5831__5122         | A ^ -> Y v   | NAND2X1   | 0.127 |   1.478 |    8.224 | 
     | g5824__6783         | A1 v -> Y ^  | OAI22X1   | 0.546 |   2.024 |    8.770 | 
     | g6100               | AN ^ -> Y ^  | NOR2BX1   | 0.750 |   2.774 |    9.519 | 
     | g5810__1666         | B0 ^ -> Y v  | AOI22X1   | 0.224 |   2.998 |    9.743 | 
     | g5807               | A v -> Y ^   | INVX1     | 0.110 |   3.108 |    9.854 | 
     | epoch_gray_q_reg[2] | D ^          | DFFX1     | 0.000 |   3.108 |    9.854 | 
     +-----------------------------------------------------------------------------+ 
Path 24: MET Setup Check with Pin out_valid_q_reg/CK 
Endpoint:   out_valid_q_reg/D    (v) checked with  leading edge of 'clk'
Beginpoint: req_sync_q_reg[4]/QN (^) triggered by  leading edge of 'clk'
Path Groups: {clk}
Analysis View: setup_view
Other End Arrival Time          0.175
- Setup                         0.254
+ Phase Shift                  10.000
- Uncertainty                   0.200
= Required Time                 9.721
- Arrival Time                  2.604
= Slack Time                    7.117
     Clock Rise Edge                 0.000
     + Clock Network Latency (Prop)  -0.000
     = Beginpoint Arrival Time       -0.000
     +---------------------------------------------------------------------------+ 
     |     Instance      |     Arc      |   Cell    | Delay | Arrival | Required | 
     |                   |              |           |       |  Time   |   Time   | 
     |-------------------+--------------+-----------+-------+---------+----------| 
     | req_sync_q_reg[4] | CK ^         |           |       |  -0.000 |    7.117 | 
     | req_sync_q_reg[4] | CK ^ -> QN ^ | DFFX1     | 0.511 |   0.511 |    7.627 | 
     | g5879__5526       | A1N ^ -> Y ^ | AOI2BB1XL | 0.447 |   0.958 |    8.074 | 
     | g5858__2398       | B ^ -> Y v   | NAND2X1   | 0.171 |   1.128 |    8.245 | 
     | g5838__9945       | B v -> Y ^   | NOR2X1    | 0.223 |   1.351 |    8.468 | 
     | g5831__5122       | A ^ -> Y v   | NAND2X1   | 0.127 |   1.478 |    8.595 | 
     | g5824__6783       | A1 v -> Y ^  | OAI22X1   | 0.546 |   2.024 |    9.141 | 
     | g5819__8428       | A ^ -> Y v   | NOR2X1    | 0.330 |   2.354 |    9.471 | 
     | g5818             | A v -> Y ^   | INVXL     | 0.144 |   2.498 |    9.615 | 
     | g5812__6417       | B0 ^ -> Y v  | OAI21XL   | 0.106 |   2.604 |    9.721 | 
     | out_valid_q_reg   | D v          | DFFX1     | 0.000 |   2.604 |    9.721 | 
     +---------------------------------------------------------------------------+ 
Path 25: MET Setup Check with Pin out_addr_q_reg[3]/CK 
Endpoint:   out_addr_q_reg[3]/D  (v) checked with  leading edge of 'clk'
Beginpoint: req_sync_q_reg[4]/QN (v) triggered by  leading edge of 'clk'
Path Groups: {clk}
Analysis View: setup_view
Other End Arrival Time          0.175
- Setup                         0.344
+ Phase Shift                  10.000
- Uncertainty                   0.200
= Required Time                 9.631
- Arrival Time                  2.370
= Slack Time                    7.262
     Clock Rise Edge                 0.000
     + Clock Network Latency (Prop)  -0.000
     = Beginpoint Arrival Time       -0.000
     +---------------------------------------------------------------------------+ 
     |     Instance      |     Arc      |   Cell    | Delay | Arrival | Required | 
     |                   |              |           |       |  Time   |   Time   | 
     |-------------------+--------------+-----------+-------+---------+----------| 
     | req_sync_q_reg[4] | CK ^         |           |       |  -0.000 |    7.262 | 
     | req_sync_q_reg[4] | CK ^ -> QN v | DFFX1     | 0.575 |   0.575 |    7.836 | 
     | g5879__5526       | A1N v -> Y v | AOI2BB1XL | 0.378 |   0.952 |    8.214 | 
     | g5858__2398       | B v -> Y ^   | NAND2X1   | 0.202 |   1.154 |    8.416 | 
     | g5838__9945       | B ^ -> Y v   | NOR2X1    | 0.127 |   1.281 |    8.543 | 
     | g5831__5122       | A v -> Y ^   | NAND2X1   | 0.141 |   1.422 |    8.684 | 
     | g5829             | A ^ -> Y v   | INVX1     | 0.064 |   1.485 |    8.747 | 
     | g5821__5526       | A0 v -> Y ^  | OAI21XL   | 0.754 |   2.239 |    9.501 | 
     | g5815__6260       | B0 ^ -> Y v  | OAI2BB2XL | 0.131 |   2.370 |    9.631 | 
     | out_addr_q_reg[3] | D v          | DFFHQX1   | 0.000 |   2.370 |    9.631 | 
     +---------------------------------------------------------------------------+ 
Path 26: MET Setup Check with Pin ack_q_reg[0]/CK 
Endpoint:   ack_q_reg[0]/D       (v) checked with  leading edge of 'clk'
Beginpoint: req_sync_q_reg[0]/QN (^) triggered by  leading edge of 'clk'
Path Groups: {clk}
Analysis View: setup_view
Other End Arrival Time          0.176
- Setup                         0.383
+ Phase Shift                  10.000
- Uncertainty                   0.200
= Required Time                 9.593
- Arrival Time                  0.787
= Slack Time                    8.806
     Clock Rise Edge                 0.000
     + Clock Network Latency (Prop)  -0.001
     = Beginpoint Arrival Time       -0.001
     +-------------------------------------------------------------------------+ 
     |     Instance      |     Arc      |  Cell   | Delay | Arrival | Required | 
     |                   |              |         |       |  Time   |   Time   | 
     |-------------------+--------------+---------+-------+---------+----------| 
     | req_sync_q_reg[0] | CK ^         |         |       |  -0.001 |    8.805 | 
     | req_sync_q_reg[0] | CK ^ -> QN ^ | DFFX1   | 0.524 |   0.523 |    9.329 | 
     | g5911__5122       | B0 ^ -> Y v  | AOI21XL | 0.111 |   0.634 |    9.440 | 
     | FE_PHC65_n_35     | A v -> Y v   | BUFX3   | 0.153 |   0.787 |    9.593 | 
     | ack_q_reg[0]      | D v          | DFFTRX1 | 0.000 |   0.787 |    9.593 | 
     +-------------------------------------------------------------------------+ 
Path 27: MET Setup Check with Pin ack_q_reg[1]/CK 
Endpoint:   ack_q_reg[1]/D       (v) checked with  leading edge of 'clk'
Beginpoint: req_sync_q_reg[1]/QN (^) triggered by  leading edge of 'clk'
Path Groups: {clk}
Analysis View: setup_view
Other End Arrival Time          0.176
- Setup                         0.383
+ Phase Shift                  10.000
- Uncertainty                   0.200
= Required Time                 9.593
- Arrival Time                  0.785
= Slack Time                    8.808
     Clock Rise Edge                 0.000
     + Clock Network Latency (Prop)  -0.000
     = Beginpoint Arrival Time       -0.000
     +-------------------------------------------------------------------------+ 
     |     Instance      |     Arc      |  Cell   | Delay | Arrival | Required | 
     |                   |              |         |       |  Time   |   Time   | 
     |-------------------+--------------+---------+-------+---------+----------| 
     | req_sync_q_reg[1] | CK ^         |         |       |  -0.000 |    8.808 | 
     | req_sync_q_reg[1] | CK ^ -> QN ^ | DFFX1   | 0.537 |   0.536 |    9.345 | 
     | g5905__7098       | B0 ^ -> Y v  | AOI21XL | 0.099 |   0.636 |    9.444 | 
     | FE_PHC63_n_33     | A v -> Y v   | BUFX3   | 0.149 |   0.784 |    9.593 | 
     | ack_q_reg[1]      | D v          | DFFTRX1 | 0.000 |   0.785 |    9.593 | 
     +-------------------------------------------------------------------------+ 
Path 28: MET Setup Check with Pin ack_q_reg[2]/CK 
Endpoint:   ack_q_reg[2]/D       (v) checked with  leading edge of 'clk'
Beginpoint: req_sync_q_reg[2]/QN (^) triggered by  leading edge of 'clk'
Path Groups: {clk}
Analysis View: setup_view
Other End Arrival Time          0.176
- Setup                         0.383
+ Phase Shift                  10.000
- Uncertainty                   0.200
= Required Time                 9.593
- Arrival Time                  0.779
= Slack Time                    8.813
     Clock Rise Edge                 0.000
     + Clock Network Latency (Prop)  -0.001
     = Beginpoint Arrival Time       -0.001
     +-------------------------------------------------------------------------+ 
     |     Instance      |     Arc      |  Cell   | Delay | Arrival | Required | 
     |                   |              |         |       |  Time   |   Time   | 
     |-------------------+--------------+---------+-------+---------+----------| 
     | req_sync_q_reg[2] | CK ^         |         |       |  -0.001 |    8.813 | 
     | req_sync_q_reg[2] | CK ^ -> QN ^ | DFFX1   | 0.524 |   0.524 |    9.337 | 
     | g5906__6131       | B0 ^ -> Y v  | AOI21XL | 0.104 |   0.628 |    9.441 | 
     | FE_PHC28_n_32     | A v -> Y v   | BUFX3   | 0.151 |   0.779 |    9.593 | 
     | ack_q_reg[2]      | D v          | DFFTRX1 | 0.000 |   0.779 |    9.593 | 
     +-------------------------------------------------------------------------+ 
Path 29: MET Setup Check with Pin ack_q_reg[5]/CK 
Endpoint:   ack_q_reg[5]/D       (v) checked with  leading edge of 'clk'
Beginpoint: req_sync_q_reg[5]/QN (^) triggered by  leading edge of 'clk'
Path Groups: {clk}
Analysis View: setup_view
Other End Arrival Time          0.176
- Setup                         0.383
+ Phase Shift                  10.000
- Uncertainty                   0.200
= Required Time                 9.593
- Arrival Time                  0.779
= Slack Time                    8.814
     Clock Rise Edge                 0.000
     + Clock Network Latency (Prop)  -0.000
     = Beginpoint Arrival Time       -0.000
     +-------------------------------------------------------------------------+ 
     |     Instance      |     Arc      |  Cell   | Delay | Arrival | Required | 
     |                   |              |         |       |  Time   |   Time   | 
     |-------------------+--------------+---------+-------+---------+----------| 
     | req_sync_q_reg[5] | CK ^         |         |       |  -0.000 |    8.814 | 
     | req_sync_q_reg[5] | CK ^ -> QN ^ | DFFX1   | 0.528 |   0.528 |    9.342 | 
     | g5907__1881       | B0 ^ -> Y v  | AOI21XL | 0.102 |   0.630 |    9.444 | 
     | FE_PHC62_n_31     | A v -> Y v   | BUFX3   | 0.149 |   0.779 |    9.593 | 
     | ack_q_reg[5]      | D v          | DFFTRX1 | 0.000 |   0.779 |    9.593 | 
     +-------------------------------------------------------------------------+ 
Path 30: MET Setup Check with Pin ack_q_reg[4]/CK 
Endpoint:   ack_q_reg[4]/D       (v) checked with  leading edge of 'clk'
Beginpoint: req_sync_q_reg[4]/QN (^) triggered by  leading edge of 'clk'
Path Groups: {clk}
Analysis View: setup_view
Other End Arrival Time          0.176
- Setup                         0.384
+ Phase Shift                  10.000
- Uncertainty                   0.200
= Required Time                 9.593
- Arrival Time                  0.771
= Slack Time                    8.822
     Clock Rise Edge                 0.000
     + Clock Network Latency (Prop)  -0.000
     = Beginpoint Arrival Time       -0.000
     +-------------------------------------------------------------------------+ 
     |     Instance      |     Arc      |  Cell   | Delay | Arrival | Required | 
     |                   |              |         |       |  Time   |   Time   | 
     |-------------------+--------------+---------+-------+---------+----------| 
     | req_sync_q_reg[4] | CK ^         |         |       |  -0.000 |    8.822 | 
     | req_sync_q_reg[4] | CK ^ -> QN ^ | DFFX1   | 0.511 |   0.511 |    9.332 | 
     | g5912__1666       | B0 ^ -> Y v  | AOI21XL | 0.106 |   0.616 |    9.438 | 
     | FE_PHC26_n_23     | A v -> Y v   | BUFX3   | 0.154 |   0.771 |    9.593 | 
     | ack_q_reg[4]      | D v          | DFFTRX1 | 0.000 |   0.771 |    9.593 | 
     +-------------------------------------------------------------------------+ 
Path 31: MET Setup Check with Pin ack_q_reg[15]/CK 
Endpoint:   ack_q_reg[15]/D       (v) checked with  leading edge of 'clk'
Beginpoint: req_sync_q_reg[15]/QN (^) triggered by  leading edge of 'clk'
Path Groups: {clk}
Analysis View: setup_view
Other End Arrival Time          0.174
- Setup                         0.383
+ Phase Shift                  10.000
- Uncertainty                   0.200
= Required Time                 9.590
- Arrival Time                  0.757
= Slack Time                    8.833
     Clock Rise Edge                 0.000
     + Clock Network Latency (Prop)  0.000
     = Beginpoint Arrival Time       0.000
     +--------------------------------------------------------------------------+ 
     |      Instance      |     Arc      |  Cell   | Delay | Arrival | Required | 
     |                    |              |         |       |  Time   |   Time   | 
     |--------------------+--------------+---------+-------+---------+----------| 
     | req_sync_q_reg[15] | CK ^         |         |       |   0.000 |    8.833 | 
     | req_sync_q_reg[15] | CK ^ -> QN ^ | DFFX1   | 0.501 |   0.501 |    9.334 | 
     | g5917__6417        | B0 ^ -> Y v  | AOI21XL | 0.104 |   0.605 |    9.438 | 
     | FE_PHC29_n_21      | A v -> Y v   | BUFX3   | 0.152 |   0.757 |    9.590 | 
     | ack_q_reg[15]      | D v          | DFFTRX1 | 0.000 |   0.757 |    9.590 | 
     +--------------------------------------------------------------------------+ 
Path 32: MET Setup Check with Pin ack_q_reg[6]/CK 
Endpoint:   ack_q_reg[6]/D       (v) checked with  leading edge of 'clk'
Beginpoint: req_sync_q_reg[6]/QN (^) triggered by  leading edge of 'clk'
Path Groups: {clk}
Analysis View: setup_view
Other End Arrival Time          0.175
- Setup                         0.384
+ Phase Shift                  10.000
- Uncertainty                   0.200
= Required Time                 9.592
- Arrival Time                  0.747
= Slack Time                    8.845
     Clock Rise Edge                 0.000
     + Clock Network Latency (Prop)  0.000
     = Beginpoint Arrival Time       0.000
     +-------------------------------------------------------------------------+ 
     |     Instance      |     Arc      |  Cell   | Delay | Arrival | Required | 
     |                   |              |         |       |  Time   |   Time   | 
     |-------------------+--------------+---------+-------+---------+----------| 
     | req_sync_q_reg[6] | CK ^         |         |       |   0.000 |    8.845 | 
     | req_sync_q_reg[6] | CK ^ -> QN ^ | DFFX1   | 0.489 |   0.489 |    9.334 | 
     | g5914__2883       | B0 ^ -> Y v  | AOI21XL | 0.102 |   0.591 |    9.436 | 
     | FE_PHC59_n_25     | A v -> Y v   | BUFX3   | 0.155 |   0.746 |    9.592 | 
     | ack_q_reg[6]      | D v          | DFFTRX1 | 0.000 |   0.747 |    9.592 | 
     +-------------------------------------------------------------------------+ 
Path 33: MET Setup Check with Pin ack_q_reg[3]/CK 
Endpoint:   ack_q_reg[3]/D       (v) checked with  leading edge of 'clk'
Beginpoint: req_sync_q_reg[3]/QN (^) triggered by  leading edge of 'clk'
Path Groups: {clk}
Analysis View: setup_view
Other End Arrival Time          0.175
- Setup                         0.383
+ Phase Shift                  10.000
- Uncertainty                   0.200
= Required Time                 9.592
- Arrival Time                  0.745
= Slack Time                    8.847
     Clock Rise Edge                 0.000
     + Clock Network Latency (Prop)  -0.002
     = Beginpoint Arrival Time       -0.002
     +-------------------------------------------------------------------------+ 
     |     Instance      |     Arc      |  Cell   | Delay | Arrival | Required | 
     |                   |              |         |       |  Time   |   Time   | 
     |-------------------+--------------+---------+-------+---------+----------| 
     | req_sync_q_reg[3] | CK ^         |         |       |  -0.002 |    8.846 | 
     | req_sync_q_reg[3] | CK ^ -> QN ^ | DFFX1   | 0.498 |   0.497 |    9.344 | 
     | g5910__4733       | B0 ^ -> Y v  | AOI21XL | 0.098 |   0.595 |    9.442 | 
     | FE_PHC58_n_28     | A v -> Y v   | BUFX3   | 0.150 |   0.745 |    9.592 | 
     | ack_q_reg[3]      | D v          | DFFTRX1 | 0.000 |   0.745 |    9.592 | 
     +-------------------------------------------------------------------------+ 
Path 34: MET Setup Check with Pin ack_q_reg[14]/CK 
Endpoint:   ack_q_reg[14]/D       (v) checked with  leading edge of 'clk'
Beginpoint: req_sync_q_reg[14]/QN (^) triggered by  leading edge of 'clk'
Path Groups: {clk}
Analysis View: setup_view
Other End Arrival Time          0.174
- Setup                         0.383
+ Phase Shift                  10.000
- Uncertainty                   0.200
= Required Time                 9.591
- Arrival Time                  0.739
= Slack Time                    8.852
     Clock Rise Edge                 0.000
     + Clock Network Latency (Prop)  0.001
     = Beginpoint Arrival Time       0.001
     +--------------------------------------------------------------------------+ 
     |      Instance      |     Arc      |  Cell   | Delay | Arrival | Required | 
     |                    |              |         |       |  Time   |   Time   | 
     |--------------------+--------------+---------+-------+---------+----------| 
     | req_sync_q_reg[14] | CK ^         |         |       |   0.001 |    8.853 | 
     | req_sync_q_reg[14] | CK ^ -> QN ^ | DFFX1   | 0.489 |   0.491 |    9.343 | 
     | g5908__5115        | B0 ^ -> Y v  | AOI21XL | 0.097 |   0.588 |    9.440 | 
     | FE_PHC61_n_30      | A v -> Y v   | BUFX3   | 0.151 |   0.739 |    9.591 | 
     | ack_q_reg[14]      | D v          | DFFTRX1 | 0.000 |   0.739 |    9.591 | 
     +--------------------------------------------------------------------------+ 
Path 35: MET Setup Check with Pin ack_q_reg[7]/CK 
Endpoint:   ack_q_reg[7]/D       (v) checked with  leading edge of 'clk'
Beginpoint: req_sync_q_reg[7]/QN (^) triggered by  leading edge of 'clk'
Path Groups: {clk}
Analysis View: setup_view
Other End Arrival Time          0.176
- Setup                         0.383
+ Phase Shift                  10.000
- Uncertainty                   0.200
= Required Time                 9.592
- Arrival Time                  0.734
= Slack Time                    8.858
     Clock Rise Edge                 0.000
     + Clock Network Latency (Prop)  0.000
     = Beginpoint Arrival Time       0.000
     +-------------------------------------------------------------------------+ 
     |     Instance      |     Arc      |  Cell   | Delay | Arrival | Required | 
     |                   |              |         |       |  Time   |   Time   | 
     |-------------------+--------------+---------+-------+---------+----------| 
     | req_sync_q_reg[7] | CK ^         |         |       |   0.000 |    8.858 | 
     | req_sync_q_reg[7] | CK ^ -> QN ^ | DFFX1   | 0.496 |   0.496 |    9.355 | 
     | g5913__9945       | B0 ^ -> Y v  | AOI21XL | 0.090 |   0.586 |    9.444 | 
     | FE_PHC60_n_26     | A v -> Y v   | BUFX3   | 0.148 |   0.734 |    9.592 | 
     | ack_q_reg[7]      | D v          | DFFTRX1 | 0.000 |   0.734 |    9.592 | 
     +-------------------------------------------------------------------------+ 
Path 36: MET Setup Check with Pin ack_q_reg[8]/CK 
Endpoint:   ack_q_reg[8]/D       (v) checked with  leading edge of 'clk'
Beginpoint: req_sync_q_reg[8]/QN (^) triggered by  leading edge of 'clk'
Path Groups: {clk}
Analysis View: setup_view
Other End Arrival Time          0.175
- Setup                         0.384
+ Phase Shift                  10.000
- Uncertainty                   0.200
= Required Time                 9.591
- Arrival Time                  0.727
= Slack Time                    8.864
     Clock Rise Edge                 0.000
     + Clock Network Latency (Prop)  -0.000
     = Beginpoint Arrival Time       -0.000
     +-------------------------------------------------------------------------+ 
     |     Instance      |     Arc      |  Cell   | Delay | Arrival | Required | 
     |                   |              |         |       |  Time   |   Time   | 
     |-------------------+--------------+---------+-------+---------+----------| 
     | req_sync_q_reg[8] | CK ^         |         |       |  -0.000 |    8.864 | 
     | req_sync_q_reg[8] | CK ^ -> QN ^ | DFFX1   | 0.468 |   0.468 |    9.332 | 
     | g5915__2346       | B0 ^ -> Y v  | AOI21XL | 0.100 |   0.569 |    9.433 | 
     | FE_PHC67_n_24     | A v -> Y v   | BUFX3   | 0.158 |   0.727 |    9.591 | 
     | ack_q_reg[8]      | D v          | DFFTRX1 | 0.000 |   0.727 |    9.591 | 
     +-------------------------------------------------------------------------+ 
Path 37: MET Setup Check with Pin ack_q_reg[11]/CK 
Endpoint:   ack_q_reg[11]/D       (v) checked with  leading edge of 'clk'
Beginpoint: req_sync_q_reg[11]/QN (^) triggered by  leading edge of 'clk'
Path Groups: {clk}
Analysis View: setup_view
Other End Arrival Time          0.174
- Setup                         0.383
+ Phase Shift                  10.000
- Uncertainty                   0.200
= Required Time                 9.591
- Arrival Time                  0.720
= Slack Time                    8.871
     Clock Rise Edge                 0.000
     + Clock Network Latency (Prop)  0.000
     = Beginpoint Arrival Time       0.000
     +--------------------------------------------------------------------------+ 
     |      Instance      |     Arc      |  Cell   | Delay | Arrival | Required | 
     |                    |              |         |       |  Time   |   Time   | 
     |--------------------+--------------+---------+-------+---------+----------| 
     | req_sync_q_reg[11] | CK ^         |         |       |   0.000 |    8.871 | 
     | req_sync_q_reg[11] | CK ^ -> QN ^ | DFFX1   | 0.468 |   0.468 |    9.339 | 
     | g5919__9315        | B0 ^ -> Y v  | AOI21XL | 0.098 |   0.566 |    9.437 | 
     | FE_PHC30_n_27      | A v -> Y v   | BUFX3   | 0.154 |   0.720 |    9.591 | 
     | ack_q_reg[11]      | D v          | DFFTRX1 | 0.000 |   0.720 |    9.591 | 
     +--------------------------------------------------------------------------+ 
Path 38: MET Setup Check with Pin ack_q_reg[10]/CK 
Endpoint:   ack_q_reg[10]/D       (v) checked with  leading edge of 'clk'
Beginpoint: req_sync_q_reg[10]/QN (^) triggered by  leading edge of 'clk'
Path Groups: {clk}
Analysis View: setup_view
Other End Arrival Time          0.175
- Setup                         0.384
+ Phase Shift                  10.000
- Uncertainty                   0.200
= Required Time                 9.591
- Arrival Time                  0.717
= Slack Time                    8.874
     Clock Rise Edge                 0.000
     + Clock Network Latency (Prop)  -0.000
     = Beginpoint Arrival Time       -0.000
     +--------------------------------------------------------------------------+ 
     |      Instance      |     Arc      |  Cell   | Delay | Arrival | Required | 
     |                    |              |         |       |  Time   |   Time   | 
     |--------------------+--------------+---------+-------+---------+----------| 
     | req_sync_q_reg[10] | CK ^         |         |       |  -0.000 |    8.874 | 
     | req_sync_q_reg[10] | CK ^ -> QN ^ | DFFX1   | 0.462 |   0.462 |    9.336 | 
     | g5918__5477        | B0 ^ -> Y v  | AOI21XL | 0.098 |   0.560 |    9.434 | 
     | FE_PHC64_n_20      | A v -> Y v   | BUFX3   | 0.157 |   0.717 |    9.591 | 
     | ack_q_reg[10]      | D v          | DFFTRX1 | 0.000 |   0.717 |    9.591 | 
     +--------------------------------------------------------------------------+ 
Path 39: MET Setup Check with Pin ack_q_reg[12]/CK 
Endpoint:   ack_q_reg[12]/D       (v) checked with  leading edge of 'clk'
Beginpoint: req_sync_q_reg[12]/QN (^) triggered by  leading edge of 'clk'
Path Groups: {clk}
Analysis View: setup_view
Other End Arrival Time          0.176
- Setup                         0.383
+ Phase Shift                  10.000
- Uncertainty                   0.200
= Required Time                 9.593
- Arrival Time                  0.711
= Slack Time                    8.882
     Clock Rise Edge                 0.000
     + Clock Network Latency (Prop)  0.000
     = Beginpoint Arrival Time       0.000
     +--------------------------------------------------------------------------+ 
     |      Instance      |     Arc      |  Cell   | Delay | Arrival | Required | 
     |                    |              |         |       |  Time   |   Time   | 
     |--------------------+--------------+---------+-------+---------+----------| 
     | req_sync_q_reg[12] | CK ^         |         |       |   0.000 |    8.882 | 
     | req_sync_q_reg[12] | CK ^ -> QN ^ | DFFX1   | 0.465 |   0.465 |    9.348 | 
     | g5909__7482        | B0 ^ -> Y v  | AOI21XL | 0.094 |   0.559 |    9.442 | 
     | FE_PHC66_n_29      | A v -> Y v   | BUFX3   | 0.151 |   0.711 |    9.593 | 
     | ack_q_reg[12]      | D v          | DFFTRX1 | 0.000 |   0.711 |    9.593 | 
     +--------------------------------------------------------------------------+ 
Path 40: MET Setup Check with Pin ack_q_reg[13]/CK 
Endpoint:   ack_q_reg[13]/D       (v) checked with  leading edge of 'clk'
Beginpoint: req_sync_q_reg[13]/QN (^) triggered by  leading edge of 'clk'
Path Groups: {clk}
Analysis View: setup_view
Other End Arrival Time          0.176
- Setup                         0.383
+ Phase Shift                  10.000
- Uncertainty                   0.200
= Required Time                 9.592
- Arrival Time                  0.702
= Slack Time                    8.891
     Clock Rise Edge                 0.000
     + Clock Network Latency (Prop)  0.000
     = Beginpoint Arrival Time       0.000
     +--------------------------------------------------------------------------+ 
     |      Instance      |     Arc      |  Cell   | Delay | Arrival | Required | 
     |                    |              |         |       |  Time   |   Time   | 
     |--------------------+--------------+---------+-------+---------+----------| 
     | req_sync_q_reg[13] | CK ^         |         |       |   0.000 |    8.891 | 
     | req_sync_q_reg[13] | CK ^ -> QN ^ | DFFX1   | 0.460 |   0.460 |    9.351 | 
     | g5904__8246        | B0 ^ -> Y v  | AOI21XL | 0.089 |   0.550 |    9.441 | 
     | FE_PHC31_n_34      | A v -> Y v   | BUFX3   | 0.152 |   0.701 |    9.592 | 
     | ack_q_reg[13]      | D v          | DFFTRX1 | 0.000 |   0.702 |    9.592 | 
     +--------------------------------------------------------------------------+ 
Path 41: MET Setup Check with Pin ack_q_reg[9]/CK 
Endpoint:   ack_q_reg[9]/D       (v) checked with  leading edge of 'clk'
Beginpoint: req_sync_q_reg[9]/QN (^) triggered by  leading edge of 'clk'
Path Groups: {clk}
Analysis View: setup_view
Other End Arrival Time          0.175
- Setup                         0.383
+ Phase Shift                  10.000
- Uncertainty                   0.200
= Required Time                 9.592
- Arrival Time                  0.697
= Slack Time                    8.895
     Clock Rise Edge                 0.000
     + Clock Network Latency (Prop)  0.000
     = Beginpoint Arrival Time       0.000
     +-------------------------------------------------------------------------+ 
     |     Instance      |     Arc      |  Cell   | Delay | Arrival | Required | 
     |                   |              |         |       |  Time   |   Time   | 
     |-------------------+--------------+---------+-------+---------+----------| 
     | req_sync_q_reg[9] | CK ^         |         |       |   0.000 |    8.895 | 
     | req_sync_q_reg[9] | CK ^ -> QN ^ | DFFX1   | 0.461 |   0.462 |    9.357 | 
     | g5916__7410       | B0 ^ -> Y v  | AOI21XL | 0.087 |   0.548 |    9.443 | 
     | FE_PHC27_n_22     | A v -> Y v   | BUFX3   | 0.149 |   0.697 |    9.592 | 
     | ack_q_reg[9]      | D v          | DFFTRX1 | 0.000 |   0.697 |    9.592 | 
     +-------------------------------------------------------------------------+ 

