*----------------------------------------------------------------------------------------
*	Innovus 23.14-s088_1 (64bit) 02/28/2025 12:25 (Linux 3.10.0-693.el7.x86_64)
*	
*
* 	Date & Time:	2026-Aug-21 03:19:59 (2026-Aug-20 18:19:59 GMT)
*
*----------------------------------------------------------------------------------------
*
*	Design: aer_pending_direct_gray_sync_core_reset
*
*	Liberty Libraries used: 
*	        setup_view: <REMOTE_HOME>/FPR/lib/slow.lib
*
*	Power Domain used: 
*              Rail:        VDD      Voltage:       1.62 
*
*       Power View : setup_view
*
*       User-Defined Activity : N.A.
*
*       Activity File: N.A.
*
*       Hierarchical Global Activity: N.A.
*
*       Global Activity: N.A.
*
*       Sequential Element Activity: 0.200000
*
*       Primary Input Activity: 0.200000
*
*       Default icg ratio: N.A.
*
*       Global Comb ClockGate Ratio: N.A.
*
*	Power Units = 1mW
*
*	Time Units = 1e-09 secs 
*
*       report_power -outfile <REMOTE_HOME>/aer_2026/p8dgscr_pnr_180nm_v2/reports/p8dgscr_pnr/postroute_power.rpt
*
-----------------------------------------------------------------------------------------


Total Power 
-----------------------------------------------------------------------------------------
Total Internal Power:        0.63138513 	   77.2848%
Total Switching Power:       0.18531180 	   22.6831%
Total Leakage Power:         0.00026221 	    0.0321%
Total Power:                 0.81695915 
-----------------------------------------------------------------------------------------


Group                           Internal   Switching     Leakage       Total  Percentage 
                                Power      Power         Power         Power  (%)        
-----------------------------------------------------------------------------------------
Sequential                        0.4851     0.02865   0.0001285      0.5138        62.9 
Macro                                  0           0           0           0           0 
IO                                     0           0           0           0           0 
Combinational                    0.09932     0.07475   0.0001274      0.1742       21.32 
Clock (Combinational)            0.04701     0.08191   6.339e-06      0.1289       15.78 
Clock (Sequential)                     0           0           0           0           0 
-----------------------------------------------------------------------------------------
Total                             0.6314      0.1853   0.0002622       0.817         100 
-----------------------------------------------------------------------------------------


Rail                  Voltage   Internal   Switching     Leakage       Total  Percentage 
                                Power      Power         Power         Power  (%)        
-----------------------------------------------------------------------------------------
VDD                      1.62     0.6314      0.1853   0.0002622       0.817         100 


Clock                           Internal   Switching     Leakage       Total  Percentage 
                                Power      Power         Power         Power  (%)        
-----------------------------------------------------------------------------------------
clk                              0.04701     0.08191   6.339e-06      0.1289       15.78 
-----------------------------------------------------------------------------------------
Total (excluding duplicates)     0.04701     0.08191   6.339e-06      0.1289       15.78 
-----------------------------------------------------------------------------------------
Clock: clk
Clock Period: 0.010000 usec 
Clock Toggle Rate:   200.0000 Mhz 
Clock Static Probability:  0.5000



-----------------------------------------------------------------------------------------
*	Power Distribution Summary: 
*                Highest Average Power:       CTS_ccl_a_buf_00001 (CLKBUFX20):           0.1289 
*                Highest Leakage Power:       CTS_ccl_a_buf_00001 (CLKBUFX20):        6.339e-06 
*          Total Cap:      3.54893e-12 F
*          Total instances in design:   313
*          Total instances in design with no power:     0
*          Total instances in design with no activity:     0
*          Total Fillers and Decap:     0
-----------------------------------------------------------------------------------------

