###############################################################
#  Generated by:      Cadence Innovus 23.14-s088_1
#  OS:                Linux x86_64(Host ID <REMOTE_HOST>)
#  Generated on:      Fri Aug 21 03:19:58 2026
#  Design:            aer_pending_direct_gray_sync_core_reset
#  Command:           report_timing \
#    -from [get_pins {req_meta_q_reg*/Q}] \
#    -to [get_pins {req_sync_q_reg*/D}] \
#    -max_paths 32 > [file join $report_dir postroute_cdc_hold_timing.rpt]
###############################################################
Path 1: MET Hold Check with Pin req_sync_q_reg[10]/CK 
Endpoint:   req_sync_q_reg[10]/D (v) checked with  leading edge of 'clk'
Beginpoint: req_meta_q_reg[10]/Q (v) triggered by  leading edge of 'clk'
Path Groups: {clk}
Analysis View: hold_view
Other End Arrival Time          0.087
+ Hold                         -0.036
+ Phase Shift                   0.000
+ Uncertainty                   0.200
= Required Time                 0.251
  Arrival Time                  0.280
  Slack Time                    0.028
     Clock Rise Edge                 0.000
     + Clock Network Latency (Prop)  -0.002
     = Beginpoint Arrival Time       -0.002
     +------------------------------------------------------------------------------+ 
     |        Instance        |     Arc     |   Cell   | Delay | Arrival | Required | 
     |                        |             |          |       |  Time   |   Time   | 
     |------------------------+-------------+----------+-------+---------+----------| 
     | req_meta_q_reg[10]     | CK ^        |          |       |  -0.002 |   -0.031 | 
     | req_meta_q_reg[10]     | CK ^ -> Q v | DFFHQX1  | 0.147 |   0.145 |    0.116 | 
     | FE_PHC4_req_meta_q_10  | A v -> Y v  | BUFX3    | 0.071 |   0.215 |    0.187 | 
     | FE_PHC45_req_meta_q_10 | A v -> Y v  | CLKBUFX1 | 0.064 |   0.280 |    0.251 | 
     | req_sync_q_reg[10]     | D v         | DFFX1    | 0.000 |   0.280 |    0.251 | 
     +------------------------------------------------------------------------------+ 
Path 2: MET Hold Check with Pin req_sync_q_reg[7]/CK 
Endpoint:   req_sync_q_reg[7]/D (v) checked with  leading edge of 'clk'
Beginpoint: req_meta_q_reg[7]/Q (v) triggered by  leading edge of 'clk'
Path Groups: {clk}
Analysis View: hold_view
Other End Arrival Time          0.087
+ Hold                         -0.037
+ Phase Shift                   0.000
+ Uncertainty                   0.200
= Required Time                 0.250
  Arrival Time                  0.296
  Slack Time                    0.045
     Clock Rise Edge                 0.000
     + Clock Network Latency (Prop)  -0.002
     = Beginpoint Arrival Time       -0.002
     +-----------------------------------------------------------------------------+ 
     |       Instance        |     Arc     |   Cell   | Delay | Arrival | Required | 
     |                       |             |          |       |  Time   |   Time   | 
     |-----------------------+-------------+----------+-------+---------+----------| 
     | req_meta_q_reg[7]     | CK ^        |          |       |  -0.002 |   -0.048 | 
     | req_meta_q_reg[7]     | CK ^ -> Q v | DFFHQX1  | 0.165 |   0.162 |    0.117 | 
     | FE_PHC46_req_meta_q_7 | A v -> Y v  | BUFX8    | 0.068 |   0.230 |    0.185 | 
     | FE_PHC17_req_meta_q_7 | A v -> Y v  | CLKBUFX1 | 0.065 |   0.296 |    0.250 | 
     | req_sync_q_reg[7]     | D v         | DFFX1    | 0.000 |   0.296 |    0.250 | 
     +-----------------------------------------------------------------------------+ 
Path 3: MET Hold Check with Pin req_sync_q_reg[5]/CK 
Endpoint:   req_sync_q_reg[5]/D (^) checked with  leading edge of 'clk'
Beginpoint: req_meta_q_reg[5]/Q (^) triggered by  leading edge of 'clk'
Path Groups: {clk}
Analysis View: hold_view
Other End Arrival Time          0.087
+ Hold                         -0.033
+ Phase Shift                   0.000
+ Uncertainty                   0.200
= Required Time                 0.254
  Arrival Time                  0.310
  Slack Time                    0.056
     Clock Rise Edge                 0.000
     + Clock Network Latency (Prop)  -0.002
     = Beginpoint Arrival Time       -0.002
     +-----------------------------------------------------------------------------+ 
     |       Instance        |     Arc     |   Cell   | Delay | Arrival | Required | 
     |                       |             |          |       |  Time   |   Time   | 
     |-----------------------+-------------+----------+-------+---------+----------| 
     | req_meta_q_reg[5]     | CK ^        |          |       |  -0.002 |   -0.059 | 
     | req_meta_q_reg[5]     | CK ^ -> Q ^ | DFFHQX1  | 0.154 |   0.152 |    0.096 | 
     | FE_PHC47_req_meta_q_5 | A ^ -> Y ^  | BUFX3    | 0.054 |   0.206 |    0.149 | 
     | FE_PHC19_req_meta_q_5 | A ^ -> Y ^  | BUFX3    | 0.047 |   0.253 |    0.197 | 
     | FE_PHC12_req_meta_q_5 | A ^ -> Y ^  | CLKBUFX1 | 0.057 |   0.310 |    0.254 | 
     | req_sync_q_reg[5]     | D ^         | DFFX1    | 0.000 |   0.310 |    0.254 | 
     +-----------------------------------------------------------------------------+ 
Path 4: MET Hold Check with Pin req_sync_q_reg[3]/CK 
Endpoint:   req_sync_q_reg[3]/D (^) checked with  leading edge of 'clk'
Beginpoint: req_meta_q_reg[3]/Q (^) triggered by  leading edge of 'clk'
Path Groups: {clk}
Analysis View: hold_view
Other End Arrival Time          0.085
+ Hold                         -0.033
+ Phase Shift                   0.000
+ Uncertainty                   0.200
= Required Time                 0.252
  Arrival Time                  0.311
  Slack Time                    0.059
     Clock Rise Edge                 0.000
     + Clock Network Latency (Prop)  -0.003
     = Beginpoint Arrival Time       -0.003
     +-----------------------------------------------------------------------------+ 
     |       Instance        |     Arc     |   Cell   | Delay | Arrival | Required | 
     |                       |             |          |       |  Time   |   Time   | 
     |-----------------------+-------------+----------+-------+---------+----------| 
     | req_meta_q_reg[3]     | CK ^        |          |       |  -0.003 |   -0.062 | 
     | req_meta_q_reg[3]     | CK ^ -> Q ^ | DFFHQX1  | 0.158 |   0.155 |    0.096 | 
     | FE_PHC9_req_meta_q_3  | A ^ -> Y ^  | BUFX4    | 0.053 |   0.207 |    0.148 | 
     | FE_PHC71_req_meta_q_3 | A ^ -> Y ^  | BUFX3    | 0.048 |   0.256 |    0.196 | 
     | FE_PHC37_req_meta_q_3 | A ^ -> Y ^  | CLKBUFX1 | 0.056 |   0.311 |    0.252 | 
     | req_sync_q_reg[3]     | D ^         | DFFX1    | 0.000 |   0.311 |    0.252 | 
     +-----------------------------------------------------------------------------+ 
Path 5: MET Hold Check with Pin req_sync_q_reg[14]/CK 
Endpoint:   req_sync_q_reg[14]/D (v) checked with  leading edge of 'clk'
Beginpoint: req_meta_q_reg[14]/Q (v) triggered by  leading edge of 'clk'
Path Groups: {clk}
Analysis View: hold_view
Other End Arrival Time          0.089
+ Hold                         -0.033
+ Phase Shift                   0.000
+ Uncertainty                   0.200
= Required Time                 0.256
  Arrival Time                  0.317
  Slack Time                    0.061
     Clock Rise Edge                 0.000
     + Clock Network Latency (Prop)  -0.002
     = Beginpoint Arrival Time       -0.002
     +------------------------------------------------------------------------------+ 
     |        Instance        |     Arc     |   Cell   | Delay | Arrival | Required | 
     |                        |             |          |       |  Time   |   Time   | 
     |------------------------+-------------+----------+-------+---------+----------| 
     | req_meta_q_reg[14]     | CK ^        |          |       |  -0.002 |   -0.064 | 
     | req_meta_q_reg[14]     | CK ^ -> Q v | DFFHQX1  | 0.135 |   0.133 |    0.071 | 
     | FE_PHC10_req_meta_q_14 | A v -> Y v  | CLKBUFX4 | 0.071 |   0.203 |    0.142 | 
     | FE_PHC70_req_meta_q_14 | A v -> Y v  | BUFX3    | 0.059 |   0.263 |    0.201 | 
     | FE_PHC41_req_meta_q_14 | A v -> Y v  | CLKBUFX1 | 0.054 |   0.317 |    0.256 | 
     | req_sync_q_reg[14]     | D v         | DFFX1    | 0.000 |   0.317 |    0.256 | 
     +------------------------------------------------------------------------------+ 
Path 6: MET Hold Check with Pin req_sync_q_reg[13]/CK 
Endpoint:   req_sync_q_reg[13]/D (v) checked with  leading edge of 'clk'
Beginpoint: req_meta_q_reg[13]/Q (v) triggered by  leading edge of 'clk'
Path Groups: {clk}
Analysis View: hold_view
Other End Arrival Time          0.087
+ Hold                         -0.033
+ Phase Shift                   0.000
+ Uncertainty                   0.200
= Required Time                 0.255
  Arrival Time                  0.317
  Slack Time                    0.063
     Clock Rise Edge                 0.000
     + Clock Network Latency (Prop)  -0.001
     = Beginpoint Arrival Time       -0.001
     +------------------------------------------------------------------------------+ 
     |        Instance        |     Arc     |   Cell   | Delay | Arrival | Required | 
     |                        |             |          |       |  Time   |   Time   | 
     |------------------------+-------------+----------+-------+---------+----------| 
     | req_meta_q_reg[13]     | CK ^        |          |       |  -0.001 |   -0.064 | 
     | req_meta_q_reg[13]     | CK ^ -> Q v | DFFHQX1  | 0.142 |   0.141 |    0.078 | 
     | FE_PHC5_req_meta_q_13  | A v -> Y v  | CLKBUFX8 | 0.065 |   0.206 |    0.143 | 
     | FE_PHC69_req_meta_q_13 | A v -> Y v  | BUFX3    | 0.057 |   0.263 |    0.201 | 
     | FE_PHC34_req_meta_q_13 | A v -> Y v  | CLKBUFX1 | 0.054 |   0.317 |    0.255 | 
     | req_sync_q_reg[13]     | D v         | DFFX1    | 0.000 |   0.317 |    0.255 | 
     +------------------------------------------------------------------------------+ 
Path 7: MET Hold Check with Pin req_sync_q_reg[9]/CK 
Endpoint:   req_sync_q_reg[9]/D (^) checked with  leading edge of 'clk'
Beginpoint: req_meta_q_reg[9]/Q (^) triggered by  leading edge of 'clk'
Path Groups: {clk}
Analysis View: hold_view
Other End Arrival Time          0.087
+ Hold                         -0.033
+ Phase Shift                   0.000
+ Uncertainty                   0.200
= Required Time                 0.254
  Arrival Time                  0.320
  Slack Time                    0.066
     Clock Rise Edge                 0.000
     + Clock Network Latency (Prop)  -0.002
     = Beginpoint Arrival Time       -0.002
     +-----------------------------------------------------------------------------+ 
     |       Instance        |     Arc     |   Cell   | Delay | Arrival | Required | 
     |                       |             |          |       |  Time   |   Time   | 
     |-----------------------+-------------+----------+-------+---------+----------| 
     | req_meta_q_reg[9]     | CK ^        |          |       |  -0.002 |   -0.068 | 
     | req_meta_q_reg[9]     | CK ^ -> Q ^ | DFFHQX1  | 0.173 |   0.171 |    0.105 | 
     | FE_PHC6_req_meta_q_9  | A ^ -> Y ^  | BUFX8    | 0.049 |   0.220 |    0.154 | 
     | FE_PHC72_req_meta_q_9 | A ^ -> Y ^  | BUFX3    | 0.048 |   0.268 |    0.202 | 
     | FE_PHC33_req_meta_q_9 | A ^ -> Y ^  | CLKBUFX1 | 0.052 |   0.320 |    0.254 | 
     | req_sync_q_reg[9]     | D ^         | DFFX1    | 0.000 |   0.320 |    0.254 | 
     +-----------------------------------------------------------------------------+ 
Path 8: MET Hold Check with Pin req_sync_q_reg[12]/CK 
Endpoint:   req_sync_q_reg[12]/D (v) checked with  leading edge of 'clk'
Beginpoint: req_meta_q_reg[12]/Q (v) triggered by  leading edge of 'clk'
Path Groups: {clk}
Analysis View: hold_view
Other End Arrival Time          0.087
+ Hold                         -0.033
+ Phase Shift                   0.000
+ Uncertainty                   0.200
= Required Time                 0.255
  Arrival Time                  0.322
  Slack Time                    0.067
     Clock Rise Edge                 0.000
     + Clock Network Latency (Prop)  -0.002
     = Beginpoint Arrival Time       -0.002
     +------------------------------------------------------------------------------+ 
     |        Instance        |     Arc     |   Cell   | Delay | Arrival | Required | 
     |                        |             |          |       |  Time   |   Time   | 
     |------------------------+-------------+----------+-------+---------+----------| 
     | req_meta_q_reg[12]     | CK ^        |          |       |  -0.002 |   -0.069 | 
     | req_meta_q_reg[12]     | CK ^ -> Q v | DFFHQX1  | 0.134 |   0.132 |    0.065 | 
     | FE_PHC13_req_meta_q_12 | A v -> Y v  | CLKBUFX3 | 0.074 |   0.207 |    0.139 | 
     | FE_PHC73_req_meta_q_12 | A v -> Y v  | BUFX3    | 0.061 |   0.267 |    0.200 | 
     | FE_PHC43_req_meta_q_12 | A v -> Y v  | CLKBUFX1 | 0.054 |   0.322 |    0.255 | 
     | req_sync_q_reg[12]     | D v         | DFFX1    | 0.000 |   0.322 |    0.255 | 
     +------------------------------------------------------------------------------+ 
Path 9: MET Hold Check with Pin req_sync_q_reg[1]/CK 
Endpoint:   req_sync_q_reg[1]/D (v) checked with  leading edge of 'clk'
Beginpoint: req_meta_q_reg[1]/Q (v) triggered by  leading edge of 'clk'
Path Groups: {clk}
Analysis View: hold_view
Other End Arrival Time          0.087
+ Hold                         -0.034
+ Phase Shift                   0.000
+ Uncertainty                   0.200
= Required Time                 0.253
  Arrival Time                  0.321
  Slack Time                    0.068
     Clock Rise Edge                 0.000
     + Clock Network Latency (Prop)  -0.002
     = Beginpoint Arrival Time       -0.002
     +-----------------------------------------------------------------------------+ 
     |       Instance        |     Arc     |   Cell   | Delay | Arrival | Required | 
     |                       |             |          |       |  Time   |   Time   | 
     |-----------------------+-------------+----------+-------+---------+----------| 
     | req_meta_q_reg[1]     | CK ^        |          |       |  -0.002 |   -0.069 | 
     | req_meta_q_reg[1]     | CK ^ -> Q v | DFFHQX1  | 0.134 |   0.132 |    0.064 | 
     | FE_PHC11_req_meta_q_1 | A v -> Y v  | CLKBUFX3 | 0.073 |   0.205 |    0.138 | 
     | FE_PHC76_req_meta_q_1 | A v -> Y v  | BUFX3    | 0.059 |   0.265 |    0.197 | 
     | FE_PHC44_req_meta_q_1 | A v -> Y v  | CLKBUFX1 | 0.056 |   0.321 |    0.253 | 
     | req_sync_q_reg[1]     | D v         | DFFX1    | 0.000 |   0.321 |    0.253 | 
     +-----------------------------------------------------------------------------+ 
Path 10: MET Hold Check with Pin req_sync_q_reg[11]/CK 
Endpoint:   req_sync_q_reg[11]/D (^) checked with  leading edge of 'clk'
Beginpoint: req_meta_q_reg[11]/Q (^) triggered by  leading edge of 'clk'
Path Groups: {clk}
Analysis View: hold_view
Other End Arrival Time          0.087
+ Hold                         -0.033
+ Phase Shift                   0.000
+ Uncertainty                   0.200
= Required Time                 0.254
  Arrival Time                  0.324
  Slack Time                    0.070
     Clock Rise Edge                 0.000
     + Clock Network Latency (Prop)  -0.001
     = Beginpoint Arrival Time       -0.001
     +------------------------------------------------------------------------------+ 
     |        Instance        |     Arc     |   Cell   | Delay | Arrival | Required | 
     |                        |             |          |       |  Time   |   Time   | 
     |------------------------+-------------+----------+-------+---------+----------| 
     | req_meta_q_reg[11]     | CK ^        |          |       |  -0.001 |   -0.071 | 
     | req_meta_q_reg[11]     | CK ^ -> Q ^ | DFFHQX1  | 0.162 |   0.161 |    0.091 | 
     | FE_PHC2_req_meta_q_11  | A ^ -> Y ^  | BUFX3    | 0.058 |   0.218 |    0.148 | 
     | FE_PHC75_req_meta_q_11 | A ^ -> Y ^  | BUFX3    | 0.049 |   0.267 |    0.198 | 
     | FE_PHC40_req_meta_q_11 | A ^ -> Y ^  | CLKBUFX1 | 0.056 |   0.324 |    0.254 | 
     | req_sync_q_reg[11]     | D ^         | DFFX1    | 0.000 |   0.324 |    0.254 | 
     +------------------------------------------------------------------------------+ 
Path 11: MET Hold Check with Pin req_sync_q_reg[8]/CK 
Endpoint:   req_sync_q_reg[8]/D (^) checked with  leading edge of 'clk'
Beginpoint: req_meta_q_reg[8]/Q (^) triggered by  leading edge of 'clk'
Path Groups: {clk}
Analysis View: hold_view
Other End Arrival Time          0.087
+ Hold                         -0.034
+ Phase Shift                   0.000
+ Uncertainty                   0.200
= Required Time                 0.253
  Arrival Time                  0.327
  Slack Time                    0.073
     Clock Rise Edge                 0.000
     + Clock Network Latency (Prop)  -0.002
     = Beginpoint Arrival Time       -0.002
     +----------------------------------------------------------------------------+ 
     |       Instance        |     Arc     |  Cell   | Delay | Arrival | Required | 
     |                       |             |         |       |  Time   |   Time   | 
     |-----------------------+-------------+---------+-------+---------+----------| 
     | req_meta_q_reg[8]     | CK ^        |         |       |  -0.002 |   -0.076 | 
     | req_meta_q_reg[8]     | CK ^ -> Q ^ | DFFHQX1 | 0.173 |   0.171 |    0.098 | 
     | FE_PHC16_req_meta_q_8 | A ^ -> Y ^  | BUFX8   | 0.049 |   0.220 |    0.147 | 
     | FE_PHC78_req_meta_q_8 | A ^ -> Y ^  | BUFX3   | 0.055 |   0.275 |    0.202 | 
     | FE_PHC36_req_meta_q_8 | A ^ -> Y ^  | BUFX3   | 0.051 |   0.327 |    0.253 | 
     | req_sync_q_reg[8]     | D ^         | DFFX1   | 0.000 |   0.327 |    0.253 | 
     +----------------------------------------------------------------------------+ 
Path 12: MET Hold Check with Pin req_sync_q_reg[6]/CK 
Endpoint:   req_sync_q_reg[6]/D (^) checked with  leading edge of 'clk'
Beginpoint: req_meta_q_reg[6]/Q (^) triggered by  leading edge of 'clk'
Path Groups: {clk}
Analysis View: hold_view
Other End Arrival Time          0.087
+ Hold                         -0.033
+ Phase Shift                   0.000
+ Uncertainty                   0.200
= Required Time                 0.254
  Arrival Time                  0.328
  Slack Time                    0.074
     Clock Rise Edge                 0.000
     + Clock Network Latency (Prop)  -0.002
     = Beginpoint Arrival Time       -0.002
     +-----------------------------------------------------------------------------+ 
     |       Instance        |     Arc     |   Cell   | Delay | Arrival | Required | 
     |                       |             |          |       |  Time   |   Time   | 
     |-----------------------+-------------+----------+-------+---------+----------| 
     | req_meta_q_reg[6]     | CK ^        |          |       |  -0.002 |   -0.076 | 
     | req_meta_q_reg[6]     | CK ^ -> Q ^ | DFFHQX1  | 0.162 |   0.160 |    0.086 | 
     | FE_PHC15_req_meta_q_6 | A ^ -> Y ^  | BUFX4    | 0.056 |   0.216 |    0.142 | 
     | FE_PHC74_req_meta_q_6 | A ^ -> Y ^  | BUFX3    | 0.051 |   0.267 |    0.193 | 
     | FE_PHC38_req_meta_q_6 | A ^ -> Y ^  | CLKBUFX1 | 0.061 |   0.328 |    0.254 | 
     | req_sync_q_reg[6]     | D ^         | DFFX1    | 0.000 |   0.328 |    0.254 | 
     +-----------------------------------------------------------------------------+ 
Path 13: MET Hold Check with Pin req_sync_q_reg[0]/CK 
Endpoint:   req_sync_q_reg[0]/D (^) checked with  leading edge of 'clk'
Beginpoint: req_meta_q_reg[0]/Q (^) triggered by  leading edge of 'clk'
Path Groups: {clk}
Analysis View: hold_view
Other End Arrival Time          0.086
+ Hold                         -0.033
+ Phase Shift                   0.000
+ Uncertainty                   0.200
= Required Time                 0.253
  Arrival Time                  0.327
  Slack Time                    0.074
     Clock Rise Edge                 0.000
     + Clock Network Latency (Prop)  -0.003
     = Beginpoint Arrival Time       -0.003
     +-----------------------------------------------------------------------------+ 
     |       Instance        |     Arc     |   Cell   | Delay | Arrival | Required | 
     |                       |             |          |       |  Time   |   Time   | 
     |-----------------------+-------------+----------+-------+---------+----------| 
     | req_meta_q_reg[0]     | CK ^        |          |       |  -0.003 |   -0.077 | 
     | req_meta_q_reg[0]     | CK ^ -> Q ^ | DFFHQX1  | 0.175 |   0.172 |    0.098 | 
     | FE_PHC14_req_meta_q_0 | A ^ -> Y ^  | BUFX8    | 0.050 |   0.222 |    0.148 | 
     | FE_PHC81_req_meta_q_0 | A ^ -> Y ^  | BUFX3    | 0.048 |   0.269 |    0.195 | 
     | FE_PHC35_req_meta_q_0 | A ^ -> Y ^  | CLKBUFX1 | 0.058 |   0.327 |    0.253 | 
     | req_sync_q_reg[0]     | D ^         | DFFX1    | 0.000 |   0.327 |    0.253 | 
     +-----------------------------------------------------------------------------+ 
Path 14: MET Hold Check with Pin req_sync_q_reg[2]/CK 
Endpoint:   req_sync_q_reg[2]/D (v) checked with  leading edge of 'clk'
Beginpoint: req_meta_q_reg[2]/Q (v) triggered by  leading edge of 'clk'
Path Groups: {clk}
Analysis View: hold_view
Other End Arrival Time          0.086
+ Hold                         -0.033
+ Phase Shift                   0.000
+ Uncertainty                   0.200
= Required Time                 0.253
  Arrival Time                  0.329
  Slack Time                    0.076
     Clock Rise Edge                 0.000
     + Clock Network Latency (Prop)  -0.002
     = Beginpoint Arrival Time       -0.002
     +-----------------------------------------------------------------------------+ 
     |       Instance        |     Arc     |   Cell   | Delay | Arrival | Required | 
     |                       |             |          |       |  Time   |   Time   | 
     |-----------------------+-------------+----------+-------+---------+----------| 
     | req_meta_q_reg[2]     | CK ^        |          |       |  -0.002 |   -0.078 | 
     | req_meta_q_reg[2]     | CK ^ -> Q v | DFFHQX1  | 0.146 |   0.144 |    0.068 | 
     | FE_PHC8_req_meta_q_2  | A v -> Y v  | CLKBUFX8 | 0.067 |   0.211 |    0.135 | 
     | FE_PHC77_req_meta_q_2 | A v -> Y v  | BUFX3    | 0.061 |   0.272 |    0.196 | 
     | FE_PHC39_req_meta_q_2 | A v -> Y v  | CLKBUFX1 | 0.057 |   0.329 |    0.253 | 
     | req_sync_q_reg[2]     | D v         | DFFX1    | 0.000 |   0.329 |    0.253 | 
     +-----------------------------------------------------------------------------+ 
Path 15: MET Hold Check with Pin req_sync_q_reg[4]/CK 
Endpoint:   req_sync_q_reg[4]/D (^) checked with  leading edge of 'clk'
Beginpoint: req_meta_q_reg[4]/Q (^) triggered by  leading edge of 'clk'
Path Groups: {clk}
Analysis View: hold_view
Other End Arrival Time          0.087
+ Hold                         -0.033
+ Phase Shift                   0.000
+ Uncertainty                   0.200
= Required Time                 0.254
  Arrival Time                  0.337
  Slack Time                    0.083
     Clock Rise Edge                 0.000
     + Clock Network Latency (Prop)  -0.003
     = Beginpoint Arrival Time       -0.003
     +-----------------------------------------------------------------------------+ 
     |       Instance        |     Arc     |   Cell   | Delay | Arrival | Required | 
     |                       |             |          |       |  Time   |   Time   | 
     |-----------------------+-------------+----------+-------+---------+----------| 
     | req_meta_q_reg[4]     | CK ^        |          |       |  -0.003 |   -0.086 | 
     | req_meta_q_reg[4]     | CK ^ -> Q ^ | DFFHQX1  | 0.165 |   0.162 |    0.079 | 
     | FE_PHC3_req_meta_q_4  | A ^ -> Y ^  | BUFX3    | 0.060 |   0.222 |    0.139 | 
     | FE_PHC79_req_meta_q_4 | A ^ -> Y ^  | BUFX3    | 0.057 |   0.279 |    0.195 | 
     | FE_PHC42_req_meta_q_4 | A ^ -> Y ^  | CLKBUFX1 | 0.059 |   0.337 |    0.254 | 
     | req_sync_q_reg[4]     | D ^         | DFFX1    | 0.000 |   0.337 |    0.254 | 
     +-----------------------------------------------------------------------------+ 
Path 16: MET Hold Check with Pin req_sync_q_reg[15]/CK 
Endpoint:   req_sync_q_reg[15]/D (^) checked with  leading edge of 'clk'
Beginpoint: req_meta_q_reg[15]/Q (^) triggered by  leading edge of 'clk'
Path Groups: {clk}
Analysis View: hold_view
Other End Arrival Time          0.087
+ Hold                         -0.033
+ Phase Shift                   0.000
+ Uncertainty                   0.200
= Required Time                 0.254
  Arrival Time                  0.342
  Slack Time                    0.088
     Clock Rise Edge                 0.000
     + Clock Network Latency (Prop)  -0.002
     = Beginpoint Arrival Time       -0.002
     +------------------------------------------------------------------------------+ 
     |        Instance        |     Arc     |   Cell   | Delay | Arrival | Required | 
     |                        |             |          |       |  Time   |   Time   | 
     |------------------------+-------------+----------+-------+---------+----------| 
     | req_meta_q_reg[15]     | CK ^        |          |       |  -0.002 |   -0.090 | 
     | req_meta_q_reg[15]     | CK ^ -> Q ^ | DFFHQX1  | 0.193 |   0.191 |    0.103 | 
     | FE_PHC7_req_meta_q_15  | A ^ -> Y ^  | BUFX12   | 0.050 |   0.241 |    0.153 | 
     | FE_PHC82_req_meta_q_15 | A ^ -> Y ^  | BUFX3    | 0.048 |   0.289 |    0.201 | 
     | FE_PHC20_req_meta_q_15 | A ^ -> Y ^  | CLKBUFX1 | 0.053 |   0.342 |    0.254 | 
     | req_sync_q_reg[15]     | D ^         | DFFX1    | 0.000 |   0.342 |    0.254 | 
     +------------------------------------------------------------------------------+ 

