###############################################################
#  Generated by:      Cadence Innovus 23.14-s088_1
#  OS:                Linux x86_64(Host ID <REMOTE_HOST>)
#  Generated on:      Fri Aug 21 03:19:57 2026
#  Design:            aer_pending_direct_gray_sync_core_reset
#  Command:           report_timing -max_paths 50 > [file join $report_dir postroute_hold_timing.rpt]
###############################################################
Path 1: MET Hold Check with Pin req_sync_q_reg[10]/CK 
Endpoint:   req_sync_q_reg[10]/D (v) checked with  leading edge of 'clk'
Beginpoint: req_meta_q_reg[10]/Q (v) triggered by  leading edge of 'clk'
Path Groups: {clk}
Analysis View: hold_view
Other End Arrival Time          0.087
+ Hold                         -0.036
+ Phase Shift                   0.000
+ Uncertainty                   0.200
= Required Time                 0.251
  Arrival Time                  0.280
  Slack Time                    0.028
     Clock Rise Edge                 0.000
     + Clock Network Latency (Prop)  -0.002
     = Beginpoint Arrival Time       -0.002
     +------------------------------------------------------------------------------+ 
     |        Instance        |     Arc     |   Cell   | Delay | Arrival | Required | 
     |                        |             |          |       |  Time   |   Time   | 
     |------------------------+-------------+----------+-------+---------+----------| 
     | req_meta_q_reg[10]     | CK ^        |          |       |  -0.002 |   -0.031 | 
     | req_meta_q_reg[10]     | CK ^ -> Q v | DFFHQX1  | 0.147 |   0.145 |    0.116 | 
     | FE_PHC4_req_meta_q_10  | A v -> Y v  | BUFX3    | 0.071 |   0.215 |    0.187 | 
     | FE_PHC45_req_meta_q_10 | A v -> Y v  | CLKBUFX1 | 0.064 |   0.280 |    0.251 | 
     | req_sync_q_reg[10]     | D v         | DFFX1    | 0.000 |   0.280 |    0.251 | 
     +------------------------------------------------------------------------------+ 
Path 2: MET Hold Check with Pin pending_q_reg[2]/CK 
Endpoint:   pending_q_reg[2]/D (^) checked with  leading edge of 'clk'
Beginpoint: pending_q_reg[2]/Q (^) triggered by  leading edge of 'clk'
Path Groups: {clk}
Analysis View: hold_view
Other End Arrival Time          0.089
+ Hold                         -0.033
+ Phase Shift                   0.000
+ Uncertainty                   0.200
= Required Time                 0.256
  Arrival Time                  0.289
  Slack Time                    0.033
     Clock Rise Edge                 0.000
     + Clock Network Latency (Prop)  0.001
     = Beginpoint Arrival Time       0.001
     +-------------------------------------------------------------------------+ 
     |     Instance     |     Arc     |   Cell    | Delay | Arrival | Required | 
     |                  |             |           |       |  Time   |   Time   | 
     |------------------+-------------+-----------+-------+---------+----------| 
     | pending_q_reg[2] | CK ^        |           |       |   0.001 |   -0.032 | 
     | pending_q_reg[2] | CK ^ -> Q ^ | DFFHQX1   | 0.167 |   0.167 |    0.135 | 
     | g5880__8428      | B0 ^ -> Y v | AOI2BB1X1 | 0.067 |   0.234 |    0.202 | 
     | g5755__5526      | B0 v -> Y ^ | AOI21XL   | 0.055 |   0.289 |    0.256 | 
     | pending_q_reg[2] | D ^         | DFFHQX1   | 0.000 |   0.289 |    0.256 | 
     +-------------------------------------------------------------------------+ 
Path 3: MET Hold Check with Pin pending_q_reg[13]/CK 
Endpoint:   pending_q_reg[13]/D (^) checked with  leading edge of 'clk'
Beginpoint: pending_q_reg[13]/Q (^) triggered by  leading edge of 'clk'
Path Groups: {clk}
Analysis View: hold_view
Other End Arrival Time          0.089
+ Hold                         -0.032
+ Phase Shift                   0.000
+ Uncertainty                   0.200
= Required Time                 0.257
  Arrival Time                  0.291
  Slack Time                    0.034
     Clock Rise Edge                 0.000
     + Clock Network Latency (Prop)  0.001
     = Beginpoint Arrival Time       0.001
     +--------------------------------------------------------------------------+ 
     |     Instance      |     Arc     |   Cell    | Delay | Arrival | Required | 
     |                   |             |           |       |  Time   |   Time   | 
     |-------------------+-------------+-----------+-------+---------+----------| 
     | pending_q_reg[13] | CK ^        |           |       |   0.001 |   -0.033 | 
     | pending_q_reg[13] | CK ^ -> Q ^ | DFFHQX1   | 0.170 |   0.171 |    0.137 | 
     | g5871__1881       | B0 ^ -> Y v | AOI2BB1X1 | 0.060 |   0.231 |    0.197 | 
     | g5748__2802       | B0 v -> Y ^ | AOI21XL   | 0.059 |   0.291 |    0.257 | 
     | pending_q_reg[13] | D ^         | DFFHQX1   | 0.000 |   0.291 |    0.257 | 
     +--------------------------------------------------------------------------+ 
Path 4: MET Hold Check with Pin pending_q_reg[11]/CK 
Endpoint:   pending_q_reg[11]/D (^) checked with  leading edge of 'clk'
Beginpoint: pending_q_reg[11]/Q (^) triggered by  leading edge of 'clk'
Path Groups: {clk}
Analysis View: hold_view
Other End Arrival Time          0.088
+ Hold                         -0.032
+ Phase Shift                   0.000
+ Uncertainty                   0.200
= Required Time                 0.256
  Arrival Time                  0.294
  Slack Time                    0.038
     Clock Rise Edge                 0.000
     + Clock Network Latency (Prop)  -0.000
     = Beginpoint Arrival Time       -0.000
     +--------------------------------------------------------------------------+ 
     |     Instance      |     Arc     |   Cell    | Delay | Arrival | Required | 
     |                   |             |           |       |  Time   |   Time   | 
     |-------------------+-------------+-----------+-------+---------+----------| 
     | pending_q_reg[11] | CK ^        |           |       |  -0.000 |   -0.039 | 
     | pending_q_reg[11] | CK ^ -> Q ^ | DFFHQX1   | 0.168 |   0.168 |    0.129 | 
     | g5868__2883       | B0 ^ -> Y v | AOI2BB1X1 | 0.060 |   0.228 |    0.189 | 
     | g5743__1881       | B0 v -> Y ^ | AOI21XL   | 0.067 |   0.294 |    0.256 | 
     | pending_q_reg[11] | D ^         | DFFHQX1   | 0.000 |   0.294 |    0.256 | 
     +--------------------------------------------------------------------------+ 
Path 5: MET Removal Check with Pin reset_release_q_reg[1]/CK 
Endpoint:   reset_release_q_reg[1]/RN (^) checked with  leading edge of 'clk'
Beginpoint: rst_n                     (^) triggered by  leading edge of '@'
Path Groups: {async_default}
Analysis View: hold_view
Other End Arrival Time          0.084
+ Removal                      -0.031
+ Phase Shift                   0.000
+ Uncertainty                   0.200
= Required Time                 0.252
  Arrival Time                  0.295
  Slack Time                    0.043
     Clock Rise Edge                      0.000
     + Input Delay                        0.000
     = Beginpoint Arrival Time            0.000
     +-----------------------------------------------------------------------------+ 
     |        Instance        |    Arc     |   Cell   | Delay | Arrival | Required | 
     |                        |            |          |       |  Time   |   Time   | 
     |------------------------+------------+----------+-------+---------+----------| 
     |                        | rst_n ^    |          |       |   0.000 |   -0.043 | 
     | FE_PHC24_rst_n         | A ^ -> Y ^ | BUFX3    | 0.045 |   0.045 |    0.002 | 
     | FE_PHC1_rst_n          | A ^ -> Y ^ | DLY2X1   | 0.250 |   0.295 |    0.252 | 
     | reset_release_q_reg[1] | RN ^       | DFFRHQX1 | 0.000 |   0.295 |    0.252 | 
     +-----------------------------------------------------------------------------+ 
Path 6: MET Removal Check with Pin reset_release_q_reg[0]/CK 
Endpoint:   reset_release_q_reg[0]/RN (^) checked with  leading edge of 'clk'
Beginpoint: rst_n                     (^) triggered by  leading edge of '@'
Path Groups: {async_default}
Analysis View: hold_view
Other End Arrival Time          0.084
+ Removal                      -0.031
+ Phase Shift                   0.000
+ Uncertainty                   0.200
= Required Time                 0.252
  Arrival Time                  0.295
  Slack Time                    0.043
     Clock Rise Edge                      0.000
     + Input Delay                        0.000
     = Beginpoint Arrival Time            0.000
     +-----------------------------------------------------------------------------+ 
     |        Instance        |    Arc     |   Cell   | Delay | Arrival | Required | 
     |                        |            |          |       |  Time   |   Time   | 
     |------------------------+------------+----------+-------+---------+----------| 
     |                        | rst_n ^    |          |       |   0.000 |   -0.043 | 
     | FE_PHC24_rst_n         | A ^ -> Y ^ | BUFX3    | 0.045 |   0.045 |    0.002 | 
     | FE_PHC1_rst_n          | A ^ -> Y ^ | DLY2X1   | 0.250 |   0.295 |    0.252 | 
     | reset_release_q_reg[0] | RN ^       | DFFRHQX1 | 0.000 |   0.295 |    0.252 | 
     +-----------------------------------------------------------------------------+ 
Path 7: MET Hold Check with Pin pending_q_reg[4]/CK 
Endpoint:   pending_q_reg[4]/D (^) checked with  leading edge of 'clk'
Beginpoint: pending_q_reg[4]/Q (^) triggered by  leading edge of 'clk'
Path Groups: {clk}
Analysis View: hold_view
Other End Arrival Time          0.090
+ Hold                         -0.032
+ Phase Shift                   0.000
+ Uncertainty                   0.200
= Required Time                 0.258
  Arrival Time                  0.301
  Slack Time                    0.043
     Clock Rise Edge                 0.000
     + Clock Network Latency (Prop)  0.001
     = Beginpoint Arrival Time       0.001
     +-------------------------------------------------------------------------+ 
     |     Instance     |     Arc     |   Cell    | Delay | Arrival | Required | 
     |                  |             |           |       |  Time   |   Time   | 
     |------------------+-------------+-----------+-------+---------+----------| 
     | pending_q_reg[4] | CK ^        |           |       |   0.001 |   -0.042 | 
     | pending_q_reg[4] | CK ^ -> Q ^ | DFFHQX1   | 0.161 |   0.162 |    0.119 | 
     | g5879__5526      | B0 ^ -> Y v | AOI2BB1XL | 0.069 |   0.231 |    0.188 | 
     | g5754__6783      | B0 v -> Y ^ | AOI21XL   | 0.070 |   0.301 |    0.258 | 
     | pending_q_reg[4] | D ^         | DFFHQX1   | 0.000 |   0.301 |    0.258 | 
     +-------------------------------------------------------------------------+ 
Path 8: MET Hold Check with Pin pending_q_reg[9]/CK 
Endpoint:   pending_q_reg[9]/D (^) checked with  leading edge of 'clk'
Beginpoint: pending_q_reg[9]/Q (^) triggered by  leading edge of 'clk'
Path Groups: {clk}
Analysis View: hold_view
Other End Arrival Time          0.089
+ Hold                         -0.031
+ Phase Shift                   0.000
+ Uncertainty                   0.200
= Required Time                 0.257
  Arrival Time                  0.302
  Slack Time                    0.044
     Clock Rise Edge                 0.000
     + Clock Network Latency (Prop)  0.000
     = Beginpoint Arrival Time       0.000
     +-------------------------------------------------------------------------+ 
     |     Instance     |     Arc     |   Cell    | Delay | Arrival | Required | 
     |                  |             |           |       |  Time   |   Time   | 
     |------------------+-------------+-----------+-------+---------+----------| 
     | pending_q_reg[9] | CK ^        |           |       |   0.000 |   -0.044 | 
     | pending_q_reg[9] | CK ^ -> Q ^ | DFFHQX1   | 0.166 |   0.167 |    0.122 | 
     | g5874__4733      | B0 ^ -> Y v | AOI2BB1X1 | 0.058 |   0.225 |    0.180 | 
     | g5744__6131      | B0 v -> Y ^ | AOI21XL   | 0.077 |   0.302 |    0.257 | 
     | pending_q_reg[9] | D ^         | DFFHQX1   | 0.000 |   0.302 |    0.257 | 
     +-------------------------------------------------------------------------+ 
Path 9: MET Hold Check with Pin out_addr_q_reg[1]/CK 
Endpoint:   out_addr_q_reg[1]/D (^) checked with  leading edge of 'clk'
Beginpoint: out_addr_q_reg[1]/Q (^) triggered by  leading edge of 'clk'
Path Groups: {clk}
Analysis View: hold_view
Other End Arrival Time          0.088
+ Hold                         -0.033
+ Phase Shift                   0.000
+ Uncertainty                   0.200
= Required Time                 0.255
  Arrival Time                  0.301
  Slack Time                    0.045
     Clock Rise Edge                 0.000
     + Clock Network Latency (Prop)  0.000
     = Beginpoint Arrival Time       0.000
     +-----------------------------------------------------------------------------+ 
     |      Instance       |     Arc      |   Cell    | Delay | Arrival | Required | 
     |                     |              |           |       |  Time   |   Time   | 
     |---------------------+--------------+-----------+-------+---------+----------| 
     | out_addr_q_reg[1]   | CK ^         |           |       |   0.000 |   -0.045 | 
     | out_addr_q_reg[1]   | CK ^ -> Q ^  | DFFHQX1   | 0.169 |   0.170 |    0.124 | 
     | FE_PHC21_out_addr_1 | A ^ -> Y ^   | BUFX3     | 0.054 |   0.223 |    0.178 | 
     | g5787__7098         | A0N ^ -> Y ^ | OAI2BB2X1 | 0.077 |   0.301 |    0.255 | 
     | out_addr_q_reg[1]   | D ^          | DFFHQX1   | 0.000 |   0.301 |    0.255 | 
     +-----------------------------------------------------------------------------+ 
Path 10: MET Hold Check with Pin req_sync_q_reg[7]/CK 
Endpoint:   req_sync_q_reg[7]/D (v) checked with  leading edge of 'clk'
Beginpoint: req_meta_q_reg[7]/Q (v) triggered by  leading edge of 'clk'
Path Groups: {clk}
Analysis View: hold_view
Other End Arrival Time          0.087
+ Hold                         -0.037
+ Phase Shift                   0.000
+ Uncertainty                   0.200
= Required Time                 0.250
  Arrival Time                  0.296
  Slack Time                    0.045
     Clock Rise Edge                 0.000
     + Clock Network Latency (Prop)  -0.002
     = Beginpoint Arrival Time       -0.002
     +-----------------------------------------------------------------------------+ 
     |       Instance        |     Arc     |   Cell   | Delay | Arrival | Required | 
     |                       |             |          |       |  Time   |   Time   | 
     |-----------------------+-------------+----------+-------+---------+----------| 
     | req_meta_q_reg[7]     | CK ^        |          |       |  -0.002 |   -0.048 | 
     | req_meta_q_reg[7]     | CK ^ -> Q v | DFFHQX1  | 0.165 |   0.162 |    0.117 | 
     | FE_PHC46_req_meta_q_7 | A v -> Y v  | BUFX8    | 0.068 |   0.230 |    0.185 | 
     | FE_PHC17_req_meta_q_7 | A v -> Y v  | CLKBUFX1 | 0.065 |   0.296 |    0.250 | 
     | req_sync_q_reg[7]     | D v         | DFFX1    | 0.000 |   0.296 |    0.250 | 
     +-----------------------------------------------------------------------------+ 
Path 11: MET Hold Check with Pin epoch_gray_q_reg[3]/CK 
Endpoint:   epoch_gray_q_reg[3]/D (^) checked with  leading edge of 'clk'
Beginpoint: epoch_gray_q_reg[3]/Q (^) triggered by  leading edge of 'clk'
Path Groups: {clk}
Analysis View: hold_view
Other End Arrival Time          0.088
+ Hold                         -0.033
+ Phase Shift                   0.000
+ Uncertainty                   0.200
= Required Time                 0.254
  Arrival Time                  0.301
  Slack Time                    0.046
     Clock Rise Edge                 0.000
     + Clock Network Latency (Prop)  -0.000
     = Beginpoint Arrival Time       -0.000
     +--------------------------------------------------------------------------+ 
     |      Instance       |     Arc     |  Cell   | Delay | Arrival | Required | 
     |                     |             |         |       |  Time   |   Time   | 
     |---------------------+-------------+---------+-------+---------+----------| 
     | epoch_gray_q_reg[3] | CK ^        |         |       |  -0.000 |   -0.047 | 
     | epoch_gray_q_reg[3] | CK ^ -> Q ^ | DFFHQX1 | 0.220 |   0.220 |    0.174 | 
     | g5809__2346         | B1 ^ -> Y v | AOI22X1 | 0.046 |   0.266 |    0.219 | 
     | g5806               | A v -> Y ^  | INVX1   | 0.035 |   0.301 |    0.254 | 
     | epoch_gray_q_reg[3] | D ^         | DFFHQX1 | 0.000 |   0.301 |    0.254 | 
     +--------------------------------------------------------------------------+ 
Path 12: MET Hold Check with Pin out_addr_q_reg[3]/CK 
Endpoint:   out_addr_q_reg[3]/D (v) checked with  leading edge of 'clk'
Beginpoint: out_addr_q_reg[3]/Q (v) triggered by  leading edge of 'clk'
Path Groups: {clk}
Analysis View: hold_view
Other End Arrival Time          0.088
+ Hold                         -0.035
+ Phase Shift                   0.000
+ Uncertainty                   0.200
= Required Time                 0.253
  Arrival Time                  0.301
  Slack Time                    0.048
     Clock Rise Edge                 0.000
     + Clock Network Latency (Prop)  0.000
     = Beginpoint Arrival Time       0.000
     +-----------------------------------------------------------------------------+ 
     |      Instance       |     Arc      |   Cell    | Delay | Arrival | Required | 
     |                     |              |           |       |  Time   |   Time   | 
     |---------------------+--------------+-----------+-------+---------+----------| 
     | out_addr_q_reg[3]   | CK ^         |           |       |   0.000 |   -0.047 | 
     | out_addr_q_reg[3]   | CK ^ -> Q v  | DFFHQX1   | 0.152 |   0.152 |    0.105 | 
     | FE_PHC22_out_addr_3 | A v -> Y v   | BUFX3     | 0.068 |   0.220 |    0.173 | 
     | g5815__6260         | A0N v -> Y v | OAI2BB2XL | 0.081 |   0.301 |    0.253 | 
     | out_addr_q_reg[3]   | D v          | DFFHQX1   | 0.000 |   0.301 |    0.253 | 
     +-----------------------------------------------------------------------------+ 
Path 13: MET Hold Check with Pin pending_q_reg[15]/CK 
Endpoint:   pending_q_reg[15]/D (^) checked with  leading edge of 'clk'
Beginpoint: pending_q_reg[15]/Q (^) triggered by  leading edge of 'clk'
Path Groups: {clk}
Analysis View: hold_view
Other End Arrival Time          0.087
+ Hold                         -0.032
+ Phase Shift                   0.000
+ Uncertainty                   0.200
= Required Time                 0.255
  Arrival Time                  0.305
  Slack Time                    0.050
     Clock Rise Edge                 0.000
     + Clock Network Latency (Prop)  -0.001
     = Beginpoint Arrival Time       -0.001
     +--------------------------------------------------------------------------+ 
     |     Instance      |     Arc     |   Cell    | Delay | Arrival | Required | 
     |                   |             |           |       |  Time   |   Time   | 
     |-------------------+-------------+-----------+-------+---------+----------| 
     | pending_q_reg[15] | CK ^        |           |       |  -0.001 |   -0.051 | 
     | pending_q_reg[15] | CK ^ -> Q ^ | DFFHQX1   | 0.171 |   0.170 |    0.120 | 
     | g5869__7098       | B0 ^ -> Y v | AOI2BB1X1 | 0.063 |   0.233 |    0.183 | 
     | g5750__1617       | B0 v -> Y ^ | AOI21XL   | 0.072 |   0.305 |    0.255 | 
     | pending_q_reg[15] | D ^         | DFFHQX1   | 0.000 |   0.305 |    0.255 | 
     +--------------------------------------------------------------------------+ 
Path 14: MET Hold Check with Pin out_addr_q_reg[0]/CK 
Endpoint:   out_addr_q_reg[0]/D (^) checked with  leading edge of 'clk'
Beginpoint: out_addr_q_reg[0]/Q (^) triggered by  leading edge of 'clk'
Path Groups: {clk}
Analysis View: hold_view
Other End Arrival Time          0.089
+ Hold                         -0.033
+ Phase Shift                   0.000
+ Uncertainty                   0.200
= Required Time                 0.255
  Arrival Time                  0.311
  Slack Time                    0.055
     Clock Rise Edge                 0.000
     + Clock Network Latency (Prop)  0.000
     = Beginpoint Arrival Time       0.000
     +-----------------------------------------------------------------------------+ 
     |      Instance       |     Arc      |   Cell    | Delay | Arrival | Required | 
     |                     |              |           |       |  Time   |   Time   | 
     |---------------------+--------------+-----------+-------+---------+----------| 
     | out_addr_q_reg[0]   | CK ^         |           |       |   0.000 |   -0.055 | 
     | out_addr_q_reg[0]   | CK ^ -> Q ^  | DFFHQX1   | 0.178 |   0.178 |    0.123 | 
     | FE_PHC23_out_addr_0 | A ^ -> Y ^   | BUFX3     | 0.056 |   0.234 |    0.179 | 
     | g5762__6161         | A0N ^ -> Y ^ | OAI2BB2X1 | 0.076 |   0.311 |    0.255 | 
     | out_addr_q_reg[0]   | D ^          | DFFHQX1   | 0.000 |   0.311 |    0.255 | 
     +-----------------------------------------------------------------------------+ 
Path 15: MET Hold Check with Pin req_sync_q_reg[5]/CK 
Endpoint:   req_sync_q_reg[5]/D (^) checked with  leading edge of 'clk'
Beginpoint: req_meta_q_reg[5]/Q (^) triggered by  leading edge of 'clk'
Path Groups: {clk}
Analysis View: hold_view
Other End Arrival Time          0.087
+ Hold                         -0.033
+ Phase Shift                   0.000
+ Uncertainty                   0.200
= Required Time                 0.254
  Arrival Time                  0.310
  Slack Time                    0.056
     Clock Rise Edge                 0.000
     + Clock Network Latency (Prop)  -0.002
     = Beginpoint Arrival Time       -0.002
     +-----------------------------------------------------------------------------+ 
     |       Instance        |     Arc     |   Cell   | Delay | Arrival | Required | 
     |                       |             |          |       |  Time   |   Time   | 
     |-----------------------+-------------+----------+-------+---------+----------| 
     | req_meta_q_reg[5]     | CK ^        |          |       |  -0.002 |   -0.059 | 
     | req_meta_q_reg[5]     | CK ^ -> Q ^ | DFFHQX1  | 0.154 |   0.152 |    0.096 | 
     | FE_PHC47_req_meta_q_5 | A ^ -> Y ^  | BUFX3    | 0.054 |   0.206 |    0.149 | 
     | FE_PHC19_req_meta_q_5 | A ^ -> Y ^  | BUFX3    | 0.047 |   0.253 |    0.197 | 
     | FE_PHC12_req_meta_q_5 | A ^ -> Y ^  | CLKBUFX1 | 0.057 |   0.310 |    0.254 | 
     | req_sync_q_reg[5]     | D ^         | DFFX1    | 0.000 |   0.310 |    0.254 | 
     +-----------------------------------------------------------------------------+ 
Path 16: MET Hold Check with Pin req_sync_q_reg[3]/CK 
Endpoint:   req_sync_q_reg[3]/D (^) checked with  leading edge of 'clk'
Beginpoint: req_meta_q_reg[3]/Q (^) triggered by  leading edge of 'clk'
Path Groups: {clk}
Analysis View: hold_view
Other End Arrival Time          0.085
+ Hold                         -0.033
+ Phase Shift                   0.000
+ Uncertainty                   0.200
= Required Time                 0.252
  Arrival Time                  0.311
  Slack Time                    0.059
     Clock Rise Edge                 0.000
     + Clock Network Latency (Prop)  -0.003
     = Beginpoint Arrival Time       -0.003
     +-----------------------------------------------------------------------------+ 
     |       Instance        |     Arc     |   Cell   | Delay | Arrival | Required | 
     |                       |             |          |       |  Time   |   Time   | 
     |-----------------------+-------------+----------+-------+---------+----------| 
     | req_meta_q_reg[3]     | CK ^        |          |       |  -0.003 |   -0.062 | 
     | req_meta_q_reg[3]     | CK ^ -> Q ^ | DFFHQX1  | 0.158 |   0.155 |    0.096 | 
     | FE_PHC9_req_meta_q_3  | A ^ -> Y ^  | BUFX4    | 0.053 |   0.207 |    0.148 | 
     | FE_PHC71_req_meta_q_3 | A ^ -> Y ^  | BUFX3    | 0.048 |   0.256 |    0.196 | 
     | FE_PHC37_req_meta_q_3 | A ^ -> Y ^  | CLKBUFX1 | 0.056 |   0.311 |    0.252 | 
     | req_sync_q_reg[3]     | D ^         | DFFX1    | 0.000 |   0.311 |    0.252 | 
     +-----------------------------------------------------------------------------+ 
Path 17: MET Hold Check with Pin epoch_gray_q_reg[2]/CK 
Endpoint:   epoch_gray_q_reg[2]/D (v) checked with  leading edge of 'clk'
Beginpoint: epoch_gray_q_reg[2]/Q (v) triggered by  leading edge of 'clk'
Path Groups: {clk}
Analysis View: hold_view
Other End Arrival Time          0.088
+ Hold                         -0.032
+ Phase Shift                   0.000
+ Uncertainty                   0.200
= Required Time                 0.256
  Arrival Time                  0.316
  Slack Time                    0.060
     Clock Rise Edge                 0.000
     + Clock Network Latency (Prop)  -0.000
     = Beginpoint Arrival Time       -0.000
     +--------------------------------------------------------------------------+ 
     |      Instance       |     Arc     |  Cell   | Delay | Arrival | Required | 
     |                     |             |         |       |  Time   |   Time   | 
     |---------------------+-------------+---------+-------+---------+----------| 
     | epoch_gray_q_reg[2] | CK ^        |         |       |  -0.000 |   -0.060 | 
     | epoch_gray_q_reg[2] | CK ^ -> Q v | DFFX1   | 0.204 |   0.204 |    0.144 | 
     | g5810__1666         | B1 v -> Y ^ | AOI22X1 | 0.092 |   0.296 |    0.236 | 
     | g5807               | A ^ -> Y v  | INVX1   | 0.020 |   0.316 |    0.256 | 
     | epoch_gray_q_reg[2] | D v         | DFFX1   | 0.000 |   0.316 |    0.256 | 
     +--------------------------------------------------------------------------+ 
Path 18: MET Hold Check with Pin pending_q_reg[7]/CK 
Endpoint:   pending_q_reg[7]/D (^) checked with  leading edge of 'clk'
Beginpoint: pending_q_reg[7]/Q (^) triggered by  leading edge of 'clk'
Path Groups: {clk}
Analysis View: hold_view
Other End Arrival Time          0.089
+ Hold                         -0.033
+ Phase Shift                   0.000
+ Uncertainty                   0.200
= Required Time                 0.256
  Arrival Time                  0.317
  Slack Time                    0.061
     Clock Rise Edge                 0.000
     + Clock Network Latency (Prop)  0.001
     = Beginpoint Arrival Time       0.001
     +-----------------------------------------------------------------------------+ 
     |       Instance       |     Arc     |   Cell    | Delay | Arrival | Required | 
     |                      |             |           |       |  Time   |   Time   | 
     |----------------------+-------------+-----------+-------+---------+----------| 
     | pending_q_reg[7]     | CK ^        |           |       |   0.001 |   -0.060 | 
     | pending_q_reg[7]     | CK ^ -> Q ^ | DFFHQX1   | 0.151 |   0.152 |    0.091 | 
     | FE_PHC48_pending_q_7 | A ^ -> Y ^  | BUFX3     | 0.057 |   0.209 |    0.148 | 
     | g5881__2802          | B0 ^ -> Y v | AOI2BB1X1 | 0.055 |   0.264 |    0.204 | 
     | g5758__1705          | B0 v -> Y ^ | AOI21XL   | 0.052 |   0.317 |    0.256 | 
     | pending_q_reg[7]     | D ^         | DFFHQX1   | 0.000 |   0.317 |    0.256 | 
     +-----------------------------------------------------------------------------+ 
Path 19: MET Hold Check with Pin req_sync_q_reg[14]/CK 
Endpoint:   req_sync_q_reg[14]/D (v) checked with  leading edge of 'clk'
Beginpoint: req_meta_q_reg[14]/Q (v) triggered by  leading edge of 'clk'
Path Groups: {clk}
Analysis View: hold_view
Other End Arrival Time          0.089
+ Hold                         -0.033
+ Phase Shift                   0.000
+ Uncertainty                   0.200
= Required Time                 0.256
  Arrival Time                  0.317
  Slack Time                    0.061
     Clock Rise Edge                 0.000
     + Clock Network Latency (Prop)  -0.002
     = Beginpoint Arrival Time       -0.002
     +------------------------------------------------------------------------------+ 
     |        Instance        |     Arc     |   Cell   | Delay | Arrival | Required | 
     |                        |             |          |       |  Time   |   Time   | 
     |------------------------+-------------+----------+-------+---------+----------| 
     | req_meta_q_reg[14]     | CK ^        |          |       |  -0.002 |   -0.064 | 
     | req_meta_q_reg[14]     | CK ^ -> Q v | DFFHQX1  | 0.135 |   0.133 |    0.071 | 
     | FE_PHC10_req_meta_q_14 | A v -> Y v  | CLKBUFX4 | 0.071 |   0.203 |    0.142 | 
     | FE_PHC70_req_meta_q_14 | A v -> Y v  | BUFX3    | 0.059 |   0.263 |    0.201 | 
     | FE_PHC41_req_meta_q_14 | A v -> Y v  | CLKBUFX1 | 0.054 |   0.317 |    0.256 | 
     | req_sync_q_reg[14]     | D v         | DFFX1    | 0.000 |   0.317 |    0.256 | 
     +------------------------------------------------------------------------------+ 
Path 20: MET Hold Check with Pin pending_q_reg[5]/CK 
Endpoint:   pending_q_reg[5]/D (^) checked with  leading edge of 'clk'
Beginpoint: pending_q_reg[5]/Q (^) triggered by  leading edge of 'clk'
Path Groups: {clk}
Analysis View: hold_view
Other End Arrival Time          0.090
+ Hold                         -0.032
+ Phase Shift                   0.000
+ Uncertainty                   0.200
= Required Time                 0.257
  Arrival Time                  0.320
  Slack Time                    0.062
     Clock Rise Edge                 0.000
     + Clock Network Latency (Prop)  0.001
     = Beginpoint Arrival Time       0.001
     +-----------------------------------------------------------------------------+ 
     |       Instance       |     Arc     |   Cell    | Delay | Arrival | Required | 
     |                      |             |           |       |  Time   |   Time   | 
     |----------------------+-------------+-----------+-------+---------+----------| 
     | pending_q_reg[5]     | CK ^        |           |       |   0.001 |   -0.061 | 
     | pending_q_reg[5]     | CK ^ -> Q ^ | DFFHQX1   | 0.153 |   0.155 |    0.092 | 
     | FE_PHC52_pending_q_5 | A ^ -> Y ^  | BUFX3     | 0.058 |   0.213 |    0.150 | 
     | g5878__9945          | B0 ^ -> Y v | AOI2BB1X1 | 0.049 |   0.262 |    0.200 | 
     | g5751__5122          | B0 v -> Y ^ | AOI21XL   | 0.057 |   0.320 |    0.257 | 
     | pending_q_reg[5]     | D ^         | DFFHQX1   | 0.000 |   0.320 |    0.257 | 
     +-----------------------------------------------------------------------------+ 
Path 21: MET Hold Check with Pin pending_q_reg[6]/CK 
Endpoint:   pending_q_reg[6]/D (^) checked with  leading edge of 'clk'
Beginpoint: pending_q_reg[6]/Q (^) triggered by  leading edge of 'clk'
Path Groups: {clk}
Analysis View: hold_view
Other End Arrival Time          0.089
+ Hold                         -0.033
+ Phase Shift                   0.000
+ Uncertainty                   0.200
= Required Time                 0.256
  Arrival Time                  0.319
  Slack Time                    0.062
     Clock Rise Edge                 0.000
     + Clock Network Latency (Prop)  0.001
     = Beginpoint Arrival Time       0.001
     +-----------------------------------------------------------------------------+ 
     |       Instance       |     Arc     |   Cell    | Delay | Arrival | Required | 
     |                      |             |           |       |  Time   |   Time   | 
     |----------------------+-------------+-----------+-------+---------+----------| 
     | pending_q_reg[6]     | CK ^        |           |       |   0.001 |   -0.062 | 
     | pending_q_reg[6]     | CK ^ -> Q ^ | DFFHQX1   | 0.151 |   0.152 |    0.090 | 
     | FE_PHC49_pending_q_6 | A ^ -> Y ^  | BUFX3     | 0.059 |   0.211 |    0.149 | 
     | g5884__6783          | B0 ^ -> Y v | AOI2BB1X1 | 0.055 |   0.266 |    0.203 | 
     | g5757__6260          | B0 v -> Y ^ | AOI21XL   | 0.053 |   0.319 |    0.256 | 
     | pending_q_reg[6]     | D ^         | DFFHQX1   | 0.000 |   0.319 |    0.256 | 
     +-----------------------------------------------------------------------------+ 
Path 22: MET Hold Check with Pin req_sync_q_reg[13]/CK 
Endpoint:   req_sync_q_reg[13]/D (v) checked with  leading edge of 'clk'
Beginpoint: req_meta_q_reg[13]/Q (v) triggered by  leading edge of 'clk'
Path Groups: {clk}
Analysis View: hold_view
Other End Arrival Time          0.087
+ Hold                         -0.033
+ Phase Shift                   0.000
+ Uncertainty                   0.200
= Required Time                 0.255
  Arrival Time                  0.317
  Slack Time                    0.063
     Clock Rise Edge                 0.000
     + Clock Network Latency (Prop)  -0.001
     = Beginpoint Arrival Time       -0.001
     +------------------------------------------------------------------------------+ 
     |        Instance        |     Arc     |   Cell   | Delay | Arrival | Required | 
     |                        |             |          |       |  Time   |   Time   | 
     |------------------------+-------------+----------+-------+---------+----------| 
     | req_meta_q_reg[13]     | CK ^        |          |       |  -0.001 |   -0.064 | 
     | req_meta_q_reg[13]     | CK ^ -> Q v | DFFHQX1  | 0.142 |   0.141 |    0.078 | 
     | FE_PHC5_req_meta_q_13  | A v -> Y v  | CLKBUFX8 | 0.065 |   0.206 |    0.143 | 
     | FE_PHC69_req_meta_q_13 | A v -> Y v  | BUFX3    | 0.057 |   0.263 |    0.201 | 
     | FE_PHC34_req_meta_q_13 | A v -> Y v  | CLKBUFX1 | 0.054 |   0.317 |    0.255 | 
     | req_sync_q_reg[13]     | D v         | DFFX1    | 0.000 |   0.317 |    0.255 | 
     +------------------------------------------------------------------------------+ 
Path 23: MET Hold Check with Pin pending_q_reg[1]/CK 
Endpoint:   pending_q_reg[1]/D (^) checked with  leading edge of 'clk'
Beginpoint: pending_q_reg[1]/Q (^) triggered by  leading edge of 'clk'
Path Groups: {clk}
Analysis View: hold_view
Other End Arrival Time          0.089
+ Hold                         -0.033
+ Phase Shift                   0.000
+ Uncertainty                   0.200
= Required Time                 0.257
  Arrival Time                  0.319
  Slack Time                    0.063
     Clock Rise Edge                 0.000
     + Clock Network Latency (Prop)  0.001
     = Beginpoint Arrival Time       0.001
     +-----------------------------------------------------------------------------+ 
     |       Instance       |     Arc     |   Cell    | Delay | Arrival | Required | 
     |                      |             |           |       |  Time   |   Time   | 
     |----------------------+-------------+-----------+-------+---------+----------| 
     | pending_q_reg[1]     | CK ^        |           |       |   0.001 |   -0.062 | 
     | pending_q_reg[1]     | CK ^ -> Q ^ | DFFHQX1   | 0.152 |   0.153 |    0.090 | 
     | FE_PHC51_pending_q_1 | A ^ -> Y ^  | BUFX3     | 0.058 |   0.211 |    0.148 | 
     | g5882__1617          | B0 ^ -> Y v | AOI2BB1X1 | 0.055 |   0.267 |    0.204 | 
     | g5752__7098          | B0 v -> Y ^ | AOI21XL   | 0.053 |   0.319 |    0.257 | 
     | pending_q_reg[1]     | D ^         | DFFHQX1   | 0.000 |   0.319 |    0.257 | 
     +-----------------------------------------------------------------------------+ 
Path 24: MET Hold Check with Pin pending_q_reg[8]/CK 
Endpoint:   pending_q_reg[8]/D (^) checked with  leading edge of 'clk'
Beginpoint: pending_q_reg[8]/Q (^) triggered by  leading edge of 'clk'
Path Groups: {clk}
Analysis View: hold_view
Other End Arrival Time          0.089
+ Hold                         -0.032
+ Phase Shift                   0.000
+ Uncertainty                   0.200
= Required Time                 0.256
  Arrival Time                  0.320
  Slack Time                    0.064
     Clock Rise Edge                 0.000
     + Clock Network Latency (Prop)  0.001
     = Beginpoint Arrival Time       0.001
     +-----------------------------------------------------------------------------+ 
     |       Instance       |     Arc     |   Cell    | Delay | Arrival | Required | 
     |                      |             |           |       |  Time   |   Time   | 
     |----------------------+-------------+-----------+-------+---------+----------| 
     | pending_q_reg[8]     | CK ^        |           |       |   0.001 |   -0.063 | 
     | pending_q_reg[8]     | CK ^ -> Q ^ | DFFHQX1   | 0.156 |   0.156 |    0.092 | 
     | FE_PHC56_pending_q_8 | A ^ -> Y ^  | BUFX3     | 0.061 |   0.218 |    0.154 | 
     | g5875__6161          | B0 ^ -> Y v | AOI2BB1X1 | 0.047 |   0.265 |    0.201 | 
     | g5747__5107          | B0 v -> Y ^ | AOI21XL   | 0.055 |   0.320 |    0.256 | 
     | pending_q_reg[8]     | D ^         | DFFHQX1   | 0.000 |   0.320 |    0.256 | 
     +-----------------------------------------------------------------------------+ 
Path 25: MET Hold Check with Pin out_addr_q_reg[2]/CK 
Endpoint:   out_addr_q_reg[2]/D (^) checked with  leading edge of 'clk'
Beginpoint: out_addr_q_reg[2]/Q (^) triggered by  leading edge of 'clk'
Path Groups: {clk}
Analysis View: hold_view
Other End Arrival Time          0.089
+ Hold                         -0.033
+ Phase Shift                   0.000
+ Uncertainty                   0.200
= Required Time                 0.256
  Arrival Time                  0.320
  Slack Time                    0.065
     Clock Rise Edge                 0.000
     + Clock Network Latency (Prop)  0.000
     = Beginpoint Arrival Time       0.000
     +-----------------------------------------------------------------------------+ 
     |      Instance       |     Arc      |   Cell    | Delay | Arrival | Required | 
     |                     |              |           |       |  Time   |   Time   | 
     |---------------------+--------------+-----------+-------+---------+----------| 
     | out_addr_q_reg[2]   | CK ^         |           |       |   0.000 |   -0.064 | 
     | out_addr_q_reg[2]   | CK ^ -> Q ^  | DFFHQX1   | 0.185 |   0.186 |    0.121 | 
     | FE_PHC25_out_addr_2 | A ^ -> Y ^   | BUFX3     | 0.057 |   0.243 |    0.178 | 
     | g5795__9315         | A0N ^ -> Y ^ | OAI2BB2X1 | 0.078 |   0.320 |    0.256 | 
     | out_addr_q_reg[2]   | D ^          | DFFHQX1   | 0.000 |   0.320 |    0.256 | 
     +-----------------------------------------------------------------------------+ 
Path 26: MET Hold Check with Pin req_sync_q_reg[9]/CK 
Endpoint:   req_sync_q_reg[9]/D (^) checked with  leading edge of 'clk'
Beginpoint: req_meta_q_reg[9]/Q (^) triggered by  leading edge of 'clk'
Path Groups: {clk}
Analysis View: hold_view
Other End Arrival Time          0.087
+ Hold                         -0.033
+ Phase Shift                   0.000
+ Uncertainty                   0.200
= Required Time                 0.254
  Arrival Time                  0.320
  Slack Time                    0.066
     Clock Rise Edge                 0.000
     + Clock Network Latency (Prop)  -0.002
     = Beginpoint Arrival Time       -0.002
     +-----------------------------------------------------------------------------+ 
     |       Instance        |     Arc     |   Cell   | Delay | Arrival | Required | 
     |                       |             |          |       |  Time   |   Time   | 
     |-----------------------+-------------+----------+-------+---------+----------| 
     | req_meta_q_reg[9]     | CK ^        |          |       |  -0.002 |   -0.068 | 
     | req_meta_q_reg[9]     | CK ^ -> Q ^ | DFFHQX1  | 0.173 |   0.171 |    0.105 | 
     | FE_PHC6_req_meta_q_9  | A ^ -> Y ^  | BUFX8    | 0.049 |   0.220 |    0.154 | 
     | FE_PHC72_req_meta_q_9 | A ^ -> Y ^  | BUFX3    | 0.048 |   0.268 |    0.202 | 
     | FE_PHC33_req_meta_q_9 | A ^ -> Y ^  | CLKBUFX1 | 0.052 |   0.320 |    0.254 | 
     | req_sync_q_reg[9]     | D ^         | DFFX1    | 0.000 |   0.320 |    0.254 | 
     +-----------------------------------------------------------------------------+ 
Path 27: MET Hold Check with Pin pending_q_reg[3]/CK 
Endpoint:   pending_q_reg[3]/D (^) checked with  leading edge of 'clk'
Beginpoint: pending_q_reg[3]/Q (^) triggered by  leading edge of 'clk'
Path Groups: {clk}
Analysis View: hold_view
Other End Arrival Time          0.089
+ Hold                         -0.032
+ Phase Shift                   0.000
+ Uncertainty                   0.200
= Required Time                 0.256
  Arrival Time                  0.323
  Slack Time                    0.066
     Clock Rise Edge                 0.000
     + Clock Network Latency (Prop)  0.001
     = Beginpoint Arrival Time       0.001
     +-----------------------------------------------------------------------------+ 
     |       Instance       |     Arc     |   Cell    | Delay | Arrival | Required | 
     |                      |             |           |       |  Time   |   Time   | 
     |----------------------+-------------+-----------+-------+---------+----------| 
     | pending_q_reg[3]     | CK ^        |           |       |   0.001 |   -0.066 | 
     | pending_q_reg[3]     | CK ^ -> Q ^ | DFFHQX1   | 0.154 |   0.154 |    0.088 | 
     | FE_PHC50_pending_q_3 | A ^ -> Y ^  | BUFX3     | 0.059 |   0.213 |    0.147 | 
     | g5877__9315          | B0 ^ -> Y v | AOI2BB1X1 | 0.051 |   0.264 |    0.198 | 
     | g5753__8246          | B0 v -> Y ^ | AOI21XL   | 0.059 |   0.323 |    0.256 | 
     | pending_q_reg[3]     | D ^         | DFFHQX1   | 0.000 |   0.323 |    0.256 | 
     +-----------------------------------------------------------------------------+ 
Path 28: MET Hold Check with Pin req_sync_q_reg[12]/CK 
Endpoint:   req_sync_q_reg[12]/D (v) checked with  leading edge of 'clk'
Beginpoint: req_meta_q_reg[12]/Q (v) triggered by  leading edge of 'clk'
Path Groups: {clk}
Analysis View: hold_view
Other End Arrival Time          0.087
+ Hold                         -0.033
+ Phase Shift                   0.000
+ Uncertainty                   0.200
= Required Time                 0.255
  Arrival Time                  0.322
  Slack Time                    0.067
     Clock Rise Edge                 0.000
     + Clock Network Latency (Prop)  -0.002
     = Beginpoint Arrival Time       -0.002
     +------------------------------------------------------------------------------+ 
     |        Instance        |     Arc     |   Cell   | Delay | Arrival | Required | 
     |                        |             |          |       |  Time   |   Time   | 
     |------------------------+-------------+----------+-------+---------+----------| 
     | req_meta_q_reg[12]     | CK ^        |          |       |  -0.002 |   -0.069 | 
     | req_meta_q_reg[12]     | CK ^ -> Q v | DFFHQX1  | 0.134 |   0.132 |    0.065 | 
     | FE_PHC13_req_meta_q_12 | A v -> Y v  | CLKBUFX3 | 0.074 |   0.207 |    0.139 | 
     | FE_PHC73_req_meta_q_12 | A v -> Y v  | BUFX3    | 0.061 |   0.267 |    0.200 | 
     | FE_PHC43_req_meta_q_12 | A v -> Y v  | CLKBUFX1 | 0.054 |   0.322 |    0.255 | 
     | req_sync_q_reg[12]     | D v         | DFFX1    | 0.000 |   0.322 |    0.255 | 
     +------------------------------------------------------------------------------+ 
Path 29: MET Hold Check with Pin req_sync_q_reg[1]/CK 
Endpoint:   req_sync_q_reg[1]/D (v) checked with  leading edge of 'clk'
Beginpoint: req_meta_q_reg[1]/Q (v) triggered by  leading edge of 'clk'
Path Groups: {clk}
Analysis View: hold_view
Other End Arrival Time          0.087
+ Hold                         -0.034
+ Phase Shift                   0.000
+ Uncertainty                   0.200
= Required Time                 0.253
  Arrival Time                  0.321
  Slack Time                    0.068
     Clock Rise Edge                 0.000
     + Clock Network Latency (Prop)  -0.002
     = Beginpoint Arrival Time       -0.002
     +-----------------------------------------------------------------------------+ 
     |       Instance        |     Arc     |   Cell   | Delay | Arrival | Required | 
     |                       |             |          |       |  Time   |   Time   | 
     |-----------------------+-------------+----------+-------+---------+----------| 
     | req_meta_q_reg[1]     | CK ^        |          |       |  -0.002 |   -0.069 | 
     | req_meta_q_reg[1]     | CK ^ -> Q v | DFFHQX1  | 0.134 |   0.132 |    0.064 | 
     | FE_PHC11_req_meta_q_1 | A v -> Y v  | CLKBUFX3 | 0.073 |   0.205 |    0.138 | 
     | FE_PHC76_req_meta_q_1 | A v -> Y v  | BUFX3    | 0.059 |   0.265 |    0.197 | 
     | FE_PHC44_req_meta_q_1 | A v -> Y v  | CLKBUFX1 | 0.056 |   0.321 |    0.253 | 
     | req_sync_q_reg[1]     | D v         | DFFX1    | 0.000 |   0.321 |    0.253 | 
     +-----------------------------------------------------------------------------+ 
Path 30: MET Hold Check with Pin pending_q_reg[0]/CK 
Endpoint:   pending_q_reg[0]/D (^) checked with  leading edge of 'clk'
Beginpoint: pending_q_reg[0]/Q (^) triggered by  leading edge of 'clk'
Path Groups: {clk}
Analysis View: hold_view
Other End Arrival Time          0.089
+ Hold                         -0.033
+ Phase Shift                   0.000
+ Uncertainty                   0.200
= Required Time                 0.257
  Arrival Time                  0.324
  Slack Time                    0.068
     Clock Rise Edge                 0.000
     + Clock Network Latency (Prop)  0.001
     = Beginpoint Arrival Time       0.001
     +-----------------------------------------------------------------------------+ 
     |       Instance       |     Arc     |   Cell    | Delay | Arrival | Required | 
     |                      |             |           |       |  Time   |   Time   | 
     |----------------------+-------------+-----------+-------+---------+----------| 
     | pending_q_reg[0]     | CK ^        |           |       |   0.001 |   -0.067 | 
     | pending_q_reg[0]     | CK ^ -> Q ^ | DFFHQX1   | 0.156 |   0.157 |    0.089 | 
     | FE_PHC55_pending_q_0 | A ^ -> Y ^  | BUFX3     | 0.061 |   0.218 |    0.150 | 
     | g5883__3680          | B0 ^ -> Y v | AOI2BB1X1 | 0.053 |   0.270 |    0.203 | 
     | g5756__3680          | B0 v -> Y ^ | AOI21XL   | 0.054 |   0.324 |    0.257 | 
     | pending_q_reg[0]     | D ^         | DFFHQX1   | 0.000 |   0.324 |    0.257 | 
     +-----------------------------------------------------------------------------+ 
Path 31: MET Hold Check with Pin pending_q_reg[10]/CK 
Endpoint:   pending_q_reg[10]/D (^) checked with  leading edge of 'clk'
Beginpoint: pending_q_reg[10]/Q (^) triggered by  leading edge of 'clk'
Path Groups: {clk}
Analysis View: hold_view
Other End Arrival Time          0.087
+ Hold                         -0.032
+ Phase Shift                   0.000
+ Uncertainty                   0.200
= Required Time                 0.255
  Arrival Time                  0.323
  Slack Time                    0.068
     Clock Rise Edge                 0.000
     + Clock Network Latency (Prop)  -0.001
     = Beginpoint Arrival Time       -0.001
     +------------------------------------------------------------------------------+ 
     |       Instance        |     Arc     |   Cell    | Delay | Arrival | Required | 
     |                       |             |           |       |  Time   |   Time   | 
     |-----------------------+-------------+-----------+-------+---------+----------| 
     | pending_q_reg[10]     | CK ^        |           |       |  -0.001 |   -0.069 | 
     | pending_q_reg[10]     | CK ^ -> Q ^ | DFFHQX1   | 0.155 |   0.154 |    0.086 | 
     | FE_PHC54_pending_q_10 | A ^ -> Y ^  | BUFX3     | 0.060 |   0.215 |    0.147 | 
     | g5873__7482           | B0 ^ -> Y v | AOI2BB1X1 | 0.049 |   0.264 |    0.196 | 
     | g5745__8428           | B0 v -> Y ^ | AOI21XL   | 0.059 |   0.323 |    0.255 | 
     | pending_q_reg[10]     | D ^         | DFFHQX1   | 0.000 |   0.323 |    0.255 | 
     +------------------------------------------------------------------------------+ 
Path 32: MET Hold Check with Pin pending_q_reg[14]/CK 
Endpoint:   pending_q_reg[14]/D (^) checked with  leading edge of 'clk'
Beginpoint: pending_q_reg[14]/Q (^) triggered by  leading edge of 'clk'
Path Groups: {clk}
Analysis View: hold_view
Other End Arrival Time          0.087
+ Hold                         -0.032
+ Phase Shift                   0.000
+ Uncertainty                   0.200
= Required Time                 0.255
  Arrival Time                  0.324
  Slack Time                    0.070
     Clock Rise Edge                 0.000
     + Clock Network Latency (Prop)  -0.001
     = Beginpoint Arrival Time       -0.001
     +------------------------------------------------------------------------------+ 
     |       Instance        |     Arc     |   Cell    | Delay | Arrival | Required | 
     |                       |             |           |       |  Time   |   Time   | 
     |-----------------------+-------------+-----------+-------+---------+----------| 
     | pending_q_reg[14]     | CK ^        |           |       |  -0.001 |   -0.071 | 
     | pending_q_reg[14]     | CK ^ -> Q ^ | DFFHQX1   | 0.155 |   0.154 |    0.084 | 
     | FE_PHC53_pending_q_14 | A ^ -> Y ^  | BUFX3     | 0.059 |   0.212 |    0.143 | 
     | g5870__6131           | B0 ^ -> Y v | AOI2BB1X1 | 0.053 |   0.265 |    0.195 | 
     | g5749__4319           | B0 v -> Y ^ | AOI21XL   | 0.059 |   0.324 |    0.255 | 
     | pending_q_reg[14]     | D ^         | DFFHQX1   | 0.000 |   0.324 |    0.255 | 
     +------------------------------------------------------------------------------+ 
Path 33: MET Hold Check with Pin req_sync_q_reg[11]/CK 
Endpoint:   req_sync_q_reg[11]/D (^) checked with  leading edge of 'clk'
Beginpoint: req_meta_q_reg[11]/Q (^) triggered by  leading edge of 'clk'
Path Groups: {clk}
Analysis View: hold_view
Other End Arrival Time          0.087
+ Hold                         -0.033
+ Phase Shift                   0.000
+ Uncertainty                   0.200
= Required Time                 0.254
  Arrival Time                  0.324
  Slack Time                    0.070
     Clock Rise Edge                 0.000
     + Clock Network Latency (Prop)  -0.001
     = Beginpoint Arrival Time       -0.001
     +------------------------------------------------------------------------------+ 
     |        Instance        |     Arc     |   Cell   | Delay | Arrival | Required | 
     |                        |             |          |       |  Time   |   Time   | 
     |------------------------+-------------+----------+-------+---------+----------| 
     | req_meta_q_reg[11]     | CK ^        |          |       |  -0.001 |   -0.071 | 
     | req_meta_q_reg[11]     | CK ^ -> Q ^ | DFFHQX1  | 0.162 |   0.161 |    0.091 | 
     | FE_PHC2_req_meta_q_11  | A ^ -> Y ^  | BUFX3    | 0.058 |   0.218 |    0.148 | 
     | FE_PHC75_req_meta_q_11 | A ^ -> Y ^  | BUFX3    | 0.049 |   0.267 |    0.198 | 
     | FE_PHC40_req_meta_q_11 | A ^ -> Y ^  | CLKBUFX1 | 0.056 |   0.324 |    0.254 | 
     | req_sync_q_reg[11]     | D ^         | DFFX1    | 0.000 |   0.324 |    0.254 | 
     +------------------------------------------------------------------------------+ 
Path 34: MET Hold Check with Pin ack_q_reg[9]/CK 
Endpoint:   ack_q_reg[9]/D     (^) checked with  leading edge of 'clk'
Beginpoint: pending_q_reg[9]/Q (v) triggered by  leading edge of 'clk'
Path Groups: {clk}
Analysis View: hold_view
Other End Arrival Time          0.089
+ Hold                         -0.054
+ Phase Shift                   0.000
+ Uncertainty                   0.200
= Required Time                 0.234
  Arrival Time                  0.305
  Slack Time                    0.071
     Clock Rise Edge                 0.000
     + Clock Network Latency (Prop)  0.000
     = Beginpoint Arrival Time       0.000
     +-----------------------------------------------------------------------+ 
     |     Instance     |     Arc     |  Cell   | Delay | Arrival | Required | 
     |                  |             |         |       |  Time   |   Time   | 
     |------------------+-------------+---------+-------+---------+----------| 
     | pending_q_reg[9] | CK ^        |         |       |   0.000 |   -0.071 | 
     | pending_q_reg[9] | CK ^ -> Q v | DFFHQX1 | 0.146 |   0.146 |    0.075 | 
     | g5916__7410      | A1 v -> Y ^ | AOI21XL | 0.105 |   0.251 |    0.180 | 
     | FE_PHC27_n_22    | A ^ -> Y ^  | BUFX3   | 0.054 |   0.305 |    0.234 | 
     | ack_q_reg[9]     | D ^         | DFFTRX1 | 0.000 |   0.305 |    0.234 | 
     +-----------------------------------------------------------------------+ 
Path 35: MET Hold Check with Pin out_valid_q_reg/CK 
Endpoint:   out_valid_q_reg/D (v) checked with  leading edge of 'clk'
Beginpoint: out_valid_q_reg/Q (v) triggered by  leading edge of 'clk'
Path Groups: {clk}
Analysis View: hold_view
Other End Arrival Time          0.088
+ Hold                         -0.034
+ Phase Shift                   0.000
+ Uncertainty                   0.200
= Required Time                 0.254
  Arrival Time                  0.326
  Slack Time                    0.071
     Clock Rise Edge                 0.000
     + Clock Network Latency (Prop)  0.000
     = Beginpoint Arrival Time       0.000
     +---------------------------------------------------------------------------+ 
     |       Instance       |     Arc     |  Cell   | Delay | Arrival | Required | 
     |                      |             |         |       |  Time   |   Time   | 
     |----------------------+-------------+---------+-------+---------+----------| 
     | out_valid_q_reg      | CK ^        |         |       |   0.000 |   -0.071 | 
     | out_valid_q_reg      | CK ^ -> Q v | DFFX1   | 0.137 |   0.137 |    0.066 | 
     | FE_PHC32_out_valid_q | A v -> Y v  | BUFX3   | 0.064 |   0.202 |    0.131 | 
     | g5902__6161          | A v -> Y ^  | NAND2X1 | 0.089 |   0.290 |    0.219 | 
     | g5812__6417          | A0 ^ -> Y v | OAI21XL | 0.035 |   0.326 |    0.254 | 
     | out_valid_q_reg      | D v         | DFFX1   | 0.000 |   0.326 |    0.254 | 
     +---------------------------------------------------------------------------+ 
Path 36: MET Hold Check with Pin req_sync_q_reg[8]/CK 
Endpoint:   req_sync_q_reg[8]/D (^) checked with  leading edge of 'clk'
Beginpoint: req_meta_q_reg[8]/Q (^) triggered by  leading edge of 'clk'
Path Groups: {clk}
Analysis View: hold_view
Other End Arrival Time          0.087
+ Hold                         -0.034
+ Phase Shift                   0.000
+ Uncertainty                   0.200
= Required Time                 0.253
  Arrival Time                  0.327
  Slack Time                    0.073
     Clock Rise Edge                 0.000
     + Clock Network Latency (Prop)  -0.002
     = Beginpoint Arrival Time       -0.002
     +----------------------------------------------------------------------------+ 
     |       Instance        |     Arc     |  Cell   | Delay | Arrival | Required | 
     |                       |             |         |       |  Time   |   Time   | 
     |-----------------------+-------------+---------+-------+---------+----------| 
     | req_meta_q_reg[8]     | CK ^        |         |       |  -0.002 |   -0.076 | 
     | req_meta_q_reg[8]     | CK ^ -> Q ^ | DFFHQX1 | 0.173 |   0.171 |    0.098 | 
     | FE_PHC16_req_meta_q_8 | A ^ -> Y ^  | BUFX8   | 0.049 |   0.220 |    0.147 | 
     | FE_PHC78_req_meta_q_8 | A ^ -> Y ^  | BUFX3   | 0.055 |   0.275 |    0.202 | 
     | FE_PHC36_req_meta_q_8 | A ^ -> Y ^  | BUFX3   | 0.051 |   0.327 |    0.253 | 
     | req_sync_q_reg[8]     | D ^         | DFFX1   | 0.000 |   0.327 |    0.253 | 
     +----------------------------------------------------------------------------+ 
Path 37: MET Hold Check with Pin ack_q_reg[4]/CK 
Endpoint:   ack_q_reg[4]/D     (v) checked with  leading edge of 'clk'
Beginpoint: pending_q_reg[4]/Q (^) triggered by  leading edge of 'clk'
Path Groups: {clk}
Analysis View: hold_view
Other End Arrival Time          0.090
+ Hold                         -0.085
+ Phase Shift                   0.000
+ Uncertainty                   0.200
= Required Time                 0.204
  Arrival Time                  0.278
  Slack Time                    0.074
     Clock Rise Edge                 0.000
     + Clock Network Latency (Prop)  0.001
     = Beginpoint Arrival Time       0.001
     +-----------------------------------------------------------------------+ 
     |     Instance     |     Arc     |  Cell   | Delay | Arrival | Required | 
     |                  |             |         |       |  Time   |   Time   | 
     |------------------+-------------+---------+-------+---------+----------| 
     | pending_q_reg[4] | CK ^        |         |       |   0.001 |   -0.072 | 
     | pending_q_reg[4] | CK ^ -> Q ^ | DFFHQX1 | 0.161 |   0.162 |    0.088 | 
     | g5912__1666      | A1 ^ -> Y v | AOI21XL | 0.050 |   0.212 |    0.138 | 
     | FE_PHC26_n_23    | A v -> Y v  | BUFX3   | 0.066 |   0.278 |    0.204 | 
     | ack_q_reg[4]     | D v         | DFFTRX1 | 0.000 |   0.278 |    0.204 | 
     +-----------------------------------------------------------------------+ 
Path 38: MET Hold Check with Pin pending_q_reg[12]/CK 
Endpoint:   pending_q_reg[12]/D (^) checked with  leading edge of 'clk'
Beginpoint: pending_q_reg[12]/Q (^) triggered by  leading edge of 'clk'
Path Groups: {clk}
Analysis View: hold_view
Other End Arrival Time          0.089
+ Hold                         -0.032
+ Phase Shift                   0.000
+ Uncertainty                   0.200
= Required Time                 0.257
  Arrival Time                  0.331
  Slack Time                    0.074
     Clock Rise Edge                 0.000
     + Clock Network Latency (Prop)  0.001
     = Beginpoint Arrival Time       0.001
     +------------------------------------------------------------------------------+ 
     |       Instance        |     Arc     |   Cell    | Delay | Arrival | Required | 
     |                       |             |           |       |  Time   |   Time   | 
     |-----------------------+-------------+-----------+-------+---------+----------| 
     | pending_q_reg[12]     | CK ^        |           |       |   0.001 |   -0.073 | 
     | pending_q_reg[12]     | CK ^ -> Q ^ | DFFHQX1   | 0.158 |   0.159 |    0.085 | 
     | FE_PHC57_pending_q_12 | A ^ -> Y ^  | BUFX3     | 0.063 |   0.222 |    0.148 | 
     | g5872__5115           | B0 ^ -> Y v | AOI2BB1X1 | 0.051 |   0.273 |    0.199 | 
     | g5746__2398           | B0 v -> Y ^ | AOI21XL   | 0.058 |   0.331 |    0.257 | 
     | pending_q_reg[12]     | D ^         | DFFHQX1   | 0.000 |   0.331 |    0.257 | 
     +------------------------------------------------------------------------------+ 
Path 39: MET Hold Check with Pin req_sync_q_reg[6]/CK 
Endpoint:   req_sync_q_reg[6]/D (^) checked with  leading edge of 'clk'
Beginpoint: req_meta_q_reg[6]/Q (^) triggered by  leading edge of 'clk'
Path Groups: {clk}
Analysis View: hold_view
Other End Arrival Time          0.087
+ Hold                         -0.033
+ Phase Shift                   0.000
+ Uncertainty                   0.200
= Required Time                 0.254
  Arrival Time                  0.328
  Slack Time                    0.074
     Clock Rise Edge                 0.000
     + Clock Network Latency (Prop)  -0.002
     = Beginpoint Arrival Time       -0.002
     +-----------------------------------------------------------------------------+ 
     |       Instance        |     Arc     |   Cell   | Delay | Arrival | Required | 
     |                       |             |          |       |  Time   |   Time   | 
     |-----------------------+-------------+----------+-------+---------+----------| 
     | req_meta_q_reg[6]     | CK ^        |          |       |  -0.002 |   -0.076 | 
     | req_meta_q_reg[6]     | CK ^ -> Q ^ | DFFHQX1  | 0.162 |   0.160 |    0.086 | 
     | FE_PHC15_req_meta_q_6 | A ^ -> Y ^  | BUFX4    | 0.056 |   0.216 |    0.142 | 
     | FE_PHC74_req_meta_q_6 | A ^ -> Y ^  | BUFX3    | 0.051 |   0.267 |    0.193 | 
     | FE_PHC38_req_meta_q_6 | A ^ -> Y ^  | CLKBUFX1 | 0.061 |   0.328 |    0.254 | 
     | req_sync_q_reg[6]     | D ^         | DFFX1    | 0.000 |   0.328 |    0.254 | 
     +-----------------------------------------------------------------------------+ 
Path 40: MET Hold Check with Pin req_sync_q_reg[0]/CK 
Endpoint:   req_sync_q_reg[0]/D (^) checked with  leading edge of 'clk'
Beginpoint: req_meta_q_reg[0]/Q (^) triggered by  leading edge of 'clk'
Path Groups: {clk}
Analysis View: hold_view
Other End Arrival Time          0.086
+ Hold                         -0.033
+ Phase Shift                   0.000
+ Uncertainty                   0.200
= Required Time                 0.253
  Arrival Time                  0.327
  Slack Time                    0.074
     Clock Rise Edge                 0.000
     + Clock Network Latency (Prop)  -0.003
     = Beginpoint Arrival Time       -0.003
     +-----------------------------------------------------------------------------+ 
     |       Instance        |     Arc     |   Cell   | Delay | Arrival | Required | 
     |                       |             |          |       |  Time   |   Time   | 
     |-----------------------+-------------+----------+-------+---------+----------| 
     | req_meta_q_reg[0]     | CK ^        |          |       |  -0.003 |   -0.077 | 
     | req_meta_q_reg[0]     | CK ^ -> Q ^ | DFFHQX1  | 0.175 |   0.172 |    0.098 | 
     | FE_PHC14_req_meta_q_0 | A ^ -> Y ^  | BUFX8    | 0.050 |   0.222 |    0.148 | 
     | FE_PHC81_req_meta_q_0 | A ^ -> Y ^  | BUFX3    | 0.048 |   0.269 |    0.195 | 
     | FE_PHC35_req_meta_q_0 | A ^ -> Y ^  | CLKBUFX1 | 0.058 |   0.327 |    0.253 | 
     | req_sync_q_reg[0]     | D ^         | DFFX1    | 0.000 |   0.327 |    0.253 | 
     +-----------------------------------------------------------------------------+ 
Path 41: MET Hold Check with Pin reset_release_q_reg[1]/CK 
Endpoint:   reset_release_q_reg[1]/D (v) checked with  leading edge of 'clk'
Beginpoint: reset_release_q_reg[0]/Q (v) triggered by  leading edge of 'clk'
Path Groups: {clk}
Analysis View: hold_view
Other End Arrival Time          0.084
+ Hold                         -0.031
+ Phase Shift                   0.000
+ Uncertainty                   0.200
= Required Time                 0.253
  Arrival Time                  0.327
  Slack Time                    0.074
     Clock Rise Edge                 0.000
     + Clock Network Latency (Prop)  -0.004
     = Beginpoint Arrival Time       -0.004
     +----------------------------------------------------------------------------------+ 
     |          Instance          |     Arc     |   Cell   | Delay | Arrival | Required | 
     |                            |             |          |       |  Time   |   Time   | 
     |----------------------------+-------------+----------+-------+---------+----------| 
     | reset_release_q_reg[0]     | CK ^        |          |       |  -0.004 |   -0.079 | 
     | reset_release_q_reg[0]     | CK ^ -> Q v | DFFRHQX1 | 0.147 |   0.142 |    0.068 | 
     | FE_PHC18_reset_release_q_0 | A v -> Y v  | BUFX3    | 0.069 |   0.211 |    0.137 | 
     | FE_PHC80_reset_release_q_0 | A v -> Y v  | BUFX3    | 0.060 |   0.271 |    0.197 | 
     | FE_PHC68_reset_release_q_0 | A v -> Y v  | CLKBUFX1 | 0.056 |   0.327 |    0.253 | 
     | reset_release_q_reg[1]     | D v         | DFFRHQX1 | 0.000 |   0.327 |    0.253 | 
     +----------------------------------------------------------------------------------+ 
Path 42: MET Hold Check with Pin req_sync_q_reg[2]/CK 
Endpoint:   req_sync_q_reg[2]/D (v) checked with  leading edge of 'clk'
Beginpoint: req_meta_q_reg[2]/Q (v) triggered by  leading edge of 'clk'
Path Groups: {clk}
Analysis View: hold_view
Other End Arrival Time          0.086
+ Hold                         -0.033
+ Phase Shift                   0.000
+ Uncertainty                   0.200
= Required Time                 0.253
  Arrival Time                  0.329
  Slack Time                    0.076
     Clock Rise Edge                 0.000
     + Clock Network Latency (Prop)  -0.002
     = Beginpoint Arrival Time       -0.002
     +-----------------------------------------------------------------------------+ 
     |       Instance        |     Arc     |   Cell   | Delay | Arrival | Required | 
     |                       |             |          |       |  Time   |   Time   | 
     |-----------------------+-------------+----------+-------+---------+----------| 
     | req_meta_q_reg[2]     | CK ^        |          |       |  -0.002 |   -0.078 | 
     | req_meta_q_reg[2]     | CK ^ -> Q v | DFFHQX1  | 0.146 |   0.144 |    0.068 | 
     | FE_PHC8_req_meta_q_2  | A v -> Y v  | CLKBUFX8 | 0.067 |   0.211 |    0.135 | 
     | FE_PHC77_req_meta_q_2 | A v -> Y v  | BUFX3    | 0.061 |   0.272 |    0.196 | 
     | FE_PHC39_req_meta_q_2 | A v -> Y v  | CLKBUFX1 | 0.057 |   0.329 |    0.253 | 
     | req_sync_q_reg[2]     | D v         | DFFX1    | 0.000 |   0.329 |    0.253 | 
     +-----------------------------------------------------------------------------+ 
Path 43: MET Hold Check with Pin ack_q_reg[2]/CK 
Endpoint:   ack_q_reg[2]/D     (^) checked with  leading edge of 'clk'
Beginpoint: pending_q_reg[2]/Q (v) triggered by  leading edge of 'clk'
Path Groups: {clk}
Analysis View: hold_view
Other End Arrival Time          0.089
+ Hold                         -0.054
+ Phase Shift                   0.000
+ Uncertainty                   0.200
= Required Time                 0.235
  Arrival Time                  0.312
  Slack Time                    0.077
     Clock Rise Edge                 0.000
     + Clock Network Latency (Prop)  0.001
     = Beginpoint Arrival Time       0.001
     +-----------------------------------------------------------------------+ 
     |     Instance     |     Arc     |  Cell   | Delay | Arrival | Required | 
     |                  |             |         |       |  Time   |   Time   | 
     |------------------+-------------+---------+-------+---------+----------| 
     | pending_q_reg[2] | CK ^        |         |       |   0.001 |   -0.076 | 
     | pending_q_reg[2] | CK ^ -> Q v | DFFHQX1 | 0.146 |   0.147 |    0.070 | 
     | g5906__6131      | A1 v -> Y ^ | AOI21XL | 0.110 |   0.257 |    0.180 | 
     | FE_PHC28_n_32    | A ^ -> Y ^  | BUFX3   | 0.055 |   0.312 |    0.235 | 
     | ack_q_reg[2]     | D ^         | DFFTRX1 | 0.000 |   0.312 |    0.235 | 
     +-----------------------------------------------------------------------+ 
Path 44: MET Hold Check with Pin ack_q_reg[13]/CK 
Endpoint:   ack_q_reg[13]/D     (v) checked with  leading edge of 'clk'
Beginpoint: pending_q_reg[13]/Q (^) triggered by  leading edge of 'clk'
Path Groups: {clk}
Analysis View: hold_view
Other End Arrival Time          0.089
+ Hold                         -0.085
+ Phase Shift                   0.000
+ Uncertainty                   0.200
= Required Time                 0.204
  Arrival Time                  0.282
  Slack Time                    0.078
     Clock Rise Edge                 0.000
     + Clock Network Latency (Prop)  0.001
     = Beginpoint Arrival Time       0.001
     +------------------------------------------------------------------------+ 
     |     Instance      |     Arc     |  Cell   | Delay | Arrival | Required | 
     |                   |             |         |       |  Time   |   Time   | 
     |-------------------+-------------+---------+-------+---------+----------| 
     | pending_q_reg[13] | CK ^        |         |       |   0.001 |   -0.077 | 
     | pending_q_reg[13] | CK ^ -> Q ^ | DFFHQX1 | 0.170 |   0.171 |    0.093 | 
     | g5904__8246       | A1 ^ -> Y v | AOI21XL | 0.048 |   0.219 |    0.141 | 
     | FE_PHC31_n_34     | A v -> Y v  | BUFX3   | 0.062 |   0.282 |    0.204 | 
     | ack_q_reg[13]     | D v         | DFFTRX1 | 0.000 |   0.282 |    0.204 | 
     +------------------------------------------------------------------------+ 
Path 45: MET Hold Check with Pin ack_q_reg[15]/CK 
Endpoint:   ack_q_reg[15]/D     (^) checked with  leading edge of 'clk'
Beginpoint: pending_q_reg[15]/Q (v) triggered by  leading edge of 'clk'
Path Groups: {clk}
Analysis View: hold_view
Other End Arrival Time          0.087
+ Hold                         -0.054
+ Phase Shift                   0.000
+ Uncertainty                   0.200
= Required Time                 0.232
  Arrival Time                  0.311
  Slack Time                    0.079
     Clock Rise Edge                 0.000
     + Clock Network Latency (Prop)  -0.001
     = Beginpoint Arrival Time       -0.001
     +------------------------------------------------------------------------+ 
     |     Instance      |     Arc     |  Cell   | Delay | Arrival | Required | 
     |                   |             |         |       |  Time   |   Time   | 
     |-------------------+-------------+---------+-------+---------+----------| 
     | pending_q_reg[15] | CK ^        |         |       |  -0.001 |   -0.080 | 
     | pending_q_reg[15] | CK ^ -> Q v | DFFHQX1 | 0.150 |   0.149 |    0.070 | 
     | g5917__6417       | A1 v -> Y ^ | AOI21XL | 0.108 |   0.257 |    0.178 | 
     | FE_PHC29_n_21     | A ^ -> Y ^  | BUFX3   | 0.055 |   0.311 |    0.232 | 
     | ack_q_reg[15]     | D ^         | DFFTRX1 | 0.000 |   0.311 |    0.232 | 
     +------------------------------------------------------------------------+ 
Path 46: MET Hold Check with Pin ack_q_reg[11]/CK 
Endpoint:   ack_q_reg[11]/D     (v) checked with  leading edge of 'clk'
Beginpoint: pending_q_reg[11]/Q (^) triggered by  leading edge of 'clk'
Path Groups: {clk}
Analysis View: hold_view
Other End Arrival Time          0.087
+ Hold                         -0.085
+ Phase Shift                   0.000
+ Uncertainty                   0.200
= Required Time                 0.202
  Arrival Time                  0.283
  Slack Time                    0.081
     Clock Rise Edge                 0.000
     + Clock Network Latency (Prop)  -0.000
     = Beginpoint Arrival Time       -0.000
     +------------------------------------------------------------------------+ 
     |     Instance      |     Arc     |  Cell   | Delay | Arrival | Required | 
     |                   |             |         |       |  Time   |   Time   | 
     |-------------------+-------------+---------+-------+---------+----------| 
     | pending_q_reg[11] | CK ^        |         |       |  -0.000 |   -0.081 | 
     | pending_q_reg[11] | CK ^ -> Q ^ | DFFHQX1 | 0.168 |   0.168 |    0.087 | 
     | g5919__9315       | A1 ^ -> Y v | AOI21XL | 0.052 |   0.220 |    0.139 | 
     | FE_PHC30_n_27     | A v -> Y v  | BUFX3   | 0.064 |   0.283 |    0.202 | 
     | ack_q_reg[11]     | D v         | DFFTRX1 | 0.000 |   0.283 |    0.202 | 
     +------------------------------------------------------------------------+ 
Path 47: MET Hold Check with Pin req_sync_q_reg[4]/CK 
Endpoint:   req_sync_q_reg[4]/D (^) checked with  leading edge of 'clk'
Beginpoint: req_meta_q_reg[4]/Q (^) triggered by  leading edge of 'clk'
Path Groups: {clk}
Analysis View: hold_view
Other End Arrival Time          0.087
+ Hold                         -0.033
+ Phase Shift                   0.000
+ Uncertainty                   0.200
= Required Time                 0.254
  Arrival Time                  0.337
  Slack Time                    0.083
     Clock Rise Edge                 0.000
     + Clock Network Latency (Prop)  -0.003
     = Beginpoint Arrival Time       -0.003
     +-----------------------------------------------------------------------------+ 
     |       Instance        |     Arc     |   Cell   | Delay | Arrival | Required | 
     |                       |             |          |       |  Time   |   Time   | 
     |-----------------------+-------------+----------+-------+---------+----------| 
     | req_meta_q_reg[4]     | CK ^        |          |       |  -0.003 |   -0.086 | 
     | req_meta_q_reg[4]     | CK ^ -> Q ^ | DFFHQX1  | 0.165 |   0.162 |    0.079 | 
     | FE_PHC3_req_meta_q_4  | A ^ -> Y ^  | BUFX3    | 0.060 |   0.222 |    0.139 | 
     | FE_PHC79_req_meta_q_4 | A ^ -> Y ^  | BUFX3    | 0.057 |   0.279 |    0.195 | 
     | FE_PHC42_req_meta_q_4 | A ^ -> Y ^  | CLKBUFX1 | 0.059 |   0.337 |    0.254 | 
     | req_sync_q_reg[4]     | D ^         | DFFX1    | 0.000 |   0.337 |    0.254 | 
     +-----------------------------------------------------------------------------+ 
Path 48: MET Hold Check with Pin ack_q_reg[7]/CK 
Endpoint:   ack_q_reg[7]/D  (v) checked with  leading edge of 'clk'
Beginpoint: ack_q_reg[7]/QN (^) triggered by  leading edge of 'clk'
Path Groups: {clk}
Analysis View: hold_view
Other End Arrival Time          0.089
+ Hold                         -0.085
+ Phase Shift                   0.000
+ Uncertainty                   0.200
= Required Time                 0.204
  Arrival Time                  0.288
  Slack Time                    0.084
     Clock Rise Edge                 0.000
     + Clock Network Latency (Prop)  0.001
     = Beginpoint Arrival Time       0.001
     +---------------------------------------------------------------------+ 
     |   Instance    |     Arc      |  Cell   | Delay | Arrival | Required | 
     |               |              |         |       |  Time   |   Time   | 
     |---------------+--------------+---------+-------+---------+----------| 
     | ack_q_reg[7]  | CK ^         |         |       |   0.001 |   -0.083 | 
     | ack_q_reg[7]  | CK ^ -> QN ^ | DFFTRX1 | 0.181 |   0.182 |    0.098 | 
     | g5913__9945   | A0 ^ -> Y v  | AOI21XL | 0.043 |   0.224 |    0.140 | 
     | FE_PHC60_n_26 | A v -> Y v   | BUFX3   | 0.063 |   0.288 |    0.204 | 
     | ack_q_reg[7]  | D v          | DFFTRX1 | 0.000 |   0.288 |    0.204 | 
     +---------------------------------------------------------------------+ 
Path 49: MET Hold Check with Pin ack_q_reg[1]/CK 
Endpoint:   ack_q_reg[1]/D  (v) checked with  leading edge of 'clk'
Beginpoint: ack_q_reg[1]/QN (^) triggered by  leading edge of 'clk'
Path Groups: {clk}
Analysis View: hold_view
Other End Arrival Time          0.090
+ Hold                         -0.085
+ Phase Shift                   0.000
+ Uncertainty                   0.200
= Required Time                 0.204
  Arrival Time                  0.289
  Slack Time                    0.084
     Clock Rise Edge                 0.000
     + Clock Network Latency (Prop)  0.001
     = Beginpoint Arrival Time       0.001
     +---------------------------------------------------------------------+ 
     |   Instance    |     Arc      |  Cell   | Delay | Arrival | Required | 
     |               |              |         |       |  Time   |   Time   | 
     |---------------+--------------+---------+-------+---------+----------| 
     | ack_q_reg[1]  | CK ^         |         |       |   0.001 |   -0.083 | 
     | ack_q_reg[1]  | CK ^ -> QN ^ | DFFTRX1 | 0.179 |   0.180 |    0.096 | 
     | g5905__7098   | A0 ^ -> Y v  | AOI21XL | 0.044 |   0.224 |    0.139 | 
     | FE_PHC63_n_33 | A v -> Y v   | BUFX3   | 0.065 |   0.289 |    0.204 | 
     | ack_q_reg[1]  | D v          | DFFTRX1 | 0.000 |   0.289 |    0.204 | 
     +---------------------------------------------------------------------+ 
Path 50: MET Hold Check with Pin ack_q_reg[5]/CK 
Endpoint:   ack_q_reg[5]/D  (v) checked with  leading edge of 'clk'
Beginpoint: ack_q_reg[5]/QN (^) triggered by  leading edge of 'clk'
Path Groups: {clk}
Analysis View: hold_view
Other End Arrival Time          0.089
+ Hold                         -0.085
+ Phase Shift                   0.000
+ Uncertainty                   0.200
= Required Time                 0.204
  Arrival Time                  0.290
  Slack Time                    0.085
     Clock Rise Edge                 0.000
     + Clock Network Latency (Prop)  0.001
     = Beginpoint Arrival Time       0.001
     +---------------------------------------------------------------------+ 
     |   Instance    |     Arc      |  Cell   | Delay | Arrival | Required | 
     |               |              |         |       |  Time   |   Time   | 
     |---------------+--------------+---------+-------+---------+----------| 
     | ack_q_reg[5]  | CK ^         |         |       |   0.001 |   -0.084 | 
     | ack_q_reg[5]  | CK ^ -> QN ^ | DFFTRX1 | 0.180 |   0.181 |    0.096 | 
     | g5907__1881   | A0 ^ -> Y v  | AOI21XL | 0.044 |   0.225 |    0.140 | 
     | FE_PHC62_n_31 | A v -> Y v   | BUFX3   | 0.064 |   0.290 |    0.204 | 
     | ack_q_reg[5]  | D v          | DFFTRX1 | 0.000 |   0.290 |    0.204 | 
     +---------------------------------------------------------------------+ 

