============================================================
  Generated by:           Genus(TM) Synthesis Solution 23.14-s090_1
  Generated on:           Aug 19 2026  04:32:22 am
  Module:                 aer_improved_hybrid
  Operating conditions:   typical (balanced_tree)
  Wireload mode:          enclosed
  Area mode:              timing library
============================================================


Path 1: MET (0 ps) Setup Check with Pin queue_count_q_reg[1][0]/CK->D
          Group: clk
     Startpoint: (R) rr_ptr_q_reg[0]/CK
          Clock: (R) clk
       Endpoint: (F) queue_count_q_reg[1][0]/D
          Clock: (R) clk

                     Capture       Launch     
        Clock Edge:+    2000            0     
       Src Latency:+       0            0     
       Net Latency:+       0 (I)        0 (I) 
           Arrival:=    2000            0     
                                              
             Setup:-     200                  
     Required Time:=    1800                  
      Launch Clock:-       0                  
         Data Path:-    1799                  
             Slack:=       0                  

#---------------------------------------------------------------------------------------------------
#       Timing Point        Flags    Arc   Edge   Cell     Fanout Load Trans Delay Arrival Instance 
#                                                                 (fF)  (ps)  (ps)   (ps)  Location 
#---------------------------------------------------------------------------------------------------
  rr_ptr_q_reg[0]/CK        -       -      R     (arrival)     89    -     0     0       0    (-,-) 
  rr_ptr_q_reg[0]/Q         -       CK->Q  R     DFFRHQX4       1 16.0   101   189     189    (-,-) 
  g19149/Y                  -       A->Y   R     BUFX12        17 70.8    68    90     278    (-,-) 
  g19148/Y                  -       A->Y   F     CLKINVX4       3 18.6    51    40     319    (-,-) 
  g19147/Y                  -       A->Y   R     CLKINVX3       4 13.7    57    42     361    (-,-) 
  g18915__2346/Y            -       A1N->Y R     OAI2BB1X2      2  7.9    75    98     460    (-,-) 
  g19289/Y                  -       B->Y   F     MXI2X1         1  4.1    92    58     518    (-,-) 
  g18739__2346/Y            -       A->Y   R     NAND2X1        2  6.5   103    75     593    (-,-) 
  g18714__8246/Y            -       A->Y   F     MXI2X1         3 10.0   118    83     676    (-,-) 
  g18660__9315/Y            -       B->Y   R     NAND2X1        1  4.1    86    80     757    (-,-) 
  g18649__5526/Y            -       A->Y   F     NAND2X1        1  4.1    53    37     794    (-,-) 
  g18625__2346/Y            -       A->Y   R     NAND2X1        1  8.1   115    73     867    (-,-) 
  g18616__5122/Y            -       A->Y   F     NOR2X2         1 15.6    65    44     911    (-,-) 
  g18613__6783/Y            -       B->Y   R     NAND2BX4       4 50.8   154   106    1017    (-,-) 
  g18611/Y                  -       A->Y   F     INVX8          4 44.0    48    30    1047    (-,-) 
  g18606__19261/Y           -       A->Y   R     NAND3X2        5 24.5   168    93    1140    (-,-) 
  g18577__6161/Y            -       C->Y   F     NAND3X1        1  4.7    72    54    1195    (-,-) 
  g18513__8428/Y            -       A0->Y  R     AOI22X1        1  3.8   163    97    1292    (-,-) 
  g18503__2883/Y            -       B->Y   F     NAND2X1        1  8.1    85    52    1343    (-,-) 
  g18483__5526/Y            -       A->Y   R     NOR2X2         3 14.9   137    97    1440    (-,-) 
  g18480/Y                  -       A->Y   F     INVX2          3 10.1    47    30    1470    (-,-) 
  g18465__4733/Y            -       A->Y   R     NAND2X1        8 31.7   307   180    1650    (-,-) 
  g18449__6260/Y            -       A->Y   F     NOR3X1         2  6.0    97    54    1705    (-,-) 
  g18434/Y                  -       A->Y   R     CLKINVX1       1  4.1    71    58    1763    (-,-) 
  g18406__4319/Y            -       A->Y   F     NAND2X1        1  4.4    60    36    1799    (-,-) 
  queue_count_q_reg[1][0]/D <<<     -      F     DFFRHQX4       1    -     -     0    1799    (-,-) 
#---------------------------------------------------------------------------------------------------

