Copyright 1986-2020 Xilinx, Inc. All Rights Reserved.
------------------------------------------------------------------------------------------------------------------------------------------------------------------------------
| Tool Version : Vivado v.2020.2 (win64) Build 3064766 Wed Nov 18 09:12:45 MST 2020
| Date         : Fri Aug 21 04:32:28 2026
| Host         : <LOCAL_HOST> running 64-bit major release  (build 9200)
| Command      : report_timing -delay_type max -max_paths 20 -from [all_registers] -to [all_registers] -file reports/p9_epoch_variants/vivado_grant_toggle/reg2reg_timing.rpt
| Design       : aer_pending_direct_gray_oht_epoch_grant_toggle
| Device       : 7a35t-cpg236
| Speed File   : -1  PRODUCTION 1.23 2018-06-13
------------------------------------------------------------------------------------------------------------------------------------------------------------------------------

Timing Report

Slack (MET) :             4.619ns  (required time - arrival time)
  Source:                 core/pending_q_reg[12]/C
                            (rising edge-triggered cell FDRE clocked by clk  {rise@0.000ns fall@5.000ns period=10.000ns})
  Destination:            core/out_addr_q_reg[0]/D
                            (rising edge-triggered cell FDRE clocked by clk  {rise@0.000ns fall@5.000ns period=10.000ns})
  Path Group:             clk
  Path Type:              Setup (Max at Slow Process Corner)
  Requirement:            10.000ns  (clk rise@10.000ns - clk rise@0.000ns)
  Data Path Delay:        5.230ns  (logic 1.241ns (23.728%)  route 3.989ns (76.272%))
  Logic Levels:           5  (LUT4=1 LUT5=1 LUT6=3)
  Clock Path Skew:        -0.145ns (DCD - SCD + CPR)
    Destination Clock Delay (DCD):    2.079ns = ( 12.079 - 10.000 ) 
    Source Clock Delay      (SCD):    2.402ns
    Clock Pessimism Removal (CPR):    0.178ns
  Clock Uncertainty:      0.035ns  ((TSJ^2 + TIJ^2)^1/2 + DJ) / 2 + PE
    Total System Jitter     (TSJ):    0.071ns
    Total Input Jitter      (TIJ):    0.000ns
    Discrete Jitter          (DJ):    0.000ns
    Phase Error              (PE):    0.000ns

    Location             Delay type                Incr(ns)  Path(ns)    Netlist Resource(s)
  -------------------------------------------------------------------    -------------------
                         (clock clk rise edge)        0.000     0.000 r  
                                                      0.000     0.000 r  clk (IN)
                         net (fo=0)                   0.000     0.000    clk
                         IBUF (Prop_ibuf_I_O)         0.923     0.923 r  clk_IBUF_inst/O
                         net (fo=1, unplaced)         0.800     1.722    clk_IBUF
                         BUFG (Prop_bufg_I_O)         0.096     1.818 r  clk_IBUF_BUFG_inst/O
                         net (fo=75, unplaced)        0.584     2.402    core/CLK
                         FDRE                                         r  core/pending_q_reg[12]/C
  -------------------------------------------------------------------    -------------------
                         FDRE (Prop_fdre_C_Q)         0.456     2.858 f  core/pending_q_reg[12]/Q
                         net (fo=4, unplaced)         0.989     3.847    core/pending_q[12]
                         LUT6 (Prop_lut6_I0_O)        0.295     4.142 f  core/pending_q[15]_i_5/O
                         net (fo=5, unplaced)         0.477     4.619    core/pending_q[15]_i_5_n_0
                         LUT5 (Prop_lut5_I4_O)        0.124     4.743 f  core/out_addr_q[3]_i_6/O
                         net (fo=6, unplaced)         0.934     5.677    core/selected_half1__0
                         LUT6 (Prop_lut6_I3_O)        0.124     5.801 r  core/out_addr_q[2]_i_2/O
                         net (fo=2, unplaced)         0.460     6.261    core/p_5_in
                         LUT4 (Prop_lut4_I3_O)        0.118     6.379 r  core/pending_q[5]_i_3/O
                         net (fo=3, unplaced)         1.129     7.508    core/p_1_in18_in
                         LUT6 (Prop_lut6_I0_O)        0.124     7.632 r  core/out_addr_q[0]_i_1/O
                         net (fo=1, unplaced)         0.000     7.632    core/out_addr_q[0]_i_1_n_0
                         FDRE                                         r  core/out_addr_q_reg[0]/D
  -------------------------------------------------------------------    -------------------

                         (clock clk rise edge)       10.000    10.000 r  
                                                      0.000    10.000 r  clk (IN)
                         net (fo=0)                   0.000    10.000    clk
                         IBUF (Prop_ibuf_I_O)         0.789    10.789 r  clk_IBUF_inst/O
                         net (fo=1, unplaced)         0.760    11.549    clk_IBUF
                         BUFG (Prop_bufg_I_O)         0.091    11.640 r  clk_IBUF_BUFG_inst/O
                         net (fo=75, unplaced)        0.439    12.079    core/CLK
                         FDRE                                         r  core/out_addr_q_reg[0]/C
                         clock pessimism              0.178    12.257    
                         clock uncertainty           -0.035    12.222    
                         FDRE (Setup_fdre_C_D)        0.029    12.251    core/out_addr_q_reg[0]
  -------------------------------------------------------------------
                         required time                         12.251    
                         arrival time                          -7.632    
  -------------------------------------------------------------------
                         slack                                  4.619    

Slack (MET) :             4.815ns  (required time - arrival time)
  Source:                 core/pending_q_reg[8]/C
                            (rising edge-triggered cell FDRE clocked by clk  {rise@0.000ns fall@5.000ns period=10.000ns})
  Destination:            core/out_addr_q_reg[1]/D
                            (rising edge-triggered cell FDRE clocked by clk  {rise@0.000ns fall@5.000ns period=10.000ns})
  Path Group:             clk
  Path Type:              Setup (Max at Slow Process Corner)
  Requirement:            10.000ns  (clk rise@10.000ns - clk rise@0.000ns)
  Data Path Delay:        5.034ns  (logic 1.247ns (24.772%)  route 3.787ns (75.228%))
  Logic Levels:           5  (LUT4=2 LUT5=1 LUT6=2)
  Clock Path Skew:        -0.145ns (DCD - SCD + CPR)
    Destination Clock Delay (DCD):    2.079ns = ( 12.079 - 10.000 ) 
    Source Clock Delay      (SCD):    2.402ns
    Clock Pessimism Removal (CPR):    0.178ns
  Clock Uncertainty:      0.035ns  ((TSJ^2 + TIJ^2)^1/2 + DJ) / 2 + PE
    Total System Jitter     (TSJ):    0.071ns
    Total Input Jitter      (TIJ):    0.000ns
    Discrete Jitter          (DJ):    0.000ns
    Phase Error              (PE):    0.000ns

    Location             Delay type                Incr(ns)  Path(ns)    Netlist Resource(s)
  -------------------------------------------------------------------    -------------------
                         (clock clk rise edge)        0.000     0.000 r  
                                                      0.000     0.000 r  clk (IN)
                         net (fo=0)                   0.000     0.000    clk
                         IBUF (Prop_ibuf_I_O)         0.923     0.923 r  clk_IBUF_inst/O
                         net (fo=1, unplaced)         0.800     1.722    clk_IBUF
                         BUFG (Prop_bufg_I_O)         0.096     1.818 r  clk_IBUF_BUFG_inst/O
                         net (fo=75, unplaced)        0.584     2.402    core/CLK
                         FDRE                                         r  core/pending_q_reg[8]/C
  -------------------------------------------------------------------    -------------------
                         FDRE (Prop_fdre_C_Q)         0.456     2.858 r  core/pending_q_reg[8]/Q
                         net (fo=4, unplaced)         0.989     3.847    core/pending_q[8]
                         LUT6 (Prop_lut6_I0_O)        0.295     4.142 r  core/pending_q[11]_i_5/O
                         net (fo=5, unplaced)         0.477     4.619    core/pending_q[11]_i_5_n_0
                         LUT5 (Prop_lut5_I4_O)        0.124     4.743 r  core/out_addr_q[3]_i_5/O
                         net (fo=6, unplaced)         0.934     5.677    core/selected_half111_out
                         LUT6 (Prop_lut6_I2_O)        0.124     5.801 r  core/pending_q[11]_i_7/O
                         net (fo=3, unplaced)         0.467     6.268    core/p_1_in99_in
                         LUT4 (Prop_lut4_I3_O)        0.124     6.392 r  core/pending_q[11]_i_4/O
                         net (fo=3, unplaced)         0.920     7.312    core/p_2_in35_in
                         LUT4 (Prop_lut4_I1_O)        0.124     7.436 r  core/out_addr_q[1]_i_1/O
                         net (fo=1, unplaced)         0.000     7.436    core/selected_addr[1]
                         FDRE                                         r  core/out_addr_q_reg[1]/D
  -------------------------------------------------------------------    -------------------

                         (clock clk rise edge)       10.000    10.000 r  
                                                      0.000    10.000 r  clk (IN)
                         net (fo=0)                   0.000    10.000    clk
                         IBUF (Prop_ibuf_I_O)         0.789    10.789 r  clk_IBUF_inst/O
                         net (fo=1, unplaced)         0.760    11.549    clk_IBUF
                         BUFG (Prop_bufg_I_O)         0.091    11.640 r  clk_IBUF_BUFG_inst/O
                         net (fo=75, unplaced)        0.439    12.079    core/CLK
                         FDRE                                         r  core/out_addr_q_reg[1]/C
                         clock pessimism              0.178    12.257    
                         clock uncertainty           -0.035    12.222    
                         FDRE (Setup_fdre_C_D)        0.029    12.251    core/out_addr_q_reg[1]
  -------------------------------------------------------------------
                         required time                         12.251    
                         arrival time                          -7.436    
  -------------------------------------------------------------------
                         slack                                  4.815    

Slack (MET) :             5.117ns  (required time - arrival time)
  Source:                 core/pending_q_reg[12]/C
                            (rising edge-triggered cell FDRE clocked by clk  {rise@0.000ns fall@5.000ns period=10.000ns})
  Destination:            core/out_addr_q_reg[0]/CE
                            (rising edge-triggered cell FDRE clocked by clk  {rise@0.000ns fall@5.000ns period=10.000ns})
  Path Group:             clk
  Path Type:              Setup (Max at Slow Process Corner)
  Requirement:            10.000ns  (clk rise@10.000ns - clk rise@0.000ns)
  Data Path Delay:        4.501ns  (logic 1.123ns (24.950%)  route 3.378ns (75.050%))
  Logic Levels:           4  (LUT3=1 LUT4=1 LUT5=1 LUT6=1)
  Clock Path Skew:        -0.145ns (DCD - SCD + CPR)
    Destination Clock Delay (DCD):    2.079ns = ( 12.079 - 10.000 ) 
    Source Clock Delay      (SCD):    2.402ns
    Clock Pessimism Removal (CPR):    0.178ns
  Clock Uncertainty:      0.035ns  ((TSJ^2 + TIJ^2)^1/2 + DJ) / 2 + PE
    Total System Jitter     (TSJ):    0.071ns
    Total Input Jitter      (TIJ):    0.000ns
    Discrete Jitter          (DJ):    0.000ns
    Phase Error              (PE):    0.000ns

    Location             Delay type                Incr(ns)  Path(ns)    Netlist Resource(s)
  -------------------------------------------------------------------    -------------------
                         (clock clk rise edge)        0.000     0.000 r  
                                                      0.000     0.000 r  clk (IN)
                         net (fo=0)                   0.000     0.000    clk
                         IBUF (Prop_ibuf_I_O)         0.923     0.923 r  clk_IBUF_inst/O
                         net (fo=1, unplaced)         0.800     1.722    clk_IBUF
                         BUFG (Prop_bufg_I_O)         0.096     1.818 r  clk_IBUF_BUFG_inst/O
                         net (fo=75, unplaced)        0.584     2.402    core/CLK
                         FDRE                                         r  core/pending_q_reg[12]/C
  -------------------------------------------------------------------    -------------------
                         FDRE (Prop_fdre_C_Q)         0.456     2.858 r  core/pending_q_reg[12]/Q
                         net (fo=4, unplaced)         0.989     3.847    core/pending_q[12]
                         LUT6 (Prop_lut6_I0_O)        0.295     4.142 r  core/pending_q[15]_i_5/O
                         net (fo=5, unplaced)         0.477     4.619    core/pending_q[15]_i_5_n_0
                         LUT5 (Prop_lut5_I4_O)        0.124     4.743 r  core/out_addr_q[3]_i_6/O
                         net (fo=6, unplaced)         0.934     5.677    core/selected_half1__0
                         LUT4 (Prop_lut4_I1_O)        0.124     5.801 r  core/epoch_gray_q[3]_i_3/O
                         net (fo=6, unplaced)         0.481     6.282    core/grant_valid
                         LUT3 (Prop_lut3_I0_O)        0.124     6.406 r  core/out_addr_q[3]_i_1/O
                         net (fo=4, unplaced)         0.497     6.903    core/out_addr_d
                         FDRE                                         r  core/out_addr_q_reg[0]/CE
  -------------------------------------------------------------------    -------------------

                         (clock clk rise edge)       10.000    10.000 r  
                                                      0.000    10.000 r  clk (IN)
                         net (fo=0)                   0.000    10.000    clk
                         IBUF (Prop_ibuf_I_O)         0.789    10.789 r  clk_IBUF_inst/O
                         net (fo=1, unplaced)         0.760    11.549    clk_IBUF
                         BUFG (Prop_bufg_I_O)         0.091    11.640 r  clk_IBUF_BUFG_inst/O
                         net (fo=75, unplaced)        0.439    12.079    core/CLK
                         FDRE                                         r  core/out_addr_q_reg[0]/C
                         clock pessimism              0.178    12.257    
                         clock uncertainty           -0.035    12.222    
                         FDRE (Setup_fdre_C_CE)      -0.202    12.020    core/out_addr_q_reg[0]
  -------------------------------------------------------------------
                         required time                         12.020    
                         arrival time                          -6.903    
  -------------------------------------------------------------------
                         slack                                  5.117    

Slack (MET) :             5.117ns  (required time - arrival time)
  Source:                 core/pending_q_reg[12]/C
                            (rising edge-triggered cell FDRE clocked by clk  {rise@0.000ns fall@5.000ns period=10.000ns})
  Destination:            core/out_addr_q_reg[1]/CE
                            (rising edge-triggered cell FDRE clocked by clk  {rise@0.000ns fall@5.000ns period=10.000ns})
  Path Group:             clk
  Path Type:              Setup (Max at Slow Process Corner)
  Requirement:            10.000ns  (clk rise@10.000ns - clk rise@0.000ns)
  Data Path Delay:        4.501ns  (logic 1.123ns (24.950%)  route 3.378ns (75.050%))
  Logic Levels:           4  (LUT3=1 LUT4=1 LUT5=1 LUT6=1)
  Clock Path Skew:        -0.145ns (DCD - SCD + CPR)
    Destination Clock Delay (DCD):    2.079ns = ( 12.079 - 10.000 ) 
    Source Clock Delay      (SCD):    2.402ns
    Clock Pessimism Removal (CPR):    0.178ns
  Clock Uncertainty:      0.035ns  ((TSJ^2 + TIJ^2)^1/2 + DJ) / 2 + PE
    Total System Jitter     (TSJ):    0.071ns
    Total Input Jitter      (TIJ):    0.000ns
    Discrete Jitter          (DJ):    0.000ns
    Phase Error              (PE):    0.000ns

    Location             Delay type                Incr(ns)  Path(ns)    Netlist Resource(s)
  -------------------------------------------------------------------    -------------------
                         (clock clk rise edge)        0.000     0.000 r  
                                                      0.000     0.000 r  clk (IN)
                         net (fo=0)                   0.000     0.000    clk
                         IBUF (Prop_ibuf_I_O)         0.923     0.923 r  clk_IBUF_inst/O
                         net (fo=1, unplaced)         0.800     1.722    clk_IBUF
                         BUFG (Prop_bufg_I_O)         0.096     1.818 r  clk_IBUF_BUFG_inst/O
                         net (fo=75, unplaced)        0.584     2.402    core/CLK
                         FDRE                                         r  core/pending_q_reg[12]/C
  -------------------------------------------------------------------    -------------------
                         FDRE (Prop_fdre_C_Q)         0.456     2.858 r  core/pending_q_reg[12]/Q
                         net (fo=4, unplaced)         0.989     3.847    core/pending_q[12]
                         LUT6 (Prop_lut6_I0_O)        0.295     4.142 r  core/pending_q[15]_i_5/O
                         net (fo=5, unplaced)         0.477     4.619    core/pending_q[15]_i_5_n_0
                         LUT5 (Prop_lut5_I4_O)        0.124     4.743 r  core/out_addr_q[3]_i_6/O
                         net (fo=6, unplaced)         0.934     5.677    core/selected_half1__0
                         LUT4 (Prop_lut4_I1_O)        0.124     5.801 r  core/epoch_gray_q[3]_i_3/O
                         net (fo=6, unplaced)         0.481     6.282    core/grant_valid
                         LUT3 (Prop_lut3_I0_O)        0.124     6.406 r  core/out_addr_q[3]_i_1/O
                         net (fo=4, unplaced)         0.497     6.903    core/out_addr_d
                         FDRE                                         r  core/out_addr_q_reg[1]/CE
  -------------------------------------------------------------------    -------------------

                         (clock clk rise edge)       10.000    10.000 r  
                                                      0.000    10.000 r  clk (IN)
                         net (fo=0)                   0.000    10.000    clk
                         IBUF (Prop_ibuf_I_O)         0.789    10.789 r  clk_IBUF_inst/O
                         net (fo=1, unplaced)         0.760    11.549    clk_IBUF
                         BUFG (Prop_bufg_I_O)         0.091    11.640 r  clk_IBUF_BUFG_inst/O
                         net (fo=75, unplaced)        0.439    12.079    core/CLK
                         FDRE                                         r  core/out_addr_q_reg[1]/C
                         clock pessimism              0.178    12.257    
                         clock uncertainty           -0.035    12.222    
                         FDRE (Setup_fdre_C_CE)      -0.202    12.020    core/out_addr_q_reg[1]
  -------------------------------------------------------------------
                         required time                         12.020    
                         arrival time                          -6.903    
  -------------------------------------------------------------------
                         slack                                  5.117    

Slack (MET) :             5.117ns  (required time - arrival time)
  Source:                 core/pending_q_reg[12]/C
                            (rising edge-triggered cell FDRE clocked by clk  {rise@0.000ns fall@5.000ns period=10.000ns})
  Destination:            core/out_addr_q_reg[2]/CE
                            (rising edge-triggered cell FDRE clocked by clk  {rise@0.000ns fall@5.000ns period=10.000ns})
  Path Group:             clk
  Path Type:              Setup (Max at Slow Process Corner)
  Requirement:            10.000ns  (clk rise@10.000ns - clk rise@0.000ns)
  Data Path Delay:        4.501ns  (logic 1.123ns (24.950%)  route 3.378ns (75.050%))
  Logic Levels:           4  (LUT3=1 LUT4=1 LUT5=1 LUT6=1)
  Clock Path Skew:        -0.145ns (DCD - SCD + CPR)
    Destination Clock Delay (DCD):    2.079ns = ( 12.079 - 10.000 ) 
    Source Clock Delay      (SCD):    2.402ns
    Clock Pessimism Removal (CPR):    0.178ns
  Clock Uncertainty:      0.035ns  ((TSJ^2 + TIJ^2)^1/2 + DJ) / 2 + PE
    Total System Jitter     (TSJ):    0.071ns
    Total Input Jitter      (TIJ):    0.000ns
    Discrete Jitter          (DJ):    0.000ns
    Phase Error              (PE):    0.000ns

    Location             Delay type                Incr(ns)  Path(ns)    Netlist Resource(s)
  -------------------------------------------------------------------    -------------------
                         (clock clk rise edge)        0.000     0.000 r  
                                                      0.000     0.000 r  clk (IN)
                         net (fo=0)                   0.000     0.000    clk
                         IBUF (Prop_ibuf_I_O)         0.923     0.923 r  clk_IBUF_inst/O
                         net (fo=1, unplaced)         0.800     1.722    clk_IBUF
                         BUFG (Prop_bufg_I_O)         0.096     1.818 r  clk_IBUF_BUFG_inst/O
                         net (fo=75, unplaced)        0.584     2.402    core/CLK
                         FDRE                                         r  core/pending_q_reg[12]/C
  -------------------------------------------------------------------    -------------------
                         FDRE (Prop_fdre_C_Q)         0.456     2.858 r  core/pending_q_reg[12]/Q
                         net (fo=4, unplaced)         0.989     3.847    core/pending_q[12]
                         LUT6 (Prop_lut6_I0_O)        0.295     4.142 r  core/pending_q[15]_i_5/O
                         net (fo=5, unplaced)         0.477     4.619    core/pending_q[15]_i_5_n_0
                         LUT5 (Prop_lut5_I4_O)        0.124     4.743 r  core/out_addr_q[3]_i_6/O
                         net (fo=6, unplaced)         0.934     5.677    core/selected_half1__0
                         LUT4 (Prop_lut4_I1_O)        0.124     5.801 r  core/epoch_gray_q[3]_i_3/O
                         net (fo=6, unplaced)         0.481     6.282    core/grant_valid
                         LUT3 (Prop_lut3_I0_O)        0.124     6.406 r  core/out_addr_q[3]_i_1/O
                         net (fo=4, unplaced)         0.497     6.903    core/out_addr_d
                         FDRE                                         r  core/out_addr_q_reg[2]/CE
  -------------------------------------------------------------------    -------------------

                         (clock clk rise edge)       10.000    10.000 r  
                                                      0.000    10.000 r  clk (IN)
                         net (fo=0)                   0.000    10.000    clk
                         IBUF (Prop_ibuf_I_O)         0.789    10.789 r  clk_IBUF_inst/O
                         net (fo=1, unplaced)         0.760    11.549    clk_IBUF
                         BUFG (Prop_bufg_I_O)         0.091    11.640 r  clk_IBUF_BUFG_inst/O
                         net (fo=75, unplaced)        0.439    12.079    core/CLK
                         FDRE                                         r  core/out_addr_q_reg[2]/C
                         clock pessimism              0.178    12.257    
                         clock uncertainty           -0.035    12.222    
                         FDRE (Setup_fdre_C_CE)      -0.202    12.020    core/out_addr_q_reg[2]
  -------------------------------------------------------------------
                         required time                         12.020    
                         arrival time                          -6.903    
  -------------------------------------------------------------------
                         slack                                  5.117    

Slack (MET) :             5.117ns  (required time - arrival time)
  Source:                 core/pending_q_reg[12]/C
                            (rising edge-triggered cell FDRE clocked by clk  {rise@0.000ns fall@5.000ns period=10.000ns})
  Destination:            core/out_addr_q_reg[3]/CE
                            (rising edge-triggered cell FDRE clocked by clk  {rise@0.000ns fall@5.000ns period=10.000ns})
  Path Group:             clk
  Path Type:              Setup (Max at Slow Process Corner)
  Requirement:            10.000ns  (clk rise@10.000ns - clk rise@0.000ns)
  Data Path Delay:        4.501ns  (logic 1.123ns (24.950%)  route 3.378ns (75.050%))
  Logic Levels:           4  (LUT3=1 LUT4=1 LUT5=1 LUT6=1)
  Clock Path Skew:        -0.145ns (DCD - SCD + CPR)
    Destination Clock Delay (DCD):    2.079ns = ( 12.079 - 10.000 ) 
    Source Clock Delay      (SCD):    2.402ns
    Clock Pessimism Removal (CPR):    0.178ns
  Clock Uncertainty:      0.035ns  ((TSJ^2 + TIJ^2)^1/2 + DJ) / 2 + PE
    Total System Jitter     (TSJ):    0.071ns
    Total Input Jitter      (TIJ):    0.000ns
    Discrete Jitter          (DJ):    0.000ns
    Phase Error              (PE):    0.000ns

    Location             Delay type                Incr(ns)  Path(ns)    Netlist Resource(s)
  -------------------------------------------------------------------    -------------------
                         (clock clk rise edge)        0.000     0.000 r  
                                                      0.000     0.000 r  clk (IN)
                         net (fo=0)                   0.000     0.000    clk
                         IBUF (Prop_ibuf_I_O)         0.923     0.923 r  clk_IBUF_inst/O
                         net (fo=1, unplaced)         0.800     1.722    clk_IBUF
                         BUFG (Prop_bufg_I_O)         0.096     1.818 r  clk_IBUF_BUFG_inst/O
                         net (fo=75, unplaced)        0.584     2.402    core/CLK
                         FDRE                                         r  core/pending_q_reg[12]/C
  -------------------------------------------------------------------    -------------------
                         FDRE (Prop_fdre_C_Q)         0.456     2.858 r  core/pending_q_reg[12]/Q
                         net (fo=4, unplaced)         0.989     3.847    core/pending_q[12]
                         LUT6 (Prop_lut6_I0_O)        0.295     4.142 r  core/pending_q[15]_i_5/O
                         net (fo=5, unplaced)         0.477     4.619    core/pending_q[15]_i_5_n_0
                         LUT5 (Prop_lut5_I4_O)        0.124     4.743 r  core/out_addr_q[3]_i_6/O
                         net (fo=6, unplaced)         0.934     5.677    core/selected_half1__0
                         LUT4 (Prop_lut4_I1_O)        0.124     5.801 r  core/epoch_gray_q[3]_i_3/O
                         net (fo=6, unplaced)         0.481     6.282    core/grant_valid
                         LUT3 (Prop_lut3_I0_O)        0.124     6.406 r  core/out_addr_q[3]_i_1/O
                         net (fo=4, unplaced)         0.497     6.903    core/out_addr_d
                         FDRE                                         r  core/out_addr_q_reg[3]/CE
  -------------------------------------------------------------------    -------------------

                         (clock clk rise edge)       10.000    10.000 r  
                                                      0.000    10.000 r  clk (IN)
                         net (fo=0)                   0.000    10.000    clk
                         IBUF (Prop_ibuf_I_O)         0.789    10.789 r  clk_IBUF_inst/O
                         net (fo=1, unplaced)         0.760    11.549    clk_IBUF
                         BUFG (Prop_bufg_I_O)         0.091    11.640 r  clk_IBUF_BUFG_inst/O
                         net (fo=75, unplaced)        0.439    12.079    core/CLK
                         FDRE                                         r  core/out_addr_q_reg[3]/C
                         clock pessimism              0.178    12.257    
                         clock uncertainty           -0.035    12.222    
                         FDRE (Setup_fdre_C_CE)      -0.202    12.020    core/out_addr_q_reg[3]
  -------------------------------------------------------------------
                         required time                         12.020    
                         arrival time                          -6.903    
  -------------------------------------------------------------------
                         slack                                  5.117    

Slack (MET) :             5.268ns  (required time - arrival time)
  Source:                 core/pending_q_reg[8]/C
                            (rising edge-triggered cell FDRE clocked by clk  {rise@0.000ns fall@5.000ns period=10.000ns})
  Destination:            core/pending_q_reg[10]/D
                            (rising edge-triggered cell FDRE clocked by clk  {rise@0.000ns fall@5.000ns period=10.000ns})
  Path Group:             clk
  Path Type:              Setup (Max at Slow Process Corner)
  Requirement:            10.000ns  (clk rise@10.000ns - clk rise@0.000ns)
  Data Path Delay:        4.581ns  (logic 1.247ns (27.221%)  route 3.334ns (72.779%))
  Logic Levels:           5  (LUT4=1 LUT5=1 LUT6=3)
  Clock Path Skew:        -0.145ns (DCD - SCD + CPR)
    Destination Clock Delay (DCD):    2.079ns = ( 12.079 - 10.000 ) 
    Source Clock Delay      (SCD):    2.402ns
    Clock Pessimism Removal (CPR):    0.178ns
  Clock Uncertainty:      0.035ns  ((TSJ^2 + TIJ^2)^1/2 + DJ) / 2 + PE
    Total System Jitter     (TSJ):    0.071ns
    Total Input Jitter      (TIJ):    0.000ns
    Discrete Jitter          (DJ):    0.000ns
    Phase Error              (PE):    0.000ns

    Location             Delay type                Incr(ns)  Path(ns)    Netlist Resource(s)
  -------------------------------------------------------------------    -------------------
                         (clock clk rise edge)        0.000     0.000 r  
                                                      0.000     0.000 r  clk (IN)
                         net (fo=0)                   0.000     0.000    clk
                         IBUF (Prop_ibuf_I_O)         0.923     0.923 r  clk_IBUF_inst/O
                         net (fo=1, unplaced)         0.800     1.722    clk_IBUF
                         BUFG (Prop_bufg_I_O)         0.096     1.818 r  clk_IBUF_BUFG_inst/O
                         net (fo=75, unplaced)        0.584     2.402    core/CLK
                         FDRE                                         r  core/pending_q_reg[8]/C
  -------------------------------------------------------------------    -------------------
                         FDRE (Prop_fdre_C_Q)         0.456     2.858 f  core/pending_q_reg[8]/Q
                         net (fo=4, unplaced)         0.989     3.847    core/pending_q[8]
                         LUT6 (Prop_lut6_I0_O)        0.295     4.142 f  core/pending_q[11]_i_5/O
                         net (fo=5, unplaced)         0.477     4.619    core/pending_q[11]_i_5_n_0
                         LUT5 (Prop_lut5_I4_O)        0.124     4.743 f  core/out_addr_q[3]_i_5/O
                         net (fo=6, unplaced)         0.934     5.677    core/selected_half111_out
                         LUT6 (Prop_lut6_I2_O)        0.124     5.801 f  core/pending_q[11]_i_7/O
                         net (fo=3, unplaced)         0.467     6.268    core/p_1_in99_in
                         LUT4 (Prop_lut4_I3_O)        0.124     6.392 f  core/pending_q[11]_i_4/O
                         net (fo=3, unplaced)         0.467     6.859    core/p_2_in35_in
                         LUT6 (Prop_lut6_I3_O)        0.124     6.983 r  core/pending_q[10]_i_1/O
                         net (fo=1, unplaced)         0.000     6.983    core/pending_d[10]
                         FDRE                                         r  core/pending_q_reg[10]/D
  -------------------------------------------------------------------    -------------------

                         (clock clk rise edge)       10.000    10.000 r  
                                                      0.000    10.000 r  clk (IN)
                         net (fo=0)                   0.000    10.000    clk
                         IBUF (Prop_ibuf_I_O)         0.789    10.789 r  clk_IBUF_inst/O
                         net (fo=1, unplaced)         0.760    11.549    clk_IBUF
                         BUFG (Prop_bufg_I_O)         0.091    11.640 r  clk_IBUF_BUFG_inst/O
                         net (fo=75, unplaced)        0.439    12.079    core/CLK
                         FDRE                                         r  core/pending_q_reg[10]/C
                         clock pessimism              0.178    12.257    
                         clock uncertainty           -0.035    12.222    
                         FDRE (Setup_fdre_C_D)        0.029    12.251    core/pending_q_reg[10]
  -------------------------------------------------------------------
                         required time                         12.251    
                         arrival time                          -6.983    
  -------------------------------------------------------------------
                         slack                                  5.268    

Slack (MET) :             5.268ns  (required time - arrival time)
  Source:                 core/pending_q_reg[8]/C
                            (rising edge-triggered cell FDRE clocked by clk  {rise@0.000ns fall@5.000ns period=10.000ns})
  Destination:            core/pending_q_reg[11]/D
                            (rising edge-triggered cell FDRE clocked by clk  {rise@0.000ns fall@5.000ns period=10.000ns})
  Path Group:             clk
  Path Type:              Setup (Max at Slow Process Corner)
  Requirement:            10.000ns  (clk rise@10.000ns - clk rise@0.000ns)
  Data Path Delay:        4.581ns  (logic 1.247ns (27.221%)  route 3.334ns (72.779%))
  Logic Levels:           5  (LUT4=1 LUT5=1 LUT6=3)
  Clock Path Skew:        -0.145ns (DCD - SCD + CPR)
    Destination Clock Delay (DCD):    2.079ns = ( 12.079 - 10.000 ) 
    Source Clock Delay      (SCD):    2.402ns
    Clock Pessimism Removal (CPR):    0.178ns
  Clock Uncertainty:      0.035ns  ((TSJ^2 + TIJ^2)^1/2 + DJ) / 2 + PE
    Total System Jitter     (TSJ):    0.071ns
    Total Input Jitter      (TIJ):    0.000ns
    Discrete Jitter          (DJ):    0.000ns
    Phase Error              (PE):    0.000ns

    Location             Delay type                Incr(ns)  Path(ns)    Netlist Resource(s)
  -------------------------------------------------------------------    -------------------
                         (clock clk rise edge)        0.000     0.000 r  
                                                      0.000     0.000 r  clk (IN)
                         net (fo=0)                   0.000     0.000    clk
                         IBUF (Prop_ibuf_I_O)         0.923     0.923 r  clk_IBUF_inst/O
                         net (fo=1, unplaced)         0.800     1.722    clk_IBUF
                         BUFG (Prop_bufg_I_O)         0.096     1.818 r  clk_IBUF_BUFG_inst/O
                         net (fo=75, unplaced)        0.584     2.402    core/CLK
                         FDRE                                         r  core/pending_q_reg[8]/C
  -------------------------------------------------------------------    -------------------
                         FDRE (Prop_fdre_C_Q)         0.456     2.858 f  core/pending_q_reg[8]/Q
                         net (fo=4, unplaced)         0.989     3.847    core/pending_q[8]
                         LUT6 (Prop_lut6_I0_O)        0.295     4.142 f  core/pending_q[11]_i_5/O
                         net (fo=5, unplaced)         0.477     4.619    core/pending_q[11]_i_5_n_0
                         LUT5 (Prop_lut5_I4_O)        0.124     4.743 f  core/out_addr_q[3]_i_5/O
                         net (fo=6, unplaced)         0.934     5.677    core/selected_half111_out
                         LUT6 (Prop_lut6_I2_O)        0.124     5.801 f  core/pending_q[11]_i_7/O
                         net (fo=3, unplaced)         0.467     6.268    core/p_1_in99_in
                         LUT4 (Prop_lut4_I3_O)        0.124     6.392 f  core/pending_q[11]_i_4/O
                         net (fo=3, unplaced)         0.467     6.859    core/p_2_in35_in
                         LUT6 (Prop_lut6_I3_O)        0.124     6.983 r  core/pending_q[11]_i_1/O
                         net (fo=1, unplaced)         0.000     6.983    core/pending_d[11]
                         FDRE                                         r  core/pending_q_reg[11]/D
  -------------------------------------------------------------------    -------------------

                         (clock clk rise edge)       10.000    10.000 r  
                                                      0.000    10.000 r  clk (IN)
                         net (fo=0)                   0.000    10.000    clk
                         IBUF (Prop_ibuf_I_O)         0.789    10.789 r  clk_IBUF_inst/O
                         net (fo=1, unplaced)         0.760    11.549    clk_IBUF
                         BUFG (Prop_bufg_I_O)         0.091    11.640 r  clk_IBUF_BUFG_inst/O
                         net (fo=75, unplaced)        0.439    12.079    core/CLK
                         FDRE                                         r  core/pending_q_reg[11]/C
                         clock pessimism              0.178    12.257    
                         clock uncertainty           -0.035    12.222    
                         FDRE (Setup_fdre_C_D)        0.029    12.251    core/pending_q_reg[11]
  -------------------------------------------------------------------
                         required time                         12.251    
                         arrival time                          -6.983    
  -------------------------------------------------------------------
                         slack                                  5.268    

Slack (MET) :             5.278ns  (required time - arrival time)
  Source:                 core/pending_q_reg[4]/C
                            (rising edge-triggered cell FDRE clocked by clk  {rise@0.000ns fall@5.000ns period=10.000ns})
  Destination:            core/pending_q_reg[14]/D
                            (rising edge-triggered cell FDRE clocked by clk  {rise@0.000ns fall@5.000ns period=10.000ns})
  Path Group:             clk
  Path Type:              Setup (Max at Slow Process Corner)
  Requirement:            10.000ns  (clk rise@10.000ns - clk rise@0.000ns)
  Data Path Delay:        4.571ns  (logic 1.241ns (27.149%)  route 3.330ns (72.851%))
  Logic Levels:           5  (LUT4=1 LUT5=1 LUT6=3)
  Clock Path Skew:        -0.145ns (DCD - SCD + CPR)
    Destination Clock Delay (DCD):    2.079ns = ( 12.079 - 10.000 ) 
    Source Clock Delay      (SCD):    2.402ns
    Clock Pessimism Removal (CPR):    0.178ns
  Clock Uncertainty:      0.035ns  ((TSJ^2 + TIJ^2)^1/2 + DJ) / 2 + PE
    Total System Jitter     (TSJ):    0.071ns
    Total Input Jitter      (TIJ):    0.000ns
    Discrete Jitter          (DJ):    0.000ns
    Phase Error              (PE):    0.000ns

    Location             Delay type                Incr(ns)  Path(ns)    Netlist Resource(s)
  -------------------------------------------------------------------    -------------------
                         (clock clk rise edge)        0.000     0.000 r  
                                                      0.000     0.000 r  clk (IN)
                         net (fo=0)                   0.000     0.000    clk
                         IBUF (Prop_ibuf_I_O)         0.923     0.923 r  clk_IBUF_inst/O
                         net (fo=1, unplaced)         0.800     1.722    clk_IBUF
                         BUFG (Prop_bufg_I_O)         0.096     1.818 r  clk_IBUF_BUFG_inst/O
                         net (fo=75, unplaced)        0.584     2.402    core/CLK
                         FDRE                                         r  core/pending_q_reg[4]/C
  -------------------------------------------------------------------    -------------------
                         FDRE (Prop_fdre_C_Q)         0.456     2.858 r  core/pending_q_reg[4]/Q
                         net (fo=4, unplaced)         0.989     3.847    core/pending_q[4]
                         LUT6 (Prop_lut6_I0_O)        0.295     4.142 r  core/pending_q[6]_i_7/O
                         net (fo=3, unplaced)         0.467     4.609    core/pending_q[6]_i_7_n_0
                         LUT5 (Prop_lut5_I4_O)        0.124     4.733 r  core/out_addr_q[3]_i_4/O
                         net (fo=6, unplaced)         0.934     5.667    core/selected_half18_out
                         LUT6 (Prop_lut6_I2_O)        0.124     5.791 f  core/out_addr_q[2]_i_3/O
                         net (fo=4, unplaced)         0.473     6.264    core/p_4_in
                         LUT4 (Prop_lut4_I3_O)        0.118     6.382 f  core/pending_q[15]_i_4/O
                         net (fo=3, unplaced)         0.467     6.849    core/p_3_in
                         LUT6 (Prop_lut6_I3_O)        0.124     6.973 r  core/pending_q[14]_i_1/O
                         net (fo=1, unplaced)         0.000     6.973    core/pending_d[14]
                         FDRE                                         r  core/pending_q_reg[14]/D
  -------------------------------------------------------------------    -------------------

                         (clock clk rise edge)       10.000    10.000 r  
                                                      0.000    10.000 r  clk (IN)
                         net (fo=0)                   0.000    10.000    clk
                         IBUF (Prop_ibuf_I_O)         0.789    10.789 r  clk_IBUF_inst/O
                         net (fo=1, unplaced)         0.760    11.549    clk_IBUF
                         BUFG (Prop_bufg_I_O)         0.091    11.640 r  clk_IBUF_BUFG_inst/O
                         net (fo=75, unplaced)        0.439    12.079    core/CLK
                         FDRE                                         r  core/pending_q_reg[14]/C
                         clock pessimism              0.178    12.257    
                         clock uncertainty           -0.035    12.222    
                         FDRE (Setup_fdre_C_D)        0.029    12.251    core/pending_q_reg[14]
  -------------------------------------------------------------------
                         required time                         12.251    
                         arrival time                          -6.973    
  -------------------------------------------------------------------
                         slack                                  5.278    

Slack (MET) :             5.278ns  (required time - arrival time)
  Source:                 core/pending_q_reg[4]/C
                            (rising edge-triggered cell FDRE clocked by clk  {rise@0.000ns fall@5.000ns period=10.000ns})
  Destination:            core/pending_q_reg[15]/D
                            (rising edge-triggered cell FDRE clocked by clk  {rise@0.000ns fall@5.000ns period=10.000ns})
  Path Group:             clk
  Path Type:              Setup (Max at Slow Process Corner)
  Requirement:            10.000ns  (clk rise@10.000ns - clk rise@0.000ns)
  Data Path Delay:        4.571ns  (logic 1.241ns (27.149%)  route 3.330ns (72.851%))
  Logic Levels:           5  (LUT4=1 LUT5=1 LUT6=3)
  Clock Path Skew:        -0.145ns (DCD - SCD + CPR)
    Destination Clock Delay (DCD):    2.079ns = ( 12.079 - 10.000 ) 
    Source Clock Delay      (SCD):    2.402ns
    Clock Pessimism Removal (CPR):    0.178ns
  Clock Uncertainty:      0.035ns  ((TSJ^2 + TIJ^2)^1/2 + DJ) / 2 + PE
    Total System Jitter     (TSJ):    0.071ns
    Total Input Jitter      (TIJ):    0.000ns
    Discrete Jitter          (DJ):    0.000ns
    Phase Error              (PE):    0.000ns

    Location             Delay type                Incr(ns)  Path(ns)    Netlist Resource(s)
  -------------------------------------------------------------------    -------------------
                         (clock clk rise edge)        0.000     0.000 r  
                                                      0.000     0.000 r  clk (IN)
                         net (fo=0)                   0.000     0.000    clk
                         IBUF (Prop_ibuf_I_O)         0.923     0.923 r  clk_IBUF_inst/O
                         net (fo=1, unplaced)         0.800     1.722    clk_IBUF
                         BUFG (Prop_bufg_I_O)         0.096     1.818 r  clk_IBUF_BUFG_inst/O
                         net (fo=75, unplaced)        0.584     2.402    core/CLK
                         FDRE                                         r  core/pending_q_reg[4]/C
  -------------------------------------------------------------------    -------------------
                         FDRE (Prop_fdre_C_Q)         0.456     2.858 r  core/pending_q_reg[4]/Q
                         net (fo=4, unplaced)         0.989     3.847    core/pending_q[4]
                         LUT6 (Prop_lut6_I0_O)        0.295     4.142 r  core/pending_q[6]_i_7/O
                         net (fo=3, unplaced)         0.467     4.609    core/pending_q[6]_i_7_n_0
                         LUT5 (Prop_lut5_I4_O)        0.124     4.733 r  core/out_addr_q[3]_i_4/O
                         net (fo=6, unplaced)         0.934     5.667    core/selected_half18_out
                         LUT6 (Prop_lut6_I2_O)        0.124     5.791 f  core/out_addr_q[2]_i_3/O
                         net (fo=4, unplaced)         0.473     6.264    core/p_4_in
                         LUT4 (Prop_lut4_I3_O)        0.118     6.382 f  core/pending_q[15]_i_4/O
                         net (fo=3, unplaced)         0.467     6.849    core/p_3_in
                         LUT6 (Prop_lut6_I3_O)        0.124     6.973 r  core/pending_q[15]_i_1/O
                         net (fo=1, unplaced)         0.000     6.973    core/pending_d[15]
                         FDRE                                         r  core/pending_q_reg[15]/D
  -------------------------------------------------------------------    -------------------

                         (clock clk rise edge)       10.000    10.000 r  
                                                      0.000    10.000 r  clk (IN)
                         net (fo=0)                   0.000    10.000    clk
                         IBUF (Prop_ibuf_I_O)         0.789    10.789 r  clk_IBUF_inst/O
                         net (fo=1, unplaced)         0.760    11.549    clk_IBUF
                         BUFG (Prop_bufg_I_O)         0.091    11.640 r  clk_IBUF_BUFG_inst/O
                         net (fo=75, unplaced)        0.439    12.079    core/CLK
                         FDRE                                         r  core/pending_q_reg[15]/C
                         clock pessimism              0.178    12.257    
                         clock uncertainty           -0.035    12.222    
                         FDRE (Setup_fdre_C_D)        0.029    12.251    core/pending_q_reg[15]
  -------------------------------------------------------------------
                         required time                         12.251    
                         arrival time                          -6.973    
  -------------------------------------------------------------------
                         slack                                  5.278    

Slack (MET) :             5.278ns  (required time - arrival time)
  Source:                 core/pending_q_reg[4]/C
                            (rising edge-triggered cell FDRE clocked by clk  {rise@0.000ns fall@5.000ns period=10.000ns})
  Destination:            core/pending_q_reg[2]/D
                            (rising edge-triggered cell FDRE clocked by clk  {rise@0.000ns fall@5.000ns period=10.000ns})
  Path Group:             clk
  Path Type:              Setup (Max at Slow Process Corner)
  Requirement:            10.000ns  (clk rise@10.000ns - clk rise@0.000ns)
  Data Path Delay:        4.571ns  (logic 1.241ns (27.149%)  route 3.330ns (72.851%))
  Logic Levels:           5  (LUT4=1 LUT5=1 LUT6=3)
  Clock Path Skew:        -0.145ns (DCD - SCD + CPR)
    Destination Clock Delay (DCD):    2.079ns = ( 12.079 - 10.000 ) 
    Source Clock Delay      (SCD):    2.402ns
    Clock Pessimism Removal (CPR):    0.178ns
  Clock Uncertainty:      0.035ns  ((TSJ^2 + TIJ^2)^1/2 + DJ) / 2 + PE
    Total System Jitter     (TSJ):    0.071ns
    Total Input Jitter      (TIJ):    0.000ns
    Discrete Jitter          (DJ):    0.000ns
    Phase Error              (PE):    0.000ns

    Location             Delay type                Incr(ns)  Path(ns)    Netlist Resource(s)
  -------------------------------------------------------------------    -------------------
                         (clock clk rise edge)        0.000     0.000 r  
                                                      0.000     0.000 r  clk (IN)
                         net (fo=0)                   0.000     0.000    clk
                         IBUF (Prop_ibuf_I_O)         0.923     0.923 r  clk_IBUF_inst/O
                         net (fo=1, unplaced)         0.800     1.722    clk_IBUF
                         BUFG (Prop_bufg_I_O)         0.096     1.818 r  clk_IBUF_BUFG_inst/O
                         net (fo=75, unplaced)        0.584     2.402    core/CLK
                         FDRE                                         r  core/pending_q_reg[4]/C
  -------------------------------------------------------------------    -------------------
                         FDRE (Prop_fdre_C_Q)         0.456     2.858 r  core/pending_q_reg[4]/Q
                         net (fo=4, unplaced)         0.989     3.847    core/pending_q[4]
                         LUT6 (Prop_lut6_I0_O)        0.295     4.142 r  core/pending_q[6]_i_7/O
                         net (fo=3, unplaced)         0.467     4.609    core/pending_q[6]_i_7_n_0
                         LUT5 (Prop_lut5_I4_O)        0.124     4.733 r  core/out_addr_q[3]_i_4/O
                         net (fo=6, unplaced)         0.934     5.667    core/selected_half18_out
                         LUT6 (Prop_lut6_I2_O)        0.124     5.791 f  core/pending_q[3]_i_7/O
                         net (fo=4, unplaced)         0.473     6.264    core/pending_q[3]_i_7_n_0
                         LUT4 (Prop_lut4_I3_O)        0.118     6.382 f  core/pending_q[3]_i_3/O
                         net (fo=3, unplaced)         0.467     6.849    core/p_1_in36_in
                         LUT6 (Prop_lut6_I0_O)        0.124     6.973 r  core/pending_q[2]_i_1/O
                         net (fo=1, unplaced)         0.000     6.973    core/pending_d[2]
                         FDRE                                         r  core/pending_q_reg[2]/D
  -------------------------------------------------------------------    -------------------

                         (clock clk rise edge)       10.000    10.000 r  
                                                      0.000    10.000 r  clk (IN)
                         net (fo=0)                   0.000    10.000    clk
                         IBUF (Prop_ibuf_I_O)         0.789    10.789 r  clk_IBUF_inst/O
                         net (fo=1, unplaced)         0.760    11.549    clk_IBUF
                         BUFG (Prop_bufg_I_O)         0.091    11.640 r  clk_IBUF_BUFG_inst/O
                         net (fo=75, unplaced)        0.439    12.079    core/CLK
                         FDRE                                         r  core/pending_q_reg[2]/C
                         clock pessimism              0.178    12.257    
                         clock uncertainty           -0.035    12.222    
                         FDRE (Setup_fdre_C_D)        0.029    12.251    core/pending_q_reg[2]
  -------------------------------------------------------------------
                         required time                         12.251    
                         arrival time                          -6.973    
  -------------------------------------------------------------------
                         slack                                  5.278    

Slack (MET) :             5.278ns  (required time - arrival time)
  Source:                 core/pending_q_reg[4]/C
                            (rising edge-triggered cell FDRE clocked by clk  {rise@0.000ns fall@5.000ns period=10.000ns})
  Destination:            core/pending_q_reg[3]/D
                            (rising edge-triggered cell FDRE clocked by clk  {rise@0.000ns fall@5.000ns period=10.000ns})
  Path Group:             clk
  Path Type:              Setup (Max at Slow Process Corner)
  Requirement:            10.000ns  (clk rise@10.000ns - clk rise@0.000ns)
  Data Path Delay:        4.571ns  (logic 1.241ns (27.149%)  route 3.330ns (72.851%))
  Logic Levels:           5  (LUT4=1 LUT5=1 LUT6=3)
  Clock Path Skew:        -0.145ns (DCD - SCD + CPR)
    Destination Clock Delay (DCD):    2.079ns = ( 12.079 - 10.000 ) 
    Source Clock Delay      (SCD):    2.402ns
    Clock Pessimism Removal (CPR):    0.178ns
  Clock Uncertainty:      0.035ns  ((TSJ^2 + TIJ^2)^1/2 + DJ) / 2 + PE
    Total System Jitter     (TSJ):    0.071ns
    Total Input Jitter      (TIJ):    0.000ns
    Discrete Jitter          (DJ):    0.000ns
    Phase Error              (PE):    0.000ns

    Location             Delay type                Incr(ns)  Path(ns)    Netlist Resource(s)
  -------------------------------------------------------------------    -------------------
                         (clock clk rise edge)        0.000     0.000 r  
                                                      0.000     0.000 r  clk (IN)
                         net (fo=0)                   0.000     0.000    clk
                         IBUF (Prop_ibuf_I_O)         0.923     0.923 r  clk_IBUF_inst/O
                         net (fo=1, unplaced)         0.800     1.722    clk_IBUF
                         BUFG (Prop_bufg_I_O)         0.096     1.818 r  clk_IBUF_BUFG_inst/O
                         net (fo=75, unplaced)        0.584     2.402    core/CLK
                         FDRE                                         r  core/pending_q_reg[4]/C
  -------------------------------------------------------------------    -------------------
                         FDRE (Prop_fdre_C_Q)         0.456     2.858 r  core/pending_q_reg[4]/Q
                         net (fo=4, unplaced)         0.989     3.847    core/pending_q[4]
                         LUT6 (Prop_lut6_I0_O)        0.295     4.142 r  core/pending_q[6]_i_7/O
                         net (fo=3, unplaced)         0.467     4.609    core/pending_q[6]_i_7_n_0
                         LUT5 (Prop_lut5_I4_O)        0.124     4.733 r  core/out_addr_q[3]_i_4/O
                         net (fo=6, unplaced)         0.934     5.667    core/selected_half18_out
                         LUT6 (Prop_lut6_I2_O)        0.124     5.791 f  core/pending_q[3]_i_7/O
                         net (fo=4, unplaced)         0.473     6.264    core/pending_q[3]_i_7_n_0
                         LUT4 (Prop_lut4_I3_O)        0.118     6.382 f  core/pending_q[3]_i_3/O
                         net (fo=3, unplaced)         0.467     6.849    core/p_1_in36_in
                         LUT6 (Prop_lut6_I2_O)        0.124     6.973 r  core/pending_q[3]_i_1/O
                         net (fo=1, unplaced)         0.000     6.973    core/pending_d[3]
                         FDRE                                         r  core/pending_q_reg[3]/D
  -------------------------------------------------------------------    -------------------

                         (clock clk rise edge)       10.000    10.000 r  
                                                      0.000    10.000 r  clk (IN)
                         net (fo=0)                   0.000    10.000    clk
                         IBUF (Prop_ibuf_I_O)         0.789    10.789 r  clk_IBUF_inst/O
                         net (fo=1, unplaced)         0.760    11.549    clk_IBUF
                         BUFG (Prop_bufg_I_O)         0.091    11.640 r  clk_IBUF_BUFG_inst/O
                         net (fo=75, unplaced)        0.439    12.079    core/CLK
                         FDRE                                         r  core/pending_q_reg[3]/C
                         clock pessimism              0.178    12.257    
                         clock uncertainty           -0.035    12.222    
                         FDRE (Setup_fdre_C_D)        0.029    12.251    core/pending_q_reg[3]
  -------------------------------------------------------------------
                         required time                         12.251    
                         arrival time                          -6.973    
  -------------------------------------------------------------------
                         slack                                  5.278    

Slack (MET) :             5.279ns  (required time - arrival time)
  Source:                 core/pending_q_reg[4]/C
                            (rising edge-triggered cell FDRE clocked by clk  {rise@0.000ns fall@5.000ns period=10.000ns})
  Destination:            core/pending_q_reg[12]/D
                            (rising edge-triggered cell FDRE clocked by clk  {rise@0.000ns fall@5.000ns period=10.000ns})
  Path Group:             clk
  Path Type:              Setup (Max at Slow Process Corner)
  Requirement:            10.000ns  (clk rise@10.000ns - clk rise@0.000ns)
  Data Path Delay:        4.570ns  (logic 1.247ns (27.287%)  route 3.323ns (72.713%))
  Logic Levels:           5  (LUT4=1 LUT5=1 LUT6=3)
  Clock Path Skew:        -0.145ns (DCD - SCD + CPR)
    Destination Clock Delay (DCD):    2.079ns = ( 12.079 - 10.000 ) 
    Source Clock Delay      (SCD):    2.402ns
    Clock Pessimism Removal (CPR):    0.178ns
  Clock Uncertainty:      0.035ns  ((TSJ^2 + TIJ^2)^1/2 + DJ) / 2 + PE
    Total System Jitter     (TSJ):    0.071ns
    Total Input Jitter      (TIJ):    0.000ns
    Discrete Jitter          (DJ):    0.000ns
    Phase Error              (PE):    0.000ns

    Location             Delay type                Incr(ns)  Path(ns)    Netlist Resource(s)
  -------------------------------------------------------------------    -------------------
                         (clock clk rise edge)        0.000     0.000 r  
                                                      0.000     0.000 r  clk (IN)
                         net (fo=0)                   0.000     0.000    clk
                         IBUF (Prop_ibuf_I_O)         0.923     0.923 r  clk_IBUF_inst/O
                         net (fo=1, unplaced)         0.800     1.722    clk_IBUF
                         BUFG (Prop_bufg_I_O)         0.096     1.818 r  clk_IBUF_BUFG_inst/O
                         net (fo=75, unplaced)        0.584     2.402    core/CLK
                         FDRE                                         r  core/pending_q_reg[4]/C
  -------------------------------------------------------------------    -------------------
                         FDRE (Prop_fdre_C_Q)         0.456     2.858 r  core/pending_q_reg[4]/Q
                         net (fo=4, unplaced)         0.989     3.847    core/pending_q[4]
                         LUT6 (Prop_lut6_I0_O)        0.295     4.142 r  core/pending_q[6]_i_7/O
                         net (fo=3, unplaced)         0.467     4.609    core/pending_q[6]_i_7_n_0
                         LUT5 (Prop_lut5_I4_O)        0.124     4.733 r  core/out_addr_q[3]_i_4/O
                         net (fo=6, unplaced)         0.934     5.667    core/selected_half18_out
                         LUT6 (Prop_lut6_I2_O)        0.124     5.791 f  core/out_addr_q[2]_i_3/O
                         net (fo=4, unplaced)         0.473     6.264    core/p_4_in
                         LUT4 (Prop_lut4_I3_O)        0.124     6.388 f  core/pending_q[13]_i_4/O
                         net (fo=2, unplaced)         0.460     6.848    core/p_1_in61_in
                         LUT6 (Prop_lut6_I3_O)        0.124     6.972 r  core/pending_q[12]_i_1/O
                         net (fo=1, unplaced)         0.000     6.972    core/pending_d[12]
                         FDRE                                         r  core/pending_q_reg[12]/D
  -------------------------------------------------------------------    -------------------

                         (clock clk rise edge)       10.000    10.000 r  
                                                      0.000    10.000 r  clk (IN)
                         net (fo=0)                   0.000    10.000    clk
                         IBUF (Prop_ibuf_I_O)         0.789    10.789 r  clk_IBUF_inst/O
                         net (fo=1, unplaced)         0.760    11.549    clk_IBUF
                         BUFG (Prop_bufg_I_O)         0.091    11.640 r  clk_IBUF_BUFG_inst/O
                         net (fo=75, unplaced)        0.439    12.079    core/CLK
                         FDRE                                         r  core/pending_q_reg[12]/C
                         clock pessimism              0.178    12.257    
                         clock uncertainty           -0.035    12.222    
                         FDRE (Setup_fdre_C_D)        0.029    12.251    core/pending_q_reg[12]
  -------------------------------------------------------------------
                         required time                         12.251    
                         arrival time                          -6.972    
  -------------------------------------------------------------------
                         slack                                  5.279    

Slack (MET) :             5.279ns  (required time - arrival time)
  Source:                 core/pending_q_reg[4]/C
                            (rising edge-triggered cell FDRE clocked by clk  {rise@0.000ns fall@5.000ns period=10.000ns})
  Destination:            core/pending_q_reg[13]/D
                            (rising edge-triggered cell FDRE clocked by clk  {rise@0.000ns fall@5.000ns period=10.000ns})
  Path Group:             clk
  Path Type:              Setup (Max at Slow Process Corner)
  Requirement:            10.000ns  (clk rise@10.000ns - clk rise@0.000ns)
  Data Path Delay:        4.570ns  (logic 1.247ns (27.287%)  route 3.323ns (72.713%))
  Logic Levels:           5  (LUT4=1 LUT5=1 LUT6=3)
  Clock Path Skew:        -0.145ns (DCD - SCD + CPR)
    Destination Clock Delay (DCD):    2.079ns = ( 12.079 - 10.000 ) 
    Source Clock Delay      (SCD):    2.402ns
    Clock Pessimism Removal (CPR):    0.178ns
  Clock Uncertainty:      0.035ns  ((TSJ^2 + TIJ^2)^1/2 + DJ) / 2 + PE
    Total System Jitter     (TSJ):    0.071ns
    Total Input Jitter      (TIJ):    0.000ns
    Discrete Jitter          (DJ):    0.000ns
    Phase Error              (PE):    0.000ns

    Location             Delay type                Incr(ns)  Path(ns)    Netlist Resource(s)
  -------------------------------------------------------------------    -------------------
                         (clock clk rise edge)        0.000     0.000 r  
                                                      0.000     0.000 r  clk (IN)
                         net (fo=0)                   0.000     0.000    clk
                         IBUF (Prop_ibuf_I_O)         0.923     0.923 r  clk_IBUF_inst/O
                         net (fo=1, unplaced)         0.800     1.722    clk_IBUF
                         BUFG (Prop_bufg_I_O)         0.096     1.818 r  clk_IBUF_BUFG_inst/O
                         net (fo=75, unplaced)        0.584     2.402    core/CLK
                         FDRE                                         r  core/pending_q_reg[4]/C
  -------------------------------------------------------------------    -------------------
                         FDRE (Prop_fdre_C_Q)         0.456     2.858 r  core/pending_q_reg[4]/Q
                         net (fo=4, unplaced)         0.989     3.847    core/pending_q[4]
                         LUT6 (Prop_lut6_I0_O)        0.295     4.142 r  core/pending_q[6]_i_7/O
                         net (fo=3, unplaced)         0.467     4.609    core/pending_q[6]_i_7_n_0
                         LUT5 (Prop_lut5_I4_O)        0.124     4.733 r  core/out_addr_q[3]_i_4/O
                         net (fo=6, unplaced)         0.934     5.667    core/selected_half18_out
                         LUT6 (Prop_lut6_I2_O)        0.124     5.791 f  core/out_addr_q[2]_i_3/O
                         net (fo=4, unplaced)         0.473     6.264    core/p_4_in
                         LUT4 (Prop_lut4_I3_O)        0.124     6.388 f  core/pending_q[13]_i_4/O
                         net (fo=2, unplaced)         0.460     6.848    core/p_1_in61_in
                         LUT6 (Prop_lut6_I3_O)        0.124     6.972 r  core/pending_q[13]_i_1/O
                         net (fo=1, unplaced)         0.000     6.972    core/pending_d[13]
                         FDRE                                         r  core/pending_q_reg[13]/D
  -------------------------------------------------------------------    -------------------

                         (clock clk rise edge)       10.000    10.000 r  
                                                      0.000    10.000 r  clk (IN)
                         net (fo=0)                   0.000    10.000    clk
                         IBUF (Prop_ibuf_I_O)         0.789    10.789 r  clk_IBUF_inst/O
                         net (fo=1, unplaced)         0.760    11.549    clk_IBUF
                         BUFG (Prop_bufg_I_O)         0.091    11.640 r  clk_IBUF_BUFG_inst/O
                         net (fo=75, unplaced)        0.439    12.079    core/CLK
                         FDRE                                         r  core/pending_q_reg[13]/C
                         clock pessimism              0.178    12.257    
                         clock uncertainty           -0.035    12.222    
                         FDRE (Setup_fdre_C_D)        0.029    12.251    core/pending_q_reg[13]
  -------------------------------------------------------------------
                         required time                         12.251    
                         arrival time                          -6.972    
  -------------------------------------------------------------------
                         slack                                  5.279    

Slack (MET) :             5.281ns  (required time - arrival time)
  Source:                 core/pending_q_reg[12]/C
                            (rising edge-triggered cell FDRE clocked by clk  {rise@0.000ns fall@5.000ns period=10.000ns})
  Destination:            core/pending_q_reg[4]/D
                            (rising edge-triggered cell FDRE clocked by clk  {rise@0.000ns fall@5.000ns period=10.000ns})
  Path Group:             clk
  Path Type:              Setup (Max at Slow Process Corner)
  Requirement:            10.000ns  (clk rise@10.000ns - clk rise@0.000ns)
  Data Path Delay:        4.568ns  (logic 1.241ns (27.167%)  route 3.327ns (72.833%))
  Logic Levels:           5  (LUT4=1 LUT5=1 LUT6=3)
  Clock Path Skew:        -0.145ns (DCD - SCD + CPR)
    Destination Clock Delay (DCD):    2.079ns = ( 12.079 - 10.000 ) 
    Source Clock Delay      (SCD):    2.402ns
    Clock Pessimism Removal (CPR):    0.178ns
  Clock Uncertainty:      0.035ns  ((TSJ^2 + TIJ^2)^1/2 + DJ) / 2 + PE
    Total System Jitter     (TSJ):    0.071ns
    Total Input Jitter      (TIJ):    0.000ns
    Discrete Jitter          (DJ):    0.000ns
    Phase Error              (PE):    0.000ns

    Location             Delay type                Incr(ns)  Path(ns)    Netlist Resource(s)
  -------------------------------------------------------------------    -------------------
                         (clock clk rise edge)        0.000     0.000 r  
                                                      0.000     0.000 r  clk (IN)
                         net (fo=0)                   0.000     0.000    clk
                         IBUF (Prop_ibuf_I_O)         0.923     0.923 r  clk_IBUF_inst/O
                         net (fo=1, unplaced)         0.800     1.722    clk_IBUF
                         BUFG (Prop_bufg_I_O)         0.096     1.818 r  clk_IBUF_BUFG_inst/O
                         net (fo=75, unplaced)        0.584     2.402    core/CLK
                         FDRE                                         r  core/pending_q_reg[12]/C
  -------------------------------------------------------------------    -------------------
                         FDRE (Prop_fdre_C_Q)         0.456     2.858 r  core/pending_q_reg[12]/Q
                         net (fo=4, unplaced)         0.989     3.847    core/pending_q[12]
                         LUT6 (Prop_lut6_I0_O)        0.295     4.142 r  core/pending_q[15]_i_5/O
                         net (fo=5, unplaced)         0.477     4.619    core/pending_q[15]_i_5_n_0
                         LUT5 (Prop_lut5_I4_O)        0.124     4.743 r  core/out_addr_q[3]_i_6/O
                         net (fo=6, unplaced)         0.934     5.677    core/selected_half1__0
                         LUT6 (Prop_lut6_I3_O)        0.124     5.801 f  core/out_addr_q[2]_i_2/O
                         net (fo=2, unplaced)         0.460     6.261    core/p_5_in
                         LUT4 (Prop_lut4_I3_O)        0.118     6.379 f  core/pending_q[5]_i_3/O
                         net (fo=3, unplaced)         0.467     6.846    core/p_1_in18_in
                         LUT6 (Prop_lut6_I0_O)        0.124     6.970 r  core/pending_q[4]_i_1/O
                         net (fo=1, unplaced)         0.000     6.970    core/pending_d[4]
                         FDRE                                         r  core/pending_q_reg[4]/D
  -------------------------------------------------------------------    -------------------

                         (clock clk rise edge)       10.000    10.000 r  
                                                      0.000    10.000 r  clk (IN)
                         net (fo=0)                   0.000    10.000    clk
                         IBUF (Prop_ibuf_I_O)         0.789    10.789 r  clk_IBUF_inst/O
                         net (fo=1, unplaced)         0.760    11.549    clk_IBUF
                         BUFG (Prop_bufg_I_O)         0.091    11.640 r  clk_IBUF_BUFG_inst/O
                         net (fo=75, unplaced)        0.439    12.079    core/CLK
                         FDRE                                         r  core/pending_q_reg[4]/C
                         clock pessimism              0.178    12.257    
                         clock uncertainty           -0.035    12.222    
                         FDRE (Setup_fdre_C_D)        0.029    12.251    core/pending_q_reg[4]
  -------------------------------------------------------------------
                         required time                         12.251    
                         arrival time                          -6.970    
  -------------------------------------------------------------------
                         slack                                  5.281    

Slack (MET) :             5.281ns  (required time - arrival time)
  Source:                 core/pending_q_reg[12]/C
                            (rising edge-triggered cell FDRE clocked by clk  {rise@0.000ns fall@5.000ns period=10.000ns})
  Destination:            core/pending_q_reg[5]/D
                            (rising edge-triggered cell FDRE clocked by clk  {rise@0.000ns fall@5.000ns period=10.000ns})
  Path Group:             clk
  Path Type:              Setup (Max at Slow Process Corner)
  Requirement:            10.000ns  (clk rise@10.000ns - clk rise@0.000ns)
  Data Path Delay:        4.568ns  (logic 1.241ns (27.167%)  route 3.327ns (72.833%))
  Logic Levels:           5  (LUT4=1 LUT5=1 LUT6=3)
  Clock Path Skew:        -0.145ns (DCD - SCD + CPR)
    Destination Clock Delay (DCD):    2.079ns = ( 12.079 - 10.000 ) 
    Source Clock Delay      (SCD):    2.402ns
    Clock Pessimism Removal (CPR):    0.178ns
  Clock Uncertainty:      0.035ns  ((TSJ^2 + TIJ^2)^1/2 + DJ) / 2 + PE
    Total System Jitter     (TSJ):    0.071ns
    Total Input Jitter      (TIJ):    0.000ns
    Discrete Jitter          (DJ):    0.000ns
    Phase Error              (PE):    0.000ns

    Location             Delay type                Incr(ns)  Path(ns)    Netlist Resource(s)
  -------------------------------------------------------------------    -------------------
                         (clock clk rise edge)        0.000     0.000 r  
                                                      0.000     0.000 r  clk (IN)
                         net (fo=0)                   0.000     0.000    clk
                         IBUF (Prop_ibuf_I_O)         0.923     0.923 r  clk_IBUF_inst/O
                         net (fo=1, unplaced)         0.800     1.722    clk_IBUF
                         BUFG (Prop_bufg_I_O)         0.096     1.818 r  clk_IBUF_BUFG_inst/O
                         net (fo=75, unplaced)        0.584     2.402    core/CLK
                         FDRE                                         r  core/pending_q_reg[12]/C
  -------------------------------------------------------------------    -------------------
                         FDRE (Prop_fdre_C_Q)         0.456     2.858 r  core/pending_q_reg[12]/Q
                         net (fo=4, unplaced)         0.989     3.847    core/pending_q[12]
                         LUT6 (Prop_lut6_I0_O)        0.295     4.142 r  core/pending_q[15]_i_5/O
                         net (fo=5, unplaced)         0.477     4.619    core/pending_q[15]_i_5_n_0
                         LUT5 (Prop_lut5_I4_O)        0.124     4.743 r  core/out_addr_q[3]_i_6/O
                         net (fo=6, unplaced)         0.934     5.677    core/selected_half1__0
                         LUT6 (Prop_lut6_I3_O)        0.124     5.801 f  core/out_addr_q[2]_i_2/O
                         net (fo=2, unplaced)         0.460     6.261    core/p_5_in
                         LUT4 (Prop_lut4_I3_O)        0.118     6.379 f  core/pending_q[5]_i_3/O
                         net (fo=3, unplaced)         0.467     6.846    core/p_1_in18_in
                         LUT6 (Prop_lut6_I2_O)        0.124     6.970 r  core/pending_q[5]_i_1/O
                         net (fo=1, unplaced)         0.000     6.970    core/pending_d[5]
                         FDRE                                         r  core/pending_q_reg[5]/D
  -------------------------------------------------------------------    -------------------

                         (clock clk rise edge)       10.000    10.000 r  
                                                      0.000    10.000 r  clk (IN)
                         net (fo=0)                   0.000    10.000    clk
                         IBUF (Prop_ibuf_I_O)         0.789    10.789 r  clk_IBUF_inst/O
                         net (fo=1, unplaced)         0.760    11.549    clk_IBUF
                         BUFG (Prop_bufg_I_O)         0.091    11.640 r  clk_IBUF_BUFG_inst/O
                         net (fo=75, unplaced)        0.439    12.079    core/CLK
                         FDRE                                         r  core/pending_q_reg[5]/C
                         clock pessimism              0.178    12.257    
                         clock uncertainty           -0.035    12.222    
                         FDRE (Setup_fdre_C_D)        0.029    12.251    core/pending_q_reg[5]
  -------------------------------------------------------------------
                         required time                         12.251    
                         arrival time                          -6.970    
  -------------------------------------------------------------------
                         slack                                  5.281    

Slack (MET) :             5.281ns  (required time - arrival time)
  Source:                 core/pending_q_reg[8]/C
                            (rising edge-triggered cell FDRE clocked by clk  {rise@0.000ns fall@5.000ns period=10.000ns})
  Destination:            core/pending_q_reg[8]/D
                            (rising edge-triggered cell FDRE clocked by clk  {rise@0.000ns fall@5.000ns period=10.000ns})
  Path Group:             clk
  Path Type:              Setup (Max at Slow Process Corner)
  Requirement:            10.000ns  (clk rise@10.000ns - clk rise@0.000ns)
  Data Path Delay:        4.568ns  (logic 1.241ns (27.167%)  route 3.327ns (72.833%))
  Logic Levels:           5  (LUT4=1 LUT5=1 LUT6=3)
  Clock Path Skew:        -0.145ns (DCD - SCD + CPR)
    Destination Clock Delay (DCD):    2.079ns = ( 12.079 - 10.000 ) 
    Source Clock Delay      (SCD):    2.402ns
    Clock Pessimism Removal (CPR):    0.178ns
  Clock Uncertainty:      0.035ns  ((TSJ^2 + TIJ^2)^1/2 + DJ) / 2 + PE
    Total System Jitter     (TSJ):    0.071ns
    Total Input Jitter      (TIJ):    0.000ns
    Discrete Jitter          (DJ):    0.000ns
    Phase Error              (PE):    0.000ns

    Location             Delay type                Incr(ns)  Path(ns)    Netlist Resource(s)
  -------------------------------------------------------------------    -------------------
                         (clock clk rise edge)        0.000     0.000 r  
                                                      0.000     0.000 r  clk (IN)
                         net (fo=0)                   0.000     0.000    clk
                         IBUF (Prop_ibuf_I_O)         0.923     0.923 r  clk_IBUF_inst/O
                         net (fo=1, unplaced)         0.800     1.722    clk_IBUF
                         BUFG (Prop_bufg_I_O)         0.096     1.818 r  clk_IBUF_BUFG_inst/O
                         net (fo=75, unplaced)        0.584     2.402    core/CLK
                         FDRE                                         r  core/pending_q_reg[8]/C
  -------------------------------------------------------------------    -------------------
                         FDRE (Prop_fdre_C_Q)         0.456     2.858 f  core/pending_q_reg[8]/Q
                         net (fo=4, unplaced)         0.989     3.847    core/pending_q[8]
                         LUT6 (Prop_lut6_I0_O)        0.295     4.142 f  core/pending_q[11]_i_5/O
                         net (fo=5, unplaced)         0.477     4.619    core/pending_q[11]_i_5_n_0
                         LUT5 (Prop_lut5_I4_O)        0.124     4.743 f  core/out_addr_q[3]_i_5/O
                         net (fo=6, unplaced)         0.934     5.677    core/selected_half111_out
                         LUT6 (Prop_lut6_I2_O)        0.124     5.801 f  core/pending_q[11]_i_7/O
                         net (fo=3, unplaced)         0.467     6.268    core/p_1_in99_in
                         LUT4 (Prop_lut4_I3_O)        0.118     6.386 f  core/pending_q[9]_i_4/O
                         net (fo=2, unplaced)         0.460     6.846    core/p_1_in40_in
                         LUT6 (Prop_lut6_I3_O)        0.124     6.970 r  core/pending_q[8]_i_1/O
                         net (fo=1, unplaced)         0.000     6.970    core/pending_d[8]
                         FDRE                                         r  core/pending_q_reg[8]/D
  -------------------------------------------------------------------    -------------------

                         (clock clk rise edge)       10.000    10.000 r  
                                                      0.000    10.000 r  clk (IN)
                         net (fo=0)                   0.000    10.000    clk
                         IBUF (Prop_ibuf_I_O)         0.789    10.789 r  clk_IBUF_inst/O
                         net (fo=1, unplaced)         0.760    11.549    clk_IBUF
                         BUFG (Prop_bufg_I_O)         0.091    11.640 r  clk_IBUF_BUFG_inst/O
                         net (fo=75, unplaced)        0.439    12.079    core/CLK
                         FDRE                                         r  core/pending_q_reg[8]/C
                         clock pessimism              0.178    12.257    
                         clock uncertainty           -0.035    12.222    
                         FDRE (Setup_fdre_C_D)        0.029    12.251    core/pending_q_reg[8]
  -------------------------------------------------------------------
                         required time                         12.251    
                         arrival time                          -6.970    
  -------------------------------------------------------------------
                         slack                                  5.281    

Slack (MET) :             5.281ns  (required time - arrival time)
  Source:                 core/pending_q_reg[8]/C
                            (rising edge-triggered cell FDRE clocked by clk  {rise@0.000ns fall@5.000ns period=10.000ns})
  Destination:            core/pending_q_reg[9]/D
                            (rising edge-triggered cell FDRE clocked by clk  {rise@0.000ns fall@5.000ns period=10.000ns})
  Path Group:             clk
  Path Type:              Setup (Max at Slow Process Corner)
  Requirement:            10.000ns  (clk rise@10.000ns - clk rise@0.000ns)
  Data Path Delay:        4.568ns  (logic 1.241ns (27.167%)  route 3.327ns (72.833%))
  Logic Levels:           5  (LUT4=1 LUT5=1 LUT6=3)
  Clock Path Skew:        -0.145ns (DCD - SCD + CPR)
    Destination Clock Delay (DCD):    2.079ns = ( 12.079 - 10.000 ) 
    Source Clock Delay      (SCD):    2.402ns
    Clock Pessimism Removal (CPR):    0.178ns
  Clock Uncertainty:      0.035ns  ((TSJ^2 + TIJ^2)^1/2 + DJ) / 2 + PE
    Total System Jitter     (TSJ):    0.071ns
    Total Input Jitter      (TIJ):    0.000ns
    Discrete Jitter          (DJ):    0.000ns
    Phase Error              (PE):    0.000ns

    Location             Delay type                Incr(ns)  Path(ns)    Netlist Resource(s)
  -------------------------------------------------------------------    -------------------
                         (clock clk rise edge)        0.000     0.000 r  
                                                      0.000     0.000 r  clk (IN)
                         net (fo=0)                   0.000     0.000    clk
                         IBUF (Prop_ibuf_I_O)         0.923     0.923 r  clk_IBUF_inst/O
                         net (fo=1, unplaced)         0.800     1.722    clk_IBUF
                         BUFG (Prop_bufg_I_O)         0.096     1.818 r  clk_IBUF_BUFG_inst/O
                         net (fo=75, unplaced)        0.584     2.402    core/CLK
                         FDRE                                         r  core/pending_q_reg[8]/C
  -------------------------------------------------------------------    -------------------
                         FDRE (Prop_fdre_C_Q)         0.456     2.858 f  core/pending_q_reg[8]/Q
                         net (fo=4, unplaced)         0.989     3.847    core/pending_q[8]
                         LUT6 (Prop_lut6_I0_O)        0.295     4.142 f  core/pending_q[11]_i_5/O
                         net (fo=5, unplaced)         0.477     4.619    core/pending_q[11]_i_5_n_0
                         LUT5 (Prop_lut5_I4_O)        0.124     4.743 f  core/out_addr_q[3]_i_5/O
                         net (fo=6, unplaced)         0.934     5.677    core/selected_half111_out
                         LUT6 (Prop_lut6_I2_O)        0.124     5.801 f  core/pending_q[11]_i_7/O
                         net (fo=3, unplaced)         0.467     6.268    core/p_1_in99_in
                         LUT4 (Prop_lut4_I3_O)        0.118     6.386 f  core/pending_q[9]_i_4/O
                         net (fo=2, unplaced)         0.460     6.846    core/p_1_in40_in
                         LUT6 (Prop_lut6_I3_O)        0.124     6.970 r  core/pending_q[9]_i_1/O
                         net (fo=1, unplaced)         0.000     6.970    core/pending_d[9]
                         FDRE                                         r  core/pending_q_reg[9]/D
  -------------------------------------------------------------------    -------------------

                         (clock clk rise edge)       10.000    10.000 r  
                                                      0.000    10.000 r  clk (IN)
                         net (fo=0)                   0.000    10.000    clk
                         IBUF (Prop_ibuf_I_O)         0.789    10.789 r  clk_IBUF_inst/O
                         net (fo=1, unplaced)         0.760    11.549    clk_IBUF
                         BUFG (Prop_bufg_I_O)         0.091    11.640 r  clk_IBUF_BUFG_inst/O
                         net (fo=75, unplaced)        0.439    12.079    core/CLK
                         FDRE                                         r  core/pending_q_reg[9]/C
                         clock pessimism              0.178    12.257    
                         clock uncertainty           -0.035    12.222    
                         FDRE (Setup_fdre_C_D)        0.029    12.251    core/pending_q_reg[9]
  -------------------------------------------------------------------
                         required time                         12.251    
                         arrival time                          -6.970    
  -------------------------------------------------------------------
                         slack                                  5.281    

Slack (MET) :             5.290ns  (required time - arrival time)
  Source:                 core/pending_q_reg[4]/C
                            (rising edge-triggered cell FDRE clocked by clk  {rise@0.000ns fall@5.000ns period=10.000ns})
  Destination:            core/pending_q_reg[0]/D
                            (rising edge-triggered cell FDRE clocked by clk  {rise@0.000ns fall@5.000ns period=10.000ns})
  Path Group:             clk
  Path Type:              Setup (Max at Slow Process Corner)
  Requirement:            10.000ns  (clk rise@10.000ns - clk rise@0.000ns)
  Data Path Delay:        4.559ns  (logic 1.247ns (27.352%)  route 3.312ns (72.648%))
  Logic Levels:           5  (LUT4=1 LUT5=1 LUT6=3)
  Clock Path Skew:        -0.145ns (DCD - SCD + CPR)
    Destination Clock Delay (DCD):    2.079ns = ( 12.079 - 10.000 ) 
    Source Clock Delay      (SCD):    2.402ns
    Clock Pessimism Removal (CPR):    0.178ns
  Clock Uncertainty:      0.035ns  ((TSJ^2 + TIJ^2)^1/2 + DJ) / 2 + PE
    Total System Jitter     (TSJ):    0.071ns
    Total Input Jitter      (TIJ):    0.000ns
    Discrete Jitter          (DJ):    0.000ns
    Phase Error              (PE):    0.000ns

    Location             Delay type                Incr(ns)  Path(ns)    Netlist Resource(s)
  -------------------------------------------------------------------    -------------------
                         (clock clk rise edge)        0.000     0.000 r  
                                                      0.000     0.000 r  clk (IN)
                         net (fo=0)                   0.000     0.000    clk
                         IBUF (Prop_ibuf_I_O)         0.923     0.923 r  clk_IBUF_inst/O
                         net (fo=1, unplaced)         0.800     1.722    clk_IBUF
                         BUFG (Prop_bufg_I_O)         0.096     1.818 r  clk_IBUF_BUFG_inst/O
                         net (fo=75, unplaced)        0.584     2.402    core/CLK
                         FDRE                                         r  core/pending_q_reg[4]/C
  -------------------------------------------------------------------    -------------------
                         FDRE (Prop_fdre_C_Q)         0.456     2.858 r  core/pending_q_reg[4]/Q
                         net (fo=4, unplaced)         0.989     3.847    core/pending_q[4]
                         LUT6 (Prop_lut6_I0_O)        0.295     4.142 r  core/pending_q[6]_i_7/O
                         net (fo=3, unplaced)         0.467     4.609    core/pending_q[6]_i_7_n_0
                         LUT5 (Prop_lut5_I4_O)        0.124     4.733 r  core/out_addr_q[3]_i_4/O
                         net (fo=6, unplaced)         0.934     5.667    core/selected_half18_out
                         LUT6 (Prop_lut6_I2_O)        0.124     5.791 f  core/pending_q[3]_i_7/O
                         net (fo=4, unplaced)         0.473     6.264    core/pending_q[3]_i_7_n_0
                         LUT4 (Prop_lut4_I3_O)        0.124     6.388 f  core/pending_q[0]_i_2/O
                         net (fo=1, unplaced)         0.449     6.837    core/pending_q[0]_i_2_n_0
                         LUT6 (Prop_lut6_I0_O)        0.124     6.961 r  core/pending_q[0]_i_1/O
                         net (fo=1, unplaced)         0.000     6.961    core/pending_d[0]
                         FDRE                                         r  core/pending_q_reg[0]/D
  -------------------------------------------------------------------    -------------------

                         (clock clk rise edge)       10.000    10.000 r  
                                                      0.000    10.000 r  clk (IN)
                         net (fo=0)                   0.000    10.000    clk
                         IBUF (Prop_ibuf_I_O)         0.789    10.789 r  clk_IBUF_inst/O
                         net (fo=1, unplaced)         0.760    11.549    clk_IBUF
                         BUFG (Prop_bufg_I_O)         0.091    11.640 r  clk_IBUF_BUFG_inst/O
                         net (fo=75, unplaced)        0.439    12.079    core/CLK
                         FDRE                                         r  core/pending_q_reg[0]/C
                         clock pessimism              0.178    12.257    
                         clock uncertainty           -0.035    12.222    
                         FDRE (Setup_fdre_C_D)        0.029    12.251    core/pending_q_reg[0]
  -------------------------------------------------------------------
                         required time                         12.251    
                         arrival time                          -6.961    
  -------------------------------------------------------------------
                         slack                                  5.290    

Slack (MET) :             5.290ns  (required time - arrival time)
  Source:                 core/pending_q_reg[4]/C
                            (rising edge-triggered cell FDRE clocked by clk  {rise@0.000ns fall@5.000ns period=10.000ns})
  Destination:            core/pending_q_reg[1]/D
                            (rising edge-triggered cell FDRE clocked by clk  {rise@0.000ns fall@5.000ns period=10.000ns})
  Path Group:             clk
  Path Type:              Setup (Max at Slow Process Corner)
  Requirement:            10.000ns  (clk rise@10.000ns - clk rise@0.000ns)
  Data Path Delay:        4.559ns  (logic 1.247ns (27.352%)  route 3.312ns (72.648%))
  Logic Levels:           5  (LUT5=1 LUT6=4)
  Clock Path Skew:        -0.145ns (DCD - SCD + CPR)
    Destination Clock Delay (DCD):    2.079ns = ( 12.079 - 10.000 ) 
    Source Clock Delay      (SCD):    2.402ns
    Clock Pessimism Removal (CPR):    0.178ns
  Clock Uncertainty:      0.035ns  ((TSJ^2 + TIJ^2)^1/2 + DJ) / 2 + PE
    Total System Jitter     (TSJ):    0.071ns
    Total Input Jitter      (TIJ):    0.000ns
    Discrete Jitter          (DJ):    0.000ns
    Phase Error              (PE):    0.000ns

    Location             Delay type                Incr(ns)  Path(ns)    Netlist Resource(s)
  -------------------------------------------------------------------    -------------------
                         (clock clk rise edge)        0.000     0.000 r  
                                                      0.000     0.000 r  clk (IN)
                         net (fo=0)                   0.000     0.000    clk
                         IBUF (Prop_ibuf_I_O)         0.923     0.923 r  clk_IBUF_inst/O
                         net (fo=1, unplaced)         0.800     1.722    clk_IBUF
                         BUFG (Prop_bufg_I_O)         0.096     1.818 r  clk_IBUF_BUFG_inst/O
                         net (fo=75, unplaced)        0.584     2.402    core/CLK
                         FDRE                                         r  core/pending_q_reg[4]/C
  -------------------------------------------------------------------    -------------------
                         FDRE (Prop_fdre_C_Q)         0.456     2.858 r  core/pending_q_reg[4]/Q
                         net (fo=4, unplaced)         0.989     3.847    core/pending_q[4]
                         LUT6 (Prop_lut6_I0_O)        0.295     4.142 r  core/pending_q[6]_i_7/O
                         net (fo=3, unplaced)         0.467     4.609    core/pending_q[6]_i_7_n_0
                         LUT5 (Prop_lut5_I4_O)        0.124     4.733 r  core/out_addr_q[3]_i_4/O
                         net (fo=6, unplaced)         0.934     5.667    core/selected_half18_out
                         LUT6 (Prop_lut6_I2_O)        0.124     5.791 f  core/pending_q[3]_i_7/O
                         net (fo=4, unplaced)         0.473     6.264    core/pending_q[3]_i_7_n_0
                         LUT6 (Prop_lut6_I1_O)        0.124     6.388 f  core/pending_q[1]_i_2/O
                         net (fo=1, unplaced)         0.449     6.837    core/selected_onehot__1[1]
                         LUT6 (Prop_lut6_I0_O)        0.124     6.961 r  core/pending_q[1]_i_1/O
                         net (fo=1, unplaced)         0.000     6.961    core/pending_d[1]
                         FDRE                                         r  core/pending_q_reg[1]/D
  -------------------------------------------------------------------    -------------------

                         (clock clk rise edge)       10.000    10.000 r  
                                                      0.000    10.000 r  clk (IN)
                         net (fo=0)                   0.000    10.000    clk
                         IBUF (Prop_ibuf_I_O)         0.789    10.789 r  clk_IBUF_inst/O
                         net (fo=1, unplaced)         0.760    11.549    clk_IBUF
                         BUFG (Prop_bufg_I_O)         0.091    11.640 r  clk_IBUF_BUFG_inst/O
                         net (fo=75, unplaced)        0.439    12.079    core/CLK
                         FDRE                                         r  core/pending_q_reg[1]/C
                         clock pessimism              0.178    12.257    
                         clock uncertainty           -0.035    12.222    
                         FDRE (Setup_fdre_C_D)        0.029    12.251    core/pending_q_reg[1]
  -------------------------------------------------------------------
                         required time                         12.251    
                         arrival time                          -6.961    
  -------------------------------------------------------------------
                         slack                                  5.290    




