*----------------------------------------------------------------------------------------
*	Innovus 23.14-s088_1 (64bit) 02/28/2025 12:25 (Linux 3.10.0-693.el7.x86_64)
*	
*
* 	Date & Time:	2026-Aug-26 17:05:19 (2026-Aug-26 08:05:19 GMT)
*
*----------------------------------------------------------------------------------------
*
*	Design: aer_pending_gray_rank_reuse_sync_core_reset
*
*	Liberty Libraries used: 
*	        setup_view: <REMOTE_WORKSPACE>/pnr/p9grr_h020v4/db/aer_pending_gray_rank_reuse_sync_core_reset_postroute.enc.dat/libs/mmmc/slow_vdd1v0_basicCells.lib
*
*	Power Domain used: 
*              Rail:        VDD      Voltage:        0.9 
*
*       Power View : setup_view
*
*       User-Defined Activity : N.A.
*
*	Switching Activity File used: 
*	        <REMOTE_WORKSPACE>/reports/p9grr_vcd/mapped_activity.saif
*
*            Total Design annotation coverage: 275/282 = 97.517731% 

*       Hierarchical Global Activity: N.A.
*
*       Global Activity: N.A.
*
*       Sequential Element Activity: N.A.
*
*       Primary Input Activity: N.A.
*
*       Default icg ratio: N.A.
*
*       Global Comb ClockGate Ratio: N.A.
*
*	Power Units = 1mW
*
*	Time Units = 1e-09 secs 
*
*       report_power -outfile <REMOTE_WORKSPACE>/pnr/p9grr_h020v4/reports/postroute_power_saif.rpt
*
-----------------------------------------------------------------------------------------


Total Power 
-----------------------------------------------------------------------------------------
Total Internal Power:        0.01301140 	   90.4678%
Total Switching Power:       0.00135875 	    9.4473%
Total Leakage Power:         0.00001220 	    0.0848%
Total Power:                 0.01438235 
-----------------------------------------------------------------------------------------


Group                           Internal   Switching     Leakage       Total  Percentage 
                                Power      Power         Power         Power  (%)        
-----------------------------------------------------------------------------------------
Sequential                       0.01184   0.0002112   6.841e-06     0.01206       83.86 
Macro                                  0           0           0           0           0 
IO                                     0           0           0           0           0 
Combinational                   0.001168    0.001148    5.36e-06    0.002321       16.14 
Clock (Combinational)                  0           0           0           0           0 
Clock (Sequential)                     0           0           0           0           0 
-----------------------------------------------------------------------------------------
Total                            0.01301    0.001359    1.22e-05     0.01438         100 
-----------------------------------------------------------------------------------------


Rail                  Voltage   Internal   Switching     Leakage       Total  Percentage 
                                Power      Power         Power         Power  (%)        
-----------------------------------------------------------------------------------------
VDD                       0.9    0.01301    0.001359    1.22e-05     0.01438         100 


-----------------------------------------------------------------------------------------
*	Power Distribution Summary: 
*                Highest Average Power:    reset_release_q_reg[1] (DFFRHQX1):        0.0002813 
*                Highest Leakage Power:    reset_release_q_reg[0] (DFFRHQX1):        1.442e-07 
*          Total Cap:      3.452e-13 F
*          Total instances in design:   263
*          Total instances in design with no power:     0
*          Total instances in design with no activity:     0
*          Total Fillers and Decap:     0
-----------------------------------------------------------------------------------------

