###############################################################
#  Generated by:      Cadence Innovus 23.14-s088_1
#  OS:                Linux x86_64(Host ID <REMOTE_HOST>)
#  Generated on:      Wed Aug 26 16:52:52 2026
#  Design:            aer_pending_gray_rank_reuse_sync_core_reset
#  Command:           report_timing -from [get_pins -hierarchical *req_sync_q_reg*/Q*] -max_paths 100 > [file join $report_dir postroute_core_setup_timing.rpt]
###############################################################
Path 1: MET Setup Check with Pin pending_rank_q_reg[13]/CK 
Endpoint:   pending_rank_q_reg[13]/D (^) checked with  leading edge of 'clk'
Beginpoint: req_sync_q_reg[5]/Q      (v) triggered by  leading edge of 'clk'
Path Groups: {clk}
Analysis View: setup_view
Other End Arrival Time          0.001
- Setup                         0.170
+ Phase Shift                  10.000
- Uncertainty                   0.200
= Required Time                 9.631
- Arrival Time                  2.807
= Slack Time                    6.824
     Clock Rise Edge                 0.000
     + Clock Network Latency (Prop)  -0.000
     = Beginpoint Arrival Time       -0.000
     +--------------------------------------------------------------------------------+ 
     |        Instance        |     Arc      |   Cell    | Delay | Arrival | Required | 
     |                        |              |           |       |  Time   |   Time   | 
     |------------------------+--------------+-----------+-------+---------+----------| 
     | req_sync_q_reg[5]      | CK ^         |           |       |  -0.000 |    6.824 | 
     | req_sync_q_reg[5]      | CK ^ -> Q v  | DFFHQX1   | 0.243 |   0.242 |    7.067 | 
     | g6954__6161            | A0 v -> Y ^  | AOI21X1   | 0.163 |   0.406 |    7.230 | 
     | g6913__9945            | C ^ -> Y v   | NAND4XL   | 0.281 |   0.686 |    7.510 | 
     | FE_OFC9_n_103          | A v -> Y v   | BUFX2     | 0.211 |   0.898 |    7.722 | 
     | FE_OFC8_n_103          | A v -> Y v   | BUFX2     | 0.087 |   0.985 |    7.809 | 
     | g6908__7098            | B v -> Y ^   | NAND2BXL  | 0.047 |   1.032 |    7.856 | 
     | g6905__2802            | B ^ -> Y ^   | AND2XL    | 0.109 |   1.141 |    7.965 | 
     | g6890__6417            | A1 ^ -> Y v  | OAI22X1   | 0.097 |   1.238 |    8.062 | 
     | g6884__9945            | A1N v -> Y v | OAI2BB1X1 | 0.221 |   1.458 |    8.283 | 
     | g6883                  | A v -> Y ^   | INVX1     | 0.170 |   1.628 |    8.452 | 
     | g6874__7098            | B1 ^ -> Y v  | OAI22X1   | 0.120 |   1.748 |    8.572 | 
     | g6867__3680            | A1 v -> Y ^  | AOI22X1   | 0.144 |   1.892 |    8.716 | 
     | g6865__6783            | C0 ^ -> Y v  | OAI221X1  | 0.198 |   2.090 |    8.914 | 
     | g6861__4319            | A2 v -> Y ^  | AOI32X1   | 0.168 |   2.258 |    9.082 | 
     | g6857__5477            | B ^ -> Y v   | NAND2X1   | 0.164 |   2.422 |    9.246 | 
     | g6850__9945            | A1N v -> Y v | OAI2BB1X1 | 0.222 |   2.644 |    9.469 | 
     | g6840__7098            | A1 v -> Y ^  | AOI21XL   | 0.163 |   2.807 |    9.631 | 
     | pending_rank_q_reg[13] | D ^          | DFFQXL    | 0.000 |   2.807 |    9.631 | 
     +--------------------------------------------------------------------------------+ 
Path 2: MET Setup Check with Pin pending_rank_q_reg[9]/CK 
Endpoint:   pending_rank_q_reg[9]/D (^) checked with  leading edge of 'clk'
Beginpoint: req_sync_q_reg[5]/Q     (v) triggered by  leading edge of 'clk'
Path Groups: {clk}
Analysis View: setup_view
Other End Arrival Time          0.001
- Setup                         0.156
+ Phase Shift                  10.000
- Uncertainty                   0.200
= Required Time                 9.645
- Arrival Time                  2.808
= Slack Time                    6.838
     Clock Rise Edge                 0.000
     + Clock Network Latency (Prop)  -0.000
     = Beginpoint Arrival Time       -0.000
     +-------------------------------------------------------------------------------+ 
     |       Instance        |     Arc      |   Cell    | Delay | Arrival | Required | 
     |                       |              |           |       |  Time   |   Time   | 
     |-----------------------+--------------+-----------+-------+---------+----------| 
     | req_sync_q_reg[5]     | CK ^         |           |       |  -0.000 |    6.837 | 
     | req_sync_q_reg[5]     | CK ^ -> Q v  | DFFHQX1   | 0.243 |   0.242 |    7.080 | 
     | g6954__6161           | A0 v -> Y ^  | AOI21X1   | 0.163 |   0.406 |    7.243 | 
     | g6913__9945           | C ^ -> Y v   | NAND4XL   | 0.281 |   0.686 |    7.524 | 
     | FE_OFC9_n_103         | A v -> Y v   | BUFX2     | 0.211 |   0.898 |    7.735 | 
     | FE_OFC8_n_103         | A v -> Y v   | BUFX2     | 0.087 |   0.985 |    7.823 | 
     | g6908__7098           | B v -> Y ^   | NAND2BXL  | 0.047 |   1.032 |    7.869 | 
     | g6905__2802           | B ^ -> Y ^   | AND2XL    | 0.109 |   1.141 |    7.978 | 
     | g6890__6417           | A1 ^ -> Y v  | OAI22X1   | 0.097 |   1.238 |    8.075 | 
     | g6884__9945           | A1N v -> Y v | OAI2BB1X1 | 0.221 |   1.458 |    8.296 | 
     | g6883                 | A v -> Y ^   | INVX1     | 0.170 |   1.628 |    8.466 | 
     | g6874__7098           | B1 ^ -> Y v  | OAI22X1   | 0.120 |   1.748 |    8.586 | 
     | g6867__3680           | A1 v -> Y ^  | AOI22X1   | 0.144 |   1.892 |    8.730 | 
     | g6865__6783           | C0 ^ -> Y v  | OAI221X1  | 0.198 |   2.090 |    8.928 | 
     | g6861__4319           | A2 v -> Y ^  | AOI32X1   | 0.168 |   2.258 |    9.096 | 
     | g6857__5477           | B ^ -> Y v   | NAND2X1   | 0.164 |   2.422 |    9.260 | 
     | g6850__9945           | A1N v -> Y v | OAI2BB1X1 | 0.222 |   2.644 |    9.482 | 
     | g6844__6260           | A1 v -> Y ^  | AOI21XL   | 0.163 |   2.808 |    9.645 | 
     | pending_rank_q_reg[9] | D ^          | DFFQXL    | 0.000 |   2.808 |    9.645 | 
     +-------------------------------------------------------------------------------+ 
Path 3: MET Setup Check with Pin pending_rank_q_reg[7]/CK 
Endpoint:   pending_rank_q_reg[7]/D (^) checked with  leading edge of 'clk'
Beginpoint: req_sync_q_reg[5]/Q     (v) triggered by  leading edge of 'clk'
Path Groups: {clk}
Analysis View: setup_view
Other End Arrival Time          0.001
- Setup                         0.174
+ Phase Shift                  10.000
- Uncertainty                   0.200
= Required Time                 9.627
- Arrival Time                  2.779
= Slack Time                    6.848
     Clock Rise Edge                 0.000
     + Clock Network Latency (Prop)  -0.000
     = Beginpoint Arrival Time       -0.000
     +-------------------------------------------------------------------------------+ 
     |       Instance        |     Arc      |   Cell    | Delay | Arrival | Required | 
     |                       |              |           |       |  Time   |   Time   | 
     |-----------------------+--------------+-----------+-------+---------+----------| 
     | req_sync_q_reg[5]     | CK ^         |           |       |  -0.000 |    6.848 | 
     | req_sync_q_reg[5]     | CK ^ -> Q v  | DFFHQX1   | 0.243 |   0.242 |    7.091 | 
     | g6954__6161           | A0 v -> Y ^  | AOI21X1   | 0.163 |   0.406 |    7.254 | 
     | g6913__9945           | C ^ -> Y v   | NAND4XL   | 0.281 |   0.686 |    7.535 | 
     | FE_OFC9_n_103         | A v -> Y v   | BUFX2     | 0.211 |   0.898 |    7.746 | 
     | FE_OFC8_n_103         | A v -> Y v   | BUFX2     | 0.087 |   0.985 |    7.834 | 
     | g6908__7098           | B v -> Y ^   | NAND2BXL  | 0.047 |   1.032 |    7.880 | 
     | g6905__2802           | B ^ -> Y ^   | AND2XL    | 0.109 |   1.141 |    7.989 | 
     | g6890__6417           | A1 ^ -> Y v  | OAI22X1   | 0.097 |   1.238 |    8.086 | 
     | g6884__9945           | A1N v -> Y v | OAI2BB1X1 | 0.221 |   1.458 |    8.307 | 
     | g6883                 | A v -> Y ^   | INVX1     | 0.170 |   1.628 |    8.476 | 
     | g6874__7098           | B1 ^ -> Y v  | OAI22X1   | 0.120 |   1.748 |    8.597 | 
     | g6867__3680           | A1 v -> Y ^  | AOI22X1   | 0.144 |   1.892 |    8.741 | 
     | g6865__6783           | C0 ^ -> Y v  | OAI221X1  | 0.198 |   2.090 |    8.939 | 
     | g6861__4319           | A2 v -> Y ^  | AOI32X1   | 0.168 |   2.258 |    9.107 | 
     | g6857__5477           | B ^ -> Y v   | NAND2X1   | 0.164 |   2.422 |    9.271 | 
     | g6851__9315           | A1N v -> Y v | OAI2BB1X1 | 0.201 |   2.623 |    9.472 | 
     | g6842__8428           | A1 v -> Y ^  | AOI21XL   | 0.156 |   2.779 |    9.627 | 
     | pending_rank_q_reg[7] | D ^          | DFFQXL    | 0.000 |   2.779 |    9.627 | 
     +-------------------------------------------------------------------------------+ 
Path 4: MET Setup Check with Pin pending_rank_q_reg[15]/CK 
Endpoint:   pending_rank_q_reg[15]/D (^) checked with  leading edge of 'clk'
Beginpoint: req_sync_q_reg[5]/Q      (v) triggered by  leading edge of 'clk'
Path Groups: {clk}
Analysis View: setup_view
Other End Arrival Time          0.001
- Setup                         0.145
+ Phase Shift                  10.000
- Uncertainty                   0.200
= Required Time                 9.656
- Arrival Time                  2.797
= Slack Time                    6.859
     Clock Rise Edge                 0.000
     + Clock Network Latency (Prop)  -0.000
     = Beginpoint Arrival Time       -0.000
     +--------------------------------------------------------------------------------+ 
     |        Instance        |     Arc      |   Cell    | Delay | Arrival | Required | 
     |                        |              |           |       |  Time   |   Time   | 
     |------------------------+--------------+-----------+-------+---------+----------| 
     | req_sync_q_reg[5]      | CK ^         |           |       |  -0.000 |    6.858 | 
     | req_sync_q_reg[5]      | CK ^ -> Q v  | DFFHQX1   | 0.243 |   0.242 |    7.101 | 
     | g6954__6161            | A0 v -> Y ^  | AOI21X1   | 0.163 |   0.406 |    7.264 | 
     | g6913__9945            | C ^ -> Y v   | NAND4XL   | 0.281 |   0.686 |    7.545 | 
     | FE_OFC9_n_103          | A v -> Y v   | BUFX2     | 0.211 |   0.898 |    7.756 | 
     | FE_OFC8_n_103          | A v -> Y v   | BUFX2     | 0.087 |   0.985 |    7.844 | 
     | g6908__7098            | B v -> Y ^   | NAND2BXL  | 0.047 |   1.032 |    7.890 | 
     | g6905__2802            | B ^ -> Y ^   | AND2XL    | 0.109 |   1.141 |    7.999 | 
     | g6890__6417            | A1 ^ -> Y v  | OAI22X1   | 0.097 |   1.238 |    8.096 | 
     | g6884__9945            | A1N v -> Y v | OAI2BB1X1 | 0.221 |   1.458 |    8.317 | 
     | g6883                  | A v -> Y ^   | INVX1     | 0.170 |   1.628 |    8.487 | 
     | g6874__7098            | B1 ^ -> Y v  | OAI22X1   | 0.120 |   1.748 |    8.607 | 
     | g6867__3680            | A1 v -> Y ^  | AOI22X1   | 0.144 |   1.892 |    8.751 | 
     | g6865__6783            | C0 ^ -> Y v  | OAI221X1  | 0.198 |   2.090 |    8.949 | 
     | g6861__4319            | A2 v -> Y ^  | AOI32X1   | 0.168 |   2.258 |    9.117 | 
     | g6857__5477            | B ^ -> Y v   | NAND2X1   | 0.164 |   2.422 |    9.281 | 
     | g6850__9945            | A1N v -> Y v | OAI2BB1X1 | 0.222 |   2.644 |    9.503 | 
     | g6836__8246            | A1 v -> Y ^  | AOI21XL   | 0.153 |   2.797 |    9.656 | 
     | pending_rank_q_reg[15] | D ^          | DFFQXL    | 0.000 |   2.797 |    9.656 | 
     +--------------------------------------------------------------------------------+ 
Path 5: MET Setup Check with Pin pending_rank_q_reg[11]/CK 
Endpoint:   pending_rank_q_reg[11]/D (^) checked with  leading edge of 'clk'
Beginpoint: req_sync_q_reg[5]/Q      (v) triggered by  leading edge of 'clk'
Path Groups: {clk}
Analysis View: setup_view
Other End Arrival Time          0.001
- Setup                         0.143
+ Phase Shift                  10.000
- Uncertainty                   0.200
= Required Time                 9.658
- Arrival Time                  2.795
= Slack Time                    6.864
     Clock Rise Edge                 0.000
     + Clock Network Latency (Prop)  -0.000
     = Beginpoint Arrival Time       -0.000
     +--------------------------------------------------------------------------------+ 
     |        Instance        |     Arc      |   Cell    | Delay | Arrival | Required | 
     |                        |              |           |       |  Time   |   Time   | 
     |------------------------+--------------+-----------+-------+---------+----------| 
     | req_sync_q_reg[5]      | CK ^         |           |       |  -0.000 |    6.863 | 
     | req_sync_q_reg[5]      | CK ^ -> Q v  | DFFHQX1   | 0.243 |   0.242 |    7.106 | 
     | g6954__6161            | A0 v -> Y ^  | AOI21X1   | 0.163 |   0.406 |    7.269 | 
     | g6913__9945            | C ^ -> Y v   | NAND4XL   | 0.281 |   0.686 |    7.550 | 
     | FE_OFC9_n_103          | A v -> Y v   | BUFX2     | 0.211 |   0.898 |    7.761 | 
     | FE_OFC8_n_103          | A v -> Y v   | BUFX2     | 0.087 |   0.985 |    7.849 | 
     | g6908__7098            | B v -> Y ^   | NAND2BXL  | 0.047 |   1.032 |    7.895 | 
     | g6905__2802            | B ^ -> Y ^   | AND2XL    | 0.109 |   1.141 |    8.004 | 
     | g6890__6417            | A1 ^ -> Y v  | OAI22X1   | 0.097 |   1.238 |    8.101 | 
     | g6884__9945            | A1N v -> Y v | OAI2BB1X1 | 0.221 |   1.458 |    8.322 | 
     | g6883                  | A v -> Y ^   | INVX1     | 0.170 |   1.628 |    8.492 | 
     | g6874__7098            | B1 ^ -> Y v  | OAI22X1   | 0.120 |   1.748 |    8.612 | 
     | g6867__3680            | A1 v -> Y ^  | AOI22X1   | 0.144 |   1.892 |    8.756 | 
     | g6865__6783            | C0 ^ -> Y v  | OAI221X1  | 0.198 |   2.090 |    8.954 | 
     | g6861__4319            | A2 v -> Y ^  | AOI32X1   | 0.168 |   2.258 |    9.122 | 
     | g6857__5477            | B ^ -> Y v   | NAND2X1   | 0.164 |   2.422 |    9.286 | 
     | g6850__9945            | A1N v -> Y v | OAI2BB1X1 | 0.222 |   2.644 |    9.508 | 
     | g6843__5107            | A1 v -> Y ^  | AOI21XL   | 0.150 |   2.795 |    9.658 | 
     | pending_rank_q_reg[11] | D ^          | DFFQXL    | 0.000 |   2.795 |    9.658 | 
     +--------------------------------------------------------------------------------+ 
Path 6: MET Setup Check with Pin pending_rank_q_reg[1]/CK 
Endpoint:   pending_rank_q_reg[1]/D (^) checked with  leading edge of 'clk'
Beginpoint: req_sync_q_reg[5]/Q     (v) triggered by  leading edge of 'clk'
Path Groups: {clk}
Analysis View: setup_view
Other End Arrival Time          0.001
- Setup                         0.161
+ Phase Shift                  10.000
- Uncertainty                   0.200
= Required Time                 9.640
- Arrival Time                  2.773
= Slack Time                    6.867
     Clock Rise Edge                 0.000
     + Clock Network Latency (Prop)  -0.000
     = Beginpoint Arrival Time       -0.000
     +-------------------------------------------------------------------------------+ 
     |       Instance        |     Arc      |   Cell    | Delay | Arrival | Required | 
     |                       |              |           |       |  Time   |   Time   | 
     |-----------------------+--------------+-----------+-------+---------+----------| 
     | req_sync_q_reg[5]     | CK ^         |           |       |  -0.000 |    6.866 | 
     | req_sync_q_reg[5]     | CK ^ -> Q v  | DFFHQX1   | 0.243 |   0.242 |    7.109 | 
     | g6954__6161           | A0 v -> Y ^  | AOI21X1   | 0.163 |   0.406 |    7.272 | 
     | g6913__9945           | C ^ -> Y v   | NAND4XL   | 0.281 |   0.686 |    7.553 | 
     | FE_OFC9_n_103         | A v -> Y v   | BUFX2     | 0.211 |   0.898 |    7.764 | 
     | FE_OFC8_n_103         | A v -> Y v   | BUFX2     | 0.087 |   0.985 |    7.852 | 
     | g6908__7098           | B v -> Y ^   | NAND2BXL  | 0.047 |   1.032 |    7.898 | 
     | g6905__2802           | B ^ -> Y ^   | AND2XL    | 0.109 |   1.141 |    8.007 | 
     | g6890__6417           | A1 ^ -> Y v  | OAI22X1   | 0.097 |   1.238 |    8.104 | 
     | g6884__9945           | A1N v -> Y v | OAI2BB1X1 | 0.221 |   1.458 |    8.325 | 
     | g6883                 | A v -> Y ^   | INVX1     | 0.170 |   1.628 |    8.495 | 
     | g6874__7098           | B1 ^ -> Y v  | OAI22X1   | 0.120 |   1.748 |    8.615 | 
     | g6867__3680           | A1 v -> Y ^  | AOI22X1   | 0.144 |   1.892 |    8.759 | 
     | g6865__6783           | C0 ^ -> Y v  | OAI221X1  | 0.198 |   2.090 |    8.957 | 
     | g6861__4319           | A2 v -> Y ^  | AOI32X1   | 0.168 |   2.258 |    9.125 | 
     | g6857__5477           | B ^ -> Y v   | NAND2X1   | 0.164 |   2.422 |    9.289 | 
     | g6851__9315           | A1N v -> Y v | OAI2BB1X1 | 0.201 |   2.623 |    9.490 | 
     | g6831__2398           | A1 v -> Y ^  | AOI21XL   | 0.150 |   2.773 |    9.640 | 
     | pending_rank_q_reg[1] | D ^          | DFFQXL    | 0.000 |   2.773 |    9.640 | 
     +-------------------------------------------------------------------------------+ 
Path 7: MET Setup Check with Pin pending_rank_q_reg[2]/CK 
Endpoint:   pending_rank_q_reg[2]/D (v) checked with  leading edge of 'clk'
Beginpoint: req_sync_q_reg[5]/Q     (v) triggered by  leading edge of 'clk'
Path Groups: {clk}
Analysis View: setup_view
Other End Arrival Time          0.001
- Setup                         0.120
+ Phase Shift                  10.000
- Uncertainty                   0.200
= Required Time                 9.681
- Arrival Time                  2.807
= Slack Time                    6.874
     Clock Rise Edge                 0.000
     + Clock Network Latency (Prop)  -0.000
     = Beginpoint Arrival Time       -0.000
     +-------------------------------------------------------------------------------+ 
     |       Instance        |     Arc      |   Cell    | Delay | Arrival | Required | 
     |                       |              |           |       |  Time   |   Time   | 
     |-----------------------+--------------+-----------+-------+---------+----------| 
     | req_sync_q_reg[5]     | CK ^         |           |       |  -0.000 |    6.873 | 
     | req_sync_q_reg[5]     | CK ^ -> Q v  | DFFHQX1   | 0.243 |   0.242 |    7.116 | 
     | g6954__6161           | A0 v -> Y ^  | AOI21X1   | 0.163 |   0.406 |    7.279 | 
     | g6913__9945           | C ^ -> Y v   | NAND4XL   | 0.281 |   0.686 |    7.560 | 
     | FE_OFC9_n_103         | A v -> Y v   | BUFX2     | 0.211 |   0.898 |    7.772 | 
     | FE_OFC8_n_103         | A v -> Y v   | BUFX2     | 0.087 |   0.985 |    7.859 | 
     | g6908__7098           | B v -> Y ^   | NAND2BXL  | 0.047 |   1.032 |    7.906 | 
     | g6905__2802           | B ^ -> Y ^   | AND2XL    | 0.109 |   1.141 |    8.014 | 
     | g6890__6417           | A1 ^ -> Y v  | OAI22X1   | 0.097 |   1.238 |    8.112 | 
     | g6884__9945           | A1N v -> Y v | OAI2BB1X1 | 0.221 |   1.458 |    8.332 | 
     | g6883                 | A v -> Y ^   | INVX1     | 0.170 |   1.628 |    8.502 | 
     | g6874__7098           | B1 ^ -> Y v  | OAI22X1   | 0.120 |   1.748 |    8.622 | 
     | g6867__3680           | A1 v -> Y ^  | AOI22X1   | 0.144 |   1.892 |    8.766 | 
     | g6865__6783           | C0 ^ -> Y v  | OAI221X1  | 0.198 |   2.090 |    8.964 | 
     | g6861__4319           | A2 v -> Y ^  | AOI32X1   | 0.168 |   2.258 |    9.132 | 
     | g6857__5477           | B ^ -> Y v   | NAND2X1   | 0.164 |   2.422 |    9.296 | 
     | g6846__7482           | A1 v -> Y ^  | OAI21X1   | 0.196 |   2.618 |    9.492 | 
     | g6829__3680           | A1 ^ -> Y v  | AOI21XL   | 0.189 |   2.807 |    9.681 | 
     | pending_rank_q_reg[2] | D v          | DFFQXL    | 0.000 |   2.807 |    9.681 | 
     +-------------------------------------------------------------------------------+ 
Path 8: MET Setup Check with Pin pending_rank_q_reg[6]/CK 
Endpoint:   pending_rank_q_reg[6]/D (v) checked with  leading edge of 'clk'
Beginpoint: req_sync_q_reg[5]/Q     (v) triggered by  leading edge of 'clk'
Path Groups: {clk}
Analysis View: setup_view
Other End Arrival Time          0.001
- Setup                         0.116
+ Phase Shift                  10.000
- Uncertainty                   0.200
= Required Time                 9.685
- Arrival Time                  2.797
= Slack Time                    6.888
     Clock Rise Edge                 0.000
     + Clock Network Latency (Prop)  -0.000
     = Beginpoint Arrival Time       -0.000
     +-------------------------------------------------------------------------------+ 
     |       Instance        |     Arc      |   Cell    | Delay | Arrival | Required | 
     |                       |              |           |       |  Time   |   Time   | 
     |-----------------------+--------------+-----------+-------+---------+----------| 
     | req_sync_q_reg[5]     | CK ^         |           |       |  -0.000 |    6.887 | 
     | req_sync_q_reg[5]     | CK ^ -> Q v  | DFFHQX1   | 0.243 |   0.242 |    7.130 | 
     | g6954__6161           | A0 v -> Y ^  | AOI21X1   | 0.163 |   0.406 |    7.293 | 
     | g6913__9945           | C ^ -> Y v   | NAND4XL   | 0.281 |   0.686 |    7.574 | 
     | FE_OFC9_n_103         | A v -> Y v   | BUFX2     | 0.211 |   0.898 |    7.785 | 
     | FE_OFC8_n_103         | A v -> Y v   | BUFX2     | 0.087 |   0.985 |    7.873 | 
     | g6908__7098           | B v -> Y ^   | NAND2BXL  | 0.047 |   1.032 |    7.919 | 
     | g6905__2802           | B ^ -> Y ^   | AND2XL    | 0.109 |   1.141 |    8.028 | 
     | g6890__6417           | A1 ^ -> Y v  | OAI22X1   | 0.097 |   1.238 |    8.125 | 
     | g6884__9945           | A1N v -> Y v | OAI2BB1X1 | 0.221 |   1.458 |    8.346 | 
     | g6883                 | A v -> Y ^   | INVX1     | 0.170 |   1.628 |    8.516 | 
     | g6874__7098           | B1 ^ -> Y v  | OAI22X1   | 0.120 |   1.748 |    8.636 | 
     | g6867__3680           | A1 v -> Y ^  | AOI22X1   | 0.144 |   1.892 |    8.780 | 
     | g6865__6783           | C0 ^ -> Y v  | OAI221X1  | 0.198 |   2.090 |    8.978 | 
     | g6861__4319           | A2 v -> Y ^  | AOI32X1   | 0.168 |   2.258 |    9.146 | 
     | g6857__5477           | B ^ -> Y v   | NAND2X1   | 0.164 |   2.422 |    9.310 | 
     | g6846__7482           | A1 v -> Y ^  | OAI21X1   | 0.196 |   2.618 |    9.506 | 
     | g6834__6783           | A1 ^ -> Y v  | AOI21XL   | 0.179 |   2.797 |    9.685 | 
     | pending_rank_q_reg[6] | D v          | DFFQXL    | 0.000 |   2.797 |    9.685 | 
     +-------------------------------------------------------------------------------+ 
Path 9: MET Setup Check with Pin pending_rank_q_reg[5]/CK 
Endpoint:   pending_rank_q_reg[5]/D (^) checked with  leading edge of 'clk'
Beginpoint: req_sync_q_reg[5]/Q     (v) triggered by  leading edge of 'clk'
Path Groups: {clk}
Analysis View: setup_view
Other End Arrival Time          0.001
- Setup                         0.144
+ Phase Shift                  10.000
- Uncertainty                   0.200
= Required Time                 9.657
- Arrival Time                  2.754
= Slack Time                    6.903
     Clock Rise Edge                 0.000
     + Clock Network Latency (Prop)  -0.000
     = Beginpoint Arrival Time       -0.000
     +-------------------------------------------------------------------------------+ 
     |       Instance        |     Arc      |   Cell    | Delay | Arrival | Required | 
     |                       |              |           |       |  Time   |   Time   | 
     |-----------------------+--------------+-----------+-------+---------+----------| 
     | req_sync_q_reg[5]     | CK ^         |           |       |  -0.000 |    6.902 | 
     | req_sync_q_reg[5]     | CK ^ -> Q v  | DFFHQX1   | 0.243 |   0.242 |    7.145 | 
     | g6954__6161           | A0 v -> Y ^  | AOI21X1   | 0.163 |   0.406 |    7.308 | 
     | g6913__9945           | C ^ -> Y v   | NAND4XL   | 0.281 |   0.686 |    7.589 | 
     | FE_OFC9_n_103         | A v -> Y v   | BUFX2     | 0.211 |   0.898 |    7.801 | 
     | FE_OFC8_n_103         | A v -> Y v   | BUFX2     | 0.087 |   0.985 |    7.888 | 
     | g6908__7098           | B v -> Y ^   | NAND2BXL  | 0.047 |   1.032 |    7.934 | 
     | g6905__2802           | B ^ -> Y ^   | AND2XL    | 0.109 |   1.141 |    8.043 | 
     | g6890__6417           | A1 ^ -> Y v  | OAI22X1   | 0.097 |   1.238 |    8.141 | 
     | g6884__9945           | A1N v -> Y v | OAI2BB1X1 | 0.221 |   1.458 |    8.361 | 
     | g6883                 | A v -> Y ^   | INVX1     | 0.170 |   1.628 |    8.531 | 
     | g6874__7098           | B1 ^ -> Y v  | OAI22X1   | 0.120 |   1.748 |    8.651 | 
     | g6867__3680           | A1 v -> Y ^  | AOI22X1   | 0.144 |   1.892 |    8.795 | 
     | g6865__6783           | C0 ^ -> Y v  | OAI221X1  | 0.198 |   2.090 |    8.993 | 
     | g6861__4319           | A2 v -> Y ^  | AOI32X1   | 0.168 |   2.258 |    9.161 | 
     | g6857__5477           | B ^ -> Y v   | NAND2X1   | 0.164 |   2.422 |    9.325 | 
     | g6851__9315           | A1N v -> Y v | OAI2BB1X1 | 0.201 |   2.623 |    9.526 | 
     | g6833__5526           | A1 v -> Y ^  | AOI21XL   | 0.131 |   2.754 |    9.657 | 
     | pending_rank_q_reg[5] | D ^          | DFFQXL    | 0.000 |   2.754 |    9.657 | 
     +-------------------------------------------------------------------------------+ 
Path 10: MET Setup Check with Pin pending_rank_q_reg[3]/CK 
Endpoint:   pending_rank_q_reg[3]/D (^) checked with  leading edge of 'clk'
Beginpoint: req_sync_q_reg[5]/Q     (v) triggered by  leading edge of 'clk'
Path Groups: {clk}
Analysis View: setup_view
Other End Arrival Time          0.001
- Setup                         0.142
+ Phase Shift                  10.000
- Uncertainty                   0.200
= Required Time                 9.659
- Arrival Time                  2.753
= Slack Time                    6.906
     Clock Rise Edge                 0.000
     + Clock Network Latency (Prop)  -0.000
     = Beginpoint Arrival Time       -0.000
     +-------------------------------------------------------------------------------+ 
     |       Instance        |     Arc      |   Cell    | Delay | Arrival | Required | 
     |                       |              |           |       |  Time   |   Time   | 
     |-----------------------+--------------+-----------+-------+---------+----------| 
     | req_sync_q_reg[5]     | CK ^         |           |       |  -0.000 |    6.905 | 
     | req_sync_q_reg[5]     | CK ^ -> Q v  | DFFHQX1   | 0.243 |   0.242 |    7.148 | 
     | g6954__6161           | A0 v -> Y ^  | AOI21X1   | 0.163 |   0.406 |    7.311 | 
     | g6913__9945           | C ^ -> Y v   | NAND4XL   | 0.281 |   0.686 |    7.592 | 
     | FE_OFC9_n_103         | A v -> Y v   | BUFX2     | 0.211 |   0.898 |    7.804 | 
     | FE_OFC8_n_103         | A v -> Y v   | BUFX2     | 0.087 |   0.985 |    7.891 | 
     | g6908__7098           | B v -> Y ^   | NAND2BXL  | 0.047 |   1.032 |    7.937 | 
     | g6905__2802           | B ^ -> Y ^   | AND2XL    | 0.109 |   1.141 |    8.046 | 
     | g6890__6417           | A1 ^ -> Y v  | OAI22X1   | 0.097 |   1.238 |    8.144 | 
     | g6884__9945           | A1N v -> Y v | OAI2BB1X1 | 0.221 |   1.458 |    8.364 | 
     | g6883                 | A v -> Y ^   | INVX1     | 0.170 |   1.628 |    8.534 | 
     | g6874__7098           | B1 ^ -> Y v  | OAI22X1   | 0.120 |   1.748 |    8.654 | 
     | g6867__3680           | A1 v -> Y ^  | AOI22X1   | 0.144 |   1.892 |    8.798 | 
     | g6865__6783           | C0 ^ -> Y v  | OAI221X1  | 0.198 |   2.090 |    8.996 | 
     | g6861__4319           | A2 v -> Y ^  | AOI32X1   | 0.168 |   2.258 |    9.164 | 
     | g6857__5477           | B ^ -> Y v   | NAND2X1   | 0.164 |   2.422 |    9.328 | 
     | g6851__9315           | A1N v -> Y v | OAI2BB1X1 | 0.201 |   2.623 |    9.529 | 
     | g6841__1881           | A1 v -> Y ^  | AOI21XL   | 0.130 |   2.753 |    9.659 | 
     | pending_rank_q_reg[3] | D ^          | DFFQXL    | 0.000 |   2.753 |    9.659 | 
     +-------------------------------------------------------------------------------+ 
Path 11: MET Setup Check with Pin pending_rank_q_reg[12]/CK 
Endpoint:   pending_rank_q_reg[12]/D (v) checked with  leading edge of 'clk'
Beginpoint: req_sync_q_reg[5]/Q      (v) triggered by  leading edge of 'clk'
Path Groups: {clk}
Analysis View: setup_view
Other End Arrival Time          0.001
- Setup                         0.111
+ Phase Shift                  10.000
- Uncertainty                   0.200
= Required Time                 9.690
- Arrival Time                  2.781
= Slack Time                    6.909
     Clock Rise Edge                 0.000
     + Clock Network Latency (Prop)  -0.000
     = Beginpoint Arrival Time       -0.000
     +--------------------------------------------------------------------------------+ 
     |        Instance        |     Arc      |   Cell    | Delay | Arrival | Required | 
     |                        |              |           |       |  Time   |   Time   | 
     |------------------------+--------------+-----------+-------+---------+----------| 
     | req_sync_q_reg[5]      | CK ^         |           |       |  -0.000 |    6.908 | 
     | req_sync_q_reg[5]      | CK ^ -> Q v  | DFFHQX1   | 0.243 |   0.242 |    7.151 | 
     | g6954__6161            | A0 v -> Y ^  | AOI21X1   | 0.163 |   0.406 |    7.314 | 
     | g6913__9945            | C ^ -> Y v   | NAND4XL   | 0.281 |   0.686 |    7.595 | 
     | FE_OFC9_n_103          | A v -> Y v   | BUFX2     | 0.211 |   0.898 |    7.806 | 
     | FE_OFC8_n_103          | A v -> Y v   | BUFX2     | 0.087 |   0.985 |    7.894 | 
     | g6908__7098            | B v -> Y ^   | NAND2BXL  | 0.047 |   1.032 |    7.940 | 
     | g6905__2802            | B ^ -> Y ^   | AND2XL    | 0.109 |   1.141 |    8.049 | 
     | g6890__6417            | A1 ^ -> Y v  | OAI22X1   | 0.097 |   1.238 |    8.146 | 
     | g6884__9945            | A1N v -> Y v | OAI2BB1X1 | 0.221 |   1.458 |    8.367 | 
     | g6883                  | A v -> Y ^   | INVX1     | 0.170 |   1.628 |    8.537 | 
     | g6874__7098            | B1 ^ -> Y v  | OAI22X1   | 0.120 |   1.748 |    8.657 | 
     | g6867__3680            | A1 v -> Y ^  | AOI22X1   | 0.144 |   1.892 |    8.801 | 
     | g6865__6783            | C0 ^ -> Y v  | OAI221X1  | 0.198 |   2.090 |    8.999 | 
     | g6861__4319            | A2 v -> Y ^  | AOI32X1   | 0.168 |   2.258 |    9.167 | 
     | g6857__5477            | B ^ -> Y v   | NAND2X1   | 0.164 |   2.422 |    9.331 | 
     | g6847__4733            | A1 v -> Y ^  | OAI21X1   | 0.188 |   2.610 |    9.519 | 
     | g6839__5122            | A1 ^ -> Y v  | AOI21XL   | 0.171 |   2.781 |    9.690 | 
     | pending_rank_q_reg[12] | D v          | DFFQXL    | 0.000 |   2.781 |    9.690 | 
     +--------------------------------------------------------------------------------+ 
Path 12: MET Setup Check with Pin pending_rank_q_reg[10]/CK 
Endpoint:   pending_rank_q_reg[10]/D (v) checked with  leading edge of 'clk'
Beginpoint: req_sync_q_reg[5]/Q      (v) triggered by  leading edge of 'clk'
Path Groups: {clk}
Analysis View: setup_view
Other End Arrival Time          0.001
- Setup                         0.111
+ Phase Shift                  10.000
- Uncertainty                   0.200
= Required Time                 9.690
- Arrival Time                  2.781
= Slack Time                    6.909
     Clock Rise Edge                 0.000
     + Clock Network Latency (Prop)  -0.000
     = Beginpoint Arrival Time       -0.000
     +--------------------------------------------------------------------------------+ 
     |        Instance        |     Arc      |   Cell    | Delay | Arrival | Required | 
     |                        |              |           |       |  Time   |   Time   | 
     |------------------------+--------------+-----------+-------+---------+----------| 
     | req_sync_q_reg[5]      | CK ^         |           |       |  -0.000 |    6.909 | 
     | req_sync_q_reg[5]      | CK ^ -> Q v  | DFFHQX1   | 0.243 |   0.242 |    7.152 | 
     | g6954__6161            | A0 v -> Y ^  | AOI21X1   | 0.163 |   0.406 |    7.315 | 
     | g6913__9945            | C ^ -> Y v   | NAND4XL   | 0.281 |   0.686 |    7.596 | 
     | FE_OFC9_n_103          | A v -> Y v   | BUFX2     | 0.211 |   0.898 |    7.807 | 
     | FE_OFC8_n_103          | A v -> Y v   | BUFX2     | 0.087 |   0.985 |    7.894 | 
     | g6908__7098            | B v -> Y ^   | NAND2BXL  | 0.047 |   1.032 |    7.941 | 
     | g6905__2802            | B ^ -> Y ^   | AND2XL    | 0.109 |   1.141 |    8.050 | 
     | g6890__6417            | A1 ^ -> Y v  | OAI22X1   | 0.097 |   1.238 |    8.147 | 
     | g6884__9945            | A1N v -> Y v | OAI2BB1X1 | 0.221 |   1.458 |    8.368 | 
     | g6883                  | A v -> Y ^   | INVX1     | 0.170 |   1.628 |    8.537 | 
     | g6874__7098            | B1 ^ -> Y v  | OAI22X1   | 0.120 |   1.748 |    8.658 | 
     | g6867__3680            | A1 v -> Y ^  | AOI22X1   | 0.144 |   1.892 |    8.801 | 
     | g6865__6783            | C0 ^ -> Y v  | OAI221X1  | 0.198 |   2.090 |    8.999 | 
     | g6861__4319            | A2 v -> Y ^  | AOI32X1   | 0.168 |   2.258 |    9.168 | 
     | g6857__5477            | B ^ -> Y v   | NAND2X1   | 0.164 |   2.422 |    9.331 | 
     | g6847__4733            | A1 v -> Y ^  | OAI21X1   | 0.188 |   2.610 |    9.520 | 
     | g6837__2802            | A1 ^ -> Y v  | AOI21XL   | 0.171 |   2.781 |    9.690 | 
     | pending_rank_q_reg[10] | D v          | DFFQXL    | 0.000 |   2.781 |    9.690 | 
     +--------------------------------------------------------------------------------+ 
Path 13: MET Setup Check with Pin pending_rank_q_reg[0]/CK 
Endpoint:   pending_rank_q_reg[0]/D (v) checked with  leading edge of 'clk'
Beginpoint: req_sync_q_reg[5]/Q     (v) triggered by  leading edge of 'clk'
Path Groups: {clk}
Analysis View: setup_view
Other End Arrival Time          0.001
- Setup                         0.105
+ Phase Shift                  10.000
- Uncertainty                   0.200
= Required Time                 9.696
- Arrival Time                  2.783
= Slack Time                    6.912
     Clock Rise Edge                 0.000
     + Clock Network Latency (Prop)  -0.000
     = Beginpoint Arrival Time       -0.000
     +-------------------------------------------------------------------------------+ 
     |       Instance        |     Arc      |   Cell    | Delay | Arrival | Required | 
     |                       |              |           |       |  Time   |   Time   | 
     |-----------------------+--------------+-----------+-------+---------+----------| 
     | req_sync_q_reg[5]     | CK ^         |           |       |  -0.000 |    6.912 | 
     | req_sync_q_reg[5]     | CK ^ -> Q v  | DFFHQX1   | 0.243 |   0.242 |    7.155 | 
     | g6954__6161           | A0 v -> Y ^  | AOI21X1   | 0.163 |   0.406 |    7.318 | 
     | g6913__9945           | C ^ -> Y v   | NAND4XL   | 0.281 |   0.686 |    7.599 | 
     | FE_OFC9_n_103         | A v -> Y v   | BUFX2     | 0.211 |   0.898 |    7.810 | 
     | FE_OFC8_n_103         | A v -> Y v   | BUFX2     | 0.087 |   0.985 |    7.897 | 
     | g6908__7098           | B v -> Y ^   | NAND2BXL  | 0.047 |   1.032 |    7.944 | 
     | g6905__2802           | B ^ -> Y ^   | AND2XL    | 0.109 |   1.141 |    8.053 | 
     | g6890__6417           | A1 ^ -> Y v  | OAI22X1   | 0.097 |   1.238 |    8.150 | 
     | g6884__9945           | A1N v -> Y v | OAI2BB1X1 | 0.221 |   1.458 |    8.371 | 
     | g6883                 | A v -> Y ^   | INVX1     | 0.170 |   1.628 |    8.540 | 
     | g6874__7098           | B1 ^ -> Y v  | OAI22X1   | 0.120 |   1.748 |    8.661 | 
     | g6867__3680           | A1 v -> Y ^  | AOI22X1   | 0.144 |   1.892 |    8.804 | 
     | g6865__6783           | C0 ^ -> Y v  | OAI221X1  | 0.198 |   2.090 |    9.002 | 
     | g6861__4319           | A2 v -> Y ^  | AOI32X1   | 0.168 |   2.258 |    9.171 | 
     | g6857__5477           | B ^ -> Y v   | NAND2X1   | 0.164 |   2.422 |    9.334 | 
     | g6846__7482           | A1 v -> Y ^  | OAI21X1   | 0.196 |   2.618 |    9.531 | 
     | g6830__6131           | A1 ^ -> Y v  | AOI21XL   | 0.165 |   2.783 |    9.696 | 
     | pending_rank_q_reg[0] | D v          | DFFQXL    | 0.000 |   2.783 |    9.696 | 
     +-------------------------------------------------------------------------------+ 
Path 14: MET Setup Check with Pin pending_rank_q_reg[14]/CK 
Endpoint:   pending_rank_q_reg[14]/D (v) checked with  leading edge of 'clk'
Beginpoint: req_sync_q_reg[5]/Q      (v) triggered by  leading edge of 'clk'
Path Groups: {clk}
Analysis View: setup_view
Other End Arrival Time          0.001
- Setup                         0.108
+ Phase Shift                  10.000
- Uncertainty                   0.200
= Required Time                 9.693
- Arrival Time                  2.778
= Slack Time                    6.916
     Clock Rise Edge                 0.000
     + Clock Network Latency (Prop)  -0.000
     = Beginpoint Arrival Time       -0.000
     +--------------------------------------------------------------------------------+ 
     |        Instance        |     Arc      |   Cell    | Delay | Arrival | Required | 
     |                        |              |           |       |  Time   |   Time   | 
     |------------------------+--------------+-----------+-------+---------+----------| 
     | req_sync_q_reg[5]      | CK ^         |           |       |  -0.000 |    6.915 | 
     | req_sync_q_reg[5]      | CK ^ -> Q v  | DFFHQX1   | 0.243 |   0.242 |    7.158 | 
     | g6954__6161            | A0 v -> Y ^  | AOI21X1   | 0.163 |   0.406 |    7.321 | 
     | g6913__9945            | C ^ -> Y v   | NAND4XL   | 0.281 |   0.686 |    7.602 | 
     | FE_OFC9_n_103          | A v -> Y v   | BUFX2     | 0.211 |   0.898 |    7.813 | 
     | FE_OFC8_n_103          | A v -> Y v   | BUFX2     | 0.087 |   0.985 |    7.901 | 
     | g6908__7098            | B v -> Y ^   | NAND2BXL  | 0.047 |   1.032 |    7.947 | 
     | g6905__2802            | B ^ -> Y ^   | AND2XL    | 0.109 |   1.141 |    8.056 | 
     | g6890__6417            | A1 ^ -> Y v  | OAI22X1   | 0.097 |   1.238 |    8.153 | 
     | g6884__9945            | A1N v -> Y v | OAI2BB1X1 | 0.221 |   1.458 |    8.374 | 
     | g6883                  | A v -> Y ^   | INVX1     | 0.170 |   1.628 |    8.544 | 
     | g6874__7098            | B1 ^ -> Y v  | OAI22X1   | 0.120 |   1.748 |    8.664 | 
     | g6867__3680            | A1 v -> Y ^  | AOI22X1   | 0.144 |   1.892 |    8.808 | 
     | g6865__6783            | C0 ^ -> Y v  | OAI221X1  | 0.198 |   2.090 |    9.006 | 
     | g6861__4319            | A2 v -> Y ^  | AOI32X1   | 0.168 |   2.258 |    9.174 | 
     | g6857__5477            | B ^ -> Y v   | NAND2X1   | 0.164 |   2.422 |    9.338 | 
     | g6847__4733            | A1 v -> Y ^  | OAI21X1   | 0.188 |   2.610 |    9.526 | 
     | g6838__1705            | A1 ^ -> Y v  | AOI21XL   | 0.167 |   2.778 |    9.693 | 
     | pending_rank_q_reg[14] | D v          | DFFQXL    | 0.000 |   2.778 |    9.693 | 
     +--------------------------------------------------------------------------------+ 
Path 15: MET Setup Check with Pin pending_rank_q_reg[8]/CK 
Endpoint:   pending_rank_q_reg[8]/D (v) checked with  leading edge of 'clk'
Beginpoint: req_sync_q_reg[5]/Q     (v) triggered by  leading edge of 'clk'
Path Groups: {clk}
Analysis View: setup_view
Other End Arrival Time          0.001
- Setup                         0.103
+ Phase Shift                  10.000
- Uncertainty                   0.200
= Required Time                 9.698
- Arrival Time                  2.771
= Slack Time                    6.927
     Clock Rise Edge                 0.000
     + Clock Network Latency (Prop)  -0.000
     = Beginpoint Arrival Time       -0.000
     +-------------------------------------------------------------------------------+ 
     |       Instance        |     Arc      |   Cell    | Delay | Arrival | Required | 
     |                       |              |           |       |  Time   |   Time   | 
     |-----------------------+--------------+-----------+-------+---------+----------| 
     | req_sync_q_reg[5]     | CK ^         |           |       |  -0.000 |    6.927 | 
     | req_sync_q_reg[5]     | CK ^ -> Q v  | DFFHQX1   | 0.243 |   0.242 |    7.170 | 
     | g6954__6161           | A0 v -> Y ^  | AOI21X1   | 0.163 |   0.406 |    7.333 | 
     | g6913__9945           | C ^ -> Y v   | NAND4XL   | 0.281 |   0.686 |    7.613 | 
     | FE_OFC9_n_103         | A v -> Y v   | BUFX2     | 0.211 |   0.898 |    7.825 | 
     | FE_OFC8_n_103         | A v -> Y v   | BUFX2     | 0.087 |   0.985 |    7.912 | 
     | g6908__7098           | B v -> Y ^   | NAND2BXL  | 0.047 |   1.032 |    7.959 | 
     | g6905__2802           | B ^ -> Y ^   | AND2XL    | 0.109 |   1.141 |    8.068 | 
     | g6890__6417           | A1 ^ -> Y v  | OAI22X1   | 0.097 |   1.238 |    8.165 | 
     | g6884__9945           | A1N v -> Y v | OAI2BB1X1 | 0.221 |   1.458 |    8.386 | 
     | g6883                 | A v -> Y ^   | INVX1     | 0.170 |   1.628 |    8.555 | 
     | g6874__7098           | B1 ^ -> Y v  | OAI22X1   | 0.120 |   1.748 |    8.675 | 
     | g6867__3680           | A1 v -> Y ^  | AOI22X1   | 0.144 |   1.892 |    8.819 | 
     | g6865__6783           | C0 ^ -> Y v  | OAI221X1  | 0.198 |   2.090 |    9.017 | 
     | g6861__4319           | A2 v -> Y ^  | AOI32X1   | 0.168 |   2.258 |    9.185 | 
     | g6857__5477           | B ^ -> Y v   | NAND2X1   | 0.164 |   2.422 |    9.349 | 
     | g6847__4733           | A1 v -> Y ^  | OAI21X1   | 0.188 |   2.610 |    9.537 | 
     | g6832__4319           | A1 ^ -> Y v  | AOI21XL   | 0.161 |   2.771 |    9.698 | 
     | pending_rank_q_reg[8] | D v          | DFFQXL    | 0.000 |   2.771 |    9.698 | 
     +-------------------------------------------------------------------------------+ 
Path 16: MET Setup Check with Pin pending_rank_q_reg[4]/CK 
Endpoint:   pending_rank_q_reg[4]/D (v) checked with  leading edge of 'clk'
Beginpoint: req_sync_q_reg[5]/Q     (v) triggered by  leading edge of 'clk'
Path Groups: {clk}
Analysis View: setup_view
Other End Arrival Time          0.001
- Setup                         0.098
+ Phase Shift                  10.000
- Uncertainty                   0.200
= Required Time                 9.703
- Arrival Time                  2.775
= Slack Time                    6.928
     Clock Rise Edge                 0.000
     + Clock Network Latency (Prop)  -0.000
     = Beginpoint Arrival Time       -0.000
     +-------------------------------------------------------------------------------+ 
     |       Instance        |     Arc      |   Cell    | Delay | Arrival | Required | 
     |                       |              |           |       |  Time   |   Time   | 
     |-----------------------+--------------+-----------+-------+---------+----------| 
     | req_sync_q_reg[5]     | CK ^         |           |       |  -0.000 |    6.927 | 
     | req_sync_q_reg[5]     | CK ^ -> Q v  | DFFHQX1   | 0.243 |   0.242 |    7.170 | 
     | g6954__6161           | A0 v -> Y ^  | AOI21X1   | 0.163 |   0.406 |    7.333 | 
     | g6913__9945           | C ^ -> Y v   | NAND4XL   | 0.281 |   0.686 |    7.614 | 
     | FE_OFC9_n_103         | A v -> Y v   | BUFX2     | 0.211 |   0.898 |    7.826 | 
     | FE_OFC8_n_103         | A v -> Y v   | BUFX2     | 0.087 |   0.985 |    7.913 | 
     | g6908__7098           | B v -> Y ^   | NAND2BXL  | 0.047 |   1.032 |    7.960 | 
     | g6905__2802           | B ^ -> Y ^   | AND2XL    | 0.109 |   1.141 |    8.068 | 
     | g6890__6417           | A1 ^ -> Y v  | OAI22X1   | 0.097 |   1.238 |    8.166 | 
     | g6884__9945           | A1N v -> Y v | OAI2BB1X1 | 0.221 |   1.458 |    8.386 | 
     | g6883                 | A v -> Y ^   | INVX1     | 0.170 |   1.628 |    8.556 | 
     | g6874__7098           | B1 ^ -> Y v  | OAI22X1   | 0.120 |   1.748 |    8.676 | 
     | g6867__3680           | A1 v -> Y ^  | AOI22X1   | 0.144 |   1.892 |    8.820 | 
     | g6865__6783           | C0 ^ -> Y v  | OAI221X1  | 0.198 |   2.090 |    9.018 | 
     | g6861__4319           | A2 v -> Y ^  | AOI32X1   | 0.168 |   2.258 |    9.186 | 
     | g6857__5477           | B ^ -> Y v   | NAND2X1   | 0.164 |   2.422 |    9.350 | 
     | g6846__7482           | A1 v -> Y ^  | OAI21X1   | 0.196 |   2.618 |    9.546 | 
     | g6828__1617           | A1 ^ -> Y v  | AOI21XL   | 0.157 |   2.775 |    9.703 | 
     | pending_rank_q_reg[4] | D v          | DFFQXL    | 0.000 |   2.775 |    9.703 | 
     +-------------------------------------------------------------------------------+ 
Path 17: MET Setup Check with Pin out_rank_q_reg[0]/CK 
Endpoint:   out_rank_q_reg[0]/D (v) checked with  leading edge of 'clk'
Beginpoint: req_sync_q_reg[5]/Q (v) triggered by  leading edge of 'clk'
Path Groups: {clk}
Analysis View: setup_view
Other End Arrival Time          0.001
- Setup                         0.083
+ Phase Shift                  10.000
- Uncertainty                   0.200
= Required Time                 9.718
- Arrival Time                  2.675
= Slack Time                    7.043
     Clock Rise Edge                 0.000
     + Clock Network Latency (Prop)  -0.000
     = Beginpoint Arrival Time       -0.000
     +---------------------------------------------------------------------------+ 
     |     Instance      |     Arc      |   Cell    | Delay | Arrival | Required | 
     |                   |              |           |       |  Time   |   Time   | 
     |-------------------+--------------+-----------+-------+---------+----------| 
     | req_sync_q_reg[5] | CK ^         |           |       |  -0.000 |    7.042 | 
     | req_sync_q_reg[5] | CK ^ -> Q v  | DFFHQX1   | 0.243 |   0.242 |    7.285 | 
     | g6954__6161       | A0 v -> Y ^  | AOI21X1   | 0.163 |   0.406 |    7.448 | 
     | g6913__9945       | C ^ -> Y v   | NAND4XL   | 0.281 |   0.686 |    7.729 | 
     | FE_OFC9_n_103     | A v -> Y v   | BUFX2     | 0.211 |   0.898 |    7.941 | 
     | FE_OFC8_n_103     | A v -> Y v   | BUFX2     | 0.087 |   0.985 |    8.028 | 
     | g6908__7098       | B v -> Y ^   | NAND2BXL  | 0.047 |   1.032 |    8.074 | 
     | g6905__2802       | B ^ -> Y ^   | AND2XL    | 0.109 |   1.141 |    8.183 | 
     | g6890__6417       | A1 ^ -> Y v  | OAI22X1   | 0.097 |   1.238 |    8.281 | 
     | g6884__9945       | A1N v -> Y v | OAI2BB1X1 | 0.221 |   1.458 |    8.501 | 
     | g6883             | A v -> Y ^   | INVX1     | 0.170 |   1.628 |    8.671 | 
     | g6874__7098       | B1 ^ -> Y v  | OAI22X1   | 0.120 |   1.748 |    8.791 | 
     | g6867__3680       | A1 v -> Y ^  | AOI22X1   | 0.144 |   1.892 |    8.935 | 
     | g6865__6783       | C0 ^ -> Y v  | OAI221X1  | 0.198 |   2.090 |    9.133 | 
     | g6861__4319       | A2 v -> Y ^  | AOI32X1   | 0.168 |   2.258 |    9.301 | 
     | g6857__5477       | B ^ -> Y v   | NAND2X1   | 0.164 |   2.422 |    9.465 | 
     | g6849__6161       | A1 v -> Y ^  | AOI22X1   | 0.163 |   2.585 |    9.628 | 
     | g6845__5115       | B ^ -> Y v   | NAND2X1   | 0.090 |   2.675 |    9.718 | 
     | out_rank_q_reg[0] | D v          | DFFHQX1   | 0.000 |   2.675 |    9.718 | 
     +---------------------------------------------------------------------------+ 
Path 18: MET Setup Check with Pin out_rank_q_reg[1]/CK 
Endpoint:   out_rank_q_reg[1]/D (^) checked with  leading edge of 'clk'
Beginpoint: req_sync_q_reg[5]/Q (v) triggered by  leading edge of 'clk'
Path Groups: {clk}
Analysis View: setup_view
Other End Arrival Time          0.001
- Setup                         0.123
+ Phase Shift                  10.000
- Uncertainty                   0.200
= Required Time                 9.678
- Arrival Time                  2.380
= Slack Time                    7.299
     Clock Rise Edge                 0.000
     + Clock Network Latency (Prop)  -0.000
     = Beginpoint Arrival Time       -0.000
     +---------------------------------------------------------------------------+ 
     |     Instance      |     Arc      |   Cell    | Delay | Arrival | Required | 
     |                   |              |           |       |  Time   |   Time   | 
     |-------------------+--------------+-----------+-------+---------+----------| 
     | req_sync_q_reg[5] | CK ^         |           |       |  -0.000 |    7.298 | 
     | req_sync_q_reg[5] | CK ^ -> Q v  | DFFHQX1   | 0.243 |   0.242 |    7.541 | 
     | g6954__6161       | A0 v -> Y ^  | AOI21X1   | 0.163 |   0.406 |    7.704 | 
     | g6913__9945       | C ^ -> Y v   | NAND4XL   | 0.281 |   0.686 |    7.985 | 
     | FE_OFC9_n_103     | A v -> Y v   | BUFX2     | 0.211 |   0.898 |    8.197 | 
     | FE_OFC8_n_103     | A v -> Y v   | BUFX2     | 0.087 |   0.985 |    8.284 | 
     | g6908__7098       | B v -> Y ^   | NAND2BXL  | 0.047 |   1.032 |    8.331 | 
     | g6905__2802       | B ^ -> Y ^   | AND2XL    | 0.109 |   1.141 |    8.439 | 
     | g6890__6417       | A1 ^ -> Y v  | OAI22X1   | 0.097 |   1.238 |    8.537 | 
     | g6884__9945       | A1N v -> Y v | OAI2BB1X1 | 0.221 |   1.458 |    8.757 | 
     | g6883             | A v -> Y ^   | INVX1     | 0.170 |   1.628 |    8.927 | 
     | g6874__7098       | B1 ^ -> Y v  | OAI22X1   | 0.120 |   1.748 |    9.047 | 
     | g6867__3680       | A1 v -> Y ^  | AOI22X1   | 0.144 |   1.892 |    9.191 | 
     | g6864__5526       | B ^ -> Y v   | NAND2X1   | 0.104 |   1.996 |    9.295 | 
     | g6862__8428       | A1N v -> Y v | OAI2BB1X1 | 0.140 |   2.137 |    9.435 | 
     | g2                | A1 v -> Y v  | AO21X1    | 0.185 |   2.322 |    9.620 | 
     | g6854__1666       | B0 v -> Y ^  | OAI2BB1X1 | 0.058 |   2.380 |    9.678 | 
     | out_rank_q_reg[1] | D ^          | DFFHQX1   | 0.000 |   2.380 |    9.678 | 
     +---------------------------------------------------------------------------+ 
Path 19: MET Setup Check with Pin out_rank_q_reg[2]/CK 
Endpoint:   out_rank_q_reg[2]/D (v) checked with  leading edge of 'clk'
Beginpoint: req_sync_q_reg[5]/Q (v) triggered by  leading edge of 'clk'
Path Groups: {clk}
Analysis View: setup_view
Other End Arrival Time          0.001
- Setup                         0.130
+ Phase Shift                  10.000
- Uncertainty                   0.200
= Required Time                 9.671
- Arrival Time                  1.810
= Slack Time                    7.861
     Clock Rise Edge                 0.000
     + Clock Network Latency (Prop)  -0.000
     = Beginpoint Arrival Time       -0.000
     +---------------------------------------------------------------------------+ 
     |     Instance      |     Arc      |   Cell    | Delay | Arrival | Required | 
     |                   |              |           |       |  Time   |   Time   | 
     |-------------------+--------------+-----------+-------+---------+----------| 
     | req_sync_q_reg[5] | CK ^         |           |       |  -0.000 |    7.860 | 
     | req_sync_q_reg[5] | CK ^ -> Q v  | DFFHQX1   | 0.243 |   0.242 |    8.103 | 
     | g6954__6161       | A0 v -> Y ^  | AOI21X1   | 0.163 |   0.406 |    8.266 | 
     | g6913__9945       | C ^ -> Y v   | NAND4XL   | 0.281 |   0.686 |    8.547 | 
     | FE_OFC9_n_103     | A v -> Y v   | BUFX2     | 0.211 |   0.898 |    8.758 | 
     | FE_OFC8_n_103     | A v -> Y v   | BUFX2     | 0.087 |   0.985 |    8.846 | 
     | g6908__7098       | B v -> Y ^   | NAND2BXL  | 0.047 |   1.032 |    8.892 | 
     | g6905__2802       | B ^ -> Y ^   | AND2XL    | 0.109 |   1.141 |    9.001 | 
     | g6890__6417       | A1 ^ -> Y v  | OAI22X1   | 0.097 |   1.238 |    9.098 | 
     | g6884__9945       | A1N v -> Y v | OAI2BB1X1 | 0.221 |   1.458 |    9.319 | 
     | g6877__4733       | B v -> Y ^   | NAND2X1   | 0.158 |   1.616 |    9.477 | 
     | g6866__1617       | A1 ^ -> Y v  | OAI221X1  | 0.194 |   1.810 |    9.671 | 
     | out_rank_q_reg[2] | D v          | DFFHQX1   | 0.000 |   1.810 |    9.671 | 
     +---------------------------------------------------------------------------+ 
Path 20: MET Setup Check with Pin out_rank_q_reg[3]/CK 
Endpoint:   out_rank_q_reg[3]/D (^) checked with  leading edge of 'clk'
Beginpoint: req_sync_q_reg[5]/Q (v) triggered by  leading edge of 'clk'
Path Groups: {clk}
Analysis View: setup_view
Other End Arrival Time          0.001
- Setup                         0.124
+ Phase Shift                  10.000
- Uncertainty                   0.200
= Required Time                 9.677
- Arrival Time                  1.717
= Slack Time                    7.959
     Clock Rise Edge                 0.000
     + Clock Network Latency (Prop)  -0.000
     = Beginpoint Arrival Time       -0.000
     +---------------------------------------------------------------------------+ 
     |     Instance      |     Arc      |   Cell    | Delay | Arrival | Required | 
     |                   |              |           |       |  Time   |   Time   | 
     |-------------------+--------------+-----------+-------+---------+----------| 
     | req_sync_q_reg[5] | CK ^         |           |       |  -0.000 |    7.959 | 
     | req_sync_q_reg[5] | CK ^ -> Q v  | DFFHQX1   | 0.243 |   0.242 |    8.202 | 
     | g6954__6161       | A0 v -> Y ^  | AOI21X1   | 0.163 |   0.406 |    8.365 | 
     | g6913__9945       | C ^ -> Y v   | NAND4XL   | 0.281 |   0.686 |    8.646 | 
     | FE_OFC9_n_103     | A v -> Y v   | BUFX2     | 0.211 |   0.898 |    8.857 | 
     | FE_OFC8_n_103     | A v -> Y v   | BUFX2     | 0.087 |   0.985 |    8.945 | 
     | g6892__5477       | A0N v -> Y v | OAI2BB1X1 | 0.102 |   1.087 |    9.046 | 
     | g6888__2346       | B v -> Y ^   | NOR2X1    | 0.173 |   1.260 |    9.219 | 
     | g6886             | A ^ -> Y v   | INVX1     | 0.203 |   1.462 |    9.422 | 
     | g6882__6161       | B v -> Y ^   | NAND2XL   | 0.089 |   1.551 |    9.511 | 
     | g6871__1705       | B ^ -> Y ^   | MX2XL     | 0.166 |   1.717 |    9.677 | 
     | out_rank_q_reg[3] | D ^          | DFFHQX1   | 0.000 |   1.717 |    9.677 | 
     +---------------------------------------------------------------------------+ 
Path 21: MET Setup Check with Pin out_valid_q_reg/CK 
Endpoint:   out_valid_q_reg/D   (v) checked with  leading edge of 'clk'
Beginpoint: req_sync_q_reg[8]/Q (v) triggered by  leading edge of 'clk'
Path Groups: {clk}
Analysis View: setup_view
Other End Arrival Time          0.001
- Setup                         0.077
+ Phase Shift                  10.000
- Uncertainty                   0.200
= Required Time                 9.724
- Arrival Time                  1.339
= Slack Time                    8.386
     Clock Rise Edge                 0.000
     + Clock Network Latency (Prop)  -0.000
     = Beginpoint Arrival Time       -0.000
     +-------------------------------------------------------------------------+ 
     |     Instance      |     Arc     |   Cell   | Delay | Arrival | Required | 
     |                   |             |          |       |  Time   |   Time   | 
     |-------------------+-------------+----------+-------+---------+----------| 
     | req_sync_q_reg[8] | CK ^        |          |       |  -0.000 |    8.385 | 
     | req_sync_q_reg[8] | CK ^ -> Q v | DFFHQX1  | 0.239 |   0.238 |    8.624 | 
     | g6940__1666       | A0 v -> Y ^ | AOI21X1  | 0.139 |   0.377 |    8.763 | 
     | g6916__6417       | A ^ -> Y v  | NAND4XL  | 0.261 |   0.638 |    9.024 | 
     | FE_OFC1_n_91      | A v -> Y v  | BUFX2    | 0.176 |   0.815 |    9.200 | 
     | g6911__5115       | A v -> Y ^  | NOR2X1   | 0.086 |   0.901 |    9.287 | 
     | g6906__1705       | B ^ -> Y v  | NAND2BX1 | 0.116 |   1.017 |    9.402 | 
     | g6902__6783       | B v -> Y ^  | NOR2X1   | 0.101 |   1.118 |    9.504 | 
     | g6895__2398       | B ^ -> Y v  | NAND2X1  | 0.113 |   1.232 |    9.617 | 
     | g7168             | AN v -> Y v | NOR2BX1  | 0.107 |   1.339 |    9.724 | 
     | out_valid_q_reg   | D v         | DFFHQX1  | 0.000 |   1.339 |    9.724 | 
     +-------------------------------------------------------------------------+ 
Path 22: MET Setup Check with Pin ack_rank_q_reg[6]/CK 
Endpoint:   ack_rank_q_reg[6]/D (^) checked with  leading edge of 'clk'
Beginpoint: req_sync_q_reg[5]/Q (^) triggered by  leading edge of 'clk'
Path Groups: {clk}
Analysis View: setup_view
Other End Arrival Time          0.001
- Setup                         0.166
+ Phase Shift                  10.000
- Uncertainty                   0.200
= Required Time                 9.635
- Arrival Time                  0.399
= Slack Time                    9.236
     Clock Rise Edge                 0.000
     + Clock Network Latency (Prop)  -0.000
     = Beginpoint Arrival Time       -0.000
     +-------------------------------------------------------------------------+ 
     |     Instance      |     Arc     |   Cell   | Delay | Arrival | Required | 
     |                   |             |          |       |  Time   |   Time   | 
     |-------------------+-------------+----------+-------+---------+----------| 
     | req_sync_q_reg[5] | CK ^        |          |       |  -0.000 |    9.235 | 
     | req_sync_q_reg[5] | CK ^ -> Q ^ | DFFHQX1  | 0.212 |   0.211 |    9.447 | 
     | g7016             | A ^ -> Y v  | INVXL    | 0.067 |   0.278 |    9.514 | 
     | g6966__1705       | B0 v -> Y ^ | AOI211XL | 0.121 |   0.399 |    9.635 | 
     | ack_rank_q_reg[6] | D ^         | DFFQXL   | 0.000 |   0.399 |    9.635 | 
     +-------------------------------------------------------------------------+ 
Path 23: MET Setup Check with Pin ack_rank_q_reg[15]/CK 
Endpoint:   ack_rank_q_reg[15]/D (^) checked with  leading edge of 'clk'
Beginpoint: req_sync_q_reg[8]/Q  (^) triggered by  leading edge of 'clk'
Path Groups: {clk}
Analysis View: setup_view
Other End Arrival Time          0.001
- Setup                         0.169
+ Phase Shift                  10.000
- Uncertainty                   0.200
= Required Time                 9.632
- Arrival Time                  0.395
= Slack Time                    9.237
     Clock Rise Edge                 0.000
     + Clock Network Latency (Prop)  -0.000
     = Beginpoint Arrival Time       -0.000
     +--------------------------------------------------------------------------+ 
     |      Instance      |     Arc     |   Cell   | Delay | Arrival | Required | 
     |                    |             |          |       |  Time   |   Time   | 
     |--------------------+-------------+----------+-------+---------+----------| 
     | req_sync_q_reg[8]  | CK ^        |          |       |  -0.000 |    9.236 | 
     | req_sync_q_reg[8]  | CK ^ -> Q ^ | DFFHQX1  | 0.208 |   0.208 |    9.444 | 
     | g6992              | A ^ -> Y v  | INVXL    | 0.064 |   0.271 |    9.508 | 
     | g6961__5526        | B0 v -> Y ^ | AOI211XL | 0.124 |   0.395 |    9.632 | 
     | ack_rank_q_reg[15] | D ^         | DFFQXL   | 0.000 |   0.395 |    9.632 | 
     +--------------------------------------------------------------------------+ 
Path 24: MET Setup Check with Pin ack_rank_q_reg[9]/CK 
Endpoint:   ack_rank_q_reg[9]/D  (^) checked with  leading edge of 'clk'
Beginpoint: req_sync_q_reg[13]/Q (^) triggered by  leading edge of 'clk'
Path Groups: {clk}
Analysis View: setup_view
Other End Arrival Time          0.001
- Setup                         0.174
+ Phase Shift                  10.000
- Uncertainty                   0.200
= Required Time                 9.627
- Arrival Time                  0.377
= Slack Time                    9.250
     Clock Rise Edge                 0.000
     + Clock Network Latency (Prop)  -0.000
     = Beginpoint Arrival Time       -0.000
     +--------------------------------------------------------------------------+ 
     |      Instance      |     Arc     |   Cell   | Delay | Arrival | Required | 
     |                    |             |          |       |  Time   |   Time   | 
     |--------------------+-------------+----------+-------+---------+----------| 
     | req_sync_q_reg[13] | CK ^        |          |       |  -0.000 |    9.249 | 
     | req_sync_q_reg[13] | CK ^ -> Q ^ | DFFHQX1  | 0.194 |   0.193 |    9.443 | 
     | g7020              | A ^ -> Y v  | INVXL    | 0.052 |   0.246 |    9.496 | 
     | g6955__4319        | B0 v -> Y ^ | AOI211XL | 0.131 |   0.377 |    9.627 | 
     | ack_rank_q_reg[9]  | D ^         | DFFQXL   | 0.000 |   0.377 |    9.627 | 
     +--------------------------------------------------------------------------+ 
Path 25: MET Setup Check with Pin ack_rank_q_reg[1]/CK 
Endpoint:   ack_rank_q_reg[1]/D (^) checked with  leading edge of 'clk'
Beginpoint: req_sync_q_reg[1]/Q (^) triggered by  leading edge of 'clk'
Path Groups: {clk}
Analysis View: setup_view
Other End Arrival Time          0.001
- Setup                         0.165
+ Phase Shift                  10.000
- Uncertainty                   0.200
= Required Time                 9.636
- Arrival Time                  0.384
= Slack Time                    9.252
     Clock Rise Edge                 0.000
     + Clock Network Latency (Prop)  -0.000
     = Beginpoint Arrival Time       -0.000
     +-------------------------------------------------------------------------+ 
     |     Instance      |     Arc     |   Cell   | Delay | Arrival | Required | 
     |                   |             |          |       |  Time   |   Time   | 
     |-------------------+-------------+----------+-------+---------+----------| 
     | req_sync_q_reg[1] | CK ^        |          |       |  -0.000 |    9.252 | 
     | req_sync_q_reg[1] | CK ^ -> Q ^ | DFFHQX1  | 0.201 |   0.201 |    9.453 | 
     | g6997             | A ^ -> Y v  | INVXL    | 0.060 |   0.261 |    9.513 | 
     | g6970__6131       | B0 v -> Y ^ | AOI211XL | 0.123 |   0.384 |    9.636 | 
     | ack_rank_q_reg[1] | D ^         | DFFQXL   | 0.000 |   0.384 |    9.636 | 
     +-------------------------------------------------------------------------+ 
Path 26: MET Setup Check with Pin ack_rank_q_reg[12]/CK 
Endpoint:   ack_rank_q_reg[12]/D (^) checked with  leading edge of 'clk'
Beginpoint: req_sync_q_reg[10]/Q (^) triggered by  leading edge of 'clk'
Path Groups: {clk}
Analysis View: setup_view
Other End Arrival Time          0.001
- Setup                         0.173
+ Phase Shift                  10.000
- Uncertainty                   0.200
= Required Time                 9.628
- Arrival Time                  0.369
= Slack Time                    9.258
     Clock Rise Edge                 0.000
     + Clock Network Latency (Prop)  -0.000
     = Beginpoint Arrival Time       -0.000
     +--------------------------------------------------------------------------+ 
     |      Instance      |     Arc     |   Cell   | Delay | Arrival | Required | 
     |                    |             |          |       |  Time   |   Time   | 
     |--------------------+-------------+----------+-------+---------+----------| 
     | req_sync_q_reg[10] | CK ^        |          |       |  -0.000 |    9.258 | 
     | req_sync_q_reg[10] | CK ^ -> Q ^ | DFFHQX1  | 0.192 |   0.191 |    9.450 | 
     | g6994              | A ^ -> Y v  | INVXL    | 0.049 |   0.240 |    9.498 | 
     | g6958__6260        | B0 v -> Y ^ | AOI211XL | 0.130 |   0.369 |    9.628 | 
     | ack_rank_q_reg[12] | D ^         | DFFQXL   | 0.000 |   0.369 |    9.628 | 
     +--------------------------------------------------------------------------+ 
Path 27: MET Setup Check with Pin ack_rank_q_reg[7]/CK 
Endpoint:   ack_rank_q_reg[7]/D (^) checked with  leading edge of 'clk'
Beginpoint: req_sync_q_reg[4]/Q (^) triggered by  leading edge of 'clk'
Path Groups: {clk}
Analysis View: setup_view
Other End Arrival Time          0.001
- Setup                         0.157
+ Phase Shift                  10.000
- Uncertainty                   0.200
= Required Time                 9.644
- Arrival Time                  0.384
= Slack Time                    9.259
     Clock Rise Edge                 0.000
     + Clock Network Latency (Prop)  -0.000
     = Beginpoint Arrival Time       -0.000
     +-------------------------------------------------------------------------+ 
     |     Instance      |     Arc     |   Cell   | Delay | Arrival | Required | 
     |                   |             |          |       |  Time   |   Time   | 
     |-------------------+-------------+----------+-------+---------+----------| 
     | req_sync_q_reg[4] | CK ^        |          |       |  -0.000 |    9.259 | 
     | req_sync_q_reg[4] | CK ^ -> Q ^ | DFFHQX1  | 0.205 |   0.205 |    9.464 | 
     | g7018             | A ^ -> Y v  | INVXL    | 0.065 |   0.270 |    9.529 | 
     | g6968__8246       | B0 v -> Y ^ | AOI211XL | 0.114 |   0.384 |    9.644 | 
     | ack_rank_q_reg[7] | D ^         | DFFQXL   | 0.000 |   0.384 |    9.644 | 
     +-------------------------------------------------------------------------+ 
Path 28: MET Setup Check with Pin ack_rank_q_reg[11]/CK 
Endpoint:   ack_rank_q_reg[11]/D (^) checked with  leading edge of 'clk'
Beginpoint: req_sync_q_reg[14]/Q (^) triggered by  leading edge of 'clk'
Path Groups: {clk}
Analysis View: setup_view
Other End Arrival Time          0.001
- Setup                         0.164
+ Phase Shift                  10.000
- Uncertainty                   0.200
= Required Time                 9.637
- Arrival Time                  0.377
= Slack Time                    9.259
     Clock Rise Edge                 0.000
     + Clock Network Latency (Prop)  -0.000
     = Beginpoint Arrival Time       -0.000
     +--------------------------------------------------------------------------+ 
     |      Instance      |     Arc     |   Cell   | Delay | Arrival | Required | 
     |                    |             |          |       |  Time   |   Time   | 
     |--------------------+-------------+----------+-------+---------+----------| 
     | req_sync_q_reg[14] | CK ^        |          |       |  -0.000 |    9.259 | 
     | req_sync_q_reg[14] | CK ^ -> Q ^ | DFFHQX1  | 0.197 |   0.196 |    9.456 | 
     | g6991              | A ^ -> Y v  | INVXL    | 0.060 |   0.256 |    9.515 | 
     | g6957__5107        | B0 v -> Y ^ | AOI211XL | 0.121 |   0.377 |    9.637 | 
     | ack_rank_q_reg[11] | D ^         | DFFQXL   | 0.000 |   0.377 |    9.637 | 
     +--------------------------------------------------------------------------+ 
Path 29: MET Setup Check with Pin ack_rank_q_reg[0]/CK 
Endpoint:   ack_rank_q_reg[0]/D (^) checked with  leading edge of 'clk'
Beginpoint: req_sync_q_reg[0]/Q (^) triggered by  leading edge of 'clk'
Path Groups: {clk}
Analysis View: setup_view
Other End Arrival Time          0.001
- Setup                         0.164
+ Phase Shift                  10.000
- Uncertainty                   0.200
= Required Time                 9.637
- Arrival Time                  0.373
= Slack Time                    9.264
     Clock Rise Edge                 0.000
     + Clock Network Latency (Prop)  -0.000
     = Beginpoint Arrival Time       -0.000
     +-------------------------------------------------------------------------+ 
     |     Instance      |     Arc     |   Cell   | Delay | Arrival | Required | 
     |                   |             |          |       |  Time   |   Time   | 
     |-------------------+-------------+----------+-------+---------+----------| 
     | req_sync_q_reg[0] | CK ^        |          |       |  -0.000 |    9.264 | 
     | req_sync_q_reg[0] | CK ^ -> Q ^ | DFFHQX1  | 0.199 |   0.199 |    9.463 | 
     | g6993             | A ^ -> Y v  | INVXL    | 0.057 |   0.256 |    9.520 | 
     | g6962__6783       | B0 v -> Y ^ | AOI211XL | 0.117 |   0.373 |    9.637 | 
     | ack_rank_q_reg[0] | D ^         | DFFQXL   | 0.000 |   0.373 |    9.637 | 
     +-------------------------------------------------------------------------+ 
Path 30: MET Setup Check with Pin ack_rank_q_reg[14]/CK 
Endpoint:   ack_rank_q_reg[14]/D (^) checked with  leading edge of 'clk'
Beginpoint: req_sync_q_reg[9]/Q  (^) triggered by  leading edge of 'clk'
Path Groups: {clk}
Analysis View: setup_view
Other End Arrival Time          0.001
- Setup                         0.160
+ Phase Shift                  10.000
- Uncertainty                   0.200
= Required Time                 9.641
- Arrival Time                  0.371
= Slack Time                    9.270
     Clock Rise Edge                 0.000
     + Clock Network Latency (Prop)  -0.000
     = Beginpoint Arrival Time       -0.000
     +--------------------------------------------------------------------------+ 
     |      Instance      |     Arc     |   Cell   | Delay | Arrival | Required | 
     |                    |             |          |       |  Time   |   Time   | 
     |--------------------+-------------+----------+-------+---------+----------| 
     | req_sync_q_reg[9]  | CK ^        |          |       |  -0.000 |    9.270 | 
     | req_sync_q_reg[9]  | CK ^ -> Q ^ | DFFHQX1  | 0.196 |   0.196 |    9.466 | 
     | g6990              | A ^ -> Y v  | INVXL    | 0.059 |   0.255 |    9.524 | 
     | g6960__8428        | B0 v -> Y ^ | AOI211XL | 0.116 |   0.371 |    9.641 | 
     | ack_rank_q_reg[14] | D ^         | DFFQXL   | 0.000 |   0.371 |    9.641 | 
     +--------------------------------------------------------------------------+ 
Path 31: MET Setup Check with Pin ack_rank_q_reg[2]/CK 
Endpoint:   ack_rank_q_reg[2]/D (^) checked with  leading edge of 'clk'
Beginpoint: req_sync_q_reg[3]/Q (^) triggered by  leading edge of 'clk'
Path Groups: {clk}
Analysis View: setup_view
Other End Arrival Time          0.001
- Setup                         0.169
+ Phase Shift                  10.000
- Uncertainty                   0.200
= Required Time                 9.632
- Arrival Time                  0.358
= Slack Time                    9.274
     Clock Rise Edge                 0.000
     + Clock Network Latency (Prop)  -0.001
     = Beginpoint Arrival Time       -0.001
     +-------------------------------------------------------------------------+ 
     |     Instance      |     Arc     |   Cell   | Delay | Arrival | Required | 
     |                   |             |          |       |  Time   |   Time   | 
     |-------------------+-------------+----------+-------+---------+----------| 
     | req_sync_q_reg[3] | CK ^        |          |       |  -0.001 |    9.273 | 
     | req_sync_q_reg[3] | CK ^ -> Q ^ | DFFHQX1  | 0.188 |   0.187 |    9.461 | 
     | g6995             | A ^ -> Y v  | INVXL    | 0.047 |   0.234 |    9.508 | 
     | g6963__5122       | B0 v -> Y ^ | AOI211XL | 0.124 |   0.358 |    9.632 | 
     | ack_rank_q_reg[2] | D ^         | DFFQXL   | 0.000 |   0.358 |    9.632 | 
     +-------------------------------------------------------------------------+ 
Path 32: MET Setup Check with Pin ack_rank_q_reg[10]/CK 
Endpoint:   ack_rank_q_reg[10]/D (^) checked with  leading edge of 'clk'
Beginpoint: req_sync_q_reg[15]/Q (^) triggered by  leading edge of 'clk'
Path Groups: {clk}
Analysis View: setup_view
Other End Arrival Time          0.001
- Setup                         0.160
+ Phase Shift                  10.000
- Uncertainty                   0.200
= Required Time                 9.641
- Arrival Time                  0.367
= Slack Time                    9.274
     Clock Rise Edge                 0.000
     + Clock Network Latency (Prop)  -0.000
     = Beginpoint Arrival Time       -0.000
     +--------------------------------------------------------------------------+ 
     |      Instance      |     Arc     |   Cell   | Delay | Arrival | Required | 
     |                    |             |          |       |  Time   |   Time   | 
     |--------------------+-------------+----------+-------+---------+----------| 
     | req_sync_q_reg[15] | CK ^        |          |       |  -0.000 |    9.274 | 
     | req_sync_q_reg[15] | CK ^ -> Q ^ | DFFHQX1  | 0.195 |   0.195 |    9.469 | 
     | g6998              | A ^ -> Y v  | INVXL    | 0.057 |   0.252 |    9.526 | 
     | g6956__2398        | B0 v -> Y ^ | AOI211XL | 0.115 |   0.367 |    9.641 | 
     | ack_rank_q_reg[10] | D ^         | DFFQXL   | 0.000 |   0.367 |    9.641 | 
     +--------------------------------------------------------------------------+ 
Path 33: MET Setup Check with Pin ack_rank_q_reg[8]/CK 
Endpoint:   ack_rank_q_reg[8]/D  (^) checked with  leading edge of 'clk'
Beginpoint: req_sync_q_reg[12]/Q (^) triggered by  leading edge of 'clk'
Path Groups: {clk}
Analysis View: setup_view
Other End Arrival Time          0.001
- Setup                         0.163
+ Phase Shift                  10.000
- Uncertainty                   0.200
= Required Time                 9.638
- Arrival Time                  0.363
= Slack Time                    9.275
     Clock Rise Edge                 0.000
     + Clock Network Latency (Prop)  -0.000
     = Beginpoint Arrival Time       -0.000
     +--------------------------------------------------------------------------+ 
     |      Instance      |     Arc     |   Cell   | Delay | Arrival | Required | 
     |                    |             |          |       |  Time   |   Time   | 
     |--------------------+-------------+----------+-------+---------+----------| 
     | req_sync_q_reg[12] | CK ^        |          |       |  -0.000 |    9.275 | 
     | req_sync_q_reg[12] | CK ^ -> Q ^ | DFFHQX1  | 0.196 |   0.196 |    9.471 | 
     | g7017              | A ^ -> Y v  | INVXL    | 0.052 |   0.248 |    9.523 | 
     | g6969__7098        | B0 v -> Y ^ | AOI211XL | 0.115 |   0.363 |    9.638 | 
     | ack_rank_q_reg[8]  | D ^         | DFFQXL   | 0.000 |   0.363 |    9.638 | 
     +--------------------------------------------------------------------------+ 
Path 34: MET Setup Check with Pin ack_rank_q_reg[5]/CK 
Endpoint:   ack_rank_q_reg[5]/D (^) checked with  leading edge of 'clk'
Beginpoint: req_sync_q_reg[7]/Q (^) triggered by  leading edge of 'clk'
Path Groups: {clk}
Analysis View: setup_view
Other End Arrival Time          0.001
- Setup                         0.161
+ Phase Shift                  10.000
- Uncertainty                   0.200
= Required Time                 9.640
- Arrival Time                  0.365
= Slack Time                    9.275
     Clock Rise Edge                 0.000
     + Clock Network Latency (Prop)  -0.000
     = Beginpoint Arrival Time       -0.000
     +-------------------------------------------------------------------------+ 
     |     Instance      |     Arc     |   Cell   | Delay | Arrival | Required | 
     |                   |             |          |       |  Time   |   Time   | 
     |-------------------+-------------+----------+-------+---------+----------| 
     | req_sync_q_reg[7] | CK ^        |          |       |  -0.000 |    9.275 | 
     | req_sync_q_reg[7] | CK ^ -> Q ^ | DFFHQX1  | 0.195 |   0.195 |    9.470 | 
     | g7015             | A ^ -> Y v  | INVXL    | 0.055 |   0.250 |    9.525 | 
     | g6967__3680       | B0 v -> Y ^ | AOI211XL | 0.115 |   0.365 |    9.640 | 
     | ack_rank_q_reg[5] | D ^         | DFFQXL   | 0.000 |   0.365 |    9.640 | 
     +-------------------------------------------------------------------------+ 
Path 35: MET Setup Check with Pin ack_rank_q_reg[4]/CK 
Endpoint:   ack_rank_q_reg[4]/D (^) checked with  leading edge of 'clk'
Beginpoint: req_sync_q_reg[6]/Q (^) triggered by  leading edge of 'clk'
Path Groups: {clk}
Analysis View: setup_view
Other End Arrival Time          0.001
- Setup                         0.158
+ Phase Shift                  10.000
- Uncertainty                   0.200
= Required Time                 9.643
- Arrival Time                  0.364
= Slack Time                    9.279
     Clock Rise Edge                 0.000
     + Clock Network Latency (Prop)  -0.000
     = Beginpoint Arrival Time       -0.000
     +-------------------------------------------------------------------------+ 
     |     Instance      |     Arc     |   Cell   | Delay | Arrival | Required | 
     |                   |             |          |       |  Time   |   Time   | 
     |-------------------+-------------+----------+-------+---------+----------| 
     | req_sync_q_reg[6] | CK ^        |          |       |  -0.000 |    9.278 | 
     | req_sync_q_reg[6] | CK ^ -> Q ^ | DFFHQX1  | 0.192 |   0.192 |    9.471 | 
     | g7014             | A ^ -> Y v  | INVXL    | 0.057 |   0.249 |    9.528 | 
     | g6965__2802       | B0 v -> Y ^ | AOI211XL | 0.116 |   0.364 |    9.643 | 
     | ack_rank_q_reg[4] | D ^         | DFFQXL   | 0.000 |   0.364 |    9.643 | 
     +-------------------------------------------------------------------------+ 
Path 36: MET Setup Check with Pin ack_rank_q_reg[3]/CK 
Endpoint:   ack_rank_q_reg[3]/D (^) checked with  leading edge of 'clk'
Beginpoint: req_sync_q_reg[2]/Q (^) triggered by  leading edge of 'clk'
Path Groups: {clk}
Analysis View: setup_view
Other End Arrival Time          0.001
- Setup                         0.157
+ Phase Shift                  10.000
- Uncertainty                   0.200
= Required Time                 9.644
- Arrival Time                  0.352
= Slack Time                    9.292
     Clock Rise Edge                 0.000
     + Clock Network Latency (Prop)  -0.000
     = Beginpoint Arrival Time       -0.000
     +-------------------------------------------------------------------------+ 
     |     Instance      |     Arc     |   Cell   | Delay | Arrival | Required | 
     |                   |             |          |       |  Time   |   Time   | 
     |-------------------+-------------+----------+-------+---------+----------| 
     | req_sync_q_reg[2] | CK ^        |          |       |  -0.000 |    9.292 | 
     | req_sync_q_reg[2] | CK ^ -> Q ^ | DFFHQX1  | 0.191 |   0.191 |    9.483 | 
     | g7019             | A ^ -> Y v  | INVXL    | 0.050 |   0.241 |    9.534 | 
     | g6964__1617       | B0 v -> Y ^ | AOI211XL | 0.110 |   0.352 |    9.644 | 
     | ack_rank_q_reg[3] | D ^         | DFFQXL   | 0.000 |   0.352 |    9.644 | 
     +-------------------------------------------------------------------------+ 
Path 37: MET Setup Check with Pin ack_rank_q_reg[13]/CK 
Endpoint:   ack_rank_q_reg[13]/D (^) checked with  leading edge of 'clk'
Beginpoint: req_sync_q_reg[11]/Q (^) triggered by  leading edge of 'clk'
Path Groups: {clk}
Analysis View: setup_view
Other End Arrival Time          0.001
- Setup                         0.158
+ Phase Shift                  10.000
- Uncertainty                   0.200
= Required Time                 9.643
- Arrival Time                  0.344
= Slack Time                    9.299
     Clock Rise Edge                 0.000
     + Clock Network Latency (Prop)  -0.000
     = Beginpoint Arrival Time       -0.000
     +--------------------------------------------------------------------------+ 
     |      Instance      |     Arc     |   Cell   | Delay | Arrival | Required | 
     |                    |             |          |       |  Time   |   Time   | 
     |--------------------+-------------+----------+-------+---------+----------| 
     | req_sync_q_reg[11] | CK ^        |          |       |  -0.000 |    9.299 | 
     | req_sync_q_reg[11] | CK ^ -> Q ^ | DFFHQX1  | 0.190 |   0.190 |    9.489 | 
     | g6996              | A ^ -> Y v  | INVXL    | 0.045 |   0.235 |    9.534 | 
     | g6959__5477        | B0 v -> Y ^ | AOI211XL | 0.109 |   0.344 |    9.643 | 
     | ack_rank_q_reg[13] | D ^         | DFFQXL   | 0.000 |   0.344 |    9.643 | 
     +--------------------------------------------------------------------------+ 

