###############################################################
#  Generated by:      Cadence Innovus 23.14-s088_1
#  OS:                Linux x86_64(Host ID <REMOTE_HOST>)
#  Generated on:      Fri Aug 21 04:16:26 2026
#  Design:            aer_pending_direct_gray_sync_core_reset
#  Command:           report_timing -max_paths 50 > [file join $report_dir postroute_hold_timing.rpt]
###############################################################
Path 1: MET Hold Check with Pin req_sync_q_reg[12]/CK 
Endpoint:   req_sync_q_reg[12]/D (v) checked with  leading edge of 'clk'
Beginpoint: req_meta_q_reg[12]/Q (v) triggered by  leading edge of 'clk'
Path Groups: {clk}
Analysis View: hold_view
Other End Arrival Time          0.087
+ Hold                         -0.031
+ Phase Shift                   0.000
+ Uncertainty                   0.200
= Required Time                 0.257
  Arrival Time                  0.266
  Slack Time                    0.009
     Clock Rise Edge                 0.000
     + Clock Network Latency (Prop)  -0.002
     = Beginpoint Arrival Time       -0.002
     +------------------------------------------------------------------------------+ 
     |        Instance        |     Arc     |   Cell   | Delay | Arrival | Required | 
     |                        |             |          |       |  Time   |   Time   | 
     |------------------------+-------------+----------+-------+---------+----------| 
     | req_meta_q_reg[12]     | CK ^        |          |       |  -0.002 |   -0.011 | 
     | req_meta_q_reg[12]     | CK ^ -> Q v | DFFHQX1  | 0.134 |   0.132 |    0.123 | 
     | FE_PHC5_req_meta_q_12  | A v -> Y v  | CLKBUFX1 | 0.067 |   0.199 |    0.190 | 
     | FE_PHC44_req_meta_q_12 | A v -> Y v  | CLKBUFX4 | 0.067 |   0.266 |    0.257 | 
     | req_sync_q_reg[12]     | D v         | DFFX1    | 0.000 |   0.266 |    0.257 | 
     +------------------------------------------------------------------------------+ 
Path 2: MET Hold Check with Pin req_sync_q_reg[6]/CK 
Endpoint:   req_sync_q_reg[6]/D (v) checked with  leading edge of 'clk'
Beginpoint: req_meta_q_reg[6]/Q (v) triggered by  leading edge of 'clk'
Path Groups: {clk}
Analysis View: hold_view
Other End Arrival Time          0.087
+ Hold                         -0.034
+ Phase Shift                   0.000
+ Uncertainty                   0.200
= Required Time                 0.253
  Arrival Time                  0.263
  Slack Time                    0.010
     Clock Rise Edge                 0.000
     + Clock Network Latency (Prop)  -0.002
     = Beginpoint Arrival Time       -0.002
     +-----------------------------------------------------------------------------+ 
     |       Instance        |     Arc     |   Cell   | Delay | Arrival | Required | 
     |                       |             |          |       |  Time   |   Time   | 
     |-----------------------+-------------+----------+-------+---------+----------| 
     | req_meta_q_reg[6]     | CK ^        |          |       |  -0.002 |   -0.013 | 
     | req_meta_q_reg[6]     | CK ^ -> Q v | DFFHQX1  | 0.136 |   0.134 |    0.123 | 
     | FE_PHC17_req_meta_q_6 | A v -> Y v  | CLKBUFX1 | 0.067 |   0.201 |    0.190 | 
     | FE_PHC53_req_meta_q_6 | A v -> Y v  | CLKBUFX1 | 0.062 |   0.263 |    0.253 | 
     | req_sync_q_reg[6]     | D v         | DFFX1    | 0.000 |   0.263 |    0.253 | 
     +-----------------------------------------------------------------------------+ 
Path 3: MET Hold Check with Pin ack_q_reg[3]/CK 
Endpoint:   ack_q_reg[3]/D  (v) checked with  leading edge of 'clk'
Beginpoint: ack_q_reg[3]/QN (^) triggered by  leading edge of 'clk'
Path Groups: {clk}
Analysis View: hold_view
Other End Arrival Time          0.088
+ Hold                         -0.089
+ Phase Shift                   0.000
+ Uncertainty                   0.200
= Required Time                 0.199
  Arrival Time                  0.220
  Slack Time                    0.021
     Clock Rise Edge                 0.000
     + Clock Network Latency (Prop)  0.000
     = Beginpoint Arrival Time       0.000
     +--------------------------------------------------------------------+ 
     |   Instance   |     Arc      |  Cell   | Delay | Arrival | Required | 
     |              |              |         |       |  Time   |   Time   | 
     |--------------+--------------+---------+-------+---------+----------| 
     | ack_q_reg[3] | CK ^         |         |       |   0.000 |   -0.020 | 
     | ack_q_reg[3] | CK ^ -> QN ^ | DFFTRX1 | 0.182 |   0.182 |    0.162 | 
     | g5910__4733  | A0 ^ -> Y v  | AOI21XL | 0.038 |   0.220 |    0.199 | 
     | ack_q_reg[3] | D v          | DFFTRX1 | 0.000 |   0.220 |    0.199 | 
     +--------------------------------------------------------------------+ 
Path 4: MET Hold Check with Pin ack_q_reg[13]/CK 
Endpoint:   ack_q_reg[13]/D  (v) checked with  leading edge of 'clk'
Beginpoint: ack_q_reg[13]/QN (^) triggered by  leading edge of 'clk'
Path Groups: {clk}
Analysis View: hold_view
Other End Arrival Time          0.089
+ Hold                         -0.089
+ Phase Shift                   0.000
+ Uncertainty                   0.200
= Required Time                 0.200
  Arrival Time                  0.221
  Slack Time                    0.021
     Clock Rise Edge                 0.000
     + Clock Network Latency (Prop)  0.001
     = Beginpoint Arrival Time       0.001
     +---------------------------------------------------------------------+ 
     |   Instance    |     Arc      |  Cell   | Delay | Arrival | Required | 
     |               |              |         |       |  Time   |   Time   | 
     |---------------+--------------+---------+-------+---------+----------| 
     | ack_q_reg[13] | CK ^         |         |       |   0.001 |   -0.020 | 
     | ack_q_reg[13] | CK ^ -> QN ^ | DFFTRX1 | 0.179 |   0.180 |    0.159 | 
     | g5904__8246   | A0 ^ -> Y v  | AOI21XL | 0.041 |   0.221 |    0.200 | 
     | ack_q_reg[13] | D v          | DFFTRX1 | 0.000 |   0.221 |    0.200 | 
     +---------------------------------------------------------------------+ 
Path 5: MET Hold Check with Pin ack_q_reg[4]/CK 
Endpoint:   ack_q_reg[4]/D  (v) checked with  leading edge of 'clk'
Beginpoint: ack_q_reg[4]/QN (^) triggered by  leading edge of 'clk'
Path Groups: {clk}
Analysis View: hold_view
Other End Arrival Time          0.089
+ Hold                         -0.090
+ Phase Shift                   0.000
+ Uncertainty                   0.200
= Required Time                 0.199
  Arrival Time                  0.220
  Slack Time                    0.021
     Clock Rise Edge                 0.000
     + Clock Network Latency (Prop)  0.001
     = Beginpoint Arrival Time       0.001
     +--------------------------------------------------------------------+ 
     |   Instance   |     Arc      |  Cell   | Delay | Arrival | Required | 
     |              |              |         |       |  Time   |   Time   | 
     |--------------+--------------+---------+-------+---------+----------| 
     | ack_q_reg[4] | CK ^         |         |       |   0.001 |   -0.020 | 
     | ack_q_reg[4] | CK ^ -> QN ^ | DFFTRX1 | 0.181 |   0.182 |    0.161 | 
     | g5912__1666  | A0 ^ -> Y v  | AOI21XL | 0.039 |   0.220 |    0.199 | 
     | ack_q_reg[4] | D v          | DFFTRX1 | 0.000 |   0.220 |    0.199 | 
     +--------------------------------------------------------------------+ 
Path 6: MET Hold Check with Pin req_sync_q_reg[10]/CK 
Endpoint:   req_sync_q_reg[10]/D (v) checked with  leading edge of 'clk'
Beginpoint: req_meta_q_reg[10]/Q (v) triggered by  leading edge of 'clk'
Path Groups: {clk}
Analysis View: hold_view
Other End Arrival Time          0.087
+ Hold                         -0.032
+ Phase Shift                   0.000
+ Uncertainty                   0.200
= Required Time                 0.254
  Arrival Time                  0.276
  Slack Time                    0.021
     Clock Rise Edge                 0.000
     + Clock Network Latency (Prop)  -0.002
     = Beginpoint Arrival Time       -0.002
     +------------------------------------------------------------------------------+ 
     |        Instance        |     Arc     |   Cell   | Delay | Arrival | Required | 
     |                        |             |          |       |  Time   |   Time   | 
     |------------------------+-------------+----------+-------+---------+----------| 
     | req_meta_q_reg[10]     | CK ^        |          |       |  -0.002 |   -0.024 | 
     | req_meta_q_reg[10]     | CK ^ -> Q v | DFFHQX1  | 0.142 |   0.140 |    0.119 | 
     | FE_PHC12_req_meta_q_10 | A v -> Y v  | BUFX3    | 0.068 |   0.208 |    0.186 | 
     | FE_PHC50_req_meta_q_10 | A v -> Y v  | CLKBUFX3 | 0.068 |   0.276 |    0.254 | 
     | req_sync_q_reg[10]     | D v         | DFFX1    | 0.000 |   0.276 |    0.254 | 
     +------------------------------------------------------------------------------+ 
Path 7: MET Hold Check with Pin ack_q_reg[14]/CK 
Endpoint:   ack_q_reg[14]/D  (v) checked with  leading edge of 'clk'
Beginpoint: ack_q_reg[14]/QN (^) triggered by  leading edge of 'clk'
Path Groups: {clk}
Analysis View: hold_view
Other End Arrival Time          0.087
+ Hold                         -0.089
+ Phase Shift                   0.000
+ Uncertainty                   0.200
= Required Time                 0.198
  Arrival Time                  0.219
  Slack Time                    0.021
     Clock Rise Edge                 0.000
     + Clock Network Latency (Prop)  -0.001
     = Beginpoint Arrival Time       -0.001
     +---------------------------------------------------------------------+ 
     |   Instance    |     Arc      |  Cell   | Delay | Arrival | Required | 
     |               |              |         |       |  Time   |   Time   | 
     |---------------+--------------+---------+-------+---------+----------| 
     | ack_q_reg[14] | CK ^         |         |       |  -0.001 |   -0.022 | 
     | ack_q_reg[14] | CK ^ -> QN ^ | DFFTRX1 | 0.182 |   0.181 |    0.159 | 
     | g5908__5115   | A0 ^ -> Y v  | AOI21XL | 0.039 |   0.219 |    0.198 | 
     | ack_q_reg[14] | D v          | DFFTRX1 | 0.000 |   0.219 |    0.198 | 
     +---------------------------------------------------------------------+ 
Path 8: MET Hold Check with Pin ack_q_reg[11]/CK 
Endpoint:   ack_q_reg[11]/D  (v) checked with  leading edge of 'clk'
Beginpoint: ack_q_reg[11]/QN (^) triggered by  leading edge of 'clk'
Path Groups: {clk}
Analysis View: hold_view
Other End Arrival Time          0.087
+ Hold                         -0.089
+ Phase Shift                   0.000
+ Uncertainty                   0.200
= Required Time                 0.198
  Arrival Time                  0.220
  Slack Time                    0.022
     Clock Rise Edge                 0.000
     + Clock Network Latency (Prop)  -0.001
     = Beginpoint Arrival Time       -0.001
     +---------------------------------------------------------------------+ 
     |   Instance    |     Arc      |  Cell   | Delay | Arrival | Required | 
     |               |              |         |       |  Time   |   Time   | 
     |---------------+--------------+---------+-------+---------+----------| 
     | ack_q_reg[11] | CK ^         |         |       |  -0.001 |   -0.023 | 
     | ack_q_reg[11] | CK ^ -> QN ^ | DFFTRX1 | 0.181 |   0.180 |    0.159 | 
     | g5919__9315   | A0 ^ -> Y v  | AOI21XL | 0.040 |   0.220 |    0.198 | 
     | ack_q_reg[11] | D v          | DFFTRX1 | 0.000 |   0.220 |    0.198 | 
     +---------------------------------------------------------------------+ 
Path 9: MET Hold Check with Pin ack_q_reg[6]/CK 
Endpoint:   ack_q_reg[6]/D  (v) checked with  leading edge of 'clk'
Beginpoint: ack_q_reg[6]/QN (^) triggered by  leading edge of 'clk'
Path Groups: {clk}
Analysis View: hold_view
Other End Arrival Time          0.089
+ Hold                         -0.089
+ Phase Shift                   0.000
+ Uncertainty                   0.200
= Required Time                 0.199
  Arrival Time                  0.222
  Slack Time                    0.022
     Clock Rise Edge                 0.000
     + Clock Network Latency (Prop)  0.001
     = Beginpoint Arrival Time       0.001
     +--------------------------------------------------------------------+ 
     |   Instance   |     Arc      |  Cell   | Delay | Arrival | Required | 
     |              |              |         |       |  Time   |   Time   | 
     |--------------+--------------+---------+-------+---------+----------| 
     | ack_q_reg[6] | CK ^         |         |       |   0.001 |   -0.022 | 
     | ack_q_reg[6] | CK ^ -> QN ^ | DFFTRX1 | 0.183 |   0.183 |    0.161 | 
     | g5914__2883  | A0 ^ -> Y v  | AOI21XL | 0.039 |   0.222 |    0.199 | 
     | ack_q_reg[6] | D v          | DFFTRX1 | 0.000 |   0.222 |    0.199 | 
     +--------------------------------------------------------------------+ 
Path 10: MET Hold Check with Pin ack_q_reg[12]/CK 
Endpoint:   ack_q_reg[12]/D  (v) checked with  leading edge of 'clk'
Beginpoint: ack_q_reg[12]/QN (^) triggered by  leading edge of 'clk'
Path Groups: {clk}
Analysis View: hold_view
Other End Arrival Time          0.089
+ Hold                         -0.089
+ Phase Shift                   0.000
+ Uncertainty                   0.200
= Required Time                 0.200
  Arrival Time                  0.223
  Slack Time                    0.022
     Clock Rise Edge                 0.000
     + Clock Network Latency (Prop)  0.001
     = Beginpoint Arrival Time       0.001
     +---------------------------------------------------------------------+ 
     |   Instance    |     Arc      |  Cell   | Delay | Arrival | Required | 
     |               |              |         |       |  Time   |   Time   | 
     |---------------+--------------+---------+-------+---------+----------| 
     | ack_q_reg[12] | CK ^         |         |       |   0.001 |   -0.022 | 
     | ack_q_reg[12] | CK ^ -> QN ^ | DFFTRX1 | 0.182 |   0.182 |    0.160 | 
     | g5909__7482   | A0 ^ -> Y v  | AOI21XL | 0.040 |   0.223 |    0.200 | 
     | ack_q_reg[12] | D v          | DFFTRX1 | 0.000 |   0.223 |    0.200 | 
     +---------------------------------------------------------------------+ 
Path 11: MET Hold Check with Pin ack_q_reg[7]/CK 
Endpoint:   ack_q_reg[7]/D  (v) checked with  leading edge of 'clk'
Beginpoint: ack_q_reg[7]/QN (^) triggered by  leading edge of 'clk'
Path Groups: {clk}
Analysis View: hold_view
Other End Arrival Time          0.089
+ Hold                         -0.090
+ Phase Shift                   0.000
+ Uncertainty                   0.200
= Required Time                 0.199
  Arrival Time                  0.222
  Slack Time                    0.023
     Clock Rise Edge                 0.000
     + Clock Network Latency (Prop)  0.001
     = Beginpoint Arrival Time       0.001
     +--------------------------------------------------------------------+ 
     |   Instance   |     Arc      |  Cell   | Delay | Arrival | Required | 
     |              |              |         |       |  Time   |   Time   | 
     |--------------+--------------+---------+-------+---------+----------| 
     | ack_q_reg[7] | CK ^         |         |       |   0.001 |   -0.022 | 
     | ack_q_reg[7] | CK ^ -> QN ^ | DFFTRX1 | 0.181 |   0.182 |    0.159 | 
     | g5913__9945  | A0 ^ -> Y v  | AOI21XL | 0.040 |   0.222 |    0.199 | 
     | ack_q_reg[7] | D v          | DFFTRX1 | 0.000 |   0.222 |    0.199 | 
     +--------------------------------------------------------------------+ 
Path 12: MET Hold Check with Pin pending_q_reg[10]/CK 
Endpoint:   pending_q_reg[10]/D (^) checked with  leading edge of 'clk'
Beginpoint: pending_q_reg[10]/Q (^) triggered by  leading edge of 'clk'
Path Groups: {clk}
Analysis View: hold_view
Other End Arrival Time          0.087
+ Hold                         -0.032
+ Phase Shift                   0.000
+ Uncertainty                   0.200
= Required Time                 0.255
  Arrival Time                  0.278
  Slack Time                    0.023
     Clock Rise Edge                 0.000
     + Clock Network Latency (Prop)  -0.001
     = Beginpoint Arrival Time       -0.001
     +--------------------------------------------------------------------------+ 
     |     Instance      |     Arc     |   Cell    | Delay | Arrival | Required | 
     |                   |             |           |       |  Time   |   Time   | 
     |-------------------+-------------+-----------+-------+---------+----------| 
     | pending_q_reg[10] | CK ^        |           |       |  -0.001 |   -0.025 | 
     | pending_q_reg[10] | CK ^ -> Q ^ | DFFHQX1   | 0.166 |   0.165 |    0.141 | 
     | g5873__7482       | B0 ^ -> Y v | AOI2BB1X1 | 0.054 |   0.219 |    0.196 | 
     | g5745__8428       | B0 v -> Y ^ | AOI21XL   | 0.059 |   0.278 |    0.255 | 
     | pending_q_reg[10] | D ^         | DFFHQX1   | 0.000 |   0.278 |    0.255 | 
     +--------------------------------------------------------------------------+ 
Path 13: MET Hold Check with Pin req_sync_q_reg[11]/CK 
Endpoint:   req_sync_q_reg[11]/D (v) checked with  leading edge of 'clk'
Beginpoint: req_meta_q_reg[11]/Q (v) triggered by  leading edge of 'clk'
Path Groups: {clk}
Analysis View: hold_view
Other End Arrival Time          0.087
+ Hold                         -0.031
+ Phase Shift                   0.000
+ Uncertainty                   0.200
= Required Time                 0.256
  Arrival Time                  0.280
  Slack Time                    0.024
     Clock Rise Edge                 0.000
     + Clock Network Latency (Prop)  -0.001
     = Beginpoint Arrival Time       -0.001
     +------------------------------------------------------------------------------+ 
     |        Instance        |     Arc     |   Cell   | Delay | Arrival | Required | 
     |                        |             |          |       |  Time   |   Time   | 
     |------------------------+-------------+----------+-------+---------+----------| 
     | req_meta_q_reg[11]     | CK ^        |          |       |  -0.001 |   -0.025 | 
     | req_meta_q_reg[11]     | CK ^ -> Q v | DFFHQX1  | 0.136 |   0.135 |    0.111 | 
     | FE_PHC8_req_meta_q_11  | A v -> Y v  | CLKBUFX1 | 0.075 |   0.210 |    0.186 | 
     | FE_PHC45_req_meta_q_11 | A v -> Y v  | CLKBUFX4 | 0.070 |   0.280 |    0.256 | 
     | req_sync_q_reg[11]     | D v         | DFFX1    | 0.000 |   0.280 |    0.256 | 
     +------------------------------------------------------------------------------+ 
Path 14: MET Hold Check with Pin ack_q_reg[8]/CK 
Endpoint:   ack_q_reg[8]/D  (v) checked with  leading edge of 'clk'
Beginpoint: ack_q_reg[8]/QN (^) triggered by  leading edge of 'clk'
Path Groups: {clk}
Analysis View: hold_view
Other End Arrival Time          0.088
+ Hold                         -0.090
+ Phase Shift                   0.000
+ Uncertainty                   0.200
= Required Time                 0.198
  Arrival Time                  0.222
  Slack Time                    0.024
     Clock Rise Edge                 0.000
     + Clock Network Latency (Prop)  -0.000
     = Beginpoint Arrival Time       -0.000
     +--------------------------------------------------------------------+ 
     |   Instance   |     Arc      |  Cell   | Delay | Arrival | Required | 
     |              |              |         |       |  Time   |   Time   | 
     |--------------+--------------+---------+-------+---------+----------| 
     | ack_q_reg[8] | CK ^         |         |       |  -0.000 |   -0.024 | 
     | ack_q_reg[8] | CK ^ -> QN ^ | DFFTRX1 | 0.178 |   0.178 |    0.154 | 
     | g5915__2346  | A0 ^ -> Y v  | AOI21XL | 0.045 |   0.222 |    0.198 | 
     | ack_q_reg[8] | D v          | DFFTRX1 | 0.000 |   0.222 |    0.198 | 
     +--------------------------------------------------------------------+ 
Path 15: MET Hold Check with Pin reset_release_q_reg[1]/CK 
Endpoint:   reset_release_q_reg[1]/D (v) checked with  leading edge of 'clk'
Beginpoint: reset_release_q_reg[0]/Q (v) triggered by  leading edge of 'clk'
Path Groups: {clk}
Analysis View: hold_view
Other End Arrival Time          0.084
+ Hold                         -0.033
+ Phase Shift                   0.000
+ Uncertainty                   0.200
= Required Time                 0.250
  Arrival Time                  0.275
  Slack Time                    0.025
     Clock Rise Edge                 0.000
     + Clock Network Latency (Prop)  -0.004
     = Beginpoint Arrival Time       -0.004
     +----------------------------------------------------------------------------------+ 
     |          Instance          |     Arc     |   Cell   | Delay | Arrival | Required | 
     |                            |             |          |       |  Time   |   Time   | 
     |----------------------------+-------------+----------+-------+---------+----------| 
     | reset_release_q_reg[0]     | CK ^        |          |       |  -0.004 |   -0.029 | 
     | reset_release_q_reg[0]     | CK ^ -> Q v | DFFRHQX1 | 0.142 |   0.138 |    0.113 | 
     | FE_PHC18_reset_release_q_0 | A v -> Y v  | CLKBUFX1 | 0.069 |   0.207 |    0.182 | 
     | FE_PHC58_reset_release_q_0 | A v -> Y v  | CLKBUFX1 | 0.068 |   0.275 |    0.250 | 
     | reset_release_q_reg[1]     | D v         | DFFRHQX1 | 0.000 |   0.275 |    0.250 | 
     +----------------------------------------------------------------------------------+ 
Path 16: MET Hold Check with Pin ack_q_reg[2]/CK 
Endpoint:   ack_q_reg[2]/D  (v) checked with  leading edge of 'clk'
Beginpoint: ack_q_reg[2]/QN (^) triggered by  leading edge of 'clk'
Path Groups: {clk}
Analysis View: hold_view
Other End Arrival Time          0.089
+ Hold                         -0.090
+ Phase Shift                   0.000
+ Uncertainty                   0.200
= Required Time                 0.198
  Arrival Time                  0.223
  Slack Time                    0.025
     Clock Rise Edge                 0.000
     + Clock Network Latency (Prop)  0.001
     = Beginpoint Arrival Time       0.001
     +--------------------------------------------------------------------+ 
     |   Instance   |     Arc      |  Cell   | Delay | Arrival | Required | 
     |              |              |         |       |  Time   |   Time   | 
     |--------------+--------------+---------+-------+---------+----------| 
     | ack_q_reg[2] | CK ^         |         |       |   0.001 |   -0.024 | 
     | ack_q_reg[2] | CK ^ -> QN ^ | DFFTRX1 | 0.183 |   0.184 |    0.159 | 
     | g5906__6131  | A0 ^ -> Y v  | AOI21XL | 0.039 |   0.223 |    0.198 | 
     | ack_q_reg[2] | D v          | DFFTRX1 | 0.000 |   0.223 |    0.198 | 
     +--------------------------------------------------------------------+ 
Path 17: MET Hold Check with Pin req_sync_q_reg[1]/CK 
Endpoint:   req_sync_q_reg[1]/D (v) checked with  leading edge of 'clk'
Beginpoint: req_meta_q_reg[1]/Q (v) triggered by  leading edge of 'clk'
Path Groups: {clk}
Analysis View: hold_view
Other End Arrival Time          0.087
+ Hold                         -0.030
+ Phase Shift                   0.000
+ Uncertainty                   0.200
= Required Time                 0.256
  Arrival Time                  0.282
  Slack Time                    0.026
     Clock Rise Edge                 0.000
     + Clock Network Latency (Prop)  -0.002
     = Beginpoint Arrival Time       -0.002
     +-----------------------------------------------------------------------------+ 
     |       Instance        |     Arc     |   Cell   | Delay | Arrival | Required | 
     |                       |             |          |       |  Time   |   Time   | 
     |-----------------------+-------------+----------+-------+---------+----------| 
     | req_meta_q_reg[1]     | CK ^        |          |       |  -0.002 |   -0.028 | 
     | req_meta_q_reg[1]     | CK ^ -> Q v | DFFHQX1  | 0.134 |   0.132 |    0.106 | 
     | FE_PHC6_req_meta_q_1  | A v -> Y v  | CLKBUFX1 | 0.083 |   0.215 |    0.189 | 
     | FE_PHC47_req_meta_q_1 | A v -> Y v  | CLKBUFX8 | 0.067 |   0.282 |    0.256 | 
     | req_sync_q_reg[1]     | D v         | DFFX1    | 0.000 |   0.282 |    0.256 | 
     +-----------------------------------------------------------------------------+ 
Path 18: MET Hold Check with Pin pending_q_reg[5]/CK 
Endpoint:   pending_q_reg[5]/D (^) checked with  leading edge of 'clk'
Beginpoint: pending_q_reg[5]/Q (^) triggered by  leading edge of 'clk'
Path Groups: {clk}
Analysis View: hold_view
Other End Arrival Time          0.089
+ Hold                         -0.032
+ Phase Shift                   0.000
+ Uncertainty                   0.200
= Required Time                 0.257
  Arrival Time                  0.283
  Slack Time                    0.026
     Clock Rise Edge                 0.000
     + Clock Network Latency (Prop)  0.001
     = Beginpoint Arrival Time       0.001
     +-------------------------------------------------------------------------+ 
     |     Instance     |     Arc     |   Cell    | Delay | Arrival | Required | 
     |                  |             |           |       |  Time   |   Time   | 
     |------------------+-------------+-----------+-------+---------+----------| 
     | pending_q_reg[5] | CK ^        |           |       |   0.001 |   -0.025 | 
     | pending_q_reg[5] | CK ^ -> Q ^ | DFFHQX1   | 0.168 |   0.169 |    0.143 | 
     | g5878__9945      | B0 ^ -> Y v | AOI2BB1X1 | 0.056 |   0.225 |    0.198 | 
     | g5751__5122      | B0 v -> Y ^ | AOI21XL   | 0.059 |   0.283 |    0.257 | 
     | pending_q_reg[5] | D ^         | DFFHQX1   | 0.000 |   0.283 |    0.257 | 
     +-------------------------------------------------------------------------+ 
Path 19: MET Hold Check with Pin req_sync_q_reg[4]/CK 
Endpoint:   req_sync_q_reg[4]/D (v) checked with  leading edge of 'clk'
Beginpoint: req_meta_q_reg[4]/Q (v) triggered by  leading edge of 'clk'
Path Groups: {clk}
Analysis View: hold_view
Other End Arrival Time          0.087
+ Hold                         -0.034
+ Phase Shift                   0.000
+ Uncertainty                   0.200
= Required Time                 0.253
  Arrival Time                  0.280
  Slack Time                    0.027
     Clock Rise Edge                 0.000
     + Clock Network Latency (Prop)  -0.003
     = Beginpoint Arrival Time       -0.003
     +-----------------------------------------------------------------------------+ 
     |       Instance        |     Arc     |   Cell   | Delay | Arrival | Required | 
     |                       |             |          |       |  Time   |   Time   | 
     |-----------------------+-------------+----------+-------+---------+----------| 
     | req_meta_q_reg[4]     | CK ^        |          |       |  -0.003 |   -0.030 | 
     | req_meta_q_reg[4]     | CK ^ -> Q v | DFFHQX1  | 0.143 |   0.140 |    0.113 | 
     | FE_PHC10_req_meta_q_4 | A v -> Y v  | CLKBUFX1 | 0.077 |   0.217 |    0.190 | 
     | FE_PHC36_req_meta_q_4 | A v -> Y v  | CLKBUFX1 | 0.064 |   0.280 |    0.253 | 
     | req_sync_q_reg[4]     | D v         | DFFX1    | 0.000 |   0.280 |    0.253 | 
     +-----------------------------------------------------------------------------+ 
Path 20: MET Hold Check with Pin req_sync_q_reg[0]/CK 
Endpoint:   req_sync_q_reg[0]/D (v) checked with  leading edge of 'clk'
Beginpoint: req_meta_q_reg[0]/Q (v) triggered by  leading edge of 'clk'
Path Groups: {clk}
Analysis View: hold_view
Other End Arrival Time          0.086
+ Hold                         -0.031
+ Phase Shift                   0.000
+ Uncertainty                   0.200
= Required Time                 0.256
  Arrival Time                  0.285
  Slack Time                    0.030
     Clock Rise Edge                 0.000
     + Clock Network Latency (Prop)  -0.003
     = Beginpoint Arrival Time       -0.003
     +-----------------------------------------------------------------------------+ 
     |       Instance        |     Arc     |   Cell   | Delay | Arrival | Required | 
     |                       |             |          |       |  Time   |   Time   | 
     |-----------------------+-------------+----------+-------+---------+----------| 
     | req_meta_q_reg[0]     | CK ^        |          |       |  -0.003 |   -0.033 | 
     | req_meta_q_reg[0]     | CK ^ -> Q v | DFFHQX1  | 0.132 |   0.128 |    0.099 | 
     | FE_PHC2_req_meta_q_0  | A v -> Y v  | CLKBUFX1 | 0.087 |   0.215 |    0.185 | 
     | FE_PHC52_req_meta_q_0 | A v -> Y v  | CLKBUFX8 | 0.070 |   0.285 |    0.256 | 
     | req_sync_q_reg[0]     | D v         | DFFX1    | 0.000 |   0.285 |    0.256 | 
     +-----------------------------------------------------------------------------+ 
Path 21: MET Hold Check with Pin pending_q_reg[6]/CK 
Endpoint:   pending_q_reg[6]/D (^) checked with  leading edge of 'clk'
Beginpoint: pending_q_reg[6]/Q (^) triggered by  leading edge of 'clk'
Path Groups: {clk}
Analysis View: hold_view
Other End Arrival Time          0.089
+ Hold                         -0.033
+ Phase Shift                   0.000
+ Uncertainty                   0.200
= Required Time                 0.256
  Arrival Time                  0.286
  Slack Time                    0.030
     Clock Rise Edge                 0.000
     + Clock Network Latency (Prop)  0.001
     = Beginpoint Arrival Time       0.001
     +-------------------------------------------------------------------------+ 
     |     Instance     |     Arc     |   Cell    | Delay | Arrival | Required | 
     |                  |             |           |       |  Time   |   Time   | 
     |------------------+-------------+-----------+-------+---------+----------| 
     | pending_q_reg[6] | CK ^        |           |       |   0.001 |   -0.030 | 
     | pending_q_reg[6] | CK ^ -> Q ^ | DFFHQX1   | 0.169 |   0.169 |    0.139 | 
     | g5884__6783      | B0 ^ -> Y v | AOI2BB1X1 | 0.063 |   0.232 |    0.202 | 
     | g5757__6260      | B0 v -> Y ^ | AOI21XL   | 0.054 |   0.286 |    0.256 | 
     | pending_q_reg[6] | D ^         | DFFHQX1   | 0.000 |   0.286 |    0.256 | 
     +-------------------------------------------------------------------------+ 
Path 22: MET Hold Check with Pin ack_q_reg[0]/CK 
Endpoint:   ack_q_reg[0]/D  (v) checked with  leading edge of 'clk'
Beginpoint: ack_q_reg[0]/QN (^) triggered by  leading edge of 'clk'
Path Groups: {clk}
Analysis View: hold_view
Other End Arrival Time          0.089
+ Hold                         -0.091
+ Phase Shift                   0.000
+ Uncertainty                   0.200
= Required Time                 0.198
  Arrival Time                  0.228
  Slack Time                    0.030
     Clock Rise Edge                 0.000
     + Clock Network Latency (Prop)  0.001
     = Beginpoint Arrival Time       0.001
     +--------------------------------------------------------------------+ 
     |   Instance   |     Arc      |  Cell   | Delay | Arrival | Required | 
     |              |              |         |       |  Time   |   Time   | 
     |--------------+--------------+---------+-------+---------+----------| 
     | ack_q_reg[0] | CK ^         |         |       |   0.001 |   -0.030 | 
     | ack_q_reg[0] | CK ^ -> QN ^ | DFFTRX1 | 0.185 |   0.186 |    0.156 | 
     | g5911__5122  | A0 ^ -> Y v  | AOI21XL | 0.042 |   0.228 |    0.198 | 
     | ack_q_reg[0] | D v          | DFFTRX1 | 0.000 |   0.228 |    0.198 | 
     +--------------------------------------------------------------------+ 
Path 23: MET Hold Check with Pin pending_q_reg[3]/CK 
Endpoint:   pending_q_reg[3]/D (^) checked with  leading edge of 'clk'
Beginpoint: pending_q_reg[3]/Q (^) triggered by  leading edge of 'clk'
Path Groups: {clk}
Analysis View: hold_view
Other End Arrival Time          0.089
+ Hold                         -0.032
+ Phase Shift                   0.000
+ Uncertainty                   0.200
= Required Time                 0.256
  Arrival Time                  0.289
  Slack Time                    0.033
     Clock Rise Edge                 0.000
     + Clock Network Latency (Prop)  0.000
     = Beginpoint Arrival Time       0.000
     +-------------------------------------------------------------------------+ 
     |     Instance     |     Arc     |   Cell    | Delay | Arrival | Required | 
     |                  |             |           |       |  Time   |   Time   | 
     |------------------+-------------+-----------+-------+---------+----------| 
     | pending_q_reg[3] | CK ^        |           |       |   0.000 |   -0.032 | 
     | pending_q_reg[3] | CK ^ -> Q ^ | DFFHQX1   | 0.171 |   0.171 |    0.139 | 
     | g5877__9315      | B0 ^ -> Y v | AOI2BB1X1 | 0.058 |   0.229 |    0.196 | 
     | g5753__8246      | B0 v -> Y ^ | AOI21XL   | 0.060 |   0.289 |    0.256 | 
     | pending_q_reg[3] | D ^         | DFFHQX1   | 0.000 |   0.289 |    0.256 | 
     +-------------------------------------------------------------------------+ 
Path 24: MET Hold Check with Pin pending_q_reg[14]/CK 
Endpoint:   pending_q_reg[14]/D (^) checked with  leading edge of 'clk'
Beginpoint: pending_q_reg[14]/Q (^) triggered by  leading edge of 'clk'
Path Groups: {clk}
Analysis View: hold_view
Other End Arrival Time          0.087
+ Hold                         -0.032
+ Phase Shift                   0.000
+ Uncertainty                   0.200
= Required Time                 0.255
  Arrival Time                  0.288
  Slack Time                    0.034
     Clock Rise Edge                 0.000
     + Clock Network Latency (Prop)  -0.001
     = Beginpoint Arrival Time       -0.001
     +--------------------------------------------------------------------------+ 
     |     Instance      |     Arc     |   Cell    | Delay | Arrival | Required | 
     |                   |             |           |       |  Time   |   Time   | 
     |-------------------+-------------+-----------+-------+---------+----------| 
     | pending_q_reg[14] | CK ^        |           |       |  -0.001 |   -0.035 | 
     | pending_q_reg[14] | CK ^ -> Q ^ | DFFHQX1   | 0.172 |   0.171 |    0.137 | 
     | g5870__6131       | B0 ^ -> Y v | AOI2BB1X1 | 0.058 |   0.228 |    0.195 | 
     | g5749__4319       | B0 v -> Y ^ | AOI21XL   | 0.060 |   0.288 |    0.255 | 
     | pending_q_reg[14] | D ^         | DFFHQX1   | 0.000 |   0.288 |    0.255 | 
     +--------------------------------------------------------------------------+ 
Path 25: MET Hold Check with Pin req_sync_q_reg[3]/CK 
Endpoint:   req_sync_q_reg[3]/D (v) checked with  leading edge of 'clk'
Beginpoint: req_meta_q_reg[3]/Q (v) triggered by  leading edge of 'clk'
Path Groups: {clk}
Analysis View: hold_view
Other End Arrival Time          0.085
+ Hold                         -0.030
+ Phase Shift                   0.000
+ Uncertainty                   0.200
= Required Time                 0.255
  Arrival Time                  0.289
  Slack Time                    0.034
     Clock Rise Edge                 0.000
     + Clock Network Latency (Prop)  -0.003
     = Beginpoint Arrival Time       -0.003
     +-----------------------------------------------------------------------------+ 
     |       Instance        |     Arc     |   Cell   | Delay | Arrival | Required | 
     |                       |             |          |       |  Time   |   Time   | 
     |-----------------------+-------------+----------+-------+---------+----------| 
     | req_meta_q_reg[3]     | CK ^        |          |       |  -0.003 |   -0.037 | 
     | req_meta_q_reg[3]     | CK ^ -> Q v | DFFHQX1  | 0.132 |   0.129 |    0.095 | 
     | FE_PHC4_req_meta_q_3  | A v -> Y v  | CLKBUFX1 | 0.090 |   0.219 |    0.185 | 
     | FE_PHC51_req_meta_q_3 | A v -> Y v  | CLKBUFX8 | 0.070 |   0.289 |    0.255 | 
     | req_sync_q_reg[3]     | D v         | DFFX1    | 0.000 |   0.289 |    0.255 | 
     +-----------------------------------------------------------------------------+ 
Path 26: MET Hold Check with Pin pending_q_reg[2]/CK 
Endpoint:   pending_q_reg[2]/D (^) checked with  leading edge of 'clk'
Beginpoint: pending_q_reg[2]/Q (^) triggered by  leading edge of 'clk'
Path Groups: {clk}
Analysis View: hold_view
Other End Arrival Time          0.089
+ Hold                         -0.033
+ Phase Shift                   0.000
+ Uncertainty                   0.200
= Required Time                 0.256
  Arrival Time                  0.291
  Slack Time                    0.035
     Clock Rise Edge                 0.000
     + Clock Network Latency (Prop)  0.001
     = Beginpoint Arrival Time       0.001
     +-------------------------------------------------------------------------+ 
     |     Instance     |     Arc     |   Cell    | Delay | Arrival | Required | 
     |                  |             |           |       |  Time   |   Time   | 
     |------------------+-------------+-----------+-------+---------+----------| 
     | pending_q_reg[2] | CK ^        |           |       |   0.001 |   -0.035 | 
     | pending_q_reg[2] | CK ^ -> Q ^ | DFFHQX1   | 0.170 |   0.170 |    0.135 | 
     | g5880__8428      | B0 ^ -> Y v | AOI2BB1X1 | 0.066 |   0.237 |    0.201 | 
     | g5755__5526      | B0 v -> Y ^ | AOI21XL   | 0.055 |   0.291 |    0.256 | 
     | pending_q_reg[2] | D ^         | DFFHQX1   | 0.000 |   0.291 |    0.256 | 
     +-------------------------------------------------------------------------+ 
Path 27: MET Hold Check with Pin pending_q_reg[12]/CK 
Endpoint:   pending_q_reg[12]/D (^) checked with  leading edge of 'clk'
Beginpoint: pending_q_reg[12]/Q (^) triggered by  leading edge of 'clk'
Path Groups: {clk}
Analysis View: hold_view
Other End Arrival Time          0.089
+ Hold                         -0.032
+ Phase Shift                   0.000
+ Uncertainty                   0.200
= Required Time                 0.257
  Arrival Time                  0.292
  Slack Time                    0.035
     Clock Rise Edge                 0.000
     + Clock Network Latency (Prop)  0.001
     = Beginpoint Arrival Time       0.001
     +--------------------------------------------------------------------------+ 
     |     Instance      |     Arc     |   Cell    | Delay | Arrival | Required | 
     |                   |             |           |       |  Time   |   Time   | 
     |-------------------+-------------+-----------+-------+---------+----------| 
     | pending_q_reg[12] | CK ^        |           |       |   0.001 |   -0.034 | 
     | pending_q_reg[12] | CK ^ -> Q ^ | DFFHQX1   | 0.174 |   0.175 |    0.140 | 
     | g5872__5115       | B0 ^ -> Y v | AOI2BB1X1 | 0.057 |   0.232 |    0.197 | 
     | g5746__2398       | B0 v -> Y ^ | AOI21XL   | 0.060 |   0.292 |    0.257 | 
     | pending_q_reg[12] | D ^         | DFFHQX1   | 0.000 |   0.292 |    0.257 | 
     +--------------------------------------------------------------------------+ 
Path 28: MET Hold Check with Pin pending_q_reg[0]/CK 
Endpoint:   pending_q_reg[0]/D (^) checked with  leading edge of 'clk'
Beginpoint: pending_q_reg[0]/Q (^) triggered by  leading edge of 'clk'
Path Groups: {clk}
Analysis View: hold_view
Other End Arrival Time          0.089
+ Hold                         -0.033
+ Phase Shift                   0.000
+ Uncertainty                   0.200
= Required Time                 0.257
  Arrival Time                  0.294
  Slack Time                    0.037
     Clock Rise Edge                 0.000
     + Clock Network Latency (Prop)  0.001
     = Beginpoint Arrival Time       0.001
     +-------------------------------------------------------------------------+ 
     |     Instance     |     Arc     |   Cell    | Delay | Arrival | Required | 
     |                  |             |           |       |  Time   |   Time   | 
     |------------------+-------------+-----------+-------+---------+----------| 
     | pending_q_reg[0] | CK ^        |           |       |   0.001 |   -0.036 | 
     | pending_q_reg[0] | CK ^ -> Q ^ | DFFHQX1   | 0.177 |   0.178 |    0.141 | 
     | g5883__3680      | B0 ^ -> Y v | AOI2BB1X1 | 0.060 |   0.238 |    0.201 | 
     | g5756__3680      | B0 v -> Y ^ | AOI21XL   | 0.055 |   0.294 |    0.257 | 
     | pending_q_reg[0] | D ^         | DFFHQX1   | 0.000 |   0.294 |    0.257 | 
     +-------------------------------------------------------------------------+ 
Path 29: MET Hold Check with Pin pending_q_reg[13]/CK 
Endpoint:   pending_q_reg[13]/D (^) checked with  leading edge of 'clk'
Beginpoint: pending_q_reg[13]/Q (^) triggered by  leading edge of 'clk'
Path Groups: {clk}
Analysis View: hold_view
Other End Arrival Time          0.089
+ Hold                         -0.032
+ Phase Shift                   0.000
+ Uncertainty                   0.200
= Required Time                 0.257
  Arrival Time                  0.295
  Slack Time                    0.039
     Clock Rise Edge                 0.000
     + Clock Network Latency (Prop)  0.001
     = Beginpoint Arrival Time       0.001
     +--------------------------------------------------------------------------+ 
     |     Instance      |     Arc     |   Cell    | Delay | Arrival | Required | 
     |                   |             |           |       |  Time   |   Time   | 
     |-------------------+-------------+-----------+-------+---------+----------| 
     | pending_q_reg[13] | CK ^        |           |       |   0.001 |   -0.038 | 
     | pending_q_reg[13] | CK ^ -> Q ^ | DFFHQX1   | 0.175 |   0.176 |    0.137 | 
     | g5871__1881       | B0 ^ -> Y v | AOI2BB1X1 | 0.060 |   0.236 |    0.197 | 
     | g5748__2802       | B0 v -> Y ^ | AOI21XL   | 0.060 |   0.295 |    0.257 | 
     | pending_q_reg[13] | D ^         | DFFHQX1   | 0.000 |   0.295 |    0.257 | 
     +--------------------------------------------------------------------------+ 
Path 30: MET Hold Check with Pin pending_q_reg[11]/CK 
Endpoint:   pending_q_reg[11]/D (^) checked with  leading edge of 'clk'
Beginpoint: pending_q_reg[11]/Q (^) triggered by  leading edge of 'clk'
Path Groups: {clk}
Analysis View: hold_view
Other End Arrival Time          0.088
+ Hold                         -0.032
+ Phase Shift                   0.000
+ Uncertainty                   0.200
= Required Time                 0.256
  Arrival Time                  0.297
  Slack Time                    0.042
     Clock Rise Edge                 0.000
     + Clock Network Latency (Prop)  -0.000
     = Beginpoint Arrival Time       -0.000
     +--------------------------------------------------------------------------+ 
     |     Instance      |     Arc     |   Cell    | Delay | Arrival | Required | 
     |                   |             |           |       |  Time   |   Time   | 
     |-------------------+-------------+-----------+-------+---------+----------| 
     | pending_q_reg[11] | CK ^        |           |       |  -0.000 |   -0.042 | 
     | pending_q_reg[11] | CK ^ -> Q ^ | DFFHQX1   | 0.175 |   0.175 |    0.133 | 
     | g5868__2883       | B0 ^ -> Y v | AOI2BB1X1 | 0.059 |   0.234 |    0.192 | 
     | g5743__1881       | B0 v -> Y ^ | AOI21XL   | 0.064 |   0.297 |    0.256 | 
     | pending_q_reg[11] | D ^         | DFFHQX1   | 0.000 |   0.297 |    0.256 | 
     +--------------------------------------------------------------------------+ 
Path 31: MET Hold Check with Pin pending_q_reg[9]/CK 
Endpoint:   pending_q_reg[9]/D (^) checked with  leading edge of 'clk'
Beginpoint: pending_q_reg[9]/Q (^) triggered by  leading edge of 'clk'
Path Groups: {clk}
Analysis View: hold_view
Other End Arrival Time          0.088
+ Hold                         -0.031
+ Phase Shift                   0.000
+ Uncertainty                   0.200
= Required Time                 0.257
  Arrival Time                  0.299
  Slack Time                    0.042
     Clock Rise Edge                 0.000
     + Clock Network Latency (Prop)  0.000
     = Beginpoint Arrival Time       0.000
     +-------------------------------------------------------------------------+ 
     |     Instance     |     Arc     |   Cell    | Delay | Arrival | Required | 
     |                  |             |           |       |  Time   |   Time   | 
     |------------------+-------------+-----------+-------+---------+----------| 
     | pending_q_reg[9] | CK ^        |           |       |   0.000 |   -0.042 | 
     | pending_q_reg[9] | CK ^ -> Q ^ | DFFHQX1   | 0.164 |   0.165 |    0.123 | 
     | g5874__4733      | B0 ^ -> Y v | AOI2BB1X1 | 0.058 |   0.223 |    0.181 | 
     | g5744__6131      | B0 v -> Y ^ | AOI21XL   | 0.076 |   0.299 |    0.257 | 
     | pending_q_reg[9] | D ^         | DFFHQX1   | 0.000 |   0.299 |    0.257 | 
     +-------------------------------------------------------------------------+ 
Path 32: MET Removal Check with Pin reset_release_q_reg[1]/CK 
Endpoint:   reset_release_q_reg[1]/RN (^) checked with  leading edge of 'clk'
Beginpoint: rst_n                     (^) triggered by  leading edge of '@'
Path Groups: {async_default}
Analysis View: hold_view
Other End Arrival Time          0.084
+ Removal                      -0.031
+ Phase Shift                   0.000
+ Uncertainty                   0.200
= Required Time                 0.252
  Arrival Time                  0.296
  Slack Time                    0.044
     Clock Rise Edge                      0.000
     + Input Delay                        0.000
     = Beginpoint Arrival Time            0.000
     +-----------------------------------------------------------------------------+ 
     |        Instance        |    Arc     |   Cell   | Delay | Arrival | Required | 
     |                        |            |          |       |  Time   |   Time   | 
     |------------------------+------------+----------+-------+---------+----------| 
     |                        | rst_n ^    |          |       |   0.000 |   -0.044 | 
     | FE_PHC22_rst_n         | A ^ -> Y ^ | BUFX3    | 0.045 |   0.045 |    0.001 | 
     | FE_PHC1_rst_n          | A ^ -> Y ^ | DLY2X1   | 0.251 |   0.296 |    0.252 | 
     | reset_release_q_reg[1] | RN ^       | DFFRHQX1 | 0.000 |   0.296 |    0.252 | 
     +-----------------------------------------------------------------------------+ 
Path 33: MET Removal Check with Pin reset_release_q_reg[0]/CK 
Endpoint:   reset_release_q_reg[0]/RN (^) checked with  leading edge of 'clk'
Beginpoint: rst_n                     (^) triggered by  leading edge of '@'
Path Groups: {async_default}
Analysis View: hold_view
Other End Arrival Time          0.084
+ Removal                      -0.031
+ Phase Shift                   0.000
+ Uncertainty                   0.200
= Required Time                 0.252
  Arrival Time                  0.296
  Slack Time                    0.044
     Clock Rise Edge                      0.000
     + Input Delay                        0.000
     = Beginpoint Arrival Time            0.000
     +-----------------------------------------------------------------------------+ 
     |        Instance        |    Arc     |   Cell   | Delay | Arrival | Required | 
     |                        |            |          |       |  Time   |   Time   | 
     |------------------------+------------+----------+-------+---------+----------| 
     |                        | rst_n ^    |          |       |   0.000 |   -0.044 | 
     | FE_PHC22_rst_n         | A ^ -> Y ^ | BUFX3    | 0.045 |   0.045 |    0.001 | 
     | FE_PHC1_rst_n          | A ^ -> Y ^ | DLY2X1   | 0.251 |   0.296 |    0.252 | 
     | reset_release_q_reg[0] | RN ^       | DFFRHQX1 | 0.000 |   0.296 |    0.252 | 
     +-----------------------------------------------------------------------------+ 
Path 34: MET Hold Check with Pin out_addr_q_reg[1]/CK 
Endpoint:   out_addr_q_reg[1]/D (^) checked with  leading edge of 'clk'
Beginpoint: out_addr_q_reg[1]/Q (^) triggered by  leading edge of 'clk'
Path Groups: {clk}
Analysis View: hold_view
Other End Arrival Time          0.088
+ Hold                         -0.033
+ Phase Shift                   0.000
+ Uncertainty                   0.200
= Required Time                 0.255
  Arrival Time                  0.301
  Slack Time                    0.046
     Clock Rise Edge                 0.000
     + Clock Network Latency (Prop)  0.000
     = Beginpoint Arrival Time       0.000
     +-----------------------------------------------------------------------------+ 
     |      Instance       |     Arc      |   Cell    | Delay | Arrival | Required | 
     |                     |              |           |       |  Time   |   Time   | 
     |---------------------+--------------+-----------+-------+---------+----------| 
     | out_addr_q_reg[1]   | CK ^         |           |       |   0.000 |   -0.046 | 
     | out_addr_q_reg[1]   | CK ^ -> Q ^  | DFFHQX1   | 0.170 |   0.170 |    0.124 | 
     | FE_PHC19_out_addr_1 | A ^ -> Y ^   | BUFX3     | 0.054 |   0.224 |    0.178 | 
     | g5787__7098         | A0N ^ -> Y ^ | OAI2BB2X1 | 0.077 |   0.301 |    0.255 | 
     | out_addr_q_reg[1]   | D ^          | DFFHQX1   | 0.000 |   0.301 |    0.255 | 
     +-----------------------------------------------------------------------------+ 
Path 35: MET Hold Check with Pin epoch_gray_q_reg[3]/CK 
Endpoint:   epoch_gray_q_reg[3]/D (^) checked with  leading edge of 'clk'
Beginpoint: epoch_gray_q_reg[3]/Q (^) triggered by  leading edge of 'clk'
Path Groups: {clk}
Analysis View: hold_view
Other End Arrival Time          0.088
+ Hold                         -0.033
+ Phase Shift                   0.000
+ Uncertainty                   0.200
= Required Time                 0.254
  Arrival Time                  0.300
  Slack Time                    0.046
     Clock Rise Edge                 0.000
     + Clock Network Latency (Prop)  -0.001
     = Beginpoint Arrival Time       -0.001
     +--------------------------------------------------------------------------+ 
     |      Instance       |     Arc     |  Cell   | Delay | Arrival | Required | 
     |                     |             |         |       |  Time   |   Time   | 
     |---------------------+-------------+---------+-------+---------+----------| 
     | epoch_gray_q_reg[3] | CK ^        |         |       |  -0.001 |   -0.047 | 
     | epoch_gray_q_reg[3] | CK ^ -> Q ^ | DFFHQX1 | 0.220 |   0.220 |    0.173 | 
     | g5809__2346         | B1 ^ -> Y v | AOI22X1 | 0.046 |   0.265 |    0.219 | 
     | g5806               | A v -> Y ^  | INVX1   | 0.035 |   0.300 |    0.254 | 
     | epoch_gray_q_reg[3] | D ^         | DFFHQX1 | 0.000 |   0.300 |    0.254 | 
     +--------------------------------------------------------------------------+ 
Path 36: MET Hold Check with Pin req_sync_q_reg[13]/CK 
Endpoint:   req_sync_q_reg[13]/D (^) checked with  leading edge of 'clk'
Beginpoint: req_meta_q_reg[13]/Q (^) triggered by  leading edge of 'clk'
Path Groups: {clk}
Analysis View: hold_view
Other End Arrival Time          0.087
+ Hold                         -0.033
+ Phase Shift                   0.000
+ Uncertainty                   0.200
= Required Time                 0.254
  Arrival Time                  0.300
  Slack Time                    0.046
     Clock Rise Edge                 0.000
     + Clock Network Latency (Prop)  -0.001
     = Beginpoint Arrival Time       -0.001
     +------------------------------------------------------------------------------+ 
     |        Instance        |     Arc     |   Cell   | Delay | Arrival | Required | 
     |                        |             |          |       |  Time   |   Time   | 
     |------------------------+-------------+----------+-------+---------+----------| 
     | req_meta_q_reg[13]     | CK ^        |          |       |  -0.001 |   -0.047 | 
     | req_meta_q_reg[13]     | CK ^ -> Q ^ | DFFHQX1  | 0.149 |   0.148 |    0.102 | 
     | FE_PHC13_req_meta_q_13 | A ^ -> Y ^  | BUFX3    | 0.052 |   0.200 |    0.154 | 
     | FE_PHC59_req_meta_q_13 | A ^ -> Y ^  | BUFX3    | 0.047 |   0.248 |    0.201 | 
     | FE_PHC38_req_meta_q_13 | A ^ -> Y ^  | CLKBUFX1 | 0.052 |   0.300 |    0.254 | 
     | req_sync_q_reg[13]     | D ^         | DFFX1    | 0.000 |   0.300 |    0.254 | 
     +------------------------------------------------------------------------------+ 
Path 37: MET Hold Check with Pin out_addr_q_reg[3]/CK 
Endpoint:   out_addr_q_reg[3]/D (v) checked with  leading edge of 'clk'
Beginpoint: out_addr_q_reg[3]/Q (v) triggered by  leading edge of 'clk'
Path Groups: {clk}
Analysis View: hold_view
Other End Arrival Time          0.088
+ Hold                         -0.035
+ Phase Shift                   0.000
+ Uncertainty                   0.200
= Required Time                 0.253
  Arrival Time                  0.301
  Slack Time                    0.048
     Clock Rise Edge                 0.000
     + Clock Network Latency (Prop)  0.000
     = Beginpoint Arrival Time       0.000
     +-----------------------------------------------------------------------------+ 
     |      Instance       |     Arc      |   Cell    | Delay | Arrival | Required | 
     |                     |              |           |       |  Time   |   Time   | 
     |---------------------+--------------+-----------+-------+---------+----------| 
     | out_addr_q_reg[3]   | CK ^         |           |       |   0.000 |   -0.048 | 
     | out_addr_q_reg[3]   | CK ^ -> Q v  | DFFHQX1   | 0.153 |   0.153 |    0.105 | 
     | FE_PHC20_out_addr_3 | A v -> Y v   | BUFX3     | 0.068 |   0.221 |    0.173 | 
     | g5815__6260         | A0N v -> Y v | OAI2BB2XL | 0.080 |   0.301 |    0.253 | 
     | out_addr_q_reg[3]   | D v          | DFFHQX1   | 0.000 |   0.301 |    0.253 | 
     +-----------------------------------------------------------------------------+ 
Path 38: MET Hold Check with Pin pending_q_reg[4]/CK 
Endpoint:   pending_q_reg[4]/D (^) checked with  leading edge of 'clk'
Beginpoint: pending_q_reg[4]/Q (^) triggered by  leading edge of 'clk'
Path Groups: {clk}
Analysis View: hold_view
Other End Arrival Time          0.089
+ Hold                         -0.032
+ Phase Shift                   0.000
+ Uncertainty                   0.200
= Required Time                 0.257
  Arrival Time                  0.306
  Slack Time                    0.049
     Clock Rise Edge                 0.000
     + Clock Network Latency (Prop)  0.001
     = Beginpoint Arrival Time       0.001
     +-------------------------------------------------------------------------+ 
     |     Instance     |     Arc     |   Cell    | Delay | Arrival | Required | 
     |                  |             |           |       |  Time   |   Time   | 
     |------------------+-------------+-----------+-------+---------+----------| 
     | pending_q_reg[4] | CK ^        |           |       |   0.001 |   -0.048 | 
     | pending_q_reg[4] | CK ^ -> Q ^ | DFFHQX1   | 0.167 |   0.168 |    0.119 | 
     | g5879__5526      | B0 ^ -> Y v | AOI2BB1XL | 0.069 |   0.237 |    0.188 | 
     | g5754__6783      | B0 v -> Y ^ | AOI21XL   | 0.069 |   0.306 |    0.257 | 
     | pending_q_reg[4] | D ^         | DFFHQX1   | 0.000 |   0.306 |    0.257 | 
     +-------------------------------------------------------------------------+ 
Path 39: MET Hold Check with Pin pending_q_reg[15]/CK 
Endpoint:   pending_q_reg[15]/D (^) checked with  leading edge of 'clk'
Beginpoint: pending_q_reg[15]/Q (^) triggered by  leading edge of 'clk'
Path Groups: {clk}
Analysis View: hold_view
Other End Arrival Time          0.087
+ Hold                         -0.032
+ Phase Shift                   0.000
+ Uncertainty                   0.200
= Required Time                 0.255
  Arrival Time                  0.307
  Slack Time                    0.051
     Clock Rise Edge                 0.000
     + Clock Network Latency (Prop)  -0.001
     = Beginpoint Arrival Time       -0.001
     +--------------------------------------------------------------------------+ 
     |     Instance      |     Arc     |   Cell    | Delay | Arrival | Required | 
     |                   |             |           |       |  Time   |   Time   | 
     |-------------------+-------------+-----------+-------+---------+----------| 
     | pending_q_reg[15] | CK ^        |           |       |  -0.001 |   -0.053 | 
     | pending_q_reg[15] | CK ^ -> Q ^ | DFFHQX1   | 0.173 |   0.172 |    0.121 | 
     | g5869__7098       | B0 ^ -> Y v | AOI2BB1X1 | 0.063 |   0.235 |    0.183 | 
     | g5750__1617       | B0 v -> Y ^ | AOI21XL   | 0.072 |   0.307 |    0.255 | 
     | pending_q_reg[15] | D ^         | DFFHQX1   | 0.000 |   0.307 |    0.255 | 
     +--------------------------------------------------------------------------+ 
Path 40: MET Hold Check with Pin out_addr_q_reg[0]/CK 
Endpoint:   out_addr_q_reg[0]/D (^) checked with  leading edge of 'clk'
Beginpoint: out_addr_q_reg[0]/Q (^) triggered by  leading edge of 'clk'
Path Groups: {clk}
Analysis View: hold_view
Other End Arrival Time          0.088
+ Hold                         -0.033
+ Phase Shift                   0.000
+ Uncertainty                   0.200
= Required Time                 0.255
  Arrival Time                  0.309
  Slack Time                    0.054
     Clock Rise Edge                 0.000
     + Clock Network Latency (Prop)  0.000
     = Beginpoint Arrival Time       0.000
     +-----------------------------------------------------------------------------+ 
     |      Instance       |     Arc      |   Cell    | Delay | Arrival | Required | 
     |                     |              |           |       |  Time   |   Time   | 
     |---------------------+--------------+-----------+-------+---------+----------| 
     | out_addr_q_reg[0]   | CK ^         |           |       |   0.000 |   -0.054 | 
     | out_addr_q_reg[0]   | CK ^ -> Q ^  | DFFHQX1   | 0.177 |   0.177 |    0.123 | 
     | FE_PHC21_out_addr_0 | A ^ -> Y ^   | BUFX3     | 0.056 |   0.233 |    0.179 | 
     | g5762__6161         | A0N ^ -> Y ^ | OAI2BB2X1 | 0.076 |   0.309 |    0.255 | 
     | out_addr_q_reg[0]   | D ^          | DFFHQX1   | 0.000 |   0.309 |    0.255 | 
     +-----------------------------------------------------------------------------+ 
Path 41: MET Hold Check with Pin req_sync_q_reg[2]/CK 
Endpoint:   req_sync_q_reg[2]/D (^) checked with  leading edge of 'clk'
Beginpoint: req_meta_q_reg[2]/Q (^) triggered by  leading edge of 'clk'
Path Groups: {clk}
Analysis View: hold_view
Other End Arrival Time          0.086
+ Hold                         -0.033
+ Phase Shift                   0.000
+ Uncertainty                   0.200
= Required Time                 0.253
  Arrival Time                  0.308
  Slack Time                    0.055
     Clock Rise Edge                 0.000
     + Clock Network Latency (Prop)  -0.002
     = Beginpoint Arrival Time       -0.002
     +-----------------------------------------------------------------------------+ 
     |       Instance        |     Arc     |   Cell   | Delay | Arrival | Required | 
     |                       |             |          |       |  Time   |   Time   | 
     |-----------------------+-------------+----------+-------+---------+----------| 
     | req_meta_q_reg[2]     | CK ^        |          |       |  -0.002 |   -0.056 | 
     | req_meta_q_reg[2]     | CK ^ -> Q ^ | DFFHQX1  | 0.152 |   0.150 |    0.096 | 
     | FE_PHC3_req_meta_q_2  | A ^ -> Y ^  | BUFX3    | 0.054 |   0.204 |    0.150 | 
     | FE_PHC61_req_meta_q_2 | A ^ -> Y ^  | BUFX3    | 0.049 |   0.253 |    0.198 | 
     | FE_PHC42_req_meta_q_2 | A ^ -> Y ^  | CLKBUFX1 | 0.055 |   0.308 |    0.253 | 
     | req_sync_q_reg[2]     | D ^         | DFFX1    | 0.000 |   0.308 |    0.253 | 
     +-----------------------------------------------------------------------------+ 
Path 42: MET Hold Check with Pin req_sync_q_reg[15]/CK 
Endpoint:   req_sync_q_reg[15]/D (v) checked with  leading edge of 'clk'
Beginpoint: req_meta_q_reg[15]/Q (v) triggered by  leading edge of 'clk'
Path Groups: {clk}
Analysis View: hold_view
Other End Arrival Time          0.087
+ Hold                         -0.033
+ Phase Shift                   0.000
+ Uncertainty                   0.200
= Required Time                 0.254
  Arrival Time                  0.311
  Slack Time                    0.057
     Clock Rise Edge                 0.000
     + Clock Network Latency (Prop)  -0.002
     = Beginpoint Arrival Time       -0.002
     +------------------------------------------------------------------------------+ 
     |        Instance        |     Arc     |   Cell   | Delay | Arrival | Required | 
     |                        |             |          |       |  Time   |   Time   | 
     |------------------------+-------------+----------+-------+---------+----------| 
     | req_meta_q_reg[15]     | CK ^        |          |       |  -0.002 |   -0.059 | 
     | req_meta_q_reg[15]     | CK ^ -> Q v | DFFHQX1  | 0.126 |   0.124 |    0.067 | 
     | FE_PHC14_req_meta_q_15 | A v -> Y v  | CLKBUFX3 | 0.072 |   0.196 |    0.138 | 
     | FE_PHC62_req_meta_q_15 | A v -> Y v  | BUFX3    | 0.060 |   0.256 |    0.199 | 
     | FE_PHC46_req_meta_q_15 | A v -> Y v  | CLKBUFX1 | 0.055 |   0.311 |    0.254 | 
     | req_sync_q_reg[15]     | D v         | DFFX1    | 0.000 |   0.311 |    0.254 | 
     +------------------------------------------------------------------------------+ 
Path 43: MET Hold Check with Pin pending_q_reg[1]/CK 
Endpoint:   pending_q_reg[1]/D (^) checked with  leading edge of 'clk'
Beginpoint: pending_q_reg[1]/Q (^) triggered by  leading edge of 'clk'
Path Groups: {clk}
Analysis View: hold_view
Other End Arrival Time          0.089
+ Hold                         -0.033
+ Phase Shift                   0.000
+ Uncertainty                   0.200
= Required Time                 0.256
  Arrival Time                  0.315
  Slack Time                    0.058
     Clock Rise Edge                 0.000
     + Clock Network Latency (Prop)  0.001
     = Beginpoint Arrival Time       0.001
     +-----------------------------------------------------------------------------+ 
     |       Instance       |     Arc     |   Cell    | Delay | Arrival | Required | 
     |                      |             |           |       |  Time   |   Time   | 
     |----------------------+-------------+-----------+-------+---------+----------| 
     | pending_q_reg[1]     | CK ^        |           |       |   0.001 |   -0.057 | 
     | pending_q_reg[1]     | CK ^ -> Q ^ | DFFHQX1   | 0.152 |   0.153 |    0.095 | 
     | FE_PHC55_pending_q_1 | A ^ -> Y ^  | BUFX3     | 0.058 |   0.211 |    0.153 | 
     | g5882__1617          | B0 ^ -> Y v | AOI2BB1X1 | 0.053 |   0.264 |    0.205 | 
     | g5752__7098          | B0 v -> Y ^ | AOI21XL   | 0.051 |   0.315 |    0.256 | 
     | pending_q_reg[1]     | D ^         | DFFHQX1   | 0.000 |   0.315 |    0.256 | 
     +-----------------------------------------------------------------------------+ 
Path 44: MET Hold Check with Pin req_sync_q_reg[9]/CK 
Endpoint:   req_sync_q_reg[9]/D (v) checked with  leading edge of 'clk'
Beginpoint: req_meta_q_reg[9]/Q (v) triggered by  leading edge of 'clk'
Path Groups: {clk}
Analysis View: hold_view
Other End Arrival Time          0.087
+ Hold                         -0.033
+ Phase Shift                   0.000
+ Uncertainty                   0.200
= Required Time                 0.254
  Arrival Time                  0.313
  Slack Time                    0.059
     Clock Rise Edge                 0.000
     + Clock Network Latency (Prop)  -0.002
     = Beginpoint Arrival Time       -0.002
     +-----------------------------------------------------------------------------+ 
     |       Instance        |     Arc     |   Cell   | Delay | Arrival | Required | 
     |                       |             |          |       |  Time   |   Time   | 
     |-----------------------+-------------+----------+-------+---------+----------| 
     | req_meta_q_reg[9]     | CK ^        |          |       |  -0.002 |   -0.062 | 
     | req_meta_q_reg[9]     | CK ^ -> Q v | DFFHQX1  | 0.126 |   0.124 |    0.064 | 
     | FE_PHC15_req_meta_q_9 | A v -> Y v  | CLKBUFX3 | 0.072 |   0.195 |    0.136 | 
     | FE_PHC63_req_meta_q_9 | A v -> Y v  | BUFX3    | 0.061 |   0.257 |    0.197 | 
     | FE_PHC48_req_meta_q_9 | A v -> Y v  | CLKBUFX1 | 0.056 |   0.313 |    0.254 | 
     | req_sync_q_reg[9]     | D v         | DFFX1    | 0.000 |   0.313 |    0.254 | 
     +-----------------------------------------------------------------------------+ 
Path 45: MET Hold Check with Pin req_sync_q_reg[8]/CK 
Endpoint:   req_sync_q_reg[8]/D (^) checked with  leading edge of 'clk'
Beginpoint: req_meta_q_reg[8]/Q (^) triggered by  leading edge of 'clk'
Path Groups: {clk}
Analysis View: hold_view
Other End Arrival Time          0.087
+ Hold                         -0.033
+ Phase Shift                   0.000
+ Uncertainty                   0.200
= Required Time                 0.254
  Arrival Time                  0.313
  Slack Time                    0.059
     Clock Rise Edge                 0.000
     + Clock Network Latency (Prop)  -0.002
     = Beginpoint Arrival Time       -0.002
     +-----------------------------------------------------------------------------+ 
     |       Instance        |     Arc     |   Cell   | Delay | Arrival | Required | 
     |                       |             |          |       |  Time   |   Time   | 
     |-----------------------+-------------+----------+-------+---------+----------| 
     | req_meta_q_reg[8]     | CK ^        |          |       |  -0.002 |   -0.062 | 
     | req_meta_q_reg[8]     | CK ^ -> Q ^ | DFFHQX1  | 0.152 |   0.149 |    0.090 | 
     | FE_PHC7_req_meta_q_8  | A ^ -> Y ^  | BUFX3    | 0.055 |   0.204 |    0.145 | 
     | FE_PHC65_req_meta_q_8 | A ^ -> Y ^  | BUFX3    | 0.050 |   0.254 |    0.195 | 
     | FE_PHC43_req_meta_q_8 | A ^ -> Y ^  | CLKBUFX1 | 0.059 |   0.313 |    0.254 | 
     | req_sync_q_reg[8]     | D ^         | DFFX1    | 0.000 |   0.313 |    0.254 | 
     +-----------------------------------------------------------------------------+ 
Path 46: MET Hold Check with Pin epoch_gray_q_reg[2]/CK 
Endpoint:   epoch_gray_q_reg[2]/D (v) checked with  leading edge of 'clk'
Beginpoint: epoch_gray_q_reg[2]/Q (v) triggered by  leading edge of 'clk'
Path Groups: {clk}
Analysis View: hold_view
Other End Arrival Time          0.088
+ Hold                         -0.032
+ Phase Shift                   0.000
+ Uncertainty                   0.200
= Required Time                 0.256
  Arrival Time                  0.316
  Slack Time                    0.060
     Clock Rise Edge                 0.000
     + Clock Network Latency (Prop)  -0.000
     = Beginpoint Arrival Time       -0.000
     +--------------------------------------------------------------------------+ 
     |      Instance       |     Arc     |  Cell   | Delay | Arrival | Required | 
     |                     |             |         |       |  Time   |   Time   | 
     |---------------------+-------------+---------+-------+---------+----------| 
     | epoch_gray_q_reg[2] | CK ^        |         |       |  -0.000 |   -0.060 | 
     | epoch_gray_q_reg[2] | CK ^ -> Q v | DFFX1   | 0.204 |   0.204 |    0.144 | 
     | g5810__1666         | B1 v -> Y ^ | AOI22X1 | 0.092 |   0.296 |    0.236 | 
     | g5807               | A ^ -> Y v  | INVX1   | 0.020 |   0.316 |    0.256 | 
     | epoch_gray_q_reg[2] | D v         | DFFX1   | 0.000 |   0.316 |    0.256 | 
     +--------------------------------------------------------------------------+ 
Path 47: MET Hold Check with Pin req_sync_q_reg[14]/CK 
Endpoint:   req_sync_q_reg[14]/D (^) checked with  leading edge of 'clk'
Beginpoint: req_meta_q_reg[14]/Q (^) triggered by  leading edge of 'clk'
Path Groups: {clk}
Analysis View: hold_view
Other End Arrival Time          0.088
+ Hold                         -0.033
+ Phase Shift                   0.000
+ Uncertainty                   0.200
= Required Time                 0.255
  Arrival Time                  0.316
  Slack Time                    0.060
     Clock Rise Edge                 0.000
     + Clock Network Latency (Prop)  -0.002
     = Beginpoint Arrival Time       -0.002
     +------------------------------------------------------------------------------+ 
     |        Instance        |     Arc     |   Cell   | Delay | Arrival | Required | 
     |                        |             |          |       |  Time   |   Time   | 
     |------------------------+-------------+----------+-------+---------+----------| 
     | req_meta_q_reg[14]     | CK ^        |          |       |  -0.002 |   -0.063 | 
     | req_meta_q_reg[14]     | CK ^ -> Q ^ | DFFHQX1  | 0.158 |   0.156 |    0.095 | 
     | FE_PHC9_req_meta_q_14  | A ^ -> Y ^  | BUFX3    | 0.056 |   0.211 |    0.151 | 
     | FE_PHC60_req_meta_q_14 | A ^ -> Y ^  | BUFX3    | 0.050 |   0.261 |    0.201 | 
     | FE_PHC39_req_meta_q_14 | A ^ -> Y ^  | CLKBUFX1 | 0.054 |   0.316 |    0.255 | 
     | req_sync_q_reg[14]     | D ^         | DFFX1    | 0.000 |   0.316 |    0.255 | 
     +------------------------------------------------------------------------------+ 
Path 48: MET Hold Check with Pin pending_q_reg[7]/CK 
Endpoint:   pending_q_reg[7]/D (^) checked with  leading edge of 'clk'
Beginpoint: pending_q_reg[7]/Q (^) triggered by  leading edge of 'clk'
Path Groups: {clk}
Analysis View: hold_view
Other End Arrival Time          0.089
+ Hold                         -0.033
+ Phase Shift                   0.000
+ Uncertainty                   0.200
= Required Time                 0.256
  Arrival Time                  0.317
  Slack Time                    0.061
     Clock Rise Edge                 0.000
     + Clock Network Latency (Prop)  0.001
     = Beginpoint Arrival Time       0.001
     +-----------------------------------------------------------------------------+ 
     |       Instance       |     Arc     |   Cell    | Delay | Arrival | Required | 
     |                      |             |           |       |  Time   |   Time   | 
     |----------------------+-------------+-----------+-------+---------+----------| 
     | pending_q_reg[7]     | CK ^        |           |       |   0.001 |   -0.060 | 
     | pending_q_reg[7]     | CK ^ -> Q ^ | DFFHQX1   | 0.151 |   0.152 |    0.091 | 
     | FE_PHC54_pending_q_7 | A ^ -> Y ^  | BUFX3     | 0.057 |   0.209 |    0.148 | 
     | g5881__2802          | B0 ^ -> Y v | AOI2BB1X1 | 0.055 |   0.265 |    0.204 | 
     | g5758__1705          | B0 v -> Y ^ | AOI21XL   | 0.052 |   0.317 |    0.256 | 
     | pending_q_reg[7]     | D ^         | DFFHQX1   | 0.000 |   0.317 |    0.256 | 
     +-----------------------------------------------------------------------------+ 
Path 49: MET Hold Check with Pin req_sync_q_reg[5]/CK 
Endpoint:   req_sync_q_reg[5]/D (^) checked with  leading edge of 'clk'
Beginpoint: req_meta_q_reg[5]/Q (^) triggered by  leading edge of 'clk'
Path Groups: {clk}
Analysis View: hold_view
Other End Arrival Time          0.087
+ Hold                         -0.033
+ Phase Shift                   0.000
+ Uncertainty                   0.200
= Required Time                 0.254
  Arrival Time                  0.316
  Slack Time                    0.062
     Clock Rise Edge                 0.000
     + Clock Network Latency (Prop)  -0.002
     = Beginpoint Arrival Time       -0.002
     +-----------------------------------------------------------------------------+ 
     |       Instance        |     Arc     |   Cell   | Delay | Arrival | Required | 
     |                       |             |          |       |  Time   |   Time   | 
     |-----------------------+-------------+----------+-------+---------+----------| 
     | req_meta_q_reg[5]     | CK ^        |          |       |  -0.002 |   -0.065 | 
     | req_meta_q_reg[5]     | CK ^ -> Q ^ | DFFHQX1  | 0.157 |   0.154 |    0.092 | 
     | FE_PHC64_req_meta_q_5 | A ^ -> Y ^  | BUFX3    | 0.057 |   0.211 |    0.149 | 
     | FE_PHC41_req_meta_q_5 | A ^ -> Y ^  | BUFX3    | 0.048 |   0.260 |    0.197 | 
     | FE_PHC16_req_meta_q_5 | A ^ -> Y ^  | CLKBUFX1 | 0.057 |   0.316 |    0.254 | 
     | req_sync_q_reg[5]     | D ^         | DFFX1    | 0.000 |   0.316 |    0.254 | 
     +-----------------------------------------------------------------------------+ 
Path 50: MET Hold Check with Pin pending_q_reg[8]/CK 
Endpoint:   pending_q_reg[8]/D (^) checked with  leading edge of 'clk'
Beginpoint: pending_q_reg[8]/Q (^) triggered by  leading edge of 'clk'
Path Groups: {clk}
Analysis View: hold_view
Other End Arrival Time          0.089
+ Hold                         -0.032
+ Phase Shift                   0.000
+ Uncertainty                   0.200
= Required Time                 0.256
  Arrival Time                  0.321
  Slack Time                    0.065
     Clock Rise Edge                 0.000
     + Clock Network Latency (Prop)  0.000
     = Beginpoint Arrival Time       0.000
     +-----------------------------------------------------------------------------+ 
     |       Instance       |     Arc     |   Cell    | Delay | Arrival | Required | 
     |                      |             |           |       |  Time   |   Time   | 
     |----------------------+-------------+-----------+-------+---------+----------| 
     | pending_q_reg[8]     | CK ^        |           |       |   0.000 |   -0.065 | 
     | pending_q_reg[8]     | CK ^ -> Q ^ | DFFHQX1   | 0.155 |   0.156 |    0.091 | 
     | FE_PHC56_pending_q_8 | A ^ -> Y ^  | BUFX3     | 0.063 |   0.218 |    0.153 | 
     | g5875__6161          | B0 ^ -> Y v | AOI2BB1X1 | 0.048 |   0.266 |    0.201 | 
     | g5747__5107          | B0 v -> Y ^ | AOI21XL   | 0.055 |   0.321 |    0.256 | 
     | pending_q_reg[8]     | D ^         | DFFHQX1   | 0.000 |   0.321 |    0.256 | 
     +-----------------------------------------------------------------------------+ 

