###############################################################
#  Generated by:      Cadence Innovus 23.14-s088_1
#  OS:                Linux x86_64(Host ID <REMOTE_HOST>)
#  Generated on:      Fri Aug 21 04:16:26 2026
#  Design:            aer_pending_direct_gray_sync_core_reset
#  Command:           report_timing \
#    -from [get_pins {req_meta_q_reg*/Q}] \
#    -to [get_pins {req_sync_q_reg*/D}] \
#    -max_paths 32 > [file join $report_dir postroute_cdc_setup_timing.rpt]
###############################################################
Path 1: MET Setup Check with Pin req_sync_q_reg[7]/CK 
Endpoint:   req_sync_q_reg[7]/D (v) checked with  leading edge of 'clk'
Beginpoint: req_meta_q_reg[7]/Q (v) triggered by  leading edge of '@'
Path Groups: {clk}
Analysis View: setup_view
Other End Arrival Time          0.174
- Setup                         0.249
+ Path Delay                    0.900
- Uncertainty                   0.200
= Required Time                 0.625
- Arrival Time                  0.425
= Slack Time                    0.200
     Clock Rise Edge                      0.000
     = Beginpoint Arrival Time            0.000
     +----------------------------------------------------------------------------+ 
     |       Instance        |    Arc     |   Cell   | Delay | Arrival | Required | 
     |                       |            |          |       |  Time   |   Time   | 
     |-----------------------+------------+----------+-------+---------+----------| 
     | req_meta_q_reg[7]     | Q v        |          |       |   0.000 |    0.200 | 
     | FE_PHC11_req_meta_q_7 | A v -> Y v | BUFX3    | 0.157 |   0.157 |    0.357 | 
     | FE_PHC66_req_meta_q_7 | A v -> Y v | BUFX3    | 0.139 |   0.296 |    0.496 | 
     | FE_PHC49_req_meta_q_7 | A v -> Y v | CLKBUFX1 | 0.129 |   0.425 |    0.625 | 
     | req_sync_q_reg[7]     | D v        | DFFX1    | 0.000 |   0.425 |    0.625 | 
     +----------------------------------------------------------------------------+ 
Path 2: MET Setup Check with Pin req_sync_q_reg[9]/CK 
Endpoint:   req_sync_q_reg[9]/D (v) checked with  leading edge of 'clk'
Beginpoint: req_meta_q_reg[9]/Q (v) triggered by  leading edge of '@'
Path Groups: {clk}
Analysis View: setup_view
Other End Arrival Time          0.174
- Setup                         0.247
+ Path Delay                    0.900
- Uncertainty                   0.200
= Required Time                 0.627
- Arrival Time                  0.411
= Slack Time                    0.216
     Clock Rise Edge                      0.000
     = Beginpoint Arrival Time            0.000
     +----------------------------------------------------------------------------+ 
     |       Instance        |    Arc     |   Cell   | Delay | Arrival | Required | 
     |                       |            |          |       |  Time   |   Time   | 
     |-----------------------+------------+----------+-------+---------+----------| 
     | req_meta_q_reg[9]     | Q v        |          |       |   0.000 |    0.216 | 
     | FE_PHC15_req_meta_q_9 | A v -> Y v | CLKBUFX3 | 0.155 |   0.155 |    0.371 | 
     | FE_PHC63_req_meta_q_9 | A v -> Y v | BUFX3    | 0.135 |   0.290 |    0.506 | 
     | FE_PHC48_req_meta_q_9 | A v -> Y v | CLKBUFX1 | 0.121 |   0.411 |    0.627 | 
     | req_sync_q_reg[9]     | D v        | DFFX1    | 0.000 |   0.411 |    0.627 | 
     +----------------------------------------------------------------------------+ 
Path 3: MET Setup Check with Pin req_sync_q_reg[15]/CK 
Endpoint:   req_sync_q_reg[15]/D (v) checked with  leading edge of 'clk'
Beginpoint: req_meta_q_reg[15]/Q (v) triggered by  leading edge of '@'
Path Groups: {clk}
Analysis View: setup_view
Other End Arrival Time          0.174
- Setup                         0.247
+ Path Delay                    0.900
- Uncertainty                   0.200
= Required Time                 0.627
- Arrival Time                  0.407
= Slack Time                    0.221
     Clock Rise Edge                      0.000
     = Beginpoint Arrival Time            0.000
     +-----------------------------------------------------------------------------+ 
     |        Instance        |    Arc     |   Cell   | Delay | Arrival | Required | 
     |                        |            |          |       |  Time   |   Time   | 
     |------------------------+------------+----------+-------+---------+----------| 
     | req_meta_q_reg[15]     | Q v        |          |       |   0.000 |    0.221 | 
     | FE_PHC14_req_meta_q_15 | A v -> Y v | CLKBUFX3 | 0.155 |   0.155 |    0.376 | 
     | FE_PHC62_req_meta_q_15 | A v -> Y v | BUFX3    | 0.133 |   0.289 |    0.509 | 
     | FE_PHC46_req_meta_q_15 | A v -> Y v | CLKBUFX1 | 0.118 |   0.407 |    0.627 | 
     | req_sync_q_reg[15]     | D v        | DFFX1    | 0.000 |   0.407 |    0.627 | 
     +-----------------------------------------------------------------------------+ 
Path 4: MET Setup Check with Pin req_sync_q_reg[8]/CK 
Endpoint:   req_sync_q_reg[8]/D (v) checked with  leading edge of 'clk'
Beginpoint: req_meta_q_reg[8]/Q (v) triggered by  leading edge of '@'
Path Groups: {clk}
Analysis View: setup_view
Other End Arrival Time          0.174
- Setup                         0.249
+ Path Delay                    0.900
- Uncertainty                   0.200
= Required Time                 0.624
- Arrival Time                  0.404
= Slack Time                    0.221
     Clock Rise Edge                      0.000
     = Beginpoint Arrival Time            0.000
     +----------------------------------------------------------------------------+ 
     |       Instance        |    Arc     |   Cell   | Delay | Arrival | Required | 
     |                       |            |          |       |  Time   |   Time   | 
     |-----------------------+------------+----------+-------+---------+----------| 
     | req_meta_q_reg[8]     | Q v        |          |       |   0.000 |    0.221 | 
     | FE_PHC7_req_meta_q_8  | A v -> Y v | BUFX3    | 0.145 |   0.145 |    0.365 | 
     | FE_PHC65_req_meta_q_8 | A v -> Y v | BUFX3    | 0.130 |   0.275 |    0.496 | 
     | FE_PHC43_req_meta_q_8 | A v -> Y v | CLKBUFX1 | 0.129 |   0.403 |    0.624 | 
     | req_sync_q_reg[8]     | D v        | DFFX1    | 0.000 |   0.404 |    0.624 | 
     +----------------------------------------------------------------------------+ 
Path 5: MET Setup Check with Pin req_sync_q_reg[5]/CK 
Endpoint:   req_sync_q_reg[5]/D (v) checked with  leading edge of 'clk'
Beginpoint: req_meta_q_reg[5]/Q (v) triggered by  leading edge of '@'
Path Groups: {clk}
Analysis View: setup_view
Other End Arrival Time          0.174
- Setup                         0.248
+ Path Delay                    0.900
- Uncertainty                   0.200
= Required Time                 0.625
- Arrival Time                  0.404
= Slack Time                    0.221
     Clock Rise Edge                      0.000
     = Beginpoint Arrival Time            0.000
     +----------------------------------------------------------------------------+ 
     |       Instance        |    Arc     |   Cell   | Delay | Arrival | Required | 
     |                       |            |          |       |  Time   |   Time   | 
     |-----------------------+------------+----------+-------+---------+----------| 
     | req_meta_q_reg[5]     | Q v        |          |       |   0.000 |    0.221 | 
     | FE_PHC64_req_meta_q_5 | A v -> Y v | BUFX3    | 0.152 |   0.152 |    0.373 | 
     | FE_PHC41_req_meta_q_5 | A v -> Y v | BUFX3    | 0.127 |   0.280 |    0.501 | 
     | FE_PHC16_req_meta_q_5 | A v -> Y v | CLKBUFX1 | 0.124 |   0.404 |    0.625 | 
     | req_sync_q_reg[5]     | D v        | DFFX1    | 0.000 |   0.404 |    0.625 | 
     +----------------------------------------------------------------------------+ 
Path 6: MET Setup Check with Pin req_sync_q_reg[14]/CK 
Endpoint:   req_sync_q_reg[14]/D (v) checked with  leading edge of 'clk'
Beginpoint: req_meta_q_reg[14]/Q (v) triggered by  leading edge of '@'
Path Groups: {clk}
Analysis View: setup_view
Other End Arrival Time          0.175
- Setup                         0.247
+ Path Delay                    0.900
- Uncertainty                   0.200
= Required Time                 0.628
- Arrival Time                  0.396
= Slack Time                    0.233
     Clock Rise Edge                      0.000
     = Beginpoint Arrival Time            0.000
     +-----------------------------------------------------------------------------+ 
     |        Instance        |    Arc     |   Cell   | Delay | Arrival | Required | 
     |                        |            |          |       |  Time   |   Time   | 
     |------------------------+------------+----------+-------+---------+----------| 
     | req_meta_q_reg[14]     | Q v        |          |       |   0.000 |    0.233 | 
     | FE_PHC9_req_meta_q_14  | A v -> Y v | BUFX3    | 0.148 |   0.148 |    0.380 | 
     | FE_PHC60_req_meta_q_14 | A v -> Y v | BUFX3    | 0.129 |   0.277 |    0.509 | 
     | FE_PHC39_req_meta_q_14 | A v -> Y v | CLKBUFX1 | 0.119 |   0.396 |    0.628 | 
     | req_sync_q_reg[14]     | D v        | DFFX1    | 0.000 |   0.396 |    0.628 | 
     +-----------------------------------------------------------------------------+ 
Path 7: MET Setup Check with Pin req_sync_q_reg[2]/CK 
Endpoint:   req_sync_q_reg[2]/D (v) checked with  leading edge of 'clk'
Beginpoint: req_meta_q_reg[2]/Q (v) triggered by  leading edge of '@'
Path Groups: {clk}
Analysis View: setup_view
Other End Arrival Time          0.173
- Setup                         0.247
+ Path Delay                    0.900
- Uncertainty                   0.200
= Required Time                 0.626
- Arrival Time                  0.391
= Slack Time                    0.235
     Clock Rise Edge                      0.000
     = Beginpoint Arrival Time            0.000
     +----------------------------------------------------------------------------+ 
     |       Instance        |    Arc     |   Cell   | Delay | Arrival | Required | 
     |                       |            |          |       |  Time   |   Time   | 
     |-----------------------+------------+----------+-------+---------+----------| 
     | req_meta_q_reg[2]     | Q v        |          |       |   0.000 |    0.235 | 
     | FE_PHC3_req_meta_q_2  | A v -> Y v | BUFX3    | 0.143 |   0.143 |    0.378 | 
     | FE_PHC61_req_meta_q_2 | A v -> Y v | BUFX3    | 0.127 |   0.271 |    0.506 | 
     | FE_PHC42_req_meta_q_2 | A v -> Y v | CLKBUFX1 | 0.120 |   0.391 |    0.626 | 
     | req_sync_q_reg[2]     | D v        | DFFX1    | 0.000 |   0.391 |    0.626 | 
     +----------------------------------------------------------------------------+ 
Path 8: MET Setup Check with Pin req_sync_q_reg[13]/CK 
Endpoint:   req_sync_q_reg[13]/D (v) checked with  leading edge of 'clk'
Beginpoint: req_meta_q_reg[13]/Q (v) triggered by  leading edge of '@'
Path Groups: {clk}
Analysis View: setup_view
Other End Arrival Time          0.174
- Setup                         0.246
+ Path Delay                    0.900
- Uncertainty                   0.200
= Required Time                 0.628
- Arrival Time                  0.382
= Slack Time                    0.246
     Clock Rise Edge                      0.000
     = Beginpoint Arrival Time            0.000
     +-----------------------------------------------------------------------------+ 
     |        Instance        |    Arc     |   Cell   | Delay | Arrival | Required | 
     |                        |            |          |       |  Time   |   Time   | 
     |------------------------+------------+----------+-------+---------+----------| 
     | req_meta_q_reg[13]     | Q v        |          |       |   0.000 |    0.246 | 
     | FE_PHC13_req_meta_q_13 | A v -> Y v | BUFX3    | 0.140 |   0.140 |    0.387 | 
     | FE_PHC59_req_meta_q_13 | A v -> Y v | BUFX3    | 0.126 |   0.266 |    0.513 | 
     | FE_PHC38_req_meta_q_13 | A v -> Y v | CLKBUFX1 | 0.116 |   0.382 |    0.628 | 
     | req_sync_q_reg[13]     | D v        | DFFX1    | 0.000 |   0.382 |    0.628 | 
     +-----------------------------------------------------------------------------+ 
Path 9: MET Setup Check with Pin req_sync_q_reg[0]/CK 
Endpoint:   req_sync_q_reg[0]/D (v) checked with  leading edge of 'clk'
Beginpoint: req_meta_q_reg[0]/Q (v) triggered by  leading edge of '@'
Path Groups: {clk}
Analysis View: setup_view
Other End Arrival Time          0.173
- Setup                         0.242
+ Path Delay                    0.900
- Uncertainty                   0.200
= Required Time                 0.631
- Arrival Time                  0.340
= Slack Time                    0.291
     Clock Rise Edge                      0.000
     = Beginpoint Arrival Time            0.000
     +----------------------------------------------------------------------------+ 
     |       Instance        |    Arc     |   Cell   | Delay | Arrival | Required | 
     |                       |            |          |       |  Time   |   Time   | 
     |-----------------------+------------+----------+-------+---------+----------| 
     | req_meta_q_reg[0]     | Q v        |          |       |   0.000 |    0.291 | 
     | FE_PHC2_req_meta_q_0  | A v -> Y v | CLKBUFX1 | 0.188 |   0.188 |    0.479 | 
     | FE_PHC52_req_meta_q_0 | A v -> Y v | CLKBUFX8 | 0.152 |   0.340 |    0.631 | 
     | req_sync_q_reg[0]     | D v        | DFFX1    | 0.000 |   0.340 |    0.631 | 
     +----------------------------------------------------------------------------+ 
Path 10: MET Setup Check with Pin req_sync_q_reg[3]/CK 
Endpoint:   req_sync_q_reg[3]/D (v) checked with  leading edge of 'clk'
Beginpoint: req_meta_q_reg[3]/Q (v) triggered by  leading edge of '@'
Path Groups: {clk}
Analysis View: setup_view
Other End Arrival Time          0.172
- Setup                         0.242
+ Path Delay                    0.900
- Uncertainty                   0.200
= Required Time                 0.630
- Arrival Time                  0.339
= Slack Time                    0.292
     Clock Rise Edge                      0.000
     = Beginpoint Arrival Time            0.000
     +----------------------------------------------------------------------------+ 
     |       Instance        |    Arc     |   Cell   | Delay | Arrival | Required | 
     |                       |            |          |       |  Time   |   Time   | 
     |-----------------------+------------+----------+-------+---------+----------| 
     | req_meta_q_reg[3]     | Q v        |          |       |   0.000 |    0.292 | 
     | FE_PHC4_req_meta_q_3  | A v -> Y v | CLKBUFX1 | 0.187 |   0.187 |    0.479 | 
     | FE_PHC51_req_meta_q_3 | A v -> Y v | CLKBUFX8 | 0.152 |   0.339 |    0.630 | 
     | req_sync_q_reg[3]     | D v        | DFFX1    | 0.000 |   0.339 |    0.630 | 
     +----------------------------------------------------------------------------+ 
Path 11: MET Setup Check with Pin req_sync_q_reg[1]/CK 
Endpoint:   req_sync_q_reg[1]/D (v) checked with  leading edge of 'clk'
Beginpoint: req_meta_q_reg[1]/Q (v) triggered by  leading edge of '@'
Path Groups: {clk}
Analysis View: setup_view
Other End Arrival Time          0.174
- Setup                         0.242
+ Path Delay                    0.900
- Uncertainty                   0.200
= Required Time                 0.632
- Arrival Time                  0.318
= Slack Time                    0.313
     Clock Rise Edge                      0.000
     = Beginpoint Arrival Time            0.000
     +----------------------------------------------------------------------------+ 
     |       Instance        |    Arc     |   Cell   | Delay | Arrival | Required | 
     |                       |            |          |       |  Time   |   Time   | 
     |-----------------------+------------+----------+-------+---------+----------| 
     | req_meta_q_reg[1]     | Q v        |          |       |   0.000 |    0.313 | 
     | FE_PHC6_req_meta_q_1  | A v -> Y v | CLKBUFX1 | 0.173 |   0.173 |    0.487 | 
     | FE_PHC47_req_meta_q_1 | A v -> Y v | CLKBUFX8 | 0.145 |   0.318 |    0.632 | 
     | req_sync_q_reg[1]     | D v        | DFFX1    | 0.000 |   0.318 |    0.632 | 
     +----------------------------------------------------------------------------+ 
Path 12: MET Setup Check with Pin req_sync_q_reg[11]/CK 
Endpoint:   req_sync_q_reg[11]/D (v) checked with  leading edge of 'clk'
Beginpoint: req_meta_q_reg[11]/Q (v) triggered by  leading edge of '@'
Path Groups: {clk}
Analysis View: setup_view
Other End Arrival Time          0.174
- Setup                         0.243
+ Path Delay                    0.900
- Uncertainty                   0.200
= Required Time                 0.631
- Arrival Time                  0.312
= Slack Time                    0.319
     Clock Rise Edge                      0.000
     = Beginpoint Arrival Time            0.000
     +-----------------------------------------------------------------------------+ 
     |        Instance        |    Arc     |   Cell   | Delay | Arrival | Required | 
     |                        |            |          |       |  Time   |   Time   | 
     |------------------------+------------+----------+-------+---------+----------| 
     | req_meta_q_reg[11]     | Q v        |          |       |   0.000 |    0.319 | 
     | FE_PHC8_req_meta_q_11  | A v -> Y v | CLKBUFX1 | 0.159 |   0.159 |    0.478 | 
     | FE_PHC45_req_meta_q_11 | A v -> Y v | CLKBUFX4 | 0.153 |   0.312 |    0.631 | 
     | req_sync_q_reg[11]     | D v        | DFFX1    | 0.000 |   0.312 |    0.631 | 
     +-----------------------------------------------------------------------------+ 
Path 13: MET Setup Check with Pin req_sync_q_reg[4]/CK 
Endpoint:   req_sync_q_reg[4]/D (v) checked with  leading edge of 'clk'
Beginpoint: req_meta_q_reg[4]/Q (v) triggered by  leading edge of '@'
Path Groups: {clk}
Analysis View: setup_view
Other End Arrival Time          0.174
- Setup                         0.247
+ Path Delay                    0.900
- Uncertainty                   0.200
= Required Time                 0.626
- Arrival Time                  0.302
= Slack Time                    0.325
     Clock Rise Edge                      0.000
     = Beginpoint Arrival Time            0.000
     +----------------------------------------------------------------------------+ 
     |       Instance        |    Arc     |   Cell   | Delay | Arrival | Required | 
     |                       |            |          |       |  Time   |   Time   | 
     |-----------------------+------------+----------+-------+---------+----------| 
     | req_meta_q_reg[4]     | Q v        |          |       |   0.000 |    0.325 | 
     | FE_PHC10_req_meta_q_4 | A v -> Y v | CLKBUFX1 | 0.164 |   0.164 |    0.488 | 
     | FE_PHC36_req_meta_q_4 | A v -> Y v | CLKBUFX1 | 0.138 |   0.302 |    0.626 | 
     | req_sync_q_reg[4]     | D v        | DFFX1    | 0.000 |   0.302 |    0.626 | 
     +----------------------------------------------------------------------------+ 
Path 14: MET Setup Check with Pin req_sync_q_reg[10]/CK 
Endpoint:   req_sync_q_reg[10]/D (v) checked with  leading edge of 'clk'
Beginpoint: req_meta_q_reg[10]/Q (v) triggered by  leading edge of '@'
Path Groups: {clk}
Analysis View: setup_view
Other End Arrival Time          0.174
- Setup                         0.245
+ Path Delay                    0.900
- Uncertainty                   0.200
= Required Time                 0.628
- Arrival Time                  0.295
= Slack Time                    0.333
     Clock Rise Edge                      0.000
     = Beginpoint Arrival Time            0.000
     +-----------------------------------------------------------------------------+ 
     |        Instance        |    Arc     |   Cell   | Delay | Arrival | Required | 
     |                        |            |          |       |  Time   |   Time   | 
     |------------------------+------------+----------+-------+---------+----------| 
     | req_meta_q_reg[10]     | Q v        |          |       |   0.000 |    0.333 | 
     | FE_PHC12_req_meta_q_10 | A v -> Y v | BUFX3    | 0.149 |   0.149 |    0.482 | 
     | FE_PHC50_req_meta_q_10 | A v -> Y v | CLKBUFX3 | 0.146 |   0.295 |    0.628 | 
     | req_sync_q_reg[10]     | D v        | DFFX1    | 0.000 |   0.295 |    0.628 | 
     +-----------------------------------------------------------------------------+ 
Path 15: MET Setup Check with Pin req_sync_q_reg[12]/CK 
Endpoint:   req_sync_q_reg[12]/D (v) checked with  leading edge of 'clk'
Beginpoint: req_meta_q_reg[12]/Q (v) triggered by  leading edge of '@'
Path Groups: {clk}
Analysis View: setup_view
Other End Arrival Time          0.174
- Setup                         0.243
+ Path Delay                    0.900
- Uncertainty                   0.200
= Required Time                 0.632
- Arrival Time                  0.289
= Slack Time                    0.343
     Clock Rise Edge                      0.000
     = Beginpoint Arrival Time            0.000
     +-----------------------------------------------------------------------------+ 
     |        Instance        |    Arc     |   Cell   | Delay | Arrival | Required | 
     |                        |            |          |       |  Time   |   Time   | 
     |------------------------+------------+----------+-------+---------+----------| 
     | req_meta_q_reg[12]     | Q v        |          |       |   0.000 |    0.343 | 
     | FE_PHC5_req_meta_q_12  | A v -> Y v | CLKBUFX1 | 0.144 |   0.144 |    0.487 | 
     | FE_PHC44_req_meta_q_12 | A v -> Y v | CLKBUFX4 | 0.145 |   0.289 |    0.632 | 
     | req_sync_q_reg[12]     | D v        | DFFX1    | 0.000 |   0.289 |    0.632 | 
     +-----------------------------------------------------------------------------+ 
Path 16: MET Setup Check with Pin req_sync_q_reg[6]/CK 
Endpoint:   req_sync_q_reg[6]/D (v) checked with  leading edge of 'clk'
Beginpoint: req_meta_q_reg[6]/Q (v) triggered by  leading edge of '@'
Path Groups: {clk}
Analysis View: setup_view
Other End Arrival Time          0.174
- Setup                         0.248
+ Path Delay                    0.900
- Uncertainty                   0.200
= Required Time                 0.626
- Arrival Time                  0.278
= Slack Time                    0.348
     Clock Rise Edge                      0.000
     = Beginpoint Arrival Time            0.000
     +----------------------------------------------------------------------------+ 
     |       Instance        |    Arc     |   Cell   | Delay | Arrival | Required | 
     |                       |            |          |       |  Time   |   Time   | 
     |-----------------------+------------+----------+-------+---------+----------| 
     | req_meta_q_reg[6]     | Q v        |          |       |   0.000 |    0.348 | 
     | FE_PHC17_req_meta_q_6 | A v -> Y v | CLKBUFX1 | 0.143 |   0.143 |    0.491 | 
     | FE_PHC53_req_meta_q_6 | A v -> Y v | CLKBUFX1 | 0.134 |   0.278 |    0.626 | 
     | req_sync_q_reg[6]     | D v        | DFFX1    | 0.000 |   0.278 |    0.626 | 
     +----------------------------------------------------------------------------+ 

