*----------------------------------------------------------------------------------------
*	Innovus 23.14-s088_1 (64bit) 02/28/2025 12:25 (Linux 3.10.0-693.el7.x86_64)
*	
*
* 	Date & Time:	2026-Aug-21 04:55:54 (2026-Aug-20 19:55:54 GMT)
*
*----------------------------------------------------------------------------------------
*
*	Design: aer_pending_direct_gray_sync_core_reset
*
*	Liberty Libraries used: 
*	        setup_view: <REMOTE_HOME>/aer_2026/p9_hold_sweep_20260821_0349/hold_0p021/db/aer_pending_direct_gray_sync_core_reset_postroute.enc.dat/libs/mmmc/slow.lib
*
*	Power Domain used: 
*              Rail:        VDD      Voltage:       1.62 
*
*       Power View : setup_view
*
*       User-Defined Activity : N.A.
*
*	Switching Activity File used: 
*	        <REMOTE_HOME>/aer_2026/p9_hold_sweep_20260821_0349/hold_0p021/waves/p8dgscr_mapped_activity.saif
*
*            Total Design annotation coverage: 284/352 = 80.681816% 

*       Hierarchical Global Activity: N.A.
*
*       Global Activity: N.A.
*
*       Sequential Element Activity: N.A.
*
*       Primary Input Activity: N.A.
*
*       Default icg ratio: N.A.
*
*       Global Comb ClockGate Ratio: N.A.
*
*	Power Units = 1mW
*
*	Time Units = 1e-09 secs 
*
*       report_power -outfile <REMOTE_HOME>/aer_2026/p9_hold_sweep_20260821_0349/hold_0p021/reports/p8dgscr_pnr/postroute_power_saif.rpt
*
-----------------------------------------------------------------------------------------


Total Power 
-----------------------------------------------------------------------------------------
Total Internal Power:        0.48194558 	   80.7774%
Total Switching Power:       0.11444653 	   19.1820%
Total Leakage Power:         0.00024185 	    0.0405%
Total Power:                 0.59663396 
-----------------------------------------------------------------------------------------


Group                           Internal   Switching     Leakage       Total  Percentage 
                                Power      Power         Power         Power  (%)        
-----------------------------------------------------------------------------------------
Sequential                        0.4083    0.008855   0.0001285      0.4173       69.95 
Macro                                  0           0           0           0           0 
IO                                     0           0           0           0           0 
Combinational                     0.0266     0.02376    0.000107     0.05047       8.459 
Clock (Combinational)            0.04701     0.08183   6.339e-06      0.1288       21.59 
Clock (Sequential)                     0           0           0           0           0 
-----------------------------------------------------------------------------------------
Total                             0.4819      0.1144   0.0002418      0.5966         100 
-----------------------------------------------------------------------------------------


Rail                  Voltage   Internal   Switching     Leakage       Total  Percentage 
                                Power      Power         Power         Power  (%)        
-----------------------------------------------------------------------------------------
VDD                      1.62     0.4819      0.1144   0.0002418      0.5966         100 


Clock                           Internal   Switching     Leakage       Total  Percentage 
                                Power      Power         Power         Power  (%)        
-----------------------------------------------------------------------------------------
clk                              0.04701     0.08183   6.339e-06      0.1288       21.59 
-----------------------------------------------------------------------------------------
Total (excluding duplicates)     0.04701     0.08183   6.339e-06      0.1288       21.59 
-----------------------------------------------------------------------------------------
Clock: clk
Clock Period: 0.010000 usec 
Clock Toggle Rate:   200.0000 Mhz 
Clock Static Probability:  0.5000



-----------------------------------------------------------------------------------------
*	Power Distribution Summary: 
*                Highest Average Power:       CTS_ccl_a_buf_00001 (CLKBUFX20):           0.1288 
*                Highest Leakage Power:       CTS_ccl_a_buf_00001 (CLKBUFX20):        6.339e-06 
*          Total Cap:      3.38766e-12 F
*          Total instances in design:   297
*          Total instances in design with no power:     0
*          Total instances in design with no activity:     0
*          Total Fillers and Decap:     0
-----------------------------------------------------------------------------------------

