###############################################################
#  Generated by:      Cadence Innovus 23.14-s088_1
#  OS:                Linux x86_64(Host ID <REMOTE_HOST>)
#  Generated on:      Fri Aug 21 04:16:27 2026
#  Design:            aer_pending_direct_gray_sync_core_reset
#  Command:           report_timing \
#    -from [get_pins {req_meta_q_reg*/Q}] \
#    -to [get_pins {req_sync_q_reg*/D}] \
#    -max_paths 32 > [file join $report_dir postroute_cdc_hold_timing.rpt]
###############################################################
Path 1: MET Hold Check with Pin req_sync_q_reg[12]/CK 
Endpoint:   req_sync_q_reg[12]/D (v) checked with  leading edge of 'clk'
Beginpoint: req_meta_q_reg[12]/Q (v) triggered by  leading edge of 'clk'
Path Groups: {clk}
Analysis View: hold_view
Other End Arrival Time          0.087
+ Hold                         -0.031
+ Phase Shift                   0.000
+ Uncertainty                   0.200
= Required Time                 0.257
  Arrival Time                  0.266
  Slack Time                    0.009
     Clock Rise Edge                 0.000
     + Clock Network Latency (Prop)  -0.002
     = Beginpoint Arrival Time       -0.002
     +------------------------------------------------------------------------------+ 
     |        Instance        |     Arc     |   Cell   | Delay | Arrival | Required | 
     |                        |             |          |       |  Time   |   Time   | 
     |------------------------+-------------+----------+-------+---------+----------| 
     | req_meta_q_reg[12]     | CK ^        |          |       |  -0.002 |   -0.011 | 
     | req_meta_q_reg[12]     | CK ^ -> Q v | DFFHQX1  | 0.134 |   0.132 |    0.123 | 
     | FE_PHC5_req_meta_q_12  | A v -> Y v  | CLKBUFX1 | 0.067 |   0.199 |    0.190 | 
     | FE_PHC44_req_meta_q_12 | A v -> Y v  | CLKBUFX4 | 0.067 |   0.266 |    0.257 | 
     | req_sync_q_reg[12]     | D v         | DFFX1    | 0.000 |   0.266 |    0.257 | 
     +------------------------------------------------------------------------------+ 
Path 2: MET Hold Check with Pin req_sync_q_reg[6]/CK 
Endpoint:   req_sync_q_reg[6]/D (v) checked with  leading edge of 'clk'
Beginpoint: req_meta_q_reg[6]/Q (v) triggered by  leading edge of 'clk'
Path Groups: {clk}
Analysis View: hold_view
Other End Arrival Time          0.087
+ Hold                         -0.034
+ Phase Shift                   0.000
+ Uncertainty                   0.200
= Required Time                 0.253
  Arrival Time                  0.263
  Slack Time                    0.010
     Clock Rise Edge                 0.000
     + Clock Network Latency (Prop)  -0.002
     = Beginpoint Arrival Time       -0.002
     +-----------------------------------------------------------------------------+ 
     |       Instance        |     Arc     |   Cell   | Delay | Arrival | Required | 
     |                       |             |          |       |  Time   |   Time   | 
     |-----------------------+-------------+----------+-------+---------+----------| 
     | req_meta_q_reg[6]     | CK ^        |          |       |  -0.002 |   -0.013 | 
     | req_meta_q_reg[6]     | CK ^ -> Q v | DFFHQX1  | 0.136 |   0.134 |    0.123 | 
     | FE_PHC17_req_meta_q_6 | A v -> Y v  | CLKBUFX1 | 0.067 |   0.201 |    0.190 | 
     | FE_PHC53_req_meta_q_6 | A v -> Y v  | CLKBUFX1 | 0.062 |   0.263 |    0.253 | 
     | req_sync_q_reg[6]     | D v         | DFFX1    | 0.000 |   0.263 |    0.253 | 
     +-----------------------------------------------------------------------------+ 
Path 3: MET Hold Check with Pin req_sync_q_reg[10]/CK 
Endpoint:   req_sync_q_reg[10]/D (v) checked with  leading edge of 'clk'
Beginpoint: req_meta_q_reg[10]/Q (v) triggered by  leading edge of 'clk'
Path Groups: {clk}
Analysis View: hold_view
Other End Arrival Time          0.087
+ Hold                         -0.032
+ Phase Shift                   0.000
+ Uncertainty                   0.200
= Required Time                 0.254
  Arrival Time                  0.276
  Slack Time                    0.021
     Clock Rise Edge                 0.000
     + Clock Network Latency (Prop)  -0.002
     = Beginpoint Arrival Time       -0.002
     +------------------------------------------------------------------------------+ 
     |        Instance        |     Arc     |   Cell   | Delay | Arrival | Required | 
     |                        |             |          |       |  Time   |   Time   | 
     |------------------------+-------------+----------+-------+---------+----------| 
     | req_meta_q_reg[10]     | CK ^        |          |       |  -0.002 |   -0.024 | 
     | req_meta_q_reg[10]     | CK ^ -> Q v | DFFHQX1  | 0.142 |   0.140 |    0.119 | 
     | FE_PHC12_req_meta_q_10 | A v -> Y v  | BUFX3    | 0.068 |   0.208 |    0.186 | 
     | FE_PHC50_req_meta_q_10 | A v -> Y v  | CLKBUFX3 | 0.068 |   0.276 |    0.254 | 
     | req_sync_q_reg[10]     | D v         | DFFX1    | 0.000 |   0.276 |    0.254 | 
     +------------------------------------------------------------------------------+ 
Path 4: MET Hold Check with Pin req_sync_q_reg[11]/CK 
Endpoint:   req_sync_q_reg[11]/D (v) checked with  leading edge of 'clk'
Beginpoint: req_meta_q_reg[11]/Q (v) triggered by  leading edge of 'clk'
Path Groups: {clk}
Analysis View: hold_view
Other End Arrival Time          0.087
+ Hold                         -0.031
+ Phase Shift                   0.000
+ Uncertainty                   0.200
= Required Time                 0.256
  Arrival Time                  0.280
  Slack Time                    0.024
     Clock Rise Edge                 0.000
     + Clock Network Latency (Prop)  -0.001
     = Beginpoint Arrival Time       -0.001
     +------------------------------------------------------------------------------+ 
     |        Instance        |     Arc     |   Cell   | Delay | Arrival | Required | 
     |                        |             |          |       |  Time   |   Time   | 
     |------------------------+-------------+----------+-------+---------+----------| 
     | req_meta_q_reg[11]     | CK ^        |          |       |  -0.001 |   -0.025 | 
     | req_meta_q_reg[11]     | CK ^ -> Q v | DFFHQX1  | 0.136 |   0.135 |    0.111 | 
     | FE_PHC8_req_meta_q_11  | A v -> Y v  | CLKBUFX1 | 0.075 |   0.210 |    0.186 | 
     | FE_PHC45_req_meta_q_11 | A v -> Y v  | CLKBUFX4 | 0.070 |   0.280 |    0.256 | 
     | req_sync_q_reg[11]     | D v         | DFFX1    | 0.000 |   0.280 |    0.256 | 
     +------------------------------------------------------------------------------+ 
Path 5: MET Hold Check with Pin req_sync_q_reg[1]/CK 
Endpoint:   req_sync_q_reg[1]/D (v) checked with  leading edge of 'clk'
Beginpoint: req_meta_q_reg[1]/Q (v) triggered by  leading edge of 'clk'
Path Groups: {clk}
Analysis View: hold_view
Other End Arrival Time          0.087
+ Hold                         -0.030
+ Phase Shift                   0.000
+ Uncertainty                   0.200
= Required Time                 0.256
  Arrival Time                  0.282
  Slack Time                    0.026
     Clock Rise Edge                 0.000
     + Clock Network Latency (Prop)  -0.002
     = Beginpoint Arrival Time       -0.002
     +-----------------------------------------------------------------------------+ 
     |       Instance        |     Arc     |   Cell   | Delay | Arrival | Required | 
     |                       |             |          |       |  Time   |   Time   | 
     |-----------------------+-------------+----------+-------+---------+----------| 
     | req_meta_q_reg[1]     | CK ^        |          |       |  -0.002 |   -0.028 | 
     | req_meta_q_reg[1]     | CK ^ -> Q v | DFFHQX1  | 0.134 |   0.132 |    0.106 | 
     | FE_PHC6_req_meta_q_1  | A v -> Y v  | CLKBUFX1 | 0.083 |   0.215 |    0.189 | 
     | FE_PHC47_req_meta_q_1 | A v -> Y v  | CLKBUFX8 | 0.067 |   0.282 |    0.256 | 
     | req_sync_q_reg[1]     | D v         | DFFX1    | 0.000 |   0.282 |    0.256 | 
     +-----------------------------------------------------------------------------+ 
Path 6: MET Hold Check with Pin req_sync_q_reg[4]/CK 
Endpoint:   req_sync_q_reg[4]/D (v) checked with  leading edge of 'clk'
Beginpoint: req_meta_q_reg[4]/Q (v) triggered by  leading edge of 'clk'
Path Groups: {clk}
Analysis View: hold_view
Other End Arrival Time          0.087
+ Hold                         -0.034
+ Phase Shift                   0.000
+ Uncertainty                   0.200
= Required Time                 0.253
  Arrival Time                  0.280
  Slack Time                    0.027
     Clock Rise Edge                 0.000
     + Clock Network Latency (Prop)  -0.003
     = Beginpoint Arrival Time       -0.003
     +-----------------------------------------------------------------------------+ 
     |       Instance        |     Arc     |   Cell   | Delay | Arrival | Required | 
     |                       |             |          |       |  Time   |   Time   | 
     |-----------------------+-------------+----------+-------+---------+----------| 
     | req_meta_q_reg[4]     | CK ^        |          |       |  -0.003 |   -0.030 | 
     | req_meta_q_reg[4]     | CK ^ -> Q v | DFFHQX1  | 0.143 |   0.140 |    0.113 | 
     | FE_PHC10_req_meta_q_4 | A v -> Y v  | CLKBUFX1 | 0.077 |   0.217 |    0.190 | 
     | FE_PHC36_req_meta_q_4 | A v -> Y v  | CLKBUFX1 | 0.064 |   0.280 |    0.253 | 
     | req_sync_q_reg[4]     | D v         | DFFX1    | 0.000 |   0.280 |    0.253 | 
     +-----------------------------------------------------------------------------+ 
Path 7: MET Hold Check with Pin req_sync_q_reg[0]/CK 
Endpoint:   req_sync_q_reg[0]/D (v) checked with  leading edge of 'clk'
Beginpoint: req_meta_q_reg[0]/Q (v) triggered by  leading edge of 'clk'
Path Groups: {clk}
Analysis View: hold_view
Other End Arrival Time          0.086
+ Hold                         -0.031
+ Phase Shift                   0.000
+ Uncertainty                   0.200
= Required Time                 0.256
  Arrival Time                  0.285
  Slack Time                    0.030
     Clock Rise Edge                 0.000
     + Clock Network Latency (Prop)  -0.003
     = Beginpoint Arrival Time       -0.003
     +-----------------------------------------------------------------------------+ 
     |       Instance        |     Arc     |   Cell   | Delay | Arrival | Required | 
     |                       |             |          |       |  Time   |   Time   | 
     |-----------------------+-------------+----------+-------+---------+----------| 
     | req_meta_q_reg[0]     | CK ^        |          |       |  -0.003 |   -0.033 | 
     | req_meta_q_reg[0]     | CK ^ -> Q v | DFFHQX1  | 0.132 |   0.128 |    0.099 | 
     | FE_PHC2_req_meta_q_0  | A v -> Y v  | CLKBUFX1 | 0.087 |   0.215 |    0.185 | 
     | FE_PHC52_req_meta_q_0 | A v -> Y v  | CLKBUFX8 | 0.070 |   0.285 |    0.256 | 
     | req_sync_q_reg[0]     | D v         | DFFX1    | 0.000 |   0.285 |    0.256 | 
     +-----------------------------------------------------------------------------+ 
Path 8: MET Hold Check with Pin req_sync_q_reg[3]/CK 
Endpoint:   req_sync_q_reg[3]/D (v) checked with  leading edge of 'clk'
Beginpoint: req_meta_q_reg[3]/Q (v) triggered by  leading edge of 'clk'
Path Groups: {clk}
Analysis View: hold_view
Other End Arrival Time          0.085
+ Hold                         -0.030
+ Phase Shift                   0.000
+ Uncertainty                   0.200
= Required Time                 0.255
  Arrival Time                  0.289
  Slack Time                    0.034
     Clock Rise Edge                 0.000
     + Clock Network Latency (Prop)  -0.003
     = Beginpoint Arrival Time       -0.003
     +-----------------------------------------------------------------------------+ 
     |       Instance        |     Arc     |   Cell   | Delay | Arrival | Required | 
     |                       |             |          |       |  Time   |   Time   | 
     |-----------------------+-------------+----------+-------+---------+----------| 
     | req_meta_q_reg[3]     | CK ^        |          |       |  -0.003 |   -0.037 | 
     | req_meta_q_reg[3]     | CK ^ -> Q v | DFFHQX1  | 0.132 |   0.129 |    0.095 | 
     | FE_PHC4_req_meta_q_3  | A v -> Y v  | CLKBUFX1 | 0.090 |   0.219 |    0.185 | 
     | FE_PHC51_req_meta_q_3 | A v -> Y v  | CLKBUFX8 | 0.070 |   0.289 |    0.255 | 
     | req_sync_q_reg[3]     | D v         | DFFX1    | 0.000 |   0.289 |    0.255 | 
     +-----------------------------------------------------------------------------+ 
Path 9: MET Hold Check with Pin req_sync_q_reg[13]/CK 
Endpoint:   req_sync_q_reg[13]/D (^) checked with  leading edge of 'clk'
Beginpoint: req_meta_q_reg[13]/Q (^) triggered by  leading edge of 'clk'
Path Groups: {clk}
Analysis View: hold_view
Other End Arrival Time          0.087
+ Hold                         -0.033
+ Phase Shift                   0.000
+ Uncertainty                   0.200
= Required Time                 0.254
  Arrival Time                  0.300
  Slack Time                    0.046
     Clock Rise Edge                 0.000
     + Clock Network Latency (Prop)  -0.001
     = Beginpoint Arrival Time       -0.001
     +------------------------------------------------------------------------------+ 
     |        Instance        |     Arc     |   Cell   | Delay | Arrival | Required | 
     |                        |             |          |       |  Time   |   Time   | 
     |------------------------+-------------+----------+-------+---------+----------| 
     | req_meta_q_reg[13]     | CK ^        |          |       |  -0.001 |   -0.047 | 
     | req_meta_q_reg[13]     | CK ^ -> Q ^ | DFFHQX1  | 0.149 |   0.148 |    0.102 | 
     | FE_PHC13_req_meta_q_13 | A ^ -> Y ^  | BUFX3    | 0.052 |   0.200 |    0.154 | 
     | FE_PHC59_req_meta_q_13 | A ^ -> Y ^  | BUFX3    | 0.047 |   0.248 |    0.201 | 
     | FE_PHC38_req_meta_q_13 | A ^ -> Y ^  | CLKBUFX1 | 0.052 |   0.300 |    0.254 | 
     | req_sync_q_reg[13]     | D ^         | DFFX1    | 0.000 |   0.300 |    0.254 | 
     +------------------------------------------------------------------------------+ 
Path 10: MET Hold Check with Pin req_sync_q_reg[2]/CK 
Endpoint:   req_sync_q_reg[2]/D (^) checked with  leading edge of 'clk'
Beginpoint: req_meta_q_reg[2]/Q (^) triggered by  leading edge of 'clk'
Path Groups: {clk}
Analysis View: hold_view
Other End Arrival Time          0.086
+ Hold                         -0.033
+ Phase Shift                   0.000
+ Uncertainty                   0.200
= Required Time                 0.253
  Arrival Time                  0.308
  Slack Time                    0.055
     Clock Rise Edge                 0.000
     + Clock Network Latency (Prop)  -0.002
     = Beginpoint Arrival Time       -0.002
     +-----------------------------------------------------------------------------+ 
     |       Instance        |     Arc     |   Cell   | Delay | Arrival | Required | 
     |                       |             |          |       |  Time   |   Time   | 
     |-----------------------+-------------+----------+-------+---------+----------| 
     | req_meta_q_reg[2]     | CK ^        |          |       |  -0.002 |   -0.056 | 
     | req_meta_q_reg[2]     | CK ^ -> Q ^ | DFFHQX1  | 0.152 |   0.150 |    0.096 | 
     | FE_PHC3_req_meta_q_2  | A ^ -> Y ^  | BUFX3    | 0.054 |   0.204 |    0.150 | 
     | FE_PHC61_req_meta_q_2 | A ^ -> Y ^  | BUFX3    | 0.049 |   0.253 |    0.198 | 
     | FE_PHC42_req_meta_q_2 | A ^ -> Y ^  | CLKBUFX1 | 0.055 |   0.308 |    0.253 | 
     | req_sync_q_reg[2]     | D ^         | DFFX1    | 0.000 |   0.308 |    0.253 | 
     +-----------------------------------------------------------------------------+ 
Path 11: MET Hold Check with Pin req_sync_q_reg[15]/CK 
Endpoint:   req_sync_q_reg[15]/D (v) checked with  leading edge of 'clk'
Beginpoint: req_meta_q_reg[15]/Q (v) triggered by  leading edge of 'clk'
Path Groups: {clk}
Analysis View: hold_view
Other End Arrival Time          0.087
+ Hold                         -0.033
+ Phase Shift                   0.000
+ Uncertainty                   0.200
= Required Time                 0.254
  Arrival Time                  0.311
  Slack Time                    0.057
     Clock Rise Edge                 0.000
     + Clock Network Latency (Prop)  -0.002
     = Beginpoint Arrival Time       -0.002
     +------------------------------------------------------------------------------+ 
     |        Instance        |     Arc     |   Cell   | Delay | Arrival | Required | 
     |                        |             |          |       |  Time   |   Time   | 
     |------------------------+-------------+----------+-------+---------+----------| 
     | req_meta_q_reg[15]     | CK ^        |          |       |  -0.002 |   -0.059 | 
     | req_meta_q_reg[15]     | CK ^ -> Q v | DFFHQX1  | 0.126 |   0.124 |    0.067 | 
     | FE_PHC14_req_meta_q_15 | A v -> Y v  | CLKBUFX3 | 0.072 |   0.196 |    0.138 | 
     | FE_PHC62_req_meta_q_15 | A v -> Y v  | BUFX3    | 0.060 |   0.256 |    0.199 | 
     | FE_PHC46_req_meta_q_15 | A v -> Y v  | CLKBUFX1 | 0.055 |   0.311 |    0.254 | 
     | req_sync_q_reg[15]     | D v         | DFFX1    | 0.000 |   0.311 |    0.254 | 
     +------------------------------------------------------------------------------+ 
Path 12: MET Hold Check with Pin req_sync_q_reg[9]/CK 
Endpoint:   req_sync_q_reg[9]/D (v) checked with  leading edge of 'clk'
Beginpoint: req_meta_q_reg[9]/Q (v) triggered by  leading edge of 'clk'
Path Groups: {clk}
Analysis View: hold_view
Other End Arrival Time          0.087
+ Hold                         -0.033
+ Phase Shift                   0.000
+ Uncertainty                   0.200
= Required Time                 0.254
  Arrival Time                  0.313
  Slack Time                    0.059
     Clock Rise Edge                 0.000
     + Clock Network Latency (Prop)  -0.002
     = Beginpoint Arrival Time       -0.002
     +-----------------------------------------------------------------------------+ 
     |       Instance        |     Arc     |   Cell   | Delay | Arrival | Required | 
     |                       |             |          |       |  Time   |   Time   | 
     |-----------------------+-------------+----------+-------+---------+----------| 
     | req_meta_q_reg[9]     | CK ^        |          |       |  -0.002 |   -0.062 | 
     | req_meta_q_reg[9]     | CK ^ -> Q v | DFFHQX1  | 0.126 |   0.124 |    0.064 | 
     | FE_PHC15_req_meta_q_9 | A v -> Y v  | CLKBUFX3 | 0.072 |   0.195 |    0.136 | 
     | FE_PHC63_req_meta_q_9 | A v -> Y v  | BUFX3    | 0.061 |   0.257 |    0.197 | 
     | FE_PHC48_req_meta_q_9 | A v -> Y v  | CLKBUFX1 | 0.056 |   0.313 |    0.254 | 
     | req_sync_q_reg[9]     | D v         | DFFX1    | 0.000 |   0.313 |    0.254 | 
     +-----------------------------------------------------------------------------+ 
Path 13: MET Hold Check with Pin req_sync_q_reg[8]/CK 
Endpoint:   req_sync_q_reg[8]/D (^) checked with  leading edge of 'clk'
Beginpoint: req_meta_q_reg[8]/Q (^) triggered by  leading edge of 'clk'
Path Groups: {clk}
Analysis View: hold_view
Other End Arrival Time          0.087
+ Hold                         -0.033
+ Phase Shift                   0.000
+ Uncertainty                   0.200
= Required Time                 0.254
  Arrival Time                  0.313
  Slack Time                    0.059
     Clock Rise Edge                 0.000
     + Clock Network Latency (Prop)  -0.002
     = Beginpoint Arrival Time       -0.002
     +-----------------------------------------------------------------------------+ 
     |       Instance        |     Arc     |   Cell   | Delay | Arrival | Required | 
     |                       |             |          |       |  Time   |   Time   | 
     |-----------------------+-------------+----------+-------+---------+----------| 
     | req_meta_q_reg[8]     | CK ^        |          |       |  -0.002 |   -0.062 | 
     | req_meta_q_reg[8]     | CK ^ -> Q ^ | DFFHQX1  | 0.152 |   0.149 |    0.090 | 
     | FE_PHC7_req_meta_q_8  | A ^ -> Y ^  | BUFX3    | 0.055 |   0.204 |    0.145 | 
     | FE_PHC65_req_meta_q_8 | A ^ -> Y ^  | BUFX3    | 0.050 |   0.254 |    0.195 | 
     | FE_PHC43_req_meta_q_8 | A ^ -> Y ^  | CLKBUFX1 | 0.059 |   0.313 |    0.254 | 
     | req_sync_q_reg[8]     | D ^         | DFFX1    | 0.000 |   0.313 |    0.254 | 
     +-----------------------------------------------------------------------------+ 
Path 14: MET Hold Check with Pin req_sync_q_reg[14]/CK 
Endpoint:   req_sync_q_reg[14]/D (^) checked with  leading edge of 'clk'
Beginpoint: req_meta_q_reg[14]/Q (^) triggered by  leading edge of 'clk'
Path Groups: {clk}
Analysis View: hold_view
Other End Arrival Time          0.088
+ Hold                         -0.033
+ Phase Shift                   0.000
+ Uncertainty                   0.200
= Required Time                 0.255
  Arrival Time                  0.316
  Slack Time                    0.060
     Clock Rise Edge                 0.000
     + Clock Network Latency (Prop)  -0.002
     = Beginpoint Arrival Time       -0.002
     +------------------------------------------------------------------------------+ 
     |        Instance        |     Arc     |   Cell   | Delay | Arrival | Required | 
     |                        |             |          |       |  Time   |   Time   | 
     |------------------------+-------------+----------+-------+---------+----------| 
     | req_meta_q_reg[14]     | CK ^        |          |       |  -0.002 |   -0.063 | 
     | req_meta_q_reg[14]     | CK ^ -> Q ^ | DFFHQX1  | 0.158 |   0.156 |    0.095 | 
     | FE_PHC9_req_meta_q_14  | A ^ -> Y ^  | BUFX3    | 0.056 |   0.211 |    0.151 | 
     | FE_PHC60_req_meta_q_14 | A ^ -> Y ^  | BUFX3    | 0.050 |   0.261 |    0.201 | 
     | FE_PHC39_req_meta_q_14 | A ^ -> Y ^  | CLKBUFX1 | 0.054 |   0.316 |    0.255 | 
     | req_sync_q_reg[14]     | D ^         | DFFX1    | 0.000 |   0.316 |    0.255 | 
     +------------------------------------------------------------------------------+ 
Path 15: MET Hold Check with Pin req_sync_q_reg[5]/CK 
Endpoint:   req_sync_q_reg[5]/D (^) checked with  leading edge of 'clk'
Beginpoint: req_meta_q_reg[5]/Q (^) triggered by  leading edge of 'clk'
Path Groups: {clk}
Analysis View: hold_view
Other End Arrival Time          0.087
+ Hold                         -0.033
+ Phase Shift                   0.000
+ Uncertainty                   0.200
= Required Time                 0.254
  Arrival Time                  0.316
  Slack Time                    0.062
     Clock Rise Edge                 0.000
     + Clock Network Latency (Prop)  -0.002
     = Beginpoint Arrival Time       -0.002
     +-----------------------------------------------------------------------------+ 
     |       Instance        |     Arc     |   Cell   | Delay | Arrival | Required | 
     |                       |             |          |       |  Time   |   Time   | 
     |-----------------------+-------------+----------+-------+---------+----------| 
     | req_meta_q_reg[5]     | CK ^        |          |       |  -0.002 |   -0.065 | 
     | req_meta_q_reg[5]     | CK ^ -> Q ^ | DFFHQX1  | 0.157 |   0.154 |    0.092 | 
     | FE_PHC64_req_meta_q_5 | A ^ -> Y ^  | BUFX3    | 0.057 |   0.211 |    0.149 | 
     | FE_PHC41_req_meta_q_5 | A ^ -> Y ^  | BUFX3    | 0.048 |   0.260 |    0.197 | 
     | FE_PHC16_req_meta_q_5 | A ^ -> Y ^  | CLKBUFX1 | 0.057 |   0.316 |    0.254 | 
     | req_sync_q_reg[5]     | D ^         | DFFX1    | 0.000 |   0.316 |    0.254 | 
     +-----------------------------------------------------------------------------+ 
Path 16: MET Hold Check with Pin req_sync_q_reg[7]/CK 
Endpoint:   req_sync_q_reg[7]/D (^) checked with  leading edge of 'clk'
Beginpoint: req_meta_q_reg[7]/Q (^) triggered by  leading edge of 'clk'
Path Groups: {clk}
Analysis View: hold_view
Other End Arrival Time          0.087
+ Hold                         -0.033
+ Phase Shift                   0.000
+ Uncertainty                   0.200
= Required Time                 0.254
  Arrival Time                  0.327
  Slack Time                    0.073
     Clock Rise Edge                 0.000
     + Clock Network Latency (Prop)  -0.002
     = Beginpoint Arrival Time       -0.002
     +-----------------------------------------------------------------------------+ 
     |       Instance        |     Arc     |   Cell   | Delay | Arrival | Required | 
     |                       |             |          |       |  Time   |   Time   | 
     |-----------------------+-------------+----------+-------+---------+----------| 
     | req_meta_q_reg[7]     | CK ^        |          |       |  -0.002 |   -0.075 | 
     | req_meta_q_reg[7]     | CK ^ -> Q ^ | DFFHQX1  | 0.154 |   0.151 |    0.079 | 
     | FE_PHC11_req_meta_q_7 | A ^ -> Y ^  | BUFX3    | 0.061 |   0.212 |    0.139 | 
     | FE_PHC66_req_meta_q_7 | A ^ -> Y ^  | BUFX3    | 0.055 |   0.267 |    0.195 | 
     | FE_PHC49_req_meta_q_7 | A ^ -> Y ^  | CLKBUFX1 | 0.059 |   0.327 |    0.254 | 
     | req_sync_q_reg[7]     | D ^         | DFFX1    | 0.000 |   0.327 |    0.254 | 
     +-----------------------------------------------------------------------------+ 

