Copyright 1986-2020 Xilinx, Inc. All Rights Reserved.
----------------------------------------------------------------------------------------------------------------------------------------------------------------
| Tool Version : Vivado v.2020.2 (win64) Build 3064766 Wed Nov 18 09:12:45 MST 2020
| Date         : Wed Aug 19 12:12:48 2026
| Host         : DESKTOP-F81OJT8 running 64-bit major release  (build 9200)
| Command      : report_timing_summary -delay_type max -max_paths 10 -report_unconstrained -file reports/improved_hierarchical/vivado_sanity/timing_summary.rpt
| Design       : aer_improved_hierarchical
| Device       : 7a35t-cpg236
| Speed File   : -1  PRODUCTION 1.23 2018-06-13
----------------------------------------------------------------------------------------------------------------------------------------------------------------

Timing Summary Report

------------------------------------------------------------------------------------------------
| Timer Settings
| --------------
------------------------------------------------------------------------------------------------

  Enable Multi Corner Analysis               :  Yes
  Enable Pessimism Removal                   :  Yes
  Pessimism Removal Resolution               :  Nearest Common Node
  Enable Input Delay Default Clock           :  No
  Enable Preset / Clear Arcs                 :  No
  Disable Flight Delays                      :  No
  Ignore I/O Paths                           :  No
  Timing Early Launch at Borrowing Latches   :  No
  Borrow Time for Max Delay Exceptions       :  Yes
  Merge Timing Exceptions                    :  Yes

  Corner  Analyze    Analyze    
  Name    Max Paths  Min Paths  
  ------  ---------  ---------  
  Slow    Yes        Yes        
  Fast    Yes        Yes        



check_timing report

Table of Contents
-----------------
1. checking no_clock (0)
2. checking constant_clock (0)
3. checking pulse_width_clock (0)
4. checking unconstrained_internal_endpoints (0)
5. checking no_input_delay (17)
6. checking no_output_delay (0)
7. checking multiple_clock (0)
8. checking generated_clocks (0)
9. checking loops (0)
10. checking partial_input_delay (0)
11. checking partial_output_delay (0)
12. checking latch_loops (0)

1. checking no_clock (0)
------------------------
 There are 0 register/latch pins with no clock.


2. checking constant_clock (0)
------------------------------
 There are 0 register/latch pins with constant_clock.


3. checking pulse_width_clock (0)
---------------------------------
 There are 0 register/latch pins which need pulse_width check


4. checking unconstrained_internal_endpoints (0)
------------------------------------------------
 There are 0 pins that are not constrained for maximum delay.

 There are 0 pins that are not constrained for maximum delay due to constant clock.


5. checking no_input_delay (17)
-------------------------------
 There are 0 input ports with no input delay specified.

 There are 17 input ports with no input delay but user has a false path constraint. (MEDIUM)


6. checking no_output_delay (0)
-------------------------------
 There are 0 ports with no output delay specified.

 There are 0 ports with no output delay but user has a false path constraint

 There are 0 ports with no output delay but with a timing clock defined on it or propagating through it


7. checking multiple_clock (0)
------------------------------
 There are 0 register/latch pins with multiple clocks.


8. checking generated_clocks (0)
--------------------------------
 There are 0 generated clocks that are not connected to a clock source.


9. checking loops (0)
---------------------
 There are 0 combinational loops in the design.


10. checking partial_input_delay (0)
------------------------------------
 There are 0 input ports with partial input delay specified.


11. checking partial_output_delay (0)
-------------------------------------
 There are 0 ports with partial output delay specified.


12. checking latch_loops (0)
----------------------------
 There are 0 combinational latch loops in the design through latch input



------------------------------------------------------------------------------------------------
| Design Timing Summary
| ---------------------
------------------------------------------------------------------------------------------------

    WNS(ns)      TNS(ns)  TNS Failing Endpoints  TNS Total Endpoints     WPWS(ns)     TPWS(ns)  TPWS Failing Endpoints  TPWS Total Endpoints  
    -------      -------  ---------------------  -------------------     --------     --------  ----------------------  --------------------  
      1.735        0.000                      0                  104        4.500        0.000                       0                    96  


All user specified timing constraints are met.


------------------------------------------------------------------------------------------------
| Clock Summary
| -------------
------------------------------------------------------------------------------------------------

Clock  Waveform(ns)       Period(ns)      Frequency(MHz)
-----  ------------       ----------      --------------
clk    {0.000 5.000}      10.000          100.000         


------------------------------------------------------------------------------------------------
| Intra Clock Table
| -----------------
------------------------------------------------------------------------------------------------

Clock             WNS(ns)      TNS(ns)  TNS Failing Endpoints  TNS Total Endpoints     WPWS(ns)     TPWS(ns)  TPWS Failing Endpoints  TPWS Total Endpoints  
-----             -------      -------  ---------------------  -------------------     --------     --------  ----------------------  --------------------  
clk                 1.735        0.000                      0                  104        4.500        0.000                       0                    96  


------------------------------------------------------------------------------------------------
| Inter Clock Table
| -----------------
------------------------------------------------------------------------------------------------

From Clock    To Clock          WNS(ns)      TNS(ns)  TNS Failing Endpoints  TNS Total Endpoints  
----------    --------          -------      -------  ---------------------  -------------------  


------------------------------------------------------------------------------------------------
| Other Path Groups Table
| -----------------------
------------------------------------------------------------------------------------------------

Path Group    From Clock    To Clock          WNS(ns)      TNS(ns)  TNS Failing Endpoints  TNS Total Endpoints  
----------    ----------    --------          -------      -------  ---------------------  -------------------  


------------------------------------------------------------------------------------------------
| User Ignored Path Table
| -----------------------
------------------------------------------------------------------------------------------------

Path Group    From Clock    To Clock    
----------    ----------    --------    
(none)                      clk           


------------------------------------------------------------------------------------------------
| Unconstrained Path Table
| ------------------------
------------------------------------------------------------------------------------------------

Path Group    From Clock    To Clock    
----------    ----------    --------    


------------------------------------------------------------------------------------------------
| Timing Details
| --------------
------------------------------------------------------------------------------------------------


---------------------------------------------------------------------------------------------------
From Clock:  clk
  To Clock:  clk

Setup :            0  Failing Endpoints,  Worst Slack        1.735ns,  Total Violation        0.000ns
Hold  :           NA  Failing Endpoints,  Worst Slack           NA  ,  Total Violation           NA
PW    :            0  Failing Endpoints,  Worst Slack        4.500ns,  Total Violation        0.000ns
---------------------------------------------------------------------------------------------------


Max Delay Paths
--------------------------------------------------------------------------------------
Slack (MET) :             1.735ns  (required time - arrival time)
  Source:                 queue_count_q_reg[3][1]/C
                            (rising edge-triggered cell FDCE clocked by clk  {rise@0.000ns fall@5.000ns period=10.000ns})
  Destination:            queue_count_q_reg[11][1]/D
                            (rising edge-triggered cell FDCE clocked by clk  {rise@0.000ns fall@5.000ns period=10.000ns})
  Path Group:             clk
  Path Type:              Setup (Max at Slow Process Corner)
  Requirement:            10.000ns  (clk rise@10.000ns - clk rise@0.000ns)
  Data Path Delay:        8.114ns  (logic 1.942ns (23.934%)  route 6.172ns (76.066%))
  Logic Levels:           8  (LUT4=1 LUT5=1 LUT6=5 MUXF7=1)
  Clock Path Skew:        -0.145ns (DCD - SCD + CPR)
    Destination Clock Delay (DCD):    2.079ns = ( 12.079 - 10.000 ) 
    Source Clock Delay      (SCD):    2.402ns
    Clock Pessimism Removal (CPR):    0.178ns
  Clock Uncertainty:      0.035ns  ((TSJ^2 + TIJ^2)^1/2 + DJ) / 2 + PE
    Total System Jitter     (TSJ):    0.071ns
    Total Input Jitter      (TIJ):    0.000ns
    Discrete Jitter          (DJ):    0.000ns
    Phase Error              (PE):    0.000ns

    Location             Delay type                Incr(ns)  Path(ns)    Netlist Resource(s)
  -------------------------------------------------------------------    -------------------
                         (clock clk rise edge)        0.000     0.000 r  
                                                      0.000     0.000 r  clk (IN)
                         net (fo=0)                   0.000     0.000    clk
                         IBUF (Prop_ibuf_I_O)         0.923     0.923 r  clk_IBUF_inst/O
                         net (fo=1, unplaced)         0.800     1.722    clk_IBUF
                         BUFG (Prop_bufg_I_O)         0.096     1.818 r  clk_IBUF_BUFG_inst/O
                         net (fo=95, unplaced)        0.584     2.402    clk_IBUF_BUFG
                         FDCE                                         r  queue_count_q_reg[3][1]/C
  -------------------------------------------------------------------    -------------------
                         FDCE (Prop_fdce_C_Q)         0.456     2.858 r  queue_count_q_reg[3][1]/Q
                         net (fo=5, unplaced)         0.834     3.692    queue_count_q_reg_n_0_[3][1]
                         LUT5 (Prop_lut5_I0_O)        0.323     4.015 r  out_addr_q[3]_i_21/O
                         net (fo=4, unplaced)         0.926     4.941    out_addr_q[3]_i_21_n_0
                         LUT6 (Prop_lut6_I2_O)        0.124     5.065 r  out_addr_q[1]_i_14/O
                         net (fo=2, unplaced)         0.913     5.978    local_valid184_out
                         LUT4 (Prop_lut4_I1_O)        0.124     6.102 r  out_addr_q[0]_i_6/O
                         net (fo=2, unplaced)         1.122     7.224    out_addr_q[0]_i_6_n_0
                         LUT6 (Prop_lut6_I1_O)        0.124     7.348 r  out_addr_q[0]_i_3/O
                         net (fo=1, unplaced)         0.000     7.348    out_addr_q[0]_i_3_n_0
                         MUXF7 (Prop_muxf7_I1_O)      0.245     7.593 r  out_addr_q_reg[0]_i_1/O
                         net (fo=27, unplaced)        0.519     8.112    p_0_in[0]
                         LUT6 (Prop_lut6_I3_O)        0.298     8.410 r  queue_count_q[15][1]_i_9/O
                         net (fo=1, unplaced)         0.902     9.312    queue_count_q[15][1]_i_9_n_0
                         LUT6 (Prop_lut6_I1_O)        0.124     9.436 r  queue_count_q[15][1]_i_2/O
                         net (fo=16, unplaced)        0.956    10.392    queue_count_d[1]
                         LUT6 (Prop_lut6_I0_O)        0.124    10.516 r  queue_count_q[11][1]_i_1/O
                         net (fo=1, unplaced)         0.000    10.516    queue_count_d[11][1]
                         FDCE                                         r  queue_count_q_reg[11][1]/D
  -------------------------------------------------------------------    -------------------

                         (clock clk rise edge)       10.000    10.000 r  
                                                      0.000    10.000 r  clk (IN)
                         net (fo=0)                   0.000    10.000    clk
                         IBUF (Prop_ibuf_I_O)         0.789    10.789 r  clk_IBUF_inst/O
                         net (fo=1, unplaced)         0.760    11.549    clk_IBUF
                         BUFG (Prop_bufg_I_O)         0.091    11.640 r  clk_IBUF_BUFG_inst/O
                         net (fo=95, unplaced)        0.439    12.079    clk_IBUF_BUFG
                         FDCE                                         r  queue_count_q_reg[11][1]/C
                         clock pessimism              0.178    12.257    
                         clock uncertainty           -0.035    12.222    
                         FDCE (Setup_fdce_C_D)        0.029    12.251    queue_count_q_reg[11][1]
  -------------------------------------------------------------------
                         required time                         12.251    
                         arrival time                         -10.516    
  -------------------------------------------------------------------
                         slack                                  1.735    

Slack (MET) :             1.735ns  (required time - arrival time)
  Source:                 queue_count_q_reg[3][1]/C
                            (rising edge-triggered cell FDCE clocked by clk  {rise@0.000ns fall@5.000ns period=10.000ns})
  Destination:            queue_count_q_reg[15][1]/D
                            (rising edge-triggered cell FDCE clocked by clk  {rise@0.000ns fall@5.000ns period=10.000ns})
  Path Group:             clk
  Path Type:              Setup (Max at Slow Process Corner)
  Requirement:            10.000ns  (clk rise@10.000ns - clk rise@0.000ns)
  Data Path Delay:        8.114ns  (logic 1.942ns (23.934%)  route 6.172ns (76.066%))
  Logic Levels:           8  (LUT4=1 LUT5=1 LUT6=5 MUXF7=1)
  Clock Path Skew:        -0.145ns (DCD - SCD + CPR)
    Destination Clock Delay (DCD):    2.079ns = ( 12.079 - 10.000 ) 
    Source Clock Delay      (SCD):    2.402ns
    Clock Pessimism Removal (CPR):    0.178ns
  Clock Uncertainty:      0.035ns  ((TSJ^2 + TIJ^2)^1/2 + DJ) / 2 + PE
    Total System Jitter     (TSJ):    0.071ns
    Total Input Jitter      (TIJ):    0.000ns
    Discrete Jitter          (DJ):    0.000ns
    Phase Error              (PE):    0.000ns

    Location             Delay type                Incr(ns)  Path(ns)    Netlist Resource(s)
  -------------------------------------------------------------------    -------------------
                         (clock clk rise edge)        0.000     0.000 r  
                                                      0.000     0.000 r  clk (IN)
                         net (fo=0)                   0.000     0.000    clk
                         IBUF (Prop_ibuf_I_O)         0.923     0.923 r  clk_IBUF_inst/O
                         net (fo=1, unplaced)         0.800     1.722    clk_IBUF
                         BUFG (Prop_bufg_I_O)         0.096     1.818 r  clk_IBUF_BUFG_inst/O
                         net (fo=95, unplaced)        0.584     2.402    clk_IBUF_BUFG
                         FDCE                                         r  queue_count_q_reg[3][1]/C
  -------------------------------------------------------------------    -------------------
                         FDCE (Prop_fdce_C_Q)         0.456     2.858 r  queue_count_q_reg[3][1]/Q
                         net (fo=5, unplaced)         0.834     3.692    queue_count_q_reg_n_0_[3][1]
                         LUT5 (Prop_lut5_I0_O)        0.323     4.015 r  out_addr_q[3]_i_21/O
                         net (fo=4, unplaced)         0.926     4.941    out_addr_q[3]_i_21_n_0
                         LUT6 (Prop_lut6_I2_O)        0.124     5.065 r  out_addr_q[1]_i_14/O
                         net (fo=2, unplaced)         0.913     5.978    local_valid184_out
                         LUT4 (Prop_lut4_I1_O)        0.124     6.102 r  out_addr_q[0]_i_6/O
                         net (fo=2, unplaced)         1.122     7.224    out_addr_q[0]_i_6_n_0
                         LUT6 (Prop_lut6_I1_O)        0.124     7.348 r  out_addr_q[0]_i_3/O
                         net (fo=1, unplaced)         0.000     7.348    out_addr_q[0]_i_3_n_0
                         MUXF7 (Prop_muxf7_I1_O)      0.245     7.593 r  out_addr_q_reg[0]_i_1/O
                         net (fo=27, unplaced)        0.519     8.112    p_0_in[0]
                         LUT6 (Prop_lut6_I3_O)        0.298     8.410 r  queue_count_q[15][1]_i_9/O
                         net (fo=1, unplaced)         0.902     9.312    queue_count_q[15][1]_i_9_n_0
                         LUT6 (Prop_lut6_I1_O)        0.124     9.436 r  queue_count_q[15][1]_i_2/O
                         net (fo=16, unplaced)        0.956    10.392    queue_count_d[1]
                         LUT6 (Prop_lut6_I0_O)        0.124    10.516 r  queue_count_q[15][1]_i_1/O
                         net (fo=1, unplaced)         0.000    10.516    queue_count_d[15][1]
                         FDCE                                         r  queue_count_q_reg[15][1]/D
  -------------------------------------------------------------------    -------------------

                         (clock clk rise edge)       10.000    10.000 r  
                                                      0.000    10.000 r  clk (IN)
                         net (fo=0)                   0.000    10.000    clk
                         IBUF (Prop_ibuf_I_O)         0.789    10.789 r  clk_IBUF_inst/O
                         net (fo=1, unplaced)         0.760    11.549    clk_IBUF
                         BUFG (Prop_bufg_I_O)         0.091    11.640 r  clk_IBUF_BUFG_inst/O
                         net (fo=95, unplaced)        0.439    12.079    clk_IBUF_BUFG
                         FDCE                                         r  queue_count_q_reg[15][1]/C
                         clock pessimism              0.178    12.257    
                         clock uncertainty           -0.035    12.222    
                         FDCE (Setup_fdce_C_D)        0.029    12.251    queue_count_q_reg[15][1]
  -------------------------------------------------------------------
                         required time                         12.251    
                         arrival time                         -10.516    
  -------------------------------------------------------------------
                         slack                                  1.735    

Slack (MET) :             1.735ns  (required time - arrival time)
  Source:                 queue_count_q_reg[3][1]/C
                            (rising edge-triggered cell FDCE clocked by clk  {rise@0.000ns fall@5.000ns period=10.000ns})
  Destination:            queue_count_q_reg[3][1]/D
                            (rising edge-triggered cell FDCE clocked by clk  {rise@0.000ns fall@5.000ns period=10.000ns})
  Path Group:             clk
  Path Type:              Setup (Max at Slow Process Corner)
  Requirement:            10.000ns  (clk rise@10.000ns - clk rise@0.000ns)
  Data Path Delay:        8.114ns  (logic 1.942ns (23.934%)  route 6.172ns (76.066%))
  Logic Levels:           8  (LUT4=1 LUT5=1 LUT6=5 MUXF7=1)
  Clock Path Skew:        -0.145ns (DCD - SCD + CPR)
    Destination Clock Delay (DCD):    2.079ns = ( 12.079 - 10.000 ) 
    Source Clock Delay      (SCD):    2.402ns
    Clock Pessimism Removal (CPR):    0.178ns
  Clock Uncertainty:      0.035ns  ((TSJ^2 + TIJ^2)^1/2 + DJ) / 2 + PE
    Total System Jitter     (TSJ):    0.071ns
    Total Input Jitter      (TIJ):    0.000ns
    Discrete Jitter          (DJ):    0.000ns
    Phase Error              (PE):    0.000ns

    Location             Delay type                Incr(ns)  Path(ns)    Netlist Resource(s)
  -------------------------------------------------------------------    -------------------
                         (clock clk rise edge)        0.000     0.000 r  
                                                      0.000     0.000 r  clk (IN)
                         net (fo=0)                   0.000     0.000    clk
                         IBUF (Prop_ibuf_I_O)         0.923     0.923 r  clk_IBUF_inst/O
                         net (fo=1, unplaced)         0.800     1.722    clk_IBUF
                         BUFG (Prop_bufg_I_O)         0.096     1.818 r  clk_IBUF_BUFG_inst/O
                         net (fo=95, unplaced)        0.584     2.402    clk_IBUF_BUFG
                         FDCE                                         r  queue_count_q_reg[3][1]/C
  -------------------------------------------------------------------    -------------------
                         FDCE (Prop_fdce_C_Q)         0.456     2.858 r  queue_count_q_reg[3][1]/Q
                         net (fo=5, unplaced)         0.834     3.692    queue_count_q_reg_n_0_[3][1]
                         LUT5 (Prop_lut5_I0_O)        0.323     4.015 r  out_addr_q[3]_i_21/O
                         net (fo=4, unplaced)         0.926     4.941    out_addr_q[3]_i_21_n_0
                         LUT6 (Prop_lut6_I2_O)        0.124     5.065 r  out_addr_q[1]_i_14/O
                         net (fo=2, unplaced)         0.913     5.978    local_valid184_out
                         LUT4 (Prop_lut4_I1_O)        0.124     6.102 r  out_addr_q[0]_i_6/O
                         net (fo=2, unplaced)         1.122     7.224    out_addr_q[0]_i_6_n_0
                         LUT6 (Prop_lut6_I1_O)        0.124     7.348 r  out_addr_q[0]_i_3/O
                         net (fo=1, unplaced)         0.000     7.348    out_addr_q[0]_i_3_n_0
                         MUXF7 (Prop_muxf7_I1_O)      0.245     7.593 r  out_addr_q_reg[0]_i_1/O
                         net (fo=27, unplaced)        0.519     8.112    p_0_in[0]
                         LUT6 (Prop_lut6_I3_O)        0.298     8.410 r  queue_count_q[15][1]_i_9/O
                         net (fo=1, unplaced)         0.902     9.312    queue_count_q[15][1]_i_9_n_0
                         LUT6 (Prop_lut6_I1_O)        0.124     9.436 r  queue_count_q[15][1]_i_2/O
                         net (fo=16, unplaced)        0.956    10.392    queue_count_d[1]
                         LUT6 (Prop_lut6_I0_O)        0.124    10.516 r  queue_count_q[3][1]_i_1/O
                         net (fo=1, unplaced)         0.000    10.516    queue_count_d[3][1]
                         FDCE                                         r  queue_count_q_reg[3][1]/D
  -------------------------------------------------------------------    -------------------

                         (clock clk rise edge)       10.000    10.000 r  
                                                      0.000    10.000 r  clk (IN)
                         net (fo=0)                   0.000    10.000    clk
                         IBUF (Prop_ibuf_I_O)         0.789    10.789 r  clk_IBUF_inst/O
                         net (fo=1, unplaced)         0.760    11.549    clk_IBUF
                         BUFG (Prop_bufg_I_O)         0.091    11.640 r  clk_IBUF_BUFG_inst/O
                         net (fo=95, unplaced)        0.439    12.079    clk_IBUF_BUFG
                         FDCE                                         r  queue_count_q_reg[3][1]/C
                         clock pessimism              0.178    12.257    
                         clock uncertainty           -0.035    12.222    
                         FDCE (Setup_fdce_C_D)        0.029    12.251    queue_count_q_reg[3][1]
  -------------------------------------------------------------------
                         required time                         12.251    
                         arrival time                         -10.516    
  -------------------------------------------------------------------
                         slack                                  1.735    

Slack (MET) :             1.735ns  (required time - arrival time)
  Source:                 queue_count_q_reg[3][1]/C
                            (rising edge-triggered cell FDCE clocked by clk  {rise@0.000ns fall@5.000ns period=10.000ns})
  Destination:            queue_count_q_reg[7][1]/D
                            (rising edge-triggered cell FDCE clocked by clk  {rise@0.000ns fall@5.000ns period=10.000ns})
  Path Group:             clk
  Path Type:              Setup (Max at Slow Process Corner)
  Requirement:            10.000ns  (clk rise@10.000ns - clk rise@0.000ns)
  Data Path Delay:        8.114ns  (logic 1.942ns (23.934%)  route 6.172ns (76.066%))
  Logic Levels:           8  (LUT4=1 LUT5=1 LUT6=5 MUXF7=1)
  Clock Path Skew:        -0.145ns (DCD - SCD + CPR)
    Destination Clock Delay (DCD):    2.079ns = ( 12.079 - 10.000 ) 
    Source Clock Delay      (SCD):    2.402ns
    Clock Pessimism Removal (CPR):    0.178ns
  Clock Uncertainty:      0.035ns  ((TSJ^2 + TIJ^2)^1/2 + DJ) / 2 + PE
    Total System Jitter     (TSJ):    0.071ns
    Total Input Jitter      (TIJ):    0.000ns
    Discrete Jitter          (DJ):    0.000ns
    Phase Error              (PE):    0.000ns

    Location             Delay type                Incr(ns)  Path(ns)    Netlist Resource(s)
  -------------------------------------------------------------------    -------------------
                         (clock clk rise edge)        0.000     0.000 r  
                                                      0.000     0.000 r  clk (IN)
                         net (fo=0)                   0.000     0.000    clk
                         IBUF (Prop_ibuf_I_O)         0.923     0.923 r  clk_IBUF_inst/O
                         net (fo=1, unplaced)         0.800     1.722    clk_IBUF
                         BUFG (Prop_bufg_I_O)         0.096     1.818 r  clk_IBUF_BUFG_inst/O
                         net (fo=95, unplaced)        0.584     2.402    clk_IBUF_BUFG
                         FDCE                                         r  queue_count_q_reg[3][1]/C
  -------------------------------------------------------------------    -------------------
                         FDCE (Prop_fdce_C_Q)         0.456     2.858 r  queue_count_q_reg[3][1]/Q
                         net (fo=5, unplaced)         0.834     3.692    queue_count_q_reg_n_0_[3][1]
                         LUT5 (Prop_lut5_I0_O)        0.323     4.015 r  out_addr_q[3]_i_21/O
                         net (fo=4, unplaced)         0.926     4.941    out_addr_q[3]_i_21_n_0
                         LUT6 (Prop_lut6_I2_O)        0.124     5.065 r  out_addr_q[1]_i_14/O
                         net (fo=2, unplaced)         0.913     5.978    local_valid184_out
                         LUT4 (Prop_lut4_I1_O)        0.124     6.102 r  out_addr_q[0]_i_6/O
                         net (fo=2, unplaced)         1.122     7.224    out_addr_q[0]_i_6_n_0
                         LUT6 (Prop_lut6_I1_O)        0.124     7.348 r  out_addr_q[0]_i_3/O
                         net (fo=1, unplaced)         0.000     7.348    out_addr_q[0]_i_3_n_0
                         MUXF7 (Prop_muxf7_I1_O)      0.245     7.593 r  out_addr_q_reg[0]_i_1/O
                         net (fo=27, unplaced)        0.519     8.112    p_0_in[0]
                         LUT6 (Prop_lut6_I3_O)        0.298     8.410 r  queue_count_q[15][1]_i_9/O
                         net (fo=1, unplaced)         0.902     9.312    queue_count_q[15][1]_i_9_n_0
                         LUT6 (Prop_lut6_I1_O)        0.124     9.436 r  queue_count_q[15][1]_i_2/O
                         net (fo=16, unplaced)        0.956    10.392    queue_count_d[1]
                         LUT6 (Prop_lut6_I0_O)        0.124    10.516 r  queue_count_q[7][1]_i_1/O
                         net (fo=1, unplaced)         0.000    10.516    queue_count_d[7][1]
                         FDCE                                         r  queue_count_q_reg[7][1]/D
  -------------------------------------------------------------------    -------------------

                         (clock clk rise edge)       10.000    10.000 r  
                                                      0.000    10.000 r  clk (IN)
                         net (fo=0)                   0.000    10.000    clk
                         IBUF (Prop_ibuf_I_O)         0.789    10.789 r  clk_IBUF_inst/O
                         net (fo=1, unplaced)         0.760    11.549    clk_IBUF
                         BUFG (Prop_bufg_I_O)         0.091    11.640 r  clk_IBUF_BUFG_inst/O
                         net (fo=95, unplaced)        0.439    12.079    clk_IBUF_BUFG
                         FDCE                                         r  queue_count_q_reg[7][1]/C
                         clock pessimism              0.178    12.257    
                         clock uncertainty           -0.035    12.222    
                         FDCE (Setup_fdce_C_D)        0.029    12.251    queue_count_q_reg[7][1]
  -------------------------------------------------------------------
                         required time                         12.251    
                         arrival time                         -10.516    
  -------------------------------------------------------------------
                         slack                                  1.735    

Slack (MET) :             2.171ns  (required time - arrival time)
  Source:                 queue_count_q_reg[3][1]/C
                            (rising edge-triggered cell FDCE clocked by clk  {rise@0.000ns fall@5.000ns period=10.000ns})
  Destination:            queue_count_q_reg[0][0]/D
                            (rising edge-triggered cell FDCE clocked by clk  {rise@0.000ns fall@5.000ns period=10.000ns})
  Path Group:             clk
  Path Type:              Setup (Max at Slow Process Corner)
  Requirement:            10.000ns  (clk rise@10.000ns - clk rise@0.000ns)
  Data Path Delay:        7.678ns  (logic 1.942ns (25.293%)  route 5.736ns (74.707%))
  Logic Levels:           8  (LUT4=1 LUT5=1 LUT6=5 MUXF7=1)
  Clock Path Skew:        -0.145ns (DCD - SCD + CPR)
    Destination Clock Delay (DCD):    2.079ns = ( 12.079 - 10.000 ) 
    Source Clock Delay      (SCD):    2.402ns
    Clock Pessimism Removal (CPR):    0.178ns
  Clock Uncertainty:      0.035ns  ((TSJ^2 + TIJ^2)^1/2 + DJ) / 2 + PE
    Total System Jitter     (TSJ):    0.071ns
    Total Input Jitter      (TIJ):    0.000ns
    Discrete Jitter          (DJ):    0.000ns
    Phase Error              (PE):    0.000ns

    Location             Delay type                Incr(ns)  Path(ns)    Netlist Resource(s)
  -------------------------------------------------------------------    -------------------
                         (clock clk rise edge)        0.000     0.000 r  
                                                      0.000     0.000 r  clk (IN)
                         net (fo=0)                   0.000     0.000    clk
                         IBUF (Prop_ibuf_I_O)         0.923     0.923 r  clk_IBUF_inst/O
                         net (fo=1, unplaced)         0.800     1.722    clk_IBUF
                         BUFG (Prop_bufg_I_O)         0.096     1.818 r  clk_IBUF_BUFG_inst/O
                         net (fo=95, unplaced)        0.584     2.402    clk_IBUF_BUFG
                         FDCE                                         r  queue_count_q_reg[3][1]/C
  -------------------------------------------------------------------    -------------------
                         FDCE (Prop_fdce_C_Q)         0.456     2.858 r  queue_count_q_reg[3][1]/Q
                         net (fo=5, unplaced)         0.834     3.692    queue_count_q_reg_n_0_[3][1]
                         LUT5 (Prop_lut5_I0_O)        0.323     4.015 r  out_addr_q[3]_i_21/O
                         net (fo=4, unplaced)         0.926     4.941    out_addr_q[3]_i_21_n_0
                         LUT6 (Prop_lut6_I2_O)        0.124     5.065 r  out_addr_q[1]_i_14/O
                         net (fo=2, unplaced)         0.913     5.978    local_valid184_out
                         LUT4 (Prop_lut4_I1_O)        0.124     6.102 r  out_addr_q[0]_i_6/O
                         net (fo=2, unplaced)         1.122     7.224    out_addr_q[0]_i_6_n_0
                         LUT6 (Prop_lut6_I1_O)        0.124     7.348 r  out_addr_q[0]_i_3/O
                         net (fo=1, unplaced)         0.000     7.348    out_addr_q[0]_i_3_n_0
                         MUXF7 (Prop_muxf7_I1_O)      0.245     7.593 r  out_addr_q_reg[0]_i_1/O
                         net (fo=27, unplaced)        0.519     8.112    p_0_in[0]
                         LUT6 (Prop_lut6_I3_O)        0.298     8.410 f  queue_count_q[15][1]_i_13/O
                         net (fo=1, unplaced)         0.902     9.312    queue_count_q[15][1]_i_13_n_0
                         LUT6 (Prop_lut6_I1_O)        0.124     9.436 f  queue_count_q[15][1]_i_3/O
                         net (fo=32, unplaced)        0.520     9.956    queue_count_d[0]
                         LUT6 (Prop_lut6_I0_O)        0.124    10.080 r  queue_count_q[0][0]_i_1/O
                         net (fo=1, unplaced)         0.000    10.080    queue_count_d[0]__0[0]
                         FDCE                                         r  queue_count_q_reg[0][0]/D
  -------------------------------------------------------------------    -------------------

                         (clock clk rise edge)       10.000    10.000 r  
                                                      0.000    10.000 r  clk (IN)
                         net (fo=0)                   0.000    10.000    clk
                         IBUF (Prop_ibuf_I_O)         0.789    10.789 r  clk_IBUF_inst/O
                         net (fo=1, unplaced)         0.760    11.549    clk_IBUF
                         BUFG (Prop_bufg_I_O)         0.091    11.640 r  clk_IBUF_BUFG_inst/O
                         net (fo=95, unplaced)        0.439    12.079    clk_IBUF_BUFG
                         FDCE                                         r  queue_count_q_reg[0][0]/C
                         clock pessimism              0.178    12.257    
                         clock uncertainty           -0.035    12.222    
                         FDCE (Setup_fdce_C_D)        0.029    12.251    queue_count_q_reg[0][0]
  -------------------------------------------------------------------
                         required time                         12.251    
                         arrival time                         -10.080    
  -------------------------------------------------------------------
                         slack                                  2.171    

Slack (MET) :             2.171ns  (required time - arrival time)
  Source:                 queue_count_q_reg[3][1]/C
                            (rising edge-triggered cell FDCE clocked by clk  {rise@0.000ns fall@5.000ns period=10.000ns})
  Destination:            queue_count_q_reg[0][1]/D
                            (rising edge-triggered cell FDCE clocked by clk  {rise@0.000ns fall@5.000ns period=10.000ns})
  Path Group:             clk
  Path Type:              Setup (Max at Slow Process Corner)
  Requirement:            10.000ns  (clk rise@10.000ns - clk rise@0.000ns)
  Data Path Delay:        7.678ns  (logic 1.942ns (25.293%)  route 5.736ns (74.707%))
  Logic Levels:           8  (LUT4=1 LUT5=1 LUT6=5 MUXF7=1)
  Clock Path Skew:        -0.145ns (DCD - SCD + CPR)
    Destination Clock Delay (DCD):    2.079ns = ( 12.079 - 10.000 ) 
    Source Clock Delay      (SCD):    2.402ns
    Clock Pessimism Removal (CPR):    0.178ns
  Clock Uncertainty:      0.035ns  ((TSJ^2 + TIJ^2)^1/2 + DJ) / 2 + PE
    Total System Jitter     (TSJ):    0.071ns
    Total Input Jitter      (TIJ):    0.000ns
    Discrete Jitter          (DJ):    0.000ns
    Phase Error              (PE):    0.000ns

    Location             Delay type                Incr(ns)  Path(ns)    Netlist Resource(s)
  -------------------------------------------------------------------    -------------------
                         (clock clk rise edge)        0.000     0.000 r  
                                                      0.000     0.000 r  clk (IN)
                         net (fo=0)                   0.000     0.000    clk
                         IBUF (Prop_ibuf_I_O)         0.923     0.923 r  clk_IBUF_inst/O
                         net (fo=1, unplaced)         0.800     1.722    clk_IBUF
                         BUFG (Prop_bufg_I_O)         0.096     1.818 r  clk_IBUF_BUFG_inst/O
                         net (fo=95, unplaced)        0.584     2.402    clk_IBUF_BUFG
                         FDCE                                         r  queue_count_q_reg[3][1]/C
  -------------------------------------------------------------------    -------------------
                         FDCE (Prop_fdce_C_Q)         0.456     2.858 r  queue_count_q_reg[3][1]/Q
                         net (fo=5, unplaced)         0.834     3.692    queue_count_q_reg_n_0_[3][1]
                         LUT5 (Prop_lut5_I0_O)        0.323     4.015 r  out_addr_q[3]_i_21/O
                         net (fo=4, unplaced)         0.926     4.941    out_addr_q[3]_i_21_n_0
                         LUT6 (Prop_lut6_I2_O)        0.124     5.065 r  out_addr_q[1]_i_14/O
                         net (fo=2, unplaced)         0.913     5.978    local_valid184_out
                         LUT4 (Prop_lut4_I1_O)        0.124     6.102 r  out_addr_q[0]_i_6/O
                         net (fo=2, unplaced)         1.122     7.224    out_addr_q[0]_i_6_n_0
                         LUT6 (Prop_lut6_I1_O)        0.124     7.348 r  out_addr_q[0]_i_3/O
                         net (fo=1, unplaced)         0.000     7.348    out_addr_q[0]_i_3_n_0
                         MUXF7 (Prop_muxf7_I1_O)      0.245     7.593 r  out_addr_q_reg[0]_i_1/O
                         net (fo=27, unplaced)        0.519     8.112    p_0_in[0]
                         LUT6 (Prop_lut6_I3_O)        0.298     8.410 r  queue_count_q[15][1]_i_13/O
                         net (fo=1, unplaced)         0.902     9.312    queue_count_q[15][1]_i_13_n_0
                         LUT6 (Prop_lut6_I1_O)        0.124     9.436 r  queue_count_q[15][1]_i_3/O
                         net (fo=32, unplaced)        0.520     9.956    queue_count_d[0]
                         LUT6 (Prop_lut6_I1_O)        0.124    10.080 r  queue_count_q[0][1]_i_1/O
                         net (fo=1, unplaced)         0.000    10.080    queue_count_d[0]__0[1]
                         FDCE                                         r  queue_count_q_reg[0][1]/D
  -------------------------------------------------------------------    -------------------

                         (clock clk rise edge)       10.000    10.000 r  
                                                      0.000    10.000 r  clk (IN)
                         net (fo=0)                   0.000    10.000    clk
                         IBUF (Prop_ibuf_I_O)         0.789    10.789 r  clk_IBUF_inst/O
                         net (fo=1, unplaced)         0.760    11.549    clk_IBUF
                         BUFG (Prop_bufg_I_O)         0.091    11.640 r  clk_IBUF_BUFG_inst/O
                         net (fo=95, unplaced)        0.439    12.079    clk_IBUF_BUFG
                         FDCE                                         r  queue_count_q_reg[0][1]/C
                         clock pessimism              0.178    12.257    
                         clock uncertainty           -0.035    12.222    
                         FDCE (Setup_fdce_C_D)        0.029    12.251    queue_count_q_reg[0][1]
  -------------------------------------------------------------------
                         required time                         12.251    
                         arrival time                         -10.080    
  -------------------------------------------------------------------
                         slack                                  2.171    

Slack (MET) :             2.171ns  (required time - arrival time)
  Source:                 queue_count_q_reg[3][1]/C
                            (rising edge-triggered cell FDCE clocked by clk  {rise@0.000ns fall@5.000ns period=10.000ns})
  Destination:            queue_count_q_reg[10][0]/D
                            (rising edge-triggered cell FDCE clocked by clk  {rise@0.000ns fall@5.000ns period=10.000ns})
  Path Group:             clk
  Path Type:              Setup (Max at Slow Process Corner)
  Requirement:            10.000ns  (clk rise@10.000ns - clk rise@0.000ns)
  Data Path Delay:        7.678ns  (logic 1.942ns (25.293%)  route 5.736ns (74.707%))
  Logic Levels:           8  (LUT4=1 LUT5=1 LUT6=5 MUXF7=1)
  Clock Path Skew:        -0.145ns (DCD - SCD + CPR)
    Destination Clock Delay (DCD):    2.079ns = ( 12.079 - 10.000 ) 
    Source Clock Delay      (SCD):    2.402ns
    Clock Pessimism Removal (CPR):    0.178ns
  Clock Uncertainty:      0.035ns  ((TSJ^2 + TIJ^2)^1/2 + DJ) / 2 + PE
    Total System Jitter     (TSJ):    0.071ns
    Total Input Jitter      (TIJ):    0.000ns
    Discrete Jitter          (DJ):    0.000ns
    Phase Error              (PE):    0.000ns

    Location             Delay type                Incr(ns)  Path(ns)    Netlist Resource(s)
  -------------------------------------------------------------------    -------------------
                         (clock clk rise edge)        0.000     0.000 r  
                                                      0.000     0.000 r  clk (IN)
                         net (fo=0)                   0.000     0.000    clk
                         IBUF (Prop_ibuf_I_O)         0.923     0.923 r  clk_IBUF_inst/O
                         net (fo=1, unplaced)         0.800     1.722    clk_IBUF
                         BUFG (Prop_bufg_I_O)         0.096     1.818 r  clk_IBUF_BUFG_inst/O
                         net (fo=95, unplaced)        0.584     2.402    clk_IBUF_BUFG
                         FDCE                                         r  queue_count_q_reg[3][1]/C
  -------------------------------------------------------------------    -------------------
                         FDCE (Prop_fdce_C_Q)         0.456     2.858 r  queue_count_q_reg[3][1]/Q
                         net (fo=5, unplaced)         0.834     3.692    queue_count_q_reg_n_0_[3][1]
                         LUT5 (Prop_lut5_I0_O)        0.323     4.015 r  out_addr_q[3]_i_21/O
                         net (fo=4, unplaced)         0.926     4.941    out_addr_q[3]_i_21_n_0
                         LUT6 (Prop_lut6_I2_O)        0.124     5.065 r  out_addr_q[1]_i_14/O
                         net (fo=2, unplaced)         0.913     5.978    local_valid184_out
                         LUT4 (Prop_lut4_I1_O)        0.124     6.102 r  out_addr_q[0]_i_6/O
                         net (fo=2, unplaced)         1.122     7.224    out_addr_q[0]_i_6_n_0
                         LUT6 (Prop_lut6_I1_O)        0.124     7.348 r  out_addr_q[0]_i_3/O
                         net (fo=1, unplaced)         0.000     7.348    out_addr_q[0]_i_3_n_0
                         MUXF7 (Prop_muxf7_I1_O)      0.245     7.593 r  out_addr_q_reg[0]_i_1/O
                         net (fo=27, unplaced)        0.519     8.112    p_0_in[0]
                         LUT6 (Prop_lut6_I3_O)        0.298     8.410 f  queue_count_q[15][1]_i_13/O
                         net (fo=1, unplaced)         0.902     9.312    queue_count_q[15][1]_i_13_n_0
                         LUT6 (Prop_lut6_I1_O)        0.124     9.436 f  queue_count_q[15][1]_i_3/O
                         net (fo=32, unplaced)        0.520     9.956    queue_count_d[0]
                         LUT6 (Prop_lut6_I0_O)        0.124    10.080 r  queue_count_q[10][0]_i_1/O
                         net (fo=1, unplaced)         0.000    10.080    queue_count_d[10][0]
                         FDCE                                         r  queue_count_q_reg[10][0]/D
  -------------------------------------------------------------------    -------------------

                         (clock clk rise edge)       10.000    10.000 r  
                                                      0.000    10.000 r  clk (IN)
                         net (fo=0)                   0.000    10.000    clk
                         IBUF (Prop_ibuf_I_O)         0.789    10.789 r  clk_IBUF_inst/O
                         net (fo=1, unplaced)         0.760    11.549    clk_IBUF
                         BUFG (Prop_bufg_I_O)         0.091    11.640 r  clk_IBUF_BUFG_inst/O
                         net (fo=95, unplaced)        0.439    12.079    clk_IBUF_BUFG
                         FDCE                                         r  queue_count_q_reg[10][0]/C
                         clock pessimism              0.178    12.257    
                         clock uncertainty           -0.035    12.222    
                         FDCE (Setup_fdce_C_D)        0.029    12.251    queue_count_q_reg[10][0]
  -------------------------------------------------------------------
                         required time                         12.251    
                         arrival time                         -10.080    
  -------------------------------------------------------------------
                         slack                                  2.171    

Slack (MET) :             2.171ns  (required time - arrival time)
  Source:                 queue_count_q_reg[3][1]/C
                            (rising edge-triggered cell FDCE clocked by clk  {rise@0.000ns fall@5.000ns period=10.000ns})
  Destination:            queue_count_q_reg[10][1]/D
                            (rising edge-triggered cell FDCE clocked by clk  {rise@0.000ns fall@5.000ns period=10.000ns})
  Path Group:             clk
  Path Type:              Setup (Max at Slow Process Corner)
  Requirement:            10.000ns  (clk rise@10.000ns - clk rise@0.000ns)
  Data Path Delay:        7.678ns  (logic 1.942ns (25.293%)  route 5.736ns (74.707%))
  Logic Levels:           8  (LUT4=1 LUT5=1 LUT6=5 MUXF7=1)
  Clock Path Skew:        -0.145ns (DCD - SCD + CPR)
    Destination Clock Delay (DCD):    2.079ns = ( 12.079 - 10.000 ) 
    Source Clock Delay      (SCD):    2.402ns
    Clock Pessimism Removal (CPR):    0.178ns
  Clock Uncertainty:      0.035ns  ((TSJ^2 + TIJ^2)^1/2 + DJ) / 2 + PE
    Total System Jitter     (TSJ):    0.071ns
    Total Input Jitter      (TIJ):    0.000ns
    Discrete Jitter          (DJ):    0.000ns
    Phase Error              (PE):    0.000ns

    Location             Delay type                Incr(ns)  Path(ns)    Netlist Resource(s)
  -------------------------------------------------------------------    -------------------
                         (clock clk rise edge)        0.000     0.000 r  
                                                      0.000     0.000 r  clk (IN)
                         net (fo=0)                   0.000     0.000    clk
                         IBUF (Prop_ibuf_I_O)         0.923     0.923 r  clk_IBUF_inst/O
                         net (fo=1, unplaced)         0.800     1.722    clk_IBUF
                         BUFG (Prop_bufg_I_O)         0.096     1.818 r  clk_IBUF_BUFG_inst/O
                         net (fo=95, unplaced)        0.584     2.402    clk_IBUF_BUFG
                         FDCE                                         r  queue_count_q_reg[3][1]/C
  -------------------------------------------------------------------    -------------------
                         FDCE (Prop_fdce_C_Q)         0.456     2.858 r  queue_count_q_reg[3][1]/Q
                         net (fo=5, unplaced)         0.834     3.692    queue_count_q_reg_n_0_[3][1]
                         LUT5 (Prop_lut5_I0_O)        0.323     4.015 r  out_addr_q[3]_i_21/O
                         net (fo=4, unplaced)         0.926     4.941    out_addr_q[3]_i_21_n_0
                         LUT6 (Prop_lut6_I2_O)        0.124     5.065 r  out_addr_q[1]_i_14/O
                         net (fo=2, unplaced)         0.913     5.978    local_valid184_out
                         LUT4 (Prop_lut4_I1_O)        0.124     6.102 r  out_addr_q[0]_i_6/O
                         net (fo=2, unplaced)         1.122     7.224    out_addr_q[0]_i_6_n_0
                         LUT6 (Prop_lut6_I1_O)        0.124     7.348 r  out_addr_q[0]_i_3/O
                         net (fo=1, unplaced)         0.000     7.348    out_addr_q[0]_i_3_n_0
                         MUXF7 (Prop_muxf7_I1_O)      0.245     7.593 r  out_addr_q_reg[0]_i_1/O
                         net (fo=27, unplaced)        0.519     8.112    p_0_in[0]
                         LUT6 (Prop_lut6_I3_O)        0.298     8.410 r  queue_count_q[15][1]_i_13/O
                         net (fo=1, unplaced)         0.902     9.312    queue_count_q[15][1]_i_13_n_0
                         LUT6 (Prop_lut6_I1_O)        0.124     9.436 r  queue_count_q[15][1]_i_3/O
                         net (fo=32, unplaced)        0.520     9.956    queue_count_d[0]
                         LUT6 (Prop_lut6_I1_O)        0.124    10.080 r  queue_count_q[10][1]_i_1/O
                         net (fo=1, unplaced)         0.000    10.080    queue_count_d[10][1]
                         FDCE                                         r  queue_count_q_reg[10][1]/D
  -------------------------------------------------------------------    -------------------

                         (clock clk rise edge)       10.000    10.000 r  
                                                      0.000    10.000 r  clk (IN)
                         net (fo=0)                   0.000    10.000    clk
                         IBUF (Prop_ibuf_I_O)         0.789    10.789 r  clk_IBUF_inst/O
                         net (fo=1, unplaced)         0.760    11.549    clk_IBUF
                         BUFG (Prop_bufg_I_O)         0.091    11.640 r  clk_IBUF_BUFG_inst/O
                         net (fo=95, unplaced)        0.439    12.079    clk_IBUF_BUFG
                         FDCE                                         r  queue_count_q_reg[10][1]/C
                         clock pessimism              0.178    12.257    
                         clock uncertainty           -0.035    12.222    
                         FDCE (Setup_fdce_C_D)        0.029    12.251    queue_count_q_reg[10][1]
  -------------------------------------------------------------------
                         required time                         12.251    
                         arrival time                         -10.080    
  -------------------------------------------------------------------
                         slack                                  2.171    

Slack (MET) :             2.171ns  (required time - arrival time)
  Source:                 queue_count_q_reg[3][1]/C
                            (rising edge-triggered cell FDCE clocked by clk  {rise@0.000ns fall@5.000ns period=10.000ns})
  Destination:            queue_count_q_reg[12][0]/D
                            (rising edge-triggered cell FDCE clocked by clk  {rise@0.000ns fall@5.000ns period=10.000ns})
  Path Group:             clk
  Path Type:              Setup (Max at Slow Process Corner)
  Requirement:            10.000ns  (clk rise@10.000ns - clk rise@0.000ns)
  Data Path Delay:        7.678ns  (logic 1.942ns (25.293%)  route 5.736ns (74.707%))
  Logic Levels:           8  (LUT4=1 LUT5=1 LUT6=5 MUXF7=1)
  Clock Path Skew:        -0.145ns (DCD - SCD + CPR)
    Destination Clock Delay (DCD):    2.079ns = ( 12.079 - 10.000 ) 
    Source Clock Delay      (SCD):    2.402ns
    Clock Pessimism Removal (CPR):    0.178ns
  Clock Uncertainty:      0.035ns  ((TSJ^2 + TIJ^2)^1/2 + DJ) / 2 + PE
    Total System Jitter     (TSJ):    0.071ns
    Total Input Jitter      (TIJ):    0.000ns
    Discrete Jitter          (DJ):    0.000ns
    Phase Error              (PE):    0.000ns

    Location             Delay type                Incr(ns)  Path(ns)    Netlist Resource(s)
  -------------------------------------------------------------------    -------------------
                         (clock clk rise edge)        0.000     0.000 r  
                                                      0.000     0.000 r  clk (IN)
                         net (fo=0)                   0.000     0.000    clk
                         IBUF (Prop_ibuf_I_O)         0.923     0.923 r  clk_IBUF_inst/O
                         net (fo=1, unplaced)         0.800     1.722    clk_IBUF
                         BUFG (Prop_bufg_I_O)         0.096     1.818 r  clk_IBUF_BUFG_inst/O
                         net (fo=95, unplaced)        0.584     2.402    clk_IBUF_BUFG
                         FDCE                                         r  queue_count_q_reg[3][1]/C
  -------------------------------------------------------------------    -------------------
                         FDCE (Prop_fdce_C_Q)         0.456     2.858 r  queue_count_q_reg[3][1]/Q
                         net (fo=5, unplaced)         0.834     3.692    queue_count_q_reg_n_0_[3][1]
                         LUT5 (Prop_lut5_I0_O)        0.323     4.015 r  out_addr_q[3]_i_21/O
                         net (fo=4, unplaced)         0.926     4.941    out_addr_q[3]_i_21_n_0
                         LUT6 (Prop_lut6_I2_O)        0.124     5.065 r  out_addr_q[1]_i_14/O
                         net (fo=2, unplaced)         0.913     5.978    local_valid184_out
                         LUT4 (Prop_lut4_I1_O)        0.124     6.102 r  out_addr_q[0]_i_6/O
                         net (fo=2, unplaced)         1.122     7.224    out_addr_q[0]_i_6_n_0
                         LUT6 (Prop_lut6_I1_O)        0.124     7.348 r  out_addr_q[0]_i_3/O
                         net (fo=1, unplaced)         0.000     7.348    out_addr_q[0]_i_3_n_0
                         MUXF7 (Prop_muxf7_I1_O)      0.245     7.593 r  out_addr_q_reg[0]_i_1/O
                         net (fo=27, unplaced)        0.519     8.112    p_0_in[0]
                         LUT6 (Prop_lut6_I3_O)        0.298     8.410 f  queue_count_q[15][1]_i_13/O
                         net (fo=1, unplaced)         0.902     9.312    queue_count_q[15][1]_i_13_n_0
                         LUT6 (Prop_lut6_I1_O)        0.124     9.436 f  queue_count_q[15][1]_i_3/O
                         net (fo=32, unplaced)        0.520     9.956    queue_count_d[0]
                         LUT6 (Prop_lut6_I0_O)        0.124    10.080 r  queue_count_q[12][0]_i_1/O
                         net (fo=1, unplaced)         0.000    10.080    queue_count_d[12][0]
                         FDCE                                         r  queue_count_q_reg[12][0]/D
  -------------------------------------------------------------------    -------------------

                         (clock clk rise edge)       10.000    10.000 r  
                                                      0.000    10.000 r  clk (IN)
                         net (fo=0)                   0.000    10.000    clk
                         IBUF (Prop_ibuf_I_O)         0.789    10.789 r  clk_IBUF_inst/O
                         net (fo=1, unplaced)         0.760    11.549    clk_IBUF
                         BUFG (Prop_bufg_I_O)         0.091    11.640 r  clk_IBUF_BUFG_inst/O
                         net (fo=95, unplaced)        0.439    12.079    clk_IBUF_BUFG
                         FDCE                                         r  queue_count_q_reg[12][0]/C
                         clock pessimism              0.178    12.257    
                         clock uncertainty           -0.035    12.222    
                         FDCE (Setup_fdce_C_D)        0.029    12.251    queue_count_q_reg[12][0]
  -------------------------------------------------------------------
                         required time                         12.251    
                         arrival time                         -10.080    
  -------------------------------------------------------------------
                         slack                                  2.171    

Slack (MET) :             2.171ns  (required time - arrival time)
  Source:                 queue_count_q_reg[3][1]/C
                            (rising edge-triggered cell FDCE clocked by clk  {rise@0.000ns fall@5.000ns period=10.000ns})
  Destination:            queue_count_q_reg[12][1]/D
                            (rising edge-triggered cell FDCE clocked by clk  {rise@0.000ns fall@5.000ns period=10.000ns})
  Path Group:             clk
  Path Type:              Setup (Max at Slow Process Corner)
  Requirement:            10.000ns  (clk rise@10.000ns - clk rise@0.000ns)
  Data Path Delay:        7.678ns  (logic 1.942ns (25.293%)  route 5.736ns (74.707%))
  Logic Levels:           8  (LUT4=1 LUT5=1 LUT6=5 MUXF7=1)
  Clock Path Skew:        -0.145ns (DCD - SCD + CPR)
    Destination Clock Delay (DCD):    2.079ns = ( 12.079 - 10.000 ) 
    Source Clock Delay      (SCD):    2.402ns
    Clock Pessimism Removal (CPR):    0.178ns
  Clock Uncertainty:      0.035ns  ((TSJ^2 + TIJ^2)^1/2 + DJ) / 2 + PE
    Total System Jitter     (TSJ):    0.071ns
    Total Input Jitter      (TIJ):    0.000ns
    Discrete Jitter          (DJ):    0.000ns
    Phase Error              (PE):    0.000ns

    Location             Delay type                Incr(ns)  Path(ns)    Netlist Resource(s)
  -------------------------------------------------------------------    -------------------
                         (clock clk rise edge)        0.000     0.000 r  
                                                      0.000     0.000 r  clk (IN)
                         net (fo=0)                   0.000     0.000    clk
                         IBUF (Prop_ibuf_I_O)         0.923     0.923 r  clk_IBUF_inst/O
                         net (fo=1, unplaced)         0.800     1.722    clk_IBUF
                         BUFG (Prop_bufg_I_O)         0.096     1.818 r  clk_IBUF_BUFG_inst/O
                         net (fo=95, unplaced)        0.584     2.402    clk_IBUF_BUFG
                         FDCE                                         r  queue_count_q_reg[3][1]/C
  -------------------------------------------------------------------    -------------------
                         FDCE (Prop_fdce_C_Q)         0.456     2.858 r  queue_count_q_reg[3][1]/Q
                         net (fo=5, unplaced)         0.834     3.692    queue_count_q_reg_n_0_[3][1]
                         LUT5 (Prop_lut5_I0_O)        0.323     4.015 r  out_addr_q[3]_i_21/O
                         net (fo=4, unplaced)         0.926     4.941    out_addr_q[3]_i_21_n_0
                         LUT6 (Prop_lut6_I2_O)        0.124     5.065 r  out_addr_q[1]_i_14/O
                         net (fo=2, unplaced)         0.913     5.978    local_valid184_out
                         LUT4 (Prop_lut4_I1_O)        0.124     6.102 r  out_addr_q[0]_i_6/O
                         net (fo=2, unplaced)         1.122     7.224    out_addr_q[0]_i_6_n_0
                         LUT6 (Prop_lut6_I1_O)        0.124     7.348 r  out_addr_q[0]_i_3/O
                         net (fo=1, unplaced)         0.000     7.348    out_addr_q[0]_i_3_n_0
                         MUXF7 (Prop_muxf7_I1_O)      0.245     7.593 r  out_addr_q_reg[0]_i_1/O
                         net (fo=27, unplaced)        0.519     8.112    p_0_in[0]
                         LUT6 (Prop_lut6_I3_O)        0.298     8.410 r  queue_count_q[15][1]_i_13/O
                         net (fo=1, unplaced)         0.902     9.312    queue_count_q[15][1]_i_13_n_0
                         LUT6 (Prop_lut6_I1_O)        0.124     9.436 r  queue_count_q[15][1]_i_3/O
                         net (fo=32, unplaced)        0.520     9.956    queue_count_d[0]
                         LUT6 (Prop_lut6_I1_O)        0.124    10.080 r  queue_count_q[12][1]_i_1/O
                         net (fo=1, unplaced)         0.000    10.080    queue_count_d[12][1]
                         FDCE                                         r  queue_count_q_reg[12][1]/D
  -------------------------------------------------------------------    -------------------

                         (clock clk rise edge)       10.000    10.000 r  
                                                      0.000    10.000 r  clk (IN)
                         net (fo=0)                   0.000    10.000    clk
                         IBUF (Prop_ibuf_I_O)         0.789    10.789 r  clk_IBUF_inst/O
                         net (fo=1, unplaced)         0.760    11.549    clk_IBUF
                         BUFG (Prop_bufg_I_O)         0.091    11.640 r  clk_IBUF_BUFG_inst/O
                         net (fo=95, unplaced)        0.439    12.079    clk_IBUF_BUFG
                         FDCE                                         r  queue_count_q_reg[12][1]/C
                         clock pessimism              0.178    12.257    
                         clock uncertainty           -0.035    12.222    
                         FDCE (Setup_fdce_C_D)        0.029    12.251    queue_count_q_reg[12][1]
  -------------------------------------------------------------------
                         required time                         12.251    
                         arrival time                         -10.080    
  -------------------------------------------------------------------
                         slack                                  2.171    





Pulse Width Checks
--------------------------------------------------------------------------------------
Clock Name:         clk
Waveform(ns):       { 0.000 5.000 }
Period(ns):         10.000
Sources:            { clk }

Check Type        Corner  Lib Pin  Reference Pin  Required(ns)  Actual(ns)  Slack(ns)  Location  Pin
Min Period        n/a     BUFG/I   n/a            2.155         10.000      7.845                clk_IBUF_BUFG_inst/I
Min Period        n/a     FDCE/C   n/a            1.000         10.000      9.000                ack_q_reg[0]/C
Min Period        n/a     FDCE/C   n/a            1.000         10.000      9.000                ack_q_reg[10]/C
Min Period        n/a     FDCE/C   n/a            1.000         10.000      9.000                ack_q_reg[11]/C
Min Period        n/a     FDCE/C   n/a            1.000         10.000      9.000                ack_q_reg[12]/C
Min Period        n/a     FDCE/C   n/a            1.000         10.000      9.000                ack_q_reg[13]/C
Min Period        n/a     FDCE/C   n/a            1.000         10.000      9.000                ack_q_reg[14]/C
Min Period        n/a     FDCE/C   n/a            1.000         10.000      9.000                ack_q_reg[15]/C
Min Period        n/a     FDCE/C   n/a            1.000         10.000      9.000                ack_q_reg[1]/C
Min Period        n/a     FDCE/C   n/a            1.000         10.000      9.000                ack_q_reg[2]/C
Low Pulse Width   Slow    FDCE/C   n/a            0.500         5.000       4.500                ack_q_reg[0]/C
Low Pulse Width   Fast    FDCE/C   n/a            0.500         5.000       4.500                ack_q_reg[0]/C
Low Pulse Width   Slow    FDCE/C   n/a            0.500         5.000       4.500                ack_q_reg[10]/C
Low Pulse Width   Fast    FDCE/C   n/a            0.500         5.000       4.500                ack_q_reg[10]/C
Low Pulse Width   Slow    FDCE/C   n/a            0.500         5.000       4.500                ack_q_reg[11]/C
Low Pulse Width   Fast    FDCE/C   n/a            0.500         5.000       4.500                ack_q_reg[11]/C
Low Pulse Width   Slow    FDCE/C   n/a            0.500         5.000       4.500                ack_q_reg[12]/C
Low Pulse Width   Fast    FDCE/C   n/a            0.500         5.000       4.500                ack_q_reg[12]/C
Low Pulse Width   Slow    FDCE/C   n/a            0.500         5.000       4.500                ack_q_reg[13]/C
Low Pulse Width   Fast    FDCE/C   n/a            0.500         5.000       4.500                ack_q_reg[13]/C
High Pulse Width  Slow    FDCE/C   n/a            0.500         5.000       4.500                ack_q_reg[0]/C
High Pulse Width  Slow    FDCE/C   n/a            0.500         5.000       4.500                ack_q_reg[10]/C
High Pulse Width  Slow    FDCE/C   n/a            0.500         5.000       4.500                ack_q_reg[11]/C
High Pulse Width  Slow    FDCE/C   n/a            0.500         5.000       4.500                ack_q_reg[12]/C
High Pulse Width  Slow    FDCE/C   n/a            0.500         5.000       4.500                ack_q_reg[13]/C
High Pulse Width  Slow    FDCE/C   n/a            0.500         5.000       4.500                ack_q_reg[14]/C
High Pulse Width  Slow    FDCE/C   n/a            0.500         5.000       4.500                ack_q_reg[15]/C
High Pulse Width  Slow    FDCE/C   n/a            0.500         5.000       4.500                ack_q_reg[1]/C
High Pulse Width  Slow    FDCE/C   n/a            0.500         5.000       4.500                ack_q_reg[2]/C
High Pulse Width  Slow    FDCE/C   n/a            0.500         5.000       4.500                ack_q_reg[3]/C



--------------------------------------------------------------------------------------
Path Group:  (none)
From Clock:  
  To Clock:  clk

Max Delay           111 Endpoints
Min Delay             0 Endpoints
--------------------------------------------------------------------------------------


Max Delay Paths
--------------------------------------------------------------------------------------
Slack:                    inf
  Source:                 rst_n
                            (input port)
  Destination:            ack_q_reg[0]/CLR
                            (recovery check against rising-edge clock clk  {rise@0.000ns fall@5.000ns period=10.000ns})
  Path Group:             (none)
  Path Type:              Recovery (Max at Slow Process Corner)
  Data Path Delay:        2.720ns  (logic 1.047ns (38.474%)  route 1.674ns (61.526%))
  Logic Levels:           2  (IBUF=1 LUT1=1)
  Clock Path Skew:        2.079ns (DCD - SCD + CPR)
    Destination Clock Delay (DCD):    2.079ns
    Source Clock Delay      (SCD):    0.000ns
    Clock Pessimism Removal (CPR):    0.000ns
  Timing Exception:       False Path

    Location             Delay type                Incr(ns)  Path(ns)    Netlist Resource(s)
  -------------------------------------------------------------------    -------------------
                                                      0.000     0.000 r  rst_n (IN)
                         net (fo=0)                   0.000     0.000    rst_n
                         IBUF (Prop_ibuf_I_O)         0.923     0.923 r  rst_n_IBUF_inst/O
                         net (fo=1, unplaced)         0.800     1.722    rst_n_IBUF
                         LUT1 (Prop_lut1_I0_O)        0.124     1.846 f  group_rr_q[1]_i_2/O
                         net (fo=95, unplaced)        0.874     2.720    group_rr_q[1]_i_2_n_0
                         FDCE                                         f  ack_q_reg[0]/CLR
  -------------------------------------------------------------------    -------------------

                         (clock clk rise edge)        0.000     0.000 r  
                                                      0.000     0.000 r  clk (IN)
                         net (fo=0)                   0.000     0.000    clk
                         IBUF (Prop_ibuf_I_O)         0.789     0.789 r  clk_IBUF_inst/O
                         net (fo=1, unplaced)         0.760     1.549    clk_IBUF
                         BUFG (Prop_bufg_I_O)         0.091     1.640 r  clk_IBUF_BUFG_inst/O
                         net (fo=95, unplaced)        0.439     2.079    clk_IBUF_BUFG
                         FDCE                                         r  ack_q_reg[0]/C

Slack:                    inf
  Source:                 rst_n
                            (input port)
  Destination:            ack_q_reg[10]/CLR
                            (recovery check against rising-edge clock clk  {rise@0.000ns fall@5.000ns period=10.000ns})
  Path Group:             (none)
  Path Type:              Recovery (Max at Slow Process Corner)
  Data Path Delay:        2.720ns  (logic 1.047ns (38.474%)  route 1.674ns (61.526%))
  Logic Levels:           2  (IBUF=1 LUT1=1)
  Clock Path Skew:        2.079ns (DCD - SCD + CPR)
    Destination Clock Delay (DCD):    2.079ns
    Source Clock Delay      (SCD):    0.000ns
    Clock Pessimism Removal (CPR):    0.000ns
  Timing Exception:       False Path

    Location             Delay type                Incr(ns)  Path(ns)    Netlist Resource(s)
  -------------------------------------------------------------------    -------------------
                                                      0.000     0.000 r  rst_n (IN)
                         net (fo=0)                   0.000     0.000    rst_n
                         IBUF (Prop_ibuf_I_O)         0.923     0.923 r  rst_n_IBUF_inst/O
                         net (fo=1, unplaced)         0.800     1.722    rst_n_IBUF
                         LUT1 (Prop_lut1_I0_O)        0.124     1.846 f  group_rr_q[1]_i_2/O
                         net (fo=95, unplaced)        0.874     2.720    group_rr_q[1]_i_2_n_0
                         FDCE                                         f  ack_q_reg[10]/CLR
  -------------------------------------------------------------------    -------------------

                         (clock clk rise edge)        0.000     0.000 r  
                                                      0.000     0.000 r  clk (IN)
                         net (fo=0)                   0.000     0.000    clk
                         IBUF (Prop_ibuf_I_O)         0.789     0.789 r  clk_IBUF_inst/O
                         net (fo=1, unplaced)         0.760     1.549    clk_IBUF
                         BUFG (Prop_bufg_I_O)         0.091     1.640 r  clk_IBUF_BUFG_inst/O
                         net (fo=95, unplaced)        0.439     2.079    clk_IBUF_BUFG
                         FDCE                                         r  ack_q_reg[10]/C

Slack:                    inf
  Source:                 rst_n
                            (input port)
  Destination:            ack_q_reg[11]/CLR
                            (recovery check against rising-edge clock clk  {rise@0.000ns fall@5.000ns period=10.000ns})
  Path Group:             (none)
  Path Type:              Recovery (Max at Slow Process Corner)
  Data Path Delay:        2.720ns  (logic 1.047ns (38.474%)  route 1.674ns (61.526%))
  Logic Levels:           2  (IBUF=1 LUT1=1)
  Clock Path Skew:        2.079ns (DCD - SCD + CPR)
    Destination Clock Delay (DCD):    2.079ns
    Source Clock Delay      (SCD):    0.000ns
    Clock Pessimism Removal (CPR):    0.000ns
  Timing Exception:       False Path

    Location             Delay type                Incr(ns)  Path(ns)    Netlist Resource(s)
  -------------------------------------------------------------------    -------------------
                                                      0.000     0.000 r  rst_n (IN)
                         net (fo=0)                   0.000     0.000    rst_n
                         IBUF (Prop_ibuf_I_O)         0.923     0.923 r  rst_n_IBUF_inst/O
                         net (fo=1, unplaced)         0.800     1.722    rst_n_IBUF
                         LUT1 (Prop_lut1_I0_O)        0.124     1.846 f  group_rr_q[1]_i_2/O
                         net (fo=95, unplaced)        0.874     2.720    group_rr_q[1]_i_2_n_0
                         FDCE                                         f  ack_q_reg[11]/CLR
  -------------------------------------------------------------------    -------------------

                         (clock clk rise edge)        0.000     0.000 r  
                                                      0.000     0.000 r  clk (IN)
                         net (fo=0)                   0.000     0.000    clk
                         IBUF (Prop_ibuf_I_O)         0.789     0.789 r  clk_IBUF_inst/O
                         net (fo=1, unplaced)         0.760     1.549    clk_IBUF
                         BUFG (Prop_bufg_I_O)         0.091     1.640 r  clk_IBUF_BUFG_inst/O
                         net (fo=95, unplaced)        0.439     2.079    clk_IBUF_BUFG
                         FDCE                                         r  ack_q_reg[11]/C

Slack:                    inf
  Source:                 rst_n
                            (input port)
  Destination:            ack_q_reg[12]/CLR
                            (recovery check against rising-edge clock clk  {rise@0.000ns fall@5.000ns period=10.000ns})
  Path Group:             (none)
  Path Type:              Recovery (Max at Slow Process Corner)
  Data Path Delay:        2.720ns  (logic 1.047ns (38.474%)  route 1.674ns (61.526%))
  Logic Levels:           2  (IBUF=1 LUT1=1)
  Clock Path Skew:        2.079ns (DCD - SCD + CPR)
    Destination Clock Delay (DCD):    2.079ns
    Source Clock Delay      (SCD):    0.000ns
    Clock Pessimism Removal (CPR):    0.000ns
  Timing Exception:       False Path

    Location             Delay type                Incr(ns)  Path(ns)    Netlist Resource(s)
  -------------------------------------------------------------------    -------------------
                                                      0.000     0.000 r  rst_n (IN)
                         net (fo=0)                   0.000     0.000    rst_n
                         IBUF (Prop_ibuf_I_O)         0.923     0.923 r  rst_n_IBUF_inst/O
                         net (fo=1, unplaced)         0.800     1.722    rst_n_IBUF
                         LUT1 (Prop_lut1_I0_O)        0.124     1.846 f  group_rr_q[1]_i_2/O
                         net (fo=95, unplaced)        0.874     2.720    group_rr_q[1]_i_2_n_0
                         FDCE                                         f  ack_q_reg[12]/CLR
  -------------------------------------------------------------------    -------------------

                         (clock clk rise edge)        0.000     0.000 r  
                                                      0.000     0.000 r  clk (IN)
                         net (fo=0)                   0.000     0.000    clk
                         IBUF (Prop_ibuf_I_O)         0.789     0.789 r  clk_IBUF_inst/O
                         net (fo=1, unplaced)         0.760     1.549    clk_IBUF
                         BUFG (Prop_bufg_I_O)         0.091     1.640 r  clk_IBUF_BUFG_inst/O
                         net (fo=95, unplaced)        0.439     2.079    clk_IBUF_BUFG
                         FDCE                                         r  ack_q_reg[12]/C

Slack:                    inf
  Source:                 rst_n
                            (input port)
  Destination:            ack_q_reg[13]/CLR
                            (recovery check against rising-edge clock clk  {rise@0.000ns fall@5.000ns period=10.000ns})
  Path Group:             (none)
  Path Type:              Recovery (Max at Slow Process Corner)
  Data Path Delay:        2.720ns  (logic 1.047ns (38.474%)  route 1.674ns (61.526%))
  Logic Levels:           2  (IBUF=1 LUT1=1)
  Clock Path Skew:        2.079ns (DCD - SCD + CPR)
    Destination Clock Delay (DCD):    2.079ns
    Source Clock Delay      (SCD):    0.000ns
    Clock Pessimism Removal (CPR):    0.000ns
  Timing Exception:       False Path

    Location             Delay type                Incr(ns)  Path(ns)    Netlist Resource(s)
  -------------------------------------------------------------------    -------------------
                                                      0.000     0.000 r  rst_n (IN)
                         net (fo=0)                   0.000     0.000    rst_n
                         IBUF (Prop_ibuf_I_O)         0.923     0.923 r  rst_n_IBUF_inst/O
                         net (fo=1, unplaced)         0.800     1.722    rst_n_IBUF
                         LUT1 (Prop_lut1_I0_O)        0.124     1.846 f  group_rr_q[1]_i_2/O
                         net (fo=95, unplaced)        0.874     2.720    group_rr_q[1]_i_2_n_0
                         FDCE                                         f  ack_q_reg[13]/CLR
  -------------------------------------------------------------------    -------------------

                         (clock clk rise edge)        0.000     0.000 r  
                                                      0.000     0.000 r  clk (IN)
                         net (fo=0)                   0.000     0.000    clk
                         IBUF (Prop_ibuf_I_O)         0.789     0.789 r  clk_IBUF_inst/O
                         net (fo=1, unplaced)         0.760     1.549    clk_IBUF
                         BUFG (Prop_bufg_I_O)         0.091     1.640 r  clk_IBUF_BUFG_inst/O
                         net (fo=95, unplaced)        0.439     2.079    clk_IBUF_BUFG
                         FDCE                                         r  ack_q_reg[13]/C

Slack:                    inf
  Source:                 rst_n
                            (input port)
  Destination:            ack_q_reg[14]/CLR
                            (recovery check against rising-edge clock clk  {rise@0.000ns fall@5.000ns period=10.000ns})
  Path Group:             (none)
  Path Type:              Recovery (Max at Slow Process Corner)
  Data Path Delay:        2.720ns  (logic 1.047ns (38.474%)  route 1.674ns (61.526%))
  Logic Levels:           2  (IBUF=1 LUT1=1)
  Clock Path Skew:        2.079ns (DCD - SCD + CPR)
    Destination Clock Delay (DCD):    2.079ns
    Source Clock Delay      (SCD):    0.000ns
    Clock Pessimism Removal (CPR):    0.000ns
  Timing Exception:       False Path

    Location             Delay type                Incr(ns)  Path(ns)    Netlist Resource(s)
  -------------------------------------------------------------------    -------------------
                                                      0.000     0.000 r  rst_n (IN)
                         net (fo=0)                   0.000     0.000    rst_n
                         IBUF (Prop_ibuf_I_O)         0.923     0.923 r  rst_n_IBUF_inst/O
                         net (fo=1, unplaced)         0.800     1.722    rst_n_IBUF
                         LUT1 (Prop_lut1_I0_O)        0.124     1.846 f  group_rr_q[1]_i_2/O
                         net (fo=95, unplaced)        0.874     2.720    group_rr_q[1]_i_2_n_0
                         FDCE                                         f  ack_q_reg[14]/CLR
  -------------------------------------------------------------------    -------------------

                         (clock clk rise edge)        0.000     0.000 r  
                                                      0.000     0.000 r  clk (IN)
                         net (fo=0)                   0.000     0.000    clk
                         IBUF (Prop_ibuf_I_O)         0.789     0.789 r  clk_IBUF_inst/O
                         net (fo=1, unplaced)         0.760     1.549    clk_IBUF
                         BUFG (Prop_bufg_I_O)         0.091     1.640 r  clk_IBUF_BUFG_inst/O
                         net (fo=95, unplaced)        0.439     2.079    clk_IBUF_BUFG
                         FDCE                                         r  ack_q_reg[14]/C

Slack:                    inf
  Source:                 rst_n
                            (input port)
  Destination:            ack_q_reg[15]/CLR
                            (recovery check against rising-edge clock clk  {rise@0.000ns fall@5.000ns period=10.000ns})
  Path Group:             (none)
  Path Type:              Recovery (Max at Slow Process Corner)
  Data Path Delay:        2.720ns  (logic 1.047ns (38.474%)  route 1.674ns (61.526%))
  Logic Levels:           2  (IBUF=1 LUT1=1)
  Clock Path Skew:        2.079ns (DCD - SCD + CPR)
    Destination Clock Delay (DCD):    2.079ns
    Source Clock Delay      (SCD):    0.000ns
    Clock Pessimism Removal (CPR):    0.000ns
  Timing Exception:       False Path

    Location             Delay type                Incr(ns)  Path(ns)    Netlist Resource(s)
  -------------------------------------------------------------------    -------------------
                                                      0.000     0.000 r  rst_n (IN)
                         net (fo=0)                   0.000     0.000    rst_n
                         IBUF (Prop_ibuf_I_O)         0.923     0.923 r  rst_n_IBUF_inst/O
                         net (fo=1, unplaced)         0.800     1.722    rst_n_IBUF
                         LUT1 (Prop_lut1_I0_O)        0.124     1.846 f  group_rr_q[1]_i_2/O
                         net (fo=95, unplaced)        0.874     2.720    group_rr_q[1]_i_2_n_0
                         FDCE                                         f  ack_q_reg[15]/CLR
  -------------------------------------------------------------------    -------------------

                         (clock clk rise edge)        0.000     0.000 r  
                                                      0.000     0.000 r  clk (IN)
                         net (fo=0)                   0.000     0.000    clk
                         IBUF (Prop_ibuf_I_O)         0.789     0.789 r  clk_IBUF_inst/O
                         net (fo=1, unplaced)         0.760     1.549    clk_IBUF
                         BUFG (Prop_bufg_I_O)         0.091     1.640 r  clk_IBUF_BUFG_inst/O
                         net (fo=95, unplaced)        0.439     2.079    clk_IBUF_BUFG
                         FDCE                                         r  ack_q_reg[15]/C

Slack:                    inf
  Source:                 rst_n
                            (input port)
  Destination:            ack_q_reg[1]/CLR
                            (recovery check against rising-edge clock clk  {rise@0.000ns fall@5.000ns period=10.000ns})
  Path Group:             (none)
  Path Type:              Recovery (Max at Slow Process Corner)
  Data Path Delay:        2.720ns  (logic 1.047ns (38.474%)  route 1.674ns (61.526%))
  Logic Levels:           2  (IBUF=1 LUT1=1)
  Clock Path Skew:        2.079ns (DCD - SCD + CPR)
    Destination Clock Delay (DCD):    2.079ns
    Source Clock Delay      (SCD):    0.000ns
    Clock Pessimism Removal (CPR):    0.000ns
  Timing Exception:       False Path

    Location             Delay type                Incr(ns)  Path(ns)    Netlist Resource(s)
  -------------------------------------------------------------------    -------------------
                                                      0.000     0.000 r  rst_n (IN)
                         net (fo=0)                   0.000     0.000    rst_n
                         IBUF (Prop_ibuf_I_O)         0.923     0.923 r  rst_n_IBUF_inst/O
                         net (fo=1, unplaced)         0.800     1.722    rst_n_IBUF
                         LUT1 (Prop_lut1_I0_O)        0.124     1.846 f  group_rr_q[1]_i_2/O
                         net (fo=95, unplaced)        0.874     2.720    group_rr_q[1]_i_2_n_0
                         FDCE                                         f  ack_q_reg[1]/CLR
  -------------------------------------------------------------------    -------------------

                         (clock clk rise edge)        0.000     0.000 r  
                                                      0.000     0.000 r  clk (IN)
                         net (fo=0)                   0.000     0.000    clk
                         IBUF (Prop_ibuf_I_O)         0.789     0.789 r  clk_IBUF_inst/O
                         net (fo=1, unplaced)         0.760     1.549    clk_IBUF
                         BUFG (Prop_bufg_I_O)         0.091     1.640 r  clk_IBUF_BUFG_inst/O
                         net (fo=95, unplaced)        0.439     2.079    clk_IBUF_BUFG
                         FDCE                                         r  ack_q_reg[1]/C

Slack:                    inf
  Source:                 rst_n
                            (input port)
  Destination:            ack_q_reg[2]/CLR
                            (recovery check against rising-edge clock clk  {rise@0.000ns fall@5.000ns period=10.000ns})
  Path Group:             (none)
  Path Type:              Recovery (Max at Slow Process Corner)
  Data Path Delay:        2.720ns  (logic 1.047ns (38.474%)  route 1.674ns (61.526%))
  Logic Levels:           2  (IBUF=1 LUT1=1)
  Clock Path Skew:        2.079ns (DCD - SCD + CPR)
    Destination Clock Delay (DCD):    2.079ns
    Source Clock Delay      (SCD):    0.000ns
    Clock Pessimism Removal (CPR):    0.000ns
  Timing Exception:       False Path

    Location             Delay type                Incr(ns)  Path(ns)    Netlist Resource(s)
  -------------------------------------------------------------------    -------------------
                                                      0.000     0.000 r  rst_n (IN)
                         net (fo=0)                   0.000     0.000    rst_n
                         IBUF (Prop_ibuf_I_O)         0.923     0.923 r  rst_n_IBUF_inst/O
                         net (fo=1, unplaced)         0.800     1.722    rst_n_IBUF
                         LUT1 (Prop_lut1_I0_O)        0.124     1.846 f  group_rr_q[1]_i_2/O
                         net (fo=95, unplaced)        0.874     2.720    group_rr_q[1]_i_2_n_0
                         FDCE                                         f  ack_q_reg[2]/CLR
  -------------------------------------------------------------------    -------------------

                         (clock clk rise edge)        0.000     0.000 r  
                                                      0.000     0.000 r  clk (IN)
                         net (fo=0)                   0.000     0.000    clk
                         IBUF (Prop_ibuf_I_O)         0.789     0.789 r  clk_IBUF_inst/O
                         net (fo=1, unplaced)         0.760     1.549    clk_IBUF
                         BUFG (Prop_bufg_I_O)         0.091     1.640 r  clk_IBUF_BUFG_inst/O
                         net (fo=95, unplaced)        0.439     2.079    clk_IBUF_BUFG
                         FDCE                                         r  ack_q_reg[2]/C

Slack:                    inf
  Source:                 rst_n
                            (input port)
  Destination:            ack_q_reg[3]/CLR
                            (recovery check against rising-edge clock clk  {rise@0.000ns fall@5.000ns period=10.000ns})
  Path Group:             (none)
  Path Type:              Recovery (Max at Slow Process Corner)
  Data Path Delay:        2.720ns  (logic 1.047ns (38.474%)  route 1.674ns (61.526%))
  Logic Levels:           2  (IBUF=1 LUT1=1)
  Clock Path Skew:        2.079ns (DCD - SCD + CPR)
    Destination Clock Delay (DCD):    2.079ns
    Source Clock Delay      (SCD):    0.000ns
    Clock Pessimism Removal (CPR):    0.000ns
  Timing Exception:       False Path

    Location             Delay type                Incr(ns)  Path(ns)    Netlist Resource(s)
  -------------------------------------------------------------------    -------------------
                                                      0.000     0.000 r  rst_n (IN)
                         net (fo=0)                   0.000     0.000    rst_n
                         IBUF (Prop_ibuf_I_O)         0.923     0.923 r  rst_n_IBUF_inst/O
                         net (fo=1, unplaced)         0.800     1.722    rst_n_IBUF
                         LUT1 (Prop_lut1_I0_O)        0.124     1.846 f  group_rr_q[1]_i_2/O
                         net (fo=95, unplaced)        0.874     2.720    group_rr_q[1]_i_2_n_0
                         FDCE                                         f  ack_q_reg[3]/CLR
  -------------------------------------------------------------------    -------------------

                         (clock clk rise edge)        0.000     0.000 r  
                                                      0.000     0.000 r  clk (IN)
                         net (fo=0)                   0.000     0.000    clk
                         IBUF (Prop_ibuf_I_O)         0.789     0.789 r  clk_IBUF_inst/O
                         net (fo=1, unplaced)         0.760     1.549    clk_IBUF
                         BUFG (Prop_bufg_I_O)         0.091     1.640 r  clk_IBUF_BUFG_inst/O
                         net (fo=95, unplaced)        0.439     2.079    clk_IBUF_BUFG
                         FDCE                                         r  ack_q_reg[3]/C





