*----------------------------------------------------------------------------------------
*	Innovus 23.14-s088_1 (64bit) 02/28/2025 12:25 (Linux 3.10.0-693.el7.x86_64)
*	
*
* 	Date & Time:	2026-Aug-26 17:06:27 (2026-Aug-26 08:06:27 GMT)
*
*----------------------------------------------------------------------------------------
*
*	Design: aer_pending_xor1_rank_reuse_sync_core_reset
*
*	Liberty Libraries used: 
*	        setup_view: <REMOTE_WORKSPACE>/pnr/p10xor1_h020v4/db/aer_pending_xor1_rank_reuse_sync_core_reset_postroute.enc.dat/libs/mmmc/slow_vdd1v0_basicCells.lib
*
*	Power Domain used: 
*              Rail:        VDD      Voltage:        0.9 
*
*       Power View : setup_view
*
*       User-Defined Activity : N.A.
*
*	Switching Activity File used: 
*	        <REMOTE_WORKSPACE>/reports/p10xor1_vcd/mapped_activity.saif
*
*            Total Design annotation coverage: 275/282 = 97.517731% 

*       Hierarchical Global Activity: N.A.
*
*       Global Activity: N.A.
*
*       Sequential Element Activity: N.A.
*
*       Primary Input Activity: N.A.
*
*       Default icg ratio: N.A.
*
*       Global Comb ClockGate Ratio: N.A.
*
*	Power Units = 1mW
*
*	Time Units = 1e-09 secs 
*
*       report_power -outfile <REMOTE_WORKSPACE>/pnr/p10xor1_h020v4/reports/postroute_power_saif.rpt
*
-----------------------------------------------------------------------------------------


Total Power 
-----------------------------------------------------------------------------------------
Total Internal Power:        0.01308734 	   90.1432%
Total Switching Power:       0.00141882 	    9.7726%
Total Leakage Power:         0.00001223 	    0.0842%
Total Power:                 0.01451839 
-----------------------------------------------------------------------------------------


Group                           Internal   Switching     Leakage       Total  Percentage 
                                Power      Power         Power         Power  (%)        
-----------------------------------------------------------------------------------------
Sequential                       0.01185   0.0002262   6.841e-06     0.01208        83.2 
Macro                                  0           0           0           0           0 
IO                                     0           0           0           0           0 
Combinational                   0.001241    0.001193   5.387e-06    0.002439        16.8 
Clock (Combinational)                  0           0           0           0           0 
Clock (Sequential)                     0           0           0           0           0 
-----------------------------------------------------------------------------------------
Total                            0.01309    0.001419   1.223e-05     0.01452         100 
-----------------------------------------------------------------------------------------


Rail                  Voltage   Internal   Switching     Leakage       Total  Percentage 
                                Power      Power         Power         Power  (%)        
-----------------------------------------------------------------------------------------
VDD                       0.9    0.01309    0.001419   1.223e-05     0.01452         100 


-----------------------------------------------------------------------------------------
*	Power Distribution Summary: 
*                Highest Average Power:    reset_release_q_reg[1] (DFFRHQX1):        0.0002814 
*                Highest Leakage Power:    reset_release_q_reg[0] (DFFRHQX1):        1.442e-07 
*          Total Cap:      3.45282e-13 F
*          Total instances in design:   263
*          Total instances in design with no power:     0
*          Total instances in design with no activity:     0
*          Total Fillers and Decap:     0
-----------------------------------------------------------------------------------------

