###############################################################
#  Generated by:      Cadence Innovus 23.14-s088_1
#  OS:                Linux x86_64(Host ID <REMOTE_HOST>)
#  Generated on:      Wed Aug 26 16:59:40 2026
#  Design:            aer_pending_xor1_rank_reuse_sync_core_reset
#  Command:           report_timing -from [get_pins -hierarchical *req_sync_q_reg*/Q*] -max_paths 100 > [file join $report_dir postroute_core_setup_timing.rpt]
###############################################################
Path 1: MET Setup Check with Pin pending_rank_q_reg[9]/CK 
Endpoint:   pending_rank_q_reg[9]/D (^) checked with  leading edge of 'clk'
Beginpoint: req_sync_q_reg[15]/Q    (v) triggered by  leading edge of 'clk'
Path Groups: {clk}
Analysis View: setup_view
Other End Arrival Time          0.001
- Setup                         0.148
+ Phase Shift                  10.000
- Uncertainty                   0.200
= Required Time                 9.654
- Arrival Time                  2.592
= Slack Time                    7.061
     Clock Rise Edge                 0.000
     + Clock Network Latency (Prop)  -0.000
     = Beginpoint Arrival Time       -0.000
     +-------------------------------------------------------------------------------+ 
     |       Instance        |     Arc      |   Cell    | Delay | Arrival | Required | 
     |                       |              |           |       |  Time   |   Time   | 
     |-----------------------+--------------+-----------+-------+---------+----------| 
     | req_sync_q_reg[15]    | CK ^         |           |       |  -0.000 |    7.061 | 
     | req_sync_q_reg[15]    | CK ^ -> Q v  | DFFHQX1   | 0.229 |   0.228 |    7.290 | 
     | g6955__5107           | A0 v -> Y ^  | AOI21X1   | 0.134 |   0.362 |    7.423 | 
     | g6920__7482           | C ^ -> Y v   | NAND4XL   | 0.233 |   0.595 |    7.656 | 
     | FE_OFC1_n_92          | A v -> Y v   | BUFX2     | 0.163 |   0.758 |    7.819 | 
     | g6912__7098           | B v -> Y ^   | NOR2X1    | 0.057 |   0.815 |    7.876 | 
     | g6908__1617           | B ^ -> Y ^   | OR2XL     | 0.091 |   0.906 |    7.967 | 
     | g6904__8428           | AN ^ -> Y ^  | NOR2BX1   | 0.103 |   1.009 |    8.070 | 
     | g6894__6417           | B1 ^ -> Y v  | OAI22X1   | 0.102 |   1.111 |    8.172 | 
     | g6888__9945           | A1N v -> Y v | OAI2BB1X2 | 0.186 |   1.297 |    8.359 | 
     | g6887                 | A v -> Y ^   | INVX1     | 0.114 |   1.412 |    8.473 | 
     | g6878__7098           | B1 ^ -> Y v  | OAI22X1   | 0.110 |   1.522 |    8.583 | 
     | g6871__3680           | A1 v -> Y ^  | AOI22X1   | 0.146 |   1.668 |    8.729 | 
     | g6869__6783           | C0 ^ -> Y v  | OAI221X1  | 0.202 |   1.870 |    8.931 | 
     | g6865__4319           | A2 v -> Y ^  | AOI32X1   | 0.177 |   2.047 |    9.108 | 
     | g6861__5477           | B ^ -> Y v   | NAND2X1   | 0.167 |   2.214 |    9.275 | 
     | g6854__9945           | A1N v -> Y v | OAI2BB1X1 | 0.227 |   2.441 |    9.502 | 
     | g6848__6260           | A1 v -> Y ^  | AOI21XL   | 0.151 |   2.592 |    9.654 | 
     | pending_rank_q_reg[9] | D ^          | DFFQXL    | 0.000 |   2.592 |    9.654 | 
     +-------------------------------------------------------------------------------+ 
Path 2: MET Setup Check with Pin pending_rank_q_reg[11]/CK 
Endpoint:   pending_rank_q_reg[11]/D (^) checked with  leading edge of 'clk'
Beginpoint: req_sync_q_reg[15]/Q     (v) triggered by  leading edge of 'clk'
Path Groups: {clk}
Analysis View: setup_view
Other End Arrival Time          0.001
- Setup                         0.144
+ Phase Shift                  10.000
- Uncertainty                   0.200
= Required Time                 9.657
- Arrival Time                  2.589
= Slack Time                    7.067
     Clock Rise Edge                 0.000
     + Clock Network Latency (Prop)  -0.000
     = Beginpoint Arrival Time       -0.000
     +--------------------------------------------------------------------------------+ 
     |        Instance        |     Arc      |   Cell    | Delay | Arrival | Required | 
     |                        |              |           |       |  Time   |   Time   | 
     |------------------------+--------------+-----------+-------+---------+----------| 
     | req_sync_q_reg[15]     | CK ^         |           |       |  -0.000 |    7.067 | 
     | req_sync_q_reg[15]     | CK ^ -> Q v  | DFFHQX1   | 0.229 |   0.228 |    7.296 | 
     | g6955__5107            | A0 v -> Y ^  | AOI21X1   | 0.134 |   0.362 |    7.429 | 
     | g6920__7482            | C ^ -> Y v   | NAND4XL   | 0.233 |   0.595 |    7.662 | 
     | FE_OFC1_n_92           | A v -> Y v   | BUFX2     | 0.163 |   0.758 |    7.825 | 
     | g6912__7098            | B v -> Y ^   | NOR2X1    | 0.057 |   0.815 |    7.882 | 
     | g6908__1617            | B ^ -> Y ^   | OR2XL     | 0.091 |   0.906 |    7.973 | 
     | g6904__8428            | AN ^ -> Y ^  | NOR2BX1   | 0.103 |   1.009 |    8.076 | 
     | g6894__6417            | B1 ^ -> Y v  | OAI22X1   | 0.102 |   1.111 |    8.178 | 
     | g6888__9945            | A1N v -> Y v | OAI2BB1X2 | 0.186 |   1.297 |    8.365 | 
     | g6887                  | A v -> Y ^   | INVX1     | 0.114 |   1.412 |    8.479 | 
     | g6878__7098            | B1 ^ -> Y v  | OAI22X1   | 0.110 |   1.522 |    8.589 | 
     | g6871__3680            | A1 v -> Y ^  | AOI22X1   | 0.146 |   1.668 |    8.735 | 
     | g6869__6783            | C0 ^ -> Y v  | OAI221X1  | 0.202 |   1.870 |    8.937 | 
     | g6865__4319            | A2 v -> Y ^  | AOI32X1   | 0.177 |   2.047 |    9.114 | 
     | g6861__5477            | B ^ -> Y v   | NAND2X1   | 0.167 |   2.214 |    9.281 | 
     | g6854__9945            | A1N v -> Y v | OAI2BB1X1 | 0.227 |   2.441 |    9.508 | 
     | g6847__5107            | A1 v -> Y ^  | AOI21XL   | 0.148 |   2.589 |    9.657 | 
     | pending_rank_q_reg[11] | D ^          | DFFQXL    | 0.000 |   2.589 |    9.657 | 
     +--------------------------------------------------------------------------------+ 
Path 3: MET Setup Check with Pin pending_rank_q_reg[13]/CK 
Endpoint:   pending_rank_q_reg[13]/D (^) checked with  leading edge of 'clk'
Beginpoint: req_sync_q_reg[15]/Q     (v) triggered by  leading edge of 'clk'
Path Groups: {clk}
Analysis View: setup_view
Other End Arrival Time          0.001
- Setup                         0.144
+ Phase Shift                  10.000
- Uncertainty                   0.200
= Required Time                 9.657
- Arrival Time                  2.587
= Slack Time                    7.070
     Clock Rise Edge                 0.000
     + Clock Network Latency (Prop)  -0.000
     = Beginpoint Arrival Time       -0.000
     +--------------------------------------------------------------------------------+ 
     |        Instance        |     Arc      |   Cell    | Delay | Arrival | Required | 
     |                        |              |           |       |  Time   |   Time   | 
     |------------------------+--------------+-----------+-------+---------+----------| 
     | req_sync_q_reg[15]     | CK ^         |           |       |  -0.000 |    7.070 | 
     | req_sync_q_reg[15]     | CK ^ -> Q v  | DFFHQX1   | 0.229 |   0.228 |    7.298 | 
     | g6955__5107            | A0 v -> Y ^  | AOI21X1   | 0.134 |   0.362 |    7.432 | 
     | g6920__7482            | C ^ -> Y v   | NAND4XL   | 0.233 |   0.595 |    7.665 | 
     | FE_OFC1_n_92           | A v -> Y v   | BUFX2     | 0.163 |   0.758 |    7.828 | 
     | g6912__7098            | B v -> Y ^   | NOR2X1    | 0.057 |   0.815 |    7.885 | 
     | g6908__1617            | B ^ -> Y ^   | OR2XL     | 0.091 |   0.906 |    7.976 | 
     | g6904__8428            | AN ^ -> Y ^  | NOR2BX1   | 0.103 |   1.009 |    8.079 | 
     | g6894__6417            | B1 ^ -> Y v  | OAI22X1   | 0.102 |   1.111 |    8.181 | 
     | g6888__9945            | A1N v -> Y v | OAI2BB1X2 | 0.186 |   1.297 |    8.368 | 
     | g6887                  | A v -> Y ^   | INVX1     | 0.114 |   1.412 |    8.482 | 
     | g6878__7098            | B1 ^ -> Y v  | OAI22X1   | 0.110 |   1.522 |    8.592 | 
     | g6871__3680            | A1 v -> Y ^  | AOI22X1   | 0.146 |   1.668 |    8.738 | 
     | g6869__6783            | C0 ^ -> Y v  | OAI221X1  | 0.202 |   1.870 |    8.940 | 
     | g6865__4319            | A2 v -> Y ^  | AOI32X1   | 0.177 |   2.047 |    9.117 | 
     | g6861__5477            | B ^ -> Y v   | NAND2X1   | 0.167 |   2.214 |    9.284 | 
     | g6854__9945            | A1N v -> Y v | OAI2BB1X1 | 0.227 |   2.441 |    9.511 | 
     | g6843__5122            | A1 v -> Y ^  | AOI21XL   | 0.146 |   2.587 |    9.657 | 
     | pending_rank_q_reg[13] | D ^          | DFFQXL    | 0.000 |   2.587 |    9.657 | 
     +--------------------------------------------------------------------------------+ 
Path 4: MET Setup Check with Pin pending_rank_q_reg[0]/CK 
Endpoint:   pending_rank_q_reg[0]/D (v) checked with  leading edge of 'clk'
Beginpoint: req_sync_q_reg[15]/Q    (v) triggered by  leading edge of 'clk'
Path Groups: {clk}
Analysis View: setup_view
Other End Arrival Time          0.001
- Setup                         0.115
+ Phase Shift                  10.000
- Uncertainty                   0.200
= Required Time                 9.686
- Arrival Time                  2.616
= Slack Time                    7.071
     Clock Rise Edge                 0.000
     + Clock Network Latency (Prop)  -0.000
     = Beginpoint Arrival Time       -0.000
     +-------------------------------------------------------------------------------+ 
     |       Instance        |     Arc      |   Cell    | Delay | Arrival | Required | 
     |                       |              |           |       |  Time   |   Time   | 
     |-----------------------+--------------+-----------+-------+---------+----------| 
     | req_sync_q_reg[15]    | CK ^         |           |       |  -0.000 |    7.070 | 
     | req_sync_q_reg[15]    | CK ^ -> Q v  | DFFHQX1   | 0.229 |   0.228 |    7.299 | 
     | g6955__5107           | A0 v -> Y ^  | AOI21X1   | 0.134 |   0.362 |    7.433 | 
     | g6920__7482           | C ^ -> Y v   | NAND4XL   | 0.233 |   0.595 |    7.666 | 
     | FE_OFC1_n_92          | A v -> Y v   | BUFX2     | 0.163 |   0.758 |    7.829 | 
     | g6912__7098           | B v -> Y ^   | NOR2X1    | 0.057 |   0.815 |    7.886 | 
     | g6908__1617           | B ^ -> Y ^   | OR2XL     | 0.091 |   0.906 |    7.977 | 
     | g6904__8428           | AN ^ -> Y ^  | NOR2BX1   | 0.103 |   1.009 |    8.079 | 
     | g6894__6417           | B1 ^ -> Y v  | OAI22X1   | 0.102 |   1.111 |    8.182 | 
     | g6888__9945           | A1N v -> Y v | OAI2BB1X2 | 0.186 |   1.297 |    8.368 | 
     | g6887                 | A v -> Y ^   | INVX1     | 0.114 |   1.412 |    8.482 | 
     | g6878__7098           | B1 ^ -> Y v  | OAI22X1   | 0.110 |   1.522 |    8.592 | 
     | g6871__3680           | A1 v -> Y ^  | AOI22X1   | 0.146 |   1.668 |    8.739 | 
     | g6869__6783           | C0 ^ -> Y v  | OAI221X1  | 0.202 |   1.870 |    8.940 | 
     | g6865__4319           | A2 v -> Y ^  | AOI32X1   | 0.177 |   2.047 |    9.117 | 
     | g6861__5477           | B ^ -> Y v   | NAND2X1   | 0.167 |   2.214 |    9.285 | 
     | g6850__7482           | A1 v -> Y ^  | OAI21X1   | 0.216 |   2.430 |    9.501 | 
     | g6834__6131           | A1 ^ -> Y v  | AOI21XL   | 0.185 |   2.616 |    9.686 | 
     | pending_rank_q_reg[0] | D v          | DFFQXL    | 0.000 |   2.616 |    9.686 | 
     +-------------------------------------------------------------------------------+ 
Path 5: MET Setup Check with Pin pending_rank_q_reg[15]/CK 
Endpoint:   pending_rank_q_reg[15]/D (^) checked with  leading edge of 'clk'
Beginpoint: req_sync_q_reg[15]/Q     (v) triggered by  leading edge of 'clk'
Path Groups: {clk}
Analysis View: setup_view
Other End Arrival Time          0.001
- Setup                         0.140
+ Phase Shift                  10.000
- Uncertainty                   0.200
= Required Time                 9.660
- Arrival Time                  2.586
= Slack Time                    7.075
     Clock Rise Edge                 0.000
     + Clock Network Latency (Prop)  -0.000
     = Beginpoint Arrival Time       -0.000
     +--------------------------------------------------------------------------------+ 
     |        Instance        |     Arc      |   Cell    | Delay | Arrival | Required | 
     |                        |              |           |       |  Time   |   Time   | 
     |------------------------+--------------+-----------+-------+---------+----------| 
     | req_sync_q_reg[15]     | CK ^         |           |       |  -0.000 |    7.074 | 
     | req_sync_q_reg[15]     | CK ^ -> Q v  | DFFHQX1   | 0.229 |   0.228 |    7.303 | 
     | g6955__5107            | A0 v -> Y ^  | AOI21X1   | 0.134 |   0.362 |    7.437 | 
     | g6920__7482            | C ^ -> Y v   | NAND4XL   | 0.233 |   0.595 |    7.670 | 
     | FE_OFC1_n_92           | A v -> Y v   | BUFX2     | 0.163 |   0.758 |    7.833 | 
     | g6912__7098            | B v -> Y ^   | NOR2X1    | 0.057 |   0.815 |    7.890 | 
     | g6908__1617            | B ^ -> Y ^   | OR2XL     | 0.091 |   0.906 |    7.981 | 
     | g6904__8428            | AN ^ -> Y ^  | NOR2BX1   | 0.103 |   1.009 |    8.084 | 
     | g6894__6417            | B1 ^ -> Y v  | OAI22X1   | 0.102 |   1.111 |    8.186 | 
     | g6888__9945            | A1N v -> Y v | OAI2BB1X2 | 0.186 |   1.297 |    8.372 | 
     | g6887                  | A v -> Y ^   | INVX1     | 0.114 |   1.412 |    8.487 | 
     | g6878__7098            | B1 ^ -> Y v  | OAI22X1   | 0.110 |   1.522 |    8.597 | 
     | g6871__3680            | A1 v -> Y ^  | AOI22X1   | 0.146 |   1.668 |    8.743 | 
     | g6869__6783            | C0 ^ -> Y v  | OAI221X1  | 0.202 |   1.870 |    8.944 | 
     | g6865__4319            | A2 v -> Y ^  | AOI32X1   | 0.177 |   2.047 |    9.122 | 
     | g6861__5477            | B ^ -> Y v   | NAND2X1   | 0.167 |   2.214 |    9.289 | 
     | g6854__9945            | A1N v -> Y v | OAI2BB1X1 | 0.227 |   2.441 |    9.516 | 
     | g6840__8246            | A1 v -> Y ^  | AOI21XL   | 0.144 |   2.586 |    9.660 | 
     | pending_rank_q_reg[15] | D ^          | DFFQXL    | 0.000 |   2.586 |    9.660 | 
     +--------------------------------------------------------------------------------+ 
Path 6: MET Setup Check with Pin pending_rank_q_reg[3]/CK 
Endpoint:   pending_rank_q_reg[3]/D (^) checked with  leading edge of 'clk'
Beginpoint: req_sync_q_reg[15]/Q    (v) triggered by  leading edge of 'clk'
Path Groups: {clk}
Analysis View: setup_view
Other End Arrival Time          0.001
- Setup                         0.152
+ Phase Shift                  10.000
- Uncertainty                   0.200
= Required Time                 9.649
- Arrival Time                  2.573
= Slack Time                    7.076
     Clock Rise Edge                 0.000
     + Clock Network Latency (Prop)  -0.000
     = Beginpoint Arrival Time       -0.000
     +-------------------------------------------------------------------------------+ 
     |       Instance        |     Arc      |   Cell    | Delay | Arrival | Required | 
     |                       |              |           |       |  Time   |   Time   | 
     |-----------------------+--------------+-----------+-------+---------+----------| 
     | req_sync_q_reg[15]    | CK ^         |           |       |  -0.000 |    7.076 | 
     | req_sync_q_reg[15]    | CK ^ -> Q v  | DFFHQX1   | 0.229 |   0.228 |    7.305 | 
     | g6955__5107           | A0 v -> Y ^  | AOI21X1   | 0.134 |   0.362 |    7.439 | 
     | g6920__7482           | C ^ -> Y v   | NAND4XL   | 0.233 |   0.595 |    7.671 | 
     | FE_OFC1_n_92          | A v -> Y v   | BUFX2     | 0.163 |   0.758 |    7.834 | 
     | g6912__7098           | B v -> Y ^   | NOR2X1    | 0.057 |   0.815 |    7.892 | 
     | g6908__1617           | B ^ -> Y ^   | OR2XL     | 0.091 |   0.906 |    7.983 | 
     | g6904__8428           | AN ^ -> Y ^  | NOR2BX1   | 0.103 |   1.009 |    8.085 | 
     | g6894__6417           | B1 ^ -> Y v  | OAI22X1   | 0.102 |   1.111 |    8.188 | 
     | g6888__9945           | A1N v -> Y v | OAI2BB1X2 | 0.186 |   1.297 |    8.374 | 
     | g6887                 | A v -> Y ^   | INVX1     | 0.114 |   1.412 |    8.488 | 
     | g6878__7098           | B1 ^ -> Y v  | OAI22X1   | 0.110 |   1.522 |    8.598 | 
     | g6871__3680           | A1 v -> Y ^  | AOI22X1   | 0.146 |   1.668 |    8.744 | 
     | g6869__6783           | C0 ^ -> Y v  | OAI221X1  | 0.202 |   1.870 |    8.946 | 
     | g6865__4319           | A2 v -> Y ^  | AOI32X1   | 0.177 |   2.047 |    9.123 | 
     | g6861__5477           | B ^ -> Y v   | NAND2X1   | 0.167 |   2.214 |    9.290 | 
     | g6855__9315           | A1N v -> Y v | OAI2BB1X1 | 0.214 |   2.428 |    9.504 | 
     | g6845__1881           | A1 v -> Y ^  | AOI21XL   | 0.145 |   2.573 |    9.649 | 
     | pending_rank_q_reg[3] | D ^          | DFFQXL    | 0.000 |   2.573 |    9.649 | 
     +-------------------------------------------------------------------------------+ 
Path 7: MET Setup Check with Pin pending_rank_q_reg[12]/CK 
Endpoint:   pending_rank_q_reg[12]/D (v) checked with  leading edge of 'clk'
Beginpoint: req_sync_q_reg[15]/Q     (v) triggered by  leading edge of 'clk'
Path Groups: {clk}
Analysis View: setup_view
Other End Arrival Time          0.001
- Setup                         0.110
+ Phase Shift                  10.000
- Uncertainty                   0.200
= Required Time                 9.691
- Arrival Time                  2.611
= Slack Time                    7.080
     Clock Rise Edge                 0.000
     + Clock Network Latency (Prop)  -0.000
     = Beginpoint Arrival Time       -0.000
     +--------------------------------------------------------------------------------+ 
     |        Instance        |     Arc      |   Cell    | Delay | Arrival | Required | 
     |                        |              |           |       |  Time   |   Time   | 
     |------------------------+--------------+-----------+-------+---------+----------| 
     | req_sync_q_reg[15]     | CK ^         |           |       |  -0.000 |    7.080 | 
     | req_sync_q_reg[15]     | CK ^ -> Q v  | DFFHQX1   | 0.229 |   0.228 |    7.309 | 
     | g6955__5107            | A0 v -> Y ^  | AOI21X1   | 0.134 |   0.362 |    7.443 | 
     | g6920__7482            | C ^ -> Y v   | NAND4XL   | 0.233 |   0.595 |    7.675 | 
     | FE_OFC1_n_92           | A v -> Y v   | BUFX2     | 0.163 |   0.758 |    7.838 | 
     | g6912__7098            | B v -> Y ^   | NOR2X1    | 0.057 |   0.815 |    7.896 | 
     | g6908__1617            | B ^ -> Y ^   | OR2XL     | 0.091 |   0.906 |    7.987 | 
     | g6904__8428            | AN ^ -> Y ^  | NOR2BX1   | 0.103 |   1.009 |    8.089 | 
     | g6894__6417            | B1 ^ -> Y v  | OAI22X1   | 0.102 |   1.111 |    8.192 | 
     | g6888__9945            | A1N v -> Y v | OAI2BB1X2 | 0.186 |   1.297 |    8.378 | 
     | g6887                  | A v -> Y ^   | INVX1     | 0.114 |   1.412 |    8.492 | 
     | g6878__7098            | B1 ^ -> Y v  | OAI22X1   | 0.110 |   1.522 |    8.602 | 
     | g6871__3680            | A1 v -> Y ^  | AOI22X1   | 0.146 |   1.668 |    8.748 | 
     | g6869__6783            | C0 ^ -> Y v  | OAI221X1  | 0.202 |   1.870 |    8.950 | 
     | g6865__4319            | A2 v -> Y ^  | AOI32X1   | 0.177 |   2.047 |    9.127 | 
     | g6861__5477            | B ^ -> Y v   | NAND2X1   | 0.167 |   2.214 |    9.294 | 
     | g6851__4733            | A1 v -> Y ^  | OAI21X1   | 0.215 |   2.429 |    9.510 | 
     | g6842__1705            | A1 ^ -> Y v  | AOI21XL   | 0.182 |   2.611 |    9.691 | 
     | pending_rank_q_reg[12] | D v          | DFFQXL    | 0.000 |   2.611 |    9.691 | 
     +--------------------------------------------------------------------------------+ 
Path 8: MET Setup Check with Pin pending_rank_q_reg[2]/CK 
Endpoint:   pending_rank_q_reg[2]/D (v) checked with  leading edge of 'clk'
Beginpoint: req_sync_q_reg[15]/Q    (v) triggered by  leading edge of 'clk'
Path Groups: {clk}
Analysis View: setup_view
Other End Arrival Time          0.001
- Setup                         0.124
+ Phase Shift                  10.000
- Uncertainty                   0.200
= Required Time                 9.677
- Arrival Time                  2.591
= Slack Time                    7.086
     Clock Rise Edge                 0.000
     + Clock Network Latency (Prop)  -0.000
     = Beginpoint Arrival Time       -0.000
     +-------------------------------------------------------------------------------+ 
     |       Instance        |     Arc      |   Cell    | Delay | Arrival | Required | 
     |                       |              |           |       |  Time   |   Time   | 
     |-----------------------+--------------+-----------+-------+---------+----------| 
     | req_sync_q_reg[15]    | CK ^         |           |       |  -0.000 |    7.086 | 
     | req_sync_q_reg[15]    | CK ^ -> Q v  | DFFHQX1   | 0.229 |   0.228 |    7.314 | 
     | g6955__5107           | A0 v -> Y ^  | AOI21X1   | 0.134 |   0.362 |    7.448 | 
     | g6920__7482           | C ^ -> Y v   | NAND4XL   | 0.233 |   0.595 |    7.681 | 
     | FE_OFC1_n_92          | A v -> Y v   | BUFX2     | 0.163 |   0.758 |    7.844 | 
     | g6912__7098           | B v -> Y ^   | NOR2X1    | 0.057 |   0.815 |    7.901 | 
     | g6908__1617           | B ^ -> Y ^   | OR2XL     | 0.091 |   0.906 |    7.992 | 
     | g6904__8428           | AN ^ -> Y ^  | NOR2BX1   | 0.103 |   1.009 |    8.095 | 
     | g6894__6417           | B1 ^ -> Y v  | OAI22X1   | 0.102 |   1.111 |    8.197 | 
     | g6888__9945           | A1N v -> Y v | OAI2BB1X2 | 0.186 |   1.297 |    8.384 | 
     | g6887                 | A v -> Y ^   | INVX1     | 0.114 |   1.412 |    8.498 | 
     | g6878__7098           | B1 ^ -> Y v  | OAI22X1   | 0.110 |   1.522 |    8.608 | 
     | g6871__3680           | A1 v -> Y ^  | AOI22X1   | 0.146 |   1.668 |    8.754 | 
     | g6869__6783           | C0 ^ -> Y v  | OAI221X1  | 0.202 |   1.870 |    8.956 | 
     | g6865__4319           | A2 v -> Y ^  | AOI32X1   | 0.177 |   2.047 |    9.133 | 
     | g6861__5477           | B ^ -> Y v   | NAND2X1   | 0.167 |   2.214 |    9.300 | 
     | g6850__7482           | A1 v -> Y ^  | OAI21X1   | 0.216 |   2.430 |    9.516 | 
     | g6833__3680           | A1 ^ -> Y v  | AOI21XL   | 0.161 |   2.591 |    9.677 | 
     | pending_rank_q_reg[2] | D v          | DFFQXL    | 0.000 |   2.591 |    9.677 | 
     +-------------------------------------------------------------------------------+ 
Path 9: MET Setup Check with Pin pending_rank_q_reg[8]/CK 
Endpoint:   pending_rank_q_reg[8]/D (v) checked with  leading edge of 'clk'
Beginpoint: req_sync_q_reg[15]/Q    (v) triggered by  leading edge of 'clk'
Path Groups: {clk}
Analysis View: setup_view
Other End Arrival Time          0.001
- Setup                         0.122
+ Phase Shift                  10.000
- Uncertainty                   0.200
= Required Time                 9.679
- Arrival Time                  2.592
= Slack Time                    7.087
     Clock Rise Edge                 0.000
     + Clock Network Latency (Prop)  -0.000
     = Beginpoint Arrival Time       -0.000
     +-------------------------------------------------------------------------------+ 
     |       Instance        |     Arc      |   Cell    | Delay | Arrival | Required | 
     |                       |              |           |       |  Time   |   Time   | 
     |-----------------------+--------------+-----------+-------+---------+----------| 
     | req_sync_q_reg[15]    | CK ^         |           |       |  -0.000 |    7.087 | 
     | req_sync_q_reg[15]    | CK ^ -> Q v  | DFFHQX1   | 0.229 |   0.228 |    7.315 | 
     | g6955__5107           | A0 v -> Y ^  | AOI21X1   | 0.134 |   0.362 |    7.449 | 
     | g6920__7482           | C ^ -> Y v   | NAND4XL   | 0.233 |   0.595 |    7.682 | 
     | FE_OFC1_n_92          | A v -> Y v   | BUFX2     | 0.163 |   0.758 |    7.845 | 
     | g6912__7098           | B v -> Y ^   | NOR2X1    | 0.057 |   0.815 |    7.902 | 
     | g6908__1617           | B ^ -> Y ^   | OR2XL     | 0.091 |   0.906 |    7.993 | 
     | g6904__8428           | AN ^ -> Y ^  | NOR2BX1   | 0.103 |   1.009 |    8.096 | 
     | g6894__6417           | B1 ^ -> Y v  | OAI22X1   | 0.102 |   1.111 |    8.198 | 
     | g6888__9945           | A1N v -> Y v | OAI2BB1X2 | 0.186 |   1.297 |    8.385 | 
     | g6887                 | A v -> Y ^   | INVX1     | 0.114 |   1.412 |    8.499 | 
     | g6878__7098           | B1 ^ -> Y v  | OAI22X1   | 0.110 |   1.522 |    8.609 | 
     | g6871__3680           | A1 v -> Y ^  | AOI22X1   | 0.146 |   1.668 |    8.755 | 
     | g6869__6783           | C0 ^ -> Y v  | OAI221X1  | 0.202 |   1.870 |    8.957 | 
     | g6865__4319           | A2 v -> Y ^  | AOI32X1   | 0.177 |   2.047 |    9.134 | 
     | g6861__5477           | B ^ -> Y v   | NAND2X1   | 0.167 |   2.214 |    9.301 | 
     | g6851__4733           | A1 v -> Y ^  | OAI21X1   | 0.215 |   2.429 |    9.516 | 
     | g6836__4319           | A1 ^ -> Y v  | AOI21XL   | 0.163 |   2.592 |    9.679 | 
     | pending_rank_q_reg[8] | D v          | DFFQXL    | 0.000 |   2.592 |    9.679 | 
     +-------------------------------------------------------------------------------+ 
Path 10: MET Setup Check with Pin pending_rank_q_reg[14]/CK 
Endpoint:   pending_rank_q_reg[14]/D (v) checked with  leading edge of 'clk'
Beginpoint: req_sync_q_reg[15]/Q     (v) triggered by  leading edge of 'clk'
Path Groups: {clk}
Analysis View: setup_view
Other End Arrival Time          0.001
- Setup                         0.105
+ Phase Shift                  10.000
- Uncertainty                   0.200
= Required Time                 9.696
- Arrival Time                  2.605
= Slack Time                    7.091
     Clock Rise Edge                 0.000
     + Clock Network Latency (Prop)  -0.000
     = Beginpoint Arrival Time       -0.000
     +--------------------------------------------------------------------------------+ 
     |        Instance        |     Arc      |   Cell    | Delay | Arrival | Required | 
     |                        |              |           |       |  Time   |   Time   | 
     |------------------------+--------------+-----------+-------+---------+----------| 
     | req_sync_q_reg[15]     | CK ^         |           |       |  -0.000 |    7.090 | 
     | req_sync_q_reg[15]     | CK ^ -> Q v  | DFFHQX1   | 0.229 |   0.228 |    7.319 | 
     | g6955__5107            | A0 v -> Y ^  | AOI21X1   | 0.134 |   0.362 |    7.453 | 
     | g6920__7482            | C ^ -> Y v   | NAND4XL   | 0.233 |   0.595 |    7.686 | 
     | FE_OFC1_n_92           | A v -> Y v   | BUFX2     | 0.163 |   0.758 |    7.849 | 
     | g6912__7098            | B v -> Y ^   | NOR2X1    | 0.057 |   0.815 |    7.906 | 
     | g6908__1617            | B ^ -> Y ^   | OR2XL     | 0.091 |   0.906 |    7.997 | 
     | g6904__8428            | AN ^ -> Y ^  | NOR2BX1   | 0.103 |   1.009 |    8.099 | 
     | g6894__6417            | B1 ^ -> Y v  | OAI22X1   | 0.102 |   1.111 |    8.202 | 
     | g6888__9945            | A1N v -> Y v | OAI2BB1X2 | 0.186 |   1.297 |    8.388 | 
     | g6887                  | A v -> Y ^   | INVX1     | 0.114 |   1.412 |    8.502 | 
     | g6878__7098            | B1 ^ -> Y v  | OAI22X1   | 0.110 |   1.522 |    8.613 | 
     | g6871__3680            | A1 v -> Y ^  | AOI22X1   | 0.146 |   1.668 |    8.759 | 
     | g6869__6783            | C0 ^ -> Y v  | OAI221X1  | 0.202 |   1.870 |    8.960 | 
     | g6865__4319            | A2 v -> Y ^  | AOI32X1   | 0.177 |   2.047 |    9.138 | 
     | g6861__5477            | B ^ -> Y v   | NAND2X1   | 0.167 |   2.214 |    9.305 | 
     | g6851__4733            | A1 v -> Y ^  | OAI21X1   | 0.215 |   2.429 |    9.520 | 
     | g6844__7098            | A1 ^ -> Y v  | AOI21XL   | 0.176 |   2.605 |    9.696 | 
     | pending_rank_q_reg[14] | D v          | DFFQXL    | 0.000 |   2.605 |    9.696 | 
     +--------------------------------------------------------------------------------+ 
Path 11: MET Setup Check with Pin pending_rank_q_reg[10]/CK 
Endpoint:   pending_rank_q_reg[10]/D (v) checked with  leading edge of 'clk'
Beginpoint: req_sync_q_reg[15]/Q     (v) triggered by  leading edge of 'clk'
Path Groups: {clk}
Analysis View: setup_view
Other End Arrival Time          0.001
- Setup                         0.104
+ Phase Shift                  10.000
- Uncertainty                   0.200
= Required Time                 9.697
- Arrival Time                  2.604
= Slack Time                    7.093
     Clock Rise Edge                 0.000
     + Clock Network Latency (Prop)  -0.000
     = Beginpoint Arrival Time       -0.000
     +--------------------------------------------------------------------------------+ 
     |        Instance        |     Arc      |   Cell    | Delay | Arrival | Required | 
     |                        |              |           |       |  Time   |   Time   | 
     |------------------------+--------------+-----------+-------+---------+----------| 
     | req_sync_q_reg[15]     | CK ^         |           |       |  -0.000 |    7.092 | 
     | req_sync_q_reg[15]     | CK ^ -> Q v  | DFFHQX1   | 0.229 |   0.228 |    7.321 | 
     | g6955__5107            | A0 v -> Y ^  | AOI21X1   | 0.134 |   0.362 |    7.455 | 
     | g6920__7482            | C ^ -> Y v   | NAND4XL   | 0.233 |   0.595 |    7.688 | 
     | FE_OFC1_n_92           | A v -> Y v   | BUFX2     | 0.163 |   0.758 |    7.851 | 
     | g6912__7098            | B v -> Y ^   | NOR2X1    | 0.057 |   0.815 |    7.908 | 
     | g6908__1617            | B ^ -> Y ^   | OR2XL     | 0.091 |   0.906 |    7.999 | 
     | g6904__8428            | AN ^ -> Y ^  | NOR2BX1   | 0.103 |   1.009 |    8.102 | 
     | g6894__6417            | B1 ^ -> Y v  | OAI22X1   | 0.102 |   1.111 |    8.204 | 
     | g6888__9945            | A1N v -> Y v | OAI2BB1X2 | 0.186 |   1.297 |    8.390 | 
     | g6887                  | A v -> Y ^   | INVX1     | 0.114 |   1.412 |    8.505 | 
     | g6878__7098            | B1 ^ -> Y v  | OAI22X1   | 0.110 |   1.522 |    8.615 | 
     | g6871__3680            | A1 v -> Y ^  | AOI22X1   | 0.146 |   1.668 |    8.761 | 
     | g6869__6783            | C0 ^ -> Y v  | OAI221X1  | 0.202 |   1.870 |    8.962 | 
     | g6865__4319            | A2 v -> Y ^  | AOI32X1   | 0.177 |   2.047 |    9.140 | 
     | g6861__5477            | B ^ -> Y v   | NAND2X1   | 0.167 |   2.214 |    9.307 | 
     | g6851__4733            | A1 v -> Y ^  | OAI21X1   | 0.215 |   2.429 |    9.522 | 
     | g6841__2802            | A1 ^ -> Y v  | AOI21XL   | 0.175 |   2.604 |    9.697 | 
     | pending_rank_q_reg[10] | D v          | DFFQXL    | 0.000 |   2.604 |    9.697 | 
     +--------------------------------------------------------------------------------+ 
Path 12: MET Setup Check with Pin pending_rank_q_reg[4]/CK 
Endpoint:   pending_rank_q_reg[4]/D (v) checked with  leading edge of 'clk'
Beginpoint: req_sync_q_reg[15]/Q    (v) triggered by  leading edge of 'clk'
Path Groups: {clk}
Analysis View: setup_view
Other End Arrival Time          0.001
- Setup                         0.105
+ Phase Shift                  10.000
- Uncertainty                   0.200
= Required Time                 9.696
- Arrival Time                  2.603
= Slack Time                    7.093
     Clock Rise Edge                 0.000
     + Clock Network Latency (Prop)  -0.000
     = Beginpoint Arrival Time       -0.000
     +-------------------------------------------------------------------------------+ 
     |       Instance        |     Arc      |   Cell    | Delay | Arrival | Required | 
     |                       |              |           |       |  Time   |   Time   | 
     |-----------------------+--------------+-----------+-------+---------+----------| 
     | req_sync_q_reg[15]    | CK ^         |           |       |  -0.000 |    7.093 | 
     | req_sync_q_reg[15]    | CK ^ -> Q v  | DFFHQX1   | 0.229 |   0.228 |    7.321 | 
     | g6955__5107           | A0 v -> Y ^  | AOI21X1   | 0.134 |   0.362 |    7.455 | 
     | g6920__7482           | C ^ -> Y v   | NAND4XL   | 0.233 |   0.595 |    7.688 | 
     | FE_OFC1_n_92          | A v -> Y v   | BUFX2     | 0.163 |   0.758 |    7.851 | 
     | g6912__7098           | B v -> Y ^   | NOR2X1    | 0.057 |   0.815 |    7.908 | 
     | g6908__1617           | B ^ -> Y ^   | OR2XL     | 0.091 |   0.906 |    7.999 | 
     | g6904__8428           | AN ^ -> Y ^  | NOR2BX1   | 0.103 |   1.009 |    8.102 | 
     | g6894__6417           | B1 ^ -> Y v  | OAI22X1   | 0.102 |   1.111 |    8.204 | 
     | g6888__9945           | A1N v -> Y v | OAI2BB1X2 | 0.186 |   1.297 |    8.390 | 
     | g6887                 | A v -> Y ^   | INVX1     | 0.114 |   1.412 |    8.505 | 
     | g6878__7098           | B1 ^ -> Y v  | OAI22X1   | 0.110 |   1.522 |    8.615 | 
     | g6871__3680           | A1 v -> Y ^  | AOI22X1   | 0.146 |   1.668 |    8.761 | 
     | g6869__6783           | C0 ^ -> Y v  | OAI221X1  | 0.202 |   1.870 |    8.962 | 
     | g6865__4319           | A2 v -> Y ^  | AOI32X1   | 0.177 |   2.047 |    9.140 | 
     | g6861__5477           | B ^ -> Y v   | NAND2X1   | 0.167 |   2.214 |    9.307 | 
     | g6850__7482           | A1 v -> Y ^  | OAI21X1   | 0.216 |   2.430 |    9.523 | 
     | g6832__1617           | A1 ^ -> Y v  | AOI21XL   | 0.173 |   2.603 |    9.696 | 
     | pending_rank_q_reg[4] | D v          | DFFQXL    | 0.000 |   2.603 |    9.696 | 
     +-------------------------------------------------------------------------------+ 
Path 13: MET Setup Check with Pin pending_rank_q_reg[1]/CK 
Endpoint:   pending_rank_q_reg[1]/D (^) checked with  leading edge of 'clk'
Beginpoint: req_sync_q_reg[15]/Q    (v) triggered by  leading edge of 'clk'
Path Groups: {clk}
Analysis View: setup_view
Other End Arrival Time          0.001
- Setup                         0.145
+ Phase Shift                  10.000
- Uncertainty                   0.200
= Required Time                 9.656
- Arrival Time                  2.562
= Slack Time                    7.094
     Clock Rise Edge                 0.000
     + Clock Network Latency (Prop)  -0.000
     = Beginpoint Arrival Time       -0.000
     +-------------------------------------------------------------------------------+ 
     |       Instance        |     Arc      |   Cell    | Delay | Arrival | Required | 
     |                       |              |           |       |  Time   |   Time   | 
     |-----------------------+--------------+-----------+-------+---------+----------| 
     | req_sync_q_reg[15]    | CK ^         |           |       |  -0.000 |    7.094 | 
     | req_sync_q_reg[15]    | CK ^ -> Q v  | DFFHQX1   | 0.229 |   0.228 |    7.323 | 
     | g6955__5107           | A0 v -> Y ^  | AOI21X1   | 0.134 |   0.362 |    7.456 | 
     | g6920__7482           | C ^ -> Y v   | NAND4XL   | 0.233 |   0.595 |    7.689 | 
     | FE_OFC1_n_92          | A v -> Y v   | BUFX2     | 0.163 |   0.758 |    7.852 | 
     | g6912__7098           | B v -> Y ^   | NOR2X1    | 0.057 |   0.815 |    7.909 | 
     | g6908__1617           | B ^ -> Y ^   | OR2XL     | 0.091 |   0.906 |    8.000 | 
     | g6904__8428           | AN ^ -> Y ^  | NOR2BX1   | 0.103 |   1.009 |    8.103 | 
     | g6894__6417           | B1 ^ -> Y v  | OAI22X1   | 0.102 |   1.111 |    8.205 | 
     | g6888__9945           | A1N v -> Y v | OAI2BB1X2 | 0.186 |   1.297 |    8.392 | 
     | g6887                 | A v -> Y ^   | INVX1     | 0.114 |   1.412 |    8.506 | 
     | g6878__7098           | B1 ^ -> Y v  | OAI22X1   | 0.110 |   1.522 |    8.616 | 
     | g6871__3680           | A1 v -> Y ^  | AOI22X1   | 0.146 |   1.668 |    8.762 | 
     | g6869__6783           | C0 ^ -> Y v  | OAI221X1  | 0.202 |   1.870 |    8.964 | 
     | g6865__4319           | A2 v -> Y ^  | AOI32X1   | 0.177 |   2.047 |    9.141 | 
     | g6861__5477           | B ^ -> Y v   | NAND2X1   | 0.167 |   2.214 |    9.308 | 
     | g6855__9315           | A1N v -> Y v | OAI2BB1X1 | 0.214 |   2.428 |    9.522 | 
     | g6835__2398           | A1 v -> Y ^  | AOI21XL   | 0.134 |   2.562 |    9.656 | 
     | pending_rank_q_reg[1] | D ^          | DFFQXL    | 0.000 |   2.562 |    9.656 | 
     +-------------------------------------------------------------------------------+ 
Path 14: MET Setup Check with Pin pending_rank_q_reg[7]/CK 
Endpoint:   pending_rank_q_reg[7]/D (^) checked with  leading edge of 'clk'
Beginpoint: req_sync_q_reg[15]/Q    (v) triggered by  leading edge of 'clk'
Path Groups: {clk}
Analysis View: setup_view
Other End Arrival Time          0.001
- Setup                         0.143
+ Phase Shift                  10.000
- Uncertainty                   0.200
= Required Time                 9.658
- Arrival Time                  2.563
= Slack Time                    7.095
     Clock Rise Edge                 0.000
     + Clock Network Latency (Prop)  -0.000
     = Beginpoint Arrival Time       -0.000
     +-------------------------------------------------------------------------------+ 
     |       Instance        |     Arc      |   Cell    | Delay | Arrival | Required | 
     |                       |              |           |       |  Time   |   Time   | 
     |-----------------------+--------------+-----------+-------+---------+----------| 
     | req_sync_q_reg[15]    | CK ^         |           |       |  -0.000 |    7.094 | 
     | req_sync_q_reg[15]    | CK ^ -> Q v  | DFFHQX1   | 0.229 |   0.228 |    7.323 | 
     | g6955__5107           | A0 v -> Y ^  | AOI21X1   | 0.134 |   0.362 |    7.457 | 
     | g6920__7482           | C ^ -> Y v   | NAND4XL   | 0.233 |   0.595 |    7.690 | 
     | FE_OFC1_n_92          | A v -> Y v   | BUFX2     | 0.163 |   0.758 |    7.853 | 
     | g6912__7098           | B v -> Y ^   | NOR2X1    | 0.057 |   0.815 |    7.910 | 
     | g6908__1617           | B ^ -> Y ^   | OR2XL     | 0.091 |   0.906 |    8.001 | 
     | g6904__8428           | AN ^ -> Y ^  | NOR2BX1   | 0.103 |   1.009 |    8.103 | 
     | g6894__6417           | B1 ^ -> Y v  | OAI22X1   | 0.102 |   1.111 |    8.206 | 
     | g6888__9945           | A1N v -> Y v | OAI2BB1X2 | 0.186 |   1.297 |    8.392 | 
     | g6887                 | A v -> Y ^   | INVX1     | 0.114 |   1.412 |    8.506 | 
     | g6878__7098           | B1 ^ -> Y v  | OAI22X1   | 0.110 |   1.522 |    8.617 | 
     | g6871__3680           | A1 v -> Y ^  | AOI22X1   | 0.146 |   1.668 |    8.763 | 
     | g6869__6783           | C0 ^ -> Y v  | OAI221X1  | 0.202 |   1.870 |    8.964 | 
     | g6865__4319           | A2 v -> Y ^  | AOI32X1   | 0.177 |   2.047 |    9.142 | 
     | g6861__5477           | B ^ -> Y v   | NAND2X1   | 0.167 |   2.214 |    9.309 | 
     | g6855__9315           | A1N v -> Y v | OAI2BB1X1 | 0.214 |   2.428 |    9.523 | 
     | g6846__8428           | A1 v -> Y ^  | AOI21XL   | 0.135 |   2.563 |    9.658 | 
     | pending_rank_q_reg[7] | D ^          | DFFQXL    | 0.000 |   2.563 |    9.658 | 
     +-------------------------------------------------------------------------------+ 
Path 15: MET Setup Check with Pin pending_rank_q_reg[6]/CK 
Endpoint:   pending_rank_q_reg[6]/D (v) checked with  leading edge of 'clk'
Beginpoint: req_sync_q_reg[15]/Q    (v) triggered by  leading edge of 'clk'
Path Groups: {clk}
Analysis View: setup_view
Other End Arrival Time          0.001
- Setup                         0.102
+ Phase Shift                  10.000
- Uncertainty                   0.200
= Required Time                 9.699
- Arrival Time                  2.600
= Slack Time                    7.099
     Clock Rise Edge                 0.000
     + Clock Network Latency (Prop)  -0.000
     = Beginpoint Arrival Time       -0.000
     +-------------------------------------------------------------------------------+ 
     |       Instance        |     Arc      |   Cell    | Delay | Arrival | Required | 
     |                       |              |           |       |  Time   |   Time   | 
     |-----------------------+--------------+-----------+-------+---------+----------| 
     | req_sync_q_reg[15]    | CK ^         |           |       |  -0.000 |    7.099 | 
     | req_sync_q_reg[15]    | CK ^ -> Q v  | DFFHQX1   | 0.229 |   0.228 |    7.328 | 
     | g6955__5107           | A0 v -> Y ^  | AOI21X1   | 0.134 |   0.362 |    7.461 | 
     | g6920__7482           | C ^ -> Y v   | NAND4XL   | 0.233 |   0.595 |    7.694 | 
     | FE_OFC1_n_92          | A v -> Y v   | BUFX2     | 0.163 |   0.758 |    7.857 | 
     | g6912__7098           | B v -> Y ^   | NOR2X1    | 0.057 |   0.815 |    7.914 | 
     | g6908__1617           | B ^ -> Y ^   | OR2XL     | 0.091 |   0.906 |    8.005 | 
     | g6904__8428           | AN ^ -> Y ^  | NOR2BX1   | 0.103 |   1.009 |    8.108 | 
     | g6894__6417           | B1 ^ -> Y v  | OAI22X1   | 0.102 |   1.111 |    8.210 | 
     | g6888__9945           | A1N v -> Y v | OAI2BB1X2 | 0.186 |   1.297 |    8.397 | 
     | g6887                 | A v -> Y ^   | INVX1     | 0.114 |   1.412 |    8.511 | 
     | g6878__7098           | B1 ^ -> Y v  | OAI22X1   | 0.110 |   1.522 |    8.621 | 
     | g6871__3680           | A1 v -> Y ^  | AOI22X1   | 0.146 |   1.668 |    8.767 | 
     | g6869__6783           | C0 ^ -> Y v  | OAI221X1  | 0.202 |   1.870 |    8.969 | 
     | g6865__4319           | A2 v -> Y ^  | AOI32X1   | 0.177 |   2.047 |    9.146 | 
     | g6861__5477           | B ^ -> Y v   | NAND2X1   | 0.167 |   2.214 |    9.313 | 
     | g6850__7482           | A1 v -> Y ^  | OAI21X1   | 0.216 |   2.430 |    9.529 | 
     | g6838__6783           | A1 ^ -> Y v  | AOI21XL   | 0.169 |   2.600 |    9.699 | 
     | pending_rank_q_reg[6] | D v          | DFFQXL    | 0.000 |   2.600 |    9.699 | 
     +-------------------------------------------------------------------------------+ 
Path 16: MET Setup Check with Pin pending_rank_q_reg[5]/CK 
Endpoint:   pending_rank_q_reg[5]/D (^) checked with  leading edge of 'clk'
Beginpoint: req_sync_q_reg[15]/Q    (v) triggered by  leading edge of 'clk'
Path Groups: {clk}
Analysis View: setup_view
Other End Arrival Time          0.001
- Setup                         0.142
+ Phase Shift                  10.000
- Uncertainty                   0.200
= Required Time                 9.659
- Arrival Time                  2.560
= Slack Time                    7.100
     Clock Rise Edge                 0.000
     + Clock Network Latency (Prop)  -0.000
     = Beginpoint Arrival Time       -0.000
     +-------------------------------------------------------------------------------+ 
     |       Instance        |     Arc      |   Cell    | Delay | Arrival | Required | 
     |                       |              |           |       |  Time   |   Time   | 
     |-----------------------+--------------+-----------+-------+---------+----------| 
     | req_sync_q_reg[15]    | CK ^         |           |       |  -0.000 |    7.099 | 
     | req_sync_q_reg[15]    | CK ^ -> Q v  | DFFHQX1   | 0.229 |   0.228 |    7.328 | 
     | g6955__5107           | A0 v -> Y ^  | AOI21X1   | 0.134 |   0.362 |    7.462 | 
     | g6920__7482           | C ^ -> Y v   | NAND4XL   | 0.233 |   0.595 |    7.694 | 
     | FE_OFC1_n_92          | A v -> Y v   | BUFX2     | 0.163 |   0.758 |    7.858 | 
     | g6912__7098           | B v -> Y ^   | NOR2X1    | 0.057 |   0.815 |    7.915 | 
     | g6908__1617           | B ^ -> Y ^   | OR2XL     | 0.091 |   0.906 |    8.006 | 
     | g6904__8428           | AN ^ -> Y ^  | NOR2BX1   | 0.103 |   1.009 |    8.108 | 
     | g6894__6417           | B1 ^ -> Y v  | OAI22X1   | 0.102 |   1.111 |    8.211 | 
     | g6888__9945           | A1N v -> Y v | OAI2BB1X2 | 0.186 |   1.297 |    8.397 | 
     | g6887                 | A v -> Y ^   | INVX1     | 0.114 |   1.412 |    8.511 | 
     | g6878__7098           | B1 ^ -> Y v  | OAI22X1   | 0.110 |   1.522 |    8.621 | 
     | g6871__3680           | A1 v -> Y ^  | AOI22X1   | 0.146 |   1.668 |    8.767 | 
     | g6869__6783           | C0 ^ -> Y v  | OAI221X1  | 0.202 |   1.870 |    8.969 | 
     | g6865__4319           | A2 v -> Y ^  | AOI32X1   | 0.177 |   2.047 |    9.146 | 
     | g6861__5477           | B ^ -> Y v   | NAND2X1   | 0.167 |   2.214 |    9.313 | 
     | g6855__9315           | A1N v -> Y v | OAI2BB1X1 | 0.214 |   2.428 |    9.527 | 
     | g6837__5526           | A1 v -> Y ^  | AOI21XL   | 0.132 |   2.560 |    9.659 | 
     | pending_rank_q_reg[5] | D ^          | DFFQXL    | 0.000 |   2.560 |    9.659 | 
     +-------------------------------------------------------------------------------+ 
Path 17: MET Setup Check with Pin out_rank_q_reg[0]/CK 
Endpoint:   out_rank_q_reg[0]/D  (v) checked with  leading edge of 'clk'
Beginpoint: req_sync_q_reg[15]/Q (v) triggered by  leading edge of 'clk'
Path Groups: {clk}
Analysis View: setup_view
Other End Arrival Time          0.001
- Setup                         0.081
+ Phase Shift                  10.000
- Uncertainty                   0.200
= Required Time                 9.720
- Arrival Time                  2.469
= Slack Time                    7.251
     Clock Rise Edge                 0.000
     + Clock Network Latency (Prop)  -0.000
     = Beginpoint Arrival Time       -0.000
     +----------------------------------------------------------------------------+ 
     |      Instance      |     Arc      |   Cell    | Delay | Arrival | Required | 
     |                    |              |           |       |  Time   |   Time   | 
     |--------------------+--------------+-----------+-------+---------+----------| 
     | req_sync_q_reg[15] | CK ^         |           |       |  -0.000 |    7.250 | 
     | req_sync_q_reg[15] | CK ^ -> Q v  | DFFHQX1   | 0.229 |   0.228 |    7.479 | 
     | g6955__5107        | A0 v -> Y ^  | AOI21X1   | 0.134 |   0.362 |    7.613 | 
     | g6920__7482        | C ^ -> Y v   | NAND4XL   | 0.233 |   0.595 |    7.846 | 
     | FE_OFC1_n_92       | A v -> Y v   | BUFX2     | 0.163 |   0.758 |    8.009 | 
     | g6912__7098        | B v -> Y ^   | NOR2X1    | 0.057 |   0.815 |    8.066 | 
     | g6908__1617        | B ^ -> Y ^   | OR2XL     | 0.091 |   0.906 |    8.157 | 
     | g6904__8428        | AN ^ -> Y ^  | NOR2BX1   | 0.103 |   1.009 |    8.260 | 
     | g6894__6417        | B1 ^ -> Y v  | OAI22X1   | 0.102 |   1.111 |    8.362 | 
     | g6888__9945        | A1N v -> Y v | OAI2BB1X2 | 0.186 |   1.297 |    8.548 | 
     | g6887              | A v -> Y ^   | INVX1     | 0.114 |   1.412 |    8.663 | 
     | g6878__7098        | B1 ^ -> Y v  | OAI22X1   | 0.110 |   1.522 |    8.773 | 
     | g6871__3680        | A1 v -> Y ^  | AOI22X1   | 0.146 |   1.668 |    8.919 | 
     | g6869__6783        | C0 ^ -> Y v  | OAI221X1  | 0.202 |   1.870 |    9.120 | 
     | g6865__4319        | A2 v -> Y ^  | AOI32X1   | 0.177 |   2.047 |    9.298 | 
     | g6861__5477        | B ^ -> Y v   | NAND2X1   | 0.167 |   2.214 |    9.465 | 
     | g6853__6161        | A1 v -> Y ^  | AOI22X1   | 0.165 |   2.379 |    9.630 | 
     | g6849__5115        | B ^ -> Y v   | NAND2X1   | 0.089 |   2.469 |    9.720 | 
     | out_rank_q_reg[0]  | D v          | DFFHQX1   | 0.000 |   2.469 |    9.720 | 
     +----------------------------------------------------------------------------+ 
Path 18: MET Setup Check with Pin out_rank_q_reg[1]/CK 
Endpoint:   out_rank_q_reg[1]/D  (^) checked with  leading edge of 'clk'
Beginpoint: req_sync_q_reg[15]/Q (v) triggered by  leading edge of 'clk'
Path Groups: {clk}
Analysis View: setup_view
Other End Arrival Time          0.001
- Setup                         0.123
+ Phase Shift                  10.000
- Uncertainty                   0.200
= Required Time                 9.678
- Arrival Time                  2.153
= Slack Time                    7.526
     Clock Rise Edge                 0.000
     + Clock Network Latency (Prop)  -0.000
     = Beginpoint Arrival Time       -0.000
     +----------------------------------------------------------------------------+ 
     |      Instance      |     Arc      |   Cell    | Delay | Arrival | Required | 
     |                    |              |           |       |  Time   |   Time   | 
     |--------------------+--------------+-----------+-------+---------+----------| 
     | req_sync_q_reg[15] | CK ^         |           |       |  -0.000 |    7.525 | 
     | req_sync_q_reg[15] | CK ^ -> Q v  | DFFHQX1   | 0.229 |   0.228 |    7.754 | 
     | g6955__5107        | A0 v -> Y ^  | AOI21X1   | 0.134 |   0.362 |    7.888 | 
     | g6920__7482        | C ^ -> Y v   | NAND4XL   | 0.233 |   0.595 |    8.121 | 
     | FE_OFC1_n_92       | A v -> Y v   | BUFX2     | 0.163 |   0.758 |    8.284 | 
     | g6912__7098        | B v -> Y ^   | NOR2X1    | 0.057 |   0.815 |    8.341 | 
     | g6908__1617        | B ^ -> Y ^   | OR2XL     | 0.091 |   0.906 |    8.432 | 
     | g6904__8428        | AN ^ -> Y ^  | NOR2BX1   | 0.103 |   1.009 |    8.534 | 
     | g6894__6417        | B1 ^ -> Y v  | OAI22X1   | 0.102 |   1.111 |    8.637 | 
     | g6888__9945        | A1N v -> Y v | OAI2BB1X2 | 0.186 |   1.297 |    8.823 | 
     | g6887              | A v -> Y ^   | INVX1     | 0.114 |   1.412 |    8.937 | 
     | g6878__7098        | B1 ^ -> Y v  | OAI22X1   | 0.110 |   1.522 |    9.047 | 
     | g6871__3680        | A1 v -> Y ^  | AOI22X1   | 0.146 |   1.668 |    9.194 | 
     | g6868__5526        | B ^ -> Y v   | NAND2X1   | 0.117 |   1.785 |    9.311 | 
     | g6866__8428        | A1N v -> Y v | OAI2BB1X1 | 0.135 |   1.920 |    9.446 | 
     | g2                 | A1 v -> Y v  | AO21X1    | 0.175 |   2.095 |    9.621 | 
     | g6858__1666        | B0 v -> Y ^  | OAI2BB1X1 | 0.057 |   2.153 |    9.678 | 
     | out_rank_q_reg[1]  | D ^          | DFFHQX1   | 0.000 |   2.153 |    9.678 | 
     +----------------------------------------------------------------------------+ 
Path 19: MET Setup Check with Pin out_rank_q_reg[3]/CK 
Endpoint:   out_rank_q_reg[3]/D  (^) checked with  leading edge of 'clk'
Beginpoint: req_sync_q_reg[10]/Q (v) triggered by  leading edge of 'clk'
Path Groups: {clk}
Analysis View: setup_view
Other End Arrival Time          0.001
- Setup                         0.119
+ Phase Shift                  10.000
- Uncertainty                   0.200
= Required Time                 9.682
- Arrival Time                  1.670
= Slack Time                    8.012
     Clock Rise Edge                 0.000
     + Clock Network Latency (Prop)  -0.000
     = Beginpoint Arrival Time       -0.000
     +--------------------------------------------------------------------------+ 
     |      Instance      |     Arc     |   Cell   | Delay | Arrival | Required | 
     |                    |             |          |       |  Time   |   Time   | 
     |--------------------+-------------+----------+-------+---------+----------| 
     | req_sync_q_reg[10] | CK ^        |          |       |  -0.000 |    8.011 | 
     | req_sync_q_reg[10] | CK ^ -> Q v | DFFHQX1  | 0.241 |   0.241 |    8.252 | 
     | g6944__7410        | A0 v -> Y ^ | AOI21X1  | 0.138 |   0.379 |    8.391 | 
     | g6919__6161        | B ^ -> Y v  | NAND4XL  | 0.254 |   0.633 |    8.645 | 
     | FE_OFC9_n_90       | A v -> Y v  | BUFX2    | 0.172 |   0.805 |    8.817 | 
     | g6914__1881        | A v -> Y ^  | NOR2X1   | 0.096 |   0.901 |    8.913 | 
     | g6910__2802        | B ^ -> Y v  | NAND2BX1 | 0.137 |   1.038 |    9.050 | 
     | g6906__6783        | B v -> Y ^  | NOR2X1   | 0.113 |   1.152 |    9.163 | 
     | g6899__2398        | B ^ -> Y v  | NAND2X1  | 0.116 |   1.268 |    9.279 | 
     | g6897__7410        | B0 v -> Y ^ | OAI21X2  | 0.096 |   1.364 |    9.375 | 
     | g6891__2883        | B0 ^ -> Y v | AOI21X1  | 0.123 |   1.486 |    9.498 | 
     | g6875__1705        | S0 v -> Y ^ | MX2XL    | 0.184 |   1.670 |    9.682 | 
     | out_rank_q_reg[3]  | D ^         | DFFHQX1  | 0.000 |   1.670 |    9.682 | 
     +--------------------------------------------------------------------------+ 
Path 20: MET Setup Check with Pin out_rank_q_reg[2]/CK 
Endpoint:   out_rank_q_reg[2]/D  (v) checked with  leading edge of 'clk'
Beginpoint: req_sync_q_reg[10]/Q (v) triggered by  leading edge of 'clk'
Path Groups: {clk}
Analysis View: setup_view
Other End Arrival Time          0.001
- Setup                         0.123
+ Phase Shift                  10.000
- Uncertainty                   0.200
= Required Time                 9.678
- Arrival Time                  1.658
= Slack Time                    8.020
     Clock Rise Edge                 0.000
     + Clock Network Latency (Prop)  -0.000
     = Beginpoint Arrival Time       -0.000
     +--------------------------------------------------------------------------+ 
     |      Instance      |     Arc     |   Cell   | Delay | Arrival | Required | 
     |                    |             |          |       |  Time   |   Time   | 
     |--------------------+-------------+----------+-------+---------+----------| 
     | req_sync_q_reg[10] | CK ^        |          |       |  -0.000 |    8.020 | 
     | req_sync_q_reg[10] | CK ^ -> Q v | DFFHQX1  | 0.241 |   0.241 |    8.261 | 
     | g6944__7410        | A0 v -> Y ^ | AOI21X1  | 0.138 |   0.379 |    8.399 | 
     | g6919__6161        | B ^ -> Y v  | NAND4XL  | 0.254 |   0.633 |    8.653 | 
     | FE_OFC9_n_90       | A v -> Y v  | BUFX2    | 0.172 |   0.805 |    8.826 | 
     | g6914__1881        | A v -> Y ^  | NOR2X1   | 0.096 |   0.901 |    8.922 | 
     | g6910__2802        | B ^ -> Y v  | NAND2BX1 | 0.137 |   1.038 |    9.059 | 
     | g6906__6783        | B v -> Y ^  | NOR2X1   | 0.113 |   1.152 |    9.172 | 
     | g6903__6260        | B ^ -> Y v  | NOR2BX1  | 0.067 |   1.219 |    9.239 | 
     | FE_OFC4_n_163      | A v -> Y v  | BUFX2    | 0.125 |   1.344 |    9.364 | 
     | g6891__2883        | A1 v -> Y ^ | AOI21X1  | 0.129 |   1.473 |    9.493 | 
     | g6870__1617        | B1 ^ -> Y v | OAI221X1 | 0.185 |   1.658 |    9.678 | 
     | out_rank_q_reg[2]  | D v         | DFFHQX1  | 0.000 |   1.658 |    9.678 | 
     +--------------------------------------------------------------------------+ 
Path 21: MET Setup Check with Pin out_valid_q_reg/CK 
Endpoint:   out_valid_q_reg/D    (v) checked with  leading edge of 'clk'
Beginpoint: req_sync_q_reg[10]/Q (v) triggered by  leading edge of 'clk'
Path Groups: {clk}
Analysis View: setup_view
Other End Arrival Time          0.001
- Setup                         0.065
+ Phase Shift                  10.000
- Uncertainty                   0.200
= Required Time                 9.736
- Arrival Time                  1.369
= Slack Time                    8.366
     Clock Rise Edge                 0.000
     + Clock Network Latency (Prop)  -0.000
     = Beginpoint Arrival Time       -0.000
     +--------------------------------------------------------------------------+ 
     |      Instance      |     Arc     |   Cell   | Delay | Arrival | Required | 
     |                    |             |          |       |  Time   |   Time   | 
     |--------------------+-------------+----------+-------+---------+----------| 
     | req_sync_q_reg[10] | CK ^        |          |       |  -0.000 |    8.366 | 
     | req_sync_q_reg[10] | CK ^ -> Q v | DFFHQX1  | 0.241 |   0.241 |    8.607 | 
     | g6944__7410        | A0 v -> Y ^ | AOI21X1  | 0.138 |   0.379 |    8.746 | 
     | g6919__6161        | B ^ -> Y v  | NAND4XL  | 0.254 |   0.633 |    8.999 | 
     | FE_OFC9_n_90       | A v -> Y v  | BUFX2    | 0.172 |   0.805 |    9.172 | 
     | g6914__1881        | A v -> Y ^  | NOR2X1   | 0.096 |   0.901 |    9.268 | 
     | g6910__2802        | B ^ -> Y v  | NAND2BX1 | 0.137 |   1.038 |    9.405 | 
     | g6906__6783        | B v -> Y ^  | NOR2X1   | 0.113 |   1.152 |    9.518 | 
     | g6899__2398        | B ^ -> Y v  | NAND2X1  | 0.116 |   1.268 |    9.634 | 
     | g6893__1666        | B v -> Y v  | AND2XL   | 0.102 |   1.369 |    9.736 | 
     | out_valid_q_reg    | D v         | DFFHQX1  | 0.000 |   1.369 |    9.736 | 
     +--------------------------------------------------------------------------+ 
Path 22: MET Setup Check with Pin ack_rank_q_reg[2]/CK 
Endpoint:   ack_rank_q_reg[2]/D (^) checked with  leading edge of 'clk'
Beginpoint: req_sync_q_reg[3]/Q (^) triggered by  leading edge of 'clk'
Path Groups: {clk}
Analysis View: setup_view
Other End Arrival Time          0.001
- Setup                         0.200
+ Phase Shift                  10.000
- Uncertainty                   0.200
= Required Time                 9.601
- Arrival Time                  0.399
= Slack Time                    9.202
     Clock Rise Edge                 0.000
     + Clock Network Latency (Prop)  -0.000
     = Beginpoint Arrival Time       -0.000
     +-------------------------------------------------------------------------+ 
     |     Instance      |     Arc     |   Cell   | Delay | Arrival | Required | 
     |                   |             |          |       |  Time   |   Time   | 
     |-------------------+-------------+----------+-------+---------+----------| 
     | req_sync_q_reg[3] | CK ^        |          |       |  -0.000 |    9.202 | 
     | req_sync_q_reg[3] | CK ^ -> Q ^ | DFFHQX1  | 0.199 |   0.198 |    9.401 | 
     | g7001             | A ^ -> Y v  | INVXL    | 0.058 |   0.256 |    9.459 | 
     | g6963__6417       | B0 v -> Y ^ | AOI211XL | 0.142 |   0.399 |    9.601 | 
     | ack_rank_q_reg[2] | D ^         | DFFQXL   | 0.000 |   0.399 |    9.601 | 
     +-------------------------------------------------------------------------+ 
Path 23: MET Setup Check with Pin ack_rank_q_reg[11]/CK 
Endpoint:   ack_rank_q_reg[11]/D (^) checked with  leading edge of 'clk'
Beginpoint: req_sync_q_reg[10]/Q (^) triggered by  leading edge of 'clk'
Path Groups: {clk}
Analysis View: setup_view
Other End Arrival Time          0.001
- Setup                         0.169
+ Phase Shift                  10.000
- Uncertainty                   0.200
= Required Time                 9.632
- Arrival Time                  0.398
= Slack Time                    9.234
     Clock Rise Edge                 0.000
     + Clock Network Latency (Prop)  -0.000
     = Beginpoint Arrival Time       -0.000
     +--------------------------------------------------------------------------+ 
     |      Instance      |     Arc     |   Cell   | Delay | Arrival | Required | 
     |                    |             |          |       |  Time   |   Time   | 
     |--------------------+-------------+----------+-------+---------+----------| 
     | req_sync_q_reg[10] | CK ^        |          |       |  -0.000 |    9.234 | 
     | req_sync_q_reg[10] | CK ^ -> Q ^ | DFFHQX1  | 0.210 |   0.210 |    9.444 | 
     | g6996              | A ^ -> Y v  | INVXL    | 0.063 |   0.273 |    9.508 | 
     | g6960__5477        | B0 v -> Y ^ | AOI211XL | 0.125 |   0.398 |    9.632 | 
     | ack_rank_q_reg[11] | D ^         | DFFQXL   | 0.000 |   0.398 |    9.632 | 
     +--------------------------------------------------------------------------+ 
Path 24: MET Setup Check with Pin ack_rank_q_reg[8]/CK 
Endpoint:   ack_rank_q_reg[8]/D (^) checked with  leading edge of 'clk'
Beginpoint: req_sync_q_reg[8]/Q (^) triggered by  leading edge of 'clk'
Path Groups: {clk}
Analysis View: setup_view
Other End Arrival Time          0.001
- Setup                         0.168
+ Phase Shift                  10.000
- Uncertainty                   0.200
= Required Time                 9.633
- Arrival Time                  0.385
= Slack Time                    9.248
     Clock Rise Edge                 0.000
     + Clock Network Latency (Prop)  -0.000
     = Beginpoint Arrival Time       -0.000
     +-------------------------------------------------------------------------+ 
     |     Instance      |     Arc     |   Cell   | Delay | Arrival | Required | 
     |                   |             |          |       |  Time   |   Time   | 
     |-------------------+-------------+----------+-------+---------+----------| 
     | req_sync_q_reg[8] | CK ^        |          |       |  -0.000 |    9.247 | 
     | req_sync_q_reg[8] | CK ^ -> Q ^ | DFFHQX1  | 0.203 |   0.203 |    9.451 | 
     | g7019             | A ^ -> Y v  | INVXL    | 0.059 |   0.262 |    9.510 | 
     | g6972__5122       | B0 v -> Y ^ | AOI211XL | 0.123 |   0.385 |    9.633 | 
     | ack_rank_q_reg[8] | D ^         | DFFQXL   | 0.000 |   0.385 |    9.633 | 
     +-------------------------------------------------------------------------+ 
Path 25: MET Setup Check with Pin ack_rank_q_reg[10]/CK 
Endpoint:   ack_rank_q_reg[10]/D (^) checked with  leading edge of 'clk'
Beginpoint: req_sync_q_reg[11]/Q (^) triggered by  leading edge of 'clk'
Path Groups: {clk}
Analysis View: setup_view
Other End Arrival Time          0.001
- Setup                         0.173
+ Phase Shift                  10.000
- Uncertainty                   0.200
= Required Time                 9.628
- Arrival Time                  0.379
= Slack Time                    9.249
     Clock Rise Edge                 0.000
     + Clock Network Latency (Prop)  -0.000
     = Beginpoint Arrival Time       -0.000
     +--------------------------------------------------------------------------+ 
     |      Instance      |     Arc     |   Cell   | Delay | Arrival | Required | 
     |                    |             |          |       |  Time   |   Time   | 
     |--------------------+-------------+----------+-------+---------+----------| 
     | req_sync_q_reg[11] | CK ^        |          |       |  -0.000 |    9.249 | 
     | req_sync_q_reg[11] | CK ^ -> Q ^ | DFFHQX1  | 0.196 |   0.196 |    9.445 | 
     | g7021              | A ^ -> Y v  | INVXL    | 0.055 |   0.251 |    9.500 | 
     | g6959__6260        | B0 v -> Y ^ | AOI211XL | 0.128 |   0.379 |    9.628 | 
     | ack_rank_q_reg[10] | D ^         | DFFQXL   | 0.000 |   0.379 |    9.628 | 
     +--------------------------------------------------------------------------+ 
Path 26: MET Setup Check with Pin ack_rank_q_reg[0]/CK 
Endpoint:   ack_rank_q_reg[0]/D (^) checked with  leading edge of 'clk'
Beginpoint: req_sync_q_reg[0]/Q (^) triggered by  leading edge of 'clk'
Path Groups: {clk}
Analysis View: setup_view
Other End Arrival Time          0.001
- Setup                         0.158
+ Phase Shift                  10.000
- Uncertainty                   0.200
= Required Time                 9.643
- Arrival Time                  0.385
= Slack Time                    9.259
     Clock Rise Edge                 0.000
     + Clock Network Latency (Prop)  -0.000
     = Beginpoint Arrival Time       -0.000
     +-------------------------------------------------------------------------+ 
     |     Instance      |     Arc     |   Cell   | Delay | Arrival | Required | 
     |                   |             |          |       |  Time   |   Time   | 
     |-------------------+-------------+----------+-------+---------+----------| 
     | req_sync_q_reg[0] | CK ^        |          |       |  -0.000 |    9.258 | 
     | req_sync_q_reg[0] | CK ^ -> Q ^ | DFFHQX1  | 0.211 |   0.210 |    9.469 | 
     | g6995             | A ^ -> Y v  | INVXL    | 0.064 |   0.274 |    9.533 | 
     | g6974__7098       | B0 v -> Y ^ | AOI211XL | 0.111 |   0.385 |    9.643 | 
     | ack_rank_q_reg[0] | D ^         | DFFQXL   | 0.000 |   0.385 |    9.643 | 
     +-------------------------------------------------------------------------+ 
Path 27: MET Setup Check with Pin ack_rank_q_reg[3]/CK 
Endpoint:   ack_rank_q_reg[3]/D (^) checked with  leading edge of 'clk'
Beginpoint: req_sync_q_reg[2]/Q (^) triggered by  leading edge of 'clk'
Path Groups: {clk}
Analysis View: setup_view
Other End Arrival Time          0.001
- Setup                         0.158
+ Phase Shift                  10.000
- Uncertainty                   0.200
= Required Time                 9.643
- Arrival Time                  0.382
= Slack Time                    9.261
     Clock Rise Edge                 0.000
     + Clock Network Latency (Prop)  -0.001
     = Beginpoint Arrival Time       -0.001
     +-------------------------------------------------------------------------+ 
     |     Instance      |     Arc     |   Cell   | Delay | Arrival | Required | 
     |                   |             |          |       |  Time   |   Time   | 
     |-------------------+-------------+----------+-------+---------+----------| 
     | req_sync_q_reg[2] | CK ^        |          |       |  -0.001 |    9.260 | 
     | req_sync_q_reg[2] | CK ^ -> Q ^ | DFFHQX1  | 0.205 |   0.205 |    9.466 | 
     | g7022             | A ^ -> Y v  | INVXL    | 0.065 |   0.270 |    9.531 | 
     | g6967__1705       | B0 v -> Y ^ | AOI211XL | 0.113 |   0.382 |    9.643 | 
     | ack_rank_q_reg[3] | D ^         | DFFQXL   | 0.000 |   0.382 |    9.643 | 
     +-------------------------------------------------------------------------+ 
Path 28: MET Setup Check with Pin ack_rank_q_reg[13]/CK 
Endpoint:   ack_rank_q_reg[13]/D (^) checked with  leading edge of 'clk'
Beginpoint: req_sync_q_reg[13]/Q (^) triggered by  leading edge of 'clk'
Path Groups: {clk}
Analysis View: setup_view
Other End Arrival Time          0.001
- Setup                         0.166
+ Phase Shift                  10.000
- Uncertainty                   0.200
= Required Time                 9.635
- Arrival Time                  0.374
= Slack Time                    9.261
     Clock Rise Edge                 0.000
     + Clock Network Latency (Prop)  -0.000
     = Beginpoint Arrival Time       -0.000
     +--------------------------------------------------------------------------+ 
     |      Instance      |     Arc     |   Cell   | Delay | Arrival | Required | 
     |                    |             |          |       |  Time   |   Time   | 
     |--------------------+-------------+----------+-------+---------+----------| 
     | req_sync_q_reg[13] | CK ^        |          |       |  -0.000 |    9.261 | 
     | req_sync_q_reg[13] | CK ^ -> Q ^ | DFFHQX1  | 0.199 |   0.199 |    9.460 | 
     | g7000              | A ^ -> Y v  | INVXL    | 0.055 |   0.254 |    9.515 | 
     | g6962__5107        | B0 v -> Y ^ | AOI211XL | 0.120 |   0.374 |    9.635 | 
     | ack_rank_q_reg[13] | D ^         | DFFQXL   | 0.000 |   0.374 |    9.635 | 
     +--------------------------------------------------------------------------+ 
Path 29: MET Setup Check with Pin ack_rank_q_reg[1]/CK 
Endpoint:   ack_rank_q_reg[1]/D (^) checked with  leading edge of 'clk'
Beginpoint: req_sync_q_reg[1]/Q (^) triggered by  leading edge of 'clk'
Path Groups: {clk}
Analysis View: setup_view
Other End Arrival Time          0.001
- Setup                         0.160
+ Phase Shift                  10.000
- Uncertainty                   0.200
= Required Time                 9.641
- Arrival Time                  0.379
= Slack Time                    9.262
     Clock Rise Edge                 0.000
     + Clock Network Latency (Prop)  -0.001
     = Beginpoint Arrival Time       -0.001
     +-------------------------------------------------------------------------+ 
     |     Instance      |     Arc     |   Cell   | Delay | Arrival | Required | 
     |                   |             |          |       |  Time   |   Time   | 
     |-------------------+-------------+----------+-------+---------+----------| 
     | req_sync_q_reg[1] | CK ^        |          |       |  -0.001 |    9.261 | 
     | req_sync_q_reg[1] | CK ^ -> Q ^ | DFFHQX1  | 0.201 |   0.201 |    9.463 | 
     | g6994             | A ^ -> Y v  | INVXL    | 0.063 |   0.264 |    9.526 | 
     | g6964__4319       | B0 v -> Y ^ | AOI211XL | 0.115 |   0.379 |    9.641 | 
     | ack_rank_q_reg[1] | D ^         | DFFQXL   | 0.000 |   0.379 |    9.641 | 
     +-------------------------------------------------------------------------+ 
Path 30: MET Setup Check with Pin ack_rank_q_reg[9]/CK 
Endpoint:   ack_rank_q_reg[9]/D (^) checked with  leading edge of 'clk'
Beginpoint: req_sync_q_reg[9]/Q (^) triggered by  leading edge of 'clk'
Path Groups: {clk}
Analysis View: setup_view
Other End Arrival Time          0.001
- Setup                         0.163
+ Phase Shift                  10.000
- Uncertainty                   0.200
= Required Time                 9.638
- Arrival Time                  0.372
= Slack Time                    9.267
     Clock Rise Edge                 0.000
     + Clock Network Latency (Prop)  -0.000
     = Beginpoint Arrival Time       -0.000
     +-------------------------------------------------------------------------+ 
     |     Instance      |     Arc     |   Cell   | Delay | Arrival | Required | 
     |                   |             |          |       |  Time   |   Time   | 
     |-------------------+-------------+----------+-------+---------+----------| 
     | req_sync_q_reg[9] | CK ^        |          |       |  -0.000 |    9.267 | 
     | req_sync_q_reg[9] | CK ^ -> Q ^ | DFFHQX1  | 0.201 |   0.200 |    9.467 | 
     | g7020             | A ^ -> Y v  | INVXL    | 0.056 |   0.256 |    9.523 | 
     | g6973__8246       | B0 v -> Y ^ | AOI211XL | 0.116 |   0.372 |    9.638 | 
     | ack_rank_q_reg[9] | D ^         | DFFQXL   | 0.000 |   0.372 |    9.638 | 
     +-------------------------------------------------------------------------+ 
Path 31: MET Setup Check with Pin ack_rank_q_reg[14]/CK 
Endpoint:   ack_rank_q_reg[14]/D (^) checked with  leading edge of 'clk'
Beginpoint: req_sync_q_reg[15]/Q (^) triggered by  leading edge of 'clk'
Path Groups: {clk}
Analysis View: setup_view
Other End Arrival Time          0.001
- Setup                         0.159
+ Phase Shift                  10.000
- Uncertainty                   0.200
= Required Time                 9.642
- Arrival Time                  0.371
= Slack Time                    9.272
     Clock Rise Edge                 0.000
     + Clock Network Latency (Prop)  -0.000
     = Beginpoint Arrival Time       -0.000
     +--------------------------------------------------------------------------+ 
     |      Instance      |     Arc     |   Cell   | Delay | Arrival | Required | 
     |                    |             |          |       |  Time   |   Time   | 
     |--------------------+-------------+----------+-------+---------+----------| 
     | req_sync_q_reg[15] | CK ^        |          |       |  -0.000 |    9.271 | 
     | req_sync_q_reg[15] | CK ^ -> Q ^ | DFFHQX1  | 0.200 |   0.200 |    9.471 | 
     | g6998              | A ^ -> Y v  | INVXL    | 0.058 |   0.257 |    9.529 | 
     | g6965__8428        | B0 v -> Y ^ | AOI211XL | 0.113 |   0.371 |    9.642 | 
     | ack_rank_q_reg[14] | D ^         | DFFQXL   | 0.000 |   0.371 |    9.642 | 
     +--------------------------------------------------------------------------+ 
Path 32: MET Setup Check with Pin ack_rank_q_reg[7]/CK 
Endpoint:   ack_rank_q_reg[7]/D (^) checked with  leading edge of 'clk'
Beginpoint: req_sync_q_reg[6]/Q (^) triggered by  leading edge of 'clk'
Path Groups: {clk}
Analysis View: setup_view
Other End Arrival Time          0.001
- Setup                         0.170
+ Phase Shift                  10.000
- Uncertainty                   0.200
= Required Time                 9.631
- Arrival Time                  0.359
= Slack Time                    9.272
     Clock Rise Edge                 0.000
     + Clock Network Latency (Prop)  -0.000
     = Beginpoint Arrival Time       -0.000
     +-------------------------------------------------------------------------+ 
     |     Instance      |     Arc     |   Cell   | Delay | Arrival | Required | 
     |                   |             |          |       |  Time   |   Time   | 
     |-------------------+-------------+----------+-------+---------+----------| 
     | req_sync_q_reg[6] | CK ^        |          |       |  -0.000 |    9.271 | 
     | req_sync_q_reg[6] | CK ^ -> Q ^ | DFFHQX1  | 0.189 |   0.189 |    9.460 | 
     | g7018             | A ^ -> Y v  | INVXL    | 0.047 |   0.235 |    9.507 | 
     | g6970__2802       | B0 v -> Y ^ | AOI211XL | 0.124 |   0.359 |    9.631 | 
     | ack_rank_q_reg[7] | D ^         | DFFQXL   | 0.000 |   0.359 |    9.631 | 
     +-------------------------------------------------------------------------+ 
Path 33: MET Setup Check with Pin ack_rank_q_reg[5]/CK 
Endpoint:   ack_rank_q_reg[5]/D (^) checked with  leading edge of 'clk'
Beginpoint: req_sync_q_reg[5]/Q (^) triggered by  leading edge of 'clk'
Path Groups: {clk}
Analysis View: setup_view
Other End Arrival Time          0.001
- Setup                         0.164
+ Phase Shift                  10.000
- Uncertainty                   0.200
= Required Time                 9.637
- Arrival Time                  0.358
= Slack Time                    9.280
     Clock Rise Edge                 0.000
     + Clock Network Latency (Prop)  -0.000
     = Beginpoint Arrival Time       -0.000
     +-------------------------------------------------------------------------+ 
     |     Instance      |     Arc     |   Cell   | Delay | Arrival | Required | 
     |                   |             |          |       |  Time   |   Time   | 
     |-------------------+-------------+----------+-------+---------+----------| 
     | req_sync_q_reg[5] | CK ^        |          |       |  -0.000 |    9.279 | 
     | req_sync_q_reg[5] | CK ^ -> Q ^ | DFFHQX1  | 0.189 |   0.188 |    9.468 | 
     | g7017             | A ^ -> Y v  | INVXL    | 0.049 |   0.237 |    9.517 | 
     | g6969__1617       | B0 v -> Y ^ | AOI211XL | 0.120 |   0.358 |    9.637 | 
     | ack_rank_q_reg[5] | D ^         | DFFQXL   | 0.000 |   0.358 |    9.637 | 
     +-------------------------------------------------------------------------+ 
Path 34: MET Setup Check with Pin ack_rank_q_reg[15]/CK 
Endpoint:   ack_rank_q_reg[15]/D (^) checked with  leading edge of 'clk'
Beginpoint: req_sync_q_reg[14]/Q (^) triggered by  leading edge of 'clk'
Path Groups: {clk}
Analysis View: setup_view
Other End Arrival Time          0.001
- Setup                         0.158
+ Phase Shift                  10.000
- Uncertainty                   0.200
= Required Time                 9.643
- Arrival Time                  0.359
= Slack Time                    9.284
     Clock Rise Edge                 0.000
     + Clock Network Latency (Prop)  -0.000
     = Beginpoint Arrival Time       -0.000
     +--------------------------------------------------------------------------+ 
     |      Instance      |     Arc     |   Cell   | Delay | Arrival | Required | 
     |                    |             |          |       |  Time   |   Time   | 
     |--------------------+-------------+----------+-------+---------+----------| 
     | req_sync_q_reg[14] | CK ^        |          |       |  -0.000 |    9.284 | 
     | req_sync_q_reg[14] | CK ^ -> Q ^ | DFFHQX1  | 0.197 |   0.197 |    9.481 | 
     | g6999              | A ^ -> Y v  | INVXL    | 0.052 |   0.249 |    9.533 | 
     | g6966__5526        | B0 v -> Y ^ | AOI211XL | 0.110 |   0.359 |    9.643 | 
     | ack_rank_q_reg[15] | D ^         | DFFQXL   | 0.000 |   0.359 |    9.643 | 
     +--------------------------------------------------------------------------+ 
Path 35: MET Setup Check with Pin ack_rank_q_reg[12]/CK 
Endpoint:   ack_rank_q_reg[12]/D (^) checked with  leading edge of 'clk'
Beginpoint: req_sync_q_reg[12]/Q (^) triggered by  leading edge of 'clk'
Path Groups: {clk}
Analysis View: setup_view
Other End Arrival Time          0.001
- Setup                         0.170
+ Phase Shift                  10.000
- Uncertainty                   0.200
= Required Time                 9.631
- Arrival Time                  0.344
= Slack Time                    9.287
     Clock Rise Edge                 0.000
     + Clock Network Latency (Prop)  -0.000
     = Beginpoint Arrival Time       -0.000
     +--------------------------------------------------------------------------+ 
     |      Instance      |     Arc     |   Cell   | Delay | Arrival | Required | 
     |                    |             |          |       |  Time   |   Time   | 
     |--------------------+-------------+----------+-------+---------+----------| 
     | req_sync_q_reg[12] | CK ^        |          |       |  -0.000 |    9.287 | 
     | req_sync_q_reg[12] | CK ^ -> Q ^ | DFFHQX1  | 0.183 |   0.182 |    9.469 | 
     | g6997              | A ^ -> Y v  | INVXL    | 0.039 |   0.221 |    9.508 | 
     | g6961__2398        | B0 v -> Y ^ | AOI211XL | 0.123 |   0.344 |    9.631 | 
     | ack_rank_q_reg[12] | D ^         | DFFQXL   | 0.000 |   0.344 |    9.631 | 
     +--------------------------------------------------------------------------+ 
Path 36: MET Setup Check with Pin ack_rank_q_reg[4]/CK 
Endpoint:   ack_rank_q_reg[4]/D (^) checked with  leading edge of 'clk'
Beginpoint: req_sync_q_reg[4]/Q (^) triggered by  leading edge of 'clk'
Path Groups: {clk}
Analysis View: setup_view
Other End Arrival Time          0.001
- Setup                         0.158
+ Phase Shift                  10.000
- Uncertainty                   0.200
= Required Time                 9.643
- Arrival Time                  0.353
= Slack Time                    9.291
     Clock Rise Edge                 0.000
     + Clock Network Latency (Prop)  -0.000
     = Beginpoint Arrival Time       -0.000
     +-------------------------------------------------------------------------+ 
     |     Instance      |     Arc     |   Cell   | Delay | Arrival | Required | 
     |                   |             |          |       |  Time   |   Time   | 
     |-------------------+-------------+----------+-------+---------+----------| 
     | req_sync_q_reg[4] | CK ^        |          |       |  -0.000 |    9.290 | 
     | req_sync_q_reg[4] | CK ^ -> Q ^ | DFFHQX1  | 0.192 |   0.192 |    9.482 | 
     | g7016             | A ^ -> Y v  | INVXL    | 0.050 |   0.242 |    9.532 | 
     | g6968__3680       | B0 v -> Y ^ | AOI211XL | 0.111 |   0.353 |    9.643 | 
     | ack_rank_q_reg[4] | D ^         | DFFQXL   | 0.000 |   0.353 |    9.643 | 
     +-------------------------------------------------------------------------+ 
Path 37: MET Setup Check with Pin ack_rank_q_reg[6]/CK 
Endpoint:   ack_rank_q_reg[6]/D (^) checked with  leading edge of 'clk'
Beginpoint: req_sync_q_reg[7]/Q (^) triggered by  leading edge of 'clk'
Path Groups: {clk}
Analysis View: setup_view
Other End Arrival Time          0.001
- Setup                         0.158
+ Phase Shift                  10.000
- Uncertainty                   0.200
= Required Time                 9.643
- Arrival Time                  0.341
= Slack Time                    9.302
     Clock Rise Edge                 0.000
     + Clock Network Latency (Prop)  -0.000
     = Beginpoint Arrival Time       -0.000
     +-------------------------------------------------------------------------+ 
     |     Instance      |     Arc     |   Cell   | Delay | Arrival | Required | 
     |                   |             |          |       |  Time   |   Time   | 
     |-------------------+-------------+----------+-------+---------+----------| 
     | req_sync_q_reg[7] | CK ^        |          |       |  -0.000 |    9.302 | 
     | req_sync_q_reg[7] | CK ^ -> Q ^ | DFFHQX1  | 0.186 |   0.186 |    9.488 | 
     | g7023             | A ^ -> Y v  | INVXL    | 0.044 |   0.230 |    9.532 | 
     | g6971__6783       | B0 v -> Y ^ | AOI211XL | 0.111 |   0.341 |    9.643 | 
     | ack_rank_q_reg[6] | D ^         | DFFQXL   | 0.000 |   0.341 |    9.643 | 
     +-------------------------------------------------------------------------+ 

