###############################################################
#  Generated by:      Cadence Innovus 23.14-s088_1
#  OS:                Linux x86_64(Host ID <REMOTE_HOST>)
#  Generated on:      Wed Aug 26 16:59:40 2026
#  Design:            aer_pending_xor1_rank_reuse_sync_core_reset
#  Command:           report_timing -from [get_pins -hierarchical *req_meta_q_reg*/Q] -to [get_pins -hierarchical *req_sync_q_reg*/D] -max_paths 256 > [file join $report_dir postroute_cdc_setup_timing.rpt]
###############################################################
Path 1: MET Setup Check with Pin req_sync_q_reg[5]/CK 
Endpoint:   req_sync_q_reg[5]/D (^) checked with  leading edge of 'clk'
Beginpoint: req_meta_q_reg[5]/Q (^) triggered by  leading edge of '@'
Path Groups: {clk}
Analysis View: setup_view
Other End Arrival Time          0.001
- Setup                         0.133
+ Path Delay                    0.800
- Uncertainty                   0.200
= Required Time                 0.468
- Arrival Time                  0.000
= Slack Time                    0.468
     Clock Rise Edge                      0.000
     = Beginpoint Arrival Time            0.000
     +----------------------------------------------------------------+ 
     |     Instance      | Arc |  Cell   | Delay | Arrival | Required | 
     |                   |     |         |       |  Time   |   Time   | 
     |-------------------+-----+---------+-------+---------+----------| 
     | req_meta_q_reg[5] | Q ^ |         |       |   0.000 |    0.468 | 
     | req_sync_q_reg[5] | D ^ | DFFHQX1 | 0.000 |   0.000 |    0.468 | 
     +----------------------------------------------------------------+ 
Path 2: MET Setup Check with Pin req_sync_q_reg[10]/CK 
Endpoint:   req_sync_q_reg[10]/D (^) checked with  leading edge of 'clk'
Beginpoint: req_meta_q_reg[10]/Q (^) triggered by  leading edge of '@'
Path Groups: {clk}
Analysis View: setup_view
Other End Arrival Time          0.001
- Setup                         0.128
+ Path Delay                    0.800
- Uncertainty                   0.200
= Required Time                 0.473
- Arrival Time                  0.000
= Slack Time                    0.473
     Clock Rise Edge                      0.000
     = Beginpoint Arrival Time            0.000
     +-----------------------------------------------------------------+ 
     |      Instance      | Arc |  Cell   | Delay | Arrival | Required | 
     |                    |     |         |       |  Time   |   Time   | 
     |--------------------+-----+---------+-------+---------+----------| 
     | req_meta_q_reg[10] | Q ^ |         |       |   0.000 |    0.473 | 
     | req_sync_q_reg[10] | D ^ | DFFHQX1 | 0.000 |   0.000 |    0.473 | 
     +-----------------------------------------------------------------+ 
Path 3: MET Setup Check with Pin req_sync_q_reg[3]/CK 
Endpoint:   req_sync_q_reg[3]/D (^) checked with  leading edge of 'clk'
Beginpoint: req_meta_q_reg[3]/Q (^) triggered by  leading edge of '@'
Path Groups: {clk}
Analysis View: setup_view
Other End Arrival Time          0.001
- Setup                         0.126
+ Path Delay                    0.800
- Uncertainty                   0.200
= Required Time                 0.475
- Arrival Time                  0.000
= Slack Time                    0.475
     Clock Rise Edge                      0.000
     = Beginpoint Arrival Time            0.000
     +----------------------------------------------------------------+ 
     |     Instance      | Arc |  Cell   | Delay | Arrival | Required | 
     |                   |     |         |       |  Time   |   Time   | 
     |-------------------+-----+---------+-------+---------+----------| 
     | req_meta_q_reg[3] | Q ^ |         |       |   0.000 |    0.475 | 
     | req_sync_q_reg[3] | D ^ | DFFHQX1 | 0.000 |   0.000 |    0.475 | 
     +----------------------------------------------------------------+ 
Path 4: MET Setup Check with Pin req_sync_q_reg[11]/CK 
Endpoint:   req_sync_q_reg[11]/D (^) checked with  leading edge of 'clk'
Beginpoint: req_meta_q_reg[11]/Q (^) triggered by  leading edge of '@'
Path Groups: {clk}
Analysis View: setup_view
Other End Arrival Time          0.001
- Setup                         0.126
+ Path Delay                    0.800
- Uncertainty                   0.200
= Required Time                 0.475
- Arrival Time                  0.000
= Slack Time                    0.475
     Clock Rise Edge                      0.000
     = Beginpoint Arrival Time            0.000
     +-----------------------------------------------------------------+ 
     |      Instance      | Arc |  Cell   | Delay | Arrival | Required | 
     |                    |     |         |       |  Time   |   Time   | 
     |--------------------+-----+---------+-------+---------+----------| 
     | req_meta_q_reg[11] | Q ^ |         |       |   0.000 |    0.475 | 
     | req_sync_q_reg[11] | D ^ | DFFHQX1 | 0.000 |   0.000 |    0.475 | 
     +-----------------------------------------------------------------+ 
Path 5: MET Setup Check with Pin req_sync_q_reg[0]/CK 
Endpoint:   req_sync_q_reg[0]/D (^) checked with  leading edge of 'clk'
Beginpoint: req_meta_q_reg[0]/Q (^) triggered by  leading edge of '@'
Path Groups: {clk}
Analysis View: setup_view
Other End Arrival Time          0.001
- Setup                         0.126
+ Path Delay                    0.800
- Uncertainty                   0.200
= Required Time                 0.475
- Arrival Time                  0.000
= Slack Time                    0.475
     Clock Rise Edge                      0.000
     = Beginpoint Arrival Time            0.000
     +----------------------------------------------------------------+ 
     |     Instance      | Arc |  Cell   | Delay | Arrival | Required | 
     |                   |     |         |       |  Time   |   Time   | 
     |-------------------+-----+---------+-------+---------+----------| 
     | req_meta_q_reg[0] | Q ^ |         |       |   0.000 |    0.475 | 
     | req_sync_q_reg[0] | D ^ | DFFHQX1 | 0.000 |   0.000 |    0.475 | 
     +----------------------------------------------------------------+ 
Path 6: MET Setup Check with Pin req_sync_q_reg[7]/CK 
Endpoint:   req_sync_q_reg[7]/D (^) checked with  leading edge of 'clk'
Beginpoint: req_meta_q_reg[7]/Q (^) triggered by  leading edge of '@'
Path Groups: {clk}
Analysis View: setup_view
Other End Arrival Time          0.001
- Setup                         0.126
+ Path Delay                    0.800
- Uncertainty                   0.200
= Required Time                 0.475
- Arrival Time                  0.000
= Slack Time                    0.475
     Clock Rise Edge                      0.000
     = Beginpoint Arrival Time            0.000
     +----------------------------------------------------------------+ 
     |     Instance      | Arc |  Cell   | Delay | Arrival | Required | 
     |                   |     |         |       |  Time   |   Time   | 
     |-------------------+-----+---------+-------+---------+----------| 
     | req_meta_q_reg[7] | Q ^ |         |       |   0.000 |    0.475 | 
     | req_sync_q_reg[7] | D ^ | DFFHQX1 | 0.000 |   0.000 |    0.475 | 
     +----------------------------------------------------------------+ 
Path 7: MET Setup Check with Pin req_sync_q_reg[15]/CK 
Endpoint:   req_sync_q_reg[15]/D (^) checked with  leading edge of 'clk'
Beginpoint: req_meta_q_reg[15]/Q (^) triggered by  leading edge of '@'
Path Groups: {clk}
Analysis View: setup_view
Other End Arrival Time          0.001
- Setup                         0.126
+ Path Delay                    0.800
- Uncertainty                   0.200
= Required Time                 0.475
- Arrival Time                  0.000
= Slack Time                    0.475
     Clock Rise Edge                      0.000
     = Beginpoint Arrival Time            0.000
     +-----------------------------------------------------------------+ 
     |      Instance      | Arc |  Cell   | Delay | Arrival | Required | 
     |                    |     |         |       |  Time   |   Time   | 
     |--------------------+-----+---------+-------+---------+----------| 
     | req_meta_q_reg[15] | Q ^ |         |       |   0.000 |    0.475 | 
     | req_sync_q_reg[15] | D ^ | DFFHQX1 | 0.000 |   0.000 |    0.475 | 
     +-----------------------------------------------------------------+ 
Path 8: MET Setup Check with Pin req_sync_q_reg[14]/CK 
Endpoint:   req_sync_q_reg[14]/D (^) checked with  leading edge of 'clk'
Beginpoint: req_meta_q_reg[14]/Q (^) triggered by  leading edge of '@'
Path Groups: {clk}
Analysis View: setup_view
Other End Arrival Time          0.001
- Setup                         0.125
+ Path Delay                    0.800
- Uncertainty                   0.200
= Required Time                 0.476
- Arrival Time                  0.000
= Slack Time                    0.476
     Clock Rise Edge                      0.000
     = Beginpoint Arrival Time            0.000
     +-----------------------------------------------------------------+ 
     |      Instance      | Arc |  Cell   | Delay | Arrival | Required | 
     |                    |     |         |       |  Time   |   Time   | 
     |--------------------+-----+---------+-------+---------+----------| 
     | req_meta_q_reg[14] | Q ^ |         |       |   0.000 |    0.476 | 
     | req_sync_q_reg[14] | D ^ | DFFHQX1 | 0.000 |   0.000 |    0.476 | 
     +-----------------------------------------------------------------+ 
Path 9: MET Setup Check with Pin req_sync_q_reg[4]/CK 
Endpoint:   req_sync_q_reg[4]/D (^) checked with  leading edge of 'clk'
Beginpoint: req_meta_q_reg[4]/Q (^) triggered by  leading edge of '@'
Path Groups: {clk}
Analysis View: setup_view
Other End Arrival Time          0.001
- Setup                         0.125
+ Path Delay                    0.800
- Uncertainty                   0.200
= Required Time                 0.476
- Arrival Time                  0.000
= Slack Time                    0.476
     Clock Rise Edge                      0.000
     = Beginpoint Arrival Time            0.000
     +----------------------------------------------------------------+ 
     |     Instance      | Arc |  Cell   | Delay | Arrival | Required | 
     |                   |     |         |       |  Time   |   Time   | 
     |-------------------+-----+---------+-------+---------+----------| 
     | req_meta_q_reg[4] | Q ^ |         |       |   0.000 |    0.476 | 
     | req_sync_q_reg[4] | D ^ | DFFHQX1 | 0.000 |   0.000 |    0.476 | 
     +----------------------------------------------------------------+ 
Path 10: MET Setup Check with Pin req_sync_q_reg[1]/CK 
Endpoint:   req_sync_q_reg[1]/D (^) checked with  leading edge of 'clk'
Beginpoint: req_meta_q_reg[1]/Q (^) triggered by  leading edge of '@'
Path Groups: {clk}
Analysis View: setup_view
Other End Arrival Time          0.001
- Setup                         0.124
+ Path Delay                    0.800
- Uncertainty                   0.200
= Required Time                 0.477
- Arrival Time                  0.000
= Slack Time                    0.477
     Clock Rise Edge                      0.000
     = Beginpoint Arrival Time            0.000
     +----------------------------------------------------------------+ 
     |     Instance      | Arc |  Cell   | Delay | Arrival | Required | 
     |                   |     |         |       |  Time   |   Time   | 
     |-------------------+-----+---------+-------+---------+----------| 
     | req_meta_q_reg[1] | Q ^ |         |       |   0.000 |    0.477 | 
     | req_sync_q_reg[1] | D ^ | DFFHQX1 | 0.000 |   0.000 |    0.477 | 
     +----------------------------------------------------------------+ 
Path 11: MET Setup Check with Pin req_sync_q_reg[9]/CK 
Endpoint:   req_sync_q_reg[9]/D (^) checked with  leading edge of 'clk'
Beginpoint: req_meta_q_reg[9]/Q (^) triggered by  leading edge of '@'
Path Groups: {clk}
Analysis View: setup_view
Other End Arrival Time          0.001
- Setup                         0.123
+ Path Delay                    0.800
- Uncertainty                   0.200
= Required Time                 0.478
- Arrival Time                  0.000
= Slack Time                    0.478
     Clock Rise Edge                      0.000
     = Beginpoint Arrival Time            0.000
     +----------------------------------------------------------------+ 
     |     Instance      | Arc |  Cell   | Delay | Arrival | Required | 
     |                   |     |         |       |  Time   |   Time   | 
     |-------------------+-----+---------+-------+---------+----------| 
     | req_meta_q_reg[9] | Q ^ |         |       |   0.000 |    0.478 | 
     | req_sync_q_reg[9] | D ^ | DFFHQX1 | 0.000 |   0.000 |    0.478 | 
     +----------------------------------------------------------------+ 
Path 12: MET Setup Check with Pin req_sync_q_reg[12]/CK 
Endpoint:   req_sync_q_reg[12]/D (^) checked with  leading edge of 'clk'
Beginpoint: req_meta_q_reg[12]/Q (^) triggered by  leading edge of '@'
Path Groups: {clk}
Analysis View: setup_view
Other End Arrival Time          0.001
- Setup                         0.123
+ Path Delay                    0.800
- Uncertainty                   0.200
= Required Time                 0.478
- Arrival Time                  0.000
= Slack Time                    0.478
     Clock Rise Edge                      0.000
     = Beginpoint Arrival Time            0.000
     +-----------------------------------------------------------------+ 
     |      Instance      | Arc |  Cell   | Delay | Arrival | Required | 
     |                    |     |         |       |  Time   |   Time   | 
     |--------------------+-----+---------+-------+---------+----------| 
     | req_meta_q_reg[12] | Q ^ |         |       |   0.000 |    0.478 | 
     | req_sync_q_reg[12] | D ^ | DFFHQX1 | 0.000 |   0.000 |    0.478 | 
     +-----------------------------------------------------------------+ 
Path 13: MET Setup Check with Pin req_sync_q_reg[2]/CK 
Endpoint:   req_sync_q_reg[2]/D (^) checked with  leading edge of 'clk'
Beginpoint: req_meta_q_reg[2]/Q (^) triggered by  leading edge of '@'
Path Groups: {clk}
Analysis View: setup_view
Other End Arrival Time          0.001
- Setup                         0.122
+ Path Delay                    0.800
- Uncertainty                   0.200
= Required Time                 0.479
- Arrival Time                  0.000
= Slack Time                    0.479
     Clock Rise Edge                      0.000
     = Beginpoint Arrival Time            0.000
     +----------------------------------------------------------------+ 
     |     Instance      | Arc |  Cell   | Delay | Arrival | Required | 
     |                   |     |         |       |  Time   |   Time   | 
     |-------------------+-----+---------+-------+---------+----------| 
     | req_meta_q_reg[2] | Q ^ |         |       |   0.000 |    0.479 | 
     | req_sync_q_reg[2] | D ^ | DFFHQX1 | 0.000 |   0.000 |    0.479 | 
     +----------------------------------------------------------------+ 
Path 14: MET Setup Check with Pin req_sync_q_reg[6]/CK 
Endpoint:   req_sync_q_reg[6]/D (^) checked with  leading edge of 'clk'
Beginpoint: req_meta_q_reg[6]/Q (^) triggered by  leading edge of '@'
Path Groups: {clk}
Analysis View: setup_view
Other End Arrival Time          0.001
- Setup                         0.122
+ Path Delay                    0.800
- Uncertainty                   0.200
= Required Time                 0.479
- Arrival Time                  0.000
= Slack Time                    0.479
     Clock Rise Edge                      0.000
     = Beginpoint Arrival Time            0.000
     +----------------------------------------------------------------+ 
     |     Instance      | Arc |  Cell   | Delay | Arrival | Required | 
     |                   |     |         |       |  Time   |   Time   | 
     |-------------------+-----+---------+-------+---------+----------| 
     | req_meta_q_reg[6] | Q ^ |         |       |   0.000 |    0.479 | 
     | req_sync_q_reg[6] | D ^ | DFFHQX1 | 0.000 |   0.000 |    0.479 | 
     +----------------------------------------------------------------+ 
Path 15: MET Setup Check with Pin req_sync_q_reg[8]/CK 
Endpoint:   req_sync_q_reg[8]/D (^) checked with  leading edge of 'clk'
Beginpoint: req_meta_q_reg[8]/Q (^) triggered by  leading edge of '@'
Path Groups: {clk}
Analysis View: setup_view
Other End Arrival Time          0.001
- Setup                         0.122
+ Path Delay                    0.800
- Uncertainty                   0.200
= Required Time                 0.479
- Arrival Time                  0.000
= Slack Time                    0.479
     Clock Rise Edge                      0.000
     = Beginpoint Arrival Time            0.000
     +----------------------------------------------------------------+ 
     |     Instance      | Arc |  Cell   | Delay | Arrival | Required | 
     |                   |     |         |       |  Time   |   Time   | 
     |-------------------+-----+---------+-------+---------+----------| 
     | req_meta_q_reg[8] | Q ^ |         |       |   0.000 |    0.479 | 
     | req_sync_q_reg[8] | D ^ | DFFHQX1 | 0.000 |   0.000 |    0.479 | 
     +----------------------------------------------------------------+ 
Path 16: MET Setup Check with Pin req_sync_q_reg[13]/CK 
Endpoint:   req_sync_q_reg[13]/D (^) checked with  leading edge of 'clk'
Beginpoint: req_meta_q_reg[13]/Q (^) triggered by  leading edge of '@'
Path Groups: {clk}
Analysis View: setup_view
Other End Arrival Time          0.001
- Setup                         0.122
+ Path Delay                    0.800
- Uncertainty                   0.200
= Required Time                 0.479
- Arrival Time                  0.000
= Slack Time                    0.479
     Clock Rise Edge                      0.000
     = Beginpoint Arrival Time            0.000
     +-----------------------------------------------------------------+ 
     |      Instance      | Arc |  Cell   | Delay | Arrival | Required | 
     |                    |     |         |       |  Time   |   Time   | 
     |--------------------+-----+---------+-------+---------+----------| 
     | req_meta_q_reg[13] | Q ^ |         |       |   0.000 |    0.479 | 
     | req_sync_q_reg[13] | D ^ | DFFHQX1 | 0.000 |   0.000 |    0.479 | 
     +-----------------------------------------------------------------+ 

